[0] Tablero 8x8, 10 colores, 12 hilos
[1] Esquinas juntas: las esquinas son parte de la búsqueda; un solo recorrido para todos los grupos
    grupo 1, orden menos opciones: estimado 7.19e+13 nodos
    grupo 1, orden interior primero: estimado 3.57e+12 nodos
[1] Estimado de Knuth por grupo (nodos): 3.57e+12(i)   (i) = interior primero
[2] Grupo 1/1: ruta unificada (mapas por lado), orden: interior primero; grupo grande: 3 estrategias a la vez (normal, pieza menos restrictiva, reinicios)
    ... 5.0 s | grupo 1/1 | 3682382 nodos | revisado 1.05e-04%, faltan ~22 días [interior primero 1.05e-04%, interior primero + pieza menos restrictiva 4.73e-07%, reinicios, interior primero 1.0%] (Knuth: ~23 días) | máximo colocado 50 de 64 | hilos 8 de 12
    ... 7.0 s | grupo 1/1 | 7401562 nodos | revisado 2.06e-04%, faltan ~23 días [interior primero 2.06e-04%, interior primero + pieza menos restrictiva 1.26e-06%, reinicios, interior primero 1.0%] (Knuth: ~22 días) | máximo colocado 50 de 64 | hilos 8 de 12
    ... 9.1 s | grupo 1/1 | 11106074 nodos | revisado 2.92e-04%, faltan ~24 días [interior primero 2.92e-04%, interior primero + pieza menos restrictiva 2.49e-06%, reinicios, interior primero 2.0%] (Knuth: ~22 días) | máximo colocado 51 de 64 | hilos 8 de 12
    ... 11.1 s | grupo 1/1 | 14811201 nodos | revisado 4.21e-04%, faltan ~22 días [interior primero 4.21e-04%, interior primero + pieza menos restrictiva 4.01e-06%, reinicios, interior primero 2.0%] (Knuth: ~22 días) | máximo colocado 51 de 64 | hilos 8 de 12
    ... 13.1 s | grupo 1/1 | 18548453 nodos | revisado 5.12e-04%, faltan ~23 días [interior primero 5.12e-04%, interior primero + pieza menos restrictiva 4.75e-06%, reinicios, interior primero 4.0%] (Knuth: ~22 días) | máximo colocado 51 de 64 | hilos 8 de 12
    ... 15.1 s | grupo 1/1 | 22250486 nodos | revisado 6.20e-04%, faltan ~23 días [interior primero 6.20e-04%, interior primero + pieza menos restrictiva 6.22e-06%, reinicios, interior primero 6.0%] (Knuth: ~22 días) | máximo colocado 51 de 64 | hilos 8 de 12
    ... 17.1 s | grupo 1/1 | 26007213 nodos | revisado 7.13e-04%, faltan ~23 días [interior primero 7.13e-04%, interior primero + pieza menos restrictiva 7.21e-06%, reinicios, interior primero 8.0%] (Knuth: ~22 días) | máximo colocado 51 de 64 | hilos 8 de 12
    ... 19.1 s | grupo 1/1 | 29756266 nodos | revisado 7.85e-04%, faltan ~24 días [interior primero 7.85e-04%, interior primero + pieza menos restrictiva 9.20e-06%, reinicios, interior primero 8.0%] (Knuth: ~22 días) | máximo colocado 51 de 64 | hilos 8 de 12
    ... 21.1 s | grupo 1/1 | 33531675 nodos | revisado 8.67e-04%, faltan ~24 días [interior primero 8.67e-04%, interior primero + pieza menos restrictiva 1.12e-05%, reinicios, interior primero 9.0%] (Knuth: ~22 días) | máximo colocado 51 de 64 | hilos 8 de 12
    ... 23.2 s | grupo 1/1 | 37252846 nodos | revisado 9.34e-04%, faltan ~25 días [interior primero 9.34e-04%, interior primero + pieza menos restrictiva 1.34e-05%, reinicios, interior primero 9.0%] (Knuth: ~22 días) | máximo colocado 51 de 64 | hilos 8 de 12
    ... 25.2 s | grupo 1/1 | 40956030 nodos | revisado 9.90e-04%, faltan ~26 días [interior primero 9.90e-04%, interior primero + pieza menos restrictiva 1.54e-05%, reinicios, interior primero 11.0%] (Knuth: ~22 días) | máximo colocado 51 de 64 | hilos 8 de 12
    ... 27.2 s | grupo 1/1 | 44720253 nodos | revisado 1.04e-03%, faltan ~27 días [interior primero 1.04e-03%, interior primero + pieza menos restrictiva 1.75e-05%, reinicios, interior primero 12.0%] (Knuth: ~22 días) | máximo colocado 51 de 64 | hilos 8 de 12
    ... 29.2 s | grupo 1/1 | 48459443 nodos | revisado 1.12e-03%, faltan ~27 días [interior primero 1.12e-03%, interior primero + pieza menos restrictiva 1.97e-05%, reinicios, interior primero 12.0%] (Knuth: ~22 días) | máximo colocado 51 de 64 | hilos 8 de 12
    ... 31.2 s | grupo 1/1 | 52203680 nodos | revisado 1.19e-03%, faltan ~27 días [interior primero 1.19e-03%, interior primero + pieza menos restrictiva 2.22e-05%, reinicios, interior primero 15.0%] (Knuth: ~22 días) | máximo colocado 51 de 64 | hilos 8 de 12
    ... 33.2 s | grupo 1/1 | 55957031 nodos | revisado 1.27e-03%, faltan ~28 días [interior primero 1.27e-03%, interior primero + pieza menos restrictiva 2.48e-05%, reinicios, interior primero 15.0%] (Knuth: ~22 días) | máximo colocado 51 de 64 | hilos 8 de 12
    ... 35.3 s | grupo 1/1 | 59581271 nodos | revisado 1.32e-03%, faltan ~28 días [interior primero 1.32e-03%, interior primero + pieza menos restrictiva 2.69e-05%, reinicios, interior primero 17.0%] (Knuth: ~22 días) | máximo colocado 51 de 64 | hilos 8 de 12
    ... 37.3 s | grupo 1/1 | 63317947 nodos | revisado 1.39e-03%, faltan ~29 días [interior primero 1.39e-03%, interior primero + pieza menos restrictiva 4.74e-05%, reinicios, interior primero 18.0%] (Knuth: ~22 días) | máximo colocado 51 de 64 | hilos 8 de 12
    ... 39.3 s | grupo 1/1 | 67083014 nodos | revisado 1.46e-03%, faltan ~29 días [interior primero 1.46e-03%, interior primero + pieza menos restrictiva 4.86e-05%, reinicios, interior primero 20.0%] (Knuth: ~22 días) | máximo colocado 51 de 64 | hilos 8 de 12
    ... 41.3 s | grupo 1/1 | 70877314 nodos | revisado 1.54e-03%, faltan ~29 días [interior primero 1.54e-03%, interior primero + pieza menos restrictiva 4.98e-05%, reinicios, interior primero 20.0%] (Knuth: ~22 días) | máximo colocado 52 de 64 | hilos 8 de 12
    ... 43.3 s | grupo 1/1 | 74664951 nodos | revisado 1.56e-03%, faltan ~30 días [interior primero 1.56e-03%, interior primero + pieza menos restrictiva 5.12e-05%, reinicios, interior primero 20.0%] (Knuth: ~22 días) | máximo colocado 52 de 64 | hilos 8 de 12
    ... 45.3 s | grupo 1/1 | 78407710 nodos | revisado 1.60e-03%, faltan ~31 días [interior primero 1.60e-03%, interior primero + pieza menos restrictiva 5.28e-05%, reinicios, interior primero 21.0%] (Knuth: ~22 días) | máximo colocado 52 de 64 | hilos 8 de 12
    ... 47.3 s | grupo 1/1 | 82071683 nodos | revisado 1.63e-03%, faltan ~31 días [interior primero 1.63e-03%, interior primero + pieza menos restrictiva 5.47e-05%, reinicios, interior primero 22.0%] (Knuth: ~22 días) | máximo colocado 52 de 64 | hilos 8 de 12
    ... 49.3 s | grupo 1/1 | 85699236 nodos | revisado 1.66e-03%, faltan ~32 días [interior primero 1.66e-03%, interior primero + pieza menos restrictiva 5.73e-05%, reinicios, interior primero 22.0%] (Knuth: ~22 días) | máximo colocado 52 de 64 | hilos 8 de 12
    ... 51.3 s | grupo 1/1 | 89357870 nodos | revisado 1.81e-03%, faltan ~31 días [interior primero 1.81e-03%, interior primero + pieza menos restrictiva 5.86e-05%, reinicios, interior primero 22.0%] (Knuth: ~22 días) | máximo colocado 52 de 64 | hilos 8 de 12
    ... 53.4 s | grupo 1/1 | 92956015 nodos | revisado 1.87e-03%, faltan ~31 días [interior primero 1.87e-03%, interior primero + pieza menos restrictiva 5.98e-05%, reinicios, interior primero 22.0%] (Knuth: ~22 días) | máximo colocado 52 de 64 | hilos 8 de 12
    ... 55.4 s | grupo 1/1 | 96579336 nodos | revisado 1.96e-03%, faltan ~31 días [interior primero 1.96e-03%, interior primero + pieza menos restrictiva 6.14e-05%, reinicios, interior primero 23.0%] (Knuth: ~22 días) | máximo colocado 52 de 64 | hilos 8 de 12
    ... 57.4 s | grupo 1/1 | 100256897 nodos | revisado 2.03e-03%, faltan ~31 días [interior primero 2.03e-03%, interior primero + pieza menos restrictiva 6.50e-05%, reinicios, interior primero 23.0%] (Knuth: ~22 días) | máximo colocado 52 de 64 | hilos 8 de 12
    ... 59.4 s | grupo 1/1 | 103916375 nodos | revisado 2.21e-03%, faltan ~30 días [interior primero 2.21e-03%, interior primero + pieza menos restrictiva 6.73e-05%, reinicios, interior primero 24.0%] (Knuth: ~22 días) | máximo colocado 52 de 64 | hilos 8 de 12
    ... 61.4 s | grupo 1/1 | 107578727 nodos | revisado 2.30e-03%, faltan ~29 días [interior primero 2.30e-03%, interior primero + pieza menos restrictiva 6.97e-05%, reinicios, interior primero 24.0%] (Knuth: ~22 días) | máximo colocado 52 de 64 | hilos 8 de 12
    ... 63.4 s | grupo 1/1 | 111282997 nodos | revisado 2.39e-03%, faltan ~29 días [interior primero 2.39e-03%, interior primero + pieza menos restrictiva 7.19e-05%, reinicios, interior primero 25.0%] (Knuth: ~22 días) | máximo colocado 52 de 64 | hilos 8 de 12
    ... 65.4 s | grupo 1/1 | 114934228 nodos | revisado 2.43e-03%, faltan ~30 días [interior primero 2.43e-03%, interior primero + pieza menos restrictiva 7.84e-05%, reinicios, interior primero 25.0%] (Knuth: ~22 días) | máximo colocado 54 de 64 | hilos 8 de 12
    ... 67.4 s | grupo 1/1 | 118636349 nodos | revisado 2.64e-03%, faltan ~28 días [interior primero 2.64e-03%, interior primero + pieza menos restrictiva 8.07e-05%, reinicios, interior primero 28.0%] (Knuth: ~22 días) | máximo colocado 54 de 64 | hilos 8 de 12
    ... 69.5 s | grupo 1/1 | 122339235 nodos | revisado 2.74e-03%, faltan ~28 días [interior primero 2.74e-03%, interior primero + pieza menos restrictiva 8.33e-05%, reinicios, interior primero 30.0%] (Knuth: ~22 días) | máximo colocado 54 de 64 | hilos 8 de 12
    ... 71.5 s | grupo 1/1 | 125989887 nodos | revisado 2.80e-03%, faltan ~28 días [interior primero 2.80e-03%, interior primero + pieza menos restrictiva 8.69e-05%, reinicios, interior primero 31.0%] (Knuth: ~22 días) | máximo colocado 54 de 64 | hilos 8 de 12
    ... 73.5 s | grupo 1/1 | 129613627 nodos | revisado 2.85e-03%, faltan ~29 días [interior primero 2.85e-03%, interior primero + pieza menos restrictiva 9.15e-05%, reinicios, interior primero 33.0%] (Knuth: ~22 días) | máximo colocado 54 de 64 | hilos 8 de 12
    ... 75.5 s | grupo 1/1 | 133244484 nodos | revisado 2.90e-03%, faltan ~29 días [interior primero 2.90e-03%, interior primero + pieza menos restrictiva 9.70e-05%, reinicios, interior primero 34.0%] (Knuth: ~22 días) | máximo colocado 54 de 64 | hilos 8 de 12
    ... 77.5 s | grupo 1/1 | 136904911 nodos | revisado 2.95e-03%, faltan ~29 días [interior primero 2.95e-03%, interior primero + pieza menos restrictiva 1.07e-04%, reinicios, interior primero 34.0%] (Knuth: ~22 días) | máximo colocado 54 de 64 | hilos 8 de 12
    ... 79.5 s | grupo 1/1 | 140583468 nodos | revisado 2.98e-03%, faltan ~30 días [interior primero 2.98e-03%, interior primero + pieza menos restrictiva 1.12e-04%, reinicios, interior primero 38.0%] (Knuth: ~22 días) | máximo colocado 54 de 64 | hilos 8 de 12
    ... 81.5 s | grupo 1/1 | 144307838 nodos | revisado 3.03e-03%, faltan ~30 días [interior primero 3.03e-03%, interior primero + pieza menos restrictiva 1.14e-04%, reinicios, interior primero 38.0%] (Knuth: ~22 días) | máximo colocado 54 de 64 | hilos 8 de 12
    ... 83.6 s | grupo 1/1 | 148006905 nodos | revisado 3.06e-03%, faltan ~30 días [interior primero 3.06e-03%, interior primero + pieza menos restrictiva 1.21e-04%, reinicios, interior primero 39.0%] (Knuth: ~22 días) | máximo colocado 54 de 64 | hilos 8 de 12
    ... 85.6 s | grupo 1/1 | 151636078 nodos | revisado 3.13e-03%, faltan ~30 días [interior primero 3.13e-03%, interior primero + pieza menos restrictiva 1.44e-04%, reinicios, interior primero 39.0%] (Knuth: ~22 días) | máximo colocado 54 de 64 | hilos 8 de 12
    ... 87.6 s | grupo 1/1 | 155341893 nodos | revisado 3.21e-03%, faltan ~31 días [interior primero 3.21e-03%, interior primero + pieza menos restrictiva 1.46e-04%, reinicios, interior primero 40.0%] (Knuth: ~22 días) | máximo colocado 54 de 64 | hilos 8 de 12
    portafolio: encontró la solución el equipo "reinicios, interior primero" (nodos: interior primero 58599424, interior primero + pieza menos restrictiva 44450816, reinicios, interior primero 55473844)
[4] Grupo 1: SOLUCIÓN. Verificación: OK
[5] Tiempo total: 89 s
RESULTADO resuelto=1 ms=89318.8 marcos=0 nodos=158524084 grupos=1/1 hilos=12 t_marcos=0.000 t_interior=86.311 lados=0 unificado=1 max_colocadas=64
