[0] Tablero 8x8, 11 colores, 12 hilos
[1] Esquinas juntas: las esquinas son parte de la búsqueda; un solo recorrido para todos los grupos
    grupo 1, orden menos opciones: estimado 1.01e+13 nodos
    grupo 1, orden interior primero: estimado 2.17e+12 nodos
[1] Estimado de Knuth por grupo (nodos): 2.17e+12(i)   (i) = interior primero
[2] Grupo 1/1: ruta unificada (mapas por lado), orden: interior primero; grupo grande: 3 estrategias a la vez (normal, pieza menos restrictiva, reinicios)
    ... 5.0 s | grupo 1/1 | 3542345 nodos | revisado 2.40e-05%, faltan ~97 días [interior primero 2.40e-05%, interior primero + pieza menos restrictiva 3.82e-06%, reinicios, interior primero 4.14e-04%] (Knuth: ~14 días) | máximo colocado 50 de 64 | hilos 8 de 12
    ... 7.0 s | grupo 1/1 | 7115533 nodos | revisado 5.85e-05%, faltan ~80 días [interior primero 5.85e-05%, interior primero + pieza menos restrictiva 1.56e-05%, reinicios, interior primero 7.95e-04%] (Knuth: ~14 días) | máximo colocado 51 de 64 | hilos 8 de 12
    ... 9.0 s | grupo 1/1 | 10679225 nodos | revisado 1.11e-04%, faltan ~63 días [interior primero 1.11e-04%, interior primero + pieza menos restrictiva 2.56e-05%, reinicios, interior primero 1.31e-03%] (Knuth: ~14 días) | máximo colocado 52 de 64 | hilos 8 de 12
    ... 11.0 s | grupo 1/1 | 14210477 nodos | revisado 1.44e-04%, faltan ~65 días [interior primero 1.44e-04%, interior primero + pieza menos restrictiva 3.46e-05%, reinicios, interior primero 1.48e-03%] (Knuth: ~14 días) | máximo colocado 52 de 64 | hilos 8 de 12
    ... 13.1 s | grupo 1/1 | 17790880 nodos | revisado 1.80e-04%, faltan ~65 días [interior primero 1.80e-04%, interior primero + pieza menos restrictiva 4.62e-05%, reinicios, interior primero 1.59e-03%] (Knuth: ~14 días) | máximo colocado 52 de 64 | hilos 8 de 12
    ... 15.1 s | grupo 1/1 | 21303689 nodos | revisado 2.50e-04%, faltan ~56 días [interior primero 2.50e-04%, interior primero + pieza menos restrictiva 5.47e-05%, reinicios, interior primero 1.91e-03%] (Knuth: ~14 días) | máximo colocado 52 de 64 | hilos 8 de 12
    ... 17.1 s | grupo 1/1 | 24743136 nodos | revisado 2.80e-04%, faltan ~58 días [interior primero 2.80e-04%, interior primero + pieza menos restrictiva 6.24e-05%, reinicios, interior primero 2.12e-03%] (Knuth: ~14 días) | máximo colocado 52 de 64 | hilos 8 de 12
    ... 19.1 s | grupo 1/1 | 28357213 nodos | revisado 3.32e-04%, faltan ~56 días [interior primero 3.32e-04%, interior primero + pieza menos restrictiva 6.95e-05%, reinicios, interior primero 2.32e-03%] (Knuth: ~14 días) | máximo colocado 52 de 64 | hilos 8 de 12
    ... 21.1 s | grupo 1/1 | 31956184 nodos | revisado 3.63e-04%, faltan ~58 días [interior primero 3.63e-04%, interior primero + pieza menos restrictiva 8.10e-05%, reinicios, interior primero 2.56e-03%] (Knuth: ~14 días) | máximo colocado 53 de 64 | hilos 8 de 12
    ... 23.1 s | grupo 1/1 | 35552509 nodos | revisado 3.84e-04%, faltan ~61 días [interior primero 3.84e-04%, interior primero + pieza menos restrictiva 9.06e-05%, reinicios, interior primero 2.78e-03%] (Knuth: ~14 días) | máximo colocado 53 de 64 | hilos 8 de 12
    ... 25.1 s | grupo 1/1 | 39183298 nodos | revisado 4.23e-04%, faltan ~61 días [interior primero 4.23e-04%, interior primero + pieza menos restrictiva 1.07e-04%, reinicios, interior primero 3.13e-03%] (Knuth: ~14 días) | máximo colocado 53 de 64 | hilos 8 de 12
    ... 27.1 s | grupo 1/1 | 42749157 nodos | revisado 4.67e-04%, faltan ~60 días [interior primero 4.67e-04%, interior primero + pieza menos restrictiva 1.21e-04%, reinicios, interior primero 3.30e-03%] (Knuth: ~14 días) | máximo colocado 53 de 64 | hilos 8 de 12
    ... 29.2 s | grupo 1/1 | 46351693 nodos | revisado 5.44e-04%, faltan ~56 días [interior primero 5.44e-04%, interior primero + pieza menos restrictiva 1.32e-04%, reinicios, interior primero 3.54e-03%] (Knuth: ~14 días) | máximo colocado 53 de 64 | hilos 8 de 12
    ... 31.2 s | grupo 1/1 | 49957487 nodos | revisado 6.26e-04%, faltan ~52 días [interior primero 6.26e-04%, interior primero + pieza menos restrictiva 1.40e-04%, reinicios, interior primero 3.76e-03%] (Knuth: ~14 días) | máximo colocado 53 de 64 | hilos 8 de 12
    ... 33.2 s | grupo 1/1 | 53577264 nodos | revisado 6.64e-04%, faltan ~53 días [interior primero 6.64e-04%, interior primero + pieza menos restrictiva 1.49e-04%, reinicios, interior primero 3.95e-03%] (Knuth: ~14 días) | máximo colocado 53 de 64 | hilos 8 de 12
    ... 35.2 s | grupo 1/1 | 57157133 nodos | revisado 6.89e-04%, faltan ~54 días [interior primero 6.89e-04%, interior primero + pieza menos restrictiva 1.60e-04%, reinicios, interior primero 4.09e-03%] (Knuth: ~14 días) | máximo colocado 55 de 64 | hilos 8 de 12
    ... 37.2 s | grupo 1/1 | 60717825 nodos | revisado 7.19e-04%, faltan ~55 días [interior primero 7.19e-04%, interior primero + pieza menos restrictiva 1.72e-04%, reinicios, interior primero 4.33e-03%] (Knuth: ~14 días) | máximo colocado 55 de 64 | hilos 8 de 12
    ... 39.2 s | grupo 1/1 | 64304183 nodos | revisado 7.45e-04%, faltan ~56 días [interior primero 7.45e-04%, interior primero + pieza menos restrictiva 1.83e-04%, reinicios, interior primero 4.60e-03%] (Knuth: ~14 días) | máximo colocado 55 de 64 | hilos 8 de 12
    ... 41.2 s | grupo 1/1 | 67872121 nodos | revisado 7.74e-04%, faltan ~57 días [interior primero 7.74e-04%, interior primero + pieza menos restrictiva 1.92e-04%, reinicios, interior primero 4.81e-03%] (Knuth: ~14 días) | máximo colocado 55 de 64 | hilos 8 de 12
    ... 43.3 s | grupo 1/1 | 71501443 nodos | revisado 8.08e-04%, faltan ~58 días [interior primero 8.08e-04%, interior primero + pieza menos restrictiva 1.99e-04%, reinicios, interior primero 4.94e-03%] (Knuth: ~14 días) | máximo colocado 55 de 64 | hilos 8 de 12
    ... 45.3 s | grupo 1/1 | 75141691 nodos | revisado 8.53e-04%, faltan ~57 días [interior primero 8.53e-04%, interior primero + pieza menos restrictiva 2.07e-04%, reinicios, interior primero 5.16e-03%] (Knuth: ~14 días) | máximo colocado 55 de 64 | hilos 8 de 12
    ... 47.3 s | grupo 1/1 | 78759599 nodos | revisado 8.99e-04%, faltan ~57 días [interior primero 8.99e-04%, interior primero + pieza menos restrictiva 2.20e-04%, reinicios, interior primero 5.26e-03%] (Knuth: ~14 días) | máximo colocado 55 de 64 | hilos 8 de 12
    ... 49.3 s | grupo 1/1 | 82344310 nodos | revisado 9.25e-04%, faltan ~58 días [interior primero 9.25e-04%, interior primero + pieza menos restrictiva 2.41e-04%, reinicios, interior primero 5.39e-03%] (Knuth: ~14 días) | máximo colocado 55 de 64 | hilos 8 de 12
    ... 51.3 s | grupo 1/1 | 85966840 nodos | revisado 9.46e-04%, faltan ~59 días [interior primero 9.46e-04%, interior primero + pieza menos restrictiva 2.52e-04%, reinicios, interior primero 5.55e-03%] (Knuth: ~14 días) | máximo colocado 55 de 64 | hilos 8 de 12
    ... 53.4 s | grupo 1/1 | 89552569 nodos | revisado 9.79e-04%, faltan ~60 días [interior primero 9.79e-04%, interior primero + pieza menos restrictiva 2.61e-04%, reinicios, interior primero 5.74e-03%] (Knuth: ~14 días) | máximo colocado 55 de 64 | hilos 8 de 12
    ... 55.4 s | grupo 1/1 | 93121734 nodos | revisado 1.00e-03%, faltan ~60 días [interior primero 1.00e-03%, interior primero + pieza menos restrictiva 2.73e-04%, reinicios, interior primero 5.94e-03%] (Knuth: ~14 días) | máximo colocado 55 de 64 | hilos 8 de 12
    ... 57.4 s | grupo 1/1 | 96678648 nodos | revisado 1.03e-03%, faltan ~61 días [interior primero 1.03e-03%, interior primero + pieza menos restrictiva 2.85e-04%, reinicios, interior primero 6.01e-03%] (Knuth: ~14 días) | máximo colocado 55 de 64 | hilos 8 de 12
    ... 59.4 s | grupo 1/1 | 100213172 nodos | revisado 1.05e-03%, faltan ~62 días [interior primero 1.05e-03%, interior primero + pieza menos restrictiva 3.01e-04%, reinicios, interior primero 6.17e-03%] (Knuth: ~14 días) | máximo colocado 55 de 64 | hilos 8 de 12
    ... 61.4 s | grupo 1/1 | 103811320 nodos | revisado 1.08e-03%, faltan ~63 días [interior primero 1.08e-03%, interior primero + pieza menos restrictiva 3.23e-04%, reinicios, interior primero 6.39e-03%] (Knuth: ~14 días) | máximo colocado 55 de 64 | hilos 8 de 12
    portafolio: encontró la solución el equipo "interior primero + pieza menos restrictiva" (nodos: interior primero 36676608, interior primero + pieza menos restrictiva 31112819, reinicios, interior primero 36441088)
[4] Grupo 1: SOLUCIÓN. Verificación: OK
[5] Tiempo total: 62 s
RESULTADO resuelto=1 ms=61671.5 marcos=0 nodos=104230515 grupos=1/1 hilos=12 t_marcos=0.000 t_interior=58.662 lados=0 unificado=1 max_colocadas=64
