[0] Tablero 8x8, 11 colores, 12 hilos
[1] Esquinas juntas: las esquinas son parte de la búsqueda; un solo recorrido para todos los grupos
    grupo 1, orden menos opciones: estimado 7.44e+12 nodos
    grupo 1, orden interior primero: estimado 2.4e+12 nodos
[1] Estimado de Knuth por grupo (nodos): 2.4e+12(i)   (i) = interior primero
[2] Grupo 1/1: ruta unificada (mapas por lado), orden: interior primero; grupo grande: 3 estrategias a la vez (normal, pieza menos restrictiva, reinicios)
    ... 5.0 s | grupo 1/1 | 3378491 nodos | revisado 2.57e-04%, faltan ~9 días [interior primero 2.57e-04%, interior primero + pieza menos restrictiva 3.89e-06%, reinicios, interior primero 2.93e-04%] (Knuth: ~17 días) | máximo colocado 50 de 64 | hilos 8 de 12
    ... 7.0 s | grupo 1/1 | 6785750 nodos | revisado 5.73e-04%, faltan ~8 días [interior primero 5.73e-04%, interior primero + pieza menos restrictiva 9.98e-06%, reinicios, interior primero 5.35e-04%] (Knuth: ~16 días) | máximo colocado 51 de 64 | hilos 8 de 12
    ... 9.0 s | grupo 1/1 | 10136169 nodos | revisado 8.08e-04%, faltan ~9 días [interior primero 8.08e-04%, interior primero + pieza menos restrictiva 1.41e-05%, reinicios, interior primero 6.70e-04%] (Knuth: ~17 días) | máximo colocado 54 de 64 | hilos 8 de 12
    ... 11.1 s | grupo 1/1 | 13496155 nodos | revisado 1.06e-03%, faltan ~9 días [interior primero 1.06e-03%, interior primero + pieza menos restrictiva 1.94e-05%, reinicios, interior primero 1.03e-03%] (Knuth: ~17 días) | máximo colocado 54 de 64 | hilos 8 de 12
    ... 13.1 s | grupo 1/1 | 16865416 nodos | revisado 1.35e-03%, faltan ~9 días [interior primero 1.35e-03%, interior primero + pieza menos restrictiva 2.45e-05%, reinicios, interior primero 1.22e-03%] (Knuth: ~17 días) | máximo colocado 54 de 64 | hilos 8 de 12
    ... 15.1 s | grupo 1/1 | 20202106 nodos | revisado 1.73e-03%, faltan ~8 días [interior primero 1.73e-03%, interior primero + pieza menos restrictiva 2.82e-05%, reinicios, interior primero 2.09e-03%] (Knuth: ~17 días) | máximo colocado 54 de 64 | hilos 8 de 12
    ... 17.1 s | grupo 1/1 | 23598147 nodos | revisado 1.98e-03%, faltan ~8 días [interior primero 1.98e-03%, interior primero + pieza menos restrictiva 3.32e-05%, reinicios, interior primero 2.35e-03%] (Knuth: ~17 días) | máximo colocado 54 de 64 | hilos 8 de 12
    ... 19.1 s | grupo 1/1 | 26987593 nodos | revisado 2.27e-03%, faltan ~8 días [interior primero 2.27e-03%, interior primero + pieza menos restrictiva 3.71e-05%, reinicios, interior primero 2.71e-03%] (Knuth: ~17 días) | máximo colocado 54 de 64 | hilos 8 de 12
    ... 21.1 s | grupo 1/1 | 30313184 nodos | revisado 2.39e-03%, faltan ~9 días [interior primero 2.39e-03%, interior primero + pieza menos restrictiva 4.55e-05%, reinicios, interior primero 2.83e-03%] (Knuth: ~17 días) | máximo colocado 54 de 64 | hilos 8 de 12
    ... 23.2 s | grupo 1/1 | 33704001 nodos | revisado 2.53e-03%, faltan ~9 días [interior primero 2.53e-03%, interior primero + pieza menos restrictiva 5.52e-05%, reinicios, interior primero 2.94e-03%] (Knuth: ~17 días) | máximo colocado 54 de 64 | hilos 8 de 12
    ... 25.2 s | grupo 1/1 | 37061557 nodos | revisado 2.69e-03%, faltan ~10 días [interior primero 2.69e-03%, interior primero + pieza menos restrictiva 7.96e-05%, reinicios, interior primero 2.97e-03%] (Knuth: ~17 días) | máximo colocado 54 de 64 | hilos 8 de 12
    ... 27.2 s | grupo 1/1 | 40361570 nodos | revisado 2.79e-03%, faltan ~10 días [interior primero 2.79e-03%, interior primero + pieza menos restrictiva 8.51e-05%, reinicios, interior primero 3.25e-03%] (Knuth: ~17 días) | máximo colocado 54 de 64 | hilos 8 de 12
    ... 29.2 s | grupo 1/1 | 43767295 nodos | revisado 2.87e-03%, faltan ~11 días [interior primero 2.87e-03%, interior primero + pieza menos restrictiva 8.94e-05%, reinicios, interior primero 3.51e-03%] (Knuth: ~17 días) | máximo colocado 54 de 64 | hilos 8 de 12
    ... 31.2 s | grupo 1/1 | 47166709 nodos | revisado 2.94e-03%, faltan ~11 días [interior primero 2.94e-03%, interior primero + pieza menos restrictiva 9.64e-05%, reinicios, interior primero 3.93e-03%] (Knuth: ~17 días) | máximo colocado 54 de 64 | hilos 8 de 12
    ... 33.2 s | grupo 1/1 | 50497461 nodos | revisado 3.02e-03%, faltan ~12 días [interior primero 3.02e-03%, interior primero + pieza menos restrictiva 1.03e-04%, reinicios, interior primero 4.09e-03%] (Knuth: ~17 días) | máximo colocado 54 de 64 | hilos 8 de 12
    ... 35.2 s | grupo 1/1 | 53909727 nodos | revisado 3.22e-03%, faltan ~12 días [interior primero 3.22e-03%, interior primero + pieza menos restrictiva 1.07e-04%, reinicios, interior primero 4.41e-03%] (Knuth: ~17 días) | máximo colocado 54 de 64 | hilos 8 de 12
    ... 37.2 s | grupo 1/1 | 57233827 nodos | revisado 3.30e-03%, faltan ~12 días [interior primero 3.30e-03%, interior primero + pieza menos restrictiva 1.13e-04%, reinicios, interior primero 4.72e-03%] (Knuth: ~17 días) | máximo colocado 54 de 64 | hilos 8 de 12
    ... 39.2 s | grupo 1/1 | 60579784 nodos | revisado 3.52e-03%, faltan ~12 días [interior primero 3.52e-03%, interior primero + pieza menos restrictiva 1.20e-04%, reinicios, interior primero 4.91e-03%] (Knuth: ~17 días) | máximo colocado 54 de 64 | hilos 8 de 12
    ... 41.3 s | grupo 1/1 | 63982323 nodos | revisado 3.67e-03%, faltan ~12 días [interior primero 3.67e-03%, interior primero + pieza menos restrictiva 1.28e-04%, reinicios, interior primero 5.06e-03%] (Knuth: ~17 días) | máximo colocado 54 de 64 | hilos 8 de 12
    ... 43.3 s | grupo 1/1 | 67365325 nodos | revisado 3.77e-03%, faltan ~12 días [interior primero 3.77e-03%, interior primero + pieza menos restrictiva 1.36e-04%, reinicios, interior primero 5.60e-03%] (Knuth: ~17 días) | máximo colocado 54 de 64 | hilos 8 de 12
    ... 45.3 s | grupo 1/1 | 70721359 nodos | revisado 4.16e-03%, faltan ~12 días [interior primero 4.16e-03%, interior primero + pieza menos restrictiva 1.44e-04%, reinicios, interior primero 5.71e-03%] (Knuth: ~17 días) | máximo colocado 54 de 64 | hilos 8 de 12
    ... 47.3 s | grupo 1/1 | 74085785 nodos | revisado 4.42e-03%, faltan ~12 días [interior primero 4.42e-03%, interior primero + pieza menos restrictiva 1.52e-04%, reinicios, interior primero 6.18e-03%] (Knuth: ~17 días) | máximo colocado 54 de 64 | hilos 8 de 12
    ... 49.3 s | grupo 1/1 | 77441013 nodos | revisado 4.47e-03%, faltan ~12 días [interior primero 4.47e-03%, interior primero + pieza menos restrictiva 1.61e-04%, reinicios, interior primero 6.29e-03%] (Knuth: ~17 días) | máximo colocado 54 de 64 | hilos 8 de 12
    ... 51.3 s | grupo 1/1 | 80793805 nodos | revisado 4.60e-03%, faltan ~12 días [interior primero 4.60e-03%, interior primero + pieza menos restrictiva 1.69e-04%, reinicios, interior primero 6.56e-03%] (Knuth: ~17 días) | máximo colocado 54 de 64 | hilos 8 de 12
    ... 53.4 s | grupo 1/1 | 84089654 nodos | revisado 4.65e-03%, faltan ~13 días [interior primero 4.65e-03%, interior primero + pieza menos restrictiva 1.73e-04%, reinicios, interior primero 6.69e-03%] (Knuth: ~17 días) | máximo colocado 54 de 64 | hilos 8 de 12
    ... 55.4 s | grupo 1/1 | 87413187 nodos | revisado 4.67e-03%, faltan ~13 días [interior primero 4.67e-03%, interior primero + pieza menos restrictiva 1.77e-04%, reinicios, interior primero 6.90e-03%] (Knuth: ~17 días) | máximo colocado 54 de 64 | hilos 8 de 12
    ... 57.4 s | grupo 1/1 | 90745125 nodos | revisado 4.77e-03%, faltan ~13 días [interior primero 4.77e-03%, interior primero + pieza menos restrictiva 1.81e-04%, reinicios, interior primero 7.22e-03%] (Knuth: ~17 días) | máximo colocado 54 de 64 | hilos 8 de 12
    ... 59.4 s | grupo 1/1 | 94084602 nodos | revisado 4.86e-03%, faltan ~13 días [interior primero 4.86e-03%, interior primero + pieza menos restrictiva 1.86e-04%, reinicios, interior primero 7.41e-03%] (Knuth: ~17 días) | máximo colocado 54 de 64 | hilos 8 de 12
    ... 61.4 s | grupo 1/1 | 97446005 nodos | revisado 4.95e-03%, faltan ~14 días [interior primero 4.95e-03%, interior primero + pieza menos restrictiva 1.95e-04%, reinicios, interior primero 7.55e-03%] (Knuth: ~17 días) | máximo colocado 54 de 64 | hilos 8 de 12
    ... 63.4 s | grupo 1/1 | 100842245 nodos | revisado 4.99e-03%, faltan ~14 días [interior primero 4.99e-03%, interior primero + pieza menos restrictiva 2.08e-04%, reinicios, interior primero 7.73e-03%] (Knuth: ~17 días) | máximo colocado 54 de 64 | hilos 8 de 12
    ... 65.4 s | grupo 1/1 | 104209700 nodos | revisado 5.02e-03%, faltan ~14 días [interior primero 5.02e-03%, interior primero + pieza menos restrictiva 2.20e-04%, reinicios, interior primero 7.80e-03%] (Knuth: ~17 días) | máximo colocado 54 de 64 | hilos 8 de 12
    ... 67.4 s | grupo 1/1 | 107622937 nodos | revisado 5.06e-03%, faltan ~15 días [interior primero 5.06e-03%, interior primero + pieza menos restrictiva 2.29e-04%, reinicios, interior primero 8.02e-03%] (Knuth: ~17 días) | máximo colocado 54 de 64 | hilos 8 de 12
    ... 69.4 s | grupo 1/1 | 111039636 nodos | revisado 5.10e-03%, faltan ~15 días [interior primero 5.10e-03%, interior primero + pieza menos restrictiva 2.31e-04%, reinicios, interior primero 8.95e-03%] (Knuth: ~17 días) | máximo colocado 54 de 64 | hilos 8 de 12
    ... 71.4 s | grupo 1/1 | 114372809 nodos | revisado 5.19e-03%, faltan ~15 días [interior primero 5.19e-03%, interior primero + pieza menos restrictiva 2.37e-04%, reinicios, interior primero 9.34e-03%] (Knuth: ~17 días) | máximo colocado 54 de 64 | hilos 8 de 12
    ... 73.5 s | grupo 1/1 | 117776215 nodos | revisado 5.24e-03%, faltan ~16 días [interior primero 5.24e-03%, interior primero + pieza menos restrictiva 2.42e-04%, reinicios, interior primero 0.010%] (Knuth: ~17 días) | máximo colocado 54 de 64 | hilos 8 de 12
    ... 75.5 s | grupo 1/1 | 121127331 nodos | revisado 5.32e-03%, faltan ~16 días [interior primero 5.32e-03%, interior primero + pieza menos restrictiva 2.47e-04%, reinicios, interior primero 0.010%] (Knuth: ~17 días) | máximo colocado 54 de 64 | hilos 8 de 12
    ... 77.5 s | grupo 1/1 | 124539858 nodos | revisado 5.41e-03%, faltan ~16 días [interior primero 5.41e-03%, interior primero + pieza menos restrictiva 2.54e-04%, reinicios, interior primero 0.011%] (Knuth: ~17 días) | máximo colocado 54 de 64 | hilos 8 de 12
    ... 79.5 s | grupo 1/1 | 127958357 nodos | revisado 5.54e-03%, faltan ~16 días [interior primero 5.54e-03%, interior primero + pieza menos restrictiva 2.58e-04%, reinicios, interior primero 0.011%] (Knuth: ~17 días) | máximo colocado 54 de 64 | hilos 8 de 12
    ... 81.5 s | grupo 1/1 | 131267598 nodos | revisado 5.59e-03%, faltan ~16 días [interior primero 5.59e-03%, interior primero + pieza menos restrictiva 2.64e-04%, reinicios, interior primero 0.011%] (Knuth: ~17 días) | máximo colocado 54 de 64 | hilos 8 de 12
    ... 83.5 s | grupo 1/1 | 134665808 nodos | revisado 5.87e-03%, faltan ~16 días [interior primero 5.87e-03%, interior primero + pieza menos restrictiva 2.69e-04%, reinicios, interior primero 0.011%] (Knuth: ~17 días) | máximo colocado 54 de 64 | hilos 8 de 12
    ... 85.5 s | grupo 1/1 | 138054874 nodos | revisado 6.34e-03%, faltan ~15 días [interior primero 6.34e-03%, interior primero + pieza menos restrictiva 2.78e-04%, reinicios, interior primero 0.011%] (Knuth: ~17 días) | máximo colocado 54 de 64 | hilos 8 de 12
    ... 87.5 s | grupo 1/1 | 141423397 nodos | revisado 6.49e-03%, faltan ~15 días [interior primero 6.49e-03%, interior primero + pieza menos restrictiva 2.90e-04%, reinicios, interior primero 0.012%] (Knuth: ~17 días) | máximo colocado 54 de 64 | hilos 8 de 12
    ... 89.6 s | grupo 1/1 | 144755812 nodos | revisado 6.53e-03%, faltan ~15 días [interior primero 6.53e-03%, interior primero + pieza menos restrictiva 3.02e-04%, reinicios, interior primero 0.013%] (Knuth: ~17 días) | máximo colocado 54 de 64 | hilos 8 de 12
    ... 91.6 s | grupo 1/1 | 148115965 nodos | revisado 6.67e-03%, faltan ~15 días [interior primero 6.67e-03%, interior primero + pieza menos restrictiva 3.20e-04%, reinicios, interior primero 0.013%] (Knuth: ~17 días) | máximo colocado 54 de 64 | hilos 8 de 12
    ... 93.6 s | grupo 1/1 | 151455392 nodos | revisado 6.73e-03%, faltan ~16 días [interior primero 6.73e-03%, interior primero + pieza menos restrictiva 3.27e-04%, reinicios, interior primero 0.013%] (Knuth: ~17 días) | máximo colocado 54 de 64 | hilos 8 de 12
    ... 95.6 s | grupo 1/1 | 154789758 nodos | revisado 6.77e-03%, faltan ~16 días [interior primero 6.77e-03%, interior primero + pieza menos restrictiva 3.38e-04%, reinicios, interior primero 0.014%] (Knuth: ~17 días) | máximo colocado 54 de 64 | hilos 8 de 12
    ... 97.6 s | grupo 1/1 | 158140417 nodos | revisado 6.80e-03%, faltan ~16 días [interior primero 6.80e-03%, interior primero + pieza menos restrictiva 3.45e-04%, reinicios, interior primero 0.014%] (Knuth: ~17 días) | máximo colocado 54 de 64 | hilos 8 de 12
    ... 99.6 s | grupo 1/1 | 161465993 nodos | revisado 6.93e-03%, faltan ~16 días [interior primero 6.93e-03%, interior primero + pieza menos restrictiva 3.47e-04%, reinicios, interior primero 0.014%] (Knuth: ~17 días) | máximo colocado 54 de 64 | hilos 8 de 12
    ... 101.6 s | grupo 1/1 | 164822362 nodos | revisado 7.00e-03%, faltan ~16 días [interior primero 7.00e-03%, interior primero + pieza menos restrictiva 3.51e-04%, reinicios, interior primero 0.014%] (Knuth: ~17 días) | máximo colocado 55 de 64 | hilos 8 de 12
    ... 103.7 s | grupo 1/1 | 168181249 nodos | revisado 7.06e-03%, faltan ~16 días [interior primero 7.06e-03%, interior primero + pieza menos restrictiva 3.54e-04%, reinicios, interior primero 0.014%] (Knuth: ~17 días) | máximo colocado 55 de 64 | hilos 8 de 12
    ... 105.7 s | grupo 1/1 | 171477609 nodos | revisado 7.16e-03%, faltan ~17 días [interior primero 7.16e-03%, interior primero + pieza menos restrictiva 3.56e-04%, reinicios, interior primero 0.015%] (Knuth: ~17 días) | máximo colocado 55 de 64 | hilos 8 de 12
    ... 107.7 s | grupo 1/1 | 174848741 nodos | revisado 7.33e-03%, faltan ~17 días [interior primero 7.33e-03%, interior primero + pieza menos restrictiva 3.59e-04%, reinicios, interior primero 0.015%] (Knuth: ~17 días) | máximo colocado 55 de 64 | hilos 8 de 12
    ... 109.7 s | grupo 1/1 | 178217095 nodos | revisado 7.43e-03%, faltan ~17 días [interior primero 7.43e-03%, interior primero + pieza menos restrictiva 3.61e-04%, reinicios, interior primero 0.015%] (Knuth: ~17 días) | máximo colocado 55 de 64 | hilos 8 de 12
    ... 111.7 s | grupo 1/1 | 181537531 nodos | revisado 7.55e-03%, faltan ~17 días [interior primero 7.55e-03%, interior primero + pieza menos restrictiva 3.63e-04%, reinicios, interior primero 0.015%] (Knuth: ~17 días) | máximo colocado 55 de 64 | hilos 8 de 12
    ... 113.7 s | grupo 1/1 | 184859238 nodos | revisado 7.61e-03%, faltan ~17 días [interior primero 7.61e-03%, interior primero + pieza menos restrictiva 3.66e-04%, reinicios, interior primero 0.015%] (Knuth: ~17 días) | máximo colocado 55 de 64 | hilos 8 de 12
    ... 115.7 s | grupo 1/1 | 188246025 nodos | revisado 7.72e-03%, faltan ~17 días [interior primero 7.72e-03%, interior primero + pieza menos restrictiva 3.69e-04%, reinicios, interior primero 0.016%] (Knuth: ~17 días) | máximo colocado 55 de 64 | hilos 8 de 12
    ... 117.7 s | grupo 1/1 | 191503869 nodos | revisado 7.82e-03%, faltan ~17 días [interior primero 7.82e-03%, interior primero + pieza menos restrictiva 3.72e-04%, reinicios, interior primero 0.016%] (Knuth: ~17 días) | máximo colocado 55 de 64 | hilos 8 de 12
    ... 119.8 s | grupo 1/1 | 194853118 nodos | revisado 7.90e-03%, faltan ~17 días [interior primero 7.90e-03%, interior primero + pieza menos restrictiva 3.77e-04%, reinicios, interior primero 0.016%] (Knuth: ~17 días) | máximo colocado 55 de 64 | hilos 8 de 12
    ... 121.8 s | grupo 1/1 | 198252279 nodos | revisado 7.97e-03%, faltan ~17 días [interior primero 7.97e-03%, interior primero + pieza menos restrictiva 3.83e-04%, reinicios, interior primero 0.017%] (Knuth: ~17 días) | máximo colocado 55 de 64 | hilos 8 de 12
    ... 123.8 s | grupo 1/1 | 201625006 nodos | revisado 8.23e-03%, faltan ~17 días [interior primero 8.23e-03%, interior primero + pieza menos restrictiva 3.93e-04%, reinicios, interior primero 0.017%] (Knuth: ~17 días) | máximo colocado 55 de 64 | hilos 8 de 12
    ... 125.8 s | grupo 1/1 | 204984913 nodos | revisado 8.53e-03%, faltan ~17 días [interior primero 8.53e-03%, interior primero + pieza menos restrictiva 3.99e-04%, reinicios, interior primero 0.017%] (Knuth: ~17 días) | máximo colocado 55 de 64 | hilos 8 de 12
    ... 127.8 s | grupo 1/1 | 208385395 nodos | revisado 8.90e-03%, faltan ~16 días [interior primero 8.90e-03%, interior primero + pieza menos restrictiva 4.03e-04%, reinicios, interior primero 0.018%] (Knuth: ~17 días) | máximo colocado 55 de 64 | hilos 8 de 12
    ... 129.8 s | grupo 1/1 | 211738307 nodos | revisado 9.07e-03%, faltan ~16 días [interior primero 9.07e-03%, interior primero + pieza menos restrictiva 4.08e-04%, reinicios, interior primero 0.018%] (Knuth: ~17 días) | máximo colocado 55 de 64 | hilos 8 de 12
    ... 131.8 s | grupo 1/1 | 215100486 nodos | revisado 9.37e-03%, faltan ~16 días [interior primero 9.37e-03%, interior primero + pieza menos restrictiva 4.14e-04%, reinicios, interior primero 0.018%] (Knuth: ~17 días) | máximo colocado 55 de 64 | hilos 8 de 12
    ... 133.8 s | grupo 1/1 | 218443639 nodos | revisado 9.45e-03%, faltan ~16 días [interior primero 9.45e-03%, interior primero + pieza menos restrictiva 4.26e-04%, reinicios, interior primero 0.018%] (Knuth: ~17 días) | máximo colocado 55 de 64 | hilos 8 de 12
    ... 135.9 s | grupo 1/1 | 221762974 nodos | revisado 9.60e-03%, faltan ~16 días [interior primero 9.60e-03%, interior primero + pieza menos restrictiva 4.43e-04%, reinicios, interior primero 0.019%] (Knuth: ~17 días) | máximo colocado 55 de 64 | hilos 8 de 12
    ... 137.9 s | grupo 1/1 | 225130437 nodos | revisado 9.71e-03%, faltan ~16 días [interior primero 9.71e-03%, interior primero + pieza menos restrictiva 4.50e-04%, reinicios, interior primero 0.019%] (Knuth: ~17 días) | máximo colocado 55 de 64 | hilos 8 de 12
    ... 139.9 s | grupo 1/1 | 228513714 nodos | revisado 9.86e-03%, faltan ~16 días [interior primero 9.86e-03%, interior primero + pieza menos restrictiva 4.55e-04%, reinicios, interior primero 0.019%] (Knuth: ~17 días) | máximo colocado 55 de 64 | hilos 8 de 12
    ... 141.9 s | grupo 1/1 | 231859263 nodos | revisado 9.93e-03%, faltan ~16 días [interior primero 9.93e-03%, interior primero + pieza menos restrictiva 4.61e-04%, reinicios, interior primero 0.019%] (Knuth: ~17 días) | máximo colocado 55 de 64 | hilos 8 de 12
    ... 143.9 s | grupo 1/1 | 235184452 nodos | revisado 9.99e-03%, faltan ~16 días [interior primero 9.99e-03%, interior primero + pieza menos restrictiva 4.68e-04%, reinicios, interior primero 0.019%] (Knuth: ~17 días) | máximo colocado 55 de 64 | hilos 8 de 12
    ... 146.0 s | grupo 1/1 | 238514903 nodos | revisado 0.010%, faltan ~16 días [interior primero 0.010%, interior primero + pieza menos restrictiva 4.74e-04%, reinicios, interior primero 0.020%] (Knuth: ~17 días) | máximo colocado 55 de 64 | hilos 8 de 12
    ... 148.0 s | grupo 1/1 | 241789971 nodos | revisado 0.010%, faltan ~17 días [interior primero 0.010%, interior primero + pieza menos restrictiva 4.82e-04%, reinicios, interior primero 0.020%] (Knuth: ~17 días) | máximo colocado 55 de 64 | hilos 8 de 12
    ... 150.0 s | grupo 1/1 | 245112270 nodos | revisado 0.010%, faltan ~16 días [interior primero 0.010%, interior primero + pieza menos restrictiva 4.92e-04%, reinicios, interior primero 0.020%] (Knuth: ~17 días) | máximo colocado 55 de 64 | hilos 8 de 12
    ... 152.0 s | grupo 1/1 | 248448925 nodos | revisado 0.011%, faltan ~16 días [interior primero 0.011%, interior primero + pieza menos restrictiva 5.07e-04%, reinicios, interior primero 0.020%] (Knuth: ~17 días) | máximo colocado 55 de 64 | hilos 8 de 12
    ... 154.0 s | grupo 1/1 | 251782849 nodos | revisado 0.011%, faltan ~16 días [interior primero 0.011%, interior primero + pieza menos restrictiva 5.21e-04%, reinicios, interior primero 0.021%] (Knuth: ~17 días) | máximo colocado 55 de 64 | hilos 8 de 12
    ... 156.1 s | grupo 1/1 | 255126159 nodos | revisado 0.011%, faltan ~16 días [interior primero 0.011%, interior primero + pieza menos restrictiva 5.43e-04%, reinicios, interior primero 0.021%] (Knuth: ~17 días) | máximo colocado 55 de 64 | hilos 8 de 12
    ... 158.1 s | grupo 1/1 | 258468456 nodos | revisado 0.011%, faltan ~16 días [interior primero 0.011%, interior primero + pieza menos restrictiva 5.46e-04%, reinicios, interior primero 0.021%] (Knuth: ~17 días) | máximo colocado 55 de 64 | hilos 8 de 12
    ... 160.1 s | grupo 1/1 | 261861794 nodos | revisado 0.012%, faltan ~16 días [interior primero 0.012%, interior primero + pieza menos restrictiva 5.48e-04%, reinicios, interior primero 0.021%] (Knuth: ~17 días) | máximo colocado 55 de 64 | hilos 8 de 12
    ... 162.1 s | grupo 1/1 | 265203425 nodos | revisado 0.012%, faltan ~16 días [interior primero 0.012%, interior primero + pieza menos restrictiva 5.52e-04%, reinicios, interior primero 0.022%] (Knuth: ~17 días) | máximo colocado 55 de 64 | hilos 8 de 12
    ... 164.1 s | grupo 1/1 | 268584142 nodos | revisado 0.012%, faltan ~16 días [interior primero 0.012%, interior primero + pieza menos restrictiva 5.59e-04%, reinicios, interior primero 0.022%] (Knuth: ~17 días) | máximo colocado 55 de 64 | hilos 8 de 12
    ... 166.2 s | grupo 1/1 | 271956730 nodos | revisado 0.012%, faltan ~16 días [interior primero 0.012%, interior primero + pieza menos restrictiva 5.67e-04%, reinicios, interior primero 0.022%] (Knuth: ~17 días) | máximo colocado 55 de 64 | hilos 8 de 12
    ... 168.2 s | grupo 1/1 | 275334894 nodos | revisado 0.012%, faltan ~16 días [interior primero 0.012%, interior primero + pieza menos restrictiva 5.69e-04%, reinicios, interior primero 0.023%] (Knuth: ~17 días) | máximo colocado 55 de 64 | hilos 8 de 12
    ... 170.2 s | grupo 1/1 | 278666983 nodos | revisado 0.012%, faltan ~16 días [interior primero 0.012%, interior primero + pieza menos restrictiva 5.72e-04%, reinicios, interior primero 0.023%] (Knuth: ~17 días) | máximo colocado 55 de 64 | hilos 8 de 12
    ... 172.2 s | grupo 1/1 | 281883036 nodos | revisado 0.013%, faltan ~15 días [interior primero 0.013%, interior primero + pieza menos restrictiva 5.76e-04%, reinicios, interior primero 0.023%] (Knuth: ~17 días) | máximo colocado 55 de 64 | hilos 8 de 12
    ... 174.2 s | grupo 1/1 | 285082763 nodos | revisado 0.013%, faltan ~15 días [interior primero 0.013%, interior primero + pieza menos restrictiva 5.80e-04%, reinicios, interior primero 0.023%] (Knuth: ~17 días) | máximo colocado 55 de 64 | hilos 8 de 12
    ... 176.2 s | grupo 1/1 | 288334818 nodos | revisado 0.013%, faltan ~16 días [interior primero 0.013%, interior primero + pieza menos restrictiva 5.84e-04%, reinicios, interior primero 0.024%] (Knuth: ~17 días) | máximo colocado 55 de 64 | hilos 8 de 12
    ... 178.2 s | grupo 1/1 | 291601158 nodos | revisado 0.013%, faltan ~15 días [interior primero 0.013%, interior primero + pieza menos restrictiva 5.89e-04%, reinicios, interior primero 0.024%] (Knuth: ~17 días) | máximo colocado 55 de 64 | hilos 8 de 12
    ... 180.3 s | grupo 1/1 | 294910971 nodos | revisado 0.014%, faltan ~15 días [interior primero 0.014%, interior primero + pieza menos restrictiva 5.93e-04%, reinicios, interior primero 0.024%] (Knuth: ~17 días) | máximo colocado 55 de 64 | hilos 8 de 12
    ... 182.3 s | grupo 1/1 | 298475164 nodos | revisado 0.014%, faltan ~15 días [interior primero 0.014%, interior primero + pieza menos restrictiva 6.01e-04%, reinicios, interior primero 0.024%] (Knuth: ~17 días) | máximo colocado 55 de 64 | hilos 8 de 12
    ... 184.3 s | grupo 1/1 | 301751830 nodos | revisado 0.014%, faltan ~15 días [interior primero 0.014%, interior primero + pieza menos restrictiva 6.05e-04%, reinicios, interior primero 0.025%] (Knuth: ~17 días) | máximo colocado 55 de 64 | hilos 8 de 12
    ... 186.3 s | grupo 1/1 | 305145748 nodos | revisado 0.014%, faltan ~15 días [interior primero 0.014%, interior primero + pieza menos restrictiva 6.10e-04%, reinicios, interior primero 0.025%] (Knuth: ~17 días) | máximo colocado 55 de 64 | hilos 8 de 12
    ... 188.3 s | grupo 1/1 | 308523139 nodos | revisado 0.014%, faltan ~15 días [interior primero 0.014%, interior primero + pieza menos restrictiva 6.21e-04%, reinicios, interior primero 0.025%] (Knuth: ~17 días) | máximo colocado 55 de 64 | hilos 8 de 12
    ... 190.3 s | grupo 1/1 | 311829687 nodos | revisado 0.014%, faltan ~15 días [interior primero 0.014%, interior primero + pieza menos restrictiva 6.29e-04%, reinicios, interior primero 0.025%] (Knuth: ~17 días) | máximo colocado 55 de 64 | hilos 8 de 12
    ... 192.3 s | grupo 1/1 | 314839893 nodos | revisado 0.014%, faltan ~15 días [interior primero 0.014%, interior primero + pieza menos restrictiva 6.33e-04%, reinicios, interior primero 0.026%] (Knuth: ~17 días) | máximo colocado 55 de 64 | hilos 8 de 12
    ... 194.3 s | grupo 1/1 | 317839312 nodos | revisado 0.014%, faltan ~15 días [interior primero 0.014%, interior primero + pieza menos restrictiva 6.38e-04%, reinicios, interior primero 0.026%] (Knuth: ~17 días) | máximo colocado 55 de 64 | hilos 8 de 12
    ... 196.3 s | grupo 1/1 | 321044242 nodos | revisado 0.014%, faltan ~16 días [interior primero 0.014%, interior primero + pieza menos restrictiva 6.45e-04%, reinicios, interior primero 0.026%] (Knuth: ~17 días) | máximo colocado 55 de 64 | hilos 8 de 12
    ... 198.3 s | grupo 1/1 | 324358844 nodos | revisado 0.015%, faltan ~16 días [interior primero 0.015%, interior primero + pieza menos restrictiva 6.48e-04%, reinicios, interior primero 0.026%] (Knuth: ~17 días) | máximo colocado 55 de 64 | hilos 8 de 12
    ... 200.3 s | grupo 1/1 | 327743835 nodos | revisado 0.015%, faltan ~16 días [interior primero 0.015%, interior primero + pieza menos restrictiva 6.52e-04%, reinicios, interior primero 0.026%] (Knuth: ~17 días) | máximo colocado 55 de 64 | hilos 8 de 12
    ... 202.4 s | grupo 1/1 | 331094203 nodos | revisado 0.015%, faltan ~16 días [interior primero 0.015%, interior primero + pieza menos restrictiva 6.58e-04%, reinicios, interior primero 0.027%] (Knuth: ~17 días) | máximo colocado 55 de 64 | hilos 8 de 12
    ... 204.4 s | grupo 1/1 | 334445421 nodos | revisado 0.015%, faltan ~16 días [interior primero 0.015%, interior primero + pieza menos restrictiva 6.70e-04%, reinicios, interior primero 0.027%] (Knuth: ~17 días) | máximo colocado 55 de 64 | hilos 8 de 12
    ... 206.4 s | grupo 1/1 | 337803089 nodos | revisado 0.015%, faltan ~16 días [interior primero 0.015%, interior primero + pieza menos restrictiva 6.75e-04%, reinicios, interior primero 0.027%] (Knuth: ~17 días) | máximo colocado 55 de 64 | hilos 8 de 12
    ... 208.4 s | grupo 1/1 | 341121728 nodos | revisado 0.015%, faltan ~15 días [interior primero 0.015%, interior primero + pieza menos restrictiva 6.79e-04%, reinicios, interior primero 0.028%] (Knuth: ~17 días) | máximo colocado 55 de 64 | hilos 8 de 12
    ... 210.4 s | grupo 1/1 | 344454618 nodos | revisado 0.016%, faltan ~15 días [interior primero 0.016%, interior primero + pieza menos restrictiva 6.84e-04%, reinicios, interior primero 0.028%] (Knuth: ~17 días) | máximo colocado 55 de 64 | hilos 8 de 12
    ... 212.4 s | grupo 1/1 | 347809232 nodos | revisado 0.016%, faltan ~15 días [interior primero 0.016%, interior primero + pieza menos restrictiva 6.91e-04%, reinicios, interior primero 0.029%] (Knuth: ~17 días) | máximo colocado 55 de 64 | hilos 8 de 12
    ... 214.4 s | grupo 1/1 | 351099550 nodos | revisado 0.016%, faltan ~15 días [interior primero 0.016%, interior primero + pieza menos restrictiva 7.05e-04%, reinicios, interior primero 0.029%] (Knuth: ~17 días) | máximo colocado 55 de 64 | hilos 8 de 12
    ... 216.4 s | grupo 1/1 | 354304910 nodos | revisado 0.016%, faltan ~15 días [interior primero 0.016%, interior primero + pieza menos restrictiva 7.07e-04%, reinicios, interior primero 0.029%] (Knuth: ~17 días) | máximo colocado 55 de 64 | hilos 8 de 12
    ... 218.5 s | grupo 1/1 | 357604601 nodos | revisado 0.016%, faltan ~15 días [interior primero 0.016%, interior primero + pieza menos restrictiva 7.10e-04%, reinicios, interior primero 0.029%] (Knuth: ~17 días) | máximo colocado 55 de 64 | hilos 8 de 12
    ... 220.5 s | grupo 1/1 | 360916348 nodos | revisado 0.017%, faltan ~15 días [interior primero 0.017%, interior primero + pieza menos restrictiva 7.13e-04%, reinicios, interior primero 0.029%] (Knuth: ~17 días) | máximo colocado 55 de 64 | hilos 8 de 12
    ... 222.5 s | grupo 1/1 | 364257647 nodos | revisado 0.017%, faltan ~15 días [interior primero 0.017%, interior primero + pieza menos restrictiva 7.21e-04%, reinicios, interior primero 0.030%] (Knuth: ~17 días) | máximo colocado 55 de 64 | hilos 8 de 12
    ... 224.5 s | grupo 1/1 | 367636588 nodos | revisado 0.017%, faltan ~15 días [interior primero 0.017%, interior primero + pieza menos restrictiva 8.01e-04%, reinicios, interior primero 0.030%] (Knuth: ~17 días) | máximo colocado 55 de 64 | hilos 8 de 12
    ... 226.5 s | grupo 1/1 | 370947306 nodos | revisado 0.017%, faltan ~15 días [interior primero 0.017%, interior primero + pieza menos restrictiva 8.04e-04%, reinicios, interior primero 0.030%] (Knuth: ~17 días) | máximo colocado 55 de 64 | hilos 8 de 12
    ... 228.5 s | grupo 1/1 | 374291026 nodos | revisado 0.017%, faltan ~16 días [interior primero 0.017%, interior primero + pieza menos restrictiva 8.07e-04%, reinicios, interior primero 0.030%] (Knuth: ~17 días) | máximo colocado 55 de 64 | hilos 8 de 12
    ... 230.5 s | grupo 1/1 | 377662391 nodos | revisado 0.017%, faltan ~16 días [interior primero 0.017%, interior primero + pieza menos restrictiva 8.12e-04%, reinicios, interior primero 0.031%] (Knuth: ~17 días) | máximo colocado 55 de 64 | hilos 8 de 12
    ... 232.6 s | grupo 1/1 | 381005697 nodos | revisado 0.017%, faltan ~16 días [interior primero 0.017%, interior primero + pieza menos restrictiva 8.16e-04%, reinicios, interior primero 0.031%] (Knuth: ~17 días) | máximo colocado 55 de 64 | hilos 8 de 12
    ... 234.6 s | grupo 1/1 | 384324513 nodos | revisado 0.017%, faltan ~16 días [interior primero 0.017%, interior primero + pieza menos restrictiva 8.21e-04%, reinicios, interior primero 0.031%] (Knuth: ~17 días) | máximo colocado 55 de 64 | hilos 8 de 12
    ... 236.6 s | grupo 1/1 | 387706170 nodos | revisado 0.017%, faltan ~16 días [interior primero 0.017%, interior primero + pieza menos restrictiva 8.25e-04%, reinicios, interior primero 0.031%] (Knuth: ~17 días) | máximo colocado 55 de 64 | hilos 8 de 12
    ... 238.6 s | grupo 1/1 | 391060942 nodos | revisado 0.017%, faltan ~16 días [interior primero 0.017%, interior primero + pieza menos restrictiva 8.29e-04%, reinicios, interior primero 0.031%] (Knuth: ~17 días) | máximo colocado 55 de 64 | hilos 8 de 12
    ... 240.6 s | grupo 1/1 | 394362474 nodos | revisado 0.017%, faltan ~16 días [interior primero 0.017%, interior primero + pieza menos restrictiva 8.36e-04%, reinicios, interior primero 0.032%] (Knuth: ~17 días) | máximo colocado 55 de 64 | hilos 8 de 12
    ... 242.6 s | grupo 1/1 | 397729248 nodos | revisado 0.017%, faltan ~16 días [interior primero 0.017%, interior primero + pieza menos restrictiva 8.44e-04%, reinicios, interior primero 0.032%] (Knuth: ~17 días) | máximo colocado 55 de 64 | hilos 8 de 12
    ... 244.7 s | grupo 1/1 | 401002523 nodos | revisado 0.017%, faltan ~16 días [interior primero 0.017%, interior primero + pieza menos restrictiva 8.48e-04%, reinicios, interior primero 0.033%] (Knuth: ~17 días) | máximo colocado 55 de 64 | hilos 8 de 12
    ... 246.7 s | grupo 1/1 | 404403337 nodos | revisado 0.017%, faltan ~16 días [interior primero 0.017%, interior primero + pieza menos restrictiva 8.56e-04%, reinicios, interior primero 0.034%] (Knuth: ~17 días) | máximo colocado 55 de 64 | hilos 8 de 12
    ... 248.7 s | grupo 1/1 | 407815195 nodos | revisado 0.018%, faltan ~16 días [interior primero 0.018%, interior primero + pieza menos restrictiva 8.61e-04%, reinicios, interior primero 0.034%] (Knuth: ~17 días) | máximo colocado 55 de 64 | hilos 8 de 12
    ... 250.7 s | grupo 1/1 | 411120931 nodos | revisado 0.018%, faltan ~16 días [interior primero 0.018%, interior primero + pieza menos restrictiva 8.70e-04%, reinicios, interior primero 0.034%] (Knuth: ~17 días) | máximo colocado 55 de 64 | hilos 8 de 12
    ... 252.7 s | grupo 1/1 | 414482566 nodos | revisado 0.018%, faltan ~16 días [interior primero 0.018%, interior primero + pieza menos restrictiva 8.77e-04%, reinicios, interior primero 0.035%] (Knuth: ~17 días) | máximo colocado 55 de 64 | hilos 8 de 12
    ... 254.7 s | grupo 1/1 | 417804123 nodos | revisado 0.018%, faltan ~16 días [interior primero 0.018%, interior primero + pieza menos restrictiva 8.82e-04%, reinicios, interior primero 0.035%] (Knuth: ~17 días) | máximo colocado 55 de 64 | hilos 8 de 12
    ... 256.7 s | grupo 1/1 | 421160549 nodos | revisado 0.018%, faltan ~17 días [interior primero 0.018%, interior primero + pieza menos restrictiva 8.90e-04%, reinicios, interior primero 0.035%] (Knuth: ~17 días) | máximo colocado 55 de 64 | hilos 8 de 12
    ... 258.7 s | grupo 1/1 | 424529955 nodos | revisado 0.018%, faltan ~17 días [interior primero 0.018%, interior primero + pieza menos restrictiva 8.99e-04%, reinicios, interior primero 0.036%] (Knuth: ~17 días) | máximo colocado 55 de 64 | hilos 8 de 12
    ... 260.8 s | grupo 1/1 | 427939847 nodos | revisado 0.018%, faltan ~17 días [interior primero 0.018%, interior primero + pieza menos restrictiva 9.14e-04%, reinicios, interior primero 0.036%] (Knuth: ~17 días) | máximo colocado 55 de 64 | hilos 8 de 12
    ... 262.8 s | grupo 1/1 | 431291964 nodos | revisado 0.018%, faltan ~17 días [interior primero 0.018%, interior primero + pieza menos restrictiva 9.24e-04%, reinicios, interior primero 0.036%] (Knuth: ~17 días) | máximo colocado 55 de 64 | hilos 8 de 12
    ... 264.8 s | grupo 1/1 | 434636696 nodos | revisado 0.019%, faltan ~16 días [interior primero 0.019%, interior primero + pieza menos restrictiva 9.30e-04%, reinicios, interior primero 0.036%] (Knuth: ~17 días) | máximo colocado 55 de 64 | hilos 8 de 12
    ... 266.8 s | grupo 1/1 | 438021891 nodos | revisado 0.019%, faltan ~16 días [interior primero 0.019%, interior primero + pieza menos restrictiva 9.38e-04%, reinicios, interior primero 0.037%] (Knuth: ~17 días) | máximo colocado 55 de 64 | hilos 8 de 12
    ... 268.8 s | grupo 1/1 | 441318490 nodos | revisado 0.019%, faltan ~16 días [interior primero 0.019%, interior primero + pieza menos restrictiva 9.55e-04%, reinicios, interior primero 0.037%] (Knuth: ~17 días) | máximo colocado 55 de 64 | hilos 8 de 12
    ... 270.8 s | grupo 1/1 | 444627684 nodos | revisado 0.019%, faltan ~16 días [interior primero 0.019%, interior primero + pieza menos restrictiva 9.61e-04%, reinicios, interior primero 0.037%] (Knuth: ~17 días) | máximo colocado 55 de 64 | hilos 8 de 12
    ... 272.8 s | grupo 1/1 | 447980880 nodos | revisado 0.019%, faltan ~17 días [interior primero 0.019%, interior primero + pieza menos restrictiva 9.69e-04%, reinicios, interior primero 0.037%] (Knuth: ~17 días) | máximo colocado 55 de 64 | hilos 8 de 12
    ... 274.8 s | grupo 1/1 | 451293954 nodos | revisado 0.019%, faltan ~17 días [interior primero 0.019%, interior primero + pieza menos restrictiva 9.77e-04%, reinicios, interior primero 0.037%] (Knuth: ~17 días) | máximo colocado 55 de 64 | hilos 8 de 12
    ... 276.8 s | grupo 1/1 | 454623859 nodos | revisado 0.019%, faltan ~17 días [interior primero 0.019%, interior primero + pieza menos restrictiva 9.81e-04%, reinicios, interior primero 0.038%] (Knuth: ~17 días) | máximo colocado 55 de 64 | hilos 8 de 12
    ... 278.8 s | grupo 1/1 | 457961507 nodos | revisado 0.019%, faltan ~17 días [interior primero 0.019%, interior primero + pieza menos restrictiva 9.84e-04%, reinicios, interior primero 0.038%] (Knuth: ~17 días) | máximo colocado 55 de 64 | hilos 8 de 12
    ... 280.8 s | grupo 1/1 | 461307194 nodos | revisado 0.019%, faltan ~17 días [interior primero 0.019%, interior primero + pieza menos restrictiva 9.91e-04%, reinicios, interior primero 0.038%] (Knuth: ~17 días) | máximo colocado 55 de 64 | hilos 8 de 12
    ... 282.9 s | grupo 1/1 | 464655962 nodos | revisado 0.019%, faltan ~17 días [interior primero 0.019%, interior primero + pieza menos restrictiva 1.00e-03%, reinicios, interior primero 0.039%] (Knuth: ~17 días) | máximo colocado 55 de 64 | hilos 8 de 12
    ... 284.9 s | grupo 1/1 | 467999479 nodos | revisado 0.019%, faltan ~17 días [interior primero 0.019%, interior primero + pieza menos restrictiva 1.02e-03%, reinicios, interior primero 0.039%] (Knuth: ~17 días) | máximo colocado 55 de 64 | hilos 8 de 12
    ... 286.9 s | grupo 1/1 | 471326860 nodos | revisado 0.020%, faltan ~17 días [interior primero 0.020%, interior primero + pieza menos restrictiva 1.02e-03%, reinicios, interior primero 0.039%] (Knuth: ~17 días) | máximo colocado 55 de 64 | hilos 8 de 12
    ... 288.9 s | grupo 1/1 | 474616446 nodos | revisado 0.020%, faltan ~17 días [interior primero 0.020%, interior primero + pieza menos restrictiva 1.03e-03%, reinicios, interior primero 0.039%] (Knuth: ~17 días) | máximo colocado 55 de 64 | hilos 8 de 12
    ... 290.9 s | grupo 1/1 | 477933825 nodos | revisado 0.020%, faltan ~17 días [interior primero 0.020%, interior primero + pieza menos restrictiva 1.03e-03%, reinicios, interior primero 0.039%] (Knuth: ~17 días) | máximo colocado 55 de 64 | hilos 8 de 12
    ... 292.9 s | grupo 1/1 | 481206580 nodos | revisado 0.020%, faltan ~17 días [interior primero 0.020%, interior primero + pieza menos restrictiva 1.03e-03%, reinicios, interior primero 0.040%] (Knuth: ~17 días) | máximo colocado 55 de 64 | hilos 8 de 12
    ... 294.9 s | grupo 1/1 | 484504730 nodos | revisado 0.020%, faltan ~17 días [interior primero 0.020%, interior primero + pieza menos restrictiva 1.04e-03%, reinicios, interior primero 0.040%] (Knuth: ~17 días) | máximo colocado 55 de 64 | hilos 8 de 12
    ... 296.9 s | grupo 1/1 | 487811278 nodos | revisado 0.020%, faltan ~17 días [interior primero 0.020%, interior primero + pieza menos restrictiva 1.05e-03%, reinicios, interior primero 0.040%] (Knuth: ~17 días) | máximo colocado 55 de 64 | hilos 8 de 12
    ... 298.9 s | grupo 1/1 | 491107695 nodos | revisado 0.020%, faltan ~17 días [interior primero 0.020%, interior primero + pieza menos restrictiva 1.05e-03%, reinicios, interior primero 0.040%] (Knuth: ~17 días) | máximo colocado 55 de 64 | hilos 8 de 12
[4] Grupo 1: cortado por límite de tiempo
[5] Tiempo total: 5 min
RESULTADO resuelto=0 ms=300019.4 marcos=0 nodos=492898304 grupos=1/1 hilos=12 t_marcos=0.000 t_interior=297.008 lados=0 unificado=1 max_colocadas=55 motivo=limite
