[0] Tablero 8x8, 11 colores, 12 hilos
[1] Esquinas juntas: las esquinas son parte de la búsqueda; un solo recorrido para todos los grupos
    grupo 1, orden menos opciones: estimado 1.8e+13 nodos
    grupo 1, orden interior primero: estimado 6.64e+12 nodos
[1] Estimado de Knuth por grupo (nodos): 1.8e+13   (i) = interior primero
[2] Grupo 1/1: ruta unificada (mapas por lado), orden: menos opciones; grupo grande: 3 estrategias a la vez (normal, pieza menos restrictiva, reinicios)
    ... 5.0 s | grupo 1/1 | 3833366 nodos | revisado 5.00e-05%, faltan ~46 días [menos opciones 5.00e-05%, menos opciones + pieza menos restrictiva 9.62e-07%, reinicios, menos opciones 3.65e-04%] (Knuth: ~109 días) | máximo colocado 56 de 64 | hilos 8 de 12
    ... 7.0 s | grupo 1/1 | 7642573 nodos | revisado 1.59e-04%, faltan ~29 días [menos opciones 1.59e-04%, menos opciones + pieza menos restrictiva 2.13e-06%, reinicios, menos opciones 4.13e-04%] (Knuth: ~109 días) | máximo colocado 56 de 64 | hilos 8 de 12
    ... 9.0 s | grupo 1/1 | 11464548 nodos | revisado 2.22e-04%, faltan ~31 días [menos opciones 2.22e-04%, menos opciones + pieza menos restrictiva 5.17e-06%, reinicios, menos opciones 7.30e-04%] (Knuth: ~109 días) | máximo colocado 56 de 64 | hilos 8 de 12
    ... 11.1 s | grupo 1/1 | 15289750 nodos | revisado 3.11e-04%, faltan ~30 días [menos opciones 3.11e-04%, menos opciones + pieza menos restrictiva 6.89e-06%, reinicios, menos opciones 7.78e-04%] (Knuth: ~109 días) | máximo colocado 56 de 64 | hilos 8 de 12
    ... 13.1 s | grupo 1/1 | 19109291 nodos | revisado 3.97e-04%, faltan ~29 días [menos opciones 3.97e-04%, menos opciones + pieza menos restrictiva 8.05e-06%, reinicios, menos opciones 9.30e-04%] (Knuth: ~110 días) | máximo colocado 56 de 64 | hilos 8 de 12
    ... 15.1 s | grupo 1/1 | 22916671 nodos | revisado 4.45e-04%, faltan ~31 días [menos opciones 4.45e-04%, menos opciones + pieza menos restrictiva 9.25e-06%, reinicios, menos opciones 1.08e-03%] (Knuth: ~110 días) | máximo colocado 56 de 64 | hilos 8 de 12
    ... 17.1 s | grupo 1/1 | 26752768 nodos | revisado 5.33e-04%, faltan ~31 días [menos opciones 5.33e-04%, menos opciones + pieza menos restrictiva 1.04e-05%, reinicios, menos opciones 1.77e-03%] (Knuth: ~110 días) | máximo colocado 56 de 64 | hilos 8 de 12
    ... 19.1 s | grupo 1/1 | 30563315 nodos | revisado 6.01e-04%, faltan ~31 días [menos opciones 6.01e-04%, menos opciones + pieza menos restrictiva 1.11e-05%, reinicios, menos opciones 2.15e-03%] (Knuth: ~110 días) | máximo colocado 56 de 64 | hilos 8 de 12
    ... 21.1 s | grupo 1/1 | 34414032 nodos | revisado 6.95e-04%, faltan ~30 días [menos opciones 6.95e-04%, menos opciones + pieza menos restrictiva 1.18e-05%, reinicios, menos opciones 2.25e-03%] (Knuth: ~110 días) | máximo colocado 56 de 64 | hilos 8 de 12
    ... 23.1 s | grupo 1/1 | 38192812 nodos | revisado 7.47e-04%, faltan ~31 días [menos opciones 7.47e-04%, menos opciones + pieza menos restrictiva 1.35e-05%, reinicios, menos opciones 2.30e-03%] (Knuth: ~110 días) | máximo colocado 56 de 64 | hilos 8 de 12
    ... 25.2 s | grupo 1/1 | 41914923 nodos | revisado 8.26e-04%, faltan ~31 días [menos opciones 8.26e-04%, menos opciones + pieza menos restrictiva 1.44e-05%, reinicios, menos opciones 2.41e-03%] (Knuth: ~110 días) | máximo colocado 56 de 64 | hilos 8 de 12
    ... 27.2 s | grupo 1/1 | 45674712 nodos | revisado 8.79e-04%, faltan ~32 días [menos opciones 8.79e-04%, menos opciones + pieza menos restrictiva 2.01e-05%, reinicios, menos opciones 2.76e-03%] (Knuth: ~110 días) | máximo colocado 56 de 64 | hilos 8 de 12
    ... 29.2 s | grupo 1/1 | 49443176 nodos | revisado 9.26e-04%, faltan ~33 días [menos opciones 9.26e-04%, menos opciones + pieza menos restrictiva 2.14e-05%, reinicios, menos opciones 3.05e-03%] (Knuth: ~110 días) | máximo colocado 56 de 64 | hilos 8 de 12
    ... 31.2 s | grupo 1/1 | 53209944 nodos | revisado 9.90e-04%, faltan ~33 días [menos opciones 9.90e-04%, menos opciones + pieza menos restrictiva 2.24e-05%, reinicios, menos opciones 3.15e-03%] (Knuth: ~110 días) | máximo colocado 56 de 64 | hilos 8 de 12
    ... 33.2 s | grupo 1/1 | 57030197 nodos | revisado 1.05e-03%, faltan ~33 días [menos opciones 1.05e-03%, menos opciones + pieza menos restrictiva 2.54e-05%, reinicios, menos opciones 3.33e-03%] (Knuth: ~110 días) | máximo colocado 56 de 64 | hilos 8 de 12
    ... 35.2 s | grupo 1/1 | 60829100 nodos | revisado 1.07e-03%, faltan ~35 días [menos opciones 1.07e-03%, menos opciones + pieza menos restrictiva 2.81e-05%, reinicios, menos opciones 3.47e-03%] (Knuth: ~110 días) | máximo colocado 56 de 64 | hilos 8 de 12
    ... 37.3 s | grupo 1/1 | 64556868 nodos | revisado 1.10e-03%, faltan ~36 días [menos opciones 1.10e-03%, menos opciones + pieza menos restrictiva 2.96e-05%, reinicios, menos opciones 3.54e-03%] (Knuth: ~110 días) | máximo colocado 56 de 64 | hilos 8 de 12
    ... 39.3 s | grupo 1/1 | 68337792 nodos | revisado 1.18e-03%, faltan ~36 días [menos opciones 1.18e-03%, menos opciones + pieza menos restrictiva 3.14e-05%, reinicios, menos opciones 3.64e-03%] (Knuth: ~110 días) | máximo colocado 56 de 64 | hilos 8 de 12
    ... 41.3 s | grupo 1/1 | 71972826 nodos | revisado 1.23e-03%, faltan ~36 días [menos opciones 1.23e-03%, menos opciones + pieza menos restrictiva 3.33e-05%, reinicios, menos opciones 3.69e-03%] (Knuth: ~111 días) | máximo colocado 56 de 64 | hilos 8 de 12
    ... 43.3 s | grupo 1/1 | 75583378 nodos | revisado 1.29e-03%, faltan ~36 días [menos opciones 1.29e-03%, menos opciones + pieza menos restrictiva 3.48e-05%, reinicios, menos opciones 3.73e-03%] (Knuth: ~111 días) | máximo colocado 59 de 64 | hilos 8 de 12
    ... 45.3 s | grupo 1/1 | 79104282 nodos | revisado 1.31e-03%, faltan ~37 días [menos opciones 1.31e-03%, menos opciones + pieza menos restrictiva 3.59e-05%, reinicios, menos opciones 3.79e-03%] (Knuth: ~111 días) | máximo colocado 59 de 64 | hilos 8 de 12
    ... 47.3 s | grupo 1/1 | 82751440 nodos | revisado 1.34e-03%, faltan ~38 días [menos opciones 1.34e-03%, menos opciones + pieza menos restrictiva 3.66e-05%, reinicios, menos opciones 3.81e-03%] (Knuth: ~111 días) | máximo colocado 59 de 64 | hilos 8 de 12
    ... 49.3 s | grupo 1/1 | 86384765 nodos | revisado 1.37e-03%, faltan ~39 días [menos opciones 1.37e-03%, menos opciones + pieza menos restrictiva 3.85e-05%, reinicios, menos opciones 3.82e-03%] (Knuth: ~111 días) | máximo colocado 59 de 64 | hilos 8 de 12
    ... 51.3 s | grupo 1/1 | 90088428 nodos | revisado 1.39e-03%, faltan ~40 días [menos opciones 1.39e-03%, menos opciones + pieza menos restrictiva 4.04e-05%, reinicios, menos opciones 3.85e-03%] (Knuth: ~112 días) | máximo colocado 59 de 64 | hilos 8 de 12
    ... 53.3 s | grupo 1/1 | 93625742 nodos | revisado 1.41e-03%, faltan ~41 días [menos opciones 1.41e-03%, menos opciones + pieza menos restrictiva 4.33e-05%, reinicios, menos opciones 3.88e-03%] (Knuth: ~112 días) | máximo colocado 59 de 64 | hilos 8 de 12
    ... 55.3 s | grupo 1/1 | 97346892 nodos | revisado 1.44e-03%, faltan ~42 días [menos opciones 1.44e-03%, menos opciones + pieza menos restrictiva 4.42e-05%, reinicios, menos opciones 3.93e-03%] (Knuth: ~112 días) | máximo colocado 59 de 64 | hilos 8 de 12
    ... 57.3 s | grupo 1/1 | 101077436 nodos | revisado 1.48e-03%, faltan ~42 días [menos opciones 1.48e-03%, menos opciones + pieza menos restrictiva 4.55e-05%, reinicios, menos opciones 3.98e-03%] (Knuth: ~112 días) | máximo colocado 59 de 64 | hilos 8 de 12
    ... 59.4 s | grupo 1/1 | 104772754 nodos | revisado 1.53e-03%, faltan ~43 días [menos opciones 1.53e-03%, menos opciones + pieza menos restrictiva 4.67e-05%, reinicios, menos opciones 4.32e-03%] (Knuth: ~112 días) | máximo colocado 59 de 64 | hilos 8 de 12
    ... 61.4 s | grupo 1/1 | 108484531 nodos | revisado 1.58e-03%, faltan ~43 días [menos opciones 1.58e-03%, menos opciones + pieza menos restrictiva 4.81e-05%, reinicios, menos opciones 4.50e-03%] (Knuth: ~112 días) | máximo colocado 59 de 64 | hilos 8 de 12
    ... 63.4 s | grupo 1/1 | 112195318 nodos | revisado 1.67e-03%, faltan ~42 días [menos opciones 1.67e-03%, menos opciones + pieza menos restrictiva 4.98e-05%, reinicios, menos opciones 6.17e-03%] (Knuth: ~112 días) | máximo colocado 59 de 64 | hilos 8 de 12
    ... 65.4 s | grupo 1/1 | 115931535 nodos | revisado 1.74e-03%, faltan ~42 días [menos opciones 1.74e-03%, menos opciones + pieza menos restrictiva 5.10e-05%, reinicios, menos opciones 6.41e-03%] (Knuth: ~112 días) | máximo colocado 59 de 64 | hilos 8 de 12
    ... 67.4 s | grupo 1/1 | 119728061 nodos | revisado 1.76e-03%, faltan ~42 días [menos opciones 1.76e-03%, menos opciones + pieza menos restrictiva 5.24e-05%, reinicios, menos opciones 6.46e-03%] (Knuth: ~112 días) | máximo colocado 59 de 64 | hilos 8 de 12
    ... 69.4 s | grupo 1/1 | 123408287 nodos | revisado 1.79e-03%, faltan ~43 días [menos opciones 1.79e-03%, menos opciones + pieza menos restrictiva 5.38e-05%, reinicios, menos opciones 6.60e-03%] (Knuth: ~112 días) | máximo colocado 59 de 64 | hilos 8 de 12
    ... 71.5 s | grupo 1/1 | 127074069 nodos | revisado 1.83e-03%, faltan ~43 días [menos opciones 1.83e-03%, menos opciones + pieza menos restrictiva 5.46e-05%, reinicios, menos opciones 6.91e-03%] (Knuth: ~112 días) | máximo colocado 59 de 64 | hilos 8 de 12
    ... 73.5 s | grupo 1/1 | 130884507 nodos | revisado 1.86e-03%, faltan ~44 días [menos opciones 1.86e-03%, menos opciones + pieza menos restrictiva 5.63e-05%, reinicios, menos opciones 6.95e-03%] (Knuth: ~112 días) | máximo colocado 59 de 64 | hilos 8 de 12
    ... 75.5 s | grupo 1/1 | 134671006 nodos | revisado 1.88e-03%, faltan ~45 días [menos opciones 1.88e-03%, menos opciones + pieza menos restrictiva 5.96e-05%, reinicios, menos opciones 7.00e-03%] (Knuth: ~112 días) | máximo colocado 59 de 64 | hilos 8 de 12
    ... 77.5 s | grupo 1/1 | 138455760 nodos | revisado 1.99e-03%, faltan ~43 días [menos opciones 1.99e-03%, menos opciones + pieza menos restrictiva 6.20e-05%, reinicios, menos opciones 7.11e-03%] (Knuth: ~112 días) | máximo colocado 59 de 64 | hilos 8 de 12
    ... 79.5 s | grupo 1/1 | 142230711 nodos | revisado 2.04e-03%, faltan ~44 días [menos opciones 2.04e-03%, menos opciones + pieza menos restrictiva 6.67e-05%, reinicios, menos opciones 7.24e-03%] (Knuth: ~112 días) | máximo colocado 59 de 64 | hilos 8 de 12
    ... 81.6 s | grupo 1/1 | 145992384 nodos | revisado 2.05e-03%, faltan ~44 días [menos opciones 2.05e-03%, menos opciones + pieza menos restrictiva 6.82e-05%, reinicios, menos opciones 7.27e-03%] (Knuth: ~112 días) | máximo colocado 59 de 64 | hilos 8 de 12
    ... 83.6 s | grupo 1/1 | 149776057 nodos | revisado 2.14e-03%, faltan ~44 días [menos opciones 2.14e-03%, menos opciones + pieza menos restrictiva 7.03e-05%, reinicios, menos opciones 7.30e-03%] (Knuth: ~112 días) | máximo colocado 59 de 64 | hilos 8 de 12
    ... 85.6 s | grupo 1/1 | 153538750 nodos | revisado 2.21e-03%, faltan ~43 días [menos opciones 2.21e-03%, menos opciones + pieza menos restrictiva 7.40e-05%, reinicios, menos opciones 7.77e-03%] (Knuth: ~112 días) | máximo colocado 59 de 64 | hilos 8 de 12
    ... 87.6 s | grupo 1/1 | 157305130 nodos | revisado 2.23e-03%, faltan ~44 días [menos opciones 2.23e-03%, menos opciones + pieza menos restrictiva 7.51e-05%, reinicios, menos opciones 7.88e-03%] (Knuth: ~112 días) | máximo colocado 59 de 64 | hilos 8 de 12
    ... 89.6 s | grupo 1/1 | 161060431 nodos | revisado 2.27e-03%, faltan ~44 días [menos opciones 2.27e-03%, menos opciones + pieza menos restrictiva 7.57e-05%, reinicios, menos opciones 8.04e-03%] (Knuth: ~112 días) | máximo colocado 59 de 64 | hilos 8 de 12
    ... 91.6 s | grupo 1/1 | 164837457 nodos | revisado 2.32e-03%, faltan ~44 días [menos opciones 2.32e-03%, menos opciones + pieza menos restrictiva 7.70e-05%, reinicios, menos opciones 8.20e-03%] (Knuth: ~112 días) | máximo colocado 59 de 64 | hilos 8 de 12
    ... 93.6 s | grupo 1/1 | 168216167 nodos | revisado 2.41e-03%, faltan ~43 días [menos opciones 2.41e-03%, menos opciones + pieza menos restrictiva 7.83e-05%, reinicios, menos opciones 9.24e-03%] (Knuth: ~112 días) | máximo colocado 59 de 64 | hilos 8 de 12
    ... 95.6 s | grupo 1/1 | 171266844 nodos | revisado 2.45e-03%, faltan ~44 días [menos opciones 2.45e-03%, menos opciones + pieza menos restrictiva 7.96e-05%, reinicios, menos opciones 9.38e-03%] (Knuth: ~112 días) | máximo colocado 59 de 64 | hilos 8 de 12
    ... 97.6 s | grupo 1/1 | 174860770 nodos | revisado 2.50e-03%, faltan ~44 días [menos opciones 2.50e-03%, menos opciones + pieza menos restrictiva 8.16e-05%, reinicios, menos opciones 9.42e-03%] (Knuth: ~113 días) | máximo colocado 59 de 64 | hilos 8 de 12
    ... 99.6 s | grupo 1/1 | 178434445 nodos | revisado 2.54e-03%, faltan ~44 días [menos opciones 2.54e-03%, menos opciones + pieza menos restrictiva 8.44e-05%, reinicios, menos opciones 9.50e-03%] (Knuth: ~113 días) | máximo colocado 59 de 64 | hilos 8 de 12
    ... 101.6 s | grupo 1/1 | 182117390 nodos | revisado 2.58e-03%, faltan ~44 días [menos opciones 2.58e-03%, menos opciones + pieza menos restrictiva 8.61e-05%, reinicios, menos opciones 9.79e-03%] (Knuth: ~113 días) | máximo colocado 59 de 64 | hilos 8 de 12
    ... 103.7 s | grupo 1/1 | 185826013 nodos | revisado 2.63e-03%, faltan ~44 días [menos opciones 2.63e-03%, menos opciones + pieza menos restrictiva 8.78e-05%, reinicios, menos opciones 9.82e-03%] (Knuth: ~113 días) | máximo colocado 59 de 64 | hilos 8 de 12
    ... 105.7 s | grupo 1/1 | 189546207 nodos | revisado 2.66e-03%, faltan ~45 días [menos opciones 2.66e-03%, menos opciones + pieza menos restrictiva 8.95e-05%, reinicios, menos opciones 9.87e-03%] (Knuth: ~113 días) | máximo colocado 59 de 64 | hilos 8 de 12
    ... 107.7 s | grupo 1/1 | 193313476 nodos | revisado 2.70e-03%, faltan ~45 días [menos opciones 2.70e-03%, menos opciones + pieza menos restrictiva 9.16e-05%, reinicios, menos opciones 9.91e-03%] (Knuth: ~113 días) | máximo colocado 59 de 64 | hilos 8 de 12
    ... 109.7 s | grupo 1/1 | 196977793 nodos | revisado 2.71e-03%, faltan ~46 días [menos opciones 2.71e-03%, menos opciones + pieza menos restrictiva 9.54e-05%, reinicios, menos opciones 0.010%] (Knuth: ~113 días) | máximo colocado 59 de 64 | hilos 8 de 12
    ... 111.7 s | grupo 1/1 | 200700809 nodos | revisado 2.73e-03%, faltan ~46 días [menos opciones 2.73e-03%, menos opciones + pieza menos restrictiva 1.02e-04%, reinicios, menos opciones 0.010%] (Knuth: ~113 días) | máximo colocado 59 de 64 | hilos 8 de 12
    ... 113.7 s | grupo 1/1 | 204445407 nodos | revisado 2.75e-03%, faltan ~47 días [menos opciones 2.75e-03%, menos opciones + pieza menos restrictiva 1.04e-04%, reinicios, menos opciones 0.010%] (Knuth: ~113 días) | máximo colocado 59 de 64 | hilos 8 de 12
    ... 115.7 s | grupo 1/1 | 208148220 nodos | revisado 2.78e-03%, faltan ~47 días [menos opciones 2.78e-03%, menos opciones + pieza menos restrictiva 1.06e-04%, reinicios, menos opciones 0.010%] (Knuth: ~113 días) | máximo colocado 59 de 64 | hilos 8 de 12
    ... 117.7 s | grupo 1/1 | 211878520 nodos | revisado 2.81e-03%, faltan ~47 días [menos opciones 2.81e-03%, menos opciones + pieza menos restrictiva 1.08e-04%, reinicios, menos opciones 0.011%] (Knuth: ~113 días) | máximo colocado 59 de 64 | hilos 8 de 12
    ... 119.7 s | grupo 1/1 | 215556262 nodos | revisado 2.86e-03%, faltan ~47 días [menos opciones 2.86e-03%, menos opciones + pieza menos restrictiva 1.12e-04%, reinicios, menos opciones 0.011%] (Knuth: ~113 días) | máximo colocado 59 de 64 | hilos 8 de 12
    ... 121.7 s | grupo 1/1 | 219221408 nodos | revisado 2.87e-03%, faltan ~48 días [menos opciones 2.87e-03%, menos opciones + pieza menos restrictiva 1.14e-04%, reinicios, menos opciones 0.011%] (Knuth: ~113 días) | máximo colocado 59 de 64 | hilos 8 de 12
    ... 123.7 s | grupo 1/1 | 222900010 nodos | revisado 2.90e-03%, faltan ~48 días [menos opciones 2.90e-03%, menos opciones + pieza menos restrictiva 1.16e-04%, reinicios, menos opciones 0.011%] (Knuth: ~113 días) | máximo colocado 59 de 64 | hilos 8 de 12
    ... 125.8 s | grupo 1/1 | 226600533 nodos | revisado 2.93e-03%, faltan ~49 días [menos opciones 2.93e-03%, menos opciones + pieza menos restrictiva 1.18e-04%, reinicios, menos opciones 0.011%] (Knuth: ~113 días) | máximo colocado 59 de 64 | hilos 8 de 12
    ... 127.8 s | grupo 1/1 | 230313886 nodos | revisado 2.95e-03%, faltan ~49 días [menos opciones 2.95e-03%, menos opciones + pieza menos restrictiva 1.22e-04%, reinicios, menos opciones 0.011%] (Knuth: ~113 días) | máximo colocado 59 de 64 | hilos 8 de 12
    ... 129.8 s | grupo 1/1 | 234107494 nodos | revisado 2.98e-03%, faltan ~49 días [menos opciones 2.98e-03%, menos opciones + pieza menos restrictiva 1.23e-04%, reinicios, menos opciones 0.011%] (Knuth: ~113 días) | máximo colocado 59 de 64 | hilos 8 de 12
    ... 131.8 s | grupo 1/1 | 237817043 nodos | revisado 3.00e-03%, faltan ~50 días [menos opciones 3.00e-03%, menos opciones + pieza menos restrictiva 1.25e-04%, reinicios, menos opciones 0.011%] (Knuth: ~113 días) | máximo colocado 59 de 64 | hilos 8 de 12
    ... 133.8 s | grupo 1/1 | 241592659 nodos | revisado 3.01e-03%, faltan ~50 días [menos opciones 3.01e-03%, menos opciones + pieza menos restrictiva 1.26e-04%, reinicios, menos opciones 0.011%] (Knuth: ~113 días) | máximo colocado 59 de 64 | hilos 8 de 12
    ... 135.8 s | grupo 1/1 | 245364528 nodos | revisado 3.02e-03%, faltan ~51 días [menos opciones 3.02e-03%, menos opciones + pieza menos restrictiva 1.29e-04%, reinicios, menos opciones 0.011%] (Knuth: ~113 días) | máximo colocado 59 de 64 | hilos 8 de 12
    ... 137.8 s | grupo 1/1 | 249100220 nodos | revisado 3.04e-03%, faltan ~51 días [menos opciones 3.04e-03%, menos opciones + pieza menos restrictiva 1.30e-04%, reinicios, menos opciones 0.012%] (Knuth: ~113 días) | máximo colocado 59 de 64 | hilos 8 de 12
    ... 139.8 s | grupo 1/1 | 252784739 nodos | revisado 3.16e-03%, faltan ~50 días [menos opciones 3.16e-03%, menos opciones + pieza menos restrictiva 1.31e-04%, reinicios, menos opciones 0.012%] (Knuth: ~113 días) | máximo colocado 59 de 64 | hilos 8 de 12
    ... 141.8 s | grupo 1/1 | 256528425 nodos | revisado 3.20e-03%, faltan ~50 días [menos opciones 3.20e-03%, menos opciones + pieza menos restrictiva 1.33e-04%, reinicios, menos opciones 0.012%] (Knuth: ~113 días) | máximo colocado 59 de 64 | hilos 8 de 12
    ... 143.8 s | grupo 1/1 | 260197721 nodos | revisado 3.22e-03%, faltan ~51 días [menos opciones 3.22e-03%, menos opciones + pieza menos restrictiva 1.34e-04%, reinicios, menos opciones 0.012%] (Knuth: ~113 días) | máximo colocado 59 de 64 | hilos 8 de 12
    ... 145.8 s | grupo 1/1 | 263840781 nodos | revisado 3.25e-03%, faltan ~51 días [menos opciones 3.25e-03%, menos opciones + pieza menos restrictiva 1.37e-04%, reinicios, menos opciones 0.012%] (Knuth: ~113 días) | máximo colocado 59 de 64 | hilos 8 de 12
    ... 147.9 s | grupo 1/1 | 267601946 nodos | revisado 3.40e-03%, faltan ~49 días [menos opciones 3.40e-03%, menos opciones + pieza menos restrictiva 1.42e-04%, reinicios, menos opciones 0.012%] (Knuth: ~113 días) | máximo colocado 59 de 64 | hilos 8 de 12
    ... 149.9 s | grupo 1/1 | 271327300 nodos | revisado 3.46e-03%, faltan ~49 días [menos opciones 3.46e-03%, menos opciones + pieza menos restrictiva 1.44e-04%, reinicios, menos opciones 0.012%] (Knuth: ~113 días) | máximo colocado 59 de 64 | hilos 8 de 12
    ... 151.9 s | grupo 1/1 | 274950855 nodos | revisado 3.50e-03%, faltan ~49 días [menos opciones 3.50e-03%, menos opciones + pieza menos restrictiva 1.47e-04%, reinicios, menos opciones 0.013%] (Knuth: ~113 días) | máximo colocado 59 de 64 | hilos 8 de 12
    ... 153.9 s | grupo 1/1 | 278579471 nodos | revisado 3.54e-03%, faltan ~49 días [menos opciones 3.54e-03%, menos opciones + pieza menos restrictiva 1.51e-04%, reinicios, menos opciones 0.013%] (Knuth: ~113 días) | máximo colocado 59 de 64 | hilos 8 de 12
    ... 155.9 s | grupo 1/1 | 282179131 nodos | revisado 3.58e-03%, faltan ~49 días [menos opciones 3.58e-03%, menos opciones + pieza menos restrictiva 1.54e-04%, reinicios, menos opciones 0.013%] (Knuth: ~113 días) | máximo colocado 59 de 64 | hilos 8 de 12
    ... 157.9 s | grupo 1/1 | 285810024 nodos | revisado 3.60e-03%, faltan ~50 días [menos opciones 3.60e-03%, menos opciones + pieza menos restrictiva 1.55e-04%, reinicios, menos opciones 0.013%] (Knuth: ~113 días) | máximo colocado 59 de 64 | hilos 8 de 12
    ... 159.9 s | grupo 1/1 | 289557325 nodos | revisado 3.65e-03%, faltan ~50 días [menos opciones 3.65e-03%, menos opciones + pieza menos restrictiva 1.58e-04%, reinicios, menos opciones 0.013%] (Knuth: ~113 días) | máximo colocado 59 de 64 | hilos 8 de 12
    ... 161.9 s | grupo 1/1 | 293326335 nodos | revisado 3.70e-03%, faltan ~50 días [menos opciones 3.70e-03%, menos opciones + pieza menos restrictiva 1.60e-04%, reinicios, menos opciones 0.013%] (Knuth: ~113 días) | máximo colocado 59 de 64 | hilos 8 de 12
    ... 163.9 s | grupo 1/1 | 297133060 nodos | revisado 3.75e-03%, faltan ~50 días [menos opciones 3.75e-03%, menos opciones + pieza menos restrictiva 1.63e-04%, reinicios, menos opciones 0.013%] (Knuth: ~113 días) | máximo colocado 59 de 64 | hilos 8 de 12
    ... 165.9 s | grupo 1/1 | 300916932 nodos | revisado 3.77e-03%, faltan ~50 días [menos opciones 3.77e-03%, menos opciones + pieza menos restrictiva 1.64e-04%, reinicios, menos opciones 0.014%] (Knuth: ~113 días) | máximo colocado 59 de 64 | hilos 8 de 12
    ... 168.0 s | grupo 1/1 | 304609880 nodos | revisado 3.81e-03%, faltan ~50 días [menos opciones 3.81e-03%, menos opciones + pieza menos restrictiva 1.66e-04%, reinicios, menos opciones 0.014%] (Knuth: ~113 días) | máximo colocado 59 de 64 | hilos 8 de 12
    ... 170.0 s | grupo 1/1 | 308402358 nodos | revisado 3.84e-03%, faltan ~50 días [menos opciones 3.84e-03%, menos opciones + pieza menos restrictiva 1.67e-04%, reinicios, menos opciones 0.014%] (Knuth: ~113 días) | máximo colocado 59 de 64 | hilos 8 de 12
    ... 172.0 s | grupo 1/1 | 312138555 nodos | revisado 3.86e-03%, faltan ~51 días [menos opciones 3.86e-03%, menos opciones + pieza menos restrictiva 1.69e-04%, reinicios, menos opciones 0.015%] (Knuth: ~113 días) | máximo colocado 59 de 64 | hilos 8 de 12
    ... 174.0 s | grupo 1/1 | 315841575 nodos | revisado 3.95e-03%, faltan ~50 días [menos opciones 3.95e-03%, menos opciones + pieza menos restrictiva 1.72e-04%, reinicios, menos opciones 0.015%] (Knuth: ~113 días) | máximo colocado 59 de 64 | hilos 8 de 12
    ... 176.0 s | grupo 1/1 | 319598443 nodos | revisado 4.00e-03%, faltan ~50 días [menos opciones 4.00e-03%, menos opciones + pieza menos restrictiva 1.74e-04%, reinicios, menos opciones 0.015%] (Knuth: ~113 días) | máximo colocado 59 de 64 | hilos 8 de 12
    ... 178.0 s | grupo 1/1 | 323288503 nodos | revisado 4.05e-03%, faltan ~50 días [menos opciones 4.05e-03%, menos opciones + pieza menos restrictiva 1.76e-04%, reinicios, menos opciones 0.016%] (Knuth: ~113 días) | máximo colocado 59 de 64 | hilos 8 de 12
    ... 180.0 s | grupo 1/1 | 327004572 nodos | revisado 4.09e-03%, faltan ~50 días [menos opciones 4.09e-03%, menos opciones + pieza menos restrictiva 1.80e-04%, reinicios, menos opciones 0.016%] (Knuth: ~113 días) | máximo colocado 59 de 64 | hilos 8 de 12
    ... 182.0 s | grupo 1/1 | 330738456 nodos | revisado 4.13e-03%, faltan ~50 días [menos opciones 4.13e-03%, menos opciones + pieza menos restrictiva 1.81e-04%, reinicios, menos opciones 0.016%] (Knuth: ~113 días) | máximo colocado 59 de 64 | hilos 8 de 12
    ... 184.0 s | grupo 1/1 | 334496412 nodos | revisado 4.15e-03%, faltan ~50 días [menos opciones 4.15e-03%, menos opciones + pieza menos restrictiva 1.82e-04%, reinicios, menos opciones 0.016%] (Knuth: ~113 días) | máximo colocado 59 de 64 | hilos 8 de 12
    ... 186.0 s | grupo 1/1 | 338214763 nodos | revisado 4.19e-03%, faltan ~51 días [menos opciones 4.19e-03%, menos opciones + pieza menos restrictiva 1.84e-04%, reinicios, menos opciones 0.016%] (Knuth: ~113 días) | máximo colocado 59 de 64 | hilos 8 de 12
    ... 188.1 s | grupo 1/1 | 342017209 nodos | revisado 4.26e-03%, faltan ~50 días [menos opciones 4.26e-03%, menos opciones + pieza menos restrictiva 1.85e-04%, reinicios, menos opciones 0.016%] (Knuth: ~113 días) | máximo colocado 59 de 64 | hilos 8 de 12
    ... 190.1 s | grupo 1/1 | 345816810 nodos | revisado 4.30e-03%, faltan ~50 días [menos opciones 4.30e-03%, menos opciones + pieza menos restrictiva 1.86e-04%, reinicios, menos opciones 0.017%] (Knuth: ~113 días) | máximo colocado 59 de 64 | hilos 8 de 12
    ... 192.1 s | grupo 1/1 | 349583343 nodos | revisado 4.34e-03%, faltan ~50 días [menos opciones 4.34e-03%, menos opciones + pieza menos restrictiva 1.87e-04%, reinicios, menos opciones 0.017%] (Knuth: ~113 días) | máximo colocado 59 de 64 | hilos 8 de 12
    ... 194.1 s | grupo 1/1 | 353364053 nodos | revisado 4.38e-03%, faltan ~50 días [menos opciones 4.38e-03%, menos opciones + pieza menos restrictiva 1.89e-04%, reinicios, menos opciones 0.017%] (Knuth: ~112 días) | máximo colocado 59 de 64 | hilos 8 de 12
    ... 196.1 s | grupo 1/1 | 357097471 nodos | revisado 4.42e-03%, faltan ~51 días [menos opciones 4.42e-03%, menos opciones + pieza menos restrictiva 1.92e-04%, reinicios, menos opciones 0.017%] (Knuth: ~112 días) | máximo colocado 59 de 64 | hilos 8 de 12
    ... 198.1 s | grupo 1/1 | 360746125 nodos | revisado 4.48e-03%, faltan ~50 días [menos opciones 4.48e-03%, menos opciones + pieza menos restrictiva 1.93e-04%, reinicios, menos opciones 0.017%] (Knuth: ~113 días) | máximo colocado 59 de 64 | hilos 8 de 12
    ... 200.1 s | grupo 1/1 | 364506597 nodos | revisado 4.52e-03%, faltan ~51 días [menos opciones 4.52e-03%, menos opciones + pieza menos restrictiva 1.96e-04%, reinicios, menos opciones 0.017%] (Knuth: ~112 días) | máximo colocado 59 de 64 | hilos 8 de 12
    ... 202.1 s | grupo 1/1 | 368311784 nodos | revisado 4.54e-03%, faltan ~51 días [menos opciones 4.54e-03%, menos opciones + pieza menos restrictiva 1.98e-04%, reinicios, menos opciones 0.018%] (Knuth: ~112 días) | máximo colocado 59 de 64 | hilos 8 de 12
    ... 204.1 s | grupo 1/1 | 372081674 nodos | revisado 4.55e-03%, faltan ~51 días [menos opciones 4.55e-03%, menos opciones + pieza menos restrictiva 1.98e-04%, reinicios, menos opciones 0.018%] (Knuth: ~112 días) | máximo colocado 59 de 64 | hilos 8 de 12
    ... 206.2 s | grupo 1/1 | 375815623 nodos | revisado 4.57e-03%, faltan ~51 días [menos opciones 4.57e-03%, menos opciones + pieza menos restrictiva 1.99e-04%, reinicios, menos opciones 0.018%] (Knuth: ~112 días) | máximo colocado 59 de 64 | hilos 8 de 12
    ... 208.2 s | grupo 1/1 | 379555974 nodos | revisado 4.59e-03%, faltan ~52 días [menos opciones 4.59e-03%, menos opciones + pieza menos restrictiva 1.99e-04%, reinicios, menos opciones 0.018%] (Knuth: ~112 días) | máximo colocado 59 de 64 | hilos 8 de 12
    ... 210.2 s | grupo 1/1 | 383320925 nodos | revisado 4.62e-03%, faltan ~52 días [menos opciones 4.62e-03%, menos opciones + pieza menos restrictiva 2.00e-04%, reinicios, menos opciones 0.018%] (Knuth: ~112 días) | máximo colocado 59 de 64 | hilos 8 de 12
    ... 212.2 s | grupo 1/1 | 386982748 nodos | revisado 4.63e-03%, faltan ~52 días [menos opciones 4.63e-03%, menos opciones + pieza menos restrictiva 2.01e-04%, reinicios, menos opciones 0.018%] (Knuth: ~112 días) | máximo colocado 59 de 64 | hilos 8 de 12
    ... 214.2 s | grupo 1/1 | 390731072 nodos | revisado 4.65e-03%, faltan ~53 días [menos opciones 4.65e-03%, menos opciones + pieza menos restrictiva 2.04e-04%, reinicios, menos opciones 0.018%] (Knuth: ~112 días) | máximo colocado 59 de 64 | hilos 8 de 12
    ... 216.2 s | grupo 1/1 | 394416007 nodos | revisado 4.66e-03%, faltan ~53 días [menos opciones 4.66e-03%, menos opciones + pieza menos restrictiva 2.07e-04%, reinicios, menos opciones 0.019%] (Knuth: ~112 días) | máximo colocado 59 de 64 | hilos 8 de 12
    ... 218.2 s | grupo 1/1 | 398061584 nodos | revisado 4.67e-03%, faltan ~53 días [menos opciones 4.67e-03%, menos opciones + pieza menos restrictiva 2.09e-04%, reinicios, menos opciones 0.019%] (Knuth: ~112 días) | máximo colocado 59 de 64 | hilos 8 de 12
    ... 220.2 s | grupo 1/1 | 401775962 nodos | revisado 4.69e-03%, faltan ~54 días [menos opciones 4.69e-03%, menos opciones + pieza menos restrictiva 2.11e-04%, reinicios, menos opciones 0.019%] (Knuth: ~112 días) | máximo colocado 59 de 64 | hilos 8 de 12
    ... 222.3 s | grupo 1/1 | 405497853 nodos | revisado 4.73e-03%, faltan ~54 días [menos opciones 4.73e-03%, menos opciones + pieza menos restrictiva 2.11e-04%, reinicios, menos opciones 0.019%] (Knuth: ~112 días) | máximo colocado 59 de 64 | hilos 8 de 12
    ... 224.3 s | grupo 1/1 | 409153941 nodos | revisado 4.75e-03%, faltan ~54 días [menos opciones 4.75e-03%, menos opciones + pieza menos restrictiva 2.12e-04%, reinicios, menos opciones 0.019%] (Knuth: ~112 días) | máximo colocado 59 de 64 | hilos 8 de 12
    ... 226.3 s | grupo 1/1 | 412834403 nodos | revisado 4.77e-03%, faltan ~54 días [menos opciones 4.77e-03%, menos opciones + pieza menos restrictiva 2.13e-04%, reinicios, menos opciones 0.019%] (Knuth: ~112 días) | máximo colocado 59 de 64 | hilos 8 de 12
    ... 228.3 s | grupo 1/1 | 416543329 nodos | revisado 4.78e-03%, faltan ~55 días [menos opciones 4.78e-03%, menos opciones + pieza menos restrictiva 2.14e-04%, reinicios, menos opciones 0.019%] (Knuth: ~112 días) | máximo colocado 59 de 64 | hilos 8 de 12
    ... 230.3 s | grupo 1/1 | 420194025 nodos | revisado 4.85e-03%, faltan ~54 días [menos opciones 4.85e-03%, menos opciones + pieza menos restrictiva 2.17e-04%, reinicios, menos opciones 0.019%] (Knuth: ~113 días) | máximo colocado 59 de 64 | hilos 8 de 12
    ... 232.3 s | grupo 1/1 | 423911392 nodos | revisado 4.90e-03%, faltan ~54 días [menos opciones 4.90e-03%, menos opciones + pieza menos restrictiva 2.22e-04%, reinicios, menos opciones 0.019%] (Knuth: ~113 días) | máximo colocado 59 de 64 | hilos 8 de 12
    ... 234.3 s | grupo 1/1 | 427636803 nodos | revisado 4.93e-03%, faltan ~54 días [menos opciones 4.93e-03%, menos opciones + pieza menos restrictiva 2.23e-04%, reinicios, menos opciones 0.019%] (Knuth: ~113 días) | máximo colocado 59 de 64 | hilos 8 de 12
    ... 236.3 s | grupo 1/1 | 431283331 nodos | revisado 4.94e-03%, faltan ~55 días [menos opciones 4.94e-03%, menos opciones + pieza menos restrictiva 2.24e-04%, reinicios, menos opciones 0.019%] (Knuth: ~113 días) | máximo colocado 59 de 64 | hilos 8 de 12
    ... 238.3 s | grupo 1/1 | 434959835 nodos | revisado 4.97e-03%, faltan ~55 días [menos opciones 4.97e-03%, menos opciones + pieza menos restrictiva 2.26e-04%, reinicios, menos opciones 0.019%] (Knuth: ~113 días) | máximo colocado 59 de 64 | hilos 8 de 12
    ... 240.3 s | grupo 1/1 | 438655838 nodos | revisado 5.00e-03%, faltan ~55 días [menos opciones 5.00e-03%, menos opciones + pieza menos restrictiva 2.26e-04%, reinicios, menos opciones 0.019%] (Knuth: ~113 días) | máximo colocado 59 de 64 | hilos 8 de 12
    ... 242.3 s | grupo 1/1 | 442354187 nodos | revisado 5.03e-03%, faltan ~55 días [menos opciones 5.03e-03%, menos opciones + pieza menos restrictiva 2.27e-04%, reinicios, menos opciones 0.019%] (Knuth: ~113 días) | máximo colocado 59 de 64 | hilos 8 de 12
    ... 244.4 s | grupo 1/1 | 446068771 nodos | revisado 5.04e-03%, faltan ~55 días [menos opciones 5.04e-03%, menos opciones + pieza menos restrictiva 2.28e-04%, reinicios, menos opciones 0.019%] (Knuth: ~113 días) | máximo colocado 59 de 64 | hilos 8 de 12
    ... 246.4 s | grupo 1/1 | 449789493 nodos | revisado 5.05e-03%, faltan ~56 días [menos opciones 5.05e-03%, menos opciones + pieza menos restrictiva 2.28e-04%, reinicios, menos opciones 0.019%] (Knuth: ~113 días) | máximo colocado 59 de 64 | hilos 8 de 12
    ... 248.4 s | grupo 1/1 | 453464136 nodos | revisado 5.07e-03%, faltan ~56 días [menos opciones 5.07e-03%, menos opciones + pieza menos restrictiva 2.29e-04%, reinicios, menos opciones 0.019%] (Knuth: ~113 días) | máximo colocado 59 de 64 | hilos 8 de 12
    ... 250.4 s | grupo 1/1 | 457119193 nodos | revisado 5.09e-03%, faltan ~56 días [menos opciones 5.09e-03%, menos opciones + pieza menos restrictiva 2.30e-04%, reinicios, menos opciones 0.019%] (Knuth: ~113 días) | máximo colocado 59 de 64 | hilos 8 de 12
    ... 252.4 s | grupo 1/1 | 460818141 nodos | revisado 5.17e-03%, faltan ~56 días [menos opciones 5.17e-03%, menos opciones + pieza menos restrictiva 2.31e-04%, reinicios, menos opciones 0.020%] (Knuth: ~113 días) | máximo colocado 59 de 64 | hilos 8 de 12
    ... 254.4 s | grupo 1/1 | 464549964 nodos | revisado 5.25e-03%, faltan ~55 días [menos opciones 5.25e-03%, menos opciones + pieza menos restrictiva 2.33e-04%, reinicios, menos opciones 0.020%] (Knuth: ~113 días) | máximo colocado 59 de 64 | hilos 8 de 12
    ... 256.4 s | grupo 1/1 | 468235241 nodos | revisado 5.29e-03%, faltan ~55 días [menos opciones 5.29e-03%, menos opciones + pieza menos restrictiva 2.34e-04%, reinicios, menos opciones 0.020%] (Knuth: ~113 días) | máximo colocado 59 de 64 | hilos 8 de 12
    ... 258.4 s | grupo 1/1 | 471995309 nodos | revisado 5.33e-03%, faltan ~55 días [menos opciones 5.33e-03%, menos opciones + pieza menos restrictiva 2.35e-04%, reinicios, menos opciones 0.020%] (Knuth: ~113 días) | máximo colocado 59 de 64 | hilos 8 de 12
    ... 260.4 s | grupo 1/1 | 475703877 nodos | revisado 5.36e-03%, faltan ~56 días [menos opciones 5.36e-03%, menos opciones + pieza menos restrictiva 2.37e-04%, reinicios, menos opciones 0.020%] (Knuth: ~113 días) | máximo colocado 59 de 64 | hilos 8 de 12
    ... 262.5 s | grupo 1/1 | 479433084 nodos | revisado 5.38e-03%, faltan ~56 días [menos opciones 5.38e-03%, menos opciones + pieza menos restrictiva 2.38e-04%, reinicios, menos opciones 0.020%] (Knuth: ~113 días) | máximo colocado 59 de 64 | hilos 8 de 12
    ... 264.5 s | grupo 1/1 | 483151108 nodos | revisado 5.41e-03%, faltan ~56 días [menos opciones 5.41e-03%, menos opciones + pieza menos restrictiva 2.40e-04%, reinicios, menos opciones 0.020%] (Knuth: ~113 días) | máximo colocado 59 de 64 | hilos 8 de 12
    ... 266.5 s | grupo 1/1 | 486887804 nodos | revisado 5.45e-03%, faltan ~56 días [menos opciones 5.45e-03%, menos opciones + pieza menos restrictiva 2.41e-04%, reinicios, menos opciones 0.020%] (Knuth: ~113 días) | máximo colocado 59 de 64 | hilos 8 de 12
    ... 268.5 s | grupo 1/1 | 490673074 nodos | revisado 5.49e-03%, faltan ~56 días [menos opciones 5.49e-03%, menos opciones + pieza menos restrictiva 2.42e-04%, reinicios, menos opciones 0.021%] (Knuth: ~113 días) | máximo colocado 59 de 64 | hilos 8 de 12
    ... 270.5 s | grupo 1/1 | 494493046 nodos | revisado 5.52e-03%, faltan ~56 días [menos opciones 5.52e-03%, menos opciones + pieza menos restrictiva 2.43e-04%, reinicios, menos opciones 0.021%] (Knuth: ~113 días) | máximo colocado 59 de 64 | hilos 8 de 12
    ... 272.5 s | grupo 1/1 | 498266415 nodos | revisado 5.54e-03%, faltan ~56 días [menos opciones 5.54e-03%, menos opciones + pieza menos restrictiva 2.44e-04%, reinicios, menos opciones 0.021%] (Knuth: ~113 días) | máximo colocado 59 de 64 | hilos 8 de 12
    ... 274.5 s | grupo 1/1 | 501979387 nodos | revisado 5.57e-03%, faltan ~56 días [menos opciones 5.57e-03%, menos opciones + pieza menos restrictiva 2.47e-04%, reinicios, menos opciones 0.021%] (Knuth: ~112 días) | máximo colocado 59 de 64 | hilos 8 de 12
    ... 276.5 s | grupo 1/1 | 505735374 nodos | revisado 5.59e-03%, faltan ~57 días [menos opciones 5.59e-03%, menos opciones + pieza menos restrictiva 2.49e-04%, reinicios, menos opciones 0.021%] (Knuth: ~112 días) | máximo colocado 59 de 64 | hilos 8 de 12
    ... 278.5 s | grupo 1/1 | 509488194 nodos | revisado 5.60e-03%, faltan ~57 días [menos opciones 5.60e-03%, menos opciones + pieza menos restrictiva 2.50e-04%, reinicios, menos opciones 0.021%] (Knuth: ~112 días) | máximo colocado 59 de 64 | hilos 8 de 12
    ... 280.5 s | grupo 1/1 | 513171420 nodos | revisado 5.62e-03%, faltan ~57 días [menos opciones 5.62e-03%, menos opciones + pieza menos restrictiva 2.51e-04%, reinicios, menos opciones 0.021%] (Knuth: ~112 días) | máximo colocado 59 de 64 | hilos 8 de 12
    ... 282.6 s | grupo 1/1 | 516944566 nodos | revisado 5.65e-03%, faltan ~57 días [menos opciones 5.65e-03%, menos opciones + pieza menos restrictiva 2.51e-04%, reinicios, menos opciones 0.021%] (Knuth: ~112 días) | máximo colocado 59 de 64 | hilos 8 de 12
    ... 284.6 s | grupo 1/1 | 520722001 nodos | revisado 5.68e-03%, faltan ~57 días [menos opciones 5.68e-03%, menos opciones + pieza menos restrictiva 2.53e-04%, reinicios, menos opciones 0.021%] (Knuth: ~112 días) | máximo colocado 59 de 64 | hilos 8 de 12
    ... 286.6 s | grupo 1/1 | 524422897 nodos | revisado 5.71e-03%, faltan ~57 días [menos opciones 5.71e-03%, menos opciones + pieza menos restrictiva 2.55e-04%, reinicios, menos opciones 0.022%] (Knuth: ~112 días) | máximo colocado 59 de 64 | hilos 8 de 12
    ... 288.6 s | grupo 1/1 | 528114898 nodos | revisado 5.74e-03%, faltan ~58 días [menos opciones 5.74e-03%, menos opciones + pieza menos restrictiva 2.57e-04%, reinicios, menos opciones 0.022%] (Knuth: ~112 días) | máximo colocado 59 de 64 | hilos 8 de 12
    ... 290.6 s | grupo 1/1 | 531810408 nodos | revisado 5.77e-03%, faltan ~58 días [menos opciones 5.77e-03%, menos opciones + pieza menos restrictiva 2.58e-04%, reinicios, menos opciones 0.022%] (Knuth: ~112 días) | máximo colocado 59 de 64 | hilos 8 de 12
    ... 292.6 s | grupo 1/1 | 535505656 nodos | revisado 5.79e-03%, faltan ~58 días [menos opciones 5.79e-03%, menos opciones + pieza menos restrictiva 2.59e-04%, reinicios, menos opciones 0.022%] (Knuth: ~112 días) | máximo colocado 59 de 64 | hilos 8 de 12
    ... 294.6 s | grupo 1/1 | 539251006 nodos | revisado 5.80e-03%, faltan ~58 días [menos opciones 5.80e-03%, menos opciones + pieza menos restrictiva 2.61e-04%, reinicios, menos opciones 0.023%] (Knuth: ~112 días) | máximo colocado 59 de 64 | hilos 8 de 12
    ... 296.6 s | grupo 1/1 | 542860620 nodos | revisado 5.82e-03%, faltan ~58 días [menos opciones 5.82e-03%, menos opciones + pieza menos restrictiva 2.62e-04%, reinicios, menos opciones 0.023%] (Knuth: ~112 días) | máximo colocado 59 de 64 | hilos 8 de 12
    ... 298.6 s | grupo 1/1 | 546495659 nodos | revisado 5.84e-03%, faltan ~59 días [menos opciones 5.84e-03%, menos opciones + pieza menos restrictiva 2.63e-04%, reinicios, menos opciones 0.024%] (Knuth: ~113 días) | máximo colocado 59 de 64 | hilos 8 de 12
[4] Grupo 1: cortado por límite de tiempo
[5] Tiempo total: 5 min
RESULTADO resuelto=0 ms=300012.8 marcos=0 nodos=549067776 grupos=1/1 hilos=12 t_marcos=0.000 t_interior=297.002 lados=0 unificado=1 max_colocadas=59 motivo=limite
