[0] Tablero 8x8, 10 colores, 12 hilos
[1] Esquinas juntas: las esquinas son parte de la búsqueda; un solo recorrido para todos los grupos
    grupo 1, orden menos opciones: estimado 7.62e+13 nodos
    grupo 1, orden interior primero: estimado 3.29e+11 nodos
[1] Estimado de Knuth por grupo (nodos): 3.29e+11(i)   (i) = interior primero
[2] Grupo 1/1: ruta unificada (mapas por lado), orden: interior primero; grupo grande: 3 estrategias a la vez (normal, pieza menos restrictiva, reinicios)
    ... 5.0 s | grupo 1/1 | 3675413 nodos | revisado 1.25e-03%, faltan ~44.5 h [interior primero 1.25e-03%, interior primero + pieza menos restrictiva 7.31e-06%, reinicios, interior primero 2.0%] (Knuth: ~2 días) | máximo colocado 49 de 64 | hilos 8 de 12
    ... 7.0 s | grupo 1/1 | 7376735 nodos | revisado 2.43e-03%, faltan ~45.8 h [interior primero 2.43e-03%, interior primero + pieza menos restrictiva 1.70e-05%, reinicios, interior primero 2.0%] (Knuth: ~2 días) | máximo colocado 49 de 64 | hilos 8 de 12
    ... 9.0 s | grupo 1/1 | 11125386 nodos | revisado 3.10e-03%, faltan ~2 días [interior primero 3.10e-03%, interior primero + pieza menos restrictiva 3.01e-05%, reinicios, interior primero 3.0%] (Knuth: ~2 días) | máximo colocado 49 de 64 | hilos 8 de 12
    ... 11.0 s | grupo 1/1 | 14839738 nodos | revisado 3.33e-03%, faltan ~3 días [interior primero 3.33e-03%, interior primero + pieza menos restrictiva 4.69e-05%, reinicios, interior primero 4.0%] (Knuth: ~2 días) | máximo colocado 49 de 64 | hilos 8 de 12
    ... 13.0 s | grupo 1/1 | 18547908 nodos | revisado 3.94e-03%, faltan ~3 días [interior primero 3.94e-03%, interior primero + pieza menos restrictiva 5.98e-05%, reinicios, interior primero 4.1%] (Knuth: ~2 días) | máximo colocado 49 de 64 | hilos 8 de 12
    ... 15.0 s | grupo 1/1 | 22216588 nodos | revisado 5.69e-03%, faltan ~2 días [interior primero 5.69e-03%, interior primero + pieza menos restrictiva 6.84e-05%, reinicios, interior primero 4.1%] (Knuth: ~2 días) | máximo colocado 49 de 64 | hilos 8 de 12
    ... 17.1 s | grupo 1/1 | 25932887 nodos | revisado 5.91e-03%, faltan ~3 días [interior primero 5.91e-03%, interior primero + pieza menos restrictiva 8.16e-05%, reinicios, interior primero 6.1%] (Knuth: ~2 días) | máximo colocado 49 de 64 | hilos 8 de 12
    ... 19.1 s | grupo 1/1 | 29652437 nodos | revisado 6.12e-03%, faltan ~3 días [interior primero 6.12e-03%, interior primero + pieza menos restrictiva 9.79e-05%, reinicios, interior primero 6.1%] (Knuth: ~2 días) | máximo colocado 49 de 64 | hilos 8 de 12
    ... 21.1 s | grupo 1/1 | 33352871 nodos | revisado 7.27e-03%, faltan ~3 días [interior primero 7.27e-03%, interior primero + pieza menos restrictiva 1.19e-04%, reinicios, interior primero 6.1%] (Knuth: ~2 días) | máximo colocado 50 de 64 | hilos 8 de 12
    ... 23.1 s | grupo 1/1 | 37079158 nodos | revisado 9.28e-03%, faltan ~3 días [interior primero 9.28e-03%, interior primero + pieza menos restrictiva 1.38e-04%, reinicios, interior primero 6.1%] (Knuth: ~2 días) | máximo colocado 51 de 64 | hilos 8 de 12
    ... 25.1 s | grupo 1/1 | 40770443 nodos | revisado 0.011%, faltan ~2 días [interior primero 0.011%, interior primero + pieza menos restrictiva 1.55e-04%, reinicios, interior primero 7.1%] (Knuth: ~2 días) | máximo colocado 51 de 64 | hilos 8 de 12
    ... 27.1 s | grupo 1/1 | 44480322 nodos | revisado 0.011%, faltan ~2 días [interior primero 0.011%, interior primero + pieza menos restrictiva 1.74e-04%, reinicios, interior primero 8.1%] (Knuth: ~2 días) | máximo colocado 51 de 64 | hilos 8 de 12
    ... 29.1 s | grupo 1/1 | 48205975 nodos | revisado 0.012%, faltan ~2 días [interior primero 0.012%, interior primero + pieza menos restrictiva 2.01e-04%, reinicios, interior primero 8.1%] (Knuth: ~2 días) | máximo colocado 51 de 64 | hilos 8 de 12
    ... 31.1 s | grupo 1/1 | 51922982 nodos | revisado 0.012%, faltan ~3 días [interior primero 0.012%, interior primero + pieza menos restrictiva 2.16e-04%, reinicios, interior primero 8.1%] (Knuth: ~2 días) | máximo colocado 51 de 64 | hilos 8 de 12
    ... 33.1 s | grupo 1/1 | 55651820 nodos | revisado 0.013%, faltan ~3 días [interior primero 0.013%, interior primero + pieza menos restrictiva 2.34e-04%, reinicios, interior primero 8.1%] (Knuth: ~2 días) | máximo colocado 51 de 64 | hilos 8 de 12
    ... 35.1 s | grupo 1/1 | 59369691 nodos | revisado 0.013%, faltan ~3 días [interior primero 0.013%, interior primero + pieza menos restrictiva 2.59e-04%, reinicios, interior primero 9.1%] (Knuth: ~2 días) | máximo colocado 51 de 64 | hilos 8 de 12
    ... 37.1 s | grupo 1/1 | 63112551 nodos | revisado 0.013%, faltan ~3 días [interior primero 0.013%, interior primero + pieza menos restrictiva 2.99e-04%, reinicios, interior primero 10.2%] (Knuth: ~2 días) | máximo colocado 51 de 64 | hilos 8 de 12
    ... 39.1 s | grupo 1/1 | 66856577 nodos | revisado 0.014%, faltan ~3 días [interior primero 0.014%, interior primero + pieza menos restrictiva 3.15e-04%, reinicios, interior primero 10.2%] (Knuth: ~2 días) | máximo colocado 51 de 64 | hilos 8 de 12
    ... 41.2 s | grupo 1/1 | 70538881 nodos | revisado 0.015%, faltan ~3 días [interior primero 0.015%, interior primero + pieza menos restrictiva 3.32e-04%, reinicios, interior primero 10.2%] (Knuth: ~2 días) | máximo colocado 51 de 64 | hilos 8 de 12
    ... 43.2 s | grupo 1/1 | 74253067 nodos | revisado 0.015%, faltan ~3 días [interior primero 0.015%, interior primero + pieza menos restrictiva 3.84e-04%, reinicios, interior primero 10.2%] (Knuth: ~2 días) | máximo colocado 51 de 64 | hilos 8 de 12
    ... 45.2 s | grupo 1/1 | 77952327 nodos | revisado 0.016%, faltan ~3 días [interior primero 0.016%, interior primero + pieza menos restrictiva 4.19e-04%, reinicios, interior primero 10.2%] (Knuth: ~2 días) | máximo colocado 51 de 64 | hilos 8 de 12
    ... 47.2 s | grupo 1/1 | 81680114 nodos | revisado 0.017%, faltan ~3 días [interior primero 0.017%, interior primero + pieza menos restrictiva 4.52e-04%, reinicios, interior primero 11.2%] (Knuth: ~2 días) | máximo colocado 51 de 64 | hilos 8 de 12
    ... 49.2 s | grupo 1/1 | 85403595 nodos | revisado 0.017%, faltan ~3 días [interior primero 0.017%, interior primero + pieza menos restrictiva 4.88e-04%, reinicios, interior primero 11.2%] (Knuth: ~2 días) | máximo colocado 51 de 64 | hilos 8 de 12
    ... 51.2 s | grupo 1/1 | 89121695 nodos | revisado 0.017%, faltan ~3 días [interior primero 0.017%, interior primero + pieza menos restrictiva 5.16e-04%, reinicios, interior primero 11.2%] (Knuth: ~2 días) | máximo colocado 51 de 64 | hilos 8 de 12
    ... 53.2 s | grupo 1/1 | 92826362 nodos | revisado 0.018%, faltan ~3 días [interior primero 0.018%, interior primero + pieza menos restrictiva 5.38e-04%, reinicios, interior primero 12.2%] (Knuth: ~2 días) | máximo colocado 51 de 64 | hilos 8 de 12
    ... 55.2 s | grupo 1/1 | 96523132 nodos | revisado 0.018%, faltan ~3 días [interior primero 0.018%, interior primero + pieza menos restrictiva 5.80e-04%, reinicios, interior primero 14.2%] (Knuth: ~2 días) | máximo colocado 51 de 64 | hilos 8 de 12
    portafolio: encontró la solución el equipo "reinicios, interior primero" (nodos: interior primero 36420608, interior primero + pieza menos restrictiva 28061696, reinicios, interior primero 35698223)
[4] Grupo 1: SOLUCIÓN. Verificación: OK
[5] Tiempo total: 57 s
RESULTADO resuelto=1 ms=57213.7 marcos=0 nodos=100180527 grupos=1/1 hilos=12 t_marcos=0.000 t_interior=54.203 lados=0 unificado=1 max_colocadas=64
