[0] Tablero 8x8, 11 colores, 12 hilos
[1] Esquinas juntas: las esquinas son parte de la búsqueda; un solo recorrido para todos los grupos
    grupo 1, orden menos opciones: estimado 6.67e+11 nodos
    grupo 1, orden interior primero: estimado 6.82e+11 nodos
[1] Estimado de Knuth por grupo (nodos): 6.67e+11   (i) = interior primero
[2] Grupo 1/1: ruta unificada (mapas por lado), orden: menos opciones; grupo grande: 3 estrategias a la vez (normal, pieza menos restrictiva, reinicios)
    ... 5.0 s | grupo 1/1 | 3605015 nodos | revisado 5.42e-05%, faltan ~43 días [menos opciones 5.42e-05%, menos opciones + pieza menos restrictiva 2.68e-05%, reinicios, menos opciones 4.30e-03%] (Knuth: ~4 días) | máximo colocado 54 de 64 | hilos 8 de 12
    ... 7.0 s | grupo 1/1 | 7222128 nodos | revisado 1.10e-04%, faltan ~42 días [menos opciones 1.10e-04%, menos opciones + pieza menos restrictiva 7.21e-05%, reinicios, menos opciones 0.011%] (Knuth: ~4 días) | máximo colocado 55 de 64 | hilos 8 de 12
    ... 9.0 s | grupo 1/1 | 10812169 nodos | revisado 2.20e-04%, faltan ~32 días [menos opciones 2.20e-04%, menos opciones + pieza menos restrictiva 1.65e-04%, reinicios, menos opciones 0.015%] (Knuth: ~4 días) | máximo colocado 56 de 64 | hilos 8 de 12
    ... 11.1 s | grupo 1/1 | 14336896 nodos | revisado 3.59e-04%, faltan ~26 días [menos opciones 3.59e-04%, menos opciones + pieza menos restrictiva 2.57e-04%, reinicios, menos opciones 0.018%] (Knuth: ~4 días) | máximo colocado 56 de 64 | hilos 8 de 12
    ... 13.1 s | grupo 1/1 | 17975831 nodos | revisado 5.29e-04%, faltan ~22 días [menos opciones 5.29e-04%, menos opciones + pieza menos restrictiva 2.87e-04%, reinicios, menos opciones 0.020%] (Knuth: ~4 días) | máximo colocado 56 de 64 | hilos 8 de 12
    ... 15.1 s | grupo 1/1 | 21633866 nodos | revisado 7.84e-04%, faltan ~18 días [menos opciones 7.84e-04%, menos opciones + pieza menos restrictiva 3.35e-04%, reinicios, menos opciones 0.023%] (Knuth: ~4 días) | máximo colocado 56 de 64 | hilos 8 de 12
    ... 17.1 s | grupo 1/1 | 25249042 nodos | revisado 9.04e-04%, faltan ~18 días [menos opciones 9.04e-04%, menos opciones + pieza menos restrictiva 4.08e-04%, reinicios, menos opciones 0.026%] (Knuth: ~4 días) | máximo colocado 56 de 64 | hilos 8 de 12
    ... 19.1 s | grupo 1/1 | 28962389 nodos | revisado 9.58e-04%, faltan ~19 días [menos opciones 9.58e-04%, menos opciones + pieza menos restrictiva 4.87e-04%, reinicios, menos opciones 0.032%] (Knuth: ~4 días) | máximo colocado 56 de 64 | hilos 8 de 12
    ... 21.1 s | grupo 1/1 | 32564288 nodos | revisado 1.13e-03%, faltan ~19 días [menos opciones 1.13e-03%, menos opciones + pieza menos restrictiva 5.43e-04%, reinicios, menos opciones 0.034%] (Knuth: ~4 días) | máximo colocado 56 de 64 | hilos 8 de 12
    ... 23.1 s | grupo 1/1 | 36176751 nodos | revisado 1.40e-03%, faltan ~17 días [menos opciones 1.40e-03%, menos opciones + pieza menos restrictiva 6.44e-04%, reinicios, menos opciones 0.036%] (Knuth: ~4 días) | máximo colocado 56 de 64 | hilos 8 de 12
    ... 25.1 s | grupo 1/1 | 39804510 nodos | revisado 1.49e-03%, faltan ~17 días [menos opciones 1.49e-03%, menos opciones + pieza menos restrictiva 7.52e-04%, reinicios, menos opciones 0.040%] (Knuth: ~4 días) | máximo colocado 56 de 64 | hilos 8 de 12
    ... 27.1 s | grupo 1/1 | 43400777 nodos | revisado 1.54e-03%, faltan ~18 días [menos opciones 1.54e-03%, menos opciones + pieza menos restrictiva 8.33e-04%, reinicios, menos opciones 0.045%] (Knuth: ~4 días) | máximo colocado 56 de 64 | hilos 8 de 12
    ... 29.1 s | grupo 1/1 | 47036326 nodos | revisado 1.63e-03%, faltan ~19 días [menos opciones 1.63e-03%, menos opciones + pieza menos restrictiva 9.04e-04%, reinicios, menos opciones 0.048%] (Knuth: ~4 días) | máximo colocado 56 de 64 | hilos 8 de 12
    ... 31.1 s | grupo 1/1 | 50742424 nodos | revisado 1.67e-03%, faltan ~19 días [menos opciones 1.67e-03%, menos opciones + pieza menos restrictiva 9.64e-04%, reinicios, menos opciones 0.050%] (Knuth: ~4 días) | máximo colocado 56 de 64 | hilos 8 de 12
    ... 33.1 s | grupo 1/1 | 54405075 nodos | revisado 1.70e-03%, faltan ~21 días [menos opciones 1.70e-03%, menos opciones + pieza menos restrictiva 9.92e-04%, reinicios, menos opciones 0.051%] (Knuth: ~4 días) | máximo colocado 56 de 64 | hilos 8 de 12
    ... 35.1 s | grupo 1/1 | 58042446 nodos | revisado 1.78e-03%, faltan ~21 días [menos opciones 1.78e-03%, menos opciones + pieza menos restrictiva 1.02e-03%, reinicios, menos opciones 0.056%] (Knuth: ~4 días) | máximo colocado 56 de 64 | hilos 8 de 12
    ... 37.1 s | grupo 1/1 | 61702787 nodos | revisado 1.87e-03%, faltan ~21 días [menos opciones 1.87e-03%, menos opciones + pieza menos restrictiva 1.06e-03%, reinicios, menos opciones 0.058%] (Knuth: ~4 días) | máximo colocado 56 de 64 | hilos 8 de 12
    ... 39.2 s | grupo 1/1 | 65374782 nodos | revisado 1.97e-03%, faltan ~21 días [menos opciones 1.97e-03%, menos opciones + pieza menos restrictiva 1.11e-03%, reinicios, menos opciones 0.061%] (Knuth: ~4 días) | máximo colocado 56 de 64 | hilos 8 de 12
    ... 41.2 s | grupo 1/1 | 69077177 nodos | revisado 2.06e-03%, faltan ~21 días [menos opciones 2.06e-03%, menos opciones + pieza menos restrictiva 1.15e-03%, reinicios, menos opciones 0.065%] (Knuth: ~4 días) | máximo colocado 56 de 64 | hilos 8 de 12
    ... 43.2 s | grupo 1/1 | 72872463 nodos | revisado 2.21e-03%, faltan ~21 días [menos opciones 2.21e-03%, menos opciones + pieza menos restrictiva 1.17e-03%, reinicios, menos opciones 0.066%] (Knuth: ~4 días) | máximo colocado 56 de 64 | hilos 8 de 12
    ... 45.2 s | grupo 1/1 | 76587788 nodos | revisado 2.41e-03%, faltan ~20 días [menos opciones 2.41e-03%, menos opciones + pieza menos restrictiva 1.19e-03%, reinicios, menos opciones 0.066%] (Knuth: ~4 días) | máximo colocado 56 de 64 | hilos 8 de 12
    ... 47.2 s | grupo 1/1 | 80346987 nodos | revisado 2.50e-03%, faltan ~20 días [menos opciones 2.50e-03%, menos opciones + pieza menos restrictiva 1.22e-03%, reinicios, menos opciones 0.067%] (Knuth: ~4 días) | máximo colocado 56 de 64 | hilos 8 de 12
    ... 49.2 s | grupo 1/1 | 84112087 nodos | revisado 2.61e-03%, faltan ~20 días [menos opciones 2.61e-03%, menos opciones + pieza menos restrictiva 1.25e-03%, reinicios, menos opciones 0.069%] (Knuth: ~4 días) | máximo colocado 56 de 64 | hilos 8 de 12
    ... 51.2 s | grupo 1/1 | 87791175 nodos | revisado 2.79e-03%, faltan ~20 días [menos opciones 2.79e-03%, menos opciones + pieza menos restrictiva 1.28e-03%, reinicios, menos opciones 0.070%] (Knuth: ~4 días) | máximo colocado 57 de 64 | hilos 8 de 12
    ... 53.2 s | grupo 1/1 | 91433309 nodos | revisado 2.89e-03%, faltan ~20 días [menos opciones 2.89e-03%, menos opciones + pieza menos restrictiva 1.41e-03%, reinicios, menos opciones 0.074%] (Knuth: ~4 días) | máximo colocado 57 de 64 | hilos 8 de 12
    ... 55.2 s | grupo 1/1 | 95068701 nodos | revisado 3.09e-03%, faltan ~20 días [menos opciones 3.09e-03%, menos opciones + pieza menos restrictiva 1.51e-03%, reinicios, menos opciones 0.076%] (Knuth: ~4 días) | máximo colocado 57 de 64 | hilos 8 de 12
    ... 57.2 s | grupo 1/1 | 98712348 nodos | revisado 3.15e-03%, faltan ~20 días [menos opciones 3.15e-03%, menos opciones + pieza menos restrictiva 1.65e-03%, reinicios, menos opciones 0.080%] (Knuth: ~4 días) | máximo colocado 57 de 64 | hilos 8 de 12
    ... 59.3 s | grupo 1/1 | 102306649 nodos | revisado 3.21e-03%, faltan ~20 días [menos opciones 3.21e-03%, menos opciones + pieza menos restrictiva 1.77e-03%, reinicios, menos opciones 0.083%] (Knuth: ~4 días) | máximo colocado 57 de 64 | hilos 8 de 12
    ... 61.3 s | grupo 1/1 | 105839662 nodos | revisado 3.40e-03%, faltan ~20 días [menos opciones 3.40e-03%, menos opciones + pieza menos restrictiva 1.91e-03%, reinicios, menos opciones 0.084%] (Knuth: ~4 días) | máximo colocado 57 de 64 | hilos 8 de 12
    ... 63.3 s | grupo 1/1 | 109412734 nodos | revisado 3.52e-03%, faltan ~20 días [menos opciones 3.52e-03%, menos opciones + pieza menos restrictiva 2.04e-03%, reinicios, menos opciones 0.088%] (Knuth: ~4 días) | máximo colocado 57 de 64 | hilos 8 de 12
    ... 65.3 s | grupo 1/1 | 113025722 nodos | revisado 3.60e-03%, faltan ~20 días [menos opciones 3.60e-03%, menos opciones + pieza menos restrictiva 2.24e-03%, reinicios, menos opciones 0.089%] (Knuth: ~4 días) | máximo colocado 57 de 64 | hilos 8 de 12
    ... 67.3 s | grupo 1/1 | 116692947 nodos | revisado 3.67e-03%, faltan ~20 días [menos opciones 3.67e-03%, menos opciones + pieza menos restrictiva 2.41e-03%, reinicios, menos opciones 0.094%] (Knuth: ~4 días) | máximo colocado 57 de 64 | hilos 8 de 12
    ... 69.3 s | grupo 1/1 | 120260609 nodos | revisado 3.79e-03%, faltan ~20 días [menos opciones 3.79e-03%, menos opciones + pieza menos restrictiva 2.57e-03%, reinicios, menos opciones 0.102%] (Knuth: ~4 días) | máximo colocado 57 de 64 | hilos 8 de 12
    ... 71.3 s | grupo 1/1 | 123662277 nodos | revisado 3.87e-03%, faltan ~20 días [menos opciones 3.87e-03%, menos opciones + pieza menos restrictiva 2.73e-03%, reinicios, menos opciones 0.102%] (Knuth: ~4 días) | máximo colocado 57 de 64 | hilos 8 de 12
    ... 73.3 s | grupo 1/1 | 127261246 nodos | revisado 4.15e-03%, faltan ~20 días [menos opciones 4.15e-03%, menos opciones + pieza menos restrictiva 2.80e-03%, reinicios, menos opciones 0.104%] (Knuth: ~4 días) | máximo colocado 57 de 64 | hilos 8 de 12
    ... 75.3 s | grupo 1/1 | 130717177 nodos | revisado 4.17e-03%, faltan ~20 días [menos opciones 4.17e-03%, menos opciones + pieza menos restrictiva 2.90e-03%, reinicios, menos opciones 0.106%] (Knuth: ~4 días) | máximo colocado 57 de 64 | hilos 8 de 12
    ... 77.3 s | grupo 1/1 | 134248798 nodos | revisado 4.28e-03%, faltan ~20 días [menos opciones 4.28e-03%, menos opciones + pieza menos restrictiva 2.96e-03%, reinicios, menos opciones 0.108%] (Knuth: ~4 días) | máximo colocado 57 de 64 | hilos 8 de 12
    ... 79.3 s | grupo 1/1 | 137802128 nodos | revisado 4.44e-03%, faltan ~20 días [menos opciones 4.44e-03%, menos opciones + pieza menos restrictiva 3.07e-03%, reinicios, menos opciones 0.113%] (Knuth: ~4 días) | máximo colocado 57 de 64 | hilos 8 de 12
    ... 81.3 s | grupo 1/1 | 141245126 nodos | revisado 4.60e-03%, faltan ~20 días [menos opciones 4.60e-03%, menos opciones + pieza menos restrictiva 3.21e-03%, reinicios, menos opciones 0.116%] (Knuth: ~4 días) | máximo colocado 57 de 64 | hilos 8 de 12
    ... 83.3 s | grupo 1/1 | 144774338 nodos | revisado 4.81e-03%, faltan ~19 días [menos opciones 4.81e-03%, menos opciones + pieza menos restrictiva 3.27e-03%, reinicios, menos opciones 0.117%] (Knuth: ~4 días) | máximo colocado 57 de 64 | hilos 8 de 12
    ... 85.3 s | grupo 1/1 | 148351098 nodos | revisado 4.94e-03%, faltan ~19 días [menos opciones 4.94e-03%, menos opciones + pieza menos restrictiva 3.33e-03%, reinicios, menos opciones 0.122%] (Knuth: ~4 días) | máximo colocado 57 de 64 | hilos 8 de 12
    ... 87.4 s | grupo 1/1 | 151751840 nodos | revisado 5.09e-03%, faltan ~19 días [menos opciones 5.09e-03%, menos opciones + pieza menos restrictiva 3.40e-03%, reinicios, menos opciones 0.125%] (Knuth: ~4 días) | máximo colocado 57 de 64 | hilos 8 de 12
    ... 89.4 s | grupo 1/1 | 154974425 nodos | revisado 5.12e-03%, faltan ~20 días [menos opciones 5.12e-03%, menos opciones + pieza menos restrictiva 3.49e-03%, reinicios, menos opciones 0.128%] (Knuth: ~4 días) | máximo colocado 57 de 64 | hilos 8 de 12
    ... 91.4 s | grupo 1/1 | 158350124 nodos | revisado 5.25e-03%, faltan ~19 días [menos opciones 5.25e-03%, menos opciones + pieza menos restrictiva 3.58e-03%, reinicios, menos opciones 0.130%] (Knuth: ~4 días) | máximo colocado 57 de 64 | hilos 8 de 12
    ... 93.4 s | grupo 1/1 | 161829688 nodos | revisado 5.38e-03%, faltan ~19 días [menos opciones 5.38e-03%, menos opciones + pieza menos restrictiva 3.64e-03%, reinicios, menos opciones 0.132%] (Knuth: ~4 días) | máximo colocado 57 de 64 | hilos 8 de 12
    ... 95.4 s | grupo 1/1 | 165371938 nodos | revisado 5.42e-03%, faltan ~20 días [menos opciones 5.42e-03%, menos opciones + pieza menos restrictiva 3.71e-03%, reinicios, menos opciones 0.134%] (Knuth: ~4 días) | máximo colocado 57 de 64 | hilos 8 de 12
    ... 97.4 s | grupo 1/1 | 168923347 nodos | revisado 5.48e-03%, faltan ~20 días [menos opciones 5.48e-03%, menos opciones + pieza menos restrictiva 3.80e-03%, reinicios, menos opciones 0.135%] (Knuth: ~4 días) | máximo colocado 57 de 64 | hilos 8 de 12
    ... 99.4 s | grupo 1/1 | 172674685 nodos | revisado 5.54e-03%, faltan ~20 días [menos opciones 5.54e-03%, menos opciones + pieza menos restrictiva 3.90e-03%, reinicios, menos opciones 0.136%] (Knuth: ~4 días) | máximo colocado 57 de 64 | hilos 8 de 12
    ... 101.4 s | grupo 1/1 | 176272276 nodos | revisado 5.59e-03%, faltan ~20 días [menos opciones 5.59e-03%, menos opciones + pieza menos restrictiva 3.98e-03%, reinicios, menos opciones 0.137%] (Knuth: ~4 días) | máximo colocado 57 de 64 | hilos 8 de 12
    ... 103.4 s | grupo 1/1 | 179919665 nodos | revisado 5.64e-03%, faltan ~21 días [menos opciones 5.64e-03%, menos opciones + pieza menos restrictiva 4.04e-03%, reinicios, menos opciones 0.139%] (Knuth: ~4 días) | máximo colocado 57 de 64 | hilos 8 de 12
    ... 105.4 s | grupo 1/1 | 183418297 nodos | revisado 5.71e-03%, faltan ~21 días [menos opciones 5.71e-03%, menos opciones + pieza menos restrictiva 4.13e-03%, reinicios, menos opciones 0.141%] (Knuth: ~4 días) | máximo colocado 57 de 64 | hilos 8 de 12
    ... 107.4 s | grupo 1/1 | 186976685 nodos | revisado 5.79e-03%, faltan ~21 días [menos opciones 5.79e-03%, menos opciones + pieza menos restrictiva 4.22e-03%, reinicios, menos opciones 0.143%] (Knuth: ~4 días) | máximo colocado 57 de 64 | hilos 8 de 12
    ... 109.5 s | grupo 1/1 | 190621724 nodos | revisado 6.08e-03%, faltan ~20 días [menos opciones 6.08e-03%, menos opciones + pieza menos restrictiva 4.33e-03%, reinicios, menos opciones 0.144%] (Knuth: ~4 días) | máximo colocado 57 de 64 | hilos 8 de 12
    ... 111.5 s | grupo 1/1 | 194126215 nodos | revisado 6.20e-03%, faltan ~20 días [menos opciones 6.20e-03%, menos opciones + pieza menos restrictiva 4.42e-03%, reinicios, menos opciones 0.150%] (Knuth: ~4 días) | máximo colocado 57 de 64 | hilos 8 de 12
    ... 113.5 s | grupo 1/1 | 197671514 nodos | revisado 6.62e-03%, faltan ~19 días [menos opciones 6.62e-03%, menos opciones + pieza menos restrictiva 4.48e-03%, reinicios, menos opciones 0.152%] (Knuth: ~4 días) | máximo colocado 57 de 64 | hilos 8 de 12
    ... 115.5 s | grupo 1/1 | 201256530 nodos | revisado 6.81e-03%, faltan ~19 días [menos opciones 6.81e-03%, menos opciones + pieza menos restrictiva 4.51e-03%, reinicios, menos opciones 0.153%] (Knuth: ~4 días) | máximo colocado 57 de 64 | hilos 8 de 12
    ... 117.5 s | grupo 1/1 | 204790048 nodos | revisado 6.86e-03%, faltan ~19 días [menos opciones 6.86e-03%, menos opciones + pieza menos restrictiva 4.54e-03%, reinicios, menos opciones 0.154%] (Knuth: ~4 días) | máximo colocado 57 de 64 | hilos 8 de 12
    ... 119.5 s | grupo 1/1 | 208367006 nodos | revisado 6.91e-03%, faltan ~20 días [menos opciones 6.91e-03%, menos opciones + pieza menos restrictiva 4.59e-03%, reinicios, menos opciones 0.155%] (Knuth: ~4 días) | máximo colocado 57 de 64 | hilos 8 de 12
    ... 121.5 s | grupo 1/1 | 211924711 nodos | revisado 7.07e-03%, faltan ~19 días [menos opciones 7.07e-03%, menos opciones + pieza menos restrictiva 4.63e-03%, reinicios, menos opciones 0.156%] (Knuth: ~4 días) | máximo colocado 57 de 64 | hilos 8 de 12
    ... 123.5 s | grupo 1/1 | 215524899 nodos | revisado 7.14e-03%, faltan ~20 días [menos opciones 7.14e-03%, menos opciones + pieza menos restrictiva 4.68e-03%, reinicios, menos opciones 0.160%] (Knuth: ~4 días) | máximo colocado 57 de 64 | hilos 8 de 12
    ... 125.5 s | grupo 1/1 | 219085494 nodos | revisado 7.25e-03%, faltan ~20 días [menos opciones 7.25e-03%, menos opciones + pieza menos restrictiva 4.80e-03%, reinicios, menos opciones 0.166%] (Knuth: ~4 días) | máximo colocado 57 de 64 | hilos 8 de 12
    ... 127.5 s | grupo 1/1 | 222595660 nodos | revisado 7.34e-03%, faltan ~20 días [menos opciones 7.34e-03%, menos opciones + pieza menos restrictiva 4.91e-03%, reinicios, menos opciones 0.168%] (Knuth: ~4 días) | máximo colocado 57 de 64 | hilos 8 de 12
    ... 129.5 s | grupo 1/1 | 226075580 nodos | revisado 7.45e-03%, faltan ~20 días [menos opciones 7.45e-03%, menos opciones + pieza menos restrictiva 4.95e-03%, reinicios, menos opciones 0.170%] (Knuth: ~4 días) | máximo colocado 57 de 64 | hilos 8 de 12
    ... 131.6 s | grupo 1/1 | 229531202 nodos | revisado 7.53e-03%, faltan ~20 días [menos opciones 7.53e-03%, menos opciones + pieza menos restrictiva 4.99e-03%, reinicios, menos opciones 0.173%] (Knuth: ~4 días) | máximo colocado 57 de 64 | hilos 8 de 12
    ... 133.6 s | grupo 1/1 | 233187304 nodos | revisado 7.68e-03%, faltan ~20 días [menos opciones 7.68e-03%, menos opciones + pieza menos restrictiva 5.11e-03%, reinicios, menos opciones 0.175%] (Knuth: ~4 días) | máximo colocado 57 de 64 | hilos 8 de 12
    ... 135.6 s | grupo 1/1 | 236760074 nodos | revisado 8.09e-03%, faltan ~19 días [menos opciones 8.09e-03%, menos opciones + pieza menos restrictiva 5.14e-03%, reinicios, menos opciones 0.177%] (Knuth: ~4 días) | máximo colocado 57 de 64 | hilos 8 de 12
    ... 137.6 s | grupo 1/1 | 240365152 nodos | revisado 8.30e-03%, faltan ~19 días [menos opciones 8.30e-03%, menos opciones + pieza menos restrictiva 5.16e-03%, reinicios, menos opciones 0.179%] (Knuth: ~4 días) | máximo colocado 57 de 64 | hilos 8 de 12
    ... 139.6 s | grupo 1/1 | 244029711 nodos | revisado 8.36e-03%, faltan ~19 días [menos opciones 8.36e-03%, menos opciones + pieza menos restrictiva 5.20e-03%, reinicios, menos opciones 0.184%] (Knuth: ~4 días) | máximo colocado 57 de 64 | hilos 8 de 12
    ... 141.6 s | grupo 1/1 | 247672207 nodos | revisado 8.46e-03%, faltan ~19 días [menos opciones 8.46e-03%, menos opciones + pieza menos restrictiva 5.25e-03%, reinicios, menos opciones 0.187%] (Knuth: ~4 días) | máximo colocado 57 de 64 | hilos 8 de 12
    ... 143.6 s | grupo 1/1 | 251242603 nodos | revisado 8.51e-03%, faltan ~19 días [menos opciones 8.51e-03%, menos opciones + pieza menos restrictiva 5.29e-03%, reinicios, menos opciones 0.191%] (Knuth: ~4 días) | máximo colocado 57 de 64 | hilos 8 de 12
    ... 145.6 s | grupo 1/1 | 254864720 nodos | revisado 8.59e-03%, faltan ~19 días [menos opciones 8.59e-03%, menos opciones + pieza menos restrictiva 5.38e-03%, reinicios, menos opciones 0.195%] (Knuth: ~4 días) | máximo colocado 57 de 64 | hilos 8 de 12
    ... 147.6 s | grupo 1/1 | 258512240 nodos | revisado 8.63e-03%, faltan ~19 días [menos opciones 8.63e-03%, menos opciones + pieza menos restrictiva 5.43e-03%, reinicios, menos opciones 0.198%] (Knuth: ~4 días) | máximo colocado 57 de 64 | hilos 8 de 12
    ... 149.6 s | grupo 1/1 | 262057624 nodos | revisado 8.67e-03%, faltan ~20 días [menos opciones 8.67e-03%, menos opciones + pieza menos restrictiva 5.44e-03%, reinicios, menos opciones 0.199%] (Knuth: ~4 días) | máximo colocado 57 de 64 | hilos 8 de 12
    ... 151.6 s | grupo 1/1 | 265551166 nodos | revisado 8.73e-03%, faltan ~20 días [menos opciones 8.73e-03%, menos opciones + pieza menos restrictiva 5.48e-03%, reinicios, menos opciones 0.201%] (Knuth: ~4 días) | máximo colocado 57 de 64 | hilos 8 de 12
    ... 153.6 s | grupo 1/1 | 269120072 nodos | revisado 8.79e-03%, faltan ~20 días [menos opciones 8.79e-03%, menos opciones + pieza menos restrictiva 5.54e-03%, reinicios, menos opciones 0.204%] (Knuth: ~4 días) | máximo colocado 57 de 64 | hilos 8 de 12
    ... 155.7 s | grupo 1/1 | 272741118 nodos | revisado 8.88e-03%, faltan ~20 días [menos opciones 8.88e-03%, menos opciones + pieza menos restrictiva 5.60e-03%, reinicios, menos opciones 0.206%] (Knuth: ~4 días) | máximo colocado 57 de 64 | hilos 8 de 12
    ... 157.7 s | grupo 1/1 | 276298505 nodos | revisado 9.04e-03%, faltan ~20 días [menos opciones 9.04e-03%, menos opciones + pieza menos restrictiva 5.73e-03%, reinicios, menos opciones 0.207%] (Knuth: ~4 días) | máximo colocado 57 de 64 | hilos 8 de 12
    ... 159.7 s | grupo 1/1 | 279890220 nodos | revisado 9.22e-03%, faltan ~20 días [menos opciones 9.22e-03%, menos opciones + pieza menos restrictiva 5.80e-03%, reinicios, menos opciones 0.209%] (Knuth: ~4 días) | máximo colocado 57 de 64 | hilos 8 de 12
    ... 161.7 s | grupo 1/1 | 283440641 nodos | revisado 9.44e-03%, faltan ~19 días [menos opciones 9.44e-03%, menos opciones + pieza menos restrictiva 5.92e-03%, reinicios, menos opciones 0.215%] (Knuth: ~4 días) | máximo colocado 57 de 64 | hilos 8 de 12
    ... 163.7 s | grupo 1/1 | 287176715 nodos | revisado 9.81e-03%, faltan ~19 días [menos opciones 9.81e-03%, menos opciones + pieza menos restrictiva 6.02e-03%, reinicios, menos opciones 0.219%] (Knuth: ~4 días) | máximo colocado 57 de 64 | hilos 8 de 12
    ... 165.7 s | grupo 1/1 | 290914852 nodos | revisado 9.86e-03%, faltan ~19 días [menos opciones 9.86e-03%, menos opciones + pieza menos restrictiva 6.11e-03%, reinicios, menos opciones 0.220%] (Knuth: ~4 días) | máximo colocado 57 de 64 | hilos 8 de 12
    ... 167.7 s | grupo 1/1 | 294565632 nodos | revisado 9.88e-03%, faltan ~19 días [menos opciones 9.88e-03%, menos opciones + pieza menos restrictiva 6.22e-03%, reinicios, menos opciones 0.222%] (Knuth: ~4 días) | máximo colocado 57 de 64 | hilos 8 de 12
    ... 169.7 s | grupo 1/1 | 298273483 nodos | revisado 9.91e-03%, faltan ~19 días [menos opciones 9.91e-03%, menos opciones + pieza menos restrictiva 6.36e-03%, reinicios, menos opciones 0.227%] (Knuth: ~4 días) | máximo colocado 57 de 64 | hilos 8 de 12
    ... 171.7 s | grupo 1/1 | 301938292 nodos | revisado 9.97e-03%, faltan ~20 días [menos opciones 9.97e-03%, menos opciones + pieza menos restrictiva 6.49e-03%, reinicios, menos opciones 0.228%] (Knuth: ~4 días) | máximo colocado 57 de 64 | hilos 8 de 12
    ... 173.7 s | grupo 1/1 | 305593748 nodos | revisado 0.010%, faltan ~20 días [menos opciones 0.010%, menos opciones + pieza menos restrictiva 6.57e-03%, reinicios, menos opciones 0.230%] (Knuth: ~4 días) | máximo colocado 57 de 64 | hilos 8 de 12
    ... 175.7 s | grupo 1/1 | 309331744 nodos | revisado 0.010%, faltan ~20 días [menos opciones 0.010%, menos opciones + pieza menos restrictiva 6.63e-03%, reinicios, menos opciones 0.233%] (Knuth: ~4 días) | máximo colocado 57 de 64 | hilos 8 de 12
    ... 177.7 s | grupo 1/1 | 313002533 nodos | revisado 0.010%, faltan ~20 días [menos opciones 0.010%, menos opciones + pieza menos restrictiva 6.70e-03%, reinicios, menos opciones 0.235%] (Knuth: ~4 días) | máximo colocado 57 de 64 | hilos 8 de 12
    ... 179.7 s | grupo 1/1 | 316694201 nodos | revisado 0.010%, faltan ~20 días [menos opciones 0.010%, menos opciones + pieza menos restrictiva 6.75e-03%, reinicios, menos opciones 0.239%] (Knuth: ~4 días) | máximo colocado 57 de 64 | hilos 8 de 12
    ... 181.8 s | grupo 1/1 | 320370738 nodos | revisado 0.010%, faltan ~20 días [menos opciones 0.010%, menos opciones + pieza menos restrictiva 6.85e-03%, reinicios, menos opciones 0.241%] (Knuth: ~4 días) | máximo colocado 57 de 64 | hilos 8 de 12
    ... 183.8 s | grupo 1/1 | 324005820 nodos | revisado 0.010%, faltan ~20 días [menos opciones 0.010%, menos opciones + pieza menos restrictiva 6.94e-03%, reinicios, menos opciones 0.245%] (Knuth: ~4 días) | máximo colocado 57 de 64 | hilos 8 de 12
    ... 185.8 s | grupo 1/1 | 327683771 nodos | revisado 0.010%, faltan ~20 días [menos opciones 0.010%, menos opciones + pieza menos restrictiva 6.97e-03%, reinicios, menos opciones 0.249%] (Knuth: ~4 días) | máximo colocado 57 de 64 | hilos 8 de 12
    ... 187.8 s | grupo 1/1 | 331371365 nodos | revisado 0.011%, faltan ~20 días [menos opciones 0.011%, menos opciones + pieza menos restrictiva 7.06e-03%, reinicios, menos opciones 0.251%] (Knuth: ~4 días) | máximo colocado 57 de 64 | hilos 8 de 12
    ... 189.8 s | grupo 1/1 | 334979282 nodos | revisado 0.011%, faltan ~20 días [menos opciones 0.011%, menos opciones + pieza menos restrictiva 7.11e-03%, reinicios, menos opciones 0.252%] (Knuth: ~4 días) | máximo colocado 57 de 64 | hilos 8 de 12
    ... 191.8 s | grupo 1/1 | 338529990 nodos | revisado 0.011%, faltan ~20 días [menos opciones 0.011%, menos opciones + pieza menos restrictiva 7.14e-03%, reinicios, menos opciones 0.254%] (Knuth: ~4 días) | máximo colocado 57 de 64 | hilos 8 de 12
    ... 193.8 s | grupo 1/1 | 342163590 nodos | revisado 0.011%, faltan ~20 días [menos opciones 0.011%, menos opciones + pieza menos restrictiva 7.21e-03%, reinicios, menos opciones 0.258%] (Knuth: ~4 días) | máximo colocado 57 de 64 | hilos 8 de 12
    ... 195.8 s | grupo 1/1 | 345782713 nodos | revisado 0.011%, faltan ~21 días [menos opciones 0.011%, menos opciones + pieza menos restrictiva 7.28e-03%, reinicios, menos opciones 0.259%] (Knuth: ~4 días) | máximo colocado 57 de 64 | hilos 8 de 12
    portafolio: encontró la solución el equipo "menos opciones" (nodos: menos opciones 127405672, menos opciones + pieza menos restrictiva 85066752, reinicios, menos opciones 136009728)
[4] Grupo 1: SOLUCIÓN. Verificación: OK
[5] Tiempo total: 3 min
RESULTADO resuelto=1 ms=197381.6 marcos=0 nodos=348482152 grupos=1/1 hilos=12 t_marcos=0.000 t_interior=194.372 lados=0 unificado=1 max_colocadas=64
