[0] Tablero 8x8, 11 colores, 12 hilos
[1] Esquinas juntas: las esquinas son parte de la búsqueda; un solo recorrido para todos los grupos
    grupo 1, orden menos opciones: estimado 2.09e+12 nodos
    grupo 1, orden interior primero: estimado 3.98e+11 nodos
[1] Estimado de Knuth por grupo (nodos): 3.98e+11(i)   (i) = interior primero
[2] Grupo 1/1: ruta unificada (mapas por lado), orden: interior primero; grupo grande: 3 estrategias a la vez (normal, pieza menos restrictiva, reinicios)
    ... 5.0 s | grupo 1/1 | 3291410 nodos | revisado 1.26e-04%, faltan ~18 días [interior primero 1.26e-04%, interior primero + pieza menos restrictiva 8.27e-06%, reinicios, interior primero 3.27e-03%] (Knuth: ~3 días) | máximo colocado 49 de 64 | hilos 8 de 12
    ... 7.0 s | grupo 1/1 | 6585768 nodos | revisado 3.56e-04%, faltan ~13 días [interior primero 3.56e-04%, interior primero + pieza menos restrictiva 1.86e-05%, reinicios, interior primero 7.91e-03%] (Knuth: ~3 días) | máximo colocado 50 de 64 | hilos 8 de 12
    ... 9.0 s | grupo 1/1 | 9911696 nodos | revisado 6.87e-04%, faltan ~10 días [interior primero 6.87e-04%, interior primero + pieza menos restrictiva 2.87e-05%, reinicios, interior primero 0.013%] (Knuth: ~3 días) | máximo colocado 50 de 64 | hilos 8 de 12
    ... 11.0 s | grupo 1/1 | 13209851 nodos | revisado 9.41e-04%, faltan ~10 días [interior primero 9.41e-04%, interior primero + pieza menos restrictiva 3.51e-05%, reinicios, interior primero 0.019%] (Knuth: ~3 días) | máximo colocado 50 de 64 | hilos 8 de 12
    ... 13.1 s | grupo 1/1 | 16535604 nodos | revisado 1.29e-03%, faltan ~9 días [interior primero 1.29e-03%, interior primero + pieza menos restrictiva 4.51e-05%, reinicios, interior primero 0.021%] (Knuth: ~3 días) | máximo colocado 50 de 64 | hilos 8 de 12
    ... 15.1 s | grupo 1/1 | 19835833 nodos | revisado 1.75e-03%, faltan ~8 días [interior primero 1.75e-03%, interior primero + pieza menos restrictiva 5.67e-05%, reinicios, interior primero 0.029%] (Knuth: ~3 días) | máximo colocado 51 de 64 | hilos 8 de 12
    ... 17.1 s | grupo 1/1 | 23141241 nodos | revisado 2.04e-03%, faltan ~8 días [interior primero 2.04e-03%, interior primero + pieza menos restrictiva 6.18e-05%, reinicios, interior primero 0.033%] (Knuth: ~3 días) | máximo colocado 51 de 64 | hilos 8 de 12
    ... 19.1 s | grupo 1/1 | 26446712 nodos | revisado 2.44e-03%, faltan ~8 días [interior primero 2.44e-03%, interior primero + pieza menos restrictiva 6.80e-05%, reinicios, interior primero 0.037%] (Knuth: ~3 días) | máximo colocado 52 de 64 | hilos 8 de 12
    ... 21.1 s | grupo 1/1 | 29620104 nodos | revisado 2.71e-03%, faltan ~8 días [interior primero 2.71e-03%, interior primero + pieza menos restrictiva 7.41e-05%, reinicios, interior primero 0.039%] (Knuth: ~3 días) | máximo colocado 52 de 64 | hilos 8 de 12
    ... 23.1 s | grupo 1/1 | 32946203 nodos | revisado 2.89e-03%, faltan ~8 días [interior primero 2.89e-03%, interior primero + pieza menos restrictiva 8.26e-05%, reinicios, interior primero 0.040%] (Knuth: ~3 días) | máximo colocado 52 de 64 | hilos 8 de 12
    ... 25.1 s | grupo 1/1 | 36210242 nodos | revisado 3.16e-03%, faltan ~8 días [interior primero 3.16e-03%, interior primero + pieza menos restrictiva 8.92e-05%, reinicios, interior primero 0.041%] (Knuth: ~3 días) | máximo colocado 52 de 64 | hilos 8 de 12
    ... 27.1 s | grupo 1/1 | 39496636 nodos | revisado 3.65e-03%, faltan ~8 días [interior primero 3.65e-03%, interior primero + pieza menos restrictiva 1.02e-04%, reinicios, interior primero 0.043%] (Knuth: ~3 días) | máximo colocado 52 de 64 | hilos 8 de 12
    ... 29.1 s | grupo 1/1 | 42789169 nodos | revisado 3.86e-03%, faltan ~8 días [interior primero 3.86e-03%, interior primero + pieza menos restrictiva 1.23e-04%, reinicios, interior primero 0.050%] (Knuth: ~3 días) | máximo colocado 52 de 64 | hilos 8 de 12
    ... 31.1 s | grupo 1/1 | 46058503 nodos | revisado 3.99e-03%, faltan ~8 días [interior primero 3.99e-03%, interior primero + pieza menos restrictiva 1.35e-04%, reinicios, interior primero 0.051%] (Knuth: ~3 días) | máximo colocado 52 de 64 | hilos 8 de 12
    ... 33.1 s | grupo 1/1 | 49314966 nodos | revisado 4.16e-03%, faltan ~8 días [interior primero 4.16e-03%, interior primero + pieza menos restrictiva 1.45e-04%, reinicios, interior primero 0.053%] (Knuth: ~3 días) | máximo colocado 52 de 64 | hilos 8 de 12
    ... 35.2 s | grupo 1/1 | 52601287 nodos | revisado 4.29e-03%, faltan ~9 días [interior primero 4.29e-03%, interior primero + pieza menos restrictiva 1.77e-04%, reinicios, interior primero 0.060%] (Knuth: ~3 días) | máximo colocado 52 de 64 | hilos 8 de 12
    ... 37.2 s | grupo 1/1 | 55928678 nodos | revisado 4.42e-03%, faltan ~9 días [interior primero 4.42e-03%, interior primero + pieza menos restrictiva 1.82e-04%, reinicios, interior primero 0.062%] (Knuth: ~3 días) | máximo colocado 52 de 64 | hilos 8 de 12
    ... 39.2 s | grupo 1/1 | 59237038 nodos | revisado 4.61e-03%, faltan ~9 días [interior primero 4.61e-03%, interior primero + pieza menos restrictiva 1.91e-04%, reinicios, interior primero 0.065%] (Knuth: ~3 días) | máximo colocado 52 de 64 | hilos 8 de 12
    ... 41.2 s | grupo 1/1 | 62533857 nodos | revisado 4.82e-03%, faltan ~9 días [interior primero 4.82e-03%, interior primero + pieza menos restrictiva 2.12e-04%, reinicios, interior primero 0.069%] (Knuth: ~3 días) | máximo colocado 52 de 64 | hilos 8 de 12
    ... 43.2 s | grupo 1/1 | 65823166 nodos | revisado 4.95e-03%, faltan ~9 días [interior primero 4.95e-03%, interior primero + pieza menos restrictiva 2.31e-04%, reinicios, interior primero 0.074%] (Knuth: ~3 días) | máximo colocado 52 de 64 | hilos 8 de 12
    ... 45.2 s | grupo 1/1 | 69089287 nodos | revisado 5.05e-03%, faltan ~10 días [interior primero 5.05e-03%, interior primero + pieza menos restrictiva 2.86e-04%, reinicios, interior primero 0.074%] (Knuth: ~3 días) | máximo colocado 52 de 64 | hilos 8 de 12
    ... 47.2 s | grupo 1/1 | 72363460 nodos | revisado 5.19e-03%, faltan ~10 días [interior primero 5.19e-03%, interior primero + pieza menos restrictiva 3.20e-04%, reinicios, interior primero 0.076%] (Knuth: ~3 días) | máximo colocado 52 de 64 | hilos 8 de 12
    ... 49.2 s | grupo 1/1 | 75659707 nodos | revisado 5.25e-03%, faltan ~10 días [interior primero 5.25e-03%, interior primero + pieza menos restrictiva 3.48e-04%, reinicios, interior primero 0.078%] (Knuth: ~3 días) | máximo colocado 52 de 64 | hilos 8 de 12
    ... 51.2 s | grupo 1/1 | 78956349 nodos | revisado 5.36e-03%, faltan ~10 días [interior primero 5.36e-03%, interior primero + pieza menos restrictiva 3.63e-04%, reinicios, interior primero 0.079%] (Knuth: ~3 días) | máximo colocado 52 de 64 | hilos 8 de 12
    ... 53.3 s | grupo 1/1 | 82200607 nodos | revisado 5.40e-03%, faltan ~11 días [interior primero 5.40e-03%, interior primero + pieza menos restrictiva 3.75e-04%, reinicios, interior primero 0.080%] (Knuth: ~3 días) | máximo colocado 52 de 64 | hilos 8 de 12
    ... 55.3 s | grupo 1/1 | 85491129 nodos | revisado 5.45e-03%, faltan ~11 días [interior primero 5.45e-03%, interior primero + pieza menos restrictiva 3.95e-04%, reinicios, interior primero 0.081%] (Knuth: ~3 días) | máximo colocado 52 de 64 | hilos 8 de 12
    ... 57.3 s | grupo 1/1 | 88759937 nodos | revisado 5.52e-03%, faltan ~11 días [interior primero 5.52e-03%, interior primero + pieza menos restrictiva 4.07e-04%, reinicios, interior primero 0.081%] (Knuth: ~3 días) | máximo colocado 52 de 64 | hilos 8 de 12
    ... 59.3 s | grupo 1/1 | 92043964 nodos | revisado 5.68e-03%, faltan ~11 días [interior primero 5.68e-03%, interior primero + pieza menos restrictiva 4.24e-04%, reinicios, interior primero 0.083%] (Knuth: ~3 días) | máximo colocado 52 de 64 | hilos 8 de 12
    ... 61.3 s | grupo 1/1 | 95328179 nodos | revisado 5.88e-03%, faltan ~11 días [interior primero 5.88e-03%, interior primero + pieza menos restrictiva 4.33e-04%, reinicios, interior primero 0.087%] (Knuth: ~3 días) | máximo colocado 52 de 64 | hilos 8 de 12
    ... 63.3 s | grupo 1/1 | 98621988 nodos | revisado 6.53e-03%, faltan ~11 días [interior primero 6.53e-03%, interior primero + pieza menos restrictiva 4.48e-04%, reinicios, interior primero 0.090%] (Knuth: ~3 días) | máximo colocado 52 de 64 | hilos 8 de 12
    ... 65.3 s | grupo 1/1 | 101925231 nodos | revisado 6.91e-03%, faltan ~10 días [interior primero 6.91e-03%, interior primero + pieza menos restrictiva 4.66e-04%, reinicios, interior primero 0.096%] (Knuth: ~3 días) | máximo colocado 52 de 64 | hilos 8 de 12
    ... 67.3 s | grupo 1/1 | 105219426 nodos | revisado 7.20e-03%, faltan ~10 días [interior primero 7.20e-03%, interior primero + pieza menos restrictiva 5.16e-04%, reinicios, interior primero 0.099%] (Knuth: ~3 días) | máximo colocado 52 de 64 | hilos 8 de 12
    ... 69.3 s | grupo 1/1 | 108521430 nodos | revisado 7.26e-03%, faltan ~11 días [interior primero 7.26e-03%, interior primero + pieza menos restrictiva 5.44e-04%, reinicios, interior primero 0.101%] (Knuth: ~3 días) | máximo colocado 52 de 64 | hilos 8 de 12
    ... 71.3 s | grupo 1/1 | 111854724 nodos | revisado 7.38e-03%, faltan ~11 días [interior primero 7.38e-03%, interior primero + pieza menos restrictiva 5.74e-04%, reinicios, interior primero 0.105%] (Knuth: ~3 días) | máximo colocado 53 de 64 | hilos 8 de 12
    ... 73.3 s | grupo 1/1 | 115133017 nodos | revisado 7.49e-03%, faltan ~11 días [interior primero 7.49e-03%, interior primero + pieza menos restrictiva 6.07e-04%, reinicios, interior primero 0.106%] (Knuth: ~3 días) | máximo colocado 53 de 64 | hilos 8 de 12
    ... 75.3 s | grupo 1/1 | 118422068 nodos | revisado 7.55e-03%, faltan ~11 días [interior primero 7.55e-03%, interior primero + pieza menos restrictiva 6.66e-04%, reinicios, interior primero 0.108%] (Knuth: ~3 días) | máximo colocado 53 de 64 | hilos 8 de 12
    ... 77.3 s | grupo 1/1 | 121762710 nodos | revisado 7.68e-03%, faltan ~11 días [interior primero 7.68e-03%, interior primero + pieza menos restrictiva 7.62e-04%, reinicios, interior primero 0.109%] (Knuth: ~3 días) | máximo colocado 53 de 64 | hilos 8 de 12
    ... 79.3 s | grupo 1/1 | 125156433 nodos | revisado 7.87e-03%, faltan ~11 días [interior primero 7.87e-03%, interior primero + pieza menos restrictiva 7.90e-04%, reinicios, interior primero 0.111%] (Knuth: ~3 días) | máximo colocado 53 de 64 | hilos 8 de 12
    ... 81.4 s | grupo 1/1 | 128506783 nodos | revisado 7.97e-03%, faltan ~11 días [interior primero 7.97e-03%, interior primero + pieza menos restrictiva 8.08e-04%, reinicios, interior primero 0.112%] (Knuth: ~3 días) | máximo colocado 53 de 64 | hilos 8 de 12
    ... 83.4 s | grupo 1/1 | 131827518 nodos | revisado 8.09e-03%, faltan ~11 días [interior primero 8.09e-03%, interior primero + pieza menos restrictiva 8.44e-04%, reinicios, interior primero 0.116%] (Knuth: ~3 días) | máximo colocado 53 de 64 | hilos 8 de 12
    portafolio: encontró la solución el equipo "interior primero" (nodos: interior primero 46792184, interior primero + pieza menos restrictiva 34546688, reinicios, interior primero 50599936)
[4] Grupo 1: SOLUCIÓN. Verificación: OK
[5] Tiempo total: 83 s
RESULTADO resuelto=1 ms=83443.5 marcos=0 nodos=131938808 grupos=1/1 hilos=12 t_marcos=0.000 t_interior=80.433 lados=0 unificado=1 max_colocadas=64
