[0] Tablero 8x8, 11 colores, 12 hilos
[1] Esquinas juntas: las esquinas son parte de la búsqueda; un solo recorrido para todos los grupos
    grupo 1, orden menos opciones: estimado 4.64e+12 nodos
    grupo 1, orden interior primero: estimado 2.96e+12 nodos
[1] Estimado de Knuth por grupo (nodos): 4.64e+12   (i) = interior primero
[2] Grupo 1/1: ruta unificada (mapas por lado), orden: menos opciones; grupo grande: 3 estrategias a la vez (normal, pieza menos restrictiva, reinicios)
    ... 5.0 s | grupo 1/1 | 3813956 nodos | revisado 3.68e-05%, faltan ~63 días [menos opciones 3.68e-05%, menos opciones + pieza menos restrictiva 3.22e-06%, reinicios, menos opciones 6.49e-04%] (Knuth: ~28 días) | máximo colocado 55 de 64 | hilos 8 de 12
    ... 7.0 s | grupo 1/1 | 7623264 nodos | revisado 4.80e-05%, faltan ~97 días [menos opciones 4.80e-05%, menos opciones + pieza menos restrictiva 8.80e-06%, reinicios, menos opciones 9.12e-04%] (Knuth: ~28 días) | máximo colocado 56 de 64 | hilos 8 de 12
    ... 9.0 s | grupo 1/1 | 11460304 nodos | revisado 5.45e-05%, faltan ~128 días [menos opciones 5.45e-05%, menos opciones + pieza menos restrictiva 1.36e-05%, reinicios, menos opciones 1.84e-03%] (Knuth: ~28 días) | máximo colocado 56 de 64 | hilos 8 de 12
    ... 11.0 s | grupo 1/1 | 15295913 nodos | revisado 6.05e-05%, faltan ~154 días [menos opciones 6.05e-05%, menos opciones + pieza menos restrictiva 1.79e-05%, reinicios, menos opciones 2.61e-03%] (Knuth: ~28 días) | máximo colocado 56 de 64 | hilos 8 de 12
    ... 13.1 s | grupo 1/1 | 19115671 nodos | revisado 6.66e-05%, faltan ~174 días [menos opciones 6.66e-05%, menos opciones + pieza menos restrictiva 2.14e-05%, reinicios, menos opciones 2.77e-03%] (Knuth: ~28 días) | máximo colocado 56 de 64 | hilos 8 de 12
    ... 15.1 s | grupo 1/1 | 22900710 nodos | revisado 7.30e-05%, faltan ~191 días [menos opciones 7.30e-05%, menos opciones + pieza menos restrictiva 2.49e-05%, reinicios, menos opciones 3.70e-03%] (Knuth: ~28 días) | máximo colocado 56 de 64 | hilos 8 de 12
    ... 17.1 s | grupo 1/1 | 26739939 nodos | revisado 9.31e-05%, faltan ~175 días [menos opciones 9.31e-05%, menos opciones + pieza menos restrictiva 2.75e-05%, reinicios, menos opciones 4.16e-03%] (Knuth: ~28 días) | máximo colocado 56 de 64 | hilos 8 de 12
    ... 19.1 s | grupo 1/1 | 30549900 nodos | revisado 1.23e-04%, faltan ~151 días [menos opciones 1.23e-04%, menos opciones + pieza menos restrictiva 3.12e-05%, reinicios, menos opciones 4.45e-03%] (Knuth: ~28 días) | máximo colocado 56 de 64 | hilos 8 de 12
    ... 21.1 s | grupo 1/1 | 34337550 nodos | revisado 1.46e-04%, faltan ~143 días [menos opciones 1.46e-04%, menos opciones + pieza menos restrictiva 3.91e-05%, reinicios, menos opciones 5.02e-03%] (Knuth: ~28 días) | máximo colocado 56 de 64 | hilos 8 de 12
    ... 23.1 s | grupo 1/1 | 38248955 nodos | revisado 1.69e-04%, faltan ~138 días [menos opciones 1.69e-04%, menos opciones + pieza menos restrictiva 5.67e-05%, reinicios, menos opciones 5.23e-03%] (Knuth: ~28 días) | máximo colocado 56 de 64 | hilos 8 de 12
    ... 25.1 s | grupo 1/1 | 42136632 nodos | revisado 1.82e-04%, faltan ~141 días [menos opciones 1.82e-04%, menos opciones + pieza menos restrictiva 8.39e-05%, reinicios, menos opciones 5.47e-03%] (Knuth: ~28 días) | máximo colocado 56 de 64 | hilos 8 de 12
    ... 27.1 s | grupo 1/1 | 45956662 nodos | revisado 2.03e-04%, faltan ~137 días [menos opciones 2.03e-04%, menos opciones + pieza menos restrictiva 9.72e-05%, reinicios, menos opciones 5.61e-03%] (Knuth: ~28 días) | máximo colocado 56 de 64 | hilos 8 de 12
    ... 29.1 s | grupo 1/1 | 49763654 nodos | revisado 2.68e-04%, faltan ~113 días [menos opciones 2.68e-04%, menos opciones + pieza menos restrictiva 1.18e-04%, reinicios, menos opciones 6.22e-03%] (Knuth: ~28 días) | máximo colocado 56 de 64 | hilos 8 de 12
    ... 31.1 s | grupo 1/1 | 53642598 nodos | revisado 3.09e-04%, faltan ~105 días [menos opciones 3.09e-04%, menos opciones + pieza menos restrictiva 1.32e-04%, reinicios, menos opciones 6.64e-03%] (Knuth: ~28 días) | máximo colocado 56 de 64 | hilos 8 de 12
    ... 33.1 s | grupo 1/1 | 57467028 nodos | revisado 3.72e-04%, faltan ~94 días [menos opciones 3.72e-04%, menos opciones + pieza menos restrictiva 1.55e-04%, reinicios, menos opciones 7.55e-03%] (Knuth: ~28 días) | máximo colocado 56 de 64 | hilos 8 de 12
    ... 35.1 s | grupo 1/1 | 61334522 nodos | revisado 4.53e-04%, faltan ~82 días [menos opciones 4.53e-04%, menos opciones + pieza menos restrictiva 1.74e-04%, reinicios, menos opciones 8.33e-03%] (Knuth: ~28 días) | máximo colocado 56 de 64 | hilos 8 de 12
    ... 37.1 s | grupo 1/1 | 65225841 nodos | revisado 5.11e-04%, faltan ~77 días [menos opciones 5.11e-04%, menos opciones + pieza menos restrictiva 1.90e-04%, reinicios, menos opciones 8.86e-03%] (Knuth: ~28 días) | máximo colocado 56 de 64 | hilos 8 de 12
    ... 39.2 s | grupo 1/1 | 69229352 nodos | revisado 6.14e-04%, faltan ~68 días [menos opciones 6.14e-04%, menos opciones + pieza menos restrictiva 1.99e-04%, reinicios, menos opciones 9.80e-03%] (Knuth: ~28 días) | máximo colocado 56 de 64 | hilos 8 de 12
    ... 41.2 s | grupo 1/1 | 73136851 nodos | revisado 6.66e-04%, faltan ~66 días [menos opciones 6.66e-04%, menos opciones + pieza menos restrictiva 2.03e-04%, reinicios, menos opciones 0.011%] (Knuth: ~28 días) | máximo colocado 56 de 64 | hilos 8 de 12
    ... 43.2 s | grupo 1/1 | 76988401 nodos | revisado 7.44e-04%, faltan ~62 días [menos opciones 7.44e-04%, menos opciones + pieza menos restrictiva 2.07e-04%, reinicios, menos opciones 0.011%] (Knuth: ~28 días) | máximo colocado 56 de 64 | hilos 8 de 12
    ... 45.2 s | grupo 1/1 | 80889526 nodos | revisado 8.58e-04%, faltan ~57 días [menos opciones 8.58e-04%, menos opciones + pieza menos restrictiva 2.11e-04%, reinicios, menos opciones 0.013%] (Knuth: ~28 días) | máximo colocado 56 de 64 | hilos 8 de 12
    ... 47.2 s | grupo 1/1 | 84793558 nodos | revisado 9.14e-04%, faltan ~56 días [menos opciones 9.14e-04%, menos opciones + pieza menos restrictiva 2.15e-04%, reinicios, menos opciones 0.013%] (Knuth: ~28 días) | máximo colocado 57 de 64 | hilos 8 de 12
    ... 49.2 s | grupo 1/1 | 88679245 nodos | revisado 9.85e-04%, faltan ~54 días [menos opciones 9.85e-04%, menos opciones + pieza menos restrictiva 2.19e-04%, reinicios, menos opciones 0.013%] (Knuth: ~28 días) | máximo colocado 57 de 64 | hilos 8 de 12
    ... 51.2 s | grupo 1/1 | 92554315 nodos | revisado 1.03e-03%, faltan ~54 días [menos opciones 1.03e-03%, menos opciones + pieza menos restrictiva 2.22e-04%, reinicios, menos opciones 0.014%] (Knuth: ~28 días) | máximo colocado 57 de 64 | hilos 8 de 12
    ... 53.2 s | grupo 1/1 | 96407349 nodos | revisado 1.06e-03%, faltan ~55 días [menos opciones 1.06e-03%, menos opciones + pieza menos restrictiva 2.28e-04%, reinicios, menos opciones 0.014%] (Knuth: ~28 días) | máximo colocado 57 de 64 | hilos 8 de 12
    ... 55.2 s | grupo 1/1 | 100261273 nodos | revisado 1.09e-03%, faltan ~55 días [menos opciones 1.09e-03%, menos opciones + pieza menos restrictiva 2.34e-04%, reinicios, menos opciones 0.014%] (Knuth: ~28 días) | máximo colocado 57 de 64 | hilos 8 de 12
    ... 57.2 s | grupo 1/1 | 104146640 nodos | revisado 1.11e-03%, faltan ~56 días [menos opciones 1.11e-03%, menos opciones + pieza menos restrictiva 2.36e-04%, reinicios, menos opciones 0.015%] (Knuth: ~28 días) | máximo colocado 57 de 64 | hilos 8 de 12
    ... 59.2 s | grupo 1/1 | 108007649 nodos | revisado 1.16e-03%, faltan ~56 días [menos opciones 1.16e-03%, menos opciones + pieza menos restrictiva 2.39e-04%, reinicios, menos opciones 0.015%] (Knuth: ~28 días) | máximo colocado 57 de 64 | hilos 8 de 12
    ... 61.2 s | grupo 1/1 | 111893184 nodos | revisado 1.20e-03%, faltan ~56 días [menos opciones 1.20e-03%, menos opciones + pieza menos restrictiva 2.41e-04%, reinicios, menos opciones 0.016%] (Knuth: ~28 días) | máximo colocado 57 de 64 | hilos 8 de 12
    ... 63.2 s | grupo 1/1 | 115767603 nodos | revisado 1.23e-03%, faltan ~57 días [menos opciones 1.23e-03%, menos opciones + pieza menos restrictiva 2.44e-04%, reinicios, menos opciones 0.017%] (Knuth: ~28 días) | máximo colocado 57 de 64 | hilos 8 de 12
    ... 65.3 s | grupo 1/1 | 119620991 nodos | revisado 1.25e-03%, faltan ~58 días [menos opciones 1.25e-03%, menos opciones + pieza menos restrictiva 2.46e-04%, reinicios, menos opciones 0.017%] (Knuth: ~28 días) | máximo colocado 57 de 64 | hilos 8 de 12
    ... 67.3 s | grupo 1/1 | 123475671 nodos | revisado 1.27e-03%, faltan ~59 días [menos opciones 1.27e-03%, menos opciones + pieza menos restrictiva 2.48e-04%, reinicios, menos opciones 0.017%] (Knuth: ~28 días) | máximo colocado 57 de 64 | hilos 8 de 12
    ... 69.3 s | grupo 1/1 | 127331117 nodos | revisado 1.29e-03%, faltan ~59 días [menos opciones 1.29e-03%, menos opciones + pieza menos restrictiva 2.52e-04%, reinicios, menos opciones 0.018%] (Knuth: ~28 días) | máximo colocado 57 de 64 | hilos 8 de 12
    ... 71.3 s | grupo 1/1 | 131179400 nodos | revisado 1.32e-03%, faltan ~60 días [menos opciones 1.32e-03%, menos opciones + pieza menos restrictiva 2.57e-04%, reinicios, menos opciones 0.019%] (Knuth: ~28 días) | máximo colocado 57 de 64 | hilos 8 de 12
    ... 73.3 s | grupo 1/1 | 135052219 nodos | revisado 1.33e-03%, faltan ~61 días [menos opciones 1.33e-03%, menos opciones + pieza menos restrictiva 2.61e-04%, reinicios, menos opciones 0.019%] (Knuth: ~28 días) | máximo colocado 57 de 64 | hilos 8 de 12
    ... 75.3 s | grupo 1/1 | 138922521 nodos | revisado 1.35e-03%, faltan ~62 días [menos opciones 1.35e-03%, menos opciones + pieza menos restrictiva 2.66e-04%, reinicios, menos opciones 0.020%] (Knuth: ~28 días) | máximo colocado 57 de 64 | hilos 8 de 12
    ... 77.3 s | grupo 1/1 | 142715782 nodos | revisado 1.37e-03%, faltan ~63 días [menos opciones 1.37e-03%, menos opciones + pieza menos restrictiva 2.68e-04%, reinicios, menos opciones 0.020%] (Knuth: ~28 días) | máximo colocado 57 de 64 | hilos 8 de 12
    ... 79.3 s | grupo 1/1 | 146528849 nodos | revisado 1.41e-03%, faltan ~63 días [menos opciones 1.41e-03%, menos opciones + pieza menos restrictiva 2.71e-04%, reinicios, menos opciones 0.020%] (Knuth: ~28 días) | máximo colocado 57 de 64 | hilos 8 de 12
    ... 81.3 s | grupo 1/1 | 150345804 nodos | revisado 1.46e-03%, faltan ~62 días [menos opciones 1.46e-03%, menos opciones + pieza menos restrictiva 2.73e-04%, reinicios, menos opciones 0.021%] (Knuth: ~28 días) | máximo colocado 57 de 64 | hilos 8 de 12
    ... 83.3 s | grupo 1/1 | 154119162 nodos | revisado 1.50e-03%, faltan ~62 días [menos opciones 1.50e-03%, menos opciones + pieza menos restrictiva 2.77e-04%, reinicios, menos opciones 0.021%] (Knuth: ~28 días) | máximo colocado 57 de 64 | hilos 8 de 12
    ... 85.3 s | grupo 1/1 | 157919125 nodos | revisado 1.55e-03%, faltan ~62 días [menos opciones 1.55e-03%, menos opciones + pieza menos restrictiva 2.81e-04%, reinicios, menos opciones 0.022%] (Knuth: ~28 días) | máximo colocado 57 de 64 | hilos 8 de 12
    ... 87.3 s | grupo 1/1 | 161762275 nodos | revisado 1.60e-03%, faltan ~61 días [menos opciones 1.60e-03%, menos opciones + pieza menos restrictiva 2.84e-04%, reinicios, menos opciones 0.022%] (Knuth: ~28 días) | máximo colocado 57 de 64 | hilos 8 de 12
    ... 89.3 s | grupo 1/1 | 165577187 nodos | revisado 1.68e-03%, faltan ~60 días [menos opciones 1.68e-03%, menos opciones + pieza menos restrictiva 2.88e-04%, reinicios, menos opciones 0.022%] (Knuth: ~28 días) | máximo colocado 57 de 64 | hilos 8 de 12
    ... 91.3 s | grupo 1/1 | 169360036 nodos | revisado 1.74e-03%, faltan ~59 días [menos opciones 1.74e-03%, menos opciones + pieza menos restrictiva 2.95e-04%, reinicios, menos opciones 0.023%] (Knuth: ~28 días) | máximo colocado 57 de 64 | hilos 8 de 12
    ... 93.3 s | grupo 1/1 | 173164066 nodos | revisado 1.78e-03%, faltan ~59 días [menos opciones 1.78e-03%, menos opciones + pieza menos restrictiva 3.02e-04%, reinicios, menos opciones 0.023%] (Knuth: ~28 días) | máximo colocado 57 de 64 | hilos 8 de 12
    ... 95.4 s | grupo 1/1 | 176968642 nodos | revisado 1.79e-03%, faltan ~60 días [menos opciones 1.79e-03%, menos opciones + pieza menos restrictiva 3.05e-04%, reinicios, menos opciones 0.024%] (Knuth: ~28 días) | máximo colocado 57 de 64 | hilos 8 de 12
    ... 97.4 s | grupo 1/1 | 180695631 nodos | revisado 1.82e-03%, faltan ~60 días [menos opciones 1.82e-03%, menos opciones + pieza menos restrictiva 3.08e-04%, reinicios, menos opciones 0.025%] (Knuth: ~28 días) | máximo colocado 57 de 64 | hilos 8 de 12
    ... 99.4 s | grupo 1/1 | 184450886 nodos | revisado 1.85e-03%, faltan ~60 días [menos opciones 1.85e-03%, menos opciones + pieza menos restrictiva 3.11e-04%, reinicios, menos opciones 0.025%] (Knuth: ~28 días) | máximo colocado 57 de 64 | hilos 8 de 12
    ... 101.4 s | grupo 1/1 | 188293848 nodos | revisado 1.88e-03%, faltan ~61 días [menos opciones 1.88e-03%, menos opciones + pieza menos restrictiva 3.17e-04%, reinicios, menos opciones 0.025%] (Knuth: ~28 días) | máximo colocado 57 de 64 | hilos 8 de 12
    ... 103.4 s | grupo 1/1 | 192102452 nodos | revisado 1.92e-03%, faltan ~60 días [menos opciones 1.92e-03%, menos opciones + pieza menos restrictiva 3.26e-04%, reinicios, menos opciones 0.025%] (Knuth: ~28 días) | máximo colocado 57 de 64 | hilos 8 de 12
    ... 105.4 s | grupo 1/1 | 195924917 nodos | revisado 1.94e-03%, faltan ~61 días [menos opciones 1.94e-03%, menos opciones + pieza menos restrictiva 3.31e-04%, reinicios, menos opciones 0.026%] (Knuth: ~28 días) | máximo colocado 57 de 64 | hilos 8 de 12
    ... 107.4 s | grupo 1/1 | 199674649 nodos | revisado 1.96e-03%, faltan ~62 días [menos opciones 1.96e-03%, menos opciones + pieza menos restrictiva 3.39e-04%, reinicios, menos opciones 0.026%] (Knuth: ~28 días) | máximo colocado 57 de 64 | hilos 8 de 12
    ... 109.4 s | grupo 1/1 | 203439096 nodos | revisado 1.99e-03%, faltan ~62 días [menos opciones 1.99e-03%, menos opciones + pieza menos restrictiva 3.43e-04%, reinicios, menos opciones 0.027%] (Knuth: ~28 días) | máximo colocado 57 de 64 | hilos 8 de 12
    ... 111.4 s | grupo 1/1 | 207239988 nodos | revisado 2.07e-03%, faltan ~61 días [menos opciones 2.07e-03%, menos opciones + pieza menos restrictiva 3.49e-04%, reinicios, menos opciones 0.027%] (Knuth: ~28 días) | máximo colocado 57 de 64 | hilos 8 de 12
    ... 113.4 s | grupo 1/1 | 211053824 nodos | revisado 2.11e-03%, faltan ~61 días [menos opciones 2.11e-03%, menos opciones + pieza menos restrictiva 3.53e-04%, reinicios, menos opciones 0.028%] (Knuth: ~28 días) | máximo colocado 57 de 64 | hilos 8 de 12
    ... 115.4 s | grupo 1/1 | 214805443 nodos | revisado 2.17e-03%, faltan ~60 días [menos opciones 2.17e-03%, menos opciones + pieza menos restrictiva 3.58e-04%, reinicios, menos opciones 0.028%] (Knuth: ~28 días) | máximo colocado 57 de 64 | hilos 8 de 12
    ... 117.4 s | grupo 1/1 | 218565916 nodos | revisado 2.23e-03%, faltan ~59 días [menos opciones 2.23e-03%, menos opciones + pieza menos restrictiva 3.63e-04%, reinicios, menos opciones 0.028%] (Knuth: ~28 días) | máximo colocado 57 de 64 | hilos 8 de 12
    ... 119.4 s | grupo 1/1 | 222323244 nodos | revisado 2.31e-03%, faltan ~58 días [menos opciones 2.31e-03%, menos opciones + pieza menos restrictiva 3.65e-04%, reinicios, menos opciones 0.028%] (Knuth: ~28 días) | máximo colocado 57 de 64 | hilos 8 de 12
    ... 121.4 s | grupo 1/1 | 226052178 nodos | revisado 2.39e-03%, faltan ~57 días [menos opciones 2.39e-03%, menos opciones + pieza menos restrictiva 3.69e-04%, reinicios, menos opciones 0.028%] (Knuth: ~28 días) | máximo colocado 60 de 64 | hilos 8 de 12
    ... 123.5 s | grupo 1/1 | 229818546 nodos | revisado 2.50e-03%, faltan ~56 días [menos opciones 2.50e-03%, menos opciones + pieza menos restrictiva 3.74e-04%, reinicios, menos opciones 0.029%] (Knuth: ~28 días) | máximo colocado 60 de 64 | hilos 8 de 12
    ... 125.5 s | grupo 1/1 | 233655888 nodos | revisado 2.57e-03%, faltan ~55 días [menos opciones 2.57e-03%, menos opciones + pieza menos restrictiva 3.78e-04%, reinicios, menos opciones 0.030%] (Knuth: ~28 días) | máximo colocado 60 de 64 | hilos 8 de 12
    ... 127.5 s | grupo 1/1 | 237464593 nodos | revisado 2.62e-03%, faltan ~55 días [menos opciones 2.62e-03%, menos opciones + pieza menos restrictiva 3.82e-04%, reinicios, menos opciones 0.030%] (Knuth: ~28 días) | máximo colocado 60 de 64 | hilos 8 de 12
    ... 129.5 s | grupo 1/1 | 241299191 nodos | revisado 2.67e-03%, faltan ~55 días [menos opciones 2.67e-03%, menos opciones + pieza menos restrictiva 3.88e-04%, reinicios, menos opciones 0.033%] (Knuth: ~28 días) | máximo colocado 60 de 64 | hilos 8 de 12
    ... 131.5 s | grupo 1/1 | 245169927 nodos | revisado 2.72e-03%, faltan ~55 días [menos opciones 2.72e-03%, menos opciones + pieza menos restrictiva 3.92e-04%, reinicios, menos opciones 0.033%] (Knuth: ~28 días) | máximo colocado 60 de 64 | hilos 8 de 12
    ... 133.5 s | grupo 1/1 | 249011123 nodos | revisado 2.75e-03%, faltan ~55 días [menos opciones 2.75e-03%, menos opciones + pieza menos restrictiva 4.00e-04%, reinicios, menos opciones 0.033%] (Knuth: ~28 días) | máximo colocado 60 de 64 | hilos 8 de 12
    ... 135.5 s | grupo 1/1 | 252886072 nodos | revisado 2.78e-03%, faltan ~55 días [menos opciones 2.78e-03%, menos opciones + pieza menos restrictiva 4.06e-04%, reinicios, menos opciones 0.034%] (Knuth: ~28 días) | máximo colocado 60 de 64 | hilos 8 de 12
    ... 137.5 s | grupo 1/1 | 256705868 nodos | revisado 2.81e-03%, faltan ~55 días [menos opciones 2.81e-03%, menos opciones + pieza menos restrictiva 4.15e-04%, reinicios, menos opciones 0.035%] (Knuth: ~28 días) | máximo colocado 60 de 64 | hilos 8 de 12
    ... 139.5 s | grupo 1/1 | 260572543 nodos | revisado 2.83e-03%, faltan ~56 días [menos opciones 2.83e-03%, menos opciones + pieza menos restrictiva 4.21e-04%, reinicios, menos opciones 0.036%] (Knuth: ~28 días) | máximo colocado 60 de 64 | hilos 8 de 12
    ... 141.5 s | grupo 1/1 | 264362977 nodos | revisado 2.85e-03%, faltan ~56 días [menos opciones 2.85e-03%, menos opciones + pieza menos restrictiva 4.29e-04%, reinicios, menos opciones 0.037%] (Knuth: ~28 días) | máximo colocado 60 de 64 | hilos 8 de 12
    ... 143.5 s | grupo 1/1 | 268162999 nodos | revisado 2.86e-03%, faltan ~57 días [menos opciones 2.86e-03%, menos opciones + pieza menos restrictiva 4.34e-04%, reinicios, menos opciones 0.037%] (Knuth: ~28 días) | máximo colocado 60 de 64 | hilos 8 de 12
    ... 145.6 s | grupo 1/1 | 271948779 nodos | revisado 2.89e-03%, faltan ~57 días [menos opciones 2.89e-03%, menos opciones + pieza menos restrictiva 4.38e-04%, reinicios, menos opciones 0.037%] (Knuth: ~28 días) | máximo colocado 60 de 64 | hilos 8 de 12
    ... 147.6 s | grupo 1/1 | 275774661 nodos | revisado 2.91e-03%, faltan ~58 días [menos opciones 2.91e-03%, menos opciones + pieza menos restrictiva 4.44e-04%, reinicios, menos opciones 0.038%] (Knuth: ~28 días) | máximo colocado 60 de 64 | hilos 8 de 12
    ... 149.6 s | grupo 1/1 | 279633232 nodos | revisado 2.93e-03%, faltan ~58 días [menos opciones 2.93e-03%, menos opciones + pieza menos restrictiva 4.52e-04%, reinicios, menos opciones 0.039%] (Knuth: ~28 días) | máximo colocado 60 de 64 | hilos 8 de 12
    ... 151.6 s | grupo 1/1 | 283545118 nodos | revisado 2.95e-03%, faltan ~58 días [menos opciones 2.95e-03%, menos opciones + pieza menos restrictiva 4.56e-04%, reinicios, menos opciones 0.039%] (Knuth: ~28 días) | máximo colocado 60 de 64 | hilos 8 de 12
    ... 153.6 s | grupo 1/1 | 287450162 nodos | revisado 2.98e-03%, faltan ~58 días [menos opciones 2.98e-03%, menos opciones + pieza menos restrictiva 4.65e-04%, reinicios, menos opciones 0.039%] (Knuth: ~28 días) | máximo colocado 60 de 64 | hilos 8 de 12
    ... 155.6 s | grupo 1/1 | 291390771 nodos | revisado 3.00e-03%, faltan ~59 días [menos opciones 3.00e-03%, menos opciones + pieza menos restrictiva 4.74e-04%, reinicios, menos opciones 0.040%] (Knuth: ~28 días) | máximo colocado 60 de 64 | hilos 8 de 12
    ... 157.6 s | grupo 1/1 | 295335646 nodos | revisado 3.01e-03%, faltan ~59 días [menos opciones 3.01e-03%, menos opciones + pieza menos restrictiva 4.77e-04%, reinicios, menos opciones 0.041%] (Knuth: ~28 días) | máximo colocado 60 de 64 | hilos 8 de 12
    ... 159.6 s | grupo 1/1 | 299232803 nodos | revisado 3.04e-03%, faltan ~60 días [menos opciones 3.04e-03%, menos opciones + pieza menos restrictiva 4.80e-04%, reinicios, menos opciones 0.042%] (Knuth: ~28 días) | máximo colocado 60 de 64 | hilos 8 de 12
    ... 161.6 s | grupo 1/1 | 303109256 nodos | revisado 3.05e-03%, faltan ~60 días [menos opciones 3.05e-03%, menos opciones + pieza menos restrictiva 4.82e-04%, reinicios, menos opciones 0.042%] (Knuth: ~28 días) | máximo colocado 60 de 64 | hilos 8 de 12
    ... 163.6 s | grupo 1/1 | 307017438 nodos | revisado 3.07e-03%, faltan ~61 días [menos opciones 3.07e-03%, menos opciones + pieza menos restrictiva 4.84e-04%, reinicios, menos opciones 0.042%] (Knuth: ~28 días) | máximo colocado 60 de 64 | hilos 8 de 12
    ... 165.6 s | grupo 1/1 | 310833046 nodos | revisado 3.08e-03%, faltan ~61 días [menos opciones 3.08e-03%, menos opciones + pieza menos restrictiva 4.86e-04%, reinicios, menos opciones 0.042%] (Knuth: ~28 días) | máximo colocado 60 de 64 | hilos 8 de 12
    ... 167.6 s | grupo 1/1 | 314660711 nodos | revisado 3.10e-03%, faltan ~61 días [menos opciones 3.10e-03%, menos opciones + pieza menos restrictiva 4.89e-04%, reinicios, menos opciones 0.042%] (Knuth: ~28 días) | máximo colocado 60 de 64 | hilos 8 de 12
    ... 169.7 s | grupo 1/1 | 318499010 nodos | revisado 3.11e-03%, faltan ~62 días [menos opciones 3.11e-03%, menos opciones + pieza menos restrictiva 4.93e-04%, reinicios, menos opciones 0.043%] (Knuth: ~28 días) | máximo colocado 60 de 64 | hilos 8 de 12
    ... 171.7 s | grupo 1/1 | 322312513 nodos | revisado 3.16e-03%, faltan ~62 días [menos opciones 3.16e-03%, menos opciones + pieza menos restrictiva 4.97e-04%, reinicios, menos opciones 0.043%] (Knuth: ~28 días) | máximo colocado 60 de 64 | hilos 8 de 12
    ... 173.7 s | grupo 1/1 | 326102543 nodos | revisado 3.21e-03%, faltan ~61 días [menos opciones 3.21e-03%, menos opciones + pieza menos restrictiva 5.04e-04%, reinicios, menos opciones 0.044%] (Knuth: ~28 días) | máximo colocado 60 de 64 | hilos 8 de 12
    ... 175.7 s | grupo 1/1 | 329848239 nodos | revisado 3.25e-03%, faltan ~62 días [menos opciones 3.25e-03%, menos opciones + pieza menos restrictiva 5.12e-04%, reinicios, menos opciones 0.044%] (Knuth: ~28 días) | máximo colocado 60 de 64 | hilos 8 de 12
    ... 177.7 s | grupo 1/1 | 333532831 nodos | revisado 3.28e-03%, faltan ~62 días [menos opciones 3.28e-03%, menos opciones + pieza menos restrictiva 5.14e-04%, reinicios, menos opciones 0.045%] (Knuth: ~28 días) | máximo colocado 60 de 64 | hilos 8 de 12
    ... 179.7 s | grupo 1/1 | 337326048 nodos | revisado 3.34e-03%, faltan ~61 días [menos opciones 3.34e-03%, menos opciones + pieza menos restrictiva 5.17e-04%, reinicios, menos opciones 0.045%] (Knuth: ~28 días) | máximo colocado 60 de 64 | hilos 8 de 12
    ... 181.7 s | grupo 1/1 | 341137631 nodos | revisado 3.38e-03%, faltan ~61 días [menos opciones 3.38e-03%, menos opciones + pieza menos restrictiva 5.22e-04%, reinicios, menos opciones 0.046%] (Knuth: ~28 días) | máximo colocado 60 de 64 | hilos 8 de 12
    ... 183.7 s | grupo 1/1 | 344955841 nodos | revisado 3.43e-03%, faltan ~61 días [menos opciones 3.43e-03%, menos opciones + pieza menos restrictiva 5.25e-04%, reinicios, menos opciones 0.047%] (Knuth: ~28 días) | máximo colocado 60 de 64 | hilos 8 de 12
    ... 185.7 s | grupo 1/1 | 348781709 nodos | revisado 3.45e-03%, faltan ~61 días [menos opciones 3.45e-03%, menos opciones + pieza menos restrictiva 5.28e-04%, reinicios, menos opciones 0.048%] (Knuth: ~28 días) | máximo colocado 60 de 64 | hilos 8 de 12
    ... 187.7 s | grupo 1/1 | 352559464 nodos | revisado 3.50e-03%, faltan ~61 días [menos opciones 3.50e-03%, menos opciones + pieza menos restrictiva 5.34e-04%, reinicios, menos opciones 0.048%] (Knuth: ~28 días) | máximo colocado 60 de 64 | hilos 8 de 12
    ... 189.8 s | grupo 1/1 | 356383135 nodos | revisado 3.53e-03%, faltan ~61 días [menos opciones 3.53e-03%, menos opciones + pieza menos restrictiva 5.40e-04%, reinicios, menos opciones 0.048%] (Knuth: ~28 días) | máximo colocado 60 de 64 | hilos 8 de 12
    ... 191.8 s | grupo 1/1 | 360245132 nodos | revisado 3.57e-03%, faltan ~61 días [menos opciones 3.57e-03%, menos opciones + pieza menos restrictiva 5.47e-04%, reinicios, menos opciones 0.049%] (Knuth: ~28 días) | máximo colocado 60 de 64 | hilos 8 de 12
    ... 193.8 s | grupo 1/1 | 364090144 nodos | revisado 3.61e-03%, faltan ~61 días [menos opciones 3.61e-03%, menos opciones + pieza menos restrictiva 5.51e-04%, reinicios, menos opciones 0.049%] (Knuth: ~28 días) | máximo colocado 60 de 64 | hilos 8 de 12
    ... 195.8 s | grupo 1/1 | 367930232 nodos | revisado 3.64e-03%, faltan ~61 días [menos opciones 3.64e-03%, menos opciones + pieza menos restrictiva 5.57e-04%, reinicios, menos opciones 0.050%] (Knuth: ~28 días) | máximo colocado 60 de 64 | hilos 8 de 12
    ... 197.8 s | grupo 1/1 | 371759759 nodos | revisado 3.66e-03%, faltan ~62 días [menos opciones 3.66e-03%, menos opciones + pieza menos restrictiva 5.60e-04%, reinicios, menos opciones 0.052%] (Knuth: ~28 días) | máximo colocado 60 de 64 | hilos 8 de 12
    ... 199.8 s | grupo 1/1 | 375578055 nodos | revisado 3.69e-03%, faltan ~62 días [menos opciones 3.69e-03%, menos opciones + pieza menos restrictiva 5.70e-04%, reinicios, menos opciones 0.053%] (Knuth: ~28 días) | máximo colocado 60 de 64 | hilos 8 de 12
    ... 201.8 s | grupo 1/1 | 379429432 nodos | revisado 3.73e-03%, faltan ~62 días [menos opciones 3.73e-03%, menos opciones + pieza menos restrictiva 5.82e-04%, reinicios, menos opciones 0.053%] (Knuth: ~28 días) | máximo colocado 60 de 64 | hilos 8 de 12
    ... 203.8 s | grupo 1/1 | 383305470 nodos | revisado 3.75e-03%, faltan ~62 días [menos opciones 3.75e-03%, menos opciones + pieza menos restrictiva 5.90e-04%, reinicios, menos opciones 0.054%] (Knuth: ~28 días) | máximo colocado 60 de 64 | hilos 8 de 12
    ... 205.8 s | grupo 1/1 | 387116707 nodos | revisado 3.79e-03%, faltan ~62 días [menos opciones 3.79e-03%, menos opciones + pieza menos restrictiva 6.06e-04%, reinicios, menos opciones 0.054%] (Knuth: ~28 días) | máximo colocado 60 de 64 | hilos 8 de 12
    ... 207.8 s | grupo 1/1 | 390919362 nodos | revisado 3.82e-03%, faltan ~62 días [menos opciones 3.82e-03%, menos opciones + pieza menos restrictiva 6.21e-04%, reinicios, menos opciones 0.054%] (Knuth: ~28 días) | máximo colocado 60 de 64 | hilos 8 de 12
    ... 209.9 s | grupo 1/1 | 394803548 nodos | revisado 3.85e-03%, faltan ~62 días [menos opciones 3.85e-03%, menos opciones + pieza menos restrictiva 6.25e-04%, reinicios, menos opciones 0.054%] (Knuth: ~28 días) | máximo colocado 60 de 64 | hilos 8 de 12
    ... 211.9 s | grupo 1/1 | 398688175 nodos | revisado 3.88e-03%, faltan ~62 días [menos opciones 3.88e-03%, menos opciones + pieza menos restrictiva 6.28e-04%, reinicios, menos opciones 0.055%] (Knuth: ~28 días) | máximo colocado 60 de 64 | hilos 8 de 12
    ... 213.9 s | grupo 1/1 | 402539489 nodos | revisado 3.90e-03%, faltan ~63 días [menos opciones 3.90e-03%, menos opciones + pieza menos restrictiva 6.31e-04%, reinicios, menos opciones 0.055%] (Knuth: ~28 días) | máximo colocado 60 de 64 | hilos 8 de 12
    ... 215.9 s | grupo 1/1 | 406372869 nodos | revisado 3.91e-03%, faltan ~63 días [menos opciones 3.91e-03%, menos opciones + pieza menos restrictiva 6.33e-04%, reinicios, menos opciones 0.056%] (Knuth: ~28 días) | máximo colocado 60 de 64 | hilos 8 de 12
    ... 217.9 s | grupo 1/1 | 410194583 nodos | revisado 3.93e-03%, faltan ~63 días [menos opciones 3.93e-03%, menos opciones + pieza menos restrictiva 6.35e-04%, reinicios, menos opciones 0.056%] (Knuth: ~28 días) | máximo colocado 60 de 64 | hilos 8 de 12
    ... 219.9 s | grupo 1/1 | 414055406 nodos | revisado 3.95e-03%, faltan ~64 días [menos opciones 3.95e-03%, menos opciones + pieza menos restrictiva 6.37e-04%, reinicios, menos opciones 0.056%] (Knuth: ~28 días) | máximo colocado 60 de 64 | hilos 8 de 12
    ... 221.9 s | grupo 1/1 | 417918880 nodos | revisado 3.99e-03%, faltan ~64 días [menos opciones 3.99e-03%, menos opciones + pieza menos restrictiva 6.39e-04%, reinicios, menos opciones 0.057%] (Knuth: ~28 días) | máximo colocado 60 de 64 | hilos 8 de 12
    ... 223.9 s | grupo 1/1 | 421759516 nodos | revisado 4.04e-03%, faltan ~63 días [menos opciones 4.04e-03%, menos opciones + pieza menos restrictiva 6.43e-04%, reinicios, menos opciones 0.057%] (Knuth: ~28 días) | máximo colocado 60 de 64 | hilos 8 de 12
    ... 225.9 s | grupo 1/1 | 425630057 nodos | revisado 4.07e-03%, faltan ~63 días [menos opciones 4.07e-03%, menos opciones + pieza menos restrictiva 6.47e-04%, reinicios, menos opciones 0.057%] (Knuth: ~28 días) | máximo colocado 60 de 64 | hilos 8 de 12
    ... 227.9 s | grupo 1/1 | 429477558 nodos | revisado 4.10e-03%, faltan ~63 días [menos opciones 4.10e-03%, menos opciones + pieza menos restrictiva 6.49e-04%, reinicios, menos opciones 0.057%] (Knuth: ~28 días) | máximo colocado 60 de 64 | hilos 8 de 12
    ... 230.0 s | grupo 1/1 | 433397247 nodos | revisado 4.12e-03%, faltan ~64 días [menos opciones 4.12e-03%, menos opciones + pieza menos restrictiva 6.52e-04%, reinicios, menos opciones 0.057%] (Knuth: ~28 días) | máximo colocado 60 de 64 | hilos 8 de 12
    ... 232.0 s | grupo 1/1 | 437299145 nodos | revisado 4.14e-03%, faltan ~64 días [menos opciones 4.14e-03%, menos opciones + pieza menos restrictiva 6.59e-04%, reinicios, menos opciones 0.057%] (Knuth: ~28 días) | máximo colocado 60 de 64 | hilos 8 de 12
    ... 234.0 s | grupo 1/1 | 441169176 nodos | revisado 4.17e-03%, faltan ~64 días [menos opciones 4.17e-03%, menos opciones + pieza menos restrictiva 6.63e-04%, reinicios, menos opciones 0.058%] (Knuth: ~28 días) | máximo colocado 60 de 64 | hilos 8 de 12
    ... 236.0 s | grupo 1/1 | 445069378 nodos | revisado 4.22e-03%, faltan ~64 días [menos opciones 4.22e-03%, menos opciones + pieza menos restrictiva 6.68e-04%, reinicios, menos opciones 0.058%] (Knuth: ~28 días) | máximo colocado 60 de 64 | hilos 8 de 12
    ... 238.0 s | grupo 1/1 | 448879792 nodos | revisado 4.26e-03%, faltan ~64 días [menos opciones 4.26e-03%, menos opciones + pieza menos restrictiva 6.71e-04%, reinicios, menos opciones 0.058%] (Knuth: ~28 días) | máximo colocado 60 de 64 | hilos 8 de 12
    ... 240.0 s | grupo 1/1 | 452843768 nodos | revisado 4.29e-03%, faltan ~64 días [menos opciones 4.29e-03%, menos opciones + pieza menos restrictiva 6.75e-04%, reinicios, menos opciones 0.058%] (Knuth: ~28 días) | máximo colocado 60 de 64 | hilos 8 de 12
    ... 242.0 s | grupo 1/1 | 456793213 nodos | revisado 4.33e-03%, faltan ~64 días [menos opciones 4.33e-03%, menos opciones + pieza menos restrictiva 6.80e-04%, reinicios, menos opciones 0.058%] (Knuth: ~28 días) | máximo colocado 60 de 64 | hilos 8 de 12
    ... 244.1 s | grupo 1/1 | 460731504 nodos | revisado 4.37e-03%, faltan ~64 días [menos opciones 4.37e-03%, menos opciones + pieza menos restrictiva 6.81e-04%, reinicios, menos opciones 0.058%] (Knuth: ~28 días) | máximo colocado 60 de 64 | hilos 8 de 12
    ... 246.1 s | grupo 1/1 | 464666720 nodos | revisado 4.43e-03%, faltan ~64 días [menos opciones 4.43e-03%, menos opciones + pieza menos restrictiva 6.84e-04%, reinicios, menos opciones 0.058%] (Knuth: ~28 días) | máximo colocado 60 de 64 | hilos 8 de 12
    ... 248.1 s | grupo 1/1 | 468536898 nodos | revisado 4.45e-03%, faltan ~64 días [menos opciones 4.45e-03%, menos opciones + pieza menos restrictiva 6.89e-04%, reinicios, menos opciones 0.058%] (Knuth: ~28 días) | máximo colocado 60 de 64 | hilos 8 de 12
    ... 250.1 s | grupo 1/1 | 472419364 nodos | revisado 4.49e-03%, faltan ~64 días [menos opciones 4.49e-03%, menos opciones + pieza menos restrictiva 6.93e-04%, reinicios, menos opciones 0.058%] (Knuth: ~28 días) | máximo colocado 60 de 64 | hilos 8 de 12
    ... 252.1 s | grupo 1/1 | 476286633 nodos | revisado 4.54e-03%, faltan ~63 días [menos opciones 4.54e-03%, menos opciones + pieza menos restrictiva 6.98e-04%, reinicios, menos opciones 0.058%] (Knuth: ~28 días) | máximo colocado 60 de 64 | hilos 8 de 12
    ... 254.1 s | grupo 1/1 | 480143389 nodos | revisado 4.59e-03%, faltan ~63 días [menos opciones 4.59e-03%, menos opciones + pieza menos restrictiva 7.02e-04%, reinicios, menos opciones 0.058%] (Knuth: ~28 días) | máximo colocado 60 de 64 | hilos 8 de 12
    ... 256.1 s | grupo 1/1 | 484004483 nodos | revisado 4.64e-03%, faltan ~63 días [menos opciones 4.64e-03%, menos opciones + pieza menos restrictiva 7.06e-04%, reinicios, menos opciones 0.058%] (Knuth: ~28 días) | máximo colocado 60 de 64 | hilos 8 de 12
    ... 258.1 s | grupo 1/1 | 487874897 nodos | revisado 4.68e-03%, faltan ~63 días [menos opciones 4.68e-03%, menos opciones + pieza menos restrictiva 7.13e-04%, reinicios, menos opciones 0.059%] (Knuth: ~28 días) | máximo colocado 60 de 64 | hilos 8 de 12
    ... 260.1 s | grupo 1/1 | 491712958 nodos | revisado 4.71e-03%, faltan ~63 días [menos opciones 4.71e-03%, menos opciones + pieza menos restrictiva 7.19e-04%, reinicios, menos opciones 0.060%] (Knuth: ~28 días) | máximo colocado 60 de 64 | hilos 8 de 12
    ... 262.1 s | grupo 1/1 | 495565015 nodos | revisado 4.73e-03%, faltan ~63 días [menos opciones 4.73e-03%, menos opciones + pieza menos restrictiva 7.26e-04%, reinicios, menos opciones 0.060%] (Knuth: ~28 días) | máximo colocado 60 de 64 | hilos 8 de 12
    ... 264.1 s | grupo 1/1 | 499375951 nodos | revisado 4.75e-03%, faltan ~64 días [menos opciones 4.75e-03%, menos opciones + pieza menos restrictiva 7.33e-04%, reinicios, menos opciones 0.061%] (Knuth: ~28 días) | máximo colocado 60 de 64 | hilos 8 de 12
    ... 266.1 s | grupo 1/1 | 503246217 nodos | revisado 4.79e-03%, faltan ~64 días [menos opciones 4.79e-03%, menos opciones + pieza menos restrictiva 7.39e-04%, reinicios, menos opciones 0.062%] (Knuth: ~28 días) | máximo colocado 60 de 64 | hilos 8 de 12
    ... 268.1 s | grupo 1/1 | 507089944 nodos | revisado 4.85e-03%, faltan ~63 días [menos opciones 4.85e-03%, menos opciones + pieza menos restrictiva 7.42e-04%, reinicios, menos opciones 0.063%] (Knuth: ~28 días) | máximo colocado 60 de 64 | hilos 8 de 12
    ... 270.1 s | grupo 1/1 | 510898150 nodos | revisado 4.88e-03%, faltan ~63 días [menos opciones 4.88e-03%, menos opciones + pieza menos restrictiva 7.47e-04%, reinicios, menos opciones 0.064%] (Knuth: ~28 días) | máximo colocado 60 de 64 | hilos 8 de 12
    ... 272.1 s | grupo 1/1 | 514788508 nodos | revisado 4.92e-03%, faltan ~63 días [menos opciones 4.92e-03%, menos opciones + pieza menos restrictiva 7.54e-04%, reinicios, menos opciones 0.064%] (Knuth: ~28 días) | máximo colocado 60 de 64 | hilos 8 de 12
    ... 274.2 s | grupo 1/1 | 518678606 nodos | revisado 4.98e-03%, faltan ~63 días [menos opciones 4.98e-03%, menos opciones + pieza menos restrictiva 7.61e-04%, reinicios, menos opciones 0.065%] (Knuth: ~28 días) | máximo colocado 60 de 64 | hilos 8 de 12
    ... 276.2 s | grupo 1/1 | 522542681 nodos | revisado 5.01e-03%, faltan ~63 días [menos opciones 5.01e-03%, menos opciones + pieza menos restrictiva 7.66e-04%, reinicios, menos opciones 0.066%] (Knuth: ~28 días) | máximo colocado 60 de 64 | hilos 8 de 12
    ... 278.2 s | grupo 1/1 | 526352264 nodos | revisado 5.04e-03%, faltan ~63 días [menos opciones 5.04e-03%, menos opciones + pieza menos restrictiva 7.70e-04%, reinicios, menos opciones 0.067%] (Knuth: ~28 días) | máximo colocado 60 de 64 | hilos 8 de 12
    ... 280.2 s | grupo 1/1 | 530131105 nodos | revisado 5.08e-03%, faltan ~63 días [menos opciones 5.08e-03%, menos opciones + pieza menos restrictiva 7.81e-04%, reinicios, menos opciones 0.067%] (Knuth: ~28 días) | máximo colocado 60 de 64 | hilos 8 de 12
    ... 282.2 s | grupo 1/1 | 533933605 nodos | revisado 5.09e-03%, faltan ~63 días [menos opciones 5.09e-03%, menos opciones + pieza menos restrictiva 7.91e-04%, reinicios, menos opciones 0.067%] (Knuth: ~28 días) | máximo colocado 60 de 64 | hilos 8 de 12
    ... 284.2 s | grupo 1/1 | 537696518 nodos | revisado 5.11e-03%, faltan ~64 días [menos opciones 5.11e-03%, menos opciones + pieza menos restrictiva 8.06e-04%, reinicios, menos opciones 0.068%] (Knuth: ~28 días) | máximo colocado 60 de 64 | hilos 8 de 12
    ... 286.2 s | grupo 1/1 | 541485591 nodos | revisado 5.14e-03%, faltan ~64 días [menos opciones 5.14e-03%, menos opciones + pieza menos restrictiva 8.18e-04%, reinicios, menos opciones 0.069%] (Knuth: ~28 días) | máximo colocado 60 de 64 | hilos 8 de 12
    ... 288.2 s | grupo 1/1 | 545341871 nodos | revisado 5.17e-03%, faltan ~64 días [menos opciones 5.17e-03%, menos opciones + pieza menos restrictiva 8.39e-04%, reinicios, menos opciones 0.070%] (Knuth: ~28 días) | máximo colocado 60 de 64 | hilos 8 de 12
    ... 290.2 s | grupo 1/1 | 549199498 nodos | revisado 5.19e-03%, faltan ~64 días [menos opciones 5.19e-03%, menos opciones + pieza menos restrictiva 8.65e-04%, reinicios, menos opciones 0.070%] (Knuth: ~28 días) | máximo colocado 60 de 64 | hilos 8 de 12
    ... 292.2 s | grupo 1/1 | 553075034 nodos | revisado 5.22e-03%, faltan ~64 días [menos opciones 5.22e-03%, menos opciones + pieza menos restrictiva 8.74e-04%, reinicios, menos opciones 0.070%] (Knuth: ~28 días) | máximo colocado 60 de 64 | hilos 8 de 12
    ... 294.2 s | grupo 1/1 | 556929631 nodos | revisado 5.25e-03%, faltan ~64 días [menos opciones 5.25e-03%, menos opciones + pieza menos restrictiva 8.79e-04%, reinicios, menos opciones 0.071%] (Knuth: ~28 días) | máximo colocado 60 de 64 | hilos 8 de 12
    ... 296.2 s | grupo 1/1 | 560787474 nodos | revisado 5.27e-03%, faltan ~64 días [menos opciones 5.27e-03%, menos opciones + pieza menos restrictiva 8.83e-04%, reinicios, menos opciones 0.071%] (Knuth: ~28 días) | máximo colocado 60 de 64 | hilos 8 de 12
    ... 298.2 s | grupo 1/1 | 564656139 nodos | revisado 5.28e-03%, faltan ~65 días [menos opciones 5.28e-03%, menos opciones + pieza menos restrictiva 8.86e-04%, reinicios, menos opciones 0.072%] (Knuth: ~28 días) | máximo colocado 60 de 64 | hilos 8 de 12
[4] Grupo 1: cortado por límite de tiempo
[5] Tiempo total: 5 min
RESULTADO resuelto=0 ms=300021.5 marcos=0 nodos=568061952 grupos=1/1 hilos=12 t_marcos=0.000 t_interior=297.011 lados=0 unificado=1 max_colocadas=60 motivo=limite
