[0] Tablero 9x9, 12 colores, 12 hilos
[1] Esquina fija (1,3). 3 grupos, orden por coste: 1.34e+26 1.34e+26 1.34e+26
[1] Orden por estimado de Knuth (nodos): 7.37e+14 1.5e+15 2.05e+15
[2] Grupo 1/3: ruta unificada (mapas por lado)
    ... 32.0 s | grupo 1/3 | 1679458 nodos | revisado 6.40e-05%, faltan ~36 días (Knuth: ~27.8 años) | máximo colocado 59 de 81 | hilos 12 de 12
    ... 34.0 s | grupo 1/3 | 3317331 nodos | revisado 1.35e-04%, faltan ~35 días (Knuth: ~28.3 años) | máximo colocado 59 de 81 | hilos 12 de 12
    ... 36.1 s | grupo 1/3 | 4980065 nodos | revisado 1.56e-04%, faltan ~45 días (Knuth: ~28.2 años) | máximo colocado 59 de 81 | hilos 12 de 12
    ... 38.1 s | grupo 1/3 | 6659994 nodos | revisado 1.64e-04%, faltan ~57 días (Knuth: ~28.2 años) | máximo colocado 59 de 81 | hilos 12 de 12
    ... 40.1 s | grupo 1/3 | 8341573 nodos | revisado 1.82e-04%, faltan ~64 días (Knuth: ~28.1 años) | máximo colocado 59 de 81 | hilos 12 de 12
    ... 42.1 s | grupo 1/3 | 10032744 nodos | revisado 2.12e-04%, faltan ~66 días (Knuth: ~28.1 años) | máximo colocado 59 de 81 | hilos 12 de 12
    ... 44.1 s | grupo 1/3 | 11660550 nodos | revisado 2.31e-04%, faltan ~70 días (Knuth: ~28.2 años) | máximo colocado 59 de 81 | hilos 12 de 12
    ... 46.1 s | grupo 1/3 | 13347695 nodos | revisado 2.89e-04%, faltan ~64 días (Knuth: ~28.1 años) | máximo colocado 60 de 81 | hilos 12 de 12
    ... 48.1 s | grupo 1/3 | 15016315 nodos | revisado 3.22e-04%, faltan ~65 días (Knuth: ~28.1 años) | máximo colocado 60 de 81 | hilos 12 de 12
    ... 50.1 s | grupo 1/3 | 16651603 nodos | revisado 3.32e-04%, faltan ~70 días (Knuth: ~28.2 años) | máximo colocado 60 de 81 | hilos 12 de 12
    ... 52.1 s | grupo 1/3 | 18303001 nodos | revisado 3.35e-04%, faltan ~76 días (Knuth: ~28.2 años) | máximo colocado 60 de 81 | hilos 12 de 12
    ... 54.2 s | grupo 1/3 | 19963806 nodos | revisado 3.40e-04%, faltan ~82 días (Knuth: ~28.2 años) | máximo colocado 60 de 81 | hilos 12 de 12
    ... 56.2 s | grupo 1/3 | 21612940 nodos | revisado 3.64e-04%, faltan ~83 días (Knuth: ~28.2 años) | máximo colocado 60 de 81 | hilos 12 de 12
    ... 58.2 s | grupo 1/3 | 23284908 nodos | revisado 3.92e-04%, faltan ~83 días (Knuth: ~28.2 años) | máximo colocado 60 de 81 | hilos 12 de 12
    ... 60.2 s | grupo 1/3 | 24951789 nodos | revisado 4.09e-04%, faltan ~85 días (Knuth: ~28.2 años) | máximo colocado 60 de 81 | hilos 12 de 12
    ... 62.2 s | grupo 1/3 | 26626306 nodos | revisado 4.25e-04%, faltan ~88 días (Knuth: ~28.2 años) | máximo colocado 60 de 81 | hilos 12 de 12
    ... 64.2 s | grupo 1/3 | 28312943 nodos | revisado 4.37e-04%, faltan ~91 días (Knuth: ~28.2 años) | máximo colocado 60 de 81 | hilos 12 de 12
    ... 66.2 s | grupo 1/3 | 29922777 nodos | revisado 4.50e-04%, faltan ~93 días (Knuth: ~28.3 años) | máximo colocado 60 de 81 | hilos 12 de 12
    ... 68.2 s | grupo 1/3 | 31550796 nodos | revisado 4.56e-04%, faltan ~97 días (Knuth: ~28.3 años) | máximo colocado 61 de 81 | hilos 12 de 12
    ... 70.2 s | grupo 1/3 | 33156800 nodos | revisado 4.87e-04%, faltan ~96 días (Knuth: ~28.3 años) | máximo colocado 61 de 81 | hilos 12 de 12
    ... 72.3 s | grupo 1/3 | 34810748 nodos | revisado 4.95e-04%, faltan ~99 días (Knuth: ~28.3 años) | máximo colocado 61 de 81 | hilos 12 de 12
    ... 74.3 s | grupo 1/3 | 36477173 nodos | revisado 5.05e-04%, faltan ~101 días (Knuth: ~28.3 años) | máximo colocado 61 de 81 | hilos 12 de 12
    ... 76.3 s | grupo 1/3 | 38066112 nodos | revisado 5.16e-04%, faltan ~104 días (Knuth: ~28.4 años) | máximo colocado 61 de 81 | hilos 12 de 12
    ... 78.3 s | grupo 1/3 | 39735051 nodos | revisado 5.32e-04%, faltan ~105 días (Knuth: ~28.4 años) | máximo colocado 61 de 81 | hilos 12 de 12
    ... 80.3 s | grupo 1/3 | 41390255 nodos | revisado 5.39e-04%, faltan ~108 días (Knuth: ~28.3 años) | máximo colocado 61 de 81 | hilos 12 de 12
    ... 82.3 s | grupo 1/3 | 43066174 nodos | revisado 5.45e-04%, faltan ~111 días (Knuth: ~28.3 años) | máximo colocado 61 de 81 | hilos 12 de 12
    ... 84.3 s | grupo 1/3 | 44746361 nodos | revisado 5.55e-04%, faltan ~113 días (Knuth: ~28.3 años) | máximo colocado 61 de 81 | hilos 12 de 12
    ... 86.3 s | grupo 1/3 | 46401075 nodos | revisado 5.68e-04%, faltan ~115 días (Knuth: ~28.3 años) | máximo colocado 61 de 81 | hilos 12 de 12
    ... 88.3 s | grupo 1/3 | 48066342 nodos | revisado 5.79e-04%, faltan ~116 días (Knuth: ~28.3 años) | máximo colocado 61 de 81 | hilos 12 de 12
    ... 90.3 s | grupo 1/3 | 49729872 nodos | revisado 5.89e-04%, faltan ~119 días (Knuth: ~28.3 años) | máximo colocado 61 de 81 | hilos 12 de 12
    ... 92.3 s | grupo 1/3 | 51382514 nodos | revisado 6.01e-04%, faltan ~120 días (Knuth: ~28.3 años) | máximo colocado 61 de 81 | hilos 12 de 12
    ... 94.3 s | grupo 1/3 | 53035866 nodos | revisado 6.09e-04%, faltan ~122 días (Knuth: ~28.3 años) | máximo colocado 61 de 81 | hilos 12 de 12
    ... 96.4 s | grupo 1/3 | 54696749 nodos | revisado 6.19e-04%, faltan ~124 días (Knuth: ~28.3 años) | máximo colocado 61 de 81 | hilos 12 de 12
    ... 98.4 s | grupo 1/3 | 56329559 nodos | revisado 6.27e-04%, faltan ~126 días (Knuth: ~28.3 años) | máximo colocado 61 de 81 | hilos 12 de 12
    ... 100.4 s | grupo 1/3 | 57953319 nodos | revisado 6.35e-04%, faltan ~128 días (Knuth: ~28.3 años) | máximo colocado 61 de 81 | hilos 12 de 12
    ... 102.4 s | grupo 1/3 | 59613341 nodos | revisado 6.40e-04%, faltan ~131 días (Knuth: ~28.3 años) | máximo colocado 61 de 81 | hilos 12 de 12
    ... 104.4 s | grupo 1/3 | 61281063 nodos | revisado 6.50e-04%, faltan ~132 días (Knuth: ~28.3 años) | máximo colocado 61 de 81 | hilos 12 de 12
    ... 106.4 s | grupo 1/3 | 62953317 nodos | revisado 6.58e-04%, faltan ~134 días (Knuth: ~28.3 años) | máximo colocado 61 de 81 | hilos 12 de 12
    ... 108.4 s | grupo 1/3 | 64633410 nodos | revisado 6.62e-04%, faltan ~137 días (Knuth: ~28.3 años) | máximo colocado 61 de 81 | hilos 12 de 12
    ... 110.4 s | grupo 1/3 | 66282598 nodos | revisado 6.66e-04%, faltan ~140 días (Knuth: ~28.3 años) | máximo colocado 61 de 81 | hilos 12 de 12
    ... 112.5 s | grupo 1/3 | 67917769 nodos | revisado 6.78e-04%, faltan ~141 días (Knuth: ~28.3 años) | máximo colocado 61 de 81 | hilos 12 de 12
    ... 114.5 s | grupo 1/3 | 69573335 nodos | revisado 6.93e-04%, faltan ~141 días (Knuth: ~28.3 años) | máximo colocado 61 de 81 | hilos 12 de 12
    ... 116.5 s | grupo 1/3 | 71226203 nodos | revisado 6.98e-04%, faltan ~143 días (Knuth: ~28.3 años) | máximo colocado 61 de 81 | hilos 12 de 12
    ... 118.5 s | grupo 1/3 | 72809610 nodos | revisado 7.06e-04%, faltan ~145 días (Knuth: ~28.4 años) | máximo colocado 61 de 81 | hilos 12 de 12
    ... 120.5 s | grupo 1/3 | 74443645 nodos | revisado 7.13e-04%, faltan ~147 días (Knuth: ~28.4 años) | máximo colocado 61 de 81 | hilos 12 de 12
    ... 122.5 s | grupo 1/3 | 76086727 nodos | revisado 7.15e-04%, faltan ~150 días (Knuth: ~28.4 años) | máximo colocado 61 de 81 | hilos 12 de 12
    ... 124.5 s | grupo 1/3 | 77738511 nodos | revisado 7.17e-04%, faltan ~152 días (Knuth: ~28.4 años) | máximo colocado 61 de 81 | hilos 12 de 12
    ... 126.5 s | grupo 1/3 | 79409538 nodos | revisado 7.20e-04%, faltan ~155 días (Knuth: ~28.4 años) | máximo colocado 61 de 81 | hilos 12 de 12
    ... 128.5 s | grupo 1/3 | 81077723 nodos | revisado 7.41e-04%, faltan ~154 días (Knuth: ~28.4 años) | máximo colocado 61 de 81 | hilos 12 de 12
    ... 130.5 s | grupo 1/3 | 82742169 nodos | revisado 7.61e-04%, faltan ~153 días (Knuth: ~28.4 años) | máximo colocado 61 de 81 | hilos 12 de 12
    ... 132.5 s | grupo 1/3 | 84417310 nodos | revisado 8.27e-04%, faltan ~143 días (Knuth: ~28.3 años) | máximo colocado 61 de 81 | hilos 12 de 12
    ... 134.5 s | grupo 1/3 | 86089093 nodos | revisado 8.62e-04%, faltan ~140 días (Knuth: ~28.3 años) | máximo colocado 61 de 81 | hilos 12 de 12
    ... 136.6 s | grupo 1/3 | 87769455 nodos | revisado 8.96e-04%, faltan ~138 días (Knuth: ~28.3 años) | máximo colocado 61 de 81 | hilos 12 de 12
    ... 138.6 s | grupo 1/3 | 89467171 nodos | revisado 9.05e-04%, faltan ~139 días (Knuth: ~28.3 años) | máximo colocado 61 de 81 | hilos 12 de 12
    ... 140.6 s | grupo 1/3 | 91155568 nodos | revisado 9.12e-04%, faltan ~140 días (Knuth: ~28.3 años) | máximo colocado 61 de 81 | hilos 12 de 12
    ... 142.6 s | grupo 1/3 | 92849037 nodos | revisado 9.29e-04%, faltan ~140 días (Knuth: ~28.3 años) | máximo colocado 61 de 81 | hilos 12 de 12
    ... 144.6 s | grupo 1/3 | 94526156 nodos | revisado 9.34e-04%, faltan ~142 días (Knuth: ~28.3 años) | máximo colocado 61 de 81 | hilos 12 de 12
    ... 146.6 s | grupo 1/3 | 96157579 nodos | revisado 9.39e-04%, faltan ~144 días (Knuth: ~28.3 años) | máximo colocado 61 de 81 | hilos 12 de 12
    ... 148.6 s | grupo 1/3 | 97823934 nodos | revisado 9.49e-04%, faltan ~145 días (Knuth: ~28.3 años) | máximo colocado 61 de 81 | hilos 12 de 12
    ... 150.6 s | grupo 1/3 | 99522684 nodos | revisado 9.61e-04%, faltan ~145 días (Knuth: ~28.3 años) | máximo colocado 61 de 81 | hilos 12 de 12
    ... 152.6 s | grupo 1/3 | 101202914 nodos | revisado 9.79e-04%, faltan ~145 días (Knuth: ~28.3 años) | máximo colocado 61 de 81 | hilos 12 de 12
    ... 154.6 s | grupo 1/3 | 102882342 nodos | revisado 9.86e-04%, faltan ~146 días (Knuth: ~28.3 años) | máximo colocado 61 de 81 | hilos 12 de 12
    ... 156.6 s | grupo 1/3 | 104570305 nodos | revisado 1.01e-03%, faltan ~145 días (Knuth: ~28.3 años) | máximo colocado 61 de 81 | hilos 12 de 12
    ... 158.6 s | grupo 1/3 | 106257993 nodos | revisado 1.02e-03%, faltan ~145 días (Knuth: ~28.3 años) | máximo colocado 61 de 81 | hilos 12 de 12
    ... 160.7 s | grupo 1/3 | 107944634 nodos | revisado 1.04e-03%, faltan ~146 días (Knuth: ~28.3 años) | máximo colocado 61 de 81 | hilos 12 de 12
    ... 162.7 s | grupo 1/3 | 109645851 nodos | revisado 1.04e-03%, faltan ~147 días (Knuth: ~28.2 años) | máximo colocado 61 de 81 | hilos 12 de 12
    ... 164.7 s | grupo 1/3 | 111266843 nodos | revisado 1.07e-03%, faltan ~145 días (Knuth: ~28.3 años) | máximo colocado 61 de 81 | hilos 12 de 12
    ... 166.7 s | grupo 1/3 | 112947611 nodos | revisado 1.08e-03%, faltan ~147 días (Knuth: ~28.2 años) | máximo colocado 61 de 81 | hilos 12 de 12
    ... 168.7 s | grupo 1/3 | 114604096 nodos | revisado 1.08e-03%, faltan ~148 días (Knuth: ~28.3 años) | máximo colocado 61 de 81 | hilos 12 de 12
    ... 170.7 s | grupo 1/3 | 116264628 nodos | revisado 1.09e-03%, faltan ~149 días (Knuth: ~28.2 años) | máximo colocado 61 de 81 | hilos 12 de 12
    ... 172.7 s | grupo 1/3 | 117948860 nodos | revisado 1.10e-03%, faltan ~150 días (Knuth: ~28.2 años) | máximo colocado 61 de 81 | hilos 12 de 12
    ... 174.7 s | grupo 1/3 | 119639657 nodos | revisado 1.11e-03%, faltan ~150 días (Knuth: ~28.2 años) | máximo colocado 62 de 81 | hilos 12 de 12
    ... 176.7 s | grupo 1/3 | 121322157 nodos | revisado 1.15e-03%, faltan ~147 días (Knuth: ~28.2 años) | máximo colocado 62 de 81 | hilos 12 de 12
    ... 178.8 s | grupo 1/3 | 123011394 nodos | revisado 1.18e-03%, faltan ~146 días (Knuth: ~28.2 años) | máximo colocado 62 de 81 | hilos 12 de 12
    ... 180.8 s | grupo 1/3 | 124705360 nodos | revisado 1.19e-03%, faltan ~147 días (Knuth: ~28.2 años) | máximo colocado 62 de 81 | hilos 12 de 12
    ... 182.8 s | grupo 1/3 | 126373604 nodos | revisado 1.20e-03%, faltan ~147 días (Knuth: ~28.2 años) | máximo colocado 62 de 81 | hilos 12 de 12
    ... 184.8 s | grupo 1/3 | 128055696 nodos | revisado 1.22e-03%, faltan ~147 días (Knuth: ~28.2 años) | máximo colocado 62 de 81 | hilos 12 de 12
    ... 186.8 s | grupo 1/3 | 129756439 nodos | revisado 1.23e-03%, faltan ~148 días (Knuth: ~28.2 años) | máximo colocado 62 de 81 | hilos 12 de 12
    ... 188.8 s | grupo 1/3 | 131431210 nodos | revisado 1.25e-03%, faltan ~147 días (Knuth: ~28.2 años) | máximo colocado 62 de 81 | hilos 12 de 12
    ... 190.8 s | grupo 1/3 | 133105221 nodos | revisado 1.25e-03%, faltan ~149 días (Knuth: ~28.2 años) | máximo colocado 62 de 81 | hilos 12 de 12
    ... 192.8 s | grupo 1/3 | 134793862 nodos | revisado 1.26e-03%, faltan ~150 días (Knuth: ~28.2 años) | máximo colocado 62 de 81 | hilos 12 de 12
    ... 194.8 s | grupo 1/3 | 136462745 nodos | revisado 1.28e-03%, faltan ~149 días (Knuth: ~28.2 años) | máximo colocado 62 de 81 | hilos 12 de 12
    ... 196.8 s | grupo 1/3 | 138128927 nodos | revisado 1.31e-03%, faltan ~148 días (Knuth: ~28.2 años) | máximo colocado 62 de 81 | hilos 12 de 12
    ... 198.9 s | grupo 1/3 | 139822035 nodos | revisado 1.32e-03%, faltan ~148 días (Knuth: ~28.2 años) | máximo colocado 62 de 81 | hilos 12 de 12
    ... 200.9 s | grupo 1/3 | 141510244 nodos | revisado 1.32e-03%, faltan ~150 días (Knuth: ~28.2 años) | máximo colocado 62 de 81 | hilos 12 de 12
    ... 202.9 s | grupo 1/3 | 143181908 nodos | revisado 1.33e-03%, faltan ~150 días (Knuth: ~28.2 años) | máximo colocado 62 de 81 | hilos 12 de 12
    ... 204.9 s | grupo 1/3 | 144835114 nodos | revisado 1.34e-03%, faltan ~151 días (Knuth: ~28.2 años) | máximo colocado 62 de 81 | hilos 12 de 12
    ... 206.9 s | grupo 1/3 | 146497334 nodos | revisado 1.36e-03%, faltan ~150 días (Knuth: ~28.2 años) | máximo colocado 62 de 81 | hilos 12 de 12
    ... 208.9 s | grupo 1/3 | 148145453 nodos | revisado 1.77e-03%, faltan ~117 días (Knuth: ~28.2 años) | máximo colocado 62 de 81 | hilos 12 de 12
    ... 210.9 s | grupo 1/3 | 149801300 nodos | revisado 1.78e-03%, faltan ~117 días (Knuth: ~28.2 años) | máximo colocado 62 de 81 | hilos 12 de 12
    ... 212.9 s | grupo 1/3 | 151458221 nodos | revisado 1.80e-03%, faltan ~118 días (Knuth: ~28.2 años) | máximo colocado 62 de 81 | hilos 12 de 12
    ... 214.9 s | grupo 1/3 | 153101731 nodos | revisado 1.80e-03%, faltan ~119 días (Knuth: ~28.2 años) | máximo colocado 62 de 81 | hilos 12 de 12
    ... 216.9 s | grupo 1/3 | 154730024 nodos | revisado 1.81e-03%, faltan ~120 días (Knuth: ~28.2 años) | máximo colocado 62 de 81 | hilos 12 de 12
    ... 218.9 s | grupo 1/3 | 156389637 nodos | revisado 1.81e-03%, faltan ~121 días (Knuth: ~28.2 años) | máximo colocado 62 de 81 | hilos 12 de 12
    ... 220.9 s | grupo 1/3 | 158039473 nodos | revisado 1.81e-03%, faltan ~122 días (Knuth: ~28.2 años) | máximo colocado 62 de 81 | hilos 12 de 12
    ... 222.9 s | grupo 1/3 | 159696953 nodos | revisado 1.88e-03%, faltan ~119 días (Knuth: ~28.2 años) | máximo colocado 62 de 81 | hilos 12 de 12
    ... 225.0 s | grupo 1/3 | 161356443 nodos | revisado 1.89e-03%, faltan ~119 días (Knuth: ~28.2 años) | máximo colocado 62 de 81 | hilos 12 de 12
    ... 227.0 s | grupo 1/3 | 162998349 nodos | revisado 1.90e-03%, faltan ~120 días (Knuth: ~28.2 años) | máximo colocado 62 de 81 | hilos 12 de 12
    ... 229.0 s | grupo 1/3 | 164650638 nodos | revisado 1.90e-03%, faltan ~121 días (Knuth: ~28.2 años) | máximo colocado 62 de 81 | hilos 12 de 12
    ... 231.0 s | grupo 1/3 | 166295844 nodos | revisado 1.90e-03%, faltan ~123 días (Knuth: ~28.2 años) | máximo colocado 62 de 81 | hilos 12 de 12
    ... 233.0 s | grupo 1/3 | 167923011 nodos | revisado 1.90e-03%, faltan ~123 días (Knuth: ~28.2 años) | máximo colocado 62 de 81 | hilos 12 de 12
    ... 235.0 s | grupo 1/3 | 169570044 nodos | revisado 2.00e-03%, faltan ~119 días (Knuth: ~28.2 años) | máximo colocado 62 de 81 | hilos 12 de 12
    ... 237.0 s | grupo 1/3 | 171221016 nodos | revisado 2.00e-03%, faltan ~120 días (Knuth: ~28.2 años) | máximo colocado 62 de 81 | hilos 12 de 12
    ... 239.0 s | grupo 1/3 | 172879963 nodos | revisado 2.00e-03%, faltan ~121 días (Knuth: ~28.2 años) | máximo colocado 62 de 81 | hilos 12 de 12
    ... 241.0 s | grupo 1/3 | 174546970 nodos | revisado 2.00e-03%, faltan ~122 días (Knuth: ~28.2 años) | máximo colocado 62 de 81 | hilos 12 de 12
    ... 243.1 s | grupo 1/3 | 176209523 nodos | revisado 2.00e-03%, faltan ~123 días (Knuth: ~28.2 años) | máximo colocado 62 de 81 | hilos 12 de 12
    ... 245.1 s | grupo 1/3 | 177839261 nodos | revisado 2.00e-03%, faltan ~124 días (Knuth: ~28.2 años) | máximo colocado 62 de 81 | hilos 12 de 12
    ... 247.1 s | grupo 1/3 | 179468107 nodos | revisado 2.00e-03%, faltan ~126 días (Knuth: ~28.2 años) | máximo colocado 62 de 81 | hilos 12 de 12
    ... 249.1 s | grupo 1/3 | 181118475 nodos | revisado 2.00e-03%, faltan ~127 días (Knuth: ~28.2 años) | máximo colocado 62 de 81 | hilos 12 de 12
    ... 251.1 s | grupo 1/3 | 182767208 nodos | revisado 2.00e-03%, faltan ~128 días (Knuth: ~28.2 años) | máximo colocado 62 de 81 | hilos 12 de 12
    ... 253.1 s | grupo 1/3 | 184415525 nodos | revisado 2.00e-03%, faltan ~129 días (Knuth: ~28.2 años) | máximo colocado 62 de 81 | hilos 12 de 12
    ... 255.1 s | grupo 1/3 | 186069668 nodos | revisado 2.01e-03%, faltan ~130 días (Knuth: ~28.2 años) | máximo colocado 62 de 81 | hilos 12 de 12
    ... 257.1 s | grupo 1/3 | 187711782 nodos | revisado 2.01e-03%, faltan ~131 días (Knuth: ~28.2 años) | máximo colocado 62 de 81 | hilos 12 de 12
    ... 259.1 s | grupo 1/3 | 189360359 nodos | revisado 2.01e-03%, faltan ~132 días (Knuth: ~28.2 años) | máximo colocado 62 de 81 | hilos 12 de 12
    ... 261.1 s | grupo 1/3 | 191025579 nodos | revisado 2.01e-03%, faltan ~133 días (Knuth: ~28.2 años) | máximo colocado 62 de 81 | hilos 12 de 12
    ... 263.2 s | grupo 1/3 | 192703251 nodos | revisado 2.01e-03%, faltan ~134 días (Knuth: ~28.2 años) | máximo colocado 62 de 81 | hilos 12 de 12
    ... 265.2 s | grupo 1/3 | 194363985 nodos | revisado 2.01e-03%, faltan ~135 días (Knuth: ~28.2 años) | máximo colocado 62 de 81 | hilos 12 de 12
    ... 267.2 s | grupo 1/3 | 196040698 nodos | revisado 2.01e-03%, faltan ~137 días (Knuth: ~28.2 años) | máximo colocado 62 de 81 | hilos 12 de 12
    ... 269.2 s | grupo 1/3 | 197704914 nodos | revisado 2.01e-03%, faltan ~137 días (Knuth: ~28.2 años) | máximo colocado 62 de 81 | hilos 12 de 12
    ... 271.2 s | grupo 1/3 | 199365464 nodos | revisado 2.02e-03%, faltan ~138 días (Knuth: ~28.2 años) | máximo colocado 62 de 81 | hilos 12 de 12
    ... 273.2 s | grupo 1/3 | 201050601 nodos | revisado 2.02e-03%, faltan ~139 días (Knuth: ~28.2 años) | máximo colocado 62 de 81 | hilos 12 de 12
    ... 275.2 s | grupo 1/3 | 202729161 nodos | revisado 2.03e-03%, faltan ~140 días (Knuth: ~28.2 años) | máximo colocado 62 de 81 | hilos 12 de 12
    ... 277.3 s | grupo 1/3 | 204405425 nodos | revisado 2.06e-03%, faltan ~139 días (Knuth: ~28.2 años) | máximo colocado 62 de 81 | hilos 12 de 12
    ... 279.3 s | grupo 1/3 | 206082212 nodos | revisado 2.07e-03%, faltan ~139 días (Knuth: ~28.2 años) | máximo colocado 62 de 81 | hilos 12 de 12
    ... 281.3 s | grupo 1/3 | 207744997 nodos | revisado 2.08e-03%, faltan ~140 días (Knuth: ~28.2 años) | máximo colocado 62 de 81 | hilos 12 de 12
    ... 283.3 s | grupo 1/3 | 209418523 nodos | revisado 2.08e-03%, faltan ~141 días (Knuth: ~28.2 años) | máximo colocado 62 de 81 | hilos 12 de 12
    ... 285.3 s | grupo 1/3 | 211091655 nodos | revisado 2.08e-03%, faltan ~142 días (Knuth: ~28.2 años) | máximo colocado 62 de 81 | hilos 12 de 12
    ... 287.3 s | grupo 1/3 | 212761017 nodos | revisado 2.08e-03%, faltan ~143 días (Knuth: ~28.2 años) | máximo colocado 62 de 81 | hilos 12 de 12
    ... 289.3 s | grupo 1/3 | 214442729 nodos | revisado 2.08e-03%, faltan ~144 días (Knuth: ~28.2 años) | máximo colocado 62 de 81 | hilos 12 de 12
    ... 291.3 s | grupo 1/3 | 216128778 nodos | revisado 2.08e-03%, faltan ~145 días (Knuth: ~28.2 años) | máximo colocado 62 de 81 | hilos 12 de 12
    ... 293.3 s | grupo 1/3 | 217802824 nodos | revisado 2.08e-03%, faltan ~146 días (Knuth: ~28.2 años) | máximo colocado 62 de 81 | hilos 12 de 12
    ... 295.3 s | grupo 1/3 | 219490585 nodos | revisado 2.09e-03%, faltan ~147 días (Knuth: ~28.2 años) | máximo colocado 62 de 81 | hilos 12 de 12
    ... 297.3 s | grupo 1/3 | 221183386 nodos | revisado 2.09e-03%, faltan ~148 días (Knuth: ~28.2 años) | máximo colocado 62 de 81 | hilos 12 de 12
    ... 299.4 s | grupo 1/3 | 222865646 nodos | revisado 2.10e-03%, faltan ~149 días (Knuth: ~28.2 años) | máximo colocado 62 de 81 | hilos 12 de 12
[4] Grupo 1: cortado por límite de tiempo
[5] Tiempo total: 5 min
RESULTADO resuelto=0 ms=300014.8 marcos=0 nodos=223412224 grupos=1/3 hilos=12 t_marcos=0.000 t_interior=269.985 lados=0 unificado=1 max_colocadas=62 motivo=limite
