[0] Tablero 8x8, 9 colores, 12 hilos
[1] Esquina fija (2,1). 6 grupos, orden por coste: 9.1e+24 9.1e+24 9.1e+24 9.1e+24 9.1e+24 9.1e+24
    grupo 1, orden menos opciones: estimado 6.6e+15 nodos
    grupo 1, orden interior primero: estimado 6.03e+13 nodos
    grupo 2, orden menos opciones: estimado 2.37e+15 nodos
    grupo 2, orden interior primero: estimado 4.3e+13 nodos
    grupo 3, orden menos opciones: estimado 8.51e+15 nodos
    grupo 3, orden interior primero: estimado 4.92e+13 nodos
    grupo 4, orden menos opciones: estimado 3.94e+16 nodos
    grupo 4, orden interior primero: estimado 9.15e+13 nodos
    grupo 5, orden menos opciones: estimado 4.18e+15 nodos
    grupo 5, orden interior primero: estimado 9.15e+13 nodos
    grupo 6, orden menos opciones: estimado 2.55e+15 nodos
    grupo 6, orden interior primero: estimado 6.19e+13 nodos
[1] Estimado de Knuth por grupo (nodos): 6.03e+13(i) 4.3e+13(i) 4.92e+13(i) 9.15e+13(i) 9.15e+13(i) 6.19e+13(i)   (i) = interior primero
[2] Grupo 1/6: ruta unificada (mapas por lado), orden: interior primero
    ... 8.1 s | grupo 1/6 | 2608900 nodos | revisado 1.74e-05%, faltan ~134 días (Knuth: ~538 días) | máximo colocado 51 de 64 | hilos 12 de 12
[4] Grupo 1: SOLUCIÓN. Verificación: OK
[5] Tiempo total: 10 s
RESULTADO resuelto=1 ms=9898.9 marcos=0 nodos=5020057 grupos=1/6 hilos=12 t_marcos=0.000 t_interior=3.845 lados=0 unificado=1 max_colocadas=64
