[0] Tablero 8x8, 10 colores, 12 hilos
[1] Esquina fija (3,2). 3 grupos, orden por coste: 2.04e+22 2.04e+22 2.04e+22
[1] Estimado de Knuth por grupo (nodos): 5.77e+13 4.54e+13 1.57e+13   (i) = interior primero
[2] Grupo 1/3: ruta unificada (mapas por lado), orden: casilla con menos opciones
    ... 8.0 s | grupo 1/3 | 2478702 nodos | revisado 2.86e-04%, faltan ~8 días (Knuth: ~543 días) | máximo colocado 56 de 64 | hilos 12 de 12
    ... 10.0 s | grupo 1/3 | 4955089 nodos | revisado 3.60e-04%, faltan ~13 días (Knuth: ~544 días) | máximo colocado 56 de 64 | hilos 12 de 12
    ... 12.1 s | grupo 1/3 | 7429769 nodos | revisado 3.85e-04%, faltan ~18 días (Knuth: ~545 días) | máximo colocado 56 de 64 | hilos 12 de 12
    ... 14.1 s | grupo 1/3 | 9922135 nodos | revisado 4.09e-04%, faltan ~23 días (Knuth: ~544 días) | máximo colocado 56 de 64 | hilos 12 de 12
    ... 16.1 s | grupo 1/3 | 12397003 nodos | revisado 4.37e-04%, faltan ~27 días (Knuth: ~544 días) | máximo colocado 56 de 64 | hilos 12 de 12
    ... 18.1 s | grupo 1/3 | 14890025 nodos | revisado 4.71e-04%, faltan ~30 días (Knuth: ~544 días) | máximo colocado 56 de 64 | hilos 12 de 12
    ... 20.1 s | grupo 1/3 | 17390692 nodos | revisado 4.96e-04%, faltan ~33 días (Knuth: ~543 días) | máximo colocado 56 de 64 | hilos 12 de 12
    ... 22.2 s | grupo 1/3 | 19863094 nodos | revisado 5.17e-04%, faltan ~36 días (Knuth: ~543 días) | máximo colocado 56 de 64 | hilos 12 de 12
    ... 24.2 s | grupo 1/3 | 22290240 nodos | revisado 5.56e-04%, faltan ~38 días (Knuth: ~544 días) | máximo colocado 56 de 64 | hilos 12 de 12
    ... 26.2 s | grupo 1/3 | 24683723 nodos | revisado 6.03e-04%, faltan ~39 días (Knuth: ~546 días) | máximo colocado 56 de 64 | hilos 12 de 12
    ... 28.2 s | grupo 1/3 | 27048800 nodos | revisado 7.01e-04%, faltan ~37 días (Knuth: ~547 días) | máximo colocado 56 de 64 | hilos 12 de 12
    ... 30.2 s | grupo 1/3 | 29460773 nodos | revisado 8.14e-04%, faltan ~34 días (Knuth: ~548 días) | máximo colocado 56 de 64 | hilos 12 de 12
    ... 32.2 s | grupo 1/3 | 31901358 nodos | revisado 9.31e-04%, faltan ~33 días (Knuth: ~548 días) | máximo colocado 56 de 64 | hilos 12 de 12
    ... 34.2 s | grupo 1/3 | 34326003 nodos | revisado 1.02e-03%, faltan ~32 días (Knuth: ~549 días) | máximo colocado 56 de 64 | hilos 12 de 12
    ... 36.2 s | grupo 1/3 | 36715398 nodos | revisado 1.05e-03%, faltan ~33 días (Knuth: ~550 días) | máximo colocado 56 de 64 | hilos 12 de 12
    ... 38.2 s | grupo 1/3 | 39113112 nodos | revisado 1.10e-03%, faltan ~34 días (Knuth: ~550 días) | máximo colocado 56 de 64 | hilos 12 de 12
    ... 40.2 s | grupo 1/3 | 41515633 nodos | revisado 1.12e-03%, faltan ~35 días (Knuth: ~551 días) | máximo colocado 56 de 64 | hilos 12 de 12
    ... 42.2 s | grupo 1/3 | 43893079 nodos | revisado 1.17e-03%, faltan ~36 días (Knuth: ~551 días) | máximo colocado 56 de 64 | hilos 12 de 12
    ... 44.2 s | grupo 1/3 | 46300208 nodos | revisado 1.20e-03%, faltan ~37 días (Knuth: ~552 días) | máximo colocado 56 de 64 | hilos 12 de 12
    ... 46.3 s | grupo 1/3 | 48562042 nodos | revisado 1.24e-03%, faltan ~37 días (Knuth: ~554 días) | máximo colocado 56 de 64 | hilos 12 de 12
    ... 48.3 s | grupo 1/3 | 50919895 nodos | revisado 1.29e-03%, faltan ~38 días (Knuth: ~554 días) | máximo colocado 56 de 64 | hilos 12 de 12
    ... 50.3 s | grupo 1/3 | 53281169 nodos | revisado 1.31e-03%, faltan ~39 días (Knuth: ~555 días) | máximo colocado 56 de 64 | hilos 12 de 12
    ... 52.3 s | grupo 1/3 | 55637910 nodos | revisado 1.37e-03%, faltan ~39 días (Knuth: ~556 días) | máximo colocado 56 de 64 | hilos 12 de 12
    ... 54.3 s | grupo 1/3 | 58015542 nodos | revisado 1.42e-03%, faltan ~39 días (Knuth: ~556 días) | máximo colocado 56 de 64 | hilos 12 de 12
    ... 56.3 s | grupo 1/3 | 60426644 nodos | revisado 1.45e-03%, faltan ~40 días (Knuth: ~556 días) | máximo colocado 56 de 64 | hilos 12 de 12
    ... 58.3 s | grupo 1/3 | 62769242 nodos | revisado 1.51e-03%, faltan ~40 días (Knuth: ~556 días) | máximo colocado 56 de 64 | hilos 12 de 12
    ... 60.3 s | grupo 1/3 | 65103974 nodos | revisado 1.56e-03%, faltan ~40 días (Knuth: ~557 días) | máximo colocado 56 de 64 | hilos 12 de 12
    ... 62.3 s | grupo 1/3 | 67512239 nodos | revisado 1.60e-03%, faltan ~41 días (Knuth: ~557 días) | máximo colocado 56 de 64 | hilos 12 de 12
    ... 64.3 s | grupo 1/3 | 69800230 nodos | revisado 1.61e-03%, faltan ~42 días (Knuth: ~558 días) | máximo colocado 56 de 64 | hilos 12 de 12
    ... 66.3 s | grupo 1/3 | 72169724 nodos | revisado 1.63e-03%, faltan ~43 días (Knuth: ~558 días) | máximo colocado 56 de 64 | hilos 12 de 12
    ... 68.3 s | grupo 1/3 | 74599579 nodos | revisado 1.69e-03%, faltan ~43 días (Knuth: ~558 días) | máximo colocado 56 de 64 | hilos 12 de 12
    ... 70.4 s | grupo 1/3 | 77015540 nodos | revisado 1.72e-03%, faltan ~43 días (Knuth: ~558 días) | máximo colocado 56 de 64 | hilos 12 de 12
    ... 72.4 s | grupo 1/3 | 79420196 nodos | revisado 1.74e-03%, faltan ~44 días (Knuth: ~558 días) | máximo colocado 56 de 64 | hilos 12 de 12
    ... 74.4 s | grupo 1/3 | 81813188 nodos | revisado 1.76e-03%, faltan ~45 días (Knuth: ~558 días) | máximo colocado 56 de 64 | hilos 12 de 12
    ... 76.4 s | grupo 1/3 | 84252200 nodos | revisado 1.77e-03%, faltan ~46 días (Knuth: ~558 días) | máximo colocado 56 de 64 | hilos 12 de 12
    ... 78.4 s | grupo 1/3 | 86664874 nodos | revisado 1.79e-03%, faltan ~47 días (Knuth: ~558 días) | máximo colocado 56 de 64 | hilos 12 de 12
    ... 80.4 s | grupo 1/3 | 89052996 nodos | revisado 1.81e-03%, faltan ~48 días (Knuth: ~558 días) | máximo colocado 56 de 64 | hilos 12 de 12
    ... 82.4 s | grupo 1/3 | 91428872 nodos | revisado 1.82e-03%, faltan ~49 días (Knuth: ~558 días) | máximo colocado 56 de 64 | hilos 12 de 12
    ... 84.4 s | grupo 1/3 | 93798225 nodos | revisado 1.84e-03%, faltan ~49 días (Knuth: ~558 días) | máximo colocado 56 de 64 | hilos 12 de 12
    ... 86.4 s | grupo 1/3 | 96176022 nodos | revisado 1.87e-03%, faltan ~50 días (Knuth: ~559 días) | máximo colocado 56 de 64 | hilos 12 de 12
    ... 88.4 s | grupo 1/3 | 98512743 nodos | revisado 1.90e-03%, faltan ~50 días (Knuth: ~559 días) | máximo colocado 56 de 64 | hilos 12 de 12
    ... 90.5 s | grupo 1/3 | 100887541 nodos | revisado 1.93e-03%, faltan ~51 días (Knuth: ~559 días) | máximo colocado 56 de 64 | hilos 12 de 12
    ... 92.5 s | grupo 1/3 | 103227979 nodos | revisado 1.95e-03%, faltan ~51 días (Knuth: ~559 días) | máximo colocado 56 de 64 | hilos 12 de 12
    ... 94.5 s | grupo 1/3 | 105450501 nodos | revisado 1.98e-03%, faltan ~52 días (Knuth: ~560 días) | máximo colocado 56 de 64 | hilos 12 de 12
    ... 96.5 s | grupo 1/3 | 107463992 nodos | revisado 2.04e-03%, faltan ~51 días (Knuth: ~562 días) | máximo colocado 56 de 64 | hilos 12 de 12
    ... 98.5 s | grupo 1/3 | 109531960 nodos | revisado 2.09e-03%, faltan ~51 días (Knuth: ~564 días) | máximo colocado 56 de 64 | hilos 12 de 12
    ... 100.5 s | grupo 1/3 | 111895855 nodos | revisado 2.10e-03%, faltan ~52 días (Knuth: ~564 días) | máximo colocado 56 de 64 | hilos 12 de 12
    ... 102.5 s | grupo 1/3 | 114292034 nodos | revisado 2.11e-03%, faltan ~53 días (Knuth: ~564 días) | máximo colocado 56 de 64 | hilos 12 de 12
    ... 104.5 s | grupo 1/3 | 116551783 nodos | revisado 2.12e-03%, faltan ~54 días (Knuth: ~565 días) | máximo colocado 56 de 64 | hilos 12 de 12
    ... 106.5 s | grupo 1/3 | 118814384 nodos | revisado 2.14e-03%, faltan ~54 días (Knuth: ~565 días) | máximo colocado 56 de 64 | hilos 12 de 12
    ... 108.5 s | grupo 1/3 | 121046330 nodos | revisado 2.17e-03%, faltan ~55 días (Knuth: ~566 días) | máximo colocado 56 de 64 | hilos 12 de 12
    ... 110.5 s | grupo 1/3 | 123337003 nodos | revisado 2.23e-03%, faltan ~54 días (Knuth: ~566 días) | máximo colocado 56 de 64 | hilos 12 de 12
    ... 112.5 s | grupo 1/3 | 125695542 nodos | revisado 2.26e-03%, faltan ~55 días (Knuth: ~566 días) | máximo colocado 56 de 64 | hilos 12 de 12
    ... 114.6 s | grupo 1/3 | 127955966 nodos | revisado 2.30e-03%, faltan ~55 días (Knuth: ~567 días) | máximo colocado 56 de 64 | hilos 12 de 12
    ... 116.6 s | grupo 1/3 | 130229784 nodos | revisado 2.43e-03%, faltan ~53 días (Knuth: ~567 días) | máximo colocado 56 de 64 | hilos 12 de 12
    ... 118.6 s | grupo 1/3 | 132480719 nodos | revisado 2.52e-03%, faltan ~52 días (Knuth: ~568 días) | máximo colocado 56 de 64 | hilos 12 de 12
[4] Grupo 1: SOLUCIÓN. Verificación: OK
[5] Tiempo total: 2 min
RESULTADO resuelto=1 ms=120217.7 marcos=0 nodos=134437181 grupos=1/3 hilos=12 t_marcos=0.000 t_interior=114.203 lados=0 unificado=1 max_colocadas=64
