[0] Tablero 9x9, 12 colores, 12 hilos
[1] Esquina fija (1,3). 3 grupos, orden por coste: 1.34e+26 1.34e+26 1.34e+26
    grupo 1, orden menos opciones: estimado 1.03e+15 nodos
    grupo 1, orden interior primero: estimado 2.93e+13 nodos
    grupo 2, orden menos opciones: estimado 1.21e+15 nodos
    grupo 2, orden interior primero: estimado 3.43e+13 nodos
    grupo 3, orden menos opciones: estimado 7.8e+14 nodos
    grupo 3, orden interior primero: estimado 2.64e+13 nodos
[1] Estimado de Knuth por grupo (nodos): 2.93e+13(i) 3.43e+13(i) 2.64e+13(i)   (i) = interior primero
[2] Grupo 1/3: ruta unificada (mapas por lado), orden: interior primero
    ... 8.1 s | grupo 1/3 | 1519960 nodos | revisado 5.3%, faltan ~36 s (Knuth: ~448 días) | máximo colocado 60 de 81 | hilos 12 de 12
    ... 10.1 s | grupo 1/3 | 3055465 nodos | revisado 5.3%, faltan ~72 s (Knuth: ~445 días) | máximo colocado 60 de 81 | hilos 12 de 12
    ... 12.1 s | grupo 1/3 | 4635592 nodos | revisado 5.3%, faltan ~108 s (Knuth: ~439 días) | máximo colocado 60 de 81 | hilos 12 de 12
    ... 14.1 s | grupo 1/3 | 6243604 nodos | revisado 5.3%, faltan ~2 min (Knuth: ~435 días) | máximo colocado 60 de 81 | hilos 12 de 12
    ... 16.1 s | grupo 1/3 | 7846093 nodos | revisado 5.3%, faltan ~3 min (Knuth: ~433 días) | máximo colocado 60 de 81 | hilos 12 de 12
    ... 18.1 s | grupo 1/3 | 9446560 nodos | revisado 5.3%, faltan ~4 min (Knuth: ~432 días) | máximo colocado 60 de 81 | hilos 12 de 12
    ... 20.1 s | grupo 1/3 | 10974853 nodos | revisado 5.3%, faltan ~4 min (Knuth: ~433 días) | máximo colocado 60 de 81 | hilos 12 de 12
    ... 22.1 s | grupo 1/3 | 12539053 nodos | revisado 5.3%, faltan ~5 min (Knuth: ~434 días) | máximo colocado 61 de 81 | hilos 12 de 12
    ... 24.1 s | grupo 1/3 | 14099582 nodos | revisado 5.3%, faltan ~5 min (Knuth: ~434 días) | máximo colocado 61 de 81 | hilos 12 de 12
    ... 26.1 s | grupo 1/3 | 15661278 nodos | revisado 5.3%, faltan ~6 min (Knuth: ~434 días) | máximo colocado 61 de 81 | hilos 12 de 12
    ... 28.2 s | grupo 1/3 | 17229869 nodos | revisado 5.3%, faltan ~7 min (Knuth: ~434 días) | máximo colocado 61 de 81 | hilos 12 de 12
    ... 30.2 s | grupo 1/3 | 18791943 nodos | revisado 5.3%, faltan ~7 min (Knuth: ~434 días) | máximo colocado 61 de 81 | hilos 12 de 12
    ... 32.2 s | grupo 1/3 | 20365408 nodos | revisado 5.3%, faltan ~8 min (Knuth: ~434 días) | máximo colocado 61 de 81 | hilos 12 de 12
    ... 34.2 s | grupo 1/3 | 21936974 nodos | revisado 5.3%, faltan ~8 min (Knuth: ~434 días) | máximo colocado 61 de 81 | hilos 12 de 12
    ... 36.2 s | grupo 1/3 | 23498649 nodos | revisado 5.3%, faltan ~9 min (Knuth: ~434 días) | máximo colocado 61 de 81 | hilos 12 de 12
    ... 38.2 s | grupo 1/3 | 25056196 nodos | revisado 5.3%, faltan ~10 min (Knuth: ~434 días) | máximo colocado 61 de 81 | hilos 12 de 12
    ... 40.2 s | grupo 1/3 | 26614946 nodos | revisado 5.3%, faltan ~10 min (Knuth: ~435 días) | máximo colocado 61 de 81 | hilos 12 de 12
    ... 42.2 s | grupo 1/3 | 28226242 nodos | revisado 5.3%, faltan ~11 min (Knuth: ~434 días) | máximo colocado 61 de 81 | hilos 12 de 12
    ... 44.2 s | grupo 1/3 | 29787309 nodos | revisado 5.3%, faltan ~11 min (Knuth: ~434 días) | máximo colocado 61 de 81 | hilos 12 de 12
    ... 46.2 s | grupo 1/3 | 31353235 nodos | revisado 5.3%, faltan ~12 min (Knuth: ~434 días) | máximo colocado 61 de 81 | hilos 12 de 12
    ... 48.2 s | grupo 1/3 | 32904207 nodos | revisado 5.3%, faltan ~13 min (Knuth: ~434 días) | máximo colocado 61 de 81 | hilos 12 de 12
    ... 50.2 s | grupo 1/3 | 34485794 nodos | revisado 5.3%, faltan ~13 min (Knuth: ~434 días) | máximo colocado 61 de 81 | hilos 12 de 12
    ... 52.3 s | grupo 1/3 | 36044723 nodos | revisado 5.3%, faltan ~14 min (Knuth: ~434 días) | máximo colocado 61 de 81 | hilos 12 de 12
    ... 54.3 s | grupo 1/3 | 37609340 nodos | revisado 5.3%, faltan ~14 min (Knuth: ~434 días) | máximo colocado 61 de 81 | hilos 12 de 12
    ... 56.3 s | grupo 1/3 | 39157678 nodos | revisado 5.3%, faltan ~15 min (Knuth: ~434 días) | máximo colocado 61 de 81 | hilos 12 de 12
    ... 58.3 s | grupo 1/3 | 40737343 nodos | revisado 5.3%, faltan ~16 min (Knuth: ~434 días) | máximo colocado 61 de 81 | hilos 12 de 12
    ... 60.3 s | grupo 1/3 | 42289121 nodos | revisado 5.3%, faltan ~16 min (Knuth: ~434 días) | máximo colocado 61 de 81 | hilos 12 de 12
    ... 62.3 s | grupo 1/3 | 43856437 nodos | revisado 5.3%, faltan ~17 min (Knuth: ~434 días) | máximo colocado 61 de 81 | hilos 12 de 12
    ... 64.3 s | grupo 1/3 | 45430973 nodos | revisado 5.3%, faltan ~17 min (Knuth: ~434 días) | máximo colocado 61 de 81 | hilos 12 de 12
    ... 66.3 s | grupo 1/3 | 47006001 nodos | revisado 5.3%, faltan ~18 min (Knuth: ~434 días) | máximo colocado 61 de 81 | hilos 12 de 12
    ... 68.4 s | grupo 1/3 | 48578652 nodos | revisado 5.3%, faltan ~19 min (Knuth: ~434 días) | máximo colocado 61 de 81 | hilos 12 de 12
    ... 70.4 s | grupo 1/3 | 50163162 nodos | revisado 5.3%, faltan ~19 min (Knuth: ~434 días) | máximo colocado 61 de 81 | hilos 12 de 12
    ... 72.4 s | grupo 1/3 | 51692689 nodos | revisado 5.3%, faltan ~20 min (Knuth: ~434 días) | máximo colocado 61 de 81 | hilos 12 de 12
    ... 74.4 s | grupo 1/3 | 53202689 nodos | revisado 5.3%, faltan ~20 min (Knuth: ~435 días) | máximo colocado 61 de 81 | hilos 12 de 12
    ... 76.4 s | grupo 1/3 | 54751922 nodos | revisado 5.3%, faltan ~21 min (Knuth: ~435 días) | máximo colocado 61 de 81 | hilos 12 de 12
    ... 78.4 s | grupo 1/3 | 56280168 nodos | revisado 5.3%, faltan ~22 min (Knuth: ~435 días) | máximo colocado 61 de 81 | hilos 12 de 12
    ... 80.4 s | grupo 1/3 | 57842824 nodos | revisado 5.3%, faltan ~22 min (Knuth: ~435 días) | máximo colocado 61 de 81 | hilos 12 de 12
    ... 82.4 s | grupo 1/3 | 59428034 nodos | revisado 5.3%, faltan ~23 min (Knuth: ~435 días) | máximo colocado 61 de 81 | hilos 12 de 12
    ... 84.4 s | grupo 1/3 | 60992196 nodos | revisado 5.3%, faltan ~24 min (Knuth: ~435 días) | máximo colocado 61 de 81 | hilos 12 de 12
    ... 86.4 s | grupo 1/3 | 62548419 nodos | revisado 5.3%, faltan ~24 min (Knuth: ~435 días) | máximo colocado 61 de 81 | hilos 12 de 12
    ... 88.4 s | grupo 1/3 | 64140873 nodos | revisado 5.3%, faltan ~25 min (Knuth: ~435 días) | máximo colocado 61 de 81 | hilos 12 de 12
    ... 90.4 s | grupo 1/3 | 65703014 nodos | revisado 5.3%, faltan ~25 min (Knuth: ~435 días) | máximo colocado 61 de 81 | hilos 12 de 12
    ... 92.4 s | grupo 1/3 | 67274381 nodos | revisado 5.3%, faltan ~26 min (Knuth: ~435 días) | máximo colocado 61 de 81 | hilos 12 de 12
    ... 94.4 s | grupo 1/3 | 68830485 nodos | revisado 5.3%, faltan ~27 min (Knuth: ~435 días) | máximo colocado 61 de 81 | hilos 12 de 12
    ... 96.5 s | grupo 1/3 | 70398218 nodos | revisado 5.3%, faltan ~27 min (Knuth: ~435 días) | máximo colocado 61 de 81 | hilos 12 de 12
    ... 98.5 s | grupo 1/3 | 71951520 nodos | revisado 5.3%, faltan ~28 min (Knuth: ~435 días) | máximo colocado 61 de 81 | hilos 12 de 12
    ... 100.5 s | grupo 1/3 | 73493066 nodos | revisado 5.3%, faltan ~28 min (Knuth: ~435 días) | máximo colocado 61 de 81 | hilos 12 de 12
    ... 102.5 s | grupo 1/3 | 75045973 nodos | revisado 5.3%, faltan ~29 min (Knuth: ~435 días) | máximo colocado 61 de 81 | hilos 12 de 12
    ... 104.5 s | grupo 1/3 | 76606966 nodos | revisado 5.3%, faltan ~30 min (Knuth: ~435 días) | máximo colocado 61 de 81 | hilos 12 de 12
    ... 106.5 s | grupo 1/3 | 78153424 nodos | revisado 5.3%, faltan ~30 min (Knuth: ~435 días) | máximo colocado 61 de 81 | hilos 12 de 12
    ... 108.5 s | grupo 1/3 | 79694409 nodos | revisado 5.3%, faltan ~31 min (Knuth: ~435 días) | máximo colocado 61 de 81 | hilos 12 de 12
    ... 110.5 s | grupo 1/3 | 81224959 nodos | revisado 5.3%, faltan ~31 min (Knuth: ~435 días) | máximo colocado 61 de 81 | hilos 12 de 12
    ... 112.5 s | grupo 1/3 | 82824196 nodos | revisado 5.3%, faltan ~32 min (Knuth: ~435 días) | máximo colocado 61 de 81 | hilos 12 de 12
    ... 114.5 s | grupo 1/3 | 84404653 nodos | revisado 5.3%, faltan ~33 min (Knuth: ~435 días) | máximo colocado 61 de 81 | hilos 12 de 12
    ... 116.5 s | grupo 1/3 | 85972223 nodos | revisado 5.3%, faltan ~33 min (Knuth: ~435 días) | máximo colocado 61 de 81 | hilos 12 de 12
    ... 118.6 s | grupo 1/3 | 87566176 nodos | revisado 5.3%, faltan ~34 min (Knuth: ~435 días) | máximo colocado 61 de 81 | hilos 12 de 12
    ... 120.6 s | grupo 1/3 | 89145209 nodos | revisado 5.3%, faltan ~34 min (Knuth: ~435 días) | máximo colocado 61 de 81 | hilos 12 de 12
    ... 122.6 s | grupo 1/3 | 90701933 nodos | revisado 5.3%, faltan ~35 min (Knuth: ~435 días) | máximo colocado 61 de 81 | hilos 12 de 12
    ... 124.6 s | grupo 1/3 | 92278365 nodos | revisado 5.3%, faltan ~36 min (Knuth: ~435 días) | máximo colocado 61 de 81 | hilos 12 de 12
    ... 126.6 s | grupo 1/3 | 93852927 nodos | revisado 5.3%, faltan ~36 min (Knuth: ~435 días) | máximo colocado 61 de 81 | hilos 12 de 12
    ... 128.6 s | grupo 1/3 | 95437759 nodos | revisado 5.3%, faltan ~37 min (Knuth: ~435 días) | máximo colocado 61 de 81 | hilos 12 de 12
    ... 130.6 s | grupo 1/3 | 97030572 nodos | revisado 5.3%, faltan ~37 min (Knuth: ~435 días) | máximo colocado 61 de 81 | hilos 12 de 12
    ... 132.6 s | grupo 1/3 | 98614169 nodos | revisado 5.3%, faltan ~38 min (Knuth: ~435 días) | máximo colocado 61 de 81 | hilos 12 de 12
    ... 134.6 s | grupo 1/3 | 100191463 nodos | revisado 5.3%, faltan ~39 min (Knuth: ~434 días) | máximo colocado 61 de 81 | hilos 12 de 12
    ... 136.6 s | grupo 1/3 | 101779155 nodos | revisado 5.3%, faltan ~39 min (Knuth: ~434 días) | máximo colocado 61 de 81 | hilos 12 de 12
    ... 138.7 s | grupo 1/3 | 103383406 nodos | revisado 5.3%, faltan ~40 min (Knuth: ~434 días) | máximo colocado 61 de 81 | hilos 12 de 12
    ... 140.7 s | grupo 1/3 | 104973954 nodos | revisado 5.3%, faltan ~40 min (Knuth: ~434 días) | máximo colocado 61 de 81 | hilos 12 de 12
    ... 142.7 s | grupo 1/3 | 106586807 nodos | revisado 5.3%, faltan ~41 min (Knuth: ~434 días) | máximo colocado 61 de 81 | hilos 12 de 12
    ... 144.7 s | grupo 1/3 | 108128930 nodos | revisado 5.3%, faltan ~42 min (Knuth: ~434 días) | máximo colocado 61 de 81 | hilos 12 de 12
    ... 146.7 s | grupo 1/3 | 109683675 nodos | revisado 5.3%, faltan ~42 min (Knuth: ~434 días) | máximo colocado 61 de 81 | hilos 12 de 12
    ... 148.7 s | grupo 1/3 | 111276534 nodos | revisado 5.3%, faltan ~43 min (Knuth: ~434 días) | máximo colocado 61 de 81 | hilos 12 de 12
    ... 150.7 s | grupo 1/3 | 112874867 nodos | revisado 5.3%, faltan ~43 min (Knuth: ~434 días) | máximo colocado 61 de 81 | hilos 12 de 12
    ... 152.7 s | grupo 1/3 | 114502666 nodos | revisado 5.3%, faltan ~44 min (Knuth: ~434 días) | máximo colocado 61 de 81 | hilos 12 de 12
    ... 154.7 s | grupo 1/3 | 116107723 nodos | revisado 5.3%, faltan ~45 min (Knuth: ~434 días) | máximo colocado 61 de 81 | hilos 12 de 12
    ... 156.7 s | grupo 1/3 | 117708846 nodos | revisado 5.3%, faltan ~45 min (Knuth: ~433 días) | máximo colocado 61 de 81 | hilos 12 de 12
    ... 158.8 s | grupo 1/3 | 119211853 nodos | revisado 5.3%, faltan ~46 min (Knuth: ~434 días) | máximo colocado 61 de 81 | hilos 12 de 12
    ... 160.8 s | grupo 1/3 | 120761596 nodos | revisado 5.3%, faltan ~46 min (Knuth: ~434 días) | máximo colocado 61 de 81 | hilos 12 de 12
    ... 162.8 s | grupo 1/3 | 122263593 nodos | revisado 5.3%, faltan ~47 min (Knuth: ~434 días) | máximo colocado 61 de 81 | hilos 12 de 12
    ... 164.8 s | grupo 1/3 | 123783504 nodos | revisado 5.3%, faltan ~48 min (Knuth: ~434 días) | máximo colocado 61 de 81 | hilos 12 de 12
    ... 166.8 s | grupo 1/3 | 125334393 nodos | revisado 5.3%, faltan ~48 min (Knuth: ~434 días) | máximo colocado 61 de 81 | hilos 12 de 12
    ... 168.8 s | grupo 1/3 | 126900809 nodos | revisado 5.3%, faltan ~49 min (Knuth: ~434 días) | máximo colocado 61 de 81 | hilos 12 de 12
    ... 170.8 s | grupo 1/3 | 128454870 nodos | revisado 5.3%, faltan ~49 min (Knuth: ~434 días) | máximo colocado 61 de 81 | hilos 12 de 12
    ... 172.8 s | grupo 1/3 | 130031967 nodos | revisado 5.3%, faltan ~50 min (Knuth: ~434 días) | máximo colocado 61 de 81 | hilos 12 de 12
    ... 174.8 s | grupo 1/3 | 131607312 nodos | revisado 5.3%, faltan ~51 min (Knuth: ~434 días) | máximo colocado 61 de 81 | hilos 12 de 12
    ... 176.8 s | grupo 1/3 | 133191164 nodos | revisado 5.3%, faltan ~51 min (Knuth: ~434 días) | máximo colocado 61 de 81 | hilos 12 de 12
    ... 178.8 s | grupo 1/3 | 134749439 nodos | revisado 5.3%, faltan ~52 min (Knuth: ~434 días) | máximo colocado 61 de 81 | hilos 12 de 12
    ... 180.8 s | grupo 1/3 | 136318284 nodos | revisado 5.3%, faltan ~52 min (Knuth: ~434 días) | máximo colocado 61 de 81 | hilos 12 de 12
    ... 182.9 s | grupo 1/3 | 137914382 nodos | revisado 5.3%, faltan ~53 min (Knuth: ~434 días) | máximo colocado 61 de 81 | hilos 12 de 12
    ... 184.9 s | grupo 1/3 | 139504849 nodos | revisado 5.3%, faltan ~54 min (Knuth: ~434 días) | máximo colocado 61 de 81 | hilos 12 de 12
    ... 186.9 s | grupo 1/3 | 141070875 nodos | revisado 5.3%, faltan ~54 min (Knuth: ~434 días) | máximo colocado 61 de 81 | hilos 12 de 12
    ... 188.9 s | grupo 1/3 | 142624974 nodos | revisado 5.3%, faltan ~55 min (Knuth: ~434 días) | máximo colocado 61 de 81 | hilos 12 de 12
    ... 190.9 s | grupo 1/3 | 144182413 nodos | revisado 5.3%, faltan ~55 min (Knuth: ~434 días) | máximo colocado 61 de 81 | hilos 12 de 12
    ... 192.9 s | grupo 1/3 | 145728404 nodos | revisado 5.3%, faltan ~56 min (Knuth: ~434 días) | máximo colocado 61 de 81 | hilos 12 de 12
    ... 194.9 s | grupo 1/3 | 147344079 nodos | revisado 5.3%, faltan ~57 min (Knuth: ~434 días) | máximo colocado 61 de 81 | hilos 12 de 12
    ... 196.9 s | grupo 1/3 | 148958458 nodos | revisado 5.3%, faltan ~57 min (Knuth: ~434 días) | máximo colocado 61 de 81 | hilos 12 de 12
    ... 199.0 s | grupo 1/3 | 150564635 nodos | revisado 5.3%, faltan ~58 min (Knuth: ~434 días) | máximo colocado 61 de 81 | hilos 12 de 12
    ... 201.0 s | grupo 1/3 | 152167967 nodos | revisado 5.3%, faltan ~58 min (Knuth: ~434 días) | máximo colocado 61 de 81 | hilos 12 de 12
    ... 203.0 s | grupo 1/3 | 153793979 nodos | revisado 5.3%, faltan ~59 min (Knuth: ~434 días) | máximo colocado 61 de 81 | hilos 12 de 12
    ... 205.0 s | grupo 1/3 | 155380050 nodos | revisado 5.3%, faltan ~60 min (Knuth: ~434 días) | máximo colocado 61 de 81 | hilos 12 de 12
    ... 207.0 s | grupo 1/3 | 156955476 nodos | revisado 5.3%, faltan ~60 min (Knuth: ~434 días) | máximo colocado 61 de 81 | hilos 12 de 12
    ... 209.1 s | grupo 1/3 | 158518344 nodos | revisado 5.3%, faltan ~61 min (Knuth: ~434 días) | máximo colocado 61 de 81 | hilos 12 de 12
    ... 211.1 s | grupo 1/3 | 160061303 nodos | revisado 5.3%, faltan ~61 min (Knuth: ~434 días) | máximo colocado 61 de 81 | hilos 12 de 12
    ... 213.1 s | grupo 1/3 | 161473377 nodos | revisado 5.3%, faltan ~62 min (Knuth: ~434 días) | máximo colocado 61 de 81 | hilos 12 de 12
    ... 215.1 s | grupo 1/3 | 162771076 nodos | revisado 5.3%, faltan ~63 min (Knuth: ~435 días) | máximo colocado 61 de 81 | hilos 12 de 12
    ... 217.1 s | grupo 1/3 | 164322365 nodos | revisado 5.3%, faltan ~63 min (Knuth: ~435 días) | máximo colocado 61 de 81 | hilos 12 de 12
    ... 219.1 s | grupo 1/3 | 165863039 nodos | revisado 5.3%, faltan ~64 min (Knuth: ~435 días) | máximo colocado 61 de 81 | hilos 12 de 12
    ... 221.1 s | grupo 1/3 | 167413291 nodos | revisado 5.3%, faltan ~65 min (Knuth: ~435 días) | máximo colocado 61 de 81 | hilos 12 de 12
    ... 223.1 s | grupo 1/3 | 168889850 nodos | revisado 5.3%, faltan ~65 min (Knuth: ~435 días) | máximo colocado 61 de 81 | hilos 12 de 12
    ... 225.1 s | grupo 1/3 | 170395354 nodos | revisado 5.3%, faltan ~66 min (Knuth: ~435 días) | máximo colocado 61 de 81 | hilos 12 de 12
    ... 227.2 s | grupo 1/3 | 171918160 nodos | revisado 5.3%, faltan ~66 min (Knuth: ~435 días) | máximo colocado 61 de 81 | hilos 12 de 12
    ... 229.2 s | grupo 1/3 | 173522961 nodos | revisado 5.3%, faltan ~67 min (Knuth: ~435 días) | máximo colocado 61 de 81 | hilos 12 de 12
    ... 231.2 s | grupo 1/3 | 175143797 nodos | revisado 5.3%, faltan ~68 min (Knuth: ~435 días) | máximo colocado 61 de 81 | hilos 12 de 12
    ... 233.2 s | grupo 1/3 | 176774990 nodos | revisado 5.3%, faltan ~68 min (Knuth: ~435 días) | máximo colocado 61 de 81 | hilos 12 de 12
    ... 235.2 s | grupo 1/3 | 178401364 nodos | revisado 5.3%, faltan ~69 min (Knuth: ~435 días) | máximo colocado 61 de 81 | hilos 12 de 12
    ... 237.2 s | grupo 1/3 | 180018162 nodos | revisado 5.3%, faltan ~69 min (Knuth: ~435 días) | máximo colocado 61 de 81 | hilos 12 de 12
    ... 239.2 s | grupo 1/3 | 181650804 nodos | revisado 5.3%, faltan ~70 min (Knuth: ~435 días) | máximo colocado 61 de 81 | hilos 12 de 12
    ... 241.2 s | grupo 1/3 | 183253038 nodos | revisado 5.3%, faltan ~71 min (Knuth: ~434 días) | máximo colocado 61 de 81 | hilos 12 de 12
    ... 243.2 s | grupo 1/3 | 184850363 nodos | revisado 5.3%, faltan ~71 min (Knuth: ~434 días) | máximo colocado 61 de 81 | hilos 12 de 12
    ... 245.2 s | grupo 1/3 | 186466627 nodos | revisado 5.3%, faltan ~72 min (Knuth: ~434 días) | máximo colocado 61 de 81 | hilos 12 de 12
    ... 247.2 s | grupo 1/3 | 188092854 nodos | revisado 5.3%, faltan ~72 min (Knuth: ~434 días) | máximo colocado 61 de 81 | hilos 12 de 12
    ... 249.2 s | grupo 1/3 | 189694786 nodos | revisado 5.3%, faltan ~73 min (Knuth: ~434 días) | máximo colocado 61 de 81 | hilos 12 de 12
    ... 251.3 s | grupo 1/3 | 191296657 nodos | revisado 5.3%, faltan ~74 min (Knuth: ~434 días) | máximo colocado 61 de 81 | hilos 12 de 12
    ... 253.3 s | grupo 1/3 | 192904230 nodos | revisado 5.3%, faltan ~74 min (Knuth: ~434 días) | máximo colocado 61 de 81 | hilos 12 de 12
    ... 255.3 s | grupo 1/3 | 194504914 nodos | revisado 5.3%, faltan ~75 min (Knuth: ~434 días) | máximo colocado 61 de 81 | hilos 12 de 12
    ... 257.3 s | grupo 1/3 | 196150862 nodos | revisado 5.3%, faltan ~75 min (Knuth: ~434 días) | máximo colocado 61 de 81 | hilos 12 de 12
    ... 259.3 s | grupo 1/3 | 197781515 nodos | revisado 5.3%, faltan ~76 min (Knuth: ~434 días) | máximo colocado 61 de 81 | hilos 12 de 12
    ... 261.3 s | grupo 1/3 | 199432500 nodos | revisado 5.3%, faltan ~77 min (Knuth: ~433 días) | máximo colocado 61 de 81 | hilos 12 de 12
    ... 263.3 s | grupo 1/3 | 201065707 nodos | revisado 5.3%, faltan ~77 min (Knuth: ~433 días) | máximo colocado 61 de 81 | hilos 12 de 12
    ... 265.3 s | grupo 1/3 | 202645339 nodos | revisado 5.3%, faltan ~78 min (Knuth: ~433 días) | máximo colocado 61 de 81 | hilos 12 de 12
    ... 267.3 s | grupo 1/3 | 204240112 nodos | revisado 5.3%, faltan ~78 min (Knuth: ~433 días) | máximo colocado 61 de 81 | hilos 12 de 12
    ... 269.4 s | grupo 1/3 | 205851349 nodos | revisado 5.3%, faltan ~79 min (Knuth: ~433 días) | máximo colocado 61 de 81 | hilos 12 de 12
    ... 271.4 s | grupo 1/3 | 207469819 nodos | revisado 5.3%, faltan ~80 min (Knuth: ~433 días) | máximo colocado 61 de 81 | hilos 12 de 12
    ... 273.4 s | grupo 1/3 | 209092663 nodos | revisado 5.3%, faltan ~80 min (Knuth: ~433 días) | máximo colocado 61 de 81 | hilos 12 de 12
    ... 275.4 s | grupo 1/3 | 210692307 nodos | revisado 5.3%, faltan ~81 min (Knuth: ~433 días) | máximo colocado 61 de 81 | hilos 12 de 12
    ... 277.4 s | grupo 1/3 | 212318800 nodos | revisado 5.3%, faltan ~81 min (Knuth: ~433 días) | máximo colocado 61 de 81 | hilos 12 de 12
    ... 279.4 s | grupo 1/3 | 213905351 nodos | revisado 5.3%, faltan ~82 min (Knuth: ~433 días) | máximo colocado 61 de 81 | hilos 12 de 12
    ... 281.4 s | grupo 1/3 | 215502641 nodos | revisado 5.3%, faltan ~83 min (Knuth: ~433 días) | máximo colocado 61 de 81 | hilos 12 de 12
    ... 283.4 s | grupo 1/3 | 217088910 nodos | revisado 5.3%, faltan ~83 min (Knuth: ~433 días) | máximo colocado 61 de 81 | hilos 12 de 12
    ... 285.4 s | grupo 1/3 | 218685761 nodos | revisado 5.3%, faltan ~84 min (Knuth: ~432 días) | máximo colocado 61 de 81 | hilos 12 de 12
    ... 287.4 s | grupo 1/3 | 220284560 nodos | revisado 5.3%, faltan ~84 min (Knuth: ~432 días) | máximo colocado 61 de 81 | hilos 12 de 12
    ... 289.4 s | grupo 1/3 | 221887057 nodos | revisado 5.3%, faltan ~85 min (Knuth: ~432 días) | máximo colocado 61 de 81 | hilos 12 de 12
    ... 291.4 s | grupo 1/3 | 223499643 nodos | revisado 5.3%, faltan ~86 min (Knuth: ~432 días) | máximo colocado 61 de 81 | hilos 12 de 12
    ... 293.4 s | grupo 1/3 | 225118637 nodos | revisado 5.3%, faltan ~86 min (Knuth: ~432 días) | máximo colocado 61 de 81 | hilos 12 de 12
    ... 295.4 s | grupo 1/3 | 226717195 nodos | revisado 5.3%, faltan ~87 min (Knuth: ~432 días) | máximo colocado 61 de 81 | hilos 12 de 12
    ... 297.5 s | grupo 1/3 | 228316125 nodos | revisado 5.3%, faltan ~87 min (Knuth: ~432 días) | máximo colocado 61 de 81 | hilos 12 de 12
    ... 299.5 s | grupo 1/3 | 229927345 nodos | revisado 5.3%, faltan ~88 min (Knuth: ~432 días) | máximo colocado 61 de 81 | hilos 12 de 12
    ... 301.5 s | grupo 1/3 | 231499599 nodos | revisado 5.3%, faltan ~89 min (Knuth: ~432 días) | máximo colocado 61 de 81 | hilos 12 de 12
    ... 303.5 s | grupo 1/3 | 233112546 nodos | revisado 5.3%, faltan ~89 min (Knuth: ~432 días) | máximo colocado 61 de 81 | hilos 12 de 12
    ... 305.5 s | grupo 1/3 | 234746939 nodos | revisado 5.3%, faltan ~90 min (Knuth: ~432 días) | máximo colocado 61 de 81 | hilos 12 de 12
    ... 307.5 s | grupo 1/3 | 236342680 nodos | revisado 5.3%, faltan ~90 min (Knuth: ~432 días) | máximo colocado 61 de 81 | hilos 12 de 12
    ... 309.5 s | grupo 1/3 | 237960848 nodos | revisado 5.3%, faltan ~91 min (Knuth: ~432 días) | máximo colocado 61 de 81 | hilos 12 de 12
    ... 311.5 s | grupo 1/3 | 239549529 nodos | revisado 5.3%, faltan ~92 min (Knuth: ~432 días) | máximo colocado 61 de 81 | hilos 12 de 12
    ... 313.5 s | grupo 1/3 | 241152527 nodos | revisado 5.3%, faltan ~92 min (Knuth: ~432 días) | máximo colocado 61 de 81 | hilos 12 de 12
    ... 315.5 s | grupo 1/3 | 242758727 nodos | revisado 5.3%, faltan ~93 min (Knuth: ~432 días) | máximo colocado 61 de 81 | hilos 12 de 12
    ... 317.5 s | grupo 1/3 | 244371846 nodos | revisado 5.3%, faltan ~93 min (Knuth: ~432 días) | máximo colocado 61 de 81 | hilos 12 de 12
    ... 319.5 s | grupo 1/3 | 245979153 nodos | revisado 5.3%, faltan ~94 min (Knuth: ~431 días) | máximo colocado 61 de 81 | hilos 12 de 12
    ... 321.6 s | grupo 1/3 | 247619005 nodos | revisado 5.3%, faltan ~95 min (Knuth: ~431 días) | máximo colocado 61 de 81 | hilos 12 de 12
    ... 323.6 s | grupo 1/3 | 249263229 nodos | revisado 5.3%, faltan ~95 min (Knuth: ~431 días) | máximo colocado 61 de 81 | hilos 12 de 12
    ... 325.6 s | grupo 1/3 | 250855326 nodos | revisado 5.3%, faltan ~96 min (Knuth: ~431 días) | máximo colocado 61 de 81 | hilos 12 de 12
    ... 327.6 s | grupo 1/3 | 252433762 nodos | revisado 5.3%, faltan ~96 min (Knuth: ~431 días) | máximo colocado 61 de 81 | hilos 12 de 12
    ... 329.6 s | grupo 1/3 | 254063552 nodos | revisado 5.3%, faltan ~97 min (Knuth: ~431 días) | máximo colocado 61 de 81 | hilos 12 de 12
    ... 331.6 s | grupo 1/3 | 255674458 nodos | revisado 5.3%, faltan ~98 min (Knuth: ~431 días) | máximo colocado 61 de 81 | hilos 12 de 12
    ... 333.6 s | grupo 1/3 | 257311602 nodos | revisado 5.3%, faltan ~98 min (Knuth: ~431 días) | máximo colocado 61 de 81 | hilos 12 de 12
    ... 335.6 s | grupo 1/3 | 258946680 nodos | revisado 5.3%, faltan ~99 min (Knuth: ~431 días) | máximo colocado 61 de 81 | hilos 12 de 12
    ... 337.6 s | grupo 1/3 | 260547270 nodos | revisado 5.3%, faltan ~99 min (Knuth: ~431 días) | máximo colocado 61 de 81 | hilos 12 de 12
    ... 339.6 s | grupo 1/3 | 262158894 nodos | revisado 5.3%, faltan ~100 min (Knuth: ~431 días) | máximo colocado 61 de 81 | hilos 12 de 12
    ... 341.6 s | grupo 1/3 | 263750956 nodos | revisado 5.3%, faltan ~101 min (Knuth: ~431 días) | máximo colocado 61 de 81 | hilos 12 de 12
    ... 343.7 s | grupo 1/3 | 265357653 nodos | revisado 5.3%, faltan ~101 min (Knuth: ~431 días) | máximo colocado 61 de 81 | hilos 12 de 12
    ... 345.7 s | grupo 1/3 | 266962857 nodos | revisado 5.3%, faltan ~102 min (Knuth: ~431 días) | máximo colocado 61 de 81 | hilos 12 de 12
    ... 347.7 s | grupo 1/3 | 268567528 nodos | revisado 5.3%, faltan ~102 min (Knuth: ~431 días) | máximo colocado 62 de 81 | hilos 12 de 12
    ... 349.7 s | grupo 1/3 | 270167100 nodos | revisado 5.3%, faltan ~103 min (Knuth: ~431 días) | máximo colocado 62 de 81 | hilos 12 de 12
    ... 351.7 s | grupo 1/3 | 271782929 nodos | revisado 5.3%, faltan ~104 min (Knuth: ~431 días) | máximo colocado 62 de 81 | hilos 12 de 12
    ... 353.7 s | grupo 1/3 | 273385917 nodos | revisado 5.3%, faltan ~104 min (Knuth: ~431 días) | máximo colocado 62 de 81 | hilos 12 de 12
    ... 355.7 s | grupo 1/3 | 274987691 nodos | revisado 5.3%, faltan ~105 min (Knuth: ~431 días) | máximo colocado 62 de 81 | hilos 12 de 12
    ... 357.7 s | grupo 1/3 | 276612338 nodos | revisado 5.3%, faltan ~105 min (Knuth: ~430 días) | máximo colocado 62 de 81 | hilos 12 de 12
    ... 359.7 s | grupo 1/3 | 278251799 nodos | revisado 5.3%, faltan ~106 min (Knuth: ~430 días) | máximo colocado 62 de 81 | hilos 12 de 12
    ... 361.7 s | grupo 1/3 | 279876165 nodos | revisado 5.3%, faltan ~107 min (Knuth: ~430 días) | máximo colocado 62 de 81 | hilos 12 de 12
    ... 363.8 s | grupo 1/3 | 281495306 nodos | revisado 5.3%, faltan ~107 min (Knuth: ~430 días) | máximo colocado 62 de 81 | hilos 12 de 12
    ... 365.8 s | grupo 1/3 | 283126087 nodos | revisado 5.3%, faltan ~108 min (Knuth: ~430 días) | máximo colocado 62 de 81 | hilos 12 de 12
    ... 367.8 s | grupo 1/3 | 284720738 nodos | revisado 5.3%, faltan ~108 min (Knuth: ~430 días) | máximo colocado 62 de 81 | hilos 12 de 12
    ... 369.8 s | grupo 1/3 | 286317467 nodos | revisado 5.3%, faltan ~109 min (Knuth: ~430 días) | máximo colocado 62 de 81 | hilos 12 de 12
    ... 371.8 s | grupo 1/3 | 287894026 nodos | revisado 5.3%, faltan ~110 min (Knuth: ~430 días) | máximo colocado 62 de 81 | hilos 12 de 12
    ... 373.8 s | grupo 1/3 | 289501459 nodos | revisado 5.3%, faltan ~110 min (Knuth: ~430 días) | máximo colocado 62 de 81 | hilos 12 de 12
    ... 375.8 s | grupo 1/3 | 291092780 nodos | revisado 5.3%, faltan ~111 min (Knuth: ~430 días) | máximo colocado 62 de 81 | hilos 12 de 12
    ... 377.8 s | grupo 1/3 | 292697788 nodos | revisado 5.3%, faltan ~111 min (Knuth: ~430 días) | máximo colocado 62 de 81 | hilos 12 de 12
    ... 379.8 s | grupo 1/3 | 294317483 nodos | revisado 5.3%, faltan ~112 min (Knuth: ~430 días) | máximo colocado 62 de 81 | hilos 12 de 12
    ... 381.8 s | grupo 1/3 | 295930643 nodos | revisado 5.3%, faltan ~113 min (Knuth: ~430 días) | máximo colocado 62 de 81 | hilos 12 de 12
    ... 383.9 s | grupo 1/3 | 297564902 nodos | revisado 5.3%, faltan ~113 min (Knuth: ~430 días) | máximo colocado 62 de 81 | hilos 12 de 12
    ... 385.9 s | grupo 1/3 | 299162225 nodos | revisado 5.3%, faltan ~114 min (Knuth: ~430 días) | máximo colocado 62 de 81 | hilos 12 de 12
    ... 387.9 s | grupo 1/3 | 300684128 nodos | revisado 5.3%, faltan ~114 min (Knuth: ~430 días) | máximo colocado 62 de 81 | hilos 12 de 12
    ... 389.9 s | grupo 1/3 | 302277106 nodos | revisado 5.3%, faltan ~115 min (Knuth: ~430 días) | máximo colocado 62 de 81 | hilos 12 de 12
    ... 391.9 s | grupo 1/3 | 303855402 nodos | revisado 5.3%, faltan ~116 min (Knuth: ~430 días) | máximo colocado 62 de 81 | hilos 12 de 12
    ... 393.9 s | grupo 1/3 | 305432892 nodos | revisado 5.3%, faltan ~116 min (Knuth: ~430 días) | máximo colocado 62 de 81 | hilos 12 de 12
    ... 395.9 s | grupo 1/3 | 307019265 nodos | revisado 5.3%, faltan ~117 min (Knuth: ~430 días) | máximo colocado 62 de 81 | hilos 12 de 12
    ... 397.9 s | grupo 1/3 | 308571390 nodos | revisado 5.3%, faltan ~118 min (Knuth: ~430 días) | máximo colocado 62 de 81 | hilos 12 de 12
    ... 399.9 s | grupo 1/3 | 310143461 nodos | revisado 5.3%, faltan ~118 min (Knuth: ~430 días) | máximo colocado 62 de 81 | hilos 12 de 12
    ... 401.9 s | grupo 1/3 | 311737752 nodos | revisado 5.3%, faltan ~119 min (Knuth: ~430 días) | máximo colocado 62 de 81 | hilos 12 de 12
    ... 403.9 s | grupo 1/3 | 313335265 nodos | revisado 5.3%, faltan ~119 min (Knuth: ~430 días) | máximo colocado 62 de 81 | hilos 12 de 12
    ... 406.0 s | grupo 1/3 | 314925980 nodos | revisado 5.3%, faltan ~120 min (Knuth: ~430 días) | máximo colocado 62 de 81 | hilos 12 de 12
    ... 408.0 s | grupo 1/3 | 316506005 nodos | revisado 5.3%, faltan ~2.0 h (Knuth: ~430 días) | máximo colocado 62 de 81 | hilos 12 de 12
    ... 410.0 s | grupo 1/3 | 318067389 nodos | revisado 5.3%, faltan ~2.0 h (Knuth: ~430 días) | máximo colocado 62 de 81 | hilos 12 de 12
    ... 412.0 s | grupo 1/3 | 319623334 nodos | revisado 5.3%, faltan ~2.0 h (Knuth: ~430 días) | máximo colocado 62 de 81 | hilos 12 de 12
    ... 414.0 s | grupo 1/3 | 321147195 nodos | revisado 5.3%, faltan ~2.0 h (Knuth: ~430 días) | máximo colocado 62 de 81 | hilos 12 de 12
    ... 416.0 s | grupo 1/3 | 322676362 nodos | revisado 5.3%, faltan ~2.0 h (Knuth: ~430 días) | máximo colocado 62 de 81 | hilos 12 de 12
    ... 418.0 s | grupo 1/3 | 324259249 nodos | revisado 5.3%, faltan ~2.1 h (Knuth: ~430 días) | máximo colocado 62 de 81 | hilos 12 de 12
    ... 420.0 s | grupo 1/3 | 325831650 nodos | revisado 5.3%, faltan ~2.1 h (Knuth: ~430 días) | máximo colocado 62 de 81 | hilos 12 de 12
    ... 422.0 s | grupo 1/3 | 327448134 nodos | revisado 5.3%, faltan ~2.1 h (Knuth: ~430 días) | máximo colocado 62 de 81 | hilos 12 de 12
    ... 424.0 s | grupo 1/3 | 329033158 nodos | revisado 5.3%, faltan ~2.1 h (Knuth: ~430 días) | máximo colocado 62 de 81 | hilos 12 de 12
    ... 426.0 s | grupo 1/3 | 330632420 nodos | revisado 5.3%, faltan ~2.1 h (Knuth: ~430 días) | máximo colocado 62 de 81 | hilos 12 de 12
    ... 428.1 s | grupo 1/3 | 332265204 nodos | revisado 5.3%, faltan ~2.1 h (Knuth: ~430 días) | máximo colocado 62 de 81 | hilos 12 de 12
    ... 430.1 s | grupo 1/3 | 333898067 nodos | revisado 5.3%, faltan ~2.1 h (Knuth: ~430 días) | máximo colocado 62 de 81 | hilos 12 de 12
    ... 432.1 s | grupo 1/3 | 335495550 nodos | revisado 5.3%, faltan ~2.1 h (Knuth: ~430 días) | máximo colocado 62 de 81 | hilos 12 de 12
    ... 434.1 s | grupo 1/3 | 337092802 nodos | revisado 5.3%, faltan ~2.1 h (Knuth: ~430 días) | máximo colocado 62 de 81 | hilos 12 de 12
    ... 436.1 s | grupo 1/3 | 338699479 nodos | revisado 5.3%, faltan ~2.1 h (Knuth: ~430 días) | máximo colocado 62 de 81 | hilos 12 de 12
    ... 438.1 s | grupo 1/3 | 340325986 nodos | revisado 5.3%, faltan ~2.2 h (Knuth: ~430 días) | máximo colocado 62 de 81 | hilos 12 de 12
    ... 440.1 s | grupo 1/3 | 341915722 nodos | revisado 5.3%, faltan ~2.2 h (Knuth: ~430 días) | máximo colocado 62 de 81 | hilos 12 de 12
    ... 442.1 s | grupo 1/3 | 343470627 nodos | revisado 5.3%, faltan ~2.2 h (Knuth: ~430 días) | máximo colocado 62 de 81 | hilos 12 de 12
    ... 444.1 s | grupo 1/3 | 345043627 nodos | revisado 5.3%, faltan ~2.2 h (Knuth: ~430 días) | máximo colocado 62 de 81 | hilos 12 de 12
    ... 446.1 s | grupo 1/3 | 346645552 nodos | revisado 5.3%, faltan ~2.2 h (Knuth: ~430 días) | máximo colocado 62 de 81 | hilos 12 de 12
    ... 448.1 s | grupo 1/3 | 348259204 nodos | revisado 5.3%, faltan ~2.2 h (Knuth: ~430 días) | máximo colocado 62 de 81 | hilos 12 de 12
    ... 450.1 s | grupo 1/3 | 349885870 nodos | revisado 5.3%, faltan ~2.2 h (Knuth: ~430 días) | máximo colocado 62 de 81 | hilos 12 de 12
    ... 452.2 s | grupo 1/3 | 351476937 nodos | revisado 5.3%, faltan ~2.2 h (Knuth: ~430 días) | máximo colocado 62 de 81 | hilos 12 de 12
    ... 454.2 s | grupo 1/3 | 353048365 nodos | revisado 5.3%, faltan ~2.2 h (Knuth: ~430 días) | máximo colocado 62 de 81 | hilos 12 de 12
    ... 456.2 s | grupo 1/3 | 354645205 nodos | revisado 5.3%, faltan ~2.2 h (Knuth: ~430 días) | máximo colocado 62 de 81 | hilos 12 de 12
    ... 458.2 s | grupo 1/3 | 356240815 nodos | revisado 5.3%, faltan ~2.3 h (Knuth: ~430 días) | máximo colocado 62 de 81 | hilos 12 de 12
    ... 460.2 s | grupo 1/3 | 357842840 nodos | revisado 5.3%, faltan ~2.3 h (Knuth: ~430 días) | máximo colocado 62 de 81 | hilos 12 de 12
    ... 462.2 s | grupo 1/3 | 359428828 nodos | revisado 5.3%, faltan ~2.3 h (Knuth: ~430 días) | máximo colocado 62 de 81 | hilos 12 de 12
    ... 464.2 s | grupo 1/3 | 361047580 nodos | revisado 5.3%, faltan ~2.3 h (Knuth: ~430 días) | máximo colocado 62 de 81 | hilos 12 de 12
    ... 466.2 s | grupo 1/3 | 362663760 nodos | revisado 5.3%, faltan ~2.3 h (Knuth: ~430 días) | máximo colocado 62 de 81 | hilos 12 de 12
    ... 468.2 s | grupo 1/3 | 364256341 nodos | revisado 5.3%, faltan ~2.3 h (Knuth: ~430 días) | máximo colocado 62 de 81 | hilos 12 de 12
    ... 470.2 s | grupo 1/3 | 365876842 nodos | revisado 5.3%, faltan ~2.3 h (Knuth: ~430 días) | máximo colocado 62 de 81 | hilos 12 de 12
    ... 472.3 s | grupo 1/3 | 367501509 nodos | revisado 5.3%, faltan ~2.3 h (Knuth: ~429 días) | máximo colocado 62 de 81 | hilos 12 de 12
    ... 474.3 s | grupo 1/3 | 369111068 nodos | revisado 5.3%, faltan ~2.3 h (Knuth: ~429 días) | máximo colocado 62 de 81 | hilos 12 de 12
    ... 476.3 s | grupo 1/3 | 370721041 nodos | revisado 5.3%, faltan ~2.4 h (Knuth: ~429 días) | máximo colocado 62 de 81 | hilos 12 de 12
    ... 478.3 s | grupo 1/3 | 372324492 nodos | revisado 5.3%, faltan ~2.4 h (Knuth: ~429 días) | máximo colocado 62 de 81 | hilos 12 de 12
    ... 480.3 s | grupo 1/3 | 373968607 nodos | revisado 5.3%, faltan ~2.4 h (Knuth: ~429 días) | máximo colocado 62 de 81 | hilos 12 de 12
    ... 482.3 s | grupo 1/3 | 375614705 nodos | revisado 5.3%, faltan ~2.4 h (Knuth: ~429 días) | máximo colocado 62 de 81 | hilos 12 de 12
    ... 484.3 s | grupo 1/3 | 377250055 nodos | revisado 5.3%, faltan ~2.4 h (Knuth: ~429 días) | máximo colocado 62 de 81 | hilos 12 de 12
    ... 486.3 s | grupo 1/3 | 378858716 nodos | revisado 5.3%, faltan ~2.4 h (Knuth: ~429 días) | máximo colocado 62 de 81 | hilos 12 de 12
    ... 488.3 s | grupo 1/3 | 380449956 nodos | revisado 5.3%, faltan ~2.4 h (Knuth: ~429 días) | máximo colocado 62 de 81 | hilos 12 de 12
    ... 490.3 s | grupo 1/3 | 382074698 nodos | revisado 5.3%, faltan ~2.4 h (Knuth: ~429 días) | máximo colocado 62 de 81 | hilos 12 de 12
    ... 492.3 s | grupo 1/3 | 383652761 nodos | revisado 5.3%, faltan ~2.4 h (Knuth: ~429 días) | máximo colocado 62 de 81 | hilos 12 de 12
    ... 494.3 s | grupo 1/3 | 385259851 nodos | revisado 5.3%, faltan ~2.4 h (Knuth: ~429 días) | máximo colocado 62 de 81 | hilos 12 de 12
    ... 496.4 s | grupo 1/3 | 386854675 nodos | revisado 5.3%, faltan ~2.5 h (Knuth: ~429 días) | máximo colocado 62 de 81 | hilos 12 de 12
    ... 498.4 s | grupo 1/3 | 388447401 nodos | revisado 5.3%, faltan ~2.5 h (Knuth: ~429 días) | máximo colocado 62 de 81 | hilos 12 de 12
    ... 500.4 s | grupo 1/3 | 390055388 nodos | revisado 5.3%, faltan ~2.5 h (Knuth: ~429 días) | máximo colocado 62 de 81 | hilos 12 de 12
    ... 502.4 s | grupo 1/3 | 391660725 nodos | revisado 5.3%, faltan ~2.5 h (Knuth: ~429 días) | máximo colocado 62 de 81 | hilos 12 de 12
    ... 504.4 s | grupo 1/3 | 393286387 nodos | revisado 5.3%, faltan ~2.5 h (Knuth: ~429 días) | máximo colocado 62 de 81 | hilos 12 de 12
    ... 506.4 s | grupo 1/3 | 394894059 nodos | revisado 5.3%, faltan ~2.5 h (Knuth: ~429 días) | máximo colocado 62 de 81 | hilos 12 de 12
    ... 508.4 s | grupo 1/3 | 396476257 nodos | revisado 5.3%, faltan ~2.5 h (Knuth: ~429 días) | máximo colocado 62 de 81 | hilos 12 de 12
    ... 510.4 s | grupo 1/3 | 398062808 nodos | revisado 5.3%, faltan ~2.5 h (Knuth: ~429 días) | máximo colocado 62 de 81 | hilos 12 de 12
    ... 512.4 s | grupo 1/3 | 399651086 nodos | revisado 5.3%, faltan ~2.5 h (Knuth: ~429 días) | máximo colocado 62 de 81 | hilos 12 de 12
    ... 514.4 s | grupo 1/3 | 401213523 nodos | revisado 5.3%, faltan ~2.5 h (Knuth: ~429 días) | máximo colocado 62 de 81 | hilos 12 de 12
    ... 516.4 s | grupo 1/3 | 402785474 nodos | revisado 5.3%, faltan ~2.6 h (Knuth: ~429 días) | máximo colocado 62 de 81 | hilos 12 de 12
    ... 518.4 s | grupo 1/3 | 404364587 nodos | revisado 5.3%, faltan ~2.6 h (Knuth: ~429 días) | máximo colocado 62 de 81 | hilos 12 de 12
    ... 520.5 s | grupo 1/3 | 405903297 nodos | revisado 5.3%, faltan ~2.6 h (Knuth: ~429 días) | máximo colocado 62 de 81 | hilos 12 de 12
    ... 522.5 s | grupo 1/3 | 407493778 nodos | revisado 5.3%, faltan ~2.6 h (Knuth: ~429 días) | máximo colocado 62 de 81 | hilos 12 de 12
    ... 524.5 s | grupo 1/3 | 409091964 nodos | revisado 5.3%, faltan ~2.6 h (Knuth: ~429 días) | máximo colocado 62 de 81 | hilos 12 de 12
    ... 526.5 s | grupo 1/3 | 410685750 nodos | revisado 5.3%, faltan ~2.6 h (Knuth: ~429 días) | máximo colocado 62 de 81 | hilos 12 de 12
    ... 528.5 s | grupo 1/3 | 412269475 nodos | revisado 5.3%, faltan ~2.6 h (Knuth: ~429 días) | máximo colocado 62 de 81 | hilos 12 de 12
    ... 530.5 s | grupo 1/3 | 413877650 nodos | revisado 5.3%, faltan ~2.6 h (Knuth: ~429 días) | máximo colocado 62 de 81 | hilos 12 de 12
    ... 532.5 s | grupo 1/3 | 415499504 nodos | revisado 5.3%, faltan ~2.6 h (Knuth: ~429 días) | máximo colocado 62 de 81 | hilos 12 de 12
    ... 534.5 s | grupo 1/3 | 417151592 nodos | revisado 5.3%, faltan ~2.6 h (Knuth: ~429 días) | máximo colocado 62 de 81 | hilos 12 de 12
    ... 536.5 s | grupo 1/3 | 418774157 nodos | revisado 5.3%, faltan ~2.7 h (Knuth: ~429 días) | máximo colocado 62 de 81 | hilos 12 de 12
    ... 538.5 s | grupo 1/3 | 420363313 nodos | revisado 5.3%, faltan ~2.7 h (Knuth: ~429 días) | máximo colocado 62 de 81 | hilos 12 de 12
    ... 540.5 s | grupo 1/3 | 421942002 nodos | revisado 5.3%, faltan ~2.7 h (Knuth: ~429 días) | máximo colocado 62 de 81 | hilos 12 de 12
    ... 542.5 s | grupo 1/3 | 423567159 nodos | revisado 5.3%, faltan ~2.7 h (Knuth: ~429 días) | máximo colocado 62 de 81 | hilos 12 de 12
    ... 544.6 s | grupo 1/3 | 425171053 nodos | revisado 5.3%, faltan ~2.7 h (Knuth: ~429 días) | máximo colocado 62 de 81 | hilos 12 de 12
    ... 546.6 s | grupo 1/3 | 426786762 nodos | revisado 5.3%, faltan ~2.7 h (Knuth: ~429 días) | máximo colocado 62 de 81 | hilos 12 de 12
    ... 548.6 s | grupo 1/3 | 428435260 nodos | revisado 5.3%, faltan ~2.7 h (Knuth: ~429 días) | máximo colocado 62 de 81 | hilos 12 de 12
    ... 550.6 s | grupo 1/3 | 430059480 nodos | revisado 5.3%, faltan ~2.7 h (Knuth: ~429 días) | máximo colocado 62 de 81 | hilos 12 de 12
    ... 552.6 s | grupo 1/3 | 431664064 nodos | revisado 5.3%, faltan ~2.7 h (Knuth: ~429 días) | máximo colocado 62 de 81 | hilos 12 de 12
    ... 554.6 s | grupo 1/3 | 433280747 nodos | revisado 5.3%, faltan ~2.7 h (Knuth: ~429 días) | máximo colocado 62 de 81 | hilos 12 de 12
    ... 556.6 s | grupo 1/3 | 434873637 nodos | revisado 5.3%, faltan ~2.8 h (Knuth: ~429 días) | máximo colocado 62 de 81 | hilos 12 de 12
    ... 558.6 s | grupo 1/3 | 436475679 nodos | revisado 5.3%, faltan ~2.8 h (Knuth: ~429 días) | máximo colocado 62 de 81 | hilos 12 de 12
    ... 560.6 s | grupo 1/3 | 438060292 nodos | revisado 5.3%, faltan ~2.8 h (Knuth: ~429 días) | máximo colocado 62 de 81 | hilos 12 de 12
    ... 562.6 s | grupo 1/3 | 439639875 nodos | revisado 5.3%, faltan ~2.8 h (Knuth: ~429 días) | máximo colocado 62 de 81 | hilos 12 de 12
    ... 564.6 s | grupo 1/3 | 441154256 nodos | revisado 5.3%, faltan ~2.8 h (Knuth: ~429 días) | máximo colocado 62 de 81 | hilos 12 de 12
    ... 566.6 s | grupo 1/3 | 442751626 nodos | revisado 5.3%, faltan ~2.8 h (Knuth: ~429 días) | máximo colocado 62 de 81 | hilos 12 de 12
    ... 568.6 s | grupo 1/3 | 444327218 nodos | revisado 5.3%, faltan ~2.8 h (Knuth: ~429 días) | máximo colocado 62 de 81 | hilos 12 de 12
    ... 570.7 s | grupo 1/3 | 445932913 nodos | revisado 5.3%, faltan ~2.8 h (Knuth: ~429 días) | máximo colocado 62 de 81 | hilos 12 de 12
    ... 572.7 s | grupo 1/3 | 447564591 nodos | revisado 5.3%, faltan ~2.8 h (Knuth: ~429 días) | máximo colocado 62 de 81 | hilos 12 de 12
    ... 574.7 s | grupo 1/3 | 449170124 nodos | revisado 5.3%, faltan ~2.8 h (Knuth: ~429 días) | máximo colocado 62 de 81 | hilos 12 de 12
    ... 576.7 s | grupo 1/3 | 450780320 nodos | revisado 5.3%, faltan ~2.9 h (Knuth: ~429 días) | máximo colocado 62 de 81 | hilos 12 de 12
    ... 578.7 s | grupo 1/3 | 452399965 nodos | revisado 5.3%, faltan ~2.9 h (Knuth: ~429 días) | máximo colocado 62 de 81 | hilos 12 de 12
    ... 580.7 s | grupo 1/3 | 454001831 nodos | revisado 5.3%, faltan ~2.9 h (Knuth: ~429 días) | máximo colocado 62 de 81 | hilos 12 de 12
    ... 582.7 s | grupo 1/3 | 455624417 nodos | revisado 5.3%, faltan ~2.9 h (Knuth: ~429 días) | máximo colocado 62 de 81 | hilos 12 de 12
    ... 584.7 s | grupo 1/3 | 457247609 nodos | revisado 5.3%, faltan ~2.9 h (Knuth: ~428 días) | máximo colocado 62 de 81 | hilos 12 de 12
    ... 586.8 s | grupo 1/3 | 458866619 nodos | revisado 5.3%, faltan ~2.9 h (Knuth: ~428 días) | máximo colocado 62 de 81 | hilos 12 de 12
    ... 588.8 s | grupo 1/3 | 460462605 nodos | revisado 5.3%, faltan ~2.9 h (Knuth: ~428 días) | máximo colocado 62 de 81 | hilos 12 de 12
    ... 590.8 s | grupo 1/3 | 462055322 nodos | revisado 5.3%, faltan ~2.9 h (Knuth: ~428 días) | máximo colocado 62 de 81 | hilos 12 de 12
    ... 592.8 s | grupo 1/3 | 463662181 nodos | revisado 5.3%, faltan ~2.9 h (Knuth: ~428 días) | máximo colocado 62 de 81 | hilos 12 de 12
    ... 594.8 s | grupo 1/3 | 465272256 nodos | revisado 5.3%, faltan ~2.9 h (Knuth: ~428 días) | máximo colocado 62 de 81 | hilos 12 de 12
    ... 596.8 s | grupo 1/3 | 466905180 nodos | revisado 5.3%, faltan ~3.0 h (Knuth: ~428 días) | máximo colocado 62 de 81 | hilos 12 de 12
    ... 598.8 s | grupo 1/3 | 468522663 nodos | revisado 5.3%, faltan ~3.0 h (Knuth: ~428 días) | máximo colocado 62 de 81 | hilos 12 de 12
    ... 600.8 s | grupo 1/3 | 470127289 nodos | revisado 5.3%, faltan ~3.0 h (Knuth: ~428 días) | máximo colocado 62 de 81 | hilos 12 de 12
    ... 602.8 s | grupo 1/3 | 471743604 nodos | revisado 5.3%, faltan ~3.0 h (Knuth: ~428 días) | máximo colocado 62 de 81 | hilos 12 de 12
    ... 604.8 s | grupo 1/3 | 473342861 nodos | revisado 5.3%, faltan ~3.0 h (Knuth: ~428 días) | máximo colocado 62 de 81 | hilos 12 de 12
    ... 606.8 s | grupo 1/3 | 474967123 nodos | revisado 5.3%, faltan ~3.0 h (Knuth: ~428 días) | máximo colocado 62 de 81 | hilos 12 de 12
    ... 608.9 s | grupo 1/3 | 476584412 nodos | revisado 5.3%, faltan ~3.0 h (Knuth: ~428 días) | máximo colocado 62 de 81 | hilos 12 de 12
    ... 610.9 s | grupo 1/3 | 478220354 nodos | revisado 5.3%, faltan ~3.0 h (Knuth: ~428 días) | máximo colocado 62 de 81 | hilos 12 de 12
    ... 612.9 s | grupo 1/3 | 479815889 nodos | revisado 5.3%, faltan ~3.0 h (Knuth: ~428 días) | máximo colocado 62 de 81 | hilos 12 de 12
    ... 614.9 s | grupo 1/3 | 481422901 nodos | revisado 5.3%, faltan ~3.0 h (Knuth: ~428 días) | máximo colocado 62 de 81 | hilos 12 de 12
    ... 616.9 s | grupo 1/3 | 483058254 nodos | revisado 5.3%, faltan ~3.1 h (Knuth: ~428 días) | máximo colocado 62 de 81 | hilos 12 de 12
    ... 618.9 s | grupo 1/3 | 484677030 nodos | revisado 5.3%, faltan ~3.1 h (Knuth: ~428 días) | máximo colocado 62 de 81 | hilos 12 de 12
    ... 620.9 s | grupo 1/3 | 486285576 nodos | revisado 5.3%, faltan ~3.1 h (Knuth: ~428 días) | máximo colocado 62 de 81 | hilos 12 de 12
    ... 622.9 s | grupo 1/3 | 487928457 nodos | revisado 5.3%, faltan ~3.1 h (Knuth: ~428 días) | máximo colocado 62 de 81 | hilos 12 de 12
    ... 624.9 s | grupo 1/3 | 489561635 nodos | revisado 5.3%, faltan ~3.1 h (Knuth: ~428 días) | máximo colocado 62 de 81 | hilos 12 de 12
    ... 626.9 s | grupo 1/3 | 491189389 nodos | revisado 5.3%, faltan ~3.1 h (Knuth: ~428 días) | máximo colocado 62 de 81 | hilos 12 de 12
    ... 628.9 s | grupo 1/3 | 492787593 nodos | revisado 5.3%, faltan ~3.1 h (Knuth: ~428 días) | máximo colocado 62 de 81 | hilos 12 de 12
    ... 630.9 s | grupo 1/3 | 494414764 nodos | revisado 5.3%, faltan ~3.1 h (Knuth: ~428 días) | máximo colocado 62 de 81 | hilos 12 de 12
    ... 632.9 s | grupo 1/3 | 496052285 nodos | revisado 5.3%, faltan ~3.1 h (Knuth: ~428 días) | máximo colocado 62 de 81 | hilos 12 de 12
    ... 635.0 s | grupo 1/3 | 497697723 nodos | revisado 5.3%, faltan ~3.1 h (Knuth: ~428 días) | máximo colocado 62 de 81 | hilos 12 de 12
    ... 637.0 s | grupo 1/3 | 499343076 nodos | revisado 5.3%, faltan ~3.2 h (Knuth: ~428 días) | máximo colocado 62 de 81 | hilos 12 de 12
    ... 639.0 s | grupo 1/3 | 500992977 nodos | revisado 5.3%, faltan ~3.2 h (Knuth: ~428 días) | máximo colocado 62 de 81 | hilos 12 de 12
    ... 641.0 s | grupo 1/3 | 502634148 nodos | revisado 5.3%, faltan ~3.2 h (Knuth: ~428 días) | máximo colocado 62 de 81 | hilos 12 de 12
    ... 643.0 s | grupo 1/3 | 504240330 nodos | revisado 5.3%, faltan ~3.2 h (Knuth: ~428 días) | máximo colocado 62 de 81 | hilos 12 de 12
    ... 645.0 s | grupo 1/3 | 505861367 nodos | revisado 5.3%, faltan ~3.2 h (Knuth: ~428 días) | máximo colocado 62 de 81 | hilos 12 de 12
    ... 647.0 s | grupo 1/3 | 507452685 nodos | revisado 5.3%, faltan ~3.2 h (Knuth: ~428 días) | máximo colocado 62 de 81 | hilos 12 de 12
    ... 649.0 s | grupo 1/3 | 509016709 nodos | revisado 5.3%, faltan ~3.2 h (Knuth: ~428 días) | máximo colocado 62 de 81 | hilos 12 de 12
    ... 651.0 s | grupo 1/3 | 510627428 nodos | revisado 5.3%, faltan ~3.2 h (Knuth: ~428 días) | máximo colocado 62 de 81 | hilos 12 de 12
    ... 653.0 s | grupo 1/3 | 512250509 nodos | revisado 5.3%, faltan ~3.2 h (Knuth: ~428 días) | máximo colocado 62 de 81 | hilos 12 de 12
    ... 655.0 s | grupo 1/3 | 513904285 nodos | revisado 5.3%, faltan ~3.2 h (Knuth: ~428 días) | máximo colocado 62 de 81 | hilos 12 de 12
    ... 657.1 s | grupo 1/3 | 515551391 nodos | revisado 5.3%, faltan ~3.3 h (Knuth: ~428 días) | máximo colocado 62 de 81 | hilos 12 de 12
    ... 659.1 s | grupo 1/3 | 517165917 nodos | revisado 5.3%, faltan ~3.3 h (Knuth: ~427 días) | máximo colocado 62 de 81 | hilos 12 de 12
    ... 661.1 s | grupo 1/3 | 518785022 nodos | revisado 5.3%, faltan ~3.3 h (Knuth: ~427 días) | máximo colocado 62 de 81 | hilos 12 de 12
    ... 663.1 s | grupo 1/3 | 520407150 nodos | revisado 5.3%, faltan ~3.3 h (Knuth: ~427 días) | máximo colocado 62 de 81 | hilos 12 de 12
    ... 665.1 s | grupo 1/3 | 521997957 nodos | revisado 5.3%, faltan ~3.3 h (Knuth: ~427 días) | máximo colocado 62 de 81 | hilos 12 de 12
    ... 667.1 s | grupo 1/3 | 523612646 nodos | revisado 5.3%, faltan ~3.3 h (Knuth: ~427 días) | máximo colocado 62 de 81 | hilos 12 de 12
    ... 669.1 s | grupo 1/3 | 525256126 nodos | revisado 5.3%, faltan ~3.3 h (Knuth: ~427 días) | máximo colocado 62 de 81 | hilos 12 de 12
    ... 671.1 s | grupo 1/3 | 526866704 nodos | revisado 5.3%, faltan ~3.3 h (Knuth: ~427 días) | máximo colocado 62 de 81 | hilos 12 de 12
    ... 673.1 s | grupo 1/3 | 528473519 nodos | revisado 5.3%, faltan ~3.3 h (Knuth: ~427 días) | máximo colocado 62 de 81 | hilos 12 de 12
    ... 675.1 s | grupo 1/3 | 530097048 nodos | revisado 5.3%, faltan ~3.3 h (Knuth: ~427 días) | máximo colocado 62 de 81 | hilos 12 de 12
    ... 677.2 s | grupo 1/3 | 531711278 nodos | revisado 5.3%, faltan ~3.4 h (Knuth: ~427 días) | máximo colocado 62 de 81 | hilos 12 de 12
    ... 679.2 s | grupo 1/3 | 533322967 nodos | revisado 5.3%, faltan ~3.4 h (Knuth: ~427 días) | máximo colocado 62 de 81 | hilos 12 de 12
    ... 681.2 s | grupo 1/3 | 534944764 nodos | revisado 5.3%, faltan ~3.4 h (Knuth: ~427 días) | máximo colocado 62 de 81 | hilos 12 de 12
    ... 683.2 s | grupo 1/3 | 536556531 nodos | revisado 5.3%, faltan ~3.4 h (Knuth: ~427 días) | máximo colocado 62 de 81 | hilos 12 de 12
    ... 685.2 s | grupo 1/3 | 538154651 nodos | revisado 5.3%, faltan ~3.4 h (Knuth: ~427 días) | máximo colocado 62 de 81 | hilos 12 de 12
    ... 687.2 s | grupo 1/3 | 539748423 nodos | revisado 5.3%, faltan ~3.4 h (Knuth: ~427 días) | máximo colocado 62 de 81 | hilos 12 de 12
    ... 689.2 s | grupo 1/3 | 541346075 nodos | revisado 5.3%, faltan ~3.4 h (Knuth: ~427 días) | máximo colocado 62 de 81 | hilos 12 de 12
    ... 691.2 s | grupo 1/3 | 542947849 nodos | revisado 5.3%, faltan ~3.4 h (Knuth: ~427 días) | máximo colocado 62 de 81 | hilos 12 de 12
    ... 693.2 s | grupo 1/3 | 544562380 nodos | revisado 5.3%, faltan ~3.4 h (Knuth: ~427 días) | máximo colocado 62 de 81 | hilos 12 de 12
    ... 695.2 s | grupo 1/3 | 546170100 nodos | revisado 5.3%, faltan ~3.4 h (Knuth: ~427 días) | máximo colocado 62 de 81 | hilos 12 de 12
    ... 697.2 s | grupo 1/3 | 547751012 nodos | revisado 5.3%, faltan ~3.5 h (Knuth: ~427 días) | máximo colocado 62 de 81 | hilos 12 de 12
    ... 699.2 s | grupo 1/3 | 549333997 nodos | revisado 5.3%, faltan ~3.5 h (Knuth: ~427 días) | máximo colocado 62 de 81 | hilos 12 de 12
    ... 701.3 s | grupo 1/3 | 550885472 nodos | revisado 5.3%, faltan ~3.5 h (Knuth: ~427 días) | máximo colocado 62 de 81 | hilos 12 de 12
    ... 703.3 s | grupo 1/3 | 552435848 nodos | revisado 5.3%, faltan ~3.5 h (Knuth: ~427 días) | máximo colocado 62 de 81 | hilos 12 de 12
    ... 705.3 s | grupo 1/3 | 554036111 nodos | revisado 5.3%, faltan ~3.5 h (Knuth: ~427 días) | máximo colocado 62 de 81 | hilos 12 de 12
    ... 707.3 s | grupo 1/3 | 555627209 nodos | revisado 5.3%, faltan ~3.5 h (Knuth: ~427 días) | máximo colocado 62 de 81 | hilos 12 de 12
    ... 709.3 s | grupo 1/3 | 557214313 nodos | revisado 5.3%, faltan ~3.5 h (Knuth: ~427 días) | máximo colocado 62 de 81 | hilos 12 de 12
    ... 711.3 s | grupo 1/3 | 558803066 nodos | revisado 5.3%, faltan ~3.5 h (Knuth: ~427 días) | máximo colocado 62 de 81 | hilos 12 de 12
    ... 713.3 s | grupo 1/3 | 560418274 nodos | revisado 5.3%, faltan ~3.5 h (Knuth: ~427 días) | máximo colocado 62 de 81 | hilos 12 de 12
    ... 715.3 s | grupo 1/3 | 561994227 nodos | revisado 5.3%, faltan ~3.5 h (Knuth: ~427 días) | máximo colocado 62 de 81 | hilos 12 de 12
    ... 717.3 s | grupo 1/3 | 563584997 nodos | revisado 5.3%, faltan ~3.6 h (Knuth: ~427 días) | máximo colocado 62 de 81 | hilos 12 de 12
    ... 719.3 s | grupo 1/3 | 565150818 nodos | revisado 5.3%, faltan ~3.6 h (Knuth: ~427 días) | máximo colocado 62 de 81 | hilos 12 de 12
    ... 721.3 s | grupo 1/3 | 566718617 nodos | revisado 5.3%, faltan ~3.6 h (Knuth: ~427 días) | máximo colocado 62 de 81 | hilos 12 de 12
    ... 723.3 s | grupo 1/3 | 568310503 nodos | revisado 5.3%, faltan ~3.6 h (Knuth: ~427 días) | máximo colocado 62 de 81 | hilos 12 de 12
    ... 725.4 s | grupo 1/3 | 569887736 nodos | revisado 5.3%, faltan ~3.6 h (Knuth: ~427 días) | máximo colocado 62 de 81 | hilos 12 de 12
    ... 727.4 s | grupo 1/3 | 571481919 nodos | revisado 5.3%, faltan ~3.6 h (Knuth: ~427 días) | máximo colocado 62 de 81 | hilos 12 de 12
    ... 729.4 s | grupo 1/3 | 573062352 nodos | revisado 5.3%, faltan ~3.6 h (Knuth: ~427 días) | máximo colocado 62 de 81 | hilos 12 de 12
    ... 731.4 s | grupo 1/3 | 574673861 nodos | revisado 5.3%, faltan ~3.6 h (Knuth: ~427 días) | máximo colocado 62 de 81 | hilos 12 de 12
    ... 733.4 s | grupo 1/3 | 576279354 nodos | revisado 5.3%, faltan ~3.6 h (Knuth: ~427 días) | máximo colocado 62 de 81 | hilos 12 de 12
    ... 735.4 s | grupo 1/3 | 577879635 nodos | revisado 5.3%, faltan ~3.6 h (Knuth: ~427 días) | máximo colocado 62 de 81 | hilos 12 de 12
    ... 737.4 s | grupo 1/3 | 579447199 nodos | revisado 5.3%, faltan ~3.7 h (Knuth: ~427 días) | máximo colocado 62 de 81 | hilos 12 de 12
    ... 739.4 s | grupo 1/3 | 581018273 nodos | revisado 5.3%, faltan ~3.7 h (Knuth: ~427 días) | máximo colocado 62 de 81 | hilos 12 de 12
    ... 741.5 s | grupo 1/3 | 582621169 nodos | revisado 5.3%, faltan ~3.7 h (Knuth: ~427 días) | máximo colocado 62 de 81 | hilos 12 de 12
    ... 743.5 s | grupo 1/3 | 584236942 nodos | revisado 5.3%, faltan ~3.7 h (Knuth: ~427 días) | máximo colocado 62 de 81 | hilos 12 de 12
    ... 745.5 s | grupo 1/3 | 585858517 nodos | revisado 5.3%, faltan ~3.7 h (Knuth: ~427 días) | máximo colocado 62 de 81 | hilos 12 de 12
    ... 747.5 s | grupo 1/3 | 587485548 nodos | revisado 5.3%, faltan ~3.7 h (Knuth: ~427 días) | máximo colocado 62 de 81 | hilos 12 de 12
    ... 749.5 s | grupo 1/3 | 589111780 nodos | revisado 5.3%, faltan ~3.7 h (Knuth: ~427 días) | máximo colocado 62 de 81 | hilos 12 de 12
    ... 751.5 s | grupo 1/3 | 590731207 nodos | revisado 5.3%, faltan ~3.7 h (Knuth: ~427 días) | máximo colocado 62 de 81 | hilos 12 de 12
    ... 753.5 s | grupo 1/3 | 592369741 nodos | revisado 5.3%, faltan ~3.7 h (Knuth: ~427 días) | máximo colocado 62 de 81 | hilos 12 de 12
    ... 755.5 s | grupo 1/3 | 593997574 nodos | revisado 5.3%, faltan ~3.7 h (Knuth: ~427 días) | máximo colocado 62 de 81 | hilos 12 de 12
    ... 757.5 s | grupo 1/3 | 595634594 nodos | revisado 5.3%, faltan ~3.8 h (Knuth: ~427 días) | máximo colocado 62 de 81 | hilos 12 de 12
    ... 759.5 s | grupo 1/3 | 597245229 nodos | revisado 5.3%, faltan ~3.8 h (Knuth: ~427 días) | máximo colocado 62 de 81 | hilos 12 de 12
    ... 761.5 s | grupo 1/3 | 598862717 nodos | revisado 5.3%, faltan ~3.8 h (Knuth: ~427 días) | máximo colocado 62 de 81 | hilos 12 de 12
    ... 763.6 s | grupo 1/3 | 600468922 nodos | revisado 5.3%, faltan ~3.8 h (Knuth: ~427 días) | máximo colocado 62 de 81 | hilos 12 de 12
    ... 765.6 s | grupo 1/3 | 602064419 nodos | revisado 5.3%, faltan ~3.8 h (Knuth: ~427 días) | máximo colocado 62 de 81 | hilos 12 de 12
    ... 767.6 s | grupo 1/3 | 603653807 nodos | revisado 5.3%, faltan ~3.8 h (Knuth: ~427 días) | máximo colocado 62 de 81 | hilos 12 de 12
    ... 769.6 s | grupo 1/3 | 605258327 nodos | revisado 5.3%, faltan ~3.8 h (Knuth: ~427 días) | máximo colocado 62 de 81 | hilos 12 de 12
    ... 771.6 s | grupo 1/3 | 606863124 nodos | revisado 5.3%, faltan ~3.8 h (Knuth: ~427 días) | máximo colocado 62 de 81 | hilos 12 de 12
    ... 773.6 s | grupo 1/3 | 608468820 nodos | revisado 5.3%, faltan ~3.8 h (Knuth: ~427 días) | máximo colocado 62 de 81 | hilos 12 de 12
    ... 775.6 s | grupo 1/3 | 610094817 nodos | revisado 5.3%, faltan ~3.8 h (Knuth: ~427 días) | máximo colocado 62 de 81 | hilos 12 de 12
    ... 777.6 s | grupo 1/3 | 611723119 nodos | revisado 5.3%, faltan ~3.9 h (Knuth: ~427 días) | máximo colocado 62 de 81 | hilos 12 de 12
    ... 779.6 s | grupo 1/3 | 613336403 nodos | revisado 5.3%, faltan ~3.9 h (Knuth: ~427 días) | máximo colocado 62 de 81 | hilos 12 de 12
    ... 781.6 s | grupo 1/3 | 614913883 nodos | revisado 5.3%, faltan ~3.9 h (Knuth: ~427 días) | máximo colocado 62 de 81 | hilos 12 de 12
    ... 783.6 s | grupo 1/3 | 616515415 nodos | revisado 5.3%, faltan ~3.9 h (Knuth: ~427 días) | máximo colocado 62 de 81 | hilos 12 de 12
    ... 785.6 s | grupo 1/3 | 618118815 nodos | revisado 5.3%, faltan ~3.9 h (Knuth: ~427 días) | máximo colocado 62 de 81 | hilos 12 de 12
    ... 787.6 s | grupo 1/3 | 619721970 nodos | revisado 5.3%, faltan ~3.9 h (Knuth: ~427 días) | máximo colocado 62 de 81 | hilos 12 de 12
    ... 789.6 s | grupo 1/3 | 621355087 nodos | revisado 5.3%, faltan ~3.9 h (Knuth: ~427 días) | máximo colocado 62 de 81 | hilos 12 de 12
    ... 791.7 s | grupo 1/3 | 622990857 nodos | revisado 5.3%, faltan ~3.9 h (Knuth: ~427 días) | máximo colocado 62 de 81 | hilos 12 de 12
    ... 793.7 s | grupo 1/3 | 624585236 nodos | revisado 5.3%, faltan ~3.9 h (Knuth: ~427 días) | máximo colocado 62 de 81 | hilos 12 de 12
    ... 795.7 s | grupo 1/3 | 626177382 nodos | revisado 5.3%, faltan ~3.9 h (Knuth: ~427 días) | máximo colocado 62 de 81 | hilos 12 de 12
    ... 797.7 s | grupo 1/3 | 627811283 nodos | revisado 5.3%, faltan ~4.0 h (Knuth: ~427 días) | máximo colocado 62 de 81 | hilos 12 de 12
    ... 799.7 s | grupo 1/3 | 629396589 nodos | revisado 5.3%, faltan ~4.0 h (Knuth: ~427 días) | máximo colocado 62 de 81 | hilos 12 de 12
    ... 801.7 s | grupo 1/3 | 630961288 nodos | revisado 5.3%, faltan ~4.0 h (Knuth: ~427 días) | máximo colocado 62 de 81 | hilos 12 de 12
    ... 803.7 s | grupo 1/3 | 632573934 nodos | revisado 5.3%, faltan ~4.0 h (Knuth: ~427 días) | máximo colocado 62 de 81 | hilos 12 de 12
    ... 805.7 s | grupo 1/3 | 634164267 nodos | revisado 5.3%, faltan ~4.0 h (Knuth: ~427 días) | máximo colocado 62 de 81 | hilos 12 de 12
    ... 807.7 s | grupo 1/3 | 635696244 nodos | revisado 5.3%, faltan ~4.0 h (Knuth: ~427 días) | máximo colocado 62 de 81 | hilos 12 de 12
    ... 809.7 s | grupo 1/3 | 637286836 nodos | revisado 5.3%, faltan ~4.0 h (Knuth: ~427 días) | máximo colocado 62 de 81 | hilos 12 de 12
    ... 811.7 s | grupo 1/3 | 638904423 nodos | revisado 5.3%, faltan ~4.0 h (Knuth: ~427 días) | máximo colocado 62 de 81 | hilos 12 de 12
    ... 813.8 s | grupo 1/3 | 640558879 nodos | revisado 5.3%, faltan ~4.0 h (Knuth: ~427 días) | máximo colocado 62 de 81 | hilos 12 de 12
    ... 815.8 s | grupo 1/3 | 642199007 nodos | revisado 5.3%, faltan ~4.0 h (Knuth: ~427 días) | máximo colocado 62 de 81 | hilos 12 de 12
    ... 817.8 s | grupo 1/3 | 643796505 nodos | revisado 5.3%, faltan ~4.1 h (Knuth: ~427 días) | máximo colocado 62 de 81 | hilos 12 de 12
    ... 819.8 s | grupo 1/3 | 645396896 nodos | revisado 5.3%, faltan ~4.1 h (Knuth: ~427 días) | máximo colocado 62 de 81 | hilos 12 de 12
    ... 821.8 s | grupo 1/3 | 646987064 nodos | revisado 5.3%, faltan ~4.1 h (Knuth: ~427 días) | máximo colocado 62 de 81 | hilos 12 de 12
    ... 823.8 s | grupo 1/3 | 648584349 nodos | revisado 5.3%, faltan ~4.1 h (Knuth: ~427 días) | máximo colocado 62 de 81 | hilos 12 de 12
    ... 825.8 s | grupo 1/3 | 650178663 nodos | revisado 5.3%, faltan ~4.1 h (Knuth: ~427 días) | máximo colocado 62 de 81 | hilos 12 de 12
    ... 827.9 s | grupo 1/3 | 651772649 nodos | revisado 5.3%, faltan ~4.1 h (Knuth: ~427 días) | máximo colocado 62 de 81 | hilos 12 de 12
    ... 829.9 s | grupo 1/3 | 653323174 nodos | revisado 5.3%, faltan ~4.1 h (Knuth: ~427 días) | máximo colocado 62 de 81 | hilos 12 de 12
    ... 831.9 s | grupo 1/3 | 654922561 nodos | revisado 5.3%, faltan ~4.1 h (Knuth: ~427 días) | máximo colocado 62 de 81 | hilos 12 de 12
    ... 833.9 s | grupo 1/3 | 656455449 nodos | revisado 5.3%, faltan ~4.1 h (Knuth: ~427 días) | máximo colocado 62 de 81 | hilos 12 de 12
    ... 835.9 s | grupo 1/3 | 658071718 nodos | revisado 5.3%, faltan ~4.1 h (Knuth: ~427 días) | máximo colocado 62 de 81 | hilos 12 de 12
    ... 837.9 s | grupo 1/3 | 659695794 nodos | revisado 5.3%, faltan ~4.2 h (Knuth: ~427 días) | máximo colocado 62 de 81 | hilos 12 de 12
    ... 839.9 s | grupo 1/3 | 661314229 nodos | revisado 5.3%, faltan ~4.2 h (Knuth: ~427 días) | máximo colocado 62 de 81 | hilos 12 de 12
    ... 841.9 s | grupo 1/3 | 662890943 nodos | revisado 5.3%, faltan ~4.2 h (Knuth: ~427 días) | máximo colocado 62 de 81 | hilos 12 de 12
    ... 843.9 s | grupo 1/3 | 664498613 nodos | revisado 5.3%, faltan ~4.2 h (Knuth: ~427 días) | máximo colocado 62 de 81 | hilos 12 de 12
    ... 846.0 s | grupo 1/3 | 666106460 nodos | revisado 5.3%, faltan ~4.2 h (Knuth: ~427 días) | máximo colocado 62 de 81 | hilos 12 de 12
    ... 848.0 s | grupo 1/3 | 667664843 nodos | revisado 5.3%, faltan ~4.2 h (Knuth: ~427 días) | máximo colocado 62 de 81 | hilos 12 de 12
    ... 850.0 s | grupo 1/3 | 669252373 nodos | revisado 5.3%, faltan ~4.2 h (Knuth: ~427 días) | máximo colocado 62 de 81 | hilos 12 de 12
    ... 852.0 s | grupo 1/3 | 670856005 nodos | revisado 5.3%, faltan ~4.2 h (Knuth: ~427 días) | máximo colocado 62 de 81 | hilos 12 de 12
    ... 854.0 s | grupo 1/3 | 672464648 nodos | revisado 5.3%, faltan ~4.2 h (Knuth: ~427 días) | máximo colocado 62 de 81 | hilos 12 de 12
    ... 856.0 s | grupo 1/3 | 674061138 nodos | revisado 5.3%, faltan ~4.2 h (Knuth: ~427 días) | máximo colocado 62 de 81 | hilos 12 de 12
    ... 858.0 s | grupo 1/3 | 675685816 nodos | revisado 5.3%, faltan ~4.3 h (Knuth: ~427 días) | máximo colocado 62 de 81 | hilos 12 de 12
    ... 860.0 s | grupo 1/3 | 677233378 nodos | revisado 5.3%, faltan ~4.3 h (Knuth: ~427 días) | máximo colocado 62 de 81 | hilos 12 de 12
    ... 862.0 s | grupo 1/3 | 678837159 nodos | revisado 5.3%, faltan ~4.3 h (Knuth: ~427 días) | máximo colocado 62 de 81 | hilos 12 de 12
    ... 864.0 s | grupo 1/3 | 680449536 nodos | revisado 5.3%, faltan ~4.3 h (Knuth: ~427 días) | máximo colocado 62 de 81 | hilos 12 de 12
    ... 866.0 s | grupo 1/3 | 682058342 nodos | revisado 5.3%, faltan ~4.3 h (Knuth: ~427 días) | máximo colocado 62 de 81 | hilos 12 de 12
    ... 868.1 s | grupo 1/3 | 683703108 nodos | revisado 5.3%, faltan ~4.3 h (Knuth: ~427 días) | máximo colocado 62 de 81 | hilos 12 de 12
    ... 870.1 s | grupo 1/3 | 685310581 nodos | revisado 5.3%, faltan ~4.3 h (Knuth: ~427 días) | máximo colocado 62 de 81 | hilos 12 de 12
    ... 872.1 s | grupo 1/3 | 686910564 nodos | revisado 5.3%, faltan ~4.3 h (Knuth: ~427 días) | máximo colocado 62 de 81 | hilos 12 de 12
    ... 874.1 s | grupo 1/3 | 688526173 nodos | revisado 5.3%, faltan ~4.3 h (Knuth: ~427 días) | máximo colocado 62 de 81 | hilos 12 de 12
    ... 876.1 s | grupo 1/3 | 690141900 nodos | revisado 5.3%, faltan ~4.3 h (Knuth: ~427 días) | máximo colocado 62 de 81 | hilos 12 de 12
    ... 878.1 s | grupo 1/3 | 691769405 nodos | revisado 5.3%, faltan ~4.4 h (Knuth: ~427 días) | máximo colocado 62 de 81 | hilos 12 de 12
    ... 880.1 s | grupo 1/3 | 693370517 nodos | revisado 5.3%, faltan ~4.4 h (Knuth: ~427 días) | máximo colocado 62 de 81 | hilos 12 de 12
    ... 882.1 s | grupo 1/3 | 694997575 nodos | revisado 5.3%, faltan ~4.4 h (Knuth: ~427 días) | máximo colocado 62 de 81 | hilos 12 de 12
    ... 884.1 s | grupo 1/3 | 696589045 nodos | revisado 5.3%, faltan ~4.4 h (Knuth: ~427 días) | máximo colocado 62 de 81 | hilos 12 de 12
    ... 886.1 s | grupo 1/3 | 698203614 nodos | revisado 5.3%, faltan ~4.4 h (Knuth: ~427 días) | máximo colocado 62 de 81 | hilos 12 de 12
    ... 888.1 s | grupo 1/3 | 699820977 nodos | revisado 5.3%, faltan ~4.4 h (Knuth: ~427 días) | máximo colocado 62 de 81 | hilos 12 de 12
    ... 890.1 s | grupo 1/3 | 701425101 nodos | revisado 5.3%, faltan ~4.4 h (Knuth: ~427 días) | máximo colocado 62 de 81 | hilos 12 de 12
    ... 892.1 s | grupo 1/3 | 703033781 nodos | revisado 5.3%, faltan ~4.4 h (Knuth: ~427 días) | máximo colocado 62 de 81 | hilos 12 de 12
    ... 894.2 s | grupo 1/3 | 704636144 nodos | revisado 5.3%, faltan ~4.4 h (Knuth: ~427 días) | máximo colocado 62 de 81 | hilos 12 de 12
    ... 896.2 s | grupo 1/3 | 706163358 nodos | revisado 5.3%, faltan ~4.4 h (Knuth: ~427 días) | máximo colocado 62 de 81 | hilos 12 de 12
    ... 898.2 s | grupo 1/3 | 707762911 nodos | revisado 5.3%, faltan ~4.5 h (Knuth: ~427 días) | máximo colocado 62 de 81 | hilos 12 de 12
    ... 900.2 s | grupo 1/3 | 709330805 nodos | revisado 5.3%, faltan ~4.5 h (Knuth: ~427 días) | máximo colocado 62 de 81 | hilos 12 de 12
    ... 902.2 s | grupo 1/3 | 710918362 nodos | revisado 5.3%, faltan ~4.5 h (Knuth: ~427 días) | máximo colocado 62 de 81 | hilos 12 de 12
    ... 904.2 s | grupo 1/3 | 712500603 nodos | revisado 5.3%, faltan ~4.5 h (Knuth: ~427 días) | máximo colocado 62 de 81 | hilos 12 de 12
    ... 906.2 s | grupo 1/3 | 714095605 nodos | revisado 5.3%, faltan ~4.5 h (Knuth: ~427 días) | máximo colocado 62 de 81 | hilos 12 de 12
    ... 908.2 s | grupo 1/3 | 715645243 nodos | revisado 5.3%, faltan ~4.5 h (Knuth: ~427 días) | máximo colocado 62 de 81 | hilos 12 de 12

*** Detenido por el archivo DETENER ***
