[0] Tablero 8x8, 9 colores, 12 hilos
[1] Esquina fija (2,1). 6 grupos, orden por coste: 9.1e+24 9.1e+24 9.1e+24 9.1e+24 9.1e+24 9.1e+24
    grupo 1, orden menos opciones: estimado 5.8e+15 nodos
    grupo 1, orden interior primero: estimado 5.78e+13 nodos
    grupo 2, orden menos opciones: estimado 2.3e+15 nodos
    grupo 2, orden interior primero: estimado 4.78e+13 nodos
    grupo 3, orden menos opciones: estimado 8.14e+15 nodos
    grupo 3, orden interior primero: estimado 5.06e+13 nodos
    grupo 4, orden menos opciones: estimado 1.57e+16 nodos
    grupo 4, orden interior primero: estimado 1.21e+14 nodos
    grupo 5, orden menos opciones: estimado 4.74e+15 nodos
    grupo 5, orden interior primero: estimado 1.07e+14 nodos
    grupo 6, orden menos opciones: estimado 1.91e+15 nodos
    grupo 6, orden interior primero: estimado 5.02e+13 nodos
[1] Estimado de Knuth por grupo (nodos): 5.78e+13(i) 4.78e+13(i) 5.06e+13(i) 1.21e+14(i) 1.07e+14(i) 5.02e+13(i)   (i) = interior primero
[2] Grupo 1/6: ruta unificada (mapas por lado), orden: interior primero
    ... 5.7 s | grupo 1/6 | 2643386 nodos | revisado 1.88e-05%, faltan ~123 días (Knuth: ~507 días) | máximo colocado 51 de 64 | hilos 12 de 12
[4] Grupo 1: SOLUCIÓN. Verificación: OK
[5] Tiempo total: 7 s
RESULTADO resuelto=1 ms=6887.1 marcos=0 nodos=4261273 grupos=1/6 hilos=12 t_marcos=0.000 t_interior=3.234 lados=0 unificado=1 max_colocadas=64
