[0] Tablero 8x8, 9 colores, 12 hilos
[1] Esquina fija (2,1). 3 grupos, orden por coste: 5.33e+25 5.33e+25 5.33e+25
[1] Estimado de Knuth por grupo (nodos): 5.69e+15 2.73e+15 1.68e+16   (i) = interior primero
[2] Grupo 1/3: ruta unificada (mapas por lado), orden: casilla con menos opciones
    ... 5.1 s | grupo 1/3 | 2121687 nodos | revisado 4.63e-07%, faltan ~13.7 años (Knuth: ~171 años) | máximo colocado 52 de 64 | hilos 12 de 12
    ... 7.1 s | grupo 1/3 | 4358054 nodos | revisado 6.32e-07%, faltan ~20.2 años (Knuth: ~167 años) | máximo colocado 54 de 64 | hilos 12 de 12
    ... 9.1 s | grupo 1/3 | 6822879 nodos | revisado 7.03e-07%, faltan ~27.2 años (Knuth: ~159 años) | máximo colocado 54 de 64 | hilos 12 de 12
    ... 11.1 s | grupo 1/3 | 9370902 nodos | revisado 8.20e-07%, faltan ~31.1 años (Knuth: ~155 años) | máximo colocado 54 de 64 | hilos 12 de 12
    ... 13.1 s | grupo 1/3 | 11972173 nodos | revisado 9.75e-07%, faltan ~32.7 años (Knuth: ~151 años) | máximo colocado 54 de 64 | hilos 12 de 12
    ... 15.1 s | grupo 1/3 | 14597999 nodos | revisado 1.06e-06%, faltan ~36.1 años (Knuth: ~149 años) | máximo colocado 54 de 64 | hilos 12 de 12
    ... 17.1 s | grupo 1/3 | 17234061 nodos | revisado 1.15e-06%, faltan ~38.8 años (Knuth: ~147 años) | máximo colocado 54 de 64 | hilos 12 de 12
    ... 19.1 s | grupo 1/3 | 19865092 nodos | revisado 1.41e-06%, faltan ~36.2 años (Knuth: ~146 años) | máximo colocado 54 de 64 | hilos 12 de 12
    ... 21.2 s | grupo 1/3 | 22495662 nodos | revisado 1.59e-06%, faltan ~36 años (Knuth: ~145 años) | máximo colocado 54 de 64 | hilos 12 de 12
    ... 23.2 s | grupo 1/3 | 25121228 nodos | revisado 1.81e-06%, faltan ~35.2 años (Knuth: ~144 años) | máximo colocado 54 de 64 | hilos 12 de 12
    ... 25.2 s | grupo 1/3 | 27747189 nodos | revisado 2.05e-06%, faltan ~34.2 años (Knuth: ~144 años) | máximo colocado 54 de 64 | hilos 12 de 12
    ... 27.2 s | grupo 1/3 | 30369026 nodos | revisado 2.15e-06%, faltan ~35.5 años (Knuth: ~143 años) | máximo colocado 54 de 64 | hilos 12 de 12
    ... 29.2 s | grupo 1/3 | 32979518 nodos | revisado 2.27e-06%, faltan ~36.5 años (Knuth: ~143 años) | máximo colocado 54 de 64 | hilos 12 de 12
    ... 31.2 s | grupo 1/3 | 35563743 nodos | revisado 2.37e-06%, faltan ~37.6 años (Knuth: ~143 años) | máximo colocado 54 de 64 | hilos 12 de 12
[4] Grupo 1: SOLUCIÓN. Verificación: OK
[5] Tiempo total: 31 s
RESULTADO resuelto=1 ms=31335.7 marcos=0 nodos=35720681 grupos=1/3 hilos=12 t_marcos=0.000 t_interior=28.282 lados=0 unificado=1 max_colocadas=64
