[0] Tablero 8x8, 9 colores, 12 hilos
[1] Esquina fija (2,1). 6 grupos, orden por coste: 9.1e+24 9.1e+24 9.1e+24 9.1e+24 9.1e+24 9.1e+24
    grupo 1, orden menos opciones: estimado 5.65e+15 nodos
    grupo 1, orden interior primero: estimado 5.83e+13 nodos
    grupo 2, orden menos opciones: estimado 2.09e+15 nodos
    grupo 2, orden interior primero: estimado 4.81e+13 nodos
    grupo 3, orden menos opciones: estimado 8.86e+15 nodos
    grupo 3, orden interior primero: estimado 4.95e+13 nodos
    grupo 4, orden menos opciones: estimado 1.55e+16 nodos
    grupo 4, orden interior primero: estimado 1.2e+14 nodos
    grupo 5, orden menos opciones: estimado 4.62e+15 nodos
    grupo 5, orden interior primero: estimado 1.07e+14 nodos
    grupo 6, orden menos opciones: estimado 1.37e+15 nodos
    grupo 6, orden interior primero: estimado 5.97e+13 nodos
[1] Estimado de Knuth por grupo (nodos): 5.83e+13(i) 4.81e+13(i) 4.95e+13(i) 1.2e+14(i) 1.07e+14(i) 5.97e+13(i)   (i) = interior primero
[2] Grupo 1/6: ruta unificada (mapas por lado), orden: interior primero
    ... 5.7 s | grupo 1/6 | 2648817 nodos | revisado 1.78e-05%, faltan ~131 días (Knuth: ~513 días) | máximo colocado 51 de 64 | hilos 12 de 12
[4] Grupo 1: SOLUCIÓN. Verificación: OK
[5] Tiempo total: 7 s
RESULTADO resuelto=1 ms=6879.7 marcos=0 nodos=4202905 grupos=1/6 hilos=12 t_marcos=0.000 t_interior=3.223 lados=0 unificado=1 max_colocadas=64
