[0] Tablero 8x8, 9 colores, 12 hilos
[1] Esquina fija (2,1). 3 grupos, orden por coste: 7.86e+24 7.86e+24 7.86e+24
    grupo 1, orden menos opciones: estimado 4.56e+14 nodos
    grupo 1, orden interior primero: estimado 2.58e+13 nodos
    grupo 2, orden menos opciones: estimado 4.84e+14 nodos
    grupo 2, orden interior primero: estimado 3.74e+13 nodos
    grupo 3, orden menos opciones: estimado 1.08e+15 nodos
    grupo 3, orden interior primero: estimado 2.08e+13 nodos
[1] Estimado de Knuth por grupo (nodos): 2.58e+13(i) 3.74e+13(i) 2.08e+13(i)   (i) = interior primero
[2] Grupo 1/3: ruta unificada (mapas por lado), orden: interior primero
    ... 5.0 s | grupo 1/3 | 2396100 nodos | revisado 2.9%, faltan ~67 s (Knuth: ~251 días) | máximo colocado 50 de 64 | hilos 12 de 12
    ... 7.0 s | grupo 1/3 | 4628687 nodos | revisado 2.9%, faltan ~2 min (Knuth: ~259 días) | máximo colocado 54 de 64 | hilos 12 de 12
    ... 9.1 s | grupo 1/3 | 6959894 nodos | revisado 2.9%, faltan ~3 min (Knuth: ~259 días) | máximo colocado 54 de 64 | hilos 12 de 12
    ... 11.1 s | grupo 1/3 | 9306048 nodos | revisado 2.9%, faltan ~4 min (Knuth: ~258 días) | máximo colocado 54 de 64 | hilos 12 de 12
    ... 13.1 s | grupo 1/3 | 11624858 nodos | revisado 2.9%, faltan ~6 min (Knuth: ~258 días) | máximo colocado 54 de 64 | hilos 12 de 12
    ... 15.1 s | grupo 1/3 | 13982289 nodos | revisado 2.9%, faltan ~7 min (Knuth: ~257 días) | máximo colocado 54 de 64 | hilos 12 de 12
    ... 17.1 s | grupo 1/3 | 16361557 nodos | revisado 2.9%, faltan ~8 min (Knuth: ~257 días) | máximo colocado 57 de 64 | hilos 12 de 12
    ... 19.1 s | grupo 1/3 | 18694160 nodos | revisado 2.9%, faltan ~9 min (Knuth: ~257 días) | máximo colocado 57 de 64 | hilos 12 de 12
    ... 21.1 s | grupo 1/3 | 21041570 nodos | revisado 2.9%, faltan ~10 min (Knuth: ~257 días) | máximo colocado 57 de 64 | hilos 12 de 12
    ... 23.1 s | grupo 1/3 | 23439782 nodos | revisado 2.9%, faltan ~11 min (Knuth: ~256 días) | máximo colocado 57 de 64 | hilos 12 de 12
    ... 25.1 s | grupo 1/3 | 25824209 nodos | revisado 2.9%, faltan ~12 min (Knuth: ~256 días) | máximo colocado 59 de 64 | hilos 12 de 12
    ... 27.1 s | grupo 1/3 | 28223683 nodos | revisado 2.9%, faltan ~13 min (Knuth: ~255 días) | máximo colocado 59 de 64 | hilos 12 de 12
    ... 29.1 s | grupo 1/3 | 30633566 nodos | revisado 2.9%, faltan ~14 min (Knuth: ~255 días) | máximo colocado 59 de 64 | hilos 12 de 12
    ... 31.1 s | grupo 1/3 | 33023873 nodos | revisado 2.9%, faltan ~16 min (Knuth: ~254 días) | máximo colocado 59 de 64 | hilos 12 de 12
    ... 33.1 s | grupo 1/3 | 35403838 nodos | revisado 2.9%, faltan ~17 min (Knuth: ~254 días) | máximo colocado 59 de 64 | hilos 12 de 12
    ... 35.1 s | grupo 1/3 | 37838482 nodos | revisado 2.9%, faltan ~18 min (Knuth: ~254 días) | máximo colocado 59 de 64 | hilos 12 de 12
    ... 37.1 s | grupo 1/3 | 40285750 nodos | revisado 2.9%, faltan ~19 min (Knuth: ~253 días) | máximo colocado 59 de 64 | hilos 12 de 12
    ... 39.1 s | grupo 1/3 | 42700306 nodos | revisado 2.9%, faltan ~20 min (Knuth: ~253 días) | máximo colocado 59 de 64 | hilos 12 de 12
    ... 41.1 s | grupo 1/3 | 45126794 nodos | revisado 2.9%, faltan ~21 min (Knuth: ~253 días) | máximo colocado 59 de 64 | hilos 12 de 12
    ... 43.1 s | grupo 1/3 | 47514590 nodos | revisado 2.9%, faltan ~22 min (Knuth: ~252 días) | máximo colocado 59 de 64 | hilos 12 de 12
    ... 45.1 s | grupo 1/3 | 49890992 nodos | revisado 2.9%, faltan ~23 min (Knuth: ~252 días) | máximo colocado 59 de 64 | hilos 12 de 12
    ... 47.1 s | grupo 1/3 | 52282515 nodos | revisado 2.9%, faltan ~24 min (Knuth: ~252 días) | máximo colocado 59 de 64 | hilos 12 de 12
    ... 49.1 s | grupo 1/3 | 54676505 nodos | revisado 2.9%, faltan ~26 min (Knuth: ~252 días) | máximo colocado 59 de 64 | hilos 12 de 12
    ... 51.1 s | grupo 1/3 | 57091226 nodos | revisado 2.9%, faltan ~27 min (Knuth: ~252 días) | máximo colocado 59 de 64 | hilos 12 de 12
    ... 53.1 s | grupo 1/3 | 59495013 nodos | revisado 2.9%, faltan ~28 min (Knuth: ~252 días) | máximo colocado 59 de 64 | hilos 12 de 12
    ... 55.1 s | grupo 1/3 | 61872646 nodos | revisado 2.9%, faltan ~29 min (Knuth: ~252 días) | máximo colocado 59 de 64 | hilos 12 de 12
    ... 57.2 s | grupo 1/3 | 64264893 nodos | revisado 2.9%, faltan ~30 min (Knuth: ~252 días) | máximo colocado 59 de 64 | hilos 12 de 12
    ... 59.2 s | grupo 1/3 | 66651041 nodos | revisado 2.9%, faltan ~31 min (Knuth: ~252 días) | máximo colocado 59 de 64 | hilos 12 de 12
    ... 61.2 s | grupo 1/3 | 69051165 nodos | revisado 2.9%, faltan ~32 min (Knuth: ~252 días) | máximo colocado 59 de 64 | hilos 12 de 12
    ... 63.2 s | grupo 1/3 | 71440907 nodos | revisado 2.9%, faltan ~33 min (Knuth: ~252 días) | máximo colocado 59 de 64 | hilos 12 de 12
    ... 65.2 s | grupo 1/3 | 73884754 nodos | revisado 2.9%, faltan ~34 min (Knuth: ~252 días) | máximo colocado 59 de 64 | hilos 12 de 12
    ... 67.2 s | grupo 1/3 | 76299966 nodos | revisado 2.9%, faltan ~36 min (Knuth: ~252 días) | máximo colocado 59 de 64 | hilos 12 de 12
[4] Grupo 1: SOLUCIÓN. Verificación: OK
[5] Tiempo total: 68 s
RESULTADO resuelto=1 ms=68339.7 marcos=0 nodos=77677997 grupos=1/3 hilos=12 t_marcos=0.000 t_interior=65.314 lados=0 unificado=1 max_colocadas=64
