[0] Tablero 8x8, 10 colores, 12 hilos
[1] Esquina fija (3,1). 6 grupos, orden por coste: 1.17e+20 1.18e+20 1.18e+20 1.18e+20 1.18e+20 1.19e+20
    grupo 1, orden menos opciones: estimado 4.04e+13 nodos
    grupo 1, orden interior primero: estimado 9.08e+12 nodos
    grupo 2, orden menos opciones: estimado 4.18e+13 nodos
    grupo 2, orden interior primero: estimado 8.71e+12 nodos
    grupo 3, orden menos opciones: estimado 6.73e+13 nodos
    grupo 3, orden interior primero: estimado 8.81e+12 nodos
    grupo 4, orden menos opciones: estimado 5.3e+13 nodos
    grupo 4, orden interior primero: estimado 1.1e+13 nodos
    grupo 5, orden menos opciones: estimado 6.49e+13 nodos
    grupo 5, orden interior primero: estimado 6.83e+12 nodos
    grupo 6, orden menos opciones: estimado 2.94e+13 nodos
    grupo 6, orden interior primero: estimado 1.29e+13 nodos
[1] Estimado de Knuth por grupo (nodos): 9.08e+12(i) 8.71e+12(i) 8.81e+12(i) 1.1e+13(i) 6.83e+12(i) 2.94e+13   (i) = interior primero
[2] Grupo 1/6: ruta unificada (mapas por lado), orden: interior primero
    ... 5.7 s | grupo 1/6 | 2570739 nodos | revisado 3.7%, faltan ~52 s (Knuth: ~82 días) | máximo colocado 51 de 64 | hilos 12 de 12
    ... 7.7 s | grupo 1/6 | 5118959 nodos | revisado 3.7%, faltan ~104 s (Knuth: ~82 días) | máximo colocado 51 de 64 | hilos 12 de 12
    ... 9.7 s | grupo 1/6 | 7663286 nodos | revisado 3.7%, faltan ~3 min (Knuth: ~83 días) | máximo colocado 51 de 64 | hilos 12 de 12
    ... 11.7 s | grupo 1/6 | 10224811 nodos | revisado 3.7%, faltan ~3 min (Knuth: ~83 días) | máximo colocado 51 de 64 | hilos 12 de 12
    ... 13.7 s | grupo 1/6 | 12772811 nodos | revisado 3.7%, faltan ~4 min (Knuth: ~83 días) | máximo colocado 51 de 64 | hilos 12 de 12
    ... 15.7 s | grupo 1/6 | 15401798 nodos | revisado 3.7%, faltan ~5 min (Knuth: ~82 días) | máximo colocado 51 de 64 | hilos 12 de 12
    ... 17.7 s | grupo 1/6 | 17982950 nodos | revisado 3.7%, faltan ~6 min (Knuth: ~82 días) | máximo colocado 51 de 64 | hilos 12 de 12
    ... 19.8 s | grupo 1/6 | 20605508 nodos | revisado 3.7%, faltan ~7 min (Knuth: ~82 días) | máximo colocado 51 de 64 | hilos 12 de 12
    ... 21.8 s | grupo 1/6 | 23189780 nodos | revisado 3.7%, faltan ~8 min (Knuth: ~82 días) | máximo colocado 51 de 64 | hilos 12 de 12
    ... 23.8 s | grupo 1/6 | 25794976 nodos | revisado 3.7%, faltan ~9 min (Knuth: ~82 días) | máximo colocado 52 de 64 | hilos 12 de 12
    ... 25.8 s | grupo 1/6 | 28407050 nodos | revisado 3.7%, faltan ~10 min (Knuth: ~82 días) | máximo colocado 52 de 64 | hilos 12 de 12
    ... 27.8 s | grupo 1/6 | 31016118 nodos | revisado 3.7%, faltan ~10 min (Knuth: ~82 días) | máximo colocado 52 de 64 | hilos 12 de 12
    ... 29.8 s | grupo 1/6 | 33624140 nodos | revisado 3.7%, faltan ~11 min (Knuth: ~82 días) | máximo colocado 52 de 64 | hilos 12 de 12
    ... 31.8 s | grupo 1/6 | 36229380 nodos | revisado 3.7%, faltan ~12 min (Knuth: ~82 días) | máximo colocado 52 de 64 | hilos 12 de 12
    ... 33.8 s | grupo 1/6 | 38805588 nodos | revisado 3.7%, faltan ~13 min (Knuth: ~82 días) | máximo colocado 52 de 64 | hilos 12 de 12
    ... 35.8 s | grupo 1/6 | 41420011 nodos | revisado 3.7%, faltan ~14 min (Knuth: ~82 días) | máximo colocado 52 de 64 | hilos 12 de 12
    ... 37.9 s | grupo 1/6 | 44002612 nodos | revisado 3.7%, faltan ~15 min (Knuth: ~82 días) | máximo colocado 56 de 64 | hilos 12 de 12
[4] Grupo 1: SOLUCIÓN. Verificación: OK
[5] Tiempo total: 39 s
RESULTADO resuelto=1 ms=39422.6 marcos=0 nodos=46012238 grupos=1/6 hilos=12 t_marcos=0.000 t_interior=35.774 lados=0 unificado=1 max_colocadas=64
