[0] Tablero 8x8, 10 colores, 12 hilos
[1] Esquina fija (1,1). 6 grupos, orden por coste: 1.36e+20 1.36e+20 1.36e+20 1.36e+20 1.36e+20 1.36e+20
    grupo 1, orden menos opciones: estimado 3.1e+12 nodos
    grupo 1, orden interior primero: estimado 1.32e+12 nodos
    grupo 2, orden menos opciones: estimado 1.16e+13 nodos
    grupo 2, orden interior primero: estimado 2.28e+12 nodos
    grupo 3, orden menos opciones: estimado 5.61e+12 nodos
    grupo 3, orden interior primero: estimado 1.08e+12 nodos
    grupo 4, orden menos opciones: estimado 1.06e+13 nodos
    grupo 4, orden interior primero: estimado 1.05e+12 nodos
    grupo 5, orden menos opciones: estimado 1.08e+13 nodos
    grupo 5, orden interior primero: estimado 1.68e+12 nodos
    grupo 6, orden menos opciones: estimado 1.2e+13 nodos
    grupo 6, orden interior primero: estimado 2.81e+12 nodos
[1] Estimado de Knuth por grupo (nodos): 3.1e+12 2.28e+12(i) 1.08e+12(i) 1.05e+12(i) 1.68e+12(i) 2.81e+12(i)   (i) = interior primero
[2] Grupo 1/6: ruta unificada (mapas por lado), orden: casilla con menos opciones
    ... 5.7 s | grupo 1/6 | 2460395 nodos | revisado 1.39e-04%, faltan ~17 días (Knuth: ~29 días) | máximo colocado 49 de 64 | hilos 12 de 12
    ... 7.7 s | grupo 1/6 | 4889433 nodos | revisado 2.84e-04%, faltan ~16 días (Knuth: ~29 días) | máximo colocado 49 de 64 | hilos 12 de 12
    ... 9.7 s | grupo 1/6 | 7323094 nodos | revisado 3.97e-04%, faltan ~18 días (Knuth: ~30 días) | máximo colocado 50 de 64 | hilos 12 de 12
    ... 11.7 s | grupo 1/6 | 9768657 nodos | revisado 5.08e-04%, faltan ~18 días (Knuth: ~30 días) | máximo colocado 51 de 64 | hilos 12 de 12
    ... 13.7 s | grupo 1/6 | 12195005 nodos | revisado 6.02e-04%, faltan ~19 días (Knuth: ~30 días) | máximo colocado 51 de 64 | hilos 12 de 12
    ... 15.7 s | grupo 1/6 | 14628690 nodos | revisado 6.90e-04%, faltan ~20 días (Knuth: ~30 días) | máximo colocado 51 de 64 | hilos 12 de 12
    ... 17.7 s | grupo 1/6 | 17066320 nodos | revisado 8.04e-04%, faltan ~20 días (Knuth: ~30 días) | máximo colocado 51 de 64 | hilos 12 de 12
    ... 19.7 s | grupo 1/6 | 19498239 nodos | revisado 9.47e-04%, faltan ~20 días (Knuth: ~30 días) | máximo colocado 51 de 64 | hilos 12 de 12
    ... 21.7 s | grupo 1/6 | 21917277 nodos | revisado 1.07e-03%, faltan ~20 días (Knuth: ~30 días) | máximo colocado 51 de 64 | hilos 12 de 12
    ... 23.7 s | grupo 1/6 | 24354759 nodos | revisado 1.18e-03%, faltan ~20 días (Knuth: ~30 días) | máximo colocado 51 de 64 | hilos 12 de 12
    ... 25.7 s | grupo 1/6 | 26791352 nodos | revisado 1.26e-03%, faltan ~20 días (Knuth: ~30 días) | máximo colocado 51 de 64 | hilos 12 de 12
    ... 27.8 s | grupo 1/6 | 29249323 nodos | revisado 1.32e-03%, faltan ~21 días (Knuth: ~30 días) | máximo colocado 51 de 64 | hilos 12 de 12
    ... 29.8 s | grupo 1/6 | 31705843 nodos | revisado 1.37e-03%, faltan ~22 días (Knuth: ~30 días) | máximo colocado 52 de 64 | hilos 12 de 12
    ... 31.8 s | grupo 1/6 | 34144691 nodos | revisado 1.52e-03%, faltan ~21 días (Knuth: ~30 días) | máximo colocado 52 de 64 | hilos 12 de 12
    ... 33.8 s | grupo 1/6 | 36591598 nodos | revisado 1.59e-03%, faltan ~22 días (Knuth: ~30 días) | máximo colocado 52 de 64 | hilos 12 de 12
    ... 35.8 s | grupo 1/6 | 39041710 nodos | revisado 1.69e-03%, faltan ~22 días (Knuth: ~30 días) | máximo colocado 52 de 64 | hilos 12 de 12
    ... 37.8 s | grupo 1/6 | 41499582 nodos | revisado 1.80e-03%, faltan ~22 días (Knuth: ~30 días) | máximo colocado 52 de 64 | hilos 12 de 12
    ... 39.8 s | grupo 1/6 | 43951435 nodos | revisado 1.96e-03%, faltan ~21 días (Knuth: ~30 días) | máximo colocado 52 de 64 | hilos 12 de 12
    ... 41.8 s | grupo 1/6 | 46379809 nodos | revisado 2.05e-03%, faltan ~21 días (Knuth: ~30 días) | máximo colocado 52 de 64 | hilos 12 de 12
    ... 43.8 s | grupo 1/6 | 48795879 nodos | revisado 2.09e-03%, faltan ~22 días (Knuth: ~30 días) | máximo colocado 52 de 64 | hilos 12 de 12
    ... 45.8 s | grupo 1/6 | 51204691 nodos | revisado 2.12e-03%, faltan ~23 días (Knuth: ~30 días) | máximo colocado 52 de 64 | hilos 12 de 12
    ... 47.8 s | grupo 1/6 | 53646752 nodos | revisado 2.18e-03%, faltan ~23 días (Knuth: ~30 días) | máximo colocado 52 de 64 | hilos 12 de 12
    ... 49.8 s | grupo 1/6 | 56057771 nodos | revisado 2.21e-03%, faltan ~24 días (Knuth: ~30 días) | máximo colocado 52 de 64 | hilos 12 de 12
    ... 51.8 s | grupo 1/6 | 58497931 nodos | revisado 2.24e-03%, faltan ~25 días (Knuth: ~30 días) | máximo colocado 52 de 64 | hilos 12 de 12
    ... 53.8 s | grupo 1/6 | 60963217 nodos | revisado 2.26e-03%, faltan ~26 días (Knuth: ~30 días) | máximo colocado 52 de 64 | hilos 12 de 12
    ... 55.8 s | grupo 1/6 | 63408507 nodos | revisado 2.30e-03%, faltan ~26 días (Knuth: ~30 días) | máximo colocado 52 de 64 | hilos 12 de 12
    ... 57.9 s | grupo 1/6 | 65858988 nodos | revisado 2.43e-03%, faltan ~26 días (Knuth: ~30 días) | máximo colocado 52 de 64 | hilos 12 de 12
    ... 59.9 s | grupo 1/6 | 68292045 nodos | revisado 2.51e-03%, faltan ~26 días (Knuth: ~30 días) | máximo colocado 52 de 64 | hilos 12 de 12
    ... 61.9 s | grupo 1/6 | 70715193 nodos | revisado 2.63e-03%, faltan ~26 días (Knuth: ~30 días) | máximo colocado 52 de 64 | hilos 12 de 12
    ... 63.9 s | grupo 1/6 | 73129136 nodos | revisado 2.79e-03%, faltan ~25 días (Knuth: ~30 días) | máximo colocado 52 de 64 | hilos 12 de 12
    ... 65.9 s | grupo 1/6 | 75557223 nodos | revisado 2.85e-03%, faltan ~25 días (Knuth: ~30 días) | máximo colocado 52 de 64 | hilos 12 de 12
    ... 67.9 s | grupo 1/6 | 77967566 nodos | revisado 2.92e-03%, faltan ~25 días (Knuth: ~30 días) | máximo colocado 52 de 64 | hilos 12 de 12
    ... 69.9 s | grupo 1/6 | 80407674 nodos | revisado 3.01e-03%, faltan ~25 días (Knuth: ~30 días) | máximo colocado 52 de 64 | hilos 12 de 12
    ... 71.9 s | grupo 1/6 | 82856423 nodos | revisado 3.08e-03%, faltan ~26 días (Knuth: ~30 días) | máximo colocado 52 de 64 | hilos 12 de 12
    ... 73.9 s | grupo 1/6 | 85280212 nodos | revisado 3.12e-03%, faltan ~26 días (Knuth: ~30 días) | máximo colocado 52 de 64 | hilos 12 de 12
    ... 75.9 s | grupo 1/6 | 87695057 nodos | revisado 3.19e-03%, faltan ~26 días (Knuth: ~30 días) | máximo colocado 52 de 64 | hilos 12 de 12
    ... 77.9 s | grupo 1/6 | 90142664 nodos | revisado 3.26e-03%, faltan ~26 días (Knuth: ~30 días) | máximo colocado 52 de 64 | hilos 12 de 12
    ... 79.9 s | grupo 1/6 | 92574982 nodos | revisado 3.34e-03%, faltan ~26 días (Knuth: ~30 días) | máximo colocado 52 de 64 | hilos 12 de 12
    ... 81.9 s | grupo 1/6 | 94999547 nodos | revisado 3.44e-03%, faltan ~26 días (Knuth: ~30 días) | máximo colocado 52 de 64 | hilos 12 de 12
    ... 83.9 s | grupo 1/6 | 97439246 nodos | revisado 3.59e-03%, faltan ~26 días (Knuth: ~30 días) | máximo colocado 52 de 64 | hilos 12 de 12
    ... 85.9 s | grupo 1/6 | 99876085 nodos | revisado 3.90e-03%, faltan ~24 días (Knuth: ~30 días) | máximo colocado 52 de 64 | hilos 12 de 12
    ... 88.0 s | grupo 1/6 | 102315311 nodos | revisado 4.43e-03%, faltan ~22 días (Knuth: ~30 días) | máximo colocado 52 de 64 | hilos 12 de 12
    ... 90.0 s | grupo 1/6 | 104757966 nodos | revisado 4.59e-03%, faltan ~22 días (Knuth: ~30 días) | máximo colocado 52 de 64 | hilos 12 de 12
    ... 92.0 s | grupo 1/6 | 107196851 nodos | revisado 4.97e-03%, faltan ~21 días (Knuth: ~30 días) | máximo colocado 52 de 64 | hilos 12 de 12
    ... 94.0 s | grupo 1/6 | 109638482 nodos | revisado 5.12e-03%, faltan ~20 días (Knuth: ~30 días) | máximo colocado 52 de 64 | hilos 12 de 12
    ... 96.0 s | grupo 1/6 | 112084363 nodos | revisado 5.17e-03%, faltan ~21 días (Knuth: ~30 días) | máximo colocado 52 de 64 | hilos 12 de 12
    ... 98.0 s | grupo 1/6 | 114490463 nodos | revisado 5.24e-03%, faltan ~21 días (Knuth: ~30 días) | máximo colocado 52 de 64 | hilos 12 de 12
    ... 100.0 s | grupo 1/6 | 116908817 nodos | revisado 5.28e-03%, faltan ~21 días (Knuth: ~30 días) | máximo colocado 52 de 64 | hilos 12 de 12
    ... 102.0 s | grupo 1/6 | 119346604 nodos | revisado 5.34e-03%, faltan ~21 días (Knuth: ~30 días) | máximo colocado 53 de 64 | hilos 12 de 12
    ... 104.0 s | grupo 1/6 | 121769952 nodos | revisado 5.49e-03%, faltan ~21 días (Knuth: ~30 días) | máximo colocado 53 de 64 | hilos 12 de 12
    ... 106.0 s | grupo 1/6 | 124210421 nodos | revisado 5.70e-03%, faltan ~21 días (Knuth: ~30 días) | máximo colocado 53 de 64 | hilos 12 de 12
    ... 108.0 s | grupo 1/6 | 126644350 nodos | revisado 5.86e-03%, faltan ~21 días (Knuth: ~30 días) | máximo colocado 53 de 64 | hilos 12 de 12
    ... 110.1 s | grupo 1/6 | 129095743 nodos | revisado 6.00e-03%, faltan ~21 días (Knuth: ~30 días) | máximo colocado 53 de 64 | hilos 12 de 12
    ... 112.1 s | grupo 1/6 | 131536579 nodos | revisado 6.11e-03%, faltan ~21 días (Knuth: ~30 días) | máximo colocado 53 de 64 | hilos 12 de 12
    ... 114.1 s | grupo 1/6 | 133999540 nodos | revisado 6.25e-03%, faltan ~20 días (Knuth: ~30 días) | máximo colocado 53 de 64 | hilos 12 de 12
    ... 116.1 s | grupo 1/6 | 136462758 nodos | revisado 6.34e-03%, faltan ~21 días (Knuth: ~30 días) | máximo colocado 53 de 64 | hilos 12 de 12
    ... 118.1 s | grupo 1/6 | 138886719 nodos | revisado 6.45e-03%, faltan ~21 días (Knuth: ~30 días) | máximo colocado 53 de 64 | hilos 12 de 12
    ... 120.1 s | grupo 1/6 | 141312131 nodos | revisado 6.57e-03%, faltan ~21 días (Knuth: ~30 días) | máximo colocado 53 de 64 | hilos 12 de 12
    ... 122.1 s | grupo 1/6 | 143690374 nodos | revisado 6.70e-03%, faltan ~20 días (Knuth: ~30 días) | máximo colocado 53 de 64 | hilos 12 de 12
    ... 124.1 s | grupo 1/6 | 146101925 nodos | revisado 6.77e-03%, faltan ~21 días (Knuth: ~30 días) | máximo colocado 53 de 64 | hilos 12 de 12
    ... 126.1 s | grupo 1/6 | 148539163 nodos | revisado 6.91e-03%, faltan ~21 días (Knuth: ~30 días) | máximo colocado 53 de 64 | hilos 12 de 12
    ... 128.1 s | grupo 1/6 | 150972256 nodos | revisado 7.02e-03%, faltan ~21 días (Knuth: ~30 días) | máximo colocado 53 de 64 | hilos 12 de 12
    ... 130.2 s | grupo 1/6 | 153399340 nodos | revisado 7.14e-03%, faltan ~21 días (Knuth: ~30 días) | máximo colocado 53 de 64 | hilos 12 de 12
    ... 132.2 s | grupo 1/6 | 155825807 nodos | revisado 7.27e-03%, faltan ~20 días (Knuth: ~30 días) | máximo colocado 53 de 64 | hilos 12 de 12
    ... 134.2 s | grupo 1/6 | 158261400 nodos | revisado 7.37e-03%, faltan ~20 días (Knuth: ~30 días) | máximo colocado 53 de 64 | hilos 12 de 12
    ... 136.2 s | grupo 1/6 | 160682454 nodos | revisado 7.45e-03%, faltan ~21 días (Knuth: ~30 días) | máximo colocado 53 de 64 | hilos 12 de 12
    ... 138.2 s | grupo 1/6 | 163100947 nodos | revisado 7.55e-03%, faltan ~21 días (Knuth: ~30 días) | máximo colocado 53 de 64 | hilos 12 de 12
    ... 140.2 s | grupo 1/6 | 165519866 nodos | revisado 7.65e-03%, faltan ~21 días (Knuth: ~30 días) | máximo colocado 53 de 64 | hilos 12 de 12
    ... 142.2 s | grupo 1/6 | 167947375 nodos | revisado 7.77e-03%, faltan ~21 días (Knuth: ~30 días) | máximo colocado 53 de 64 | hilos 12 de 12
    ... 144.2 s | grupo 1/6 | 170402105 nodos | revisado 7.86e-03%, faltan ~21 días (Knuth: ~30 días) | máximo colocado 53 de 64 | hilos 12 de 12
    ... 146.2 s | grupo 1/6 | 172820759 nodos | revisado 7.92e-03%, faltan ~21 días (Knuth: ~30 días) | máximo colocado 53 de 64 | hilos 12 de 12
    ... 148.2 s | grupo 1/6 | 175255275 nodos | revisado 8.03e-03%, faltan ~21 días (Knuth: ~30 días) | máximo colocado 53 de 64 | hilos 12 de 12
    ... 150.2 s | grupo 1/6 | 177696089 nodos | revisado 8.15e-03%, faltan ~21 días (Knuth: ~30 días) | máximo colocado 53 de 64 | hilos 12 de 12
    ... 152.2 s | grupo 1/6 | 180127054 nodos | revisado 8.22e-03%, faltan ~21 días (Knuth: ~30 días) | máximo colocado 53 de 64 | hilos 12 de 12
    ... 154.2 s | grupo 1/6 | 182554876 nodos | revisado 8.32e-03%, faltan ~21 días (Knuth: ~30 días) | máximo colocado 53 de 64 | hilos 12 de 12
    ... 156.3 s | grupo 1/6 | 184959892 nodos | revisado 8.40e-03%, faltan ~21 días (Knuth: ~30 días) | máximo colocado 53 de 64 | hilos 12 de 12
    ... 158.3 s | grupo 1/6 | 187209807 nodos | revisado 8.51e-03%, faltan ~21 días (Knuth: ~30 días) | máximo colocado 53 de 64 | hilos 12 de 12
    ... 160.3 s | grupo 1/6 | 189438820 nodos | revisado 8.62e-03%, faltan ~21 días (Knuth: ~30 días) | máximo colocado 53 de 64 | hilos 12 de 12
    ... 162.3 s | grupo 1/6 | 191776185 nodos | revisado 8.79e-03%, faltan ~21 días (Knuth: ~30 días) | máximo colocado 53 de 64 | hilos 12 de 12
    ... 164.3 s | grupo 1/6 | 194207892 nodos | revisado 9.01e-03%, faltan ~21 días (Knuth: ~30 días) | máximo colocado 53 de 64 | hilos 12 de 12
    ... 166.3 s | grupo 1/6 | 196579566 nodos | revisado 9.15e-03%, faltan ~21 días (Knuth: ~30 días) | máximo colocado 53 de 64 | hilos 12 de 12
    ... 168.3 s | grupo 1/6 | 198978800 nodos | revisado 9.29e-03%, faltan ~21 días (Knuth: ~30 días) | máximo colocado 53 de 64 | hilos 12 de 12
    ... 170.3 s | grupo 1/6 | 201384260 nodos | revisado 9.39e-03%, faltan ~21 días (Knuth: ~30 días) | máximo colocado 53 de 64 | hilos 12 de 12
    ... 172.3 s | grupo 1/6 | 203793784 nodos | revisado 9.55e-03%, faltan ~20 días (Knuth: ~30 días) | máximo colocado 53 de 64 | hilos 12 de 12
    ... 174.3 s | grupo 1/6 | 206210892 nodos | revisado 9.78e-03%, faltan ~20 días (Knuth: ~30 días) | máximo colocado 53 de 64 | hilos 12 de 12
    ... 176.3 s | grupo 1/6 | 208627981 nodos | revisado 9.89e-03%, faltan ~20 días (Knuth: ~30 días) | máximo colocado 53 de 64 | hilos 12 de 12
    ... 178.3 s | grupo 1/6 | 211071097 nodos | revisado 0.010%, faltan ~20 días (Knuth: ~30 días) | máximo colocado 53 de 64 | hilos 12 de 12
    ... 180.3 s | grupo 1/6 | 213525560 nodos | revisado 0.010%, faltan ~20 días (Knuth: ~30 días) | máximo colocado 53 de 64 | hilos 12 de 12
    ... 182.3 s | grupo 1/6 | 215954009 nodos | revisado 0.010%, faltan ~20 días (Knuth: ~30 días) | máximo colocado 53 de 64 | hilos 12 de 12
    ... 184.3 s | grupo 1/6 | 218387648 nodos | revisado 0.011%, faltan ~20 días (Knuth: ~30 días) | máximo colocado 53 de 64 | hilos 12 de 12
    ... 186.3 s | grupo 1/6 | 220828368 nodos | revisado 0.011%, faltan ~20 días (Knuth: ~30 días) | máximo colocado 53 de 64 | hilos 12 de 12
    ... 188.4 s | grupo 1/6 | 223246324 nodos | revisado 0.011%, faltan ~20 días (Knuth: ~30 días) | máximo colocado 53 de 64 | hilos 12 de 12
    ... 190.4 s | grupo 1/6 | 225660726 nodos | revisado 0.011%, faltan ~20 días (Knuth: ~30 días) | máximo colocado 53 de 64 | hilos 12 de 12
    ... 192.4 s | grupo 1/6 | 228103458 nodos | revisado 0.011%, faltan ~20 días (Knuth: ~30 días) | máximo colocado 53 de 64 | hilos 12 de 12
    ... 194.4 s | grupo 1/6 | 230519264 nodos | revisado 0.011%, faltan ~20 días (Knuth: ~30 días) | máximo colocado 53 de 64 | hilos 12 de 12
    ... 196.4 s | grupo 1/6 | 232961048 nodos | revisado 0.011%, faltan ~20 días (Knuth: ~30 días) | máximo colocado 53 de 64 | hilos 12 de 12
    ... 198.4 s | grupo 1/6 | 235404317 nodos | revisado 0.011%, faltan ~20 días (Knuth: ~30 días) | máximo colocado 53 de 64 | hilos 12 de 12
    ... 200.4 s | grupo 1/6 | 237835023 nodos | revisado 0.011%, faltan ~20 días (Knuth: ~30 días) | máximo colocado 53 de 64 | hilos 12 de 12
    ... 202.4 s | grupo 1/6 | 240250334 nodos | revisado 0.011%, faltan ~20 días (Knuth: ~30 días) | máximo colocado 53 de 64 | hilos 12 de 12
    ... 204.4 s | grupo 1/6 | 242673579 nodos | revisado 0.012%, faltan ~20 días (Knuth: ~30 días) | máximo colocado 53 de 64 | hilos 12 de 12
    ... 206.4 s | grupo 1/6 | 245106668 nodos | revisado 0.012%, faltan ~20 días (Knuth: ~30 días) | máximo colocado 53 de 64 | hilos 12 de 12
    ... 208.4 s | grupo 1/6 | 247524446 nodos | revisado 0.012%, faltan ~20 días (Knuth: ~30 días) | máximo colocado 53 de 64 | hilos 12 de 12
    ... 210.4 s | grupo 1/6 | 249939979 nodos | revisado 0.012%, faltan ~20 días (Knuth: ~30 días) | máximo colocado 53 de 64 | hilos 12 de 12
    ... 212.4 s | grupo 1/6 | 252344241 nodos | revisado 0.012%, faltan ~20 días (Knuth: ~30 días) | máximo colocado 53 de 64 | hilos 12 de 12
    ... 214.4 s | grupo 1/6 | 254769739 nodos | revisado 0.012%, faltan ~20 días (Knuth: ~30 días) | máximo colocado 53 de 64 | hilos 12 de 12
    ... 216.4 s | grupo 1/6 | 257197883 nodos | revisado 0.012%, faltan ~20 días (Knuth: ~30 días) | máximo colocado 53 de 64 | hilos 12 de 12
    ... 218.4 s | grupo 1/6 | 259621036 nodos | revisado 0.012%, faltan ~20 días (Knuth: ~30 días) | máximo colocado 53 de 64 | hilos 12 de 12
    ... 220.5 s | grupo 1/6 | 262056975 nodos | revisado 0.012%, faltan ~20 días (Knuth: ~30 días) | máximo colocado 53 de 64 | hilos 12 de 12
    ... 222.5 s | grupo 1/6 | 264486496 nodos | revisado 0.012%, faltan ~20 días (Knuth: ~30 días) | máximo colocado 53 de 64 | hilos 12 de 12
    ... 224.5 s | grupo 1/6 | 266926747 nodos | revisado 0.013%, faltan ~20 días (Knuth: ~30 días) | máximo colocado 53 de 64 | hilos 12 de 12
    ... 226.5 s | grupo 1/6 | 269275345 nodos | revisado 0.013%, faltan ~20 días (Knuth: ~30 días) | máximo colocado 53 de 64 | hilos 12 de 12
    ... 228.5 s | grupo 1/6 | 271645877 nodos | revisado 0.013%, faltan ~20 días (Knuth: ~30 días) | máximo colocado 53 de 64 | hilos 12 de 12
    ... 230.5 s | grupo 1/6 | 274071196 nodos | revisado 0.013%, faltan ~20 días (Knuth: ~30 días) | máximo colocado 53 de 64 | hilos 12 de 12
    ... 232.5 s | grupo 1/6 | 276447514 nodos | revisado 0.013%, faltan ~20 días (Knuth: ~30 días) | máximo colocado 53 de 64 | hilos 12 de 12
    ... 234.5 s | grupo 1/6 | 278782102 nodos | revisado 0.014%, faltan ~20 días (Knuth: ~30 días) | máximo colocado 53 de 64 | hilos 12 de 12
    ... 236.5 s | grupo 1/6 | 280956375 nodos | revisado 0.014%, faltan ~20 días (Knuth: ~30 días) | máximo colocado 53 de 64 | hilos 12 de 12
    ... 238.5 s | grupo 1/6 | 283154086 nodos | revisado 0.014%, faltan ~20 días (Knuth: ~30 días) | máximo colocado 53 de 64 | hilos 12 de 12
    ... 240.6 s | grupo 1/6 | 285427811 nodos | revisado 0.014%, faltan ~20 días (Knuth: ~30 días) | máximo colocado 53 de 64 | hilos 12 de 12
    ... 242.6 s | grupo 1/6 | 287708520 nodos | revisado 0.014%, faltan ~20 días (Knuth: ~30 días) | máximo colocado 53 de 64 | hilos 12 de 12
    ... 244.6 s | grupo 1/6 | 290054805 nodos | revisado 0.014%, faltan ~20 días (Knuth: ~30 días) | máximo colocado 53 de 64 | hilos 12 de 12
    ... 246.6 s | grupo 1/6 | 292343400 nodos | revisado 0.014%, faltan ~20 días (Knuth: ~30 días) | máximo colocado 53 de 64 | hilos 12 de 12
    ... 248.6 s | grupo 1/6 | 294645263 nodos | revisado 0.014%, faltan ~20 días (Knuth: ~30 días) | máximo colocado 53 de 64 | hilos 12 de 12
    ... 250.6 s | grupo 1/6 | 297029788 nodos | revisado 0.014%, faltan ~20 días (Knuth: ~30 días) | máximo colocado 53 de 64 | hilos 12 de 12
    ... 252.6 s | grupo 1/6 | 299257918 nodos | revisado 0.014%, faltan ~20 días (Knuth: ~30 días) | máximo colocado 53 de 64 | hilos 12 de 12
    ... 254.6 s | grupo 1/6 | 301614268 nodos | revisado 0.014%, faltan ~20 días (Knuth: ~30 días) | máximo colocado 53 de 64 | hilos 12 de 12
    ... 256.6 s | grupo 1/6 | 303991192 nodos | revisado 0.014%, faltan ~20 días (Knuth: ~30 días) | máximo colocado 53 de 64 | hilos 12 de 12
    ... 258.7 s | grupo 1/6 | 306403240 nodos | revisado 0.015%, faltan ~20 días (Knuth: ~30 días) | máximo colocado 53 de 64 | hilos 12 de 12
    ... 260.7 s | grupo 1/6 | 308801640 nodos | revisado 0.015%, faltan ~20 días (Knuth: ~30 días) | máximo colocado 53 de 64 | hilos 12 de 12
    ... 262.7 s | grupo 1/6 | 311129705 nodos | revisado 0.015%, faltan ~20 días (Knuth: ~30 días) | máximo colocado 53 de 64 | hilos 12 de 12
    ... 264.7 s | grupo 1/6 | 313438309 nodos | revisado 0.015%, faltan ~20 días (Knuth: ~30 días) | máximo colocado 53 de 64 | hilos 12 de 12
    ... 266.7 s | grupo 1/6 | 315752453 nodos | revisado 0.015%, faltan ~20 días (Knuth: ~30 días) | máximo colocado 53 de 64 | hilos 12 de 12
    ... 268.7 s | grupo 1/6 | 318089779 nodos | revisado 0.015%, faltan ~20 días (Knuth: ~30 días) | máximo colocado 53 de 64 | hilos 12 de 12
    ... 270.7 s | grupo 1/6 | 320494470 nodos | revisado 0.015%, faltan ~20 días (Knuth: ~30 días) | máximo colocado 53 de 64 | hilos 12 de 12
    ... 272.7 s | grupo 1/6 | 322864258 nodos | revisado 0.015%, faltan ~20 días (Knuth: ~30 días) | máximo colocado 53 de 64 | hilos 12 de 12
    ... 274.7 s | grupo 1/6 | 325190760 nodos | revisado 0.016%, faltan ~19 días (Knuth: ~30 días) | máximo colocado 53 de 64 | hilos 12 de 12
    ... 276.7 s | grupo 1/6 | 327614237 nodos | revisado 0.016%, faltan ~19 días (Knuth: ~30 días) | máximo colocado 53 de 64 | hilos 12 de 12
    ... 278.7 s | grupo 1/6 | 330059784 nodos | revisado 0.017%, faltan ~19 días (Knuth: ~30 días) | máximo colocado 53 de 64 | hilos 12 de 12
    ... 280.8 s | grupo 1/6 | 332465971 nodos | revisado 0.017%, faltan ~19 días (Knuth: ~30 días) | máximo colocado 53 de 64 | hilos 12 de 12
    ... 282.8 s | grupo 1/6 | 334880298 nodos | revisado 0.017%, faltan ~19 días (Knuth: ~30 días) | máximo colocado 53 de 64 | hilos 12 de 12
    ... 284.8 s | grupo 1/6 | 337216060 nodos | revisado 0.017%, faltan ~19 días (Knuth: ~30 días) | máximo colocado 53 de 64 | hilos 12 de 12
    ... 286.8 s | grupo 1/6 | 339586538 nodos | revisado 0.018%, faltan ~18 días (Knuth: ~30 días) | máximo colocado 53 de 64 | hilos 12 de 12
    ... 288.8 s | grupo 1/6 | 341990768 nodos | revisado 0.018%, faltan ~18 días (Knuth: ~30 días) | máximo colocado 53 de 64 | hilos 12 de 12
    ... 290.8 s | grupo 1/6 | 344341864 nodos | revisado 0.018%, faltan ~18 días (Knuth: ~30 días) | máximo colocado 53 de 64 | hilos 12 de 12
    ... 292.8 s | grupo 1/6 | 346778221 nodos | revisado 0.019%, faltan ~18 días (Knuth: ~30 días) | máximo colocado 53 de 64 | hilos 12 de 12
    ... 294.8 s | grupo 1/6 | 349157737 nodos | revisado 0.019%, faltan ~17 días (Knuth: ~30 días) | máximo colocado 53 de 64 | hilos 12 de 12
    ... 296.8 s | grupo 1/6 | 351550639 nodos | revisado 0.020%, faltan ~17 días (Knuth: ~30 días) | máximo colocado 53 de 64 | hilos 12 de 12
    ... 298.8 s | grupo 1/6 | 353979253 nodos | revisado 0.020%, faltan ~17 días (Knuth: ~30 días) | máximo colocado 53 de 64 | hilos 12 de 12
[4] Grupo 1: cortado por límite de tiempo
[5] Tiempo total: 5 min
RESULTADO resuelto=0 ms=300016.7 marcos=0 nodos=355320832 grupos=1/6 hilos=12 t_marcos=0.000 t_interior=296.367 lados=0 unificado=1 max_colocadas=53 motivo=limite
