[0] Tablero 8x8, 11 colores, 12 hilos
[1] Esquina fija (4,1). 6 grupos, orden por coste: 2.17e+16 2.17e+16 2.17e+16 2.17e+16 2.17e+16 2.17e+16
    grupo 1, orden menos opciones: estimado 5.59e+10 nodos
    grupo 1, orden interior primero: estimado 2.21e+11 nodos
    grupo 2, orden menos opciones: estimado 4.17e+10 nodos
    grupo 2, orden interior primero: estimado 1.21e+11 nodos
    grupo 3, orden menos opciones: estimado 5.11e+10 nodos
    grupo 3, orden interior primero: estimado 1.66e+11 nodos
    grupo 4, orden menos opciones: estimado 8.93e+10 nodos
    grupo 4, orden interior primero: estimado 4.42e+11 nodos
    grupo 5, orden menos opciones: estimado 5.46e+10 nodos
    grupo 5, orden interior primero: estimado 3.22e+11 nodos
    grupo 6, orden menos opciones: estimado 5.4e+10 nodos
    grupo 6, orden interior primero: estimado 3.25e+11 nodos
[1] Estimado de Knuth por grupo (nodos): 5.59e+10 4.17e+10 5.11e+10 8.93e+10 5.46e+10 5.4e+10   (i) = interior primero
[2] Grupo 1/6: ruta unificada (mapas por lado), orden: casilla con menos opciones
    ... 5.7 s | grupo 1/6 | 2299410 nodos | revisado 6.20e-03%, faltan ~9.0 h (Knuth: ~13.6 h) | máximo colocado 52 de 64 | hilos 12 de 12
    ... 7.7 s | grupo 1/6 | 4502836 nodos | revisado 9.20e-03%, faltan ~12.2 h (Knuth: ~13.9 h) | máximo colocado 54 de 64 | hilos 12 de 12
    ... 9.7 s | grupo 1/6 | 6794306 nodos | revisado 0.012%, faltan ~14.4 h (Knuth: ~13.8 h) | máximo colocado 58 de 64 | hilos 12 de 12
    ... 11.7 s | grupo 1/6 | 9084379 nodos | revisado 0.014%, faltan ~15.7 h (Knuth: ~13.7 h) | máximo colocado 58 de 64 | hilos 12 de 12
    ... 13.7 s | grupo 1/6 | 11347639 nodos | revisado 0.017%, faltan ~16.1 h (Knuth: ~13.7 h) | máximo colocado 58 de 64 | hilos 12 de 12
    ... 15.7 s | grupo 1/6 | 13707409 nodos | revisado 0.023%, faltan ~14.4 h (Knuth: ~13.6 h) | máximo colocado 58 de 64 | hilos 12 de 12
    ... 17.7 s | grupo 1/6 | 16100244 nodos | revisado 0.028%, faltan ~13.7 h (Knuth: ~13.5 h) | máximo colocado 58 de 64 | hilos 12 de 12
    ... 19.7 s | grupo 1/6 | 18493275 nodos | revisado 0.039%, faltan ~11.4 h (Knuth: ~13.5 h) | máximo colocado 58 de 64 | hilos 12 de 12
    ... 21.7 s | grupo 1/6 | 20889770 nodos | revisado 0.044%, faltan ~11.4 h (Knuth: ~13.4 h) | máximo colocado 58 de 64 | hilos 12 de 12
    ... 23.7 s | grupo 1/6 | 23261658 nodos | revisado 0.050%, faltan ~11.2 h (Knuth: ~13.4 h) | máximo colocado 58 de 64 | hilos 12 de 12
    ... 25.8 s | grupo 1/6 | 25643444 nodos | revisado 0.059%, faltan ~10.5 h (Knuth: ~13.4 h) | máximo colocado 58 de 64 | hilos 12 de 12
    ... 27.8 s | grupo 1/6 | 28020318 nodos | revisado 0.070%, faltan ~9.6 h (Knuth: ~13.3 h) | máximo colocado 58 de 64 | hilos 12 de 12
    ... 29.8 s | grupo 1/6 | 30387898 nodos | revisado 0.075%, faltan ~9.6 h (Knuth: ~13.3 h) | máximo colocado 58 de 64 | hilos 12 de 12
    ... 31.8 s | grupo 1/6 | 32775458 nodos | revisado 0.086%, faltan ~9.1 h (Knuth: ~13.3 h) | máximo colocado 58 de 64 | hilos 12 de 12
    ... 33.8 s | grupo 1/6 | 35152439 nodos | revisado 0.099%, faltan ~8.4 h (Knuth: ~13.3 h) | máximo colocado 58 de 64 | hilos 12 de 12
    ... 35.8 s | grupo 1/6 | 37518629 nodos | revisado 0.103%, faltan ~8.7 h (Knuth: ~13.3 h) | máximo colocado 58 de 64 | hilos 12 de 12
    ... 37.8 s | grupo 1/6 | 39891648 nodos | revisado 0.114%, faltan ~8.3 h (Knuth: ~13.3 h) | máximo colocado 58 de 64 | hilos 12 de 12
    ... 39.8 s | grupo 1/6 | 42281409 nodos | revisado 0.118%, faltan ~8.5 h (Knuth: ~13.3 h) | máximo colocado 58 de 64 | hilos 12 de 12
    ... 41.8 s | grupo 1/6 | 44688870 nodos | revisado 0.129%, faltan ~8.2 h (Knuth: ~13.2 h) | máximo colocado 58 de 64 | hilos 12 de 12
    ... 43.8 s | grupo 1/6 | 47058876 nodos | revisado 0.133%, faltan ~8.4 h (Knuth: ~13.2 h) | máximo colocado 58 de 64 | hilos 12 de 12
    ... 45.8 s | grupo 1/6 | 49457033 nodos | revisado 0.136%, faltan ~8.6 h (Knuth: ~13.2 h) | máximo colocado 58 de 64 | hilos 12 de 12
    ... 47.9 s | grupo 1/6 | 51871458 nodos | revisado 0.146%, faltan ~8.4 h (Knuth: ~13.2 h) | máximo colocado 58 de 64 | hilos 12 de 12
    ... 49.9 s | grupo 1/6 | 54251881 nodos | revisado 0.150%, faltan ~8.5 h (Knuth: ~13.2 h) | máximo colocado 58 de 64 | hilos 12 de 12
    ... 51.9 s | grupo 1/6 | 56607881 nodos | revisado 0.153%, faltan ~8.7 h (Knuth: ~13.2 h) | máximo colocado 58 de 64 | hilos 12 de 12
    ... 53.9 s | grupo 1/6 | 58970956 nodos | revisado 0.164%, faltan ~8.5 h (Knuth: ~13.2 h) | máximo colocado 58 de 64 | hilos 12 de 12
    ... 55.9 s | grupo 1/6 | 61296531 nodos | revisado 0.168%, faltan ~8.6 h (Knuth: ~13.2 h) | máximo colocado 58 de 64 | hilos 12 de 12
    ... 57.9 s | grupo 1/6 | 63637655 nodos | revisado 0.172%, faltan ~8.8 h (Knuth: ~13.2 h) | máximo colocado 58 de 64 | hilos 12 de 12
    ... 59.9 s | grupo 1/6 | 65994677 nodos | revisado 0.180%, faltan ~8.7 h (Knuth: ~13.2 h) | máximo colocado 58 de 64 | hilos 12 de 12
    ... 61.9 s | grupo 1/6 | 68368287 nodos | revisado 0.183%, faltan ~8.8 h (Knuth: ~13.2 h) | máximo colocado 58 de 64 | hilos 12 de 12
    ... 63.9 s | grupo 1/6 | 70783462 nodos | revisado 0.186%, faltan ~9.0 h (Knuth: ~13.2 h) | máximo colocado 58 de 64 | hilos 12 de 12
    ... 66.0 s | grupo 1/6 | 73170808 nodos | revisado 0.190%, faltan ~9.1 h (Knuth: ~13.2 h) | máximo colocado 58 de 64 | hilos 12 de 12
    ... 68.0 s | grupo 1/6 | 75524135 nodos | revisado 0.192%, faltan ~9.3 h (Knuth: ~13.2 h) | máximo colocado 58 de 64 | hilos 12 de 12
    ... 70.0 s | grupo 1/6 | 77906277 nodos | revisado 0.195%, faltan ~9.4 h (Knuth: ~13.2 h) | máximo colocado 58 de 64 | hilos 12 de 12
    ... 72.0 s | grupo 1/6 | 80270284 nodos | revisado 0.200%, faltan ~9.5 h (Knuth: ~13.2 h) | máximo colocado 58 de 64 | hilos 12 de 12
    ... 74.0 s | grupo 1/6 | 82677989 nodos | revisado 0.205%, faltan ~9.5 h (Knuth: ~13.2 h) | máximo colocado 58 de 64 | hilos 12 de 12
    ... 76.0 s | grupo 1/6 | 85029059 nodos | revisado 0.208%, faltan ~9.6 h (Knuth: ~13.2 h) | máximo colocado 58 de 64 | hilos 12 de 12
    ... 78.0 s | grupo 1/6 | 87388224 nodos | revisado 0.213%, faltan ~9.7 h (Knuth: ~13.2 h) | máximo colocado 58 de 64 | hilos 12 de 12
    ... 80.0 s | grupo 1/6 | 89754731 nodos | revisado 0.217%, faltan ~9.8 h (Knuth: ~13.2 h) | máximo colocado 58 de 64 | hilos 12 de 12
    ... 82.0 s | grupo 1/6 | 92108443 nodos | revisado 0.219%, faltan ~9.9 h (Knuth: ~13.2 h) | máximo colocado 58 de 64 | hilos 12 de 12
    ... 84.1 s | grupo 1/6 | 94464122 nodos | revisado 0.221%, faltan ~10.1 h (Knuth: ~13.2 h) | máximo colocado 58 de 64 | hilos 12 de 12
    ... 86.1 s | grupo 1/6 | 96783577 nodos | revisado 0.224%, faltan ~10.2 h (Knuth: ~13.2 h) | máximo colocado 58 de 64 | hilos 12 de 12
    ... 88.1 s | grupo 1/6 | 99170370 nodos | revisado 0.227%, faltan ~10.3 h (Knuth: ~13.2 h) | máximo colocado 58 de 64 | hilos 12 de 12
    ... 90.1 s | grupo 1/6 | 101541409 nodos | revisado 0.231%, faltan ~10.4 h (Knuth: ~13.2 h) | máximo colocado 58 de 64 | hilos 12 de 12
    ... 92.1 s | grupo 1/6 | 103900344 nodos | revisado 0.234%, faltan ~10.5 h (Knuth: ~13.2 h) | máximo colocado 58 de 64 | hilos 12 de 12
    ... 94.1 s | grupo 1/6 | 106254354 nodos | revisado 0.240%, faltan ~10.5 h (Knuth: ~13.2 h) | máximo colocado 58 de 64 | hilos 12 de 12
    ... 96.1 s | grupo 1/6 | 108576899 nodos | revisado 0.242%, faltan ~10.6 h (Knuth: ~13.2 h) | máximo colocado 58 de 64 | hilos 12 de 12
    ... 98.1 s | grupo 1/6 | 110908162 nodos | revisado 0.244%, faltan ~10.7 h (Knuth: ~13.2 h) | máximo colocado 58 de 64 | hilos 12 de 12
    ... 100.1 s | grupo 1/6 | 113250617 nodos | revisado 0.245%, faltan ~10.9 h (Knuth: ~13.2 h) | máximo colocado 58 de 64 | hilos 12 de 12
    ... 102.1 s | grupo 1/6 | 115576898 nodos | revisado 0.248%, faltan ~11.0 h (Knuth: ~13.2 h) | máximo colocado 58 de 64 | hilos 12 de 12
    ... 104.1 s | grupo 1/6 | 117907749 nodos | revisado 0.253%, faltan ~11.0 h (Knuth: ~13.2 h) | máximo colocado 58 de 64 | hilos 12 de 12
    ... 106.2 s | grupo 1/6 | 120239638 nodos | revisado 0.256%, faltan ~11.1 h (Knuth: ~13.2 h) | máximo colocado 58 de 64 | hilos 12 de 12
    ... 108.2 s | grupo 1/6 | 122570577 nodos | revisado 0.260%, faltan ~11.1 h (Knuth: ~13.2 h) | máximo colocado 58 de 64 | hilos 12 de 12
    ... 110.2 s | grupo 1/6 | 124919172 nodos | revisado 0.263%, faltan ~11.2 h (Knuth: ~13.2 h) | máximo colocado 58 de 64 | hilos 12 de 12
    ... 112.2 s | grupo 1/6 | 127265857 nodos | revisado 0.269%, faltan ~11.2 h (Knuth: ~13.2 h) | máximo colocado 58 de 64 | hilos 12 de 12
    ... 114.2 s | grupo 1/6 | 129562419 nodos | revisado 0.271%, faltan ~11.3 h (Knuth: ~13.2 h) | máximo colocado 58 de 64 | hilos 12 de 12
    ... 116.2 s | grupo 1/6 | 131886118 nodos | revisado 0.274%, faltan ~11.4 h (Knuth: ~13.2 h) | máximo colocado 58 de 64 | hilos 12 de 12
    ... 118.2 s | grupo 1/6 | 134224036 nodos | revisado 0.276%, faltan ~11.5 h (Knuth: ~13.2 h) | máximo colocado 58 de 64 | hilos 12 de 12
    ... 120.2 s | grupo 1/6 | 136570394 nodos | revisado 0.279%, faltan ~11.6 h (Knuth: ~13.2 h) | máximo colocado 58 de 64 | hilos 12 de 12
    ... 122.2 s | grupo 1/6 | 138929214 nodos | revisado 0.281%, faltan ~11.7 h (Knuth: ~13.2 h) | máximo colocado 58 de 64 | hilos 12 de 12
    ... 124.2 s | grupo 1/6 | 141296623 nodos | revisado 0.283%, faltan ~11.8 h (Knuth: ~13.2 h) | máximo colocado 58 de 64 | hilos 12 de 12
    ... 126.2 s | grupo 1/6 | 143674114 nodos | revisado 0.285%, faltan ~11.9 h (Knuth: ~13.2 h) | máximo colocado 58 de 64 | hilos 12 de 12
    ... 128.3 s | grupo 1/6 | 146009503 nodos | revisado 0.290%, faltan ~11.9 h (Knuth: ~13.2 h) | máximo colocado 58 de 64 | hilos 12 de 12
    ... 130.3 s | grupo 1/6 | 148354045 nodos | revisado 0.292%, faltan ~12.0 h (Knuth: ~13.2 h) | máximo colocado 58 de 64 | hilos 12 de 12
    ... 132.3 s | grupo 1/6 | 150700428 nodos | revisado 0.295%, faltan ~12.1 h (Knuth: ~13.2 h) | máximo colocado 58 de 64 | hilos 12 de 12
    ... 134.3 s | grupo 1/6 | 153050932 nodos | revisado 0.300%, faltan ~12.0 h (Knuth: ~13.2 h) | máximo colocado 58 de 64 | hilos 12 de 12
    ... 136.3 s | grupo 1/6 | 155436721 nodos | revisado 0.311%, faltan ~11.8 h (Knuth: ~13.2 h) | máximo colocado 58 de 64 | hilos 12 de 12
    ... 138.3 s | grupo 1/6 | 157820729 nodos | revisado 0.321%, faltan ~11.6 h (Knuth: ~13.2 h) | máximo colocado 58 de 64 | hilos 12 de 12
    ... 140.3 s | grupo 1/6 | 160216540 nodos | revisado 0.324%, faltan ~11.7 h (Knuth: ~13.2 h) | máximo colocado 58 de 64 | hilos 12 de 12
    ... 142.3 s | grupo 1/6 | 162621258 nodos | revisado 0.328%, faltan ~11.7 h (Knuth: ~13.2 h) | máximo colocado 58 de 64 | hilos 12 de 12
    ... 144.3 s | grupo 1/6 | 165030717 nodos | revisado 0.332%, faltan ~11.7 h (Knuth: ~13.2 h) | máximo colocado 58 de 64 | hilos 12 de 12
    ... 146.3 s | grupo 1/6 | 167395248 nodos | revisado 0.335%, faltan ~11.8 h (Knuth: ~13.2 h) | máximo colocado 58 de 64 | hilos 12 de 12
[4] Grupo 1: SOLUCIÓN. Verificación: OK
[5] Tiempo total: 2 min
RESULTADO resuelto=1 ms=147738.1 marcos=0 nodos=169061908 grupos=1/6 hilos=12 t_marcos=0.000 t_interior=144.054 lados=0 unificado=1 max_colocadas=64
