[0] Tablero 8x8, 11 colores, 12 hilos
[1] Esquina fija (1,2). 6 grupos, orden por coste: 1.83e+17 1.83e+17 1.84e+17 1.84e+17 1.84e+17 1.84e+17
    grupo 1, orden menos opciones: estimado 2.19e+12 nodos
    grupo 1, orden interior primero: estimado 1.74e+12 nodos
    grupo 2, orden menos opciones: estimado 1.97e+12 nodos
    grupo 2, orden interior primero: estimado 2.07e+12 nodos
    grupo 3, orden menos opciones: estimado 1.93e+12 nodos
    grupo 3, orden interior primero: estimado 2.24e+12 nodos
    grupo 4, orden menos opciones: estimado 1.61e+12 nodos
    grupo 4, orden interior primero: estimado 3.65e+12 nodos
    grupo 5, orden menos opciones: estimado 1.84e+12 nodos
    grupo 5, orden interior primero: estimado 1.51e+12 nodos
    grupo 6, orden menos opciones: estimado 2.08e+12 nodos
    grupo 6, orden interior primero: estimado 1.66e+12 nodos
[1] Estimado de Knuth por grupo (nodos): 2.19e+12 1.97e+12 1.93e+12 1.61e+12 1.84e+12 2.08e+12   (i) = interior primero
[2] Grupo 1/6: ruta unificada (mapas por lado), orden: casilla con menos opciones
    ... 5.7 s | grupo 1/6 | 2475399 nodos | revisado 6.13e-04%, faltan ~4 días (Knuth: ~20 días) | máximo colocado 51 de 64 | hilos 12 de 12
    ... 7.7 s | grupo 1/6 | 4943318 nodos | revisado 1.41e-03%, faltan ~3 días (Knuth: ~21 días) | máximo colocado 52 de 64 | hilos 12 de 12
    ... 9.7 s | grupo 1/6 | 7414024 nodos | revisado 1.99e-03%, faltan ~3 días (Knuth: ~21 días) | máximo colocado 52 de 64 | hilos 12 de 12
    ... 11.7 s | grupo 1/6 | 9872930 nodos | revisado 2.49e-03%, faltan ~4 días (Knuth: ~21 días) | máximo colocado 52 de 64 | hilos 12 de 12
    ... 13.7 s | grupo 1/6 | 12323856 nodos | revisado 3.06e-03%, faltan ~4 días (Knuth: ~21 días) | máximo colocado 52 de 64 | hilos 12 de 12
    ... 15.7 s | grupo 1/6 | 14804563 nodos | revisado 3.74e-03%, faltan ~4 días (Knuth: ~21 días) | máximo colocado 52 de 64 | hilos 12 de 12
    ... 17.7 s | grupo 1/6 | 17276701 nodos | revisado 4.38e-03%, faltan ~4 días (Knuth: ~21 días) | máximo colocado 52 de 64 | hilos 12 de 12
    ... 19.7 s | grupo 1/6 | 19762115 nodos | revisado 5.11e-03%, faltan ~4 días (Knuth: ~21 días) | máximo colocado 52 de 64 | hilos 12 de 12
    ... 21.7 s | grupo 1/6 | 22223666 nodos | revisado 5.47e-03%, faltan ~4 días (Knuth: ~21 días) | máximo colocado 52 de 64 | hilos 12 de 12
    ... 23.7 s | grupo 1/6 | 24670644 nodos | revisado 5.87e-03%, faltan ~4 días (Knuth: ~21 días) | máximo colocado 52 de 64 | hilos 12 de 12
    ... 25.7 s | grupo 1/6 | 27124011 nodos | revisado 6.50e-03%, faltan ~4 días (Knuth: ~21 días) | máximo colocado 52 de 64 | hilos 12 de 12
    ... 27.7 s | grupo 1/6 | 29539223 nodos | revisado 7.06e-03%, faltan ~4 días (Knuth: ~21 días) | máximo colocado 53 de 64 | hilos 12 de 12
    ... 29.7 s | grupo 1/6 | 31961831 nodos | revisado 7.48e-03%, faltan ~4 días (Knuth: ~21 días) | máximo colocado 53 de 64 | hilos 12 de 12
    ... 31.8 s | grupo 1/6 | 34434500 nodos | revisado 7.88e-03%, faltan ~4 días (Knuth: ~21 días) | máximo colocado 53 de 64 | hilos 12 de 12
    ... 33.8 s | grupo 1/6 | 36899331 nodos | revisado 8.23e-03%, faltan ~4 días (Knuth: ~21 días) | máximo colocado 53 de 64 | hilos 12 de 12
    ... 35.8 s | grupo 1/6 | 39357034 nodos | revisado 8.60e-03%, faltan ~4 días (Knuth: ~21 días) | máximo colocado 53 de 64 | hilos 12 de 12
    ... 37.8 s | grupo 1/6 | 41780326 nodos | revisado 8.90e-03%, faltan ~4 días (Knuth: ~21 días) | máximo colocado 53 de 64 | hilos 12 de 12
    ... 39.8 s | grupo 1/6 | 44229203 nodos | revisado 9.16e-03%, faltan ~5 días (Knuth: ~21 días) | máximo colocado 53 de 64 | hilos 12 de 12
    ... 41.8 s | grupo 1/6 | 46691413 nodos | revisado 9.34e-03%, faltan ~5 días (Knuth: ~21 días) | máximo colocado 53 de 64 | hilos 12 de 12
    ... 43.8 s | grupo 1/6 | 49097233 nodos | revisado 9.57e-03%, faltan ~5 días (Knuth: ~21 días) | máximo colocado 53 de 64 | hilos 12 de 12
    ... 45.8 s | grupo 1/6 | 51517481 nodos | revisado 9.87e-03%, faltan ~5 días (Knuth: ~21 días) | máximo colocado 53 de 64 | hilos 12 de 12
    ... 47.8 s | grupo 1/6 | 53929323 nodos | revisado 0.010%, faltan ~5 días (Knuth: ~21 días) | máximo colocado 53 de 64 | hilos 12 de 12
    ... 49.8 s | grupo 1/6 | 56359051 nodos | revisado 0.010%, faltan ~5 días (Knuth: ~21 días) | máximo colocado 53 de 64 | hilos 12 de 12
    ... 51.8 s | grupo 1/6 | 58788974 nodos | revisado 0.011%, faltan ~5 días (Knuth: ~21 días) | máximo colocado 53 de 64 | hilos 12 de 12
    ... 53.9 s | grupo 1/6 | 61232699 nodos | revisado 0.011%, faltan ~5 días (Knuth: ~21 días) | máximo colocado 53 de 64 | hilos 12 de 12
    ... 55.9 s | grupo 1/6 | 63699461 nodos | revisado 0.011%, faltan ~5 días (Knuth: ~21 días) | máximo colocado 53 de 64 | hilos 12 de 12
    ... 57.9 s | grupo 1/6 | 66116911 nodos | revisado 0.012%, faltan ~5 días (Knuth: ~21 días) | máximo colocado 53 de 64 | hilos 12 de 12
    ... 59.9 s | grupo 1/6 | 68546795 nodos | revisado 0.012%, faltan ~6 días (Knuth: ~21 días) | máximo colocado 53 de 64 | hilos 12 de 12
    ... 61.9 s | grupo 1/6 | 70934097 nodos | revisado 0.012%, faltan ~6 días (Knuth: ~21 días) | máximo colocado 54 de 64 | hilos 12 de 12
    ... 63.9 s | grupo 1/6 | 73363233 nodos | revisado 0.012%, faltan ~6 días (Knuth: ~21 días) | máximo colocado 54 de 64 | hilos 12 de 12
    ... 65.9 s | grupo 1/6 | 75787959 nodos | revisado 0.012%, faltan ~6 días (Knuth: ~21 días) | máximo colocado 54 de 64 | hilos 12 de 12
    ... 67.9 s | grupo 1/6 | 78216455 nodos | revisado 0.013%, faltan ~6 días (Knuth: ~21 días) | máximo colocado 54 de 64 | hilos 12 de 12
    ... 69.9 s | grupo 1/6 | 80684881 nodos | revisado 0.013%, faltan ~6 días (Knuth: ~21 días) | máximo colocado 54 de 64 | hilos 12 de 12
    ... 71.9 s | grupo 1/6 | 83161551 nodos | revisado 0.013%, faltan ~6 días (Knuth: ~21 días) | máximo colocado 54 de 64 | hilos 12 de 12
    ... 73.9 s | grupo 1/6 | 85607060 nodos | revisado 0.014%, faltan ~6 días (Knuth: ~21 días) | máximo colocado 54 de 64 | hilos 12 de 12
    ... 75.9 s | grupo 1/6 | 88072342 nodos | revisado 0.014%, faltan ~6 días (Knuth: ~21 días) | máximo colocado 54 de 64 | hilos 12 de 12
    ... 77.9 s | grupo 1/6 | 90525223 nodos | revisado 0.015%, faltan ~6 días (Knuth: ~21 días) | máximo colocado 54 de 64 | hilos 12 de 12
    ... 80.0 s | grupo 1/6 | 92967209 nodos | revisado 0.015%, faltan ~6 días (Knuth: ~21 días) | máximo colocado 54 de 64 | hilos 12 de 12
    ... 82.0 s | grupo 1/6 | 95422591 nodos | revisado 0.015%, faltan ~6 días (Knuth: ~21 días) | máximo colocado 54 de 64 | hilos 12 de 12
    ... 84.0 s | grupo 1/6 | 97850376 nodos | revisado 0.015%, faltan ~6 días (Knuth: ~21 días) | máximo colocado 55 de 64 | hilos 12 de 12
    ... 86.0 s | grupo 1/6 | 100252654 nodos | revisado 0.015%, faltan ~6 días (Knuth: ~21 días) | máximo colocado 55 de 64 | hilos 12 de 12
    ... 88.0 s | grupo 1/6 | 102670740 nodos | revisado 0.016%, faltan ~6 días (Knuth: ~21 días) | máximo colocado 55 de 64 | hilos 12 de 12
    ... 90.0 s | grupo 1/6 | 105074039 nodos | revisado 0.016%, faltan ~6 días (Knuth: ~21 días) | máximo colocado 55 de 64 | hilos 12 de 12
    ... 92.0 s | grupo 1/6 | 107476253 nodos | revisado 0.016%, faltan ~6 días (Knuth: ~21 días) | máximo colocado 55 de 64 | hilos 12 de 12
    ... 94.0 s | grupo 1/6 | 109901504 nodos | revisado 0.017%, faltan ~6 días (Knuth: ~21 días) | máximo colocado 55 de 64 | hilos 12 de 12
    ... 96.0 s | grupo 1/6 | 112322852 nodos | revisado 0.017%, faltan ~6 días (Knuth: ~21 días) | máximo colocado 55 de 64 | hilos 12 de 12
    ... 98.0 s | grupo 1/6 | 114740275 nodos | revisado 0.017%, faltan ~6 días (Knuth: ~21 días) | máximo colocado 55 de 64 | hilos 12 de 12
    ... 100.0 s | grupo 1/6 | 117175085 nodos | revisado 0.017%, faltan ~6 días (Knuth: ~21 días) | máximo colocado 55 de 64 | hilos 12 de 12
    ... 102.0 s | grupo 1/6 | 119565642 nodos | revisado 0.017%, faltan ~7 días (Knuth: ~21 días) | máximo colocado 55 de 64 | hilos 12 de 12
    ... 104.0 s | grupo 1/6 | 121958872 nodos | revisado 0.018%, faltan ~7 días (Knuth: ~21 días) | máximo colocado 55 de 64 | hilos 12 de 12
    ... 106.0 s | grupo 1/6 | 124396850 nodos | revisado 0.018%, faltan ~7 días (Knuth: ~21 días) | máximo colocado 55 de 64 | hilos 12 de 12
    ... 108.0 s | grupo 1/6 | 126786445 nodos | revisado 0.018%, faltan ~7 días (Knuth: ~21 días) | máximo colocado 55 de 64 | hilos 12 de 12
    ... 110.1 s | grupo 1/6 | 129209032 nodos | revisado 0.018%, faltan ~7 días (Knuth: ~21 días) | máximo colocado 55 de 64 | hilos 12 de 12
    ... 112.1 s | grupo 1/6 | 131645863 nodos | revisado 0.019%, faltan ~7 días (Knuth: ~21 días) | máximo colocado 55 de 64 | hilos 12 de 12
    ... 114.1 s | grupo 1/6 | 134092116 nodos | revisado 0.019%, faltan ~7 días (Knuth: ~21 días) | máximo colocado 55 de 64 | hilos 12 de 12
    ... 116.1 s | grupo 1/6 | 136544453 nodos | revisado 0.020%, faltan ~7 días (Knuth: ~21 días) | máximo colocado 55 de 64 | hilos 12 de 12
    ... 118.1 s | grupo 1/6 | 138971130 nodos | revisado 0.020%, faltan ~7 días (Knuth: ~21 días) | máximo colocado 55 de 64 | hilos 12 de 12
    ... 120.1 s | grupo 1/6 | 141395134 nodos | revisado 0.020%, faltan ~7 días (Knuth: ~21 días) | máximo colocado 55 de 64 | hilos 12 de 12
    ... 122.1 s | grupo 1/6 | 143815440 nodos | revisado 0.020%, faltan ~7 días (Knuth: ~21 días) | máximo colocado 55 de 64 | hilos 12 de 12
    ... 124.1 s | grupo 1/6 | 146250447 nodos | revisado 0.020%, faltan ~7 días (Knuth: ~21 días) | máximo colocado 55 de 64 | hilos 12 de 12
    ... 126.1 s | grupo 1/6 | 148644644 nodos | revisado 0.021%, faltan ~7 días (Knuth: ~21 días) | máximo colocado 55 de 64 | hilos 12 de 12
    ... 128.1 s | grupo 1/6 | 151027754 nodos | revisado 0.021%, faltan ~7 días (Knuth: ~21 días) | máximo colocado 55 de 64 | hilos 12 de 12
    ... 130.1 s | grupo 1/6 | 153471633 nodos | revisado 0.021%, faltan ~7 días (Knuth: ~21 días) | máximo colocado 55 de 64 | hilos 12 de 12
    ... 132.1 s | grupo 1/6 | 155814357 nodos | revisado 0.022%, faltan ~7 días (Knuth: ~21 días) | máximo colocado 55 de 64 | hilos 12 de 12
    ... 134.1 s | grupo 1/6 | 158208339 nodos | revisado 0.022%, faltan ~7 días (Knuth: ~21 días) | máximo colocado 55 de 64 | hilos 12 de 12
    ... 136.2 s | grupo 1/6 | 160576318 nodos | revisado 0.022%, faltan ~7 días (Knuth: ~21 días) | máximo colocado 55 de 64 | hilos 12 de 12
    ... 138.2 s | grupo 1/6 | 162991996 nodos | revisado 0.023%, faltan ~7 días (Knuth: ~21 días) | máximo colocado 55 de 64 | hilos 12 de 12
    ... 140.2 s | grupo 1/6 | 165366583 nodos | revisado 0.023%, faltan ~7 días (Knuth: ~21 días) | máximo colocado 55 de 64 | hilos 12 de 12
    ... 142.2 s | grupo 1/6 | 167582890 nodos | revisado 0.023%, faltan ~7 días (Knuth: ~21 días) | máximo colocado 55 de 64 | hilos 12 de 12
    ... 144.2 s | grupo 1/6 | 169754330 nodos | revisado 0.023%, faltan ~7 días (Knuth: ~21 días) | máximo colocado 55 de 64 | hilos 12 de 12
    ... 146.2 s | grupo 1/6 | 171942723 nodos | revisado 0.024%, faltan ~7 días (Knuth: ~21 días) | máximo colocado 55 de 64 | hilos 12 de 12
    ... 148.2 s | grupo 1/6 | 174197183 nodos | revisado 0.024%, faltan ~7 días (Knuth: ~21 días) | máximo colocado 55 de 64 | hilos 12 de 12
    ... 150.2 s | grupo 1/6 | 176389813 nodos | revisado 0.024%, faltan ~7 días (Knuth: ~21 días) | máximo colocado 55 de 64 | hilos 12 de 12
    ... 152.2 s | grupo 1/6 | 178689444 nodos | revisado 0.024%, faltan ~7 días (Knuth: ~21 días) | máximo colocado 55 de 64 | hilos 12 de 12
    ... 154.2 s | grupo 1/6 | 181057896 nodos | revisado 0.025%, faltan ~7 días (Knuth: ~21 días) | máximo colocado 55 de 64 | hilos 12 de 12
    ... 156.2 s | grupo 1/6 | 183374409 nodos | revisado 0.025%, faltan ~7 días (Knuth: ~21 días) | máximo colocado 55 de 64 | hilos 12 de 12
    ... 158.2 s | grupo 1/6 | 185681153 nodos | revisado 0.025%, faltan ~7 días (Knuth: ~21 días) | máximo colocado 55 de 64 | hilos 12 de 12
    ... 160.3 s | grupo 1/6 | 187936367 nodos | revisado 0.025%, faltan ~7 días (Knuth: ~21 días) | máximo colocado 55 de 64 | hilos 12 de 12
    ... 162.3 s | grupo 1/6 | 190237537 nodos | revisado 0.026%, faltan ~7 días (Knuth: ~21 días) | máximo colocado 55 de 64 | hilos 12 de 12
    ... 164.3 s | grupo 1/6 | 192531842 nodos | revisado 0.026%, faltan ~7 días (Knuth: ~21 días) | máximo colocado 55 de 64 | hilos 12 de 12
    ... 166.3 s | grupo 1/6 | 194905089 nodos | revisado 0.026%, faltan ~7 días (Knuth: ~21 días) | máximo colocado 55 de 64 | hilos 12 de 12
    ... 168.3 s | grupo 1/6 | 197212378 nodos | revisado 0.026%, faltan ~7 días (Knuth: ~21 días) | máximo colocado 55 de 64 | hilos 12 de 12
    ... 170.3 s | grupo 1/6 | 199517147 nodos | revisado 0.026%, faltan ~7 días (Knuth: ~21 días) | máximo colocado 55 de 64 | hilos 12 de 12
    ... 172.3 s | grupo 1/6 | 201862454 nodos | revisado 0.026%, faltan ~7 días (Knuth: ~21 días) | máximo colocado 55 de 64 | hilos 12 de 12
    ... 174.3 s | grupo 1/6 | 204235927 nodos | revisado 0.027%, faltan ~7 días (Knuth: ~21 días) | máximo colocado 55 de 64 | hilos 12 de 12
    ... 176.3 s | grupo 1/6 | 206530944 nodos | revisado 0.027%, faltan ~7 días (Knuth: ~21 días) | máximo colocado 55 de 64 | hilos 12 de 12
    ... 178.4 s | grupo 1/6 | 208811776 nodos | revisado 0.027%, faltan ~7 días (Knuth: ~21 días) | máximo colocado 55 de 64 | hilos 12 de 12
    ... 180.4 s | grupo 1/6 | 211188446 nodos | revisado 0.028%, faltan ~7 días (Knuth: ~21 días) | máximo colocado 55 de 64 | hilos 12 de 12
    ... 182.4 s | grupo 1/6 | 213514884 nodos | revisado 0.028%, faltan ~7 días (Knuth: ~21 días) | máximo colocado 55 de 64 | hilos 12 de 12
    ... 184.4 s | grupo 1/6 | 215865007 nodos | revisado 0.028%, faltan ~7 días (Knuth: ~21 días) | máximo colocado 55 de 64 | hilos 12 de 12
    ... 186.4 s | grupo 1/6 | 218246508 nodos | revisado 0.028%, faltan ~7 días (Knuth: ~21 días) | máximo colocado 55 de 64 | hilos 12 de 12
    ... 188.4 s | grupo 1/6 | 220497935 nodos | revisado 0.028%, faltan ~8 días (Knuth: ~21 días) | máximo colocado 55 de 64 | hilos 12 de 12
    ... 190.4 s | grupo 1/6 | 222834626 nodos | revisado 0.028%, faltan ~8 días (Knuth: ~21 días) | máximo colocado 55 de 64 | hilos 12 de 12
    ... 192.4 s | grupo 1/6 | 225135892 nodos | revisado 0.029%, faltan ~8 días (Knuth: ~21 días) | máximo colocado 55 de 64 | hilos 12 de 12
    ... 194.4 s | grupo 1/6 | 227512017 nodos | revisado 0.029%, faltan ~8 días (Knuth: ~21 días) | máximo colocado 55 de 64 | hilos 12 de 12
    ... 196.4 s | grupo 1/6 | 229893765 nodos | revisado 0.029%, faltan ~8 días (Knuth: ~21 días) | máximo colocado 55 de 64 | hilos 12 de 12
    ... 198.5 s | grupo 1/6 | 232269588 nodos | revisado 0.030%, faltan ~8 días (Knuth: ~21 días) | máximo colocado 55 de 64 | hilos 12 de 12
    ... 200.5 s | grupo 1/6 | 234662290 nodos | revisado 0.031%, faltan ~7 días (Knuth: ~21 días) | máximo colocado 55 de 64 | hilos 12 de 12
    ... 202.5 s | grupo 1/6 | 237034509 nodos | revisado 0.031%, faltan ~7 días (Knuth: ~21 días) | máximo colocado 55 de 64 | hilos 12 de 12
    ... 204.5 s | grupo 1/6 | 239400489 nodos | revisado 0.031%, faltan ~7 días (Knuth: ~21 días) | máximo colocado 55 de 64 | hilos 12 de 12
    ... 206.5 s | grupo 1/6 | 241775770 nodos | revisado 0.032%, faltan ~7 días (Knuth: ~21 días) | máximo colocado 55 de 64 | hilos 12 de 12
    ... 208.5 s | grupo 1/6 | 244184059 nodos | revisado 0.032%, faltan ~7 días (Knuth: ~21 días) | máximo colocado 55 de 64 | hilos 12 de 12
    ... 210.5 s | grupo 1/6 | 246544350 nodos | revisado 0.032%, faltan ~7 días (Knuth: ~21 días) | máximo colocado 55 de 64 | hilos 12 de 12
    ... 212.5 s | grupo 1/6 | 248916566 nodos | revisado 0.032%, faltan ~7 días (Knuth: ~21 días) | máximo colocado 55 de 64 | hilos 12 de 12
    ... 214.5 s | grupo 1/6 | 251319328 nodos | revisado 0.033%, faltan ~7 días (Knuth: ~21 días) | máximo colocado 55 de 64 | hilos 12 de 12
    ... 216.5 s | grupo 1/6 | 253677878 nodos | revisado 0.033%, faltan ~7 días (Knuth: ~21 días) | máximo colocado 55 de 64 | hilos 12 de 12
    ... 218.5 s | grupo 1/6 | 256036148 nodos | revisado 0.033%, faltan ~7 días (Knuth: ~21 días) | máximo colocado 55 de 64 | hilos 12 de 12
    ... 220.5 s | grupo 1/6 | 258397956 nodos | revisado 0.034%, faltan ~7 días (Knuth: ~21 días) | máximo colocado 55 de 64 | hilos 12 de 12
    ... 222.5 s | grupo 1/6 | 260771396 nodos | revisado 0.034%, faltan ~7 días (Knuth: ~21 días) | máximo colocado 55 de 64 | hilos 12 de 12
    ... 224.5 s | grupo 1/6 | 263123403 nodos | revisado 0.034%, faltan ~7 días (Knuth: ~21 días) | máximo colocado 55 de 64 | hilos 12 de 12
    ... 226.5 s | grupo 1/6 | 265558269 nodos | revisado 0.035%, faltan ~7 días (Knuth: ~21 días) | máximo colocado 55 de 64 | hilos 12 de 12
    ... 228.5 s | grupo 1/6 | 267903665 nodos | revisado 0.035%, faltan ~7 días (Knuth: ~21 días) | máximo colocado 55 de 64 | hilos 12 de 12
    ... 230.6 s | grupo 1/6 | 270269786 nodos | revisado 0.035%, faltan ~7 días (Knuth: ~21 días) | máximo colocado 55 de 64 | hilos 12 de 12
    ... 232.6 s | grupo 1/6 | 272618787 nodos | revisado 0.035%, faltan ~8 días (Knuth: ~21 días) | máximo colocado 55 de 64 | hilos 12 de 12
    ... 234.6 s | grupo 1/6 | 274979248 nodos | revisado 0.035%, faltan ~8 días (Knuth: ~21 días) | máximo colocado 55 de 64 | hilos 12 de 12
    ... 236.6 s | grupo 1/6 | 277362239 nodos | revisado 0.035%, faltan ~8 días (Knuth: ~21 días) | máximo colocado 55 de 64 | hilos 12 de 12
    ... 238.6 s | grupo 1/6 | 279756060 nodos | revisado 0.036%, faltan ~8 días (Knuth: ~21 días) | máximo colocado 55 de 64 | hilos 12 de 12
    ... 240.6 s | grupo 1/6 | 282120121 nodos | revisado 0.036%, faltan ~8 días (Knuth: ~21 días) | máximo colocado 55 de 64 | hilos 12 de 12
    ... 242.6 s | grupo 1/6 | 284471783 nodos | revisado 0.037%, faltan ~8 días (Knuth: ~21 días) | máximo colocado 55 de 64 | hilos 12 de 12
    ... 244.6 s | grupo 1/6 | 286834381 nodos | revisado 0.037%, faltan ~8 días (Knuth: ~21 días) | máximo colocado 55 de 64 | hilos 12 de 12
    ... 246.6 s | grupo 1/6 | 289190998 nodos | revisado 0.037%, faltan ~8 días (Knuth: ~21 días) | máximo colocado 55 de 64 | hilos 12 de 12
    ... 248.6 s | grupo 1/6 | 291527466 nodos | revisado 0.037%, faltan ~8 días (Knuth: ~21 días) | máximo colocado 55 de 64 | hilos 12 de 12
    ... 250.6 s | grupo 1/6 | 293840220 nodos | revisado 0.038%, faltan ~8 días (Knuth: ~21 días) | máximo colocado 55 de 64 | hilos 12 de 12
    ... 252.6 s | grupo 1/6 | 296046732 nodos | revisado 0.038%, faltan ~8 días (Knuth: ~21 días) | máximo colocado 55 de 64 | hilos 12 de 12
    ... 254.6 s | grupo 1/6 | 298372421 nodos | revisado 0.038%, faltan ~8 días (Knuth: ~21 días) | máximo colocado 55 de 64 | hilos 12 de 12
    ... 256.6 s | grupo 1/6 | 300708151 nodos | revisado 0.038%, faltan ~8 días (Knuth: ~21 días) | máximo colocado 55 de 64 | hilos 12 de 12
    ... 258.6 s | grupo 1/6 | 303075415 nodos | revisado 0.039%, faltan ~8 días (Knuth: ~21 días) | máximo colocado 55 de 64 | hilos 12 de 12
    ... 260.6 s | grupo 1/6 | 305430896 nodos | revisado 0.039%, faltan ~8 días (Knuth: ~21 días) | máximo colocado 55 de 64 | hilos 12 de 12
    ... 262.7 s | grupo 1/6 | 307788025 nodos | revisado 0.039%, faltan ~8 días (Knuth: ~21 días) | máximo colocado 55 de 64 | hilos 12 de 12
    ... 264.7 s | grupo 1/6 | 310119042 nodos | revisado 0.039%, faltan ~8 días (Knuth: ~21 días) | máximo colocado 55 de 64 | hilos 12 de 12
    ... 266.7 s | grupo 1/6 | 312427385 nodos | revisado 0.039%, faltan ~8 días (Knuth: ~21 días) | máximo colocado 55 de 64 | hilos 12 de 12
    ... 268.7 s | grupo 1/6 | 314760220 nodos | revisado 0.039%, faltan ~8 días (Knuth: ~21 días) | máximo colocado 55 de 64 | hilos 12 de 12
    ... 270.7 s | grupo 1/6 | 317098166 nodos | revisado 0.039%, faltan ~8 días (Knuth: ~21 días) | máximo colocado 55 de 64 | hilos 12 de 12
    ... 272.7 s | grupo 1/6 | 319446684 nodos | revisado 0.040%, faltan ~8 días (Knuth: ~21 días) | máximo colocado 55 de 64 | hilos 12 de 12
    ... 274.7 s | grupo 1/6 | 321820340 nodos | revisado 0.040%, faltan ~8 días (Knuth: ~21 días) | máximo colocado 55 de 64 | hilos 12 de 12
    ... 276.7 s | grupo 1/6 | 324182164 nodos | revisado 0.040%, faltan ~8 días (Knuth: ~21 días) | máximo colocado 55 de 64 | hilos 12 de 12
    ... 278.7 s | grupo 1/6 | 326521888 nodos | revisado 0.040%, faltan ~8 días (Knuth: ~21 días) | máximo colocado 55 de 64 | hilos 12 de 12
    ... 280.7 s | grupo 1/6 | 328887636 nodos | revisado 0.040%, faltan ~8 días (Knuth: ~21 días) | máximo colocado 55 de 64 | hilos 12 de 12
    ... 282.7 s | grupo 1/6 | 331234828 nodos | revisado 0.040%, faltan ~8 días (Knuth: ~21 días) | máximo colocado 55 de 64 | hilos 12 de 12
    ... 284.7 s | grupo 1/6 | 333603102 nodos | revisado 0.041%, faltan ~8 días (Knuth: ~21 días) | máximo colocado 55 de 64 | hilos 12 de 12
    ... 286.7 s | grupo 1/6 | 336000636 nodos | revisado 0.041%, faltan ~8 días (Knuth: ~21 días) | máximo colocado 55 de 64 | hilos 12 de 12
    ... 288.8 s | grupo 1/6 | 338367922 nodos | revisado 0.041%, faltan ~8 días (Knuth: ~21 días) | máximo colocado 55 de 64 | hilos 12 de 12
    ... 290.8 s | grupo 1/6 | 340710402 nodos | revisado 0.041%, faltan ~8 días (Knuth: ~21 días) | máximo colocado 55 de 64 | hilos 12 de 12
    ... 292.8 s | grupo 1/6 | 343053934 nodos | revisado 0.042%, faltan ~8 días (Knuth: ~21 días) | máximo colocado 55 de 64 | hilos 12 de 12
    ... 294.8 s | grupo 1/6 | 345418595 nodos | revisado 0.042%, faltan ~8 días (Knuth: ~21 días) | máximo colocado 55 de 64 | hilos 12 de 12
    ... 296.8 s | grupo 1/6 | 347826783 nodos | revisado 0.042%, faltan ~8 días (Knuth: ~21 días) | máximo colocado 55 de 64 | hilos 12 de 12
    ... 298.8 s | grupo 1/6 | 350197173 nodos | revisado 0.042%, faltan ~8 días (Knuth: ~21 días) | máximo colocado 55 de 64 | hilos 12 de 12
[4] Grupo 1: cortado por límite de tiempo
[5] Tiempo total: 5 min
RESULTADO resuelto=0 ms=300015.4 marcos=0 nodos=351622144 grupos=1/6 hilos=12 t_marcos=0.000 t_interior=296.349 lados=0 unificado=1 max_colocadas=55 motivo=limite
