[0] Tablero 8x8, 10 colores, 12 hilos
[1] Esquina fija (2,1). 3 grupos, orden por coste: 4.97e+24 4.97e+24 4.97e+24
    grupo 1, orden menos opciones: estimado 3.72e+12 nodos
    grupo 1, orden interior primero: estimado 2.31e+11 nodos
    grupo 2, orden menos opciones: estimado 8.87e+12 nodos
    grupo 2, orden interior primero: estimado 1.93e+11 nodos
    grupo 3, orden menos opciones: estimado 3.5e+12 nodos
    grupo 3, orden interior primero: estimado 1.97e+11 nodos
[1] Estimado de Knuth por grupo (nodos): 2.31e+11(i) 1.93e+11(i) 1.97e+11(i)   (i) = interior primero
[2] Grupo 1/3: ruta unificada (mapas por lado), orden: interior primero
    ... 5.1 s | grupo 1/3 | 2347417 nodos | revisado 2.9%, faltan ~67 s (Knuth: ~2 días) | máximo colocado 49 de 64 | hilos 12 de 12
    ... 7.1 s | grupo 1/3 | 4696545 nodos | revisado 2.9%, faltan ~2 min (Knuth: ~2 días) | máximo colocado 54 de 64 | hilos 12 de 12
    ... 9.1 s | grupo 1/3 | 7065972 nodos | revisado 2.9%, faltan ~3 min (Knuth: ~2 días) | máximo colocado 54 de 64 | hilos 12 de 12
    ... 11.1 s | grupo 1/3 | 9429425 nodos | revisado 2.9%, faltan ~4 min (Knuth: ~2 días) | máximo colocado 54 de 64 | hilos 12 de 12
    ... 13.1 s | grupo 1/3 | 11844578 nodos | revisado 2.9%, faltan ~6 min (Knuth: ~2 días) | máximo colocado 54 de 64 | hilos 12 de 12
    ... 15.1 s | grupo 1/3 | 14236549 nodos | revisado 2.9%, faltan ~7 min (Knuth: ~2 días) | máximo colocado 54 de 64 | hilos 12 de 12
    ... 17.1 s | grupo 1/3 | 16626348 nodos | revisado 2.9%, faltan ~8 min (Knuth: ~2 días) | máximo colocado 54 de 64 | hilos 12 de 12
    ... 19.1 s | grupo 1/3 | 18986433 nodos | revisado 2.9%, faltan ~9 min (Knuth: ~2 días) | máximo colocado 54 de 64 | hilos 12 de 12
    ... 21.1 s | grupo 1/3 | 21359968 nodos | revisado 2.9%, faltan ~10 min (Knuth: ~2 días) | máximo colocado 54 de 64 | hilos 12 de 12
    ... 23.2 s | grupo 1/3 | 23738295 nodos | revisado 2.9%, faltan ~11 min (Knuth: ~2 días) | máximo colocado 54 de 64 | hilos 12 de 12
    ... 25.2 s | grupo 1/3 | 26124401 nodos | revisado 2.9%, faltan ~12 min (Knuth: ~2 días) | máximo colocado 54 de 64 | hilos 12 de 12
    ... 27.2 s | grupo 1/3 | 28484986 nodos | revisado 2.9%, faltan ~13 min (Knuth: ~2 días) | máximo colocado 54 de 64 | hilos 12 de 12
    ... 29.2 s | grupo 1/3 | 30839676 nodos | revisado 2.9%, faltan ~14 min (Knuth: ~2 días) | máximo colocado 54 de 64 | hilos 12 de 12
    ... 31.2 s | grupo 1/3 | 33229748 nodos | revisado 2.9%, faltan ~15 min (Knuth: ~2 días) | máximo colocado 54 de 64 | hilos 12 de 12
    ... 33.2 s | grupo 1/3 | 35613887 nodos | revisado 2.9%, faltan ~17 min (Knuth: ~2 días) | máximo colocado 54 de 64 | hilos 12 de 12
    ... 35.2 s | grupo 1/3 | 38001811 nodos | revisado 2.9%, faltan ~18 min (Knuth: ~2 días) | máximo colocado 54 de 64 | hilos 12 de 12
    ... 37.2 s | grupo 1/3 | 40381751 nodos | revisado 2.9%, faltan ~19 min (Knuth: ~2 días) | máximo colocado 54 de 64 | hilos 12 de 12
    ... 39.2 s | grupo 1/3 | 42772543 nodos | revisado 2.9%, faltan ~20 min (Knuth: ~2 días) | máximo colocado 54 de 64 | hilos 12 de 12
    ... 41.2 s | grupo 1/3 | 45156407 nodos | revisado 2.9%, faltan ~21 min (Knuth: ~2 días) | máximo colocado 54 de 64 | hilos 12 de 12
    ... 43.2 s | grupo 1/3 | 47562759 nodos | revisado 2.9%, faltan ~22 min (Knuth: ~2 días) | máximo colocado 54 de 64 | hilos 12 de 12
    ... 45.2 s | grupo 1/3 | 49990157 nodos | revisado 2.9%, faltan ~23 min (Knuth: ~2 días) | máximo colocado 54 de 64 | hilos 12 de 12
    ... 47.2 s | grupo 1/3 | 52384292 nodos | revisado 2.9%, faltan ~24 min (Knuth: ~2 días) | máximo colocado 54 de 64 | hilos 12 de 12
    ... 49.2 s | grupo 1/3 | 54787269 nodos | revisado 2.9%, faltan ~25 min (Knuth: ~2 días) | máximo colocado 54 de 64 | hilos 12 de 12
    ... 51.2 s | grupo 1/3 | 57174658 nodos | revisado 2.9%, faltan ~26 min (Knuth: ~2 días) | máximo colocado 54 de 64 | hilos 12 de 12
    ... 53.2 s | grupo 1/3 | 59560388 nodos | revisado 2.9%, faltan ~28 min (Knuth: ~2 días) | máximo colocado 54 de 64 | hilos 12 de 12
    ... 55.2 s | grupo 1/3 | 61965053 nodos | revisado 2.9%, faltan ~29 min (Knuth: ~2 días) | máximo colocado 54 de 64 | hilos 12 de 12
    ... 57.2 s | grupo 1/3 | 64364309 nodos | revisado 2.9%, faltan ~30 min (Knuth: ~2 días) | máximo colocado 54 de 64 | hilos 12 de 12
    ... 59.2 s | grupo 1/3 | 66758373 nodos | revisado 3.0%, faltan ~31 min (Knuth: ~2 días) | máximo colocado 54 de 64 | hilos 12 de 12
    ... 61.2 s | grupo 1/3 | 69173805 nodos | revisado 3.0%, faltan ~32 min (Knuth: ~2 días) | máximo colocado 54 de 64 | hilos 12 de 12
    ... 63.2 s | grupo 1/3 | 71565076 nodos | revisado 3.0%, faltan ~33 min (Knuth: ~2 días) | máximo colocado 54 de 64 | hilos 12 de 12
    ... 65.3 s | grupo 1/3 | 73952582 nodos | revisado 3.0%, faltan ~34 min (Knuth: ~2 días) | máximo colocado 54 de 64 | hilos 12 de 12
    ... 67.3 s | grupo 1/3 | 76372988 nodos | revisado 3.0%, faltan ~35 min (Knuth: ~2 días) | máximo colocado 54 de 64 | hilos 12 de 12
    ... 69.3 s | grupo 1/3 | 78751278 nodos | revisado 3.0%, faltan ~36 min (Knuth: ~2 días) | máximo colocado 54 de 64 | hilos 12 de 12
    ... 71.3 s | grupo 1/3 | 81141380 nodos | revisado 3.0%, faltan ~37 min (Knuth: ~2 días) | máximo colocado 54 de 64 | hilos 12 de 12
    ... 73.3 s | grupo 1/3 | 83533755 nodos | revisado 3.0%, faltan ~38 min (Knuth: ~2 días) | máximo colocado 54 de 64 | hilos 12 de 12
    ... 75.3 s | grupo 1/3 | 85918859 nodos | revisado 3.0%, faltan ~39 min (Knuth: ~2 días) | máximo colocado 54 de 64 | hilos 12 de 12
    ... 77.3 s | grupo 1/3 | 88281821 nodos | revisado 3.0%, faltan ~40 min (Knuth: ~2 días) | máximo colocado 54 de 64 | hilos 12 de 12
    ... 79.3 s | grupo 1/3 | 90685233 nodos | revisado 3.0%, faltan ~42 min (Knuth: ~2 días) | máximo colocado 54 de 64 | hilos 12 de 12
    ... 81.3 s | grupo 1/3 | 93101828 nodos | revisado 3.0%, faltan ~43 min (Knuth: ~2 días) | máximo colocado 54 de 64 | hilos 12 de 12
    ... 83.3 s | grupo 1/3 | 95483240 nodos | revisado 3.0%, faltan ~44 min (Knuth: ~2 días) | máximo colocado 54 de 64 | hilos 12 de 12
    ... 85.3 s | grupo 1/3 | 97875160 nodos | revisado 3.0%, faltan ~45 min (Knuth: ~2 días) | máximo colocado 54 de 64 | hilos 12 de 12
    ... 87.3 s | grupo 1/3 | 100273810 nodos | revisado 3.0%, faltan ~46 min (Knuth: ~2 días) | máximo colocado 54 de 64 | hilos 12 de 12
    ... 89.3 s | grupo 1/3 | 102678896 nodos | revisado 3.0%, faltan ~47 min (Knuth: ~2 días) | máximo colocado 54 de 64 | hilos 12 de 12
    ... 91.3 s | grupo 1/3 | 105056415 nodos | revisado 3.0%, faltan ~48 min (Knuth: ~2 días) | máximo colocado 54 de 64 | hilos 12 de 12
    ... 93.3 s | grupo 1/3 | 107465959 nodos | revisado 3.0%, faltan ~49 min (Knuth: ~2 días) | máximo colocado 54 de 64 | hilos 12 de 12
    ... 95.3 s | grupo 1/3 | 109847298 nodos | revisado 3.0%, faltan ~50 min (Knuth: ~2 días) | máximo colocado 54 de 64 | hilos 12 de 12
    ... 97.4 s | grupo 1/3 | 112240197 nodos | revisado 3.0%, faltan ~51 min (Knuth: ~2 días) | máximo colocado 54 de 64 | hilos 12 de 12
    ... 99.4 s | grupo 1/3 | 114630757 nodos | revisado 3.0%, faltan ~52 min (Knuth: ~2 días) | máximo colocado 54 de 64 | hilos 12 de 12
    ... 101.4 s | grupo 1/3 | 117042349 nodos | revisado 3.0%, faltan ~53 min (Knuth: ~2 días) | máximo colocado 54 de 64 | hilos 12 de 12
    ... 103.4 s | grupo 1/3 | 119472356 nodos | revisado 3.0%, faltan ~54 min (Knuth: ~2 días) | máximo colocado 54 de 64 | hilos 12 de 12
    ... 105.4 s | grupo 1/3 | 121888406 nodos | revisado 3.0%, faltan ~55 min (Knuth: ~2 días) | máximo colocado 54 de 64 | hilos 12 de 12
    ... 107.4 s | grupo 1/3 | 124326094 nodos | revisado 3.0%, faltan ~56 min (Knuth: ~2 días) | máximo colocado 54 de 64 | hilos 12 de 12
    ... 109.4 s | grupo 1/3 | 126748127 nodos | revisado 3.0%, faltan ~57 min (Knuth: ~2 días) | máximo colocado 54 de 64 | hilos 12 de 12
    ... 111.4 s | grupo 1/3 | 129143749 nodos | revisado 3.0%, faltan ~59 min (Knuth: ~2 días) | máximo colocado 54 de 64 | hilos 12 de 12
    ... 113.4 s | grupo 1/3 | 131532500 nodos | revisado 3.0%, faltan ~60 min (Knuth: ~2 días) | máximo colocado 54 de 64 | hilos 12 de 12
    ... 115.4 s | grupo 1/3 | 133923808 nodos | revisado 3.0%, faltan ~61 min (Knuth: ~2 días) | máximo colocado 54 de 64 | hilos 12 de 12
    ... 117.4 s | grupo 1/3 | 136288488 nodos | revisado 3.0%, faltan ~62 min (Knuth: ~2 días) | máximo colocado 54 de 64 | hilos 12 de 12
    ... 119.4 s | grupo 1/3 | 138677956 nodos | revisado 3.0%, faltan ~63 min (Knuth: ~2 días) | máximo colocado 54 de 64 | hilos 12 de 12
    ... 121.4 s | grupo 1/3 | 141086308 nodos | revisado 3.0%, faltan ~64 min (Knuth: ~2 días) | máximo colocado 54 de 64 | hilos 12 de 12
    ... 123.4 s | grupo 1/3 | 143493903 nodos | revisado 3.0%, faltan ~65 min (Knuth: ~2 días) | máximo colocado 54 de 64 | hilos 12 de 12
    ... 125.4 s | grupo 1/3 | 145880120 nodos | revisado 3.0%, faltan ~66 min (Knuth: ~2 días) | máximo colocado 54 de 64 | hilos 12 de 12
    ... 127.5 s | grupo 1/3 | 148247155 nodos | revisado 3.0%, faltan ~67 min (Knuth: ~2 días) | máximo colocado 54 de 64 | hilos 12 de 12
    ... 129.5 s | grupo 1/3 | 150597399 nodos | revisado 3.0%, faltan ~68 min (Knuth: ~2 días) | máximo colocado 54 de 64 | hilos 12 de 12
    ... 131.5 s | grupo 1/3 | 152958805 nodos | revisado 3.0%, faltan ~69 min (Knuth: ~2 días) | máximo colocado 54 de 64 | hilos 12 de 12
    ... 133.5 s | grupo 1/3 | 155297660 nodos | revisado 3.0%, faltan ~70 min (Knuth: ~2 días) | máximo colocado 54 de 64 | hilos 12 de 12
    ... 135.5 s | grupo 1/3 | 157638337 nodos | revisado 3.0%, faltan ~71 min (Knuth: ~2 días) | máximo colocado 54 de 64 | hilos 12 de 12
    ... 137.5 s | grupo 1/3 | 159984491 nodos | revisado 3.0%, faltan ~72 min (Knuth: ~2 días) | máximo colocado 54 de 64 | hilos 12 de 12
    ... 139.5 s | grupo 1/3 | 162364530 nodos | revisado 3.0%, faltan ~73 min (Knuth: ~2 días) | máximo colocado 54 de 64 | hilos 12 de 12
    ... 141.5 s | grupo 1/3 | 164759076 nodos | revisado 3.0%, faltan ~74 min (Knuth: ~2 días) | máximo colocado 54 de 64 | hilos 12 de 12
    ... 143.5 s | grupo 1/3 | 167122959 nodos | revisado 3.0%, faltan ~75 min (Knuth: ~2 días) | máximo colocado 54 de 64 | hilos 12 de 12
    ... 145.5 s | grupo 1/3 | 169505355 nodos | revisado 3.0%, faltan ~76 min (Knuth: ~2 días) | máximo colocado 54 de 64 | hilos 12 de 12
    ... 147.6 s | grupo 1/3 | 171910469 nodos | revisado 3.0%, faltan ~78 min (Knuth: ~2 días) | máximo colocado 54 de 64 | hilos 12 de 12
    ... 149.6 s | grupo 1/3 | 174266969 nodos | revisado 3.0%, faltan ~79 min (Knuth: ~2 días) | máximo colocado 54 de 64 | hilos 12 de 12
    ... 151.6 s | grupo 1/3 | 176620029 nodos | revisado 3.0%, faltan ~80 min (Knuth: ~2 días) | máximo colocado 54 de 64 | hilos 12 de 12
    ... 153.6 s | grupo 1/3 | 178973912 nodos | revisado 3.0%, faltan ~81 min (Knuth: ~2 días) | máximo colocado 54 de 64 | hilos 12 de 12
    ... 155.6 s | grupo 1/3 | 181309506 nodos | revisado 3.0%, faltan ~82 min (Knuth: ~2 días) | máximo colocado 54 de 64 | hilos 12 de 12
    ... 157.6 s | grupo 1/3 | 183650101 nodos | revisado 3.0%, faltan ~83 min (Knuth: ~2 días) | máximo colocado 54 de 64 | hilos 12 de 12
    ... 159.6 s | grupo 1/3 | 186003938 nodos | revisado 3.0%, faltan ~84 min (Knuth: ~2 días) | máximo colocado 54 de 64 | hilos 12 de 12
    ... 161.6 s | grupo 1/3 | 188351299 nodos | revisado 3.0%, faltan ~85 min (Knuth: ~2 días) | máximo colocado 54 de 64 | hilos 12 de 12
    ... 163.6 s | grupo 1/3 | 190715930 nodos | revisado 3.0%, faltan ~86 min (Knuth: ~2 días) | máximo colocado 54 de 64 | hilos 12 de 12
    ... 165.6 s | grupo 1/3 | 193043287 nodos | revisado 3.0%, faltan ~87 min (Knuth: ~2 días) | máximo colocado 54 de 64 | hilos 12 de 12
    ... 167.6 s | grupo 1/3 | 195388907 nodos | revisado 3.0%, faltan ~88 min (Knuth: ~2 días) | máximo colocado 54 de 64 | hilos 12 de 12
    ... 169.6 s | grupo 1/3 | 197761292 nodos | revisado 3.0%, faltan ~89 min (Knuth: ~2 días) | máximo colocado 54 de 64 | hilos 12 de 12
    ... 171.6 s | grupo 1/3 | 200130326 nodos | revisado 3.0%, faltan ~90 min (Knuth: ~2 días) | máximo colocado 54 de 64 | hilos 12 de 12
    ... 173.7 s | grupo 1/3 | 202473963 nodos | revisado 3.0%, faltan ~91 min (Knuth: ~2 días) | máximo colocado 54 de 64 | hilos 12 de 12
    ... 175.7 s | grupo 1/3 | 204841047 nodos | revisado 3.0%, faltan ~92 min (Knuth: ~2 días) | máximo colocado 54 de 64 | hilos 12 de 12
    ... 177.7 s | grupo 1/3 | 207195232 nodos | revisado 3.0%, faltan ~93 min (Knuth: ~2 días) | máximo colocado 54 de 64 | hilos 12 de 12
    ... 179.7 s | grupo 1/3 | 209569989 nodos | revisado 3.0%, faltan ~94 min (Knuth: ~2 días) | máximo colocado 54 de 64 | hilos 12 de 12
    ... 181.7 s | grupo 1/3 | 211976795 nodos | revisado 3.0%, faltan ~95 min (Knuth: ~2 días) | máximo colocado 54 de 64 | hilos 12 de 12
    ... 183.7 s | grupo 1/3 | 214352706 nodos | revisado 3.0%, faltan ~96 min (Knuth: ~2 días) | máximo colocado 54 de 64 | hilos 12 de 12
    ... 185.7 s | grupo 1/3 | 216715760 nodos | revisado 3.0%, faltan ~97 min (Knuth: ~2 días) | máximo colocado 54 de 64 | hilos 12 de 12
    ... 187.7 s | grupo 1/3 | 219083369 nodos | revisado 3.0%, faltan ~98 min (Knuth: ~2 días) | máximo colocado 54 de 64 | hilos 12 de 12
    ... 189.7 s | grupo 1/3 | 221451689 nodos | revisado 3.0%, faltan ~99 min (Knuth: ~2 días) | máximo colocado 54 de 64 | hilos 12 de 12
    ... 191.7 s | grupo 1/3 | 223813425 nodos | revisado 3.0%, faltan ~100 min (Knuth: ~2 días) | máximo colocado 54 de 64 | hilos 12 de 12
    ... 193.8 s | grupo 1/3 | 226203134 nodos | revisado 3.0%, faltan ~101 min (Knuth: ~2 días) | máximo colocado 54 de 64 | hilos 12 de 12
    ... 195.8 s | grupo 1/3 | 228546334 nodos | revisado 3.0%, faltan ~102 min (Knuth: ~2 días) | máximo colocado 54 de 64 | hilos 12 de 12
    ... 197.8 s | grupo 1/3 | 230884669 nodos | revisado 3.0%, faltan ~104 min (Knuth: ~2 días) | máximo colocado 54 de 64 | hilos 12 de 12
    ... 199.8 s | grupo 1/3 | 233249749 nodos | revisado 3.0%, faltan ~104 min (Knuth: ~2 días) | máximo colocado 54 de 64 | hilos 12 de 12
    ... 201.8 s | grupo 1/3 | 235655722 nodos | revisado 3.0%, faltan ~106 min (Knuth: ~2 días) | máximo colocado 54 de 64 | hilos 12 de 12
    ... 203.8 s | grupo 1/3 | 238051421 nodos | revisado 3.0%, faltan ~107 min (Knuth: ~2 días) | máximo colocado 54 de 64 | hilos 12 de 12
    ... 205.8 s | grupo 1/3 | 240462693 nodos | revisado 3.0%, faltan ~108 min (Knuth: ~2 días) | máximo colocado 54 de 64 | hilos 12 de 12
    ... 207.8 s | grupo 1/3 | 242873403 nodos | revisado 3.0%, faltan ~109 min (Knuth: ~2 días) | máximo colocado 54 de 64 | hilos 12 de 12
    ... 209.8 s | grupo 1/3 | 245274839 nodos | revisado 3.0%, faltan ~110 min (Knuth: ~2 días) | máximo colocado 54 de 64 | hilos 12 de 12
    ... 211.8 s | grupo 1/3 | 247686236 nodos | revisado 3.0%, faltan ~111 min (Knuth: ~2 días) | máximo colocado 54 de 64 | hilos 12 de 12
    ... 213.9 s | grupo 1/3 | 250122279 nodos | revisado 3.0%, faltan ~112 min (Knuth: ~2 días) | máximo colocado 54 de 64 | hilos 12 de 12
    ... 215.9 s | grupo 1/3 | 252530751 nodos | revisado 3.0%, faltan ~113 min (Knuth: ~2 días) | máximo colocado 54 de 64 | hilos 12 de 12
    ... 217.9 s | grupo 1/3 | 254954630 nodos | revisado 3.0%, faltan ~114 min (Knuth: ~2 días) | máximo colocado 54 de 64 | hilos 12 de 12
    ... 219.9 s | grupo 1/3 | 257409443 nodos | revisado 3.0%, faltan ~115 min (Knuth: ~2 días) | máximo colocado 54 de 64 | hilos 12 de 12
    ... 221.9 s | grupo 1/3 | 259843044 nodos | revisado 3.0%, faltan ~116 min (Knuth: ~2 días) | máximo colocado 54 de 64 | hilos 12 de 12
    ... 223.9 s | grupo 1/3 | 262264598 nodos | revisado 3.1%, faltan ~117 min (Knuth: ~2 días) | máximo colocado 54 de 64 | hilos 12 de 12
    ... 225.9 s | grupo 1/3 | 264647926 nodos | revisado 3.1%, faltan ~118 min (Knuth: ~2 días) | máximo colocado 54 de 64 | hilos 12 de 12
    ... 227.9 s | grupo 1/3 | 267035972 nodos | revisado 3.1%, faltan ~119 min (Knuth: ~2 días) | máximo colocado 54 de 64 | hilos 12 de 12
    ... 229.9 s | grupo 1/3 | 269431858 nodos | revisado 3.1%, faltan ~2.0 h (Knuth: ~2 días) | máximo colocado 54 de 64 | hilos 12 de 12
    ... 231.9 s | grupo 1/3 | 271788077 nodos | revisado 3.1%, faltan ~2.0 h (Knuth: ~2 días) | máximo colocado 54 de 64 | hilos 12 de 12
    ... 233.9 s | grupo 1/3 | 274189362 nodos | revisado 3.1%, faltan ~2.0 h (Knuth: ~2 días) | máximo colocado 54 de 64 | hilos 12 de 12
    ... 235.9 s | grupo 1/3 | 276620258 nodos | revisado 3.1%, faltan ~2.1 h (Knuth: ~2 días) | máximo colocado 54 de 64 | hilos 12 de 12
    ... 237.9 s | grupo 1/3 | 279019576 nodos | revisado 3.1%, faltan ~2.1 h (Knuth: ~2 días) | máximo colocado 54 de 64 | hilos 12 de 12
    ... 239.9 s | grupo 1/3 | 281403261 nodos | revisado 3.1%, faltan ~2.1 h (Knuth: ~2 días) | máximo colocado 54 de 64 | hilos 12 de 12
    ... 241.9 s | grupo 1/3 | 283781245 nodos | revisado 3.1%, faltan ~2.1 h (Knuth: ~2 días) | máximo colocado 54 de 64 | hilos 12 de 12
    ... 244.0 s | grupo 1/3 | 286156084 nodos | revisado 3.1%, faltan ~2.1 h (Knuth: ~2 días) | máximo colocado 54 de 64 | hilos 12 de 12
    ... 246.0 s | grupo 1/3 | 288495068 nodos | revisado 3.1%, faltan ~2.1 h (Knuth: ~2 días) | máximo colocado 54 de 64 | hilos 12 de 12
    ... 248.0 s | grupo 1/3 | 290901821 nodos | revisado 3.1%, faltan ~2.1 h (Knuth: ~2 días) | máximo colocado 54 de 64 | hilos 12 de 12
    ... 250.0 s | grupo 1/3 | 293318042 nodos | revisado 3.1%, faltan ~2.2 h (Knuth: ~2 días) | máximo colocado 54 de 64 | hilos 12 de 12
    ... 252.0 s | grupo 1/3 | 295706418 nodos | revisado 3.1%, faltan ~2.2 h (Knuth: ~2 días) | máximo colocado 54 de 64 | hilos 12 de 12
    ... 254.0 s | grupo 1/3 | 298114883 nodos | revisado 3.1%, faltan ~2.2 h (Knuth: ~2 días) | máximo colocado 54 de 64 | hilos 12 de 12
    ... 256.0 s | grupo 1/3 | 300479323 nodos | revisado 3.1%, faltan ~2.2 h (Knuth: ~2 días) | máximo colocado 54 de 64 | hilos 12 de 12
    ... 258.0 s | grupo 1/3 | 302821085 nodos | revisado 3.1%, faltan ~2.2 h (Knuth: ~2 días) | máximo colocado 54 de 64 | hilos 12 de 12
    ... 260.0 s | grupo 1/3 | 305199452 nodos | revisado 3.1%, faltan ~2.2 h (Knuth: ~2 días) | máximo colocado 54 de 64 | hilos 12 de 12
    ... 262.0 s | grupo 1/3 | 307560521 nodos | revisado 3.1%, faltan ~2.3 h (Knuth: ~2 días) | máximo colocado 54 de 64 | hilos 12 de 12
    ... 264.0 s | grupo 1/3 | 309921253 nodos | revisado 3.1%, faltan ~2.3 h (Knuth: ~2 días) | máximo colocado 54 de 64 | hilos 12 de 12
    ... 266.0 s | grupo 1/3 | 312343489 nodos | revisado 3.1%, faltan ~2.3 h (Knuth: ~2 días) | máximo colocado 54 de 64 | hilos 12 de 12
    ... 268.1 s | grupo 1/3 | 314742052 nodos | revisado 3.1%, faltan ~2.3 h (Knuth: ~2 días) | máximo colocado 54 de 64 | hilos 12 de 12
    ... 270.1 s | grupo 1/3 | 317127577 nodos | revisado 3.1%, faltan ~2.3 h (Knuth: ~2 días) | máximo colocado 54 de 64 | hilos 12 de 12
    ... 272.1 s | grupo 1/3 | 319500128 nodos | revisado 3.1%, faltan ~2.3 h (Knuth: ~2 días) | máximo colocado 54 de 64 | hilos 12 de 12
    ... 274.1 s | grupo 1/3 | 321884096 nodos | revisado 3.1%, faltan ~2.4 h (Knuth: ~2 días) | máximo colocado 54 de 64 | hilos 12 de 12
    ... 276.1 s | grupo 1/3 | 324284847 nodos | revisado 3.1%, faltan ~2.4 h (Knuth: ~2 días) | máximo colocado 54 de 64 | hilos 12 de 12
    ... 278.1 s | grupo 1/3 | 326659850 nodos | revisado 3.1%, faltan ~2.4 h (Knuth: ~2 días) | máximo colocado 54 de 64 | hilos 12 de 12
    ... 280.1 s | grupo 1/3 | 329040382 nodos | revisado 3.1%, faltan ~2.4 h (Knuth: ~2 días) | máximo colocado 54 de 64 | hilos 12 de 12
    ... 282.1 s | grupo 1/3 | 331415449 nodos | revisado 3.1%, faltan ~2.4 h (Knuth: ~2 días) | máximo colocado 54 de 64 | hilos 12 de 12
    ... 284.1 s | grupo 1/3 | 333805391 nodos | revisado 3.1%, faltan ~2.4 h (Knuth: ~2 días) | máximo colocado 54 de 64 | hilos 12 de 12
    ... 286.1 s | grupo 1/3 | 336215536 nodos | revisado 3.1%, faltan ~2.5 h (Knuth: ~2 días) | máximo colocado 54 de 64 | hilos 12 de 12
    ... 288.1 s | grupo 1/3 | 338634312 nodos | revisado 3.1%, faltan ~2.5 h (Knuth: ~2 días) | máximo colocado 54 de 64 | hilos 12 de 12
    ... 290.1 s | grupo 1/3 | 341053690 nodos | revisado 3.1%, faltan ~2.5 h (Knuth: ~2 días) | máximo colocado 54 de 64 | hilos 12 de 12
    ... 292.1 s | grupo 1/3 | 343432403 nodos | revisado 3.1%, faltan ~2.5 h (Knuth: ~2 días) | máximo colocado 54 de 64 | hilos 12 de 12
    ... 294.1 s | grupo 1/3 | 345809103 nodos | revisado 3.1%, faltan ~2.5 h (Knuth: ~2 días) | máximo colocado 54 de 64 | hilos 12 de 12
    ... 296.1 s | grupo 1/3 | 348190485 nodos | revisado 3.1%, faltan ~2.5 h (Knuth: ~2 días) | máximo colocado 54 de 64 | hilos 12 de 12
    ... 298.1 s | grupo 1/3 | 350579255 nodos | revisado 3.1%, faltan ~2.5 h (Knuth: ~2 días) | máximo colocado 54 de 64 | hilos 12 de 12
[4] Grupo 1: cortado por límite de tiempo
[5] Tiempo total: 5 min
RESULTADO resuelto=0 ms=300016.6 marcos=0 nodos=352814080 grupos=1/3 hilos=12 t_marcos=0.000 t_interior=296.955 lados=0 unificado=1 max_colocadas=54 motivo=limite
