[0] Tablero 8x8, 10 colores, 12 hilos
[1] Esquina fija (1,1). 6 grupos, orden por coste: 1.36e+20 1.36e+20 1.36e+20 1.36e+20 1.36e+20 1.36e+20
    grupo 1, orden menos opciones: estimado 2.78e+12 nodos
    grupo 1, orden interior primero: estimado 1.31e+12 nodos
    grupo 2, orden menos opciones: estimado 1.06e+13 nodos
    grupo 2, orden interior primero: estimado 2.35e+12 nodos
    grupo 3, orden menos opciones: estimado 5.52e+12 nodos
    grupo 3, orden interior primero: estimado 2.06e+12 nodos
    grupo 4, orden menos opciones: estimado 1.07e+13 nodos
    grupo 4, orden interior primero: estimado 1.05e+12 nodos
    grupo 5, orden menos opciones: estimado 1.06e+13 nodos
    grupo 5, orden interior primero: estimado 1.74e+12 nodos
    grupo 6, orden menos opciones: estimado 1.26e+13 nodos
    grupo 6, orden interior primero: estimado 1.44e+12 nodos
[1] Estimado de Knuth por grupo (nodos): 2.78e+12 2.35e+12(i) 5.52e+12 1.05e+12(i) 1.74e+12(i) 1.44e+12(i)   (i) = interior primero
[2] Grupo 1/6: ruta unificada (mapas por lado), orden: PORTAFOLIO (mitad de los hilos con cada orden)
    ... 5.7 s | grupo 1/6 | 2496724 nodos | revisado 1.54e-05%, faltan ~151 días [menos opciones 1.54e-05%, reinicios, menos opciones 6.92e-04%, reinicios, interior primero 0.752%] (Knuth: ~26 días) | máximo colocado 51 de 64 | hilos 4 de 12
    ... 7.7 s | grupo 1/6 | 4973293 nodos | revisado 5.73e-05%, faltan ~81 días [menos opciones 5.73e-05%, reinicios, menos opciones 1.06e-03%, reinicios, interior primero 2.3%] (Knuth: ~26 días) | máximo colocado 51 de 64 | hilos 4 de 12
    ... 9.7 s | grupo 1/6 | 7449475 nodos | revisado 9.19e-05%, faltan ~76 días [menos opciones 9.19e-05%, reinicios, menos opciones 1.30e-03%, reinicios, interior primero 2.3%] (Knuth: ~26 días) | máximo colocado 51 de 64 | hilos 4 de 12
    ... 11.7 s | grupo 1/6 | 9958317 nodos | revisado 1.17e-04%, faltan ~79 días [menos opciones 1.17e-04%, reinicios, menos opciones 1.62e-03%, reinicios, interior primero 3.8%] (Knuth: ~26 días) | máximo colocado 51 de 64 | hilos 4 de 12
    ... 13.7 s | grupo 1/6 | 12460245 nodos | revisado 1.50e-04%, faltan ~77 días [menos opciones 1.50e-04%, reinicios, menos opciones 1.94e-03%, reinicios, interior primero 3.8%] (Knuth: ~26 días) | máximo colocado 51 de 64 | hilos 4 de 12
    ... 15.7 s | grupo 1/6 | 14973890 nodos | revisado 1.94e-04%, faltan ~72 días [menos opciones 1.94e-04%, reinicios, menos opciones 2.08e-03%, reinicios, interior primero 3.8%] (Knuth: ~26 días) | máximo colocado 51 de 64 | hilos 4 de 12
    ... 17.7 s | grupo 1/6 | 17479037 nodos | revisado 2.50e-04%, faltan ~65 días [menos opciones 2.50e-04%, reinicios, menos opciones 2.36e-03%, reinicios, interior primero 4.5%] (Knuth: ~26 días) | máximo colocado 51 de 64 | hilos 4 de 12
    ... 19.7 s | grupo 1/6 | 19981654 nodos | revisado 3.25e-04%, faltan ~57 días [menos opciones 3.25e-04%, reinicios, menos opciones 2.85e-03%, reinicios, interior primero 6.0%] (Knuth: ~26 días) | máximo colocado 51 de 64 | hilos 4 de 12
    ... 21.7 s | grupo 1/6 | 22480611 nodos | revisado 3.59e-04%, faltan ~58 días [menos opciones 3.59e-04%, reinicios, menos opciones 3.20e-03%, reinicios, interior primero 6.0%] (Knuth: ~26 días) | máximo colocado 51 de 64 | hilos 4 de 12
    ... 23.8 s | grupo 1/6 | 24986466 nodos | revisado 3.92e-04%, faltan ~59 días [menos opciones 3.92e-04%, reinicios, menos opciones 3.96e-03%, reinicios, interior primero 6.0%] (Knuth: ~26 días) | máximo colocado 51 de 64 | hilos 4 de 12
    ... 25.8 s | grupo 1/6 | 27483539 nodos | revisado 4.12e-04%, faltan ~62 días [menos opciones 4.12e-04%, reinicios, menos opciones 4.14e-03%, reinicios, interior primero 7.5%] (Knuth: ~26 días) | máximo colocado 51 de 64 | hilos 4 de 12
    ... 27.8 s | grupo 1/6 | 29978337 nodos | revisado 4.24e-04%, faltan ~66 días [menos opciones 4.24e-04%, reinicios, menos opciones 4.98e-03%, reinicios, interior primero 7.5%] (Knuth: ~26 días) | máximo colocado 51 de 64 | hilos 4 de 12
    ... 29.8 s | grupo 1/6 | 32462471 nodos | revisado 4.33e-04%, faltan ~70 días [menos opciones 4.33e-04%, reinicios, menos opciones 5.66e-03%, reinicios, interior primero 7.5%] (Knuth: ~26 días) | máximo colocado 51 de 64 | hilos 4 de 12
    ... 31.8 s | grupo 1/6 | 34924205 nodos | revisado 4.47e-04%, faltan ~73 días [menos opciones 4.47e-04%, reinicios, menos opciones 5.81e-03%, reinicios, interior primero 7.5%] (Knuth: ~26 días) | máximo colocado 51 de 64 | hilos 4 de 12
    ... 33.8 s | grupo 1/6 | 37444138 nodos | revisado 4.61e-04%, faltan ~76 días [menos opciones 4.61e-04%, reinicios, menos opciones 5.92e-03%, reinicios, interior primero 7.5%] (Knuth: ~26 días) | máximo colocado 51 de 64 | hilos 4 de 12
    ... 35.8 s | grupo 1/6 | 39949000 nodos | revisado 4.69e-04%, faltan ~79 días [menos opciones 4.69e-04%, reinicios, menos opciones 6.14e-03%, reinicios, interior primero 7.5%] (Knuth: ~26 días) | máximo colocado 51 de 64 | hilos 4 de 12
    ... 37.8 s | grupo 1/6 | 42473520 nodos | revisado 4.83e-04%, faltan ~82 días [menos opciones 4.83e-04%, reinicios, menos opciones 6.51e-03%, reinicios, interior primero 7.5%] (Knuth: ~26 días) | máximo colocado 51 de 64 | hilos 4 de 12
    ... 39.8 s | grupo 1/6 | 44970318 nodos | revisado 5.01e-04%, faltan ~83 días [menos opciones 5.01e-04%, reinicios, menos opciones 6.61e-03%, reinicios, interior primero 7.5%] (Knuth: ~26 días) | máximo colocado 51 de 64 | hilos 4 de 12
    ... 41.8 s | grupo 1/6 | 47430312 nodos | revisado 5.27e-04%, faltan ~84 días [menos opciones 5.27e-04%, reinicios, menos opciones 6.69e-03%, reinicios, interior primero 8.3%] (Knuth: ~26 días) | máximo colocado 51 de 64 | hilos 4 de 12
    ... 43.8 s | grupo 1/6 | 49903186 nodos | revisado 5.43e-04%, faltan ~86 días [menos opciones 5.43e-04%, reinicios, menos opciones 7.46e-03%, reinicios, interior primero 8.3%] (Knuth: ~26 días) | máximo colocado 51 de 64 | hilos 4 de 12
    ... 45.9 s | grupo 1/6 | 52380106 nodos | revisado 5.53e-04%, faltan ~88 días [menos opciones 5.53e-04%, reinicios, menos opciones 7.57e-03%, reinicios, interior primero 8.3%] (Knuth: ~26 días) | máximo colocado 51 de 64 | hilos 4 de 12
    ... 47.9 s | grupo 1/6 | 54842191 nodos | revisado 5.61e-04%, faltan ~91 días [menos opciones 5.61e-04%, reinicios, menos opciones 7.79e-03%, reinicios, interior primero 8.3%] (Knuth: ~26 días) | máximo colocado 51 de 64 | hilos 4 de 12
    ... 49.9 s | grupo 1/6 | 57333105 nodos | revisado 5.70e-04%, faltan ~94 días [menos opciones 5.70e-04%, reinicios, menos opciones 8.30e-03%, reinicios, interior primero 8.3%] (Knuth: ~26 días) | máximo colocado 51 de 64 | hilos 4 de 12
    ... 51.9 s | grupo 1/6 | 59816478 nodos | revisado 5.77e-04%, faltan ~97 días [menos opciones 5.77e-04%, reinicios, menos opciones 8.68e-03%, reinicios, interior primero 8.3%] (Knuth: ~26 días) | máximo colocado 51 de 64 | hilos 4 de 12
    ... 53.9 s | grupo 1/6 | 62300395 nodos | revisado 5.82e-04%, faltan ~100 días [menos opciones 5.82e-04%, reinicios, menos opciones 8.86e-03%, reinicios, interior primero 8.3%] (Knuth: ~26 días) | máximo colocado 51 de 64 | hilos 4 de 12
    ... 55.9 s | grupo 1/6 | 64766770 nodos | revisado 5.89e-04%, faltan ~103 días [menos opciones 5.89e-04%, reinicios, menos opciones 9.06e-03%, reinicios, interior primero 8.3%] (Knuth: ~26 días) | máximo colocado 51 de 64 | hilos 4 de 12
    ... 57.9 s | grupo 1/6 | 67232346 nodos | revisado 5.99e-04%, faltan ~105 días [menos opciones 5.99e-04%, reinicios, menos opciones 9.41e-03%, reinicios, interior primero 9.0%] (Knuth: ~26 días) | máximo colocado 51 de 64 | hilos 4 de 12
    ... 59.9 s | grupo 1/6 | 69696457 nodos | revisado 6.10e-04%, faltan ~107 días [menos opciones 6.10e-04%, reinicios, menos opciones 9.59e-03%, reinicios, interior primero 9.0%] (Knuth: ~26 días) | máximo colocado 51 de 64 | hilos 4 de 12
    ... 61.9 s | grupo 1/6 | 72176880 nodos | revisado 6.23e-04%, faltan ~108 días [menos opciones 6.23e-04%, reinicios, menos opciones 9.74e-03%, reinicios, interior primero 9.0%] (Knuth: ~26 días) | máximo colocado 51 de 64 | hilos 4 de 12
    ... 63.9 s | grupo 1/6 | 74668006 nodos | revisado 6.29e-04%, faltan ~111 días [menos opciones 6.29e-04%, reinicios, menos opciones 9.97e-03%, reinicios, interior primero 9.0%] (Knuth: ~26 días) | máximo colocado 51 de 64 | hilos 4 de 12
    ... 66.0 s | grupo 1/6 | 77150498 nodos | revisado 6.38e-04%, faltan ~113 días [menos opciones 6.38e-04%, reinicios, menos opciones 0.011%, reinicios, interior primero 9.0%] (Knuth: ~26 días) | máximo colocado 51 de 64 | hilos 4 de 12
    ... 68.0 s | grupo 1/6 | 79607456 nodos | revisado 6.55e-04%, faltan ~114 días [menos opciones 6.55e-04%, reinicios, menos opciones 0.011%, reinicios, interior primero 9.8%] (Knuth: ~26 días) | máximo colocado 51 de 64 | hilos 4 de 12
    ... 70.0 s | grupo 1/6 | 82098140 nodos | revisado 6.81e-04%, faltan ~113 días [menos opciones 6.81e-04%, reinicios, menos opciones 0.011%, reinicios, interior primero 9.8%] (Knuth: ~26 días) | máximo colocado 51 de 64 | hilos 4 de 12
    ... 72.0 s | grupo 1/6 | 84584360 nodos | revisado 7.40e-04%, faltan ~107 días [menos opciones 7.40e-04%, reinicios, menos opciones 0.012%, reinicios, interior primero 9.8%] (Knuth: ~26 días) | máximo colocado 51 de 64 | hilos 4 de 12
    ... 74.0 s | grupo 1/6 | 87113980 nodos | revisado 7.70e-04%, faltan ~106 días [menos opciones 7.70e-04%, reinicios, menos opciones 0.012%, reinicios, interior primero 9.8%] (Knuth: ~26 días) | máximo colocado 51 de 64 | hilos 4 de 12
    ... 76.0 s | grupo 1/6 | 89624815 nodos | revisado 8.13e-04%, faltan ~103 días [menos opciones 8.13e-04%, reinicios, menos opciones 0.012%, reinicios, interior primero 9.8%] (Knuth: ~26 días) | máximo colocado 51 de 64 | hilos 4 de 12
    ... 78.0 s | grupo 1/6 | 92126327 nodos | revisado 8.75e-04%, faltan ~98 días [menos opciones 8.75e-04%, reinicios, menos opciones 0.012%, reinicios, interior primero 9.8%] (Knuth: ~26 días) | máximo colocado 51 de 64 | hilos 4 de 12
    ... 80.0 s | grupo 1/6 | 94591199 nodos | revisado 9.15e-04%, faltan ~97 días [menos opciones 9.15e-04%, reinicios, menos opciones 0.012%, reinicios, interior primero 9.8%] (Knuth: ~26 días) | máximo colocado 51 de 64 | hilos 4 de 12
    ... 82.0 s | grupo 1/6 | 97089480 nodos | revisado 9.49e-04%, faltan ~96 días [menos opciones 9.49e-04%, reinicios, menos opciones 0.012%, reinicios, interior primero 9.8%] (Knuth: ~26 días) | máximo colocado 51 de 64 | hilos 4 de 12
    ... 84.1 s | grupo 1/6 | 99560633 nodos | revisado 9.61e-04%, faltan ~97 días [menos opciones 9.61e-04%, reinicios, menos opciones 0.012%, reinicios, interior primero 9.8%] (Knuth: ~26 días) | máximo colocado 51 de 64 | hilos 4 de 12
    ... 86.1 s | grupo 1/6 | 102034591 nodos | revisado 9.87e-04%, faltan ~97 días [menos opciones 9.87e-04%, reinicios, menos opciones 0.012%, reinicios, interior primero 9.8%] (Knuth: ~26 días) | máximo colocado 51 de 64 | hilos 4 de 12
    ... 88.1 s | grupo 1/6 | 104487060 nodos | revisado 1.01e-03%, faltan ~97 días [menos opciones 1.01e-03%, reinicios, menos opciones 0.012%, reinicios, interior primero 9.8%] (Knuth: ~26 días) | máximo colocado 51 de 64 | hilos 4 de 12
    ... 90.1 s | grupo 1/6 | 106966353 nodos | revisado 1.07e-03%, faltan ~94 días [menos opciones 1.07e-03%, reinicios, menos opciones 0.013%, reinicios, interior primero 10.5%] (Knuth: ~26 días) | máximo colocado 51 de 64 | hilos 4 de 12
    ... 92.1 s | grupo 1/6 | 109452043 nodos | revisado 1.10e-03%, faltan ~93 días [menos opciones 1.10e-03%, reinicios, menos opciones 0.013%, reinicios, interior primero 10.5%] (Knuth: ~26 días) | máximo colocado 51 de 64 | hilos 4 de 12
    ... 94.1 s | grupo 1/6 | 111917844 nodos | revisado 1.15e-03%, faltan ~91 días [menos opciones 1.15e-03%, reinicios, menos opciones 0.014%, reinicios, interior primero 11.3%] (Knuth: ~26 días) | máximo colocado 51 de 64 | hilos 4 de 12
    ... 96.1 s | grupo 1/6 | 114400889 nodos | revisado 1.21e-03%, faltan ~89 días [menos opciones 1.21e-03%, reinicios, menos opciones 0.014%, reinicios, interior primero 11.3%] (Knuth: ~26 días) | máximo colocado 51 de 64 | hilos 4 de 12
    ... 98.1 s | grupo 1/6 | 116898562 nodos | revisado 1.24e-03%, faltan ~88 días [menos opciones 1.24e-03%, reinicios, menos opciones 0.014%, reinicios, interior primero 12.8%] (Knuth: ~26 días) | máximo colocado 51 de 64 | hilos 4 de 12
    ... 100.1 s | grupo 1/6 | 119395116 nodos | revisado 1.30e-03%, faltan ~86 días [menos opciones 1.30e-03%, reinicios, menos opciones 0.015%, reinicios, interior primero 12.8%] (Knuth: ~26 días) | máximo colocado 51 de 64 | hilos 4 de 12
    ... 102.1 s | grupo 1/6 | 121837933 nodos | revisado 1.35e-03%, faltan ~85 días [menos opciones 1.35e-03%, reinicios, menos opciones 0.015%, reinicios, interior primero 14.3%] (Knuth: ~26 días) | máximo colocado 51 de 64 | hilos 4 de 12
    ... 104.1 s | grupo 1/6 | 124324557 nodos | revisado 1.37e-03%, faltan ~85 días [menos opciones 1.37e-03%, reinicios, menos opciones 0.015%, reinicios, interior primero 14.3%] (Knuth: ~26 días) | máximo colocado 51 de 64 | hilos 4 de 12
    ... 106.1 s | grupo 1/6 | 126800830 nodos | revisado 1.38e-03%, faltan ~86 días [menos opciones 1.38e-03%, reinicios, menos opciones 0.015%, reinicios, interior primero 15.1%] (Knuth: ~26 días) | máximo colocado 51 de 64 | hilos 4 de 12
    ... 108.2 s | grupo 1/6 | 129266811 nodos | revisado 1.39e-03%, faltan ~87 días [menos opciones 1.39e-03%, reinicios, menos opciones 0.016%, reinicios, interior primero 15.1%] (Knuth: ~26 días) | máximo colocado 51 de 64 | hilos 4 de 12
    ... 110.2 s | grupo 1/6 | 131741615 nodos | revisado 1.41e-03%, faltan ~87 días [menos opciones 1.41e-03%, reinicios, menos opciones 0.016%, reinicios, interior primero 15.1%] (Knuth: ~26 días) | máximo colocado 51 de 64 | hilos 4 de 12
    ... 112.2 s | grupo 1/6 | 134217632 nodos | revisado 1.44e-03%, faltan ~87 días [menos opciones 1.44e-03%, reinicios, menos opciones 0.016%, reinicios, interior primero 15.1%] (Knuth: ~26 días) | máximo colocado 51 de 64 | hilos 4 de 12
    ... 114.2 s | grupo 1/6 | 136688717 nodos | revisado 1.46e-03%, faltan ~88 días [menos opciones 1.46e-03%, reinicios, menos opciones 0.016%, reinicios, interior primero 15.1%] (Knuth: ~26 días) | máximo colocado 51 de 64 | hilos 4 de 12
    ... 116.2 s | grupo 1/6 | 139163723 nodos | revisado 1.49e-03%, faltan ~87 días [menos opciones 1.49e-03%, reinicios, menos opciones 0.017%, reinicios, interior primero 15.1%] (Knuth: ~26 días) | máximo colocado 51 de 64 | hilos 4 de 12
    ... 118.2 s | grupo 1/6 | 141615567 nodos | revisado 1.57e-03%, faltan ~84 días [menos opciones 1.57e-03%, reinicios, menos opciones 0.017%, reinicios, interior primero 15.1%] (Knuth: ~26 días) | máximo colocado 51 de 64 | hilos 4 de 12
    ... 120.2 s | grupo 1/6 | 144107347 nodos | revisado 1.60e-03%, faltan ~84 días [menos opciones 1.60e-03%, reinicios, menos opciones 0.018%, reinicios, interior primero 16.6%] (Knuth: ~26 días) | máximo colocado 51 de 64 | hilos 4 de 12
    ... 122.2 s | grupo 1/6 | 146568531 nodos | revisado 1.63e-03%, faltan ~84 días [menos opciones 1.63e-03%, reinicios, menos opciones 0.020%, reinicios, interior primero 16.6%] (Knuth: ~26 días) | máximo colocado 51 de 64 | hilos 4 de 12
    ... 124.2 s | grupo 1/6 | 149028734 nodos | revisado 1.70e-03%, faltan ~82 días [menos opciones 1.70e-03%, reinicios, menos opciones 0.021%, reinicios, interior primero 16.6%] (Knuth: ~26 días) | máximo colocado 51 de 64 | hilos 4 de 12
    ... 126.2 s | grupo 1/6 | 151487582 nodos | revisado 1.77e-03%, faltan ~80 días [menos opciones 1.77e-03%, reinicios, menos opciones 0.021%, reinicios, interior primero 16.6%] (Knuth: ~26 días) | máximo colocado 51 de 64 | hilos 4 de 12
    ... 128.2 s | grupo 1/6 | 153975648 nodos | revisado 1.80e-03%, faltan ~80 días [menos opciones 1.80e-03%, reinicios, menos opciones 0.021%, reinicios, interior primero 16.6%] (Knuth: ~26 días) | máximo colocado 51 de 64 | hilos 4 de 12
    ... 130.2 s | grupo 1/6 | 156349972 nodos | revisado 1.85e-03%, faltan ~79 días [menos opciones 1.85e-03%, reinicios, menos opciones 0.022%, reinicios, interior primero 16.6%] (Knuth: ~26 días) | máximo colocado 51 de 64 | hilos 4 de 12
    ... 132.3 s | grupo 1/6 | 158833426 nodos | revisado 1.89e-03%, faltan ~79 días [menos opciones 1.89e-03%, reinicios, menos opciones 0.023%, reinicios, interior primero 16.6%] (Knuth: ~26 días) | máximo colocado 51 de 64 | hilos 4 de 12
    ... 134.3 s | grupo 1/6 | 161309844 nodos | revisado 1.95e-03%, faltan ~78 días [menos opciones 1.95e-03%, reinicios, menos opciones 0.023%, reinicios, interior primero 16.6%] (Knuth: ~26 días) | máximo colocado 51 de 64 | hilos 4 de 12
    ... 136.3 s | grupo 1/6 | 163751521 nodos | revisado 2.02e-03%, faltan ~76 días [menos opciones 2.02e-03%, reinicios, menos opciones 0.023%, reinicios, interior primero 16.6%] (Knuth: ~26 días) | máximo colocado 51 de 64 | hilos 4 de 12
    ... 138.3 s | grupo 1/6 | 166237592 nodos | revisado 2.05e-03%, faltan ~76 días [menos opciones 2.05e-03%, reinicios, menos opciones 0.024%, reinicios, interior primero 17.3%] (Knuth: ~26 días) | máximo colocado 51 de 64 | hilos 4 de 12
    ... 140.3 s | grupo 1/6 | 168700384 nodos | revisado 2.07e-03%, faltan ~76 días [menos opciones 2.07e-03%, reinicios, menos opciones 0.024%, reinicios, interior primero 17.3%] (Knuth: ~26 días) | máximo colocado 51 de 64 | hilos 4 de 12
    ... 142.3 s | grupo 1/6 | 171152471 nodos | revisado 2.10e-03%, faltan ~76 días [menos opciones 2.10e-03%, reinicios, menos opciones 0.025%, reinicios, interior primero 17.3%] (Knuth: ~26 días) | máximo colocado 51 de 64 | hilos 4 de 12
    ... 144.3 s | grupo 1/6 | 173598480 nodos | revisado 2.14e-03%, faltan ~76 días [menos opciones 2.14e-03%, reinicios, menos opciones 0.025%, reinicios, interior primero 17.3%] (Knuth: ~26 días) | máximo colocado 51 de 64 | hilos 4 de 12
    ... 146.3 s | grupo 1/6 | 176099506 nodos | revisado 2.17e-03%, faltan ~76 días [menos opciones 2.17e-03%, reinicios, menos opciones 0.025%, reinicios, interior primero 17.3%] (Knuth: ~26 días) | máximo colocado 51 de 64 | hilos 4 de 12
    ... 148.3 s | grupo 1/6 | 178583720 nodos | revisado 2.21e-03%, faltan ~76 días [menos opciones 2.21e-03%, reinicios, menos opciones 0.026%, reinicios, interior primero 18.1%] (Knuth: ~26 días) | máximo colocado 51 de 64 | hilos 4 de 12
    ... 150.3 s | grupo 1/6 | 181097780 nodos | revisado 2.23e-03%, faltan ~76 días [menos opciones 2.23e-03%, reinicios, menos opciones 0.026%, reinicios, interior primero 18.1%] (Knuth: ~26 días) | máximo colocado 52 de 64 | hilos 4 de 12
    ... 152.4 s | grupo 1/6 | 183590362 nodos | revisado 2.27e-03%, faltan ~76 días [menos opciones 2.27e-03%, reinicios, menos opciones 0.026%, reinicios, interior primero 18.1%] (Knuth: ~26 días) | máximo colocado 52 de 64 | hilos 4 de 12
    ... 154.4 s | grupo 1/6 | 186082289 nodos | revisado 2.31e-03%, faltan ~76 días [menos opciones 2.31e-03%, reinicios, menos opciones 0.026%, reinicios, interior primero 18.1%] (Knuth: ~26 días) | máximo colocado 54 de 64 | hilos 4 de 12
    ... 156.4 s | grupo 1/6 | 188566557 nodos | revisado 2.34e-03%, faltan ~76 días [menos opciones 2.34e-03%, reinicios, menos opciones 0.026%, reinicios, interior primero 18.1%] (Knuth: ~26 días) | máximo colocado 54 de 64 | hilos 4 de 12
    ... 158.4 s | grupo 1/6 | 191053654 nodos | revisado 2.40e-03%, faltan ~75 días [menos opciones 2.40e-03%, reinicios, menos opciones 0.026%, reinicios, interior primero 18.8%] (Knuth: ~26 días) | máximo colocado 54 de 64 | hilos 4 de 12
    ... 160.4 s | grupo 1/6 | 193526784 nodos | revisado 2.44e-03%, faltan ~74 días [menos opciones 2.44e-03%, reinicios, menos opciones 0.026%, reinicios, interior primero 18.8%] (Knuth: ~26 días) | máximo colocado 54 de 64 | hilos 4 de 12
    ... 162.4 s | grupo 1/6 | 195973687 nodos | revisado 2.47e-03%, faltan ~74 días [menos opciones 2.47e-03%, reinicios, menos opciones 0.027%, reinicios, interior primero 19.6%] (Knuth: ~26 días) | máximo colocado 54 de 64 | hilos 4 de 12
    ... 164.4 s | grupo 1/6 | 198447877 nodos | revisado 2.56e-03%, faltan ~73 días [menos opciones 2.56e-03%, reinicios, menos opciones 0.027%, reinicios, interior primero 19.6%] (Knuth: ~26 días) | máximo colocado 54 de 64 | hilos 4 de 12
    ... 166.4 s | grupo 1/6 | 200911859 nodos | revisado 2.63e-03%, faltan ~72 días [menos opciones 2.63e-03%, reinicios, menos opciones 0.027%, reinicios, interior primero 19.6%] (Knuth: ~26 días) | máximo colocado 54 de 64 | hilos 4 de 12
    ... 168.4 s | grupo 1/6 | 203346917 nodos | revisado 2.73e-03%, faltan ~70 días [menos opciones 2.73e-03%, reinicios, menos opciones 0.027%, reinicios, interior primero 19.6%] (Knuth: ~26 días) | máximo colocado 54 de 64 | hilos 4 de 12
    ... 170.4 s | grupo 1/6 | 205803471 nodos | revisado 2.82e-03%, faltan ~68 días [menos opciones 2.82e-03%, reinicios, menos opciones 0.027%, reinicios, interior primero 19.6%] (Knuth: ~26 días) | máximo colocado 54 de 64 | hilos 4 de 12
    ... 172.4 s | grupo 1/6 | 208273644 nodos | revisado 2.84e-03%, faltan ~69 días [menos opciones 2.84e-03%, reinicios, menos opciones 0.027%, reinicios, interior primero 19.6%] (Knuth: ~26 días) | máximo colocado 54 de 64 | hilos 4 de 12
    ... 174.5 s | grupo 1/6 | 210761532 nodos | revisado 2.87e-03%, faltan ~69 días [menos opciones 2.87e-03%, reinicios, menos opciones 0.027%, reinicios, interior primero 19.6%] (Knuth: ~26 días) | máximo colocado 54 de 64 | hilos 4 de 12
    ... 176.5 s | grupo 1/6 | 213274830 nodos | revisado 2.91e-03%, faltan ~69 días [menos opciones 2.91e-03%, reinicios, menos opciones 0.027%, reinicios, interior primero 19.6%] (Knuth: ~26 días) | máximo colocado 54 de 64 | hilos 4 de 12
    ... 178.5 s | grupo 1/6 | 215792202 nodos | revisado 2.96e-03%, faltan ~68 días [menos opciones 2.96e-03%, reinicios, menos opciones 0.027%, reinicios, interior primero 19.6%] (Knuth: ~26 días) | máximo colocado 54 de 64 | hilos 4 de 12
    ... 180.5 s | grupo 1/6 | 218279484 nodos | revisado 3.00e-03%, faltan ~68 días [menos opciones 3.00e-03%, reinicios, menos opciones 0.027%, reinicios, interior primero 19.6%] (Knuth: ~26 días) | máximo colocado 54 de 64 | hilos 4 de 12
    ... 182.5 s | grupo 1/6 | 220747525 nodos | revisado 3.04e-03%, faltan ~68 días [menos opciones 3.04e-03%, reinicios, menos opciones 0.028%, reinicios, interior primero 19.6%] (Knuth: ~26 días) | máximo colocado 54 de 64 | hilos 4 de 12
    ... 184.5 s | grupo 1/6 | 223200138 nodos | revisado 3.05e-03%, faltan ~69 días [menos opciones 3.05e-03%, reinicios, menos opciones 0.028%, reinicios, interior primero 19.6%] (Knuth: ~26 días) | máximo colocado 54 de 64 | hilos 4 de 12
    ... 186.5 s | grupo 1/6 | 225654737 nodos | revisado 3.07e-03%, faltan ~69 días [menos opciones 3.07e-03%, reinicios, menos opciones 0.028%, reinicios, interior primero 19.6%] (Knuth: ~26 días) | máximo colocado 54 de 64 | hilos 4 de 12
    ... 188.5 s | grupo 1/6 | 228120867 nodos | revisado 3.08e-03%, faltan ~69 días [menos opciones 3.08e-03%, reinicios, menos opciones 0.028%, reinicios, interior primero 19.6%] (Knuth: ~26 días) | máximo colocado 54 de 64 | hilos 4 de 12
    ... 190.5 s | grupo 1/6 | 230558521 nodos | revisado 3.09e-03%, faltan ~70 días [menos opciones 3.09e-03%, reinicios, menos opciones 0.028%, reinicios, interior primero 19.6%] (Knuth: ~26 días) | máximo colocado 54 de 64 | hilos 4 de 12
    ... 192.5 s | grupo 1/6 | 233016268 nodos | revisado 3.10e-03%, faltan ~71 días [menos opciones 3.10e-03%, reinicios, menos opciones 0.028%, reinicios, interior primero 20.3%] (Knuth: ~26 días) | máximo colocado 54 de 64 | hilos 4 de 12
    ... 194.5 s | grupo 1/6 | 235487802 nodos | revisado 3.12e-03%, faltan ~71 días [menos opciones 3.12e-03%, reinicios, menos opciones 0.028%, reinicios, interior primero 20.3%] (Knuth: ~26 días) | máximo colocado 54 de 64 | hilos 4 de 12
    ... 196.6 s | grupo 1/6 | 237967238 nodos | revisado 3.13e-03%, faltan ~71 días [menos opciones 3.13e-03%, reinicios, menos opciones 0.028%, reinicios, interior primero 20.3%] (Knuth: ~26 días) | máximo colocado 54 de 64 | hilos 4 de 12
    ... 198.6 s | grupo 1/6 | 240423463 nodos | revisado 3.15e-03%, faltan ~72 días [menos opciones 3.15e-03%, reinicios, menos opciones 0.028%, reinicios, interior primero 20.3%] (Knuth: ~26 días) | máximo colocado 54 de 64 | hilos 4 de 12
    ... 200.6 s | grupo 1/6 | 242861337 nodos | revisado 3.16e-03%, faltan ~72 días [menos opciones 3.16e-03%, reinicios, menos opciones 0.029%, reinicios, interior primero 20.3%] (Knuth: ~26 días) | máximo colocado 54 de 64 | hilos 4 de 12
    ... 202.6 s | grupo 1/6 | 245322289 nodos | revisado 3.17e-03%, faltan ~73 días [menos opciones 3.17e-03%, reinicios, menos opciones 0.029%, reinicios, interior primero 21.1%] (Knuth: ~26 días) | máximo colocado 54 de 64 | hilos 4 de 12
    ... 204.6 s | grupo 1/6 | 247762217 nodos | revisado 3.18e-03%, faltan ~73 días [menos opciones 3.18e-03%, reinicios, menos opciones 0.029%, reinicios, interior primero 21.8%] (Knuth: ~26 días) | máximo colocado 54 de 64 | hilos 4 de 12
    ... 206.6 s | grupo 1/6 | 250227030 nodos | revisado 3.20e-03%, faltan ~73 días [menos opciones 3.20e-03%, reinicios, menos opciones 0.029%, reinicios, interior primero 21.8%] (Knuth: ~26 días) | máximo colocado 54 de 64 | hilos 4 de 12
    ... 208.6 s | grupo 1/6 | 252668132 nodos | revisado 3.21e-03%, faltan ~74 días [menos opciones 3.21e-03%, reinicios, menos opciones 0.030%, reinicios, interior primero 21.8%] (Knuth: ~26 días) | máximo colocado 54 de 64 | hilos 4 de 12
    ... 210.6 s | grupo 1/6 | 255148348 nodos | revisado 3.24e-03%, faltan ~74 días [menos opciones 3.24e-03%, reinicios, menos opciones 0.030%, reinicios, interior primero 22.6%] (Knuth: ~26 días) | máximo colocado 54 de 64 | hilos 4 de 12
    ... 212.6 s | grupo 1/6 | 257604729 nodos | revisado 3.27e-03%, faltan ~74 días [menos opciones 3.27e-03%, reinicios, menos opciones 0.030%, reinicios, interior primero 22.6%] (Knuth: ~26 días) | máximo colocado 54 de 64 | hilos 4 de 12
    ... 214.6 s | grupo 1/6 | 260058455 nodos | revisado 3.29e-03%, faltan ~74 días [menos opciones 3.29e-03%, reinicios, menos opciones 0.030%, reinicios, interior primero 22.6%] (Knuth: ~26 días) | máximo colocado 54 de 64 | hilos 4 de 12
    ... 216.6 s | grupo 1/6 | 262535230 nodos | revisado 3.37e-03%, faltan ~73 días [menos opciones 3.37e-03%, reinicios, menos opciones 0.031%, reinicios, interior primero 23.3%] (Knuth: ~26 días) | máximo colocado 54 de 64 | hilos 4 de 12
    ... 218.6 s | grupo 1/6 | 265014518 nodos | revisado 3.43e-03%, faltan ~72 días [menos opciones 3.43e-03%, reinicios, menos opciones 0.031%, reinicios, interior primero 24.1%] (Knuth: ~26 días) | máximo colocado 54 de 64 | hilos 4 de 12
    ... 220.7 s | grupo 1/6 | 267484885 nodos | revisado 3.48e-03%, faltan ~72 días [menos opciones 3.48e-03%, reinicios, menos opciones 0.031%, reinicios, interior primero 24.8%] (Knuth: ~26 días) | máximo colocado 54 de 64 | hilos 4 de 12
    ... 222.7 s | grupo 1/6 | 269928676 nodos | revisado 3.49e-03%, faltan ~73 días [menos opciones 3.49e-03%, reinicios, menos opciones 0.031%, reinicios, interior primero 24.8%] (Knuth: ~26 días) | máximo colocado 54 de 64 | hilos 4 de 12
    ... 224.7 s | grupo 1/6 | 272380640 nodos | revisado 3.52e-03%, faltan ~73 días [menos opciones 3.52e-03%, reinicios, menos opciones 0.031%, reinicios, interior primero 25.6%] (Knuth: ~26 días) | máximo colocado 54 de 64 | hilos 4 de 12
    ... 226.7 s | grupo 1/6 | 274833854 nodos | revisado 3.54e-03%, faltan ~73 días [menos opciones 3.54e-03%, reinicios, menos opciones 0.031%, reinicios, interior primero 25.6%] (Knuth: ~26 días) | máximo colocado 54 de 64 | hilos 4 de 12
    ... 228.7 s | grupo 1/6 | 277296851 nodos | revisado 3.56e-03%, faltan ~73 días [menos opciones 3.56e-03%, reinicios, menos opciones 0.031%, reinicios, interior primero 25.6%] (Knuth: ~26 días) | máximo colocado 54 de 64 | hilos 4 de 12
    ... 230.7 s | grupo 1/6 | 279766011 nodos | revisado 3.58e-03%, faltan ~73 días [menos opciones 3.58e-03%, reinicios, menos opciones 0.031%, reinicios, interior primero 26.3%] (Knuth: ~26 días) | máximo colocado 54 de 64 | hilos 4 de 12
    ... 232.7 s | grupo 1/6 | 282220632 nodos | revisado 3.60e-03%, faltan ~74 días [menos opciones 3.60e-03%, reinicios, menos opciones 0.032%, reinicios, interior primero 26.3%] (Knuth: ~26 días) | máximo colocado 54 de 64 | hilos 4 de 12
    ... 234.7 s | grupo 1/6 | 284699577 nodos | revisado 3.65e-03%, faltan ~73 días [menos opciones 3.65e-03%, reinicios, menos opciones 0.032%, reinicios, interior primero 27.8%] (Knuth: ~26 días) | máximo colocado 54 de 64 | hilos 4 de 12
    ... 236.7 s | grupo 1/6 | 287194977 nodos | revisado 3.69e-03%, faltan ~73 días [menos opciones 3.69e-03%, reinicios, menos opciones 0.032%, reinicios, interior primero 27.8%] (Knuth: ~26 días) | máximo colocado 54 de 64 | hilos 4 de 12
    ... 238.7 s | grupo 1/6 | 289657049 nodos | revisado 3.71e-03%, faltan ~73 días [menos opciones 3.71e-03%, reinicios, menos opciones 0.033%, reinicios, interior primero 28.6%] (Knuth: ~26 días) | máximo colocado 54 de 64 | hilos 4 de 12
    ... 240.8 s | grupo 1/6 | 292127683 nodos | revisado 3.72e-03%, faltan ~74 días [menos opciones 3.72e-03%, reinicios, menos opciones 0.033%, reinicios, interior primero 28.6%] (Knuth: ~26 días) | máximo colocado 54 de 64 | hilos 4 de 12
    ... 242.8 s | grupo 1/6 | 294602584 nodos | revisado 3.73e-03%, faltan ~74 días [menos opciones 3.73e-03%, reinicios, menos opciones 0.033%, reinicios, interior primero 30.1%] (Knuth: ~26 días) | máximo colocado 54 de 64 | hilos 4 de 12
    ... 244.8 s | grupo 1/6 | 297072427 nodos | revisado 3.73e-03%, faltan ~75 días [menos opciones 3.73e-03%, reinicios, menos opciones 0.033%, reinicios, interior primero 30.9%] (Knuth: ~26 días) | máximo colocado 54 de 64 | hilos 4 de 12
    ... 246.8 s | grupo 1/6 | 299503826 nodos | revisado 3.74e-03%, faltan ~75 días [menos opciones 3.74e-03%, reinicios, menos opciones 0.034%, reinicios, interior primero 30.9%] (Knuth: ~26 días) | máximo colocado 54 de 64 | hilos 4 de 12
    ... 248.8 s | grupo 1/6 | 301950894 nodos | revisado 3.75e-03%, faltan ~76 días [menos opciones 3.75e-03%, reinicios, menos opciones 0.034%, reinicios, interior primero 30.9%] (Knuth: ~26 días) | máximo colocado 54 de 64 | hilos 4 de 12
    ... 250.8 s | grupo 1/6 | 304412447 nodos | revisado 3.76e-03%, faltan ~76 días [menos opciones 3.76e-03%, reinicios, menos opciones 0.034%, reinicios, interior primero 30.9%] (Knuth: ~26 días) | máximo colocado 54 de 64 | hilos 4 de 12
    ... 252.8 s | grupo 1/6 | 306879453 nodos | revisado 3.78e-03%, faltan ~76 días [menos opciones 3.78e-03%, reinicios, menos opciones 0.035%, reinicios, interior primero 30.9%] (Knuth: ~26 días) | máximo colocado 54 de 64 | hilos 4 de 12
    ... 254.8 s | grupo 1/6 | 309355730 nodos | revisado 3.78e-03%, faltan ~77 días [menos opciones 3.78e-03%, reinicios, menos opciones 0.036%, reinicios, interior primero 30.9%] (Knuth: ~26 días) | máximo colocado 54 de 64 | hilos 4 de 12
    ... 256.8 s | grupo 1/6 | 311789903 nodos | revisado 3.79e-03%, faltan ~77 días [menos opciones 3.79e-03%, reinicios, menos opciones 0.036%, reinicios, interior primero 31.6%] (Knuth: ~26 días) | máximo colocado 54 de 64 | hilos 4 de 12
    ... 258.8 s | grupo 1/6 | 314219450 nodos | revisado 3.79e-03%, faltan ~78 días [menos opciones 3.79e-03%, reinicios, menos opciones 0.036%, reinicios, interior primero 31.6%] (Knuth: ~26 días) | máximo colocado 54 de 64 | hilos 4 de 12
    ... 260.8 s | grupo 1/6 | 316665419 nodos | revisado 3.80e-03%, faltan ~78 días [menos opciones 3.80e-03%, reinicios, menos opciones 0.036%, reinicios, interior primero 31.6%] (Knuth: ~26 días) | máximo colocado 54 de 64 | hilos 4 de 12
    ... 262.9 s | grupo 1/6 | 319120008 nodos | revisado 3.80e-03%, faltan ~79 días [menos opciones 3.80e-03%, reinicios, menos opciones 0.036%, reinicios, interior primero 31.6%] (Knuth: ~26 días) | máximo colocado 54 de 64 | hilos 4 de 12
    ... 264.9 s | grupo 1/6 | 321601222 nodos | revisado 3.82e-03%, faltan ~79 días [menos opciones 3.82e-03%, reinicios, menos opciones 0.037%, reinicios, interior primero 31.6%] (Knuth: ~26 días) | máximo colocado 54 de 64 | hilos 4 de 12
    ... 266.9 s | grupo 1/6 | 324112321 nodos | revisado 3.83e-03%, faltan ~80 días [menos opciones 3.83e-03%, reinicios, menos opciones 0.037%, reinicios, interior primero 31.6%] (Knuth: ~26 días) | máximo colocado 54 de 64 | hilos 4 de 12
    ... 268.9 s | grupo 1/6 | 326614855 nodos | revisado 3.84e-03%, faltan ~80 días [menos opciones 3.84e-03%, reinicios, menos opciones 0.037%, reinicios, interior primero 31.6%] (Knuth: ~26 días) | máximo colocado 54 de 64 | hilos 4 de 12
    ... 270.9 s | grupo 1/6 | 329104393 nodos | revisado 3.84e-03%, faltan ~80 días [menos opciones 3.84e-03%, reinicios, menos opciones 0.037%, reinicios, interior primero 31.6%] (Knuth: ~26 días) | máximo colocado 54 de 64 | hilos 4 de 12
    ... 272.9 s | grupo 1/6 | 331567323 nodos | revisado 3.85e-03%, faltan ~81 días [menos opciones 3.85e-03%, reinicios, menos opciones 0.037%, reinicios, interior primero 31.6%] (Knuth: ~26 días) | máximo colocado 54 de 64 | hilos 4 de 12
    ... 274.9 s | grupo 1/6 | 334049689 nodos | revisado 3.86e-03%, faltan ~81 días [menos opciones 3.86e-03%, reinicios, menos opciones 0.037%, reinicios, interior primero 31.6%] (Knuth: ~26 días) | máximo colocado 54 de 64 | hilos 4 de 12
    ... 276.9 s | grupo 1/6 | 336495675 nodos | revisado 3.87e-03%, faltan ~82 días [menos opciones 3.87e-03%, reinicios, menos opciones 0.037%, reinicios, interior primero 31.6%] (Knuth: ~26 días) | máximo colocado 54 de 64 | hilos 4 de 12
    ... 278.9 s | grupo 1/6 | 338923106 nodos | revisado 3.88e-03%, faltan ~82 días [menos opciones 3.88e-03%, reinicios, menos opciones 0.038%, reinicios, interior primero 32.4%] (Knuth: ~26 días) | máximo colocado 54 de 64 | hilos 4 de 12
    ... 280.9 s | grupo 1/6 | 341396604 nodos | revisado 3.90e-03%, faltan ~82 días [menos opciones 3.90e-03%, reinicios, menos opciones 0.038%, reinicios, interior primero 34.6%] (Knuth: ~26 días) | máximo colocado 54 de 64 | hilos 4 de 12
    ... 282.9 s | grupo 1/6 | 343830394 nodos | revisado 3.90e-03%, faltan ~83 días [menos opciones 3.90e-03%, reinicios, menos opciones 0.038%, reinicios, interior primero 34.6%] (Knuth: ~26 días) | máximo colocado 54 de 64 | hilos 4 de 12
    ... 284.9 s | grupo 1/6 | 346309119 nodos | revisado 3.91e-03%, faltan ~83 días [menos opciones 3.91e-03%, reinicios, menos opciones 0.040%, reinicios, interior primero 34.6%] (Knuth: ~26 días) | máximo colocado 54 de 64 | hilos 4 de 12
    ... 287.0 s | grupo 1/6 | 348769885 nodos | revisado 3.94e-03%, faltan ~83 días [menos opciones 3.94e-03%, reinicios, menos opciones 0.040%, reinicios, interior primero 34.6%] (Knuth: ~26 días) | máximo colocado 54 de 64 | hilos 4 de 12
    ... 289.0 s | grupo 1/6 | 351212031 nodos | revisado 3.95e-03%, faltan ~84 días [menos opciones 3.95e-03%, reinicios, menos opciones 0.041%, reinicios, interior primero 34.6%] (Knuth: ~26 días) | máximo colocado 54 de 64 | hilos 4 de 12
    ... 291.0 s | grupo 1/6 | 353686135 nodos | revisado 3.96e-03%, faltan ~84 días [menos opciones 3.96e-03%, reinicios, menos opciones 0.041%, reinicios, interior primero 35.4%] (Knuth: ~26 días) | máximo colocado 54 de 64 | hilos 4 de 12
    ... 293.0 s | grupo 1/6 | 356066097 nodos | revisado 3.97e-03%, faltan ~84 días [menos opciones 3.97e-03%, reinicios, menos opciones 0.041%, reinicios, interior primero 35.4%] (Knuth: ~26 días) | máximo colocado 54 de 64 | hilos 4 de 12
    ... 295.0 s | grupo 1/6 | 358453947 nodos | revisado 3.99e-03%, faltan ~85 días [menos opciones 3.99e-03%, reinicios, menos opciones 0.041%, reinicios, interior primero 35.4%] (Knuth: ~26 días) | máximo colocado 54 de 64 | hilos 4 de 12
    ... 297.0 s | grupo 1/6 | 360923534 nodos | revisado 3.99e-03%, faltan ~85 días [menos opciones 3.99e-03%, reinicios, menos opciones 0.042%, reinicios, interior primero 35.4%] (Knuth: ~26 días) | máximo colocado 54 de 64 | hilos 4 de 12
    ... 299.0 s | grupo 1/6 | 363403041 nodos | revisado 4.04e-03%, faltan ~85 días [menos opciones 4.04e-03%, reinicios, menos opciones 0.042%, reinicios, interior primero 36.9%] (Knuth: ~26 días) | máximo colocado 54 de 64 | hilos 4 de 12
[4] Grupo 1: cortado por límite de tiempo
[5] Tiempo total: 5 min
RESULTADO resuelto=0 ms=300009.7 marcos=0 nodos=364623872 grupos=1/6 hilos=12 t_marcos=0.000 t_interior=296.315 lados=0 unificado=1 max_colocadas=54 motivo=limite
