[0] Tablero 8x8, 11 colores, 12 hilos
[1] Esquina fija (3,4). 6 grupos, orden por coste: 6.6e+16 6.6e+16 6.67e+16 6.67e+16 6.67e+16 6.67e+16
    grupo 1, orden menos opciones: estimado 1.14e+12 nodos
    grupo 1, orden interior primero: estimado 5.52e+11 nodos
    grupo 2, orden menos opciones: estimado 1.29e+12 nodos
    grupo 2, orden interior primero: estimado 9.66e+11 nodos
    grupo 3, orden menos opciones: estimado 1.72e+12 nodos
    grupo 3, orden interior primero: estimado 7.82e+11 nodos
    grupo 4, orden menos opciones: estimado 1.43e+12 nodos
    grupo 4, orden interior primero: estimado 8.21e+11 nodos
    grupo 5, orden menos opciones: estimado 1.41e+12 nodos
    grupo 5, orden interior primero: estimado 5.99e+11 nodos
    grupo 6, orden menos opciones: estimado 9.54e+11 nodos
    grupo 6, orden interior primero: estimado 9.34e+11 nodos
[1] Estimado de Knuth por grupo (nodos): 1.14e+12 1.29e+12 1.72e+12 1.43e+12 1.41e+12 9.54e+11   (i) = interior primero
[2] Grupo 1/6: ruta unificada (mapas por lado), orden: PORTAFOLIO (mitad de los hilos con cada orden)
    ... 5.7 s | grupo 1/6 | 2322356 nodos | revisado 3.99e-04%, faltan ~6 días [menos opciones 3.99e-04%, reinicios, menos opciones 2.39e-03%, reinicios, interior primero 4.28e-03%] (Knuth: ~11 días) | máximo colocado 50 de 64 | hilos 4 de 12
    ... 7.7 s | grupo 1/6 | 4652617 nodos | revisado 4.94e-04%, faltan ~9 días [menos opciones 4.94e-04%, reinicios, menos opciones 3.47e-03%, reinicios, interior primero 8.83e-03%] (Knuth: ~11 días) | máximo colocado 50 de 64 | hilos 4 de 12
    ... 9.7 s | grupo 1/6 | 7001310 nodos | revisado 5.57e-04%, faltan ~13 días [menos opciones 5.57e-04%, reinicios, menos opciones 3.61e-03%, reinicios, interior primero 0.011%] (Knuth: ~11 días) | máximo colocado 51 de 64 | hilos 4 de 12
    ... 11.7 s | grupo 1/6 | 9361449 nodos | revisado 6.06e-04%, faltan ~15 días [menos opciones 6.06e-04%, reinicios, menos opciones 4.67e-03%, reinicios, interior primero 0.016%] (Knuth: ~11 días) | máximo colocado 51 de 64 | hilos 4 de 12
    ... 13.7 s | grupo 1/6 | 11728208 nodos | revisado 6.64e-04%, faltan ~17 días [menos opciones 6.64e-04%, reinicios, menos opciones 5.24e-03%, reinicios, interior primero 0.020%] (Knuth: ~11 días) | máximo colocado 51 de 64 | hilos 4 de 12
    ... 15.7 s | grupo 1/6 | 14084813 nodos | revisado 7.09e-04%, faltan ~20 días [menos opciones 7.09e-04%, reinicios, menos opciones 5.49e-03%, reinicios, interior primero 0.021%] (Knuth: ~11 días) | máximo colocado 51 de 64 | hilos 4 de 12
    ... 17.7 s | grupo 1/6 | 16442827 nodos | revisado 7.69e-04%, faltan ~21 días [menos opciones 7.69e-04%, reinicios, menos opciones 6.08e-03%, reinicios, interior primero 0.021%] (Knuth: ~11 días) | máximo colocado 51 de 64 | hilos 4 de 12
    ... 19.7 s | grupo 1/6 | 18798803 nodos | revisado 8.29e-04%, faltan ~22 días [menos opciones 8.29e-04%, reinicios, menos opciones 8.80e-03%, reinicios, interior primero 0.028%] (Knuth: ~11 días) | máximo colocado 51 de 64 | hilos 4 de 12
    ... 21.7 s | grupo 1/6 | 21143812 nodos | revisado 1.16e-03%, faltan ~18 días [menos opciones 1.16e-03%, reinicios, menos opciones 9.50e-03%, reinicios, interior primero 0.029%] (Knuth: ~11 días) | máximo colocado 51 de 64 | hilos 4 de 12
    ... 23.7 s | grupo 1/6 | 23500241 nodos | revisado 1.18e-03%, faltan ~20 días [menos opciones 1.18e-03%, reinicios, menos opciones 9.89e-03%, reinicios, interior primero 0.030%] (Knuth: ~11 días) | máximo colocado 51 de 64 | hilos 4 de 12
    ... 25.7 s | grupo 1/6 | 25874211 nodos | revisado 1.22e-03%, faltan ~21 días [menos opciones 1.22e-03%, reinicios, menos opciones 0.011%, reinicios, interior primero 0.031%] (Knuth: ~11 días) | máximo colocado 51 de 64 | hilos 4 de 12
    ... 27.8 s | grupo 1/6 | 28232722 nodos | revisado 1.27e-03%, faltan ~22 días [menos opciones 1.27e-03%, reinicios, menos opciones 0.012%, reinicios, interior primero 0.033%] (Knuth: ~11 días) | máximo colocado 52 de 64 | hilos 4 de 12
    ... 29.8 s | grupo 1/6 | 30598567 nodos | revisado 1.31e-03%, faltan ~23 días [menos opciones 1.31e-03%, reinicios, menos opciones 0.012%, reinicios, interior primero 0.034%] (Knuth: ~11 días) | máximo colocado 52 de 64 | hilos 4 de 12
    ... 31.8 s | grupo 1/6 | 32920487 nodos | revisado 1.35e-03%, faltan ~24 días [menos opciones 1.35e-03%, reinicios, menos opciones 0.013%, reinicios, interior primero 0.041%] (Knuth: ~11 días) | máximo colocado 52 de 64 | hilos 4 de 12
    ... 33.8 s | grupo 1/6 | 35244035 nodos | revisado 1.41e-03%, faltan ~25 días [menos opciones 1.41e-03%, reinicios, menos opciones 0.014%, reinicios, interior primero 0.042%] (Knuth: ~11 días) | máximo colocado 52 de 64 | hilos 4 de 12
    ... 35.8 s | grupo 1/6 | 37607165 nodos | revisado 1.43e-03%, faltan ~26 días [menos opciones 1.43e-03%, reinicios, menos opciones 0.015%, reinicios, interior primero 0.042%] (Knuth: ~11 días) | máximo colocado 52 de 64 | hilos 4 de 12
    ... 37.8 s | grupo 1/6 | 39956149 nodos | revisado 1.45e-03%, faltan ~27 días [menos opciones 1.45e-03%, reinicios, menos opciones 0.015%, reinicios, interior primero 0.044%] (Knuth: ~11 días) | máximo colocado 52 de 64 | hilos 4 de 12
    ... 39.8 s | grupo 1/6 | 42283235 nodos | revisado 1.47e-03%, faltan ~29 días [menos opciones 1.47e-03%, reinicios, menos opciones 0.015%, reinicios, interior primero 0.044%] (Knuth: ~11 días) | máximo colocado 52 de 64 | hilos 4 de 12
    ... 41.8 s | grupo 1/6 | 44633873 nodos | revisado 1.48e-03%, faltan ~30 días [menos opciones 1.48e-03%, reinicios, menos opciones 0.018%, reinicios, interior primero 0.045%] (Knuth: ~11 días) | máximo colocado 52 de 64 | hilos 4 de 12
    ... 43.9 s | grupo 1/6 | 46929704 nodos | revisado 1.51e-03%, faltan ~31 días [menos opciones 1.51e-03%, reinicios, menos opciones 0.019%, reinicios, interior primero 0.049%] (Knuth: ~11 días) | máximo colocado 52 de 64 | hilos 4 de 12
    ... 45.9 s | grupo 1/6 | 49215196 nodos | revisado 1.53e-03%, faltan ~32 días [menos opciones 1.53e-03%, reinicios, menos opciones 0.019%, reinicios, interior primero 0.050%] (Knuth: ~11 días) | máximo colocado 52 de 64 | hilos 4 de 12
    ... 47.9 s | grupo 1/6 | 51566583 nodos | revisado 1.54e-03%, faltan ~33 días [menos opciones 1.54e-03%, reinicios, menos opciones 0.019%, reinicios, interior primero 0.051%] (Knuth: ~11 días) | máximo colocado 52 de 64 | hilos 4 de 12
    ... 49.9 s | grupo 1/6 | 53894784 nodos | revisado 1.55e-03%, faltan ~34 días [menos opciones 1.55e-03%, reinicios, menos opciones 0.023%, reinicios, interior primero 0.053%] (Knuth: ~11 días) | máximo colocado 52 de 64 | hilos 4 de 12
    ... 51.9 s | grupo 1/6 | 56237697 nodos | revisado 1.57e-03%, faltan ~35 días [menos opciones 1.57e-03%, reinicios, menos opciones 0.031%, reinicios, interior primero 0.054%] (Knuth: ~11 días) | máximo colocado 52 de 64 | hilos 4 de 12
    ... 53.9 s | grupo 1/6 | 58562131 nodos | revisado 1.58e-03%, faltan ~37 días [menos opciones 1.58e-03%, reinicios, menos opciones 0.031%, reinicios, interior primero 0.058%] (Knuth: ~11 días) | máximo colocado 52 de 64 | hilos 4 de 12
    ... 55.9 s | grupo 1/6 | 60894735 nodos | revisado 1.59e-03%, faltan ~38 días [menos opciones 1.59e-03%, reinicios, menos opciones 0.032%, reinicios, interior primero 0.059%] (Knuth: ~11 días) | máximo colocado 52 de 64 | hilos 4 de 12
    ... 57.9 s | grupo 1/6 | 63215479 nodos | revisado 1.61e-03%, faltan ~39 días [menos opciones 1.61e-03%, reinicios, menos opciones 0.032%, reinicios, interior primero 0.059%] (Knuth: ~11 días) | máximo colocado 52 de 64 | hilos 4 de 12
    ... 59.9 s | grupo 1/6 | 65587133 nodos | revisado 1.65e-03%, faltan ~39 días [menos opciones 1.65e-03%, reinicios, menos opciones 0.034%, reinicios, interior primero 0.061%] (Knuth: ~11 días) | máximo colocado 52 de 64 | hilos 4 de 12
    ... 61.9 s | grupo 1/6 | 67915963 nodos | revisado 1.68e-03%, faltan ~40 días [menos opciones 1.68e-03%, reinicios, menos opciones 0.034%, reinicios, interior primero 0.066%] (Knuth: ~11 días) | máximo colocado 52 de 64 | hilos 4 de 12
    ... 63.9 s | grupo 1/6 | 70267638 nodos | revisado 1.74e-03%, faltan ~40 días [menos opciones 1.74e-03%, reinicios, menos opciones 0.035%, reinicios, interior primero 0.067%] (Knuth: ~11 días) | máximo colocado 52 de 64 | hilos 4 de 12
    ... 66.0 s | grupo 1/6 | 72616151 nodos | revisado 1.76e-03%, faltan ~41 días [menos opciones 1.76e-03%, reinicios, menos opciones 0.035%, reinicios, interior primero 0.068%] (Knuth: ~11 días) | máximo colocado 52 de 64 | hilos 4 de 12
    ... 68.0 s | grupo 1/6 | 74969671 nodos | revisado 1.78e-03%, faltan ~42 días [menos opciones 1.78e-03%, reinicios, menos opciones 0.036%, reinicios, interior primero 0.069%] (Knuth: ~11 días) | máximo colocado 52 de 64 | hilos 4 de 12
    ... 70.0 s | grupo 1/6 | 77361182 nodos | revisado 1.80e-03%, faltan ~43 días [menos opciones 1.80e-03%, reinicios, menos opciones 0.036%, reinicios, interior primero 0.072%] (Knuth: ~11 días) | máximo colocado 52 de 64 | hilos 4 de 12
    ... 72.0 s | grupo 1/6 | 79719190 nodos | revisado 1.82e-03%, faltan ~43 días [menos opciones 1.82e-03%, reinicios, menos opciones 0.036%, reinicios, interior primero 0.072%] (Knuth: ~11 días) | máximo colocado 52 de 64 | hilos 4 de 12
    ... 74.0 s | grupo 1/6 | 82076225 nodos | revisado 1.86e-03%, faltan ~44 días [menos opciones 1.86e-03%, reinicios, menos opciones 0.037%, reinicios, interior primero 0.072%] (Knuth: ~11 días) | máximo colocado 52 de 64 | hilos 4 de 12
    ... 76.0 s | grupo 1/6 | 84428953 nodos | revisado 1.88e-03%, faltan ~45 días [menos opciones 1.88e-03%, reinicios, menos opciones 0.037%, reinicios, interior primero 0.072%] (Knuth: ~11 días) | máximo colocado 53 de 64 | hilos 4 de 12
    ... 78.0 s | grupo 1/6 | 86794505 nodos | revisado 1.90e-03%, faltan ~45 días [menos opciones 1.90e-03%, reinicios, menos opciones 0.038%, reinicios, interior primero 0.072%] (Knuth: ~11 días) | máximo colocado 53 de 64 | hilos 4 de 12
    ... 80.0 s | grupo 1/6 | 89125157 nodos | revisado 1.93e-03%, faltan ~46 días [menos opciones 1.93e-03%, reinicios, menos opciones 0.038%, reinicios, interior primero 0.072%] (Knuth: ~11 días) | máximo colocado 53 de 64 | hilos 4 de 12
    ... 82.0 s | grupo 1/6 | 91476622 nodos | revisado 1.98e-03%, faltan ~46 días [menos opciones 1.98e-03%, reinicios, menos opciones 0.038%, reinicios, interior primero 0.073%] (Knuth: ~11 días) | máximo colocado 53 de 64 | hilos 4 de 12
    ... 84.1 s | grupo 1/6 | 93804132 nodos | revisado 2.09e-03%, faltan ~45 días [menos opciones 2.09e-03%, reinicios, menos opciones 0.039%, reinicios, interior primero 0.073%] (Knuth: ~11 días) | máximo colocado 53 de 64 | hilos 4 de 12
    ... 86.1 s | grupo 1/6 | 96126221 nodos | revisado 2.19e-03%, faltan ~44 días [menos opciones 2.19e-03%, reinicios, menos opciones 0.039%, reinicios, interior primero 0.074%] (Knuth: ~11 días) | máximo colocado 53 de 64 | hilos 4 de 12
    ... 88.1 s | grupo 1/6 | 98452739 nodos | revisado 2.28e-03%, faltan ~43 días [menos opciones 2.28e-03%, reinicios, menos opciones 0.039%, reinicios, interior primero 0.079%] (Knuth: ~11 días) | máximo colocado 53 de 64 | hilos 4 de 12
    ... 90.1 s | grupo 1/6 | 100796000 nodos | revisado 2.38e-03%, faltan ~42 días [menos opciones 2.38e-03%, reinicios, menos opciones 0.040%, reinicios, interior primero 0.085%] (Knuth: ~11 días) | máximo colocado 53 de 64 | hilos 4 de 12
    ... 92.1 s | grupo 1/6 | 103134803 nodos | revisado 2.50e-03%, faltan ~41 días [menos opciones 2.50e-03%, reinicios, menos opciones 0.041%, reinicios, interior primero 0.091%] (Knuth: ~11 días) | máximo colocado 53 de 64 | hilos 4 de 12
    ... 94.1 s | grupo 1/6 | 105467829 nodos | revisado 2.61e-03%, faltan ~40 días [menos opciones 2.61e-03%, reinicios, menos opciones 0.041%, reinicios, interior primero 0.092%] (Knuth: ~11 días) | máximo colocado 53 de 64 | hilos 4 de 12
    ... 96.1 s | grupo 1/6 | 107839290 nodos | revisado 2.71e-03%, faltan ~39 días [menos opciones 2.71e-03%, reinicios, menos opciones 0.043%, reinicios, interior primero 0.093%] (Knuth: ~11 días) | máximo colocado 53 de 64 | hilos 4 de 12
    ... 98.1 s | grupo 1/6 | 110196741 nodos | revisado 2.81e-03%, faltan ~39 días [menos opciones 2.81e-03%, reinicios, menos opciones 0.044%, reinicios, interior primero 0.095%] (Knuth: ~11 días) | máximo colocado 53 de 64 | hilos 4 de 12
    ... 100.1 s | grupo 1/6 | 112564366 nodos | revisado 2.92e-03%, faltan ~38 días [menos opciones 2.92e-03%, reinicios, menos opciones 0.046%, reinicios, interior primero 0.097%] (Knuth: ~11 días) | máximo colocado 53 de 64 | hilos 4 de 12
    ... 102.1 s | grupo 1/6 | 114873965 nodos | revisado 2.97e-03%, faltan ~38 días [menos opciones 2.97e-03%, reinicios, menos opciones 0.046%, reinicios, interior primero 0.098%] (Knuth: ~11 días) | máximo colocado 53 de 64 | hilos 4 de 12
    ... 104.1 s | grupo 1/6 | 117194546 nodos | revisado 3.00e-03%, faltan ~39 días [menos opciones 3.00e-03%, reinicios, menos opciones 0.046%, reinicios, interior primero 0.099%] (Knuth: ~11 días) | máximo colocado 53 de 64 | hilos 4 de 12
    ... 106.2 s | grupo 1/6 | 119513844 nodos | revisado 3.05e-03%, faltan ~39 días [menos opciones 3.05e-03%, reinicios, menos opciones 0.047%, reinicios, interior primero 0.099%] (Knuth: ~11 días) | máximo colocado 53 de 64 | hilos 4 de 12
    ... 108.2 s | grupo 1/6 | 121875560 nodos | revisado 3.19e-03%, faltan ~38 días [menos opciones 3.19e-03%, reinicios, menos opciones 0.048%, reinicios, interior primero 0.101%] (Knuth: ~11 días) | máximo colocado 53 de 64 | hilos 4 de 12
    ... 110.2 s | grupo 1/6 | 124218586 nodos | revisado 3.30e-03%, faltan ~37 días [menos opciones 3.30e-03%, reinicios, menos opciones 0.048%, reinicios, interior primero 0.101%] (Knuth: ~11 días) | máximo colocado 53 de 64 | hilos 4 de 12
    ... 112.2 s | grupo 1/6 | 126589861 nodos | revisado 3.38e-03%, faltan ~37 días [menos opciones 3.38e-03%, reinicios, menos opciones 0.049%, reinicios, interior primero 0.106%] (Knuth: ~11 días) | máximo colocado 53 de 64 | hilos 4 de 12
    ... 114.2 s | grupo 1/6 | 128965208 nodos | revisado 3.47e-03%, faltan ~37 días [menos opciones 3.47e-03%, reinicios, menos opciones 0.050%, reinicios, interior primero 0.107%] (Knuth: ~11 días) | máximo colocado 53 de 64 | hilos 4 de 12
    ... 116.2 s | grupo 1/6 | 131312657 nodos | revisado 3.51e-03%, faltan ~37 días [menos opciones 3.51e-03%, reinicios, menos opciones 0.051%, reinicios, interior primero 0.108%] (Knuth: ~11 días) | máximo colocado 53 de 64 | hilos 4 de 12
    ... 118.2 s | grupo 1/6 | 133668608 nodos | revisado 3.56e-03%, faltan ~37 días [menos opciones 3.56e-03%, reinicios, menos opciones 0.051%, reinicios, interior primero 0.109%] (Knuth: ~11 días) | máximo colocado 53 de 64 | hilos 4 de 12
    ... 120.2 s | grupo 1/6 | 136034946 nodos | revisado 3.59e-03%, faltan ~38 días [menos opciones 3.59e-03%, reinicios, menos opciones 0.052%, reinicios, interior primero 0.110%] (Knuth: ~11 días) | máximo colocado 53 de 64 | hilos 4 de 12
    ... 122.2 s | grupo 1/6 | 138391858 nodos | revisado 3.64e-03%, faltan ~38 días [menos opciones 3.64e-03%, reinicios, menos opciones 0.052%, reinicios, interior primero 0.111%] (Knuth: ~11 días) | máximo colocado 53 de 64 | hilos 4 de 12
    ... 124.2 s | grupo 1/6 | 140748458 nodos | revisado 3.66e-03%, faltan ~38 días [menos opciones 3.66e-03%, reinicios, menos opciones 0.052%, reinicios, interior primero 0.111%] (Knuth: ~11 días) | máximo colocado 53 de 64 | hilos 4 de 12
    ... 126.3 s | grupo 1/6 | 143120161 nodos | revisado 3.70e-03%, faltan ~38 días [menos opciones 3.70e-03%, reinicios, menos opciones 0.053%, reinicios, interior primero 0.114%] (Knuth: ~11 días) | máximo colocado 53 de 64 | hilos 4 de 12
    ... 128.3 s | grupo 1/6 | 145340849 nodos | revisado 3.73e-03%, faltan ~39 días [menos opciones 3.73e-03%, reinicios, menos opciones 0.053%, reinicios, interior primero 0.117%] (Knuth: ~11 días) | máximo colocado 53 de 64 | hilos 4 de 12
    ... 130.3 s | grupo 1/6 | 147650655 nodos | revisado 3.78e-03%, faltan ~39 días [menos opciones 3.78e-03%, reinicios, menos opciones 0.054%, reinicios, interior primero 0.117%] (Knuth: ~11 días) | máximo colocado 53 de 64 | hilos 4 de 12
    ... 132.3 s | grupo 1/6 | 149980564 nodos | revisado 3.82e-03%, faltan ~39 días [menos opciones 3.82e-03%, reinicios, menos opciones 0.054%, reinicios, interior primero 0.118%] (Knuth: ~11 días) | máximo colocado 53 de 64 | hilos 4 de 12
    ... 134.3 s | grupo 1/6 | 152333846 nodos | revisado 3.85e-03%, faltan ~39 días [menos opciones 3.85e-03%, reinicios, menos opciones 0.055%, reinicios, interior primero 0.119%] (Knuth: ~11 días) | máximo colocado 53 de 64 | hilos 4 de 12
    ... 136.3 s | grupo 1/6 | 154714028 nodos | revisado 3.87e-03%, faltan ~40 días [menos opciones 3.87e-03%, reinicios, menos opciones 0.059%, reinicios, interior primero 0.119%] (Knuth: ~11 días) | máximo colocado 53 de 64 | hilos 4 de 12
    ... 138.3 s | grupo 1/6 | 157063158 nodos | revisado 3.91e-03%, faltan ~40 días [menos opciones 3.91e-03%, reinicios, menos opciones 0.060%, reinicios, interior primero 0.125%] (Knuth: ~11 días) | máximo colocado 53 de 64 | hilos 4 de 12
    ... 140.4 s | grupo 1/6 | 159479504 nodos | revisado 3.94e-03%, faltan ~40 días [menos opciones 3.94e-03%, reinicios, menos opciones 0.060%, reinicios, interior primero 0.126%] (Knuth: ~11 días) | máximo colocado 53 de 64 | hilos 4 de 12
    ... 142.4 s | grupo 1/6 | 161861300 nodos | revisado 3.97e-03%, faltan ~40 días [menos opciones 3.97e-03%, reinicios, menos opciones 0.061%, reinicios, interior primero 0.130%] (Knuth: ~11 días) | máximo colocado 53 de 64 | hilos 4 de 12
    ... 144.4 s | grupo 1/6 | 164245806 nodos | revisado 4.01e-03%, faltan ~41 días [menos opciones 4.01e-03%, reinicios, menos opciones 0.062%, reinicios, interior primero 0.136%] (Knuth: ~11 días) | máximo colocado 53 de 64 | hilos 4 de 12
    ... 146.4 s | grupo 1/6 | 166584734 nodos | revisado 4.04e-03%, faltan ~41 días [menos opciones 4.04e-03%, reinicios, menos opciones 0.065%, reinicios, interior primero 0.141%] (Knuth: ~11 días) | máximo colocado 53 de 64 | hilos 4 de 12
    ... 148.4 s | grupo 1/6 | 168879363 nodos | revisado 4.08e-03%, faltan ~41 días [menos opciones 4.08e-03%, reinicios, menos opciones 0.066%, reinicios, interior primero 0.142%] (Knuth: ~11 días) | máximo colocado 53 de 64 | hilos 4 de 12
    ... 150.4 s | grupo 1/6 | 171238730 nodos | revisado 4.11e-03%, faltan ~41 días [menos opciones 4.11e-03%, reinicios, menos opciones 0.067%, reinicios, interior primero 0.146%] (Knuth: ~11 días) | máximo colocado 53 de 64 | hilos 4 de 12
    ... 152.5 s | grupo 1/6 | 173564152 nodos | revisado 4.12e-03%, faltan ~42 días [menos opciones 4.12e-03%, reinicios, menos opciones 0.069%, reinicios, interior primero 0.146%] (Knuth: ~11 días) | máximo colocado 53 de 64 | hilos 4 de 12
    ... 154.5 s | grupo 1/6 | 175888195 nodos | revisado 4.14e-03%, faltan ~42 días [menos opciones 4.14e-03%, reinicios, menos opciones 0.070%, reinicios, interior primero 0.150%] (Knuth: ~11 días) | máximo colocado 53 de 64 | hilos 4 de 12
    ... 156.5 s | grupo 1/6 | 178248180 nodos | revisado 4.16e-03%, faltan ~43 días [menos opciones 4.16e-03%, reinicios, menos opciones 0.070%, reinicios, interior primero 0.152%] (Knuth: ~11 días) | máximo colocado 53 de 64 | hilos 4 de 12
    ... 158.5 s | grupo 1/6 | 180605569 nodos | revisado 4.17e-03%, faltan ~43 días [menos opciones 4.17e-03%, reinicios, menos opciones 0.071%, reinicios, interior primero 0.154%] (Knuth: ~11 días) | máximo colocado 53 de 64 | hilos 4 de 12
    ... 160.5 s | grupo 1/6 | 182943031 nodos | revisado 4.26e-03%, faltan ~43 días [menos opciones 4.26e-03%, reinicios, menos opciones 0.071%, reinicios, interior primero 0.155%] (Knuth: ~11 días) | máximo colocado 53 de 64 | hilos 4 de 12
    ... 162.5 s | grupo 1/6 | 185283730 nodos | revisado 4.29e-03%, faltan ~43 días [menos opciones 4.29e-03%, reinicios, menos opciones 0.076%, reinicios, interior primero 0.158%] (Knuth: ~11 días) | máximo colocado 53 de 64 | hilos 4 de 12
    ... 164.5 s | grupo 1/6 | 187618844 nodos | revisado 4.31e-03%, faltan ~43 días [menos opciones 4.31e-03%, reinicios, menos opciones 0.078%, reinicios, interior primero 0.160%] (Knuth: ~11 días) | máximo colocado 53 de 64 | hilos 4 de 12
    ... 166.5 s | grupo 1/6 | 189984579 nodos | revisado 4.35e-03%, faltan ~43 días [menos opciones 4.35e-03%, reinicios, menos opciones 0.078%, reinicios, interior primero 0.161%] (Knuth: ~11 días) | máximo colocado 53 de 64 | hilos 4 de 12
    ... 168.5 s | grupo 1/6 | 192332437 nodos | revisado 4.42e-03%, faltan ~43 días [menos opciones 4.42e-03%, reinicios, menos opciones 0.079%, reinicios, interior primero 0.162%] (Knuth: ~11 días) | máximo colocado 53 de 64 | hilos 4 de 12
    ... 170.5 s | grupo 1/6 | 194668509 nodos | revisado 4.75e-03%, faltan ~41 días [menos opciones 4.75e-03%, reinicios, menos opciones 0.080%, reinicios, interior primero 0.163%] (Knuth: ~11 días) | máximo colocado 53 de 64 | hilos 4 de 12
    ... 172.6 s | grupo 1/6 | 197033380 nodos | revisado 4.82e-03%, faltan ~41 días [menos opciones 4.82e-03%, reinicios, menos opciones 0.080%, reinicios, interior primero 0.166%] (Knuth: ~11 días) | máximo colocado 53 de 64 | hilos 4 de 12
    ... 174.6 s | grupo 1/6 | 199357244 nodos | revisado 4.91e-03%, faltan ~40 días [menos opciones 4.91e-03%, reinicios, menos opciones 0.080%, reinicios, interior primero 0.170%] (Knuth: ~11 días) | máximo colocado 53 de 64 | hilos 4 de 12
    ... 176.6 s | grupo 1/6 | 201661360 nodos | revisado 4.98e-03%, faltan ~40 días [menos opciones 4.98e-03%, reinicios, menos opciones 0.080%, reinicios, interior primero 0.177%] (Knuth: ~11 días) | máximo colocado 53 de 64 | hilos 4 de 12
    ... 178.6 s | grupo 1/6 | 203969146 nodos | revisado 5.06e-03%, faltan ~40 días [menos opciones 5.06e-03%, reinicios, menos opciones 0.081%, reinicios, interior primero 0.178%] (Knuth: ~11 días) | máximo colocado 53 de 64 | hilos 4 de 12
    ... 180.6 s | grupo 1/6 | 206261396 nodos | revisado 5.34e-03%, faltan ~38 días [menos opciones 5.34e-03%, reinicios, menos opciones 0.081%, reinicios, interior primero 0.179%] (Knuth: ~11 días) | máximo colocado 53 de 64 | hilos 4 de 12
    ... 182.6 s | grupo 1/6 | 208574391 nodos | revisado 5.36e-03%, faltan ~39 días [menos opciones 5.36e-03%, reinicios, menos opciones 0.081%, reinicios, interior primero 0.181%] (Knuth: ~11 días) | máximo colocado 53 de 64 | hilos 4 de 12
    ... 184.6 s | grupo 1/6 | 210915831 nodos | revisado 5.38e-03%, faltan ~39 días [menos opciones 5.38e-03%, reinicios, menos opciones 0.084%, reinicios, interior primero 0.183%] (Knuth: ~11 días) | máximo colocado 53 de 64 | hilos 4 de 12
    ... 186.6 s | grupo 1/6 | 213277358 nodos | revisado 5.41e-03%, faltan ~39 días [menos opciones 5.41e-03%, reinicios, menos opciones 0.085%, reinicios, interior primero 0.184%] (Knuth: ~11 días) | máximo colocado 53 de 64 | hilos 4 de 12
    ... 188.6 s | grupo 1/6 | 215619360 nodos | revisado 5.46e-03%, faltan ~39 días [menos opciones 5.46e-03%, reinicios, menos opciones 0.089%, reinicios, interior primero 0.184%] (Knuth: ~11 días) | máximo colocado 53 de 64 | hilos 4 de 12
    ... 190.6 s | grupo 1/6 | 217909976 nodos | revisado 5.48e-03%, faltan ~39 días [menos opciones 5.48e-03%, reinicios, menos opciones 0.091%, reinicios, interior primero 0.185%] (Knuth: ~11 días) | máximo colocado 53 de 64 | hilos 4 de 12
    ... 192.6 s | grupo 1/6 | 220239102 nodos | revisado 5.50e-03%, faltan ~40 días [menos opciones 5.50e-03%, reinicios, menos opciones 0.092%, reinicios, interior primero 0.186%] (Knuth: ~11 días) | máximo colocado 53 de 64 | hilos 4 de 12
    ... 194.6 s | grupo 1/6 | 222517582 nodos | revisado 5.51e-03%, faltan ~40 días [menos opciones 5.51e-03%, reinicios, menos opciones 0.094%, reinicios, interior primero 0.186%] (Knuth: ~11 días) | máximo colocado 53 de 64 | hilos 4 de 12
    ... 196.7 s | grupo 1/6 | 224798267 nodos | revisado 5.53e-03%, faltan ~40 días [menos opciones 5.53e-03%, reinicios, menos opciones 0.098%, reinicios, interior primero 0.187%] (Knuth: ~11 días) | máximo colocado 53 de 64 | hilos 4 de 12
    ... 198.7 s | grupo 1/6 | 227095275 nodos | revisado 5.58e-03%, faltan ~40 días [menos opciones 5.58e-03%, reinicios, menos opciones 0.099%, reinicios, interior primero 0.188%] (Knuth: ~11 días) | máximo colocado 53 de 64 | hilos 4 de 12
    ... 200.7 s | grupo 1/6 | 229376233 nodos | revisado 5.59e-03%, faltan ~41 días [menos opciones 5.59e-03%, reinicios, menos opciones 0.102%, reinicios, interior primero 0.189%] (Knuth: ~11 días) | máximo colocado 53 de 64 | hilos 4 de 12
    ... 202.7 s | grupo 1/6 | 231672001 nodos | revisado 5.60e-03%, faltan ~41 días [menos opciones 5.60e-03%, reinicios, menos opciones 0.104%, reinicios, interior primero 0.189%] (Knuth: ~11 días) | máximo colocado 53 de 64 | hilos 4 de 12
    ... 204.7 s | grupo 1/6 | 234012000 nodos | revisado 5.62e-03%, faltan ~41 días [menos opciones 5.62e-03%, reinicios, menos opciones 0.110%, reinicios, interior primero 0.190%] (Knuth: ~11 días) | máximo colocado 53 de 64 | hilos 4 de 12
    ... 206.7 s | grupo 1/6 | 236313184 nodos | revisado 5.65e-03%, faltan ~42 días [menos opciones 5.65e-03%, reinicios, menos opciones 0.111%, reinicios, interior primero 0.191%] (Knuth: ~11 días) | máximo colocado 53 de 64 | hilos 4 de 12
    ... 208.7 s | grupo 1/6 | 238610933 nodos | revisado 5.69e-03%, faltan ~42 días [menos opciones 5.69e-03%, reinicios, menos opciones 0.112%, reinicios, interior primero 0.192%] (Knuth: ~11 días) | máximo colocado 53 de 64 | hilos 4 de 12
    ... 210.7 s | grupo 1/6 | 240873047 nodos | revisado 5.71e-03%, faltan ~42 días [menos opciones 5.71e-03%, reinicios, menos opciones 0.113%, reinicios, interior primero 0.193%] (Knuth: ~11 días) | máximo colocado 53 de 64 | hilos 4 de 12
    ... 212.7 s | grupo 1/6 | 243157540 nodos | revisado 5.75e-03%, faltan ~42 días [menos opciones 5.75e-03%, reinicios, menos opciones 0.114%, reinicios, interior primero 0.198%] (Knuth: ~11 días) | máximo colocado 53 de 64 | hilos 4 de 12
    ... 214.7 s | grupo 1/6 | 245449591 nodos | revisado 5.77e-03%, faltan ~42 días [menos opciones 5.77e-03%, reinicios, menos opciones 0.116%, reinicios, interior primero 0.200%] (Knuth: ~11 días) | máximo colocado 53 de 64 | hilos 4 de 12
    ... 216.7 s | grupo 1/6 | 247751826 nodos | revisado 5.79e-03%, faltan ~43 días [menos opciones 5.79e-03%, reinicios, menos opciones 0.116%, reinicios, interior primero 0.200%] (Knuth: ~11 días) | máximo colocado 53 de 64 | hilos 4 de 12
    ... 218.8 s | grupo 1/6 | 250091747 nodos | revisado 5.85e-03%, faltan ~43 días [menos opciones 5.85e-03%, reinicios, menos opciones 0.117%, reinicios, interior primero 0.202%] (Knuth: ~11 días) | máximo colocado 53 de 64 | hilos 4 de 12
    ... 220.8 s | grupo 1/6 | 252394621 nodos | revisado 5.95e-03%, faltan ~42 días [menos opciones 5.95e-03%, reinicios, menos opciones 0.118%, reinicios, interior primero 0.202%] (Knuth: ~11 días) | máximo colocado 53 de 64 | hilos 4 de 12
    ... 222.8 s | grupo 1/6 | 254723673 nodos | revisado 6.05e-03%, faltan ~42 días [menos opciones 6.05e-03%, reinicios, menos opciones 0.119%, reinicios, interior primero 0.203%] (Knuth: ~11 días) | máximo colocado 53 de 64 | hilos 4 de 12
    ... 224.8 s | grupo 1/6 | 257027457 nodos | revisado 6.17e-03%, faltan ~42 días [menos opciones 6.17e-03%, reinicios, menos opciones 0.119%, reinicios, interior primero 0.203%] (Knuth: ~11 días) | máximo colocado 53 de 64 | hilos 4 de 12
    ... 226.8 s | grupo 1/6 | 259321951 nodos | revisado 6.25e-03%, faltan ~41 días [menos opciones 6.25e-03%, reinicios, menos opciones 0.120%, reinicios, interior primero 0.203%] (Knuth: ~11 días) | máximo colocado 53 de 64 | hilos 4 de 12
    ... 228.8 s | grupo 1/6 | 261597483 nodos | revisado 6.37e-03%, faltan ~41 días [menos opciones 6.37e-03%, reinicios, menos opciones 0.120%, reinicios, interior primero 0.204%] (Knuth: ~11 días) | máximo colocado 53 de 64 | hilos 4 de 12
    ... 230.8 s | grupo 1/6 | 263891991 nodos | revisado 6.44e-03%, faltan ~41 días [menos opciones 6.44e-03%, reinicios, menos opciones 0.120%, reinicios, interior primero 0.205%] (Knuth: ~11 días) | máximo colocado 53 de 64 | hilos 4 de 12
    ... 232.8 s | grupo 1/6 | 266223196 nodos | revisado 6.53e-03%, faltan ~41 días [menos opciones 6.53e-03%, reinicios, menos opciones 0.120%, reinicios, interior primero 0.205%] (Knuth: ~11 días) | máximo colocado 53 de 64 | hilos 4 de 12
    ... 234.8 s | grupo 1/6 | 268579677 nodos | revisado 6.72e-03%, faltan ~40 días [menos opciones 6.72e-03%, reinicios, menos opciones 0.121%, reinicios, interior primero 0.206%] (Knuth: ~11 días) | máximo colocado 53 de 64 | hilos 4 de 12
    ... 236.8 s | grupo 1/6 | 270909917 nodos | revisado 6.95e-03%, faltan ~39 días [menos opciones 6.95e-03%, reinicios, menos opciones 0.122%, reinicios, interior primero 0.211%] (Knuth: ~11 días) | máximo colocado 53 de 64 | hilos 4 de 12
    ... 238.9 s | grupo 1/6 | 273240382 nodos | revisado 6.98e-03%, faltan ~39 días [menos opciones 6.98e-03%, reinicios, menos opciones 0.123%, reinicios, interior primero 0.214%] (Knuth: ~11 días) | máximo colocado 53 de 64 | hilos 4 de 12
    ... 240.9 s | grupo 1/6 | 275603632 nodos | revisado 7.01e-03%, faltan ~39 días [menos opciones 7.01e-03%, reinicios, menos opciones 0.125%, reinicios, interior primero 0.217%] (Knuth: ~11 días) | máximo colocado 53 de 64 | hilos 4 de 12
    ... 242.9 s | grupo 1/6 | 277940692 nodos | revisado 7.03e-03%, faltan ~39 días [menos opciones 7.03e-03%, reinicios, menos opciones 0.125%, reinicios, interior primero 0.218%] (Knuth: ~11 días) | máximo colocado 53 de 64 | hilos 4 de 12
    ... 244.9 s | grupo 1/6 | 280303434 nodos | revisado 7.05e-03%, faltan ~40 días [menos opciones 7.05e-03%, reinicios, menos opciones 0.127%, reinicios, interior primero 0.220%] (Knuth: ~11 días) | máximo colocado 53 de 64 | hilos 4 de 12
    ... 246.9 s | grupo 1/6 | 282676963 nodos | revisado 7.07e-03%, faltan ~40 días [menos opciones 7.07e-03%, reinicios, menos opciones 0.127%, reinicios, interior primero 0.221%] (Knuth: ~11 días) | máximo colocado 53 de 64 | hilos 4 de 12
    ... 248.9 s | grupo 1/6 | 285036781 nodos | revisado 7.09e-03%, faltan ~40 días [menos opciones 7.09e-03%, reinicios, menos opciones 0.127%, reinicios, interior primero 0.223%] (Knuth: ~11 días) | máximo colocado 53 de 64 | hilos 4 de 12
    ... 250.9 s | grupo 1/6 | 287336615 nodos | revisado 7.10e-03%, faltan ~40 días [menos opciones 7.10e-03%, reinicios, menos opciones 0.128%, reinicios, interior primero 0.224%] (Knuth: ~11 días) | máximo colocado 53 de 64 | hilos 4 de 12
    ... 252.9 s | grupo 1/6 | 289661797 nodos | revisado 7.13e-03%, faltan ~40 días [menos opciones 7.13e-03%, reinicios, menos opciones 0.128%, reinicios, interior primero 0.225%] (Knuth: ~11 días) | máximo colocado 53 de 64 | hilos 4 de 12
    ... 254.9 s | grupo 1/6 | 292014439 nodos | revisado 7.21e-03%, faltan ~40 días [menos opciones 7.21e-03%, reinicios, menos opciones 0.128%, reinicios, interior primero 0.226%] (Knuth: ~11 días) | máximo colocado 53 de 64 | hilos 4 de 12
    ... 256.9 s | grupo 1/6 | 294354924 nodos | revisado 7.27e-03%, faltan ~40 días [menos opciones 7.27e-03%, reinicios, menos opciones 0.128%, reinicios, interior primero 0.230%] (Knuth: ~11 días) | máximo colocado 53 de 64 | hilos 4 de 12
    ... 258.9 s | grupo 1/6 | 296700266 nodos | revisado 7.29e-03%, faltan ~41 días [menos opciones 7.29e-03%, reinicios, menos opciones 0.130%, reinicios, interior primero 0.231%] (Knuth: ~11 días) | máximo colocado 53 de 64 | hilos 4 de 12
    ... 260.9 s | grupo 1/6 | 299017080 nodos | revisado 7.34e-03%, faltan ~41 días [menos opciones 7.34e-03%, reinicios, menos opciones 0.131%, reinicios, interior primero 0.232%] (Knuth: ~11 días) | máximo colocado 53 de 64 | hilos 4 de 12
    ... 262.9 s | grupo 1/6 | 301355116 nodos | revisado 7.36e-03%, faltan ~41 días [menos opciones 7.36e-03%, reinicios, menos opciones 0.132%, reinicios, interior primero 0.235%] (Knuth: ~11 días) | máximo colocado 53 de 64 | hilos 4 de 12
    ... 264.9 s | grupo 1/6 | 303672743 nodos | revisado 7.39e-03%, faltan ~41 días [menos opciones 7.39e-03%, reinicios, menos opciones 0.132%, reinicios, interior primero 0.236%] (Knuth: ~11 días) | máximo colocado 53 de 64 | hilos 4 de 12
    ... 267.0 s | grupo 1/6 | 306007890 nodos | revisado 7.41e-03%, faltan ~41 días [menos opciones 7.41e-03%, reinicios, menos opciones 0.133%, reinicios, interior primero 0.236%] (Knuth: ~11 días) | máximo colocado 53 de 64 | hilos 4 de 12
    ... 269.0 s | grupo 1/6 | 308310830 nodos | revisado 7.45e-03%, faltan ~41 días [menos opciones 7.45e-03%, reinicios, menos opciones 0.133%, reinicios, interior primero 0.236%] (Knuth: ~11 días) | máximo colocado 53 de 64 | hilos 4 de 12
    ... 271.0 s | grupo 1/6 | 310647250 nodos | revisado 7.50e-03%, faltan ~41 días [menos opciones 7.50e-03%, reinicios, menos opciones 0.133%, reinicios, interior primero 0.237%] (Knuth: ~11 días) | máximo colocado 53 de 64 | hilos 4 de 12
    ... 273.0 s | grupo 1/6 | 313009473 nodos | revisado 7.55e-03%, faltan ~41 días [menos opciones 7.55e-03%, reinicios, menos opciones 0.134%, reinicios, interior primero 0.241%] (Knuth: ~11 días) | máximo colocado 53 de 64 | hilos 4 de 12
    ... 275.0 s | grupo 1/6 | 315370510 nodos | revisado 7.60e-03%, faltan ~41 días [menos opciones 7.60e-03%, reinicios, menos opciones 0.134%, reinicios, interior primero 0.241%] (Knuth: ~11 días) | máximo colocado 53 de 64 | hilos 4 de 12
    ... 277.0 s | grupo 1/6 | 317750687 nodos | revisado 7.67e-03%, faltan ~41 días [menos opciones 7.67e-03%, reinicios, menos opciones 0.135%, reinicios, interior primero 0.242%] (Knuth: ~11 días) | máximo colocado 53 de 64 | hilos 4 de 12
    ... 279.0 s | grupo 1/6 | 320114945 nodos | revisado 7.81e-03%, faltan ~41 días [menos opciones 7.81e-03%, reinicios, menos opciones 0.136%, reinicios, interior primero 0.243%] (Knuth: ~11 días) | máximo colocado 53 de 64 | hilos 4 de 12
    ... 281.0 s | grupo 1/6 | 322432572 nodos | revisado 7.86e-03%, faltan ~41 días [menos opciones 7.86e-03%, reinicios, menos opciones 0.137%, reinicios, interior primero 0.245%] (Knuth: ~11 días) | máximo colocado 53 de 64 | hilos 4 de 12
    ... 283.1 s | grupo 1/6 | 324792633 nodos | revisado 7.88e-03%, faltan ~41 días [menos opciones 7.88e-03%, reinicios, menos opciones 0.137%, reinicios, interior primero 0.247%] (Knuth: ~11 días) | máximo colocado 53 de 64 | hilos 4 de 12
    ... 285.1 s | grupo 1/6 | 327160301 nodos | revisado 7.90e-03%, faltan ~41 días [menos opciones 7.90e-03%, reinicios, menos opciones 0.138%, reinicios, interior primero 0.249%] (Knuth: ~11 días) | máximo colocado 53 de 64 | hilos 4 de 12
    ... 287.1 s | grupo 1/6 | 329516427 nodos | revisado 7.92e-03%, faltan ~41 días [menos opciones 7.92e-03%, reinicios, menos opciones 0.139%, reinicios, interior primero 0.251%] (Knuth: ~11 días) | máximo colocado 53 de 64 | hilos 4 de 12
    ... 289.1 s | grupo 1/6 | 331884944 nodos | revisado 7.94e-03%, faltan ~42 días [menos opciones 7.94e-03%, reinicios, menos opciones 0.142%, reinicios, interior primero 0.257%] (Knuth: ~11 días) | máximo colocado 53 de 64 | hilos 4 de 12
    ... 291.1 s | grupo 1/6 | 334243919 nodos | revisado 7.97e-03%, faltan ~42 días [menos opciones 7.97e-03%, reinicios, menos opciones 0.143%, reinicios, interior primero 0.259%] (Knuth: ~11 días) | máximo colocado 53 de 64 | hilos 4 de 12
    ... 293.1 s | grupo 1/6 | 336587522 nodos | revisado 8.02e-03%, faltan ~42 días [menos opciones 8.02e-03%, reinicios, menos opciones 0.143%, reinicios, interior primero 0.264%] (Knuth: ~11 días) | máximo colocado 53 de 64 | hilos 4 de 12
    ... 295.1 s | grupo 1/6 | 338911587 nodos | revisado 8.03e-03%, faltan ~42 días [menos opciones 8.03e-03%, reinicios, menos opciones 0.144%, reinicios, interior primero 0.269%] (Knuth: ~11 días) | máximo colocado 53 de 64 | hilos 4 de 12
    ... 297.2 s | grupo 1/6 | 341263151 nodos | revisado 8.05e-03%, faltan ~42 días [menos opciones 8.05e-03%, reinicios, menos opciones 0.144%, reinicios, interior primero 0.270%] (Knuth: ~11 días) | máximo colocado 53 de 64 | hilos 4 de 12
    ... 299.2 s | grupo 1/6 | 343598823 nodos | revisado 8.07e-03%, faltan ~42 días [menos opciones 8.07e-03%, reinicios, menos opciones 0.145%, reinicios, interior primero 0.273%] (Knuth: ~11 días) | máximo colocado 53 de 64 | hilos 4 de 12
[4] Grupo 1: cortado por límite de tiempo
[5] Tiempo total: 5 min
RESULTADO resuelto=0 ms=300021.5 marcos=0 nodos=344595456 grupos=1/6 hilos=12 t_marcos=0.000 t_interior=296.368 lados=0 unificado=1 max_colocadas=53 motivo=limite
