[0] Tablero 8x8, 11 colores, 12 hilos
[1] Esquina fija (1,4). 6 grupos, orden por coste: 2.19e+16 2.19e+16 2.38e+16 2.38e+16 2.44e+16 2.44e+16
    grupo 1, orden menos opciones: estimado 8.1e+11 nodos
    grupo 1, orden interior primero: estimado 5.33e+11 nodos
    grupo 2, orden menos opciones: estimado 1.08e+12 nodos
    grupo 2, orden interior primero: estimado 5.97e+11 nodos
    grupo 3, orden menos opciones: estimado 1.09e+12 nodos
    grupo 3, orden interior primero: estimado 5.65e+11 nodos
    grupo 4, orden menos opciones: estimado 8.22e+11 nodos
    grupo 4, orden interior primero: estimado 1.39e+12 nodos
    grupo 5, orden menos opciones: estimado 7.84e+11 nodos
    grupo 5, orden interior primero: estimado 9.41e+11 nodos
    grupo 6, orden menos opciones: estimado 7.87e+11 nodos
    grupo 6, orden interior primero: estimado 4e+11 nodos
[1] Estimado de Knuth por grupo (nodos): 8.1e+11 1.08e+12 1.09e+12 8.22e+11 7.84e+11 7.87e+11   (i) = interior primero
[2] Grupo 1/6: ruta unificada (mapas por lado), orden: PORTAFOLIO (mitad de los hilos con cada orden)
    ... 5.8 s | grupo 1/6 | 2484999 nodos | revisado 8.59e-05%, faltan ~27 días [menos opciones 8.59e-05%, reinicios, menos opciones 3.47e-03%, reinicios, interior primero 2.49e-04%] (Knuth: ~8 días) | máximo colocado 53 de 64 | hilos 4 de 12
    ... 7.8 s | grupo 1/6 | 4937048 nodos | revisado 1.53e-04%, faltan ~30 días [menos opciones 1.53e-04%, reinicios, menos opciones 4.45e-03%, reinicios, interior primero 8.53e-04%] (Knuth: ~8 días) | máximo colocado 53 de 64 | hilos 4 de 12
    ... 9.8 s | grupo 1/6 | 7391994 nodos | revisado 2.15e-04%, faltan ~32 días [menos opciones 2.15e-04%, reinicios, menos opciones 5.41e-03%, reinicios, interior primero 1.16e-03%] (Knuth: ~8 días) | máximo colocado 53 de 64 | hilos 4 de 12
    ... 11.8 s | grupo 1/6 | 9800890 nodos | revisado 2.77e-04%, faltan ~34 días [menos opciones 2.77e-04%, reinicios, menos opciones 5.66e-03%, reinicios, interior primero 1.69e-03%] (Knuth: ~8 días) | máximo colocado 53 de 64 | hilos 4 de 12
    ... 13.8 s | grupo 1/6 | 12245323 nodos | revisado 3.30e-04%, faltan ~35 días [menos opciones 3.30e-04%, reinicios, menos opciones 6.09e-03%, reinicios, interior primero 3.27e-03%] (Knuth: ~8 días) | máximo colocado 53 de 64 | hilos 4 de 12
    ... 15.8 s | grupo 1/6 | 14740181 nodos | revisado 3.82e-04%, faltan ~36 días [menos opciones 3.82e-04%, reinicios, menos opciones 6.35e-03%, reinicios, interior primero 3.46e-03%] (Knuth: ~8 días) | máximo colocado 53 de 64 | hilos 4 de 12
    ... 17.8 s | grupo 1/6 | 17110439 nodos | revisado 4.07e-04%, faltan ~40 días [menos opciones 4.07e-04%, reinicios, menos opciones 7.45e-03%, reinicios, interior primero 3.88e-03%] (Knuth: ~8 días) | máximo colocado 53 de 64 | hilos 4 de 12
    ... 19.8 s | grupo 1/6 | 19596186 nodos | revisado 4.46e-04%, faltan ~42 días [menos opciones 4.46e-04%, reinicios, menos opciones 0.055%, reinicios, interior primero 4.11e-03%] (Knuth: ~8 días) | máximo colocado 53 de 64 | hilos 4 de 12
    ... 21.9 s | grupo 1/6 | 22098858 nodos | revisado 5.10e-04%, faltan ~41 días [menos opciones 5.10e-04%, reinicios, menos opciones 0.060%, reinicios, interior primero 4.70e-03%] (Knuth: ~8 días) | máximo colocado 53 de 64 | hilos 4 de 12
    ... 23.9 s | grupo 1/6 | 24615132 nodos | revisado 5.47e-04%, faltan ~42 días [menos opciones 5.47e-04%, reinicios, menos opciones 0.060%, reinicios, interior primero 5.23e-03%] (Knuth: ~8 días) | máximo colocado 53 de 64 | hilos 4 de 12
    ... 25.9 s | grupo 1/6 | 27107801 nodos | revisado 5.79e-04%, faltan ~44 días [menos opciones 5.79e-04%, reinicios, menos opciones 0.063%, reinicios, interior primero 5.37e-03%] (Knuth: ~8 días) | máximo colocado 53 de 64 | hilos 4 de 12
    ... 27.9 s | grupo 1/6 | 29622729 nodos | revisado 6.53e-04%, faltan ~43 días [menos opciones 6.53e-04%, reinicios, menos opciones 0.064%, reinicios, interior primero 5.68e-03%] (Knuth: ~8 días) | máximo colocado 53 de 64 | hilos 4 de 12
    ... 29.9 s | grupo 1/6 | 32140854 nodos | revisado 7.42e-04%, faltan ~41 días [menos opciones 7.42e-04%, reinicios, menos opciones 0.066%, reinicios, interior primero 6.19e-03%] (Knuth: ~8 días) | máximo colocado 53 de 64 | hilos 4 de 12
    ... 31.9 s | grupo 1/6 | 34604221 nodos | revisado 8.03e-04%, faltan ~41 días [menos opciones 8.03e-04%, reinicios, menos opciones 0.079%, reinicios, interior primero 6.37e-03%] (Knuth: ~8 días) | máximo colocado 53 de 64 | hilos 4 de 12
    ... 33.9 s | grupo 1/6 | 37072151 nodos | revisado 8.87e-04%, faltan ~39 días [menos opciones 8.87e-04%, reinicios, menos opciones 0.234%, reinicios, interior primero 6.46e-03%] (Knuth: ~8 días) | máximo colocado 53 de 64 | hilos 4 de 12
    ... 35.9 s | grupo 1/6 | 39597675 nodos | revisado 9.84e-04%, faltan ~38 días [menos opciones 9.84e-04%, reinicios, menos opciones 0.234%, reinicios, interior primero 6.87e-03%] (Knuth: ~8 días) | máximo colocado 53 de 64 | hilos 4 de 12
    ... 37.9 s | grupo 1/6 | 42143480 nodos | revisado 1.08e-03%, faltan ~37 días [menos opciones 1.08e-03%, reinicios, menos opciones 0.234%, reinicios, interior primero 7.27e-03%] (Knuth: ~8 días) | máximo colocado 53 de 64 | hilos 4 de 12
    ... 39.9 s | grupo 1/6 | 44649323 nodos | revisado 1.12e-03%, faltan ~37 días [menos opciones 1.12e-03%, reinicios, menos opciones 0.234%, reinicios, interior primero 8.12e-03%] (Knuth: ~8 días) | máximo colocado 53 de 64 | hilos 4 de 12
    ... 41.9 s | grupo 1/6 | 47128950 nodos | revisado 1.17e-03%, faltan ~38 días [menos opciones 1.17e-03%, reinicios, menos opciones 0.235%, reinicios, interior primero 8.67e-03%] (Knuth: ~8 días) | máximo colocado 53 de 64 | hilos 4 de 12
    ... 43.9 s | grupo 1/6 | 49589042 nodos | revisado 1.21e-03%, faltan ~39 días [menos opciones 1.21e-03%, reinicios, menos opciones 0.242%, reinicios, interior primero 9.57e-03%] (Knuth: ~8 días) | máximo colocado 53 de 64 | hilos 4 de 12
    ... 46.0 s | grupo 1/6 | 52012027 nodos | revisado 1.28e-03%, faltan ~38 días [menos opciones 1.28e-03%, reinicios, menos opciones 0.243%, reinicios, interior primero 0.010%] (Knuth: ~8 días) | máximo colocado 53 de 64 | hilos 4 de 12
    ... 48.0 s | grupo 1/6 | 54476037 nodos | revisado 1.33e-03%, faltan ~39 días [menos opciones 1.33e-03%, reinicios, menos opciones 0.245%, reinicios, interior primero 0.011%] (Knuth: ~8 días) | máximo colocado 53 de 64 | hilos 4 de 12
    ... 50.0 s | grupo 1/6 | 56979353 nodos | revisado 1.36e-03%, faltan ~39 días [menos opciones 1.36e-03%, reinicios, menos opciones 0.246%, reinicios, interior primero 0.012%] (Knuth: ~8 días) | máximo colocado 53 de 64 | hilos 4 de 12
    ... 52.0 s | grupo 1/6 | 59527255 nodos | revisado 1.41e-03%, faltan ~40 días [menos opciones 1.41e-03%, reinicios, menos opciones 0.246%, reinicios, interior primero 0.013%] (Knuth: ~8 días) | máximo colocado 53 de 64 | hilos 4 de 12
    ... 54.0 s | grupo 1/6 | 62068451 nodos | revisado 1.46e-03%, faltan ~40 días [menos opciones 1.46e-03%, reinicios, menos opciones 0.249%, reinicios, interior primero 0.013%] (Knuth: ~8 días) | máximo colocado 53 de 64 | hilos 4 de 12
    ... 56.0 s | grupo 1/6 | 64590342 nodos | revisado 1.50e-03%, faltan ~40 días [menos opciones 1.50e-03%, reinicios, menos opciones 0.346%, reinicios, interior primero 0.014%] (Knuth: ~8 días) | máximo colocado 53 de 64 | hilos 4 de 12
    ... 58.0 s | grupo 1/6 | 67090948 nodos | revisado 1.54e-03%, faltan ~41 días [menos opciones 1.54e-03%, reinicios, menos opciones 0.347%, reinicios, interior primero 0.015%] (Knuth: ~8 días) | máximo colocado 53 de 64 | hilos 4 de 12
    ... 60.0 s | grupo 1/6 | 69603705 nodos | revisado 1.57e-03%, faltan ~42 días [menos opciones 1.57e-03%, reinicios, menos opciones 0.348%, reinicios, interior primero 0.016%] (Knuth: ~8 días) | máximo colocado 53 de 64 | hilos 4 de 12
    ... 62.0 s | grupo 1/6 | 72088575 nodos | revisado 1.73e-03%, faltan ~39 días [menos opciones 1.73e-03%, reinicios, menos opciones 0.349%, reinicios, interior primero 0.016%] (Knuth: ~8 días) | máximo colocado 53 de 64 | hilos 4 de 12
    ... 64.0 s | grupo 1/6 | 74596913 nodos | revisado 1.82e-03%, faltan ~38 días [menos opciones 1.82e-03%, reinicios, menos opciones 0.427%, reinicios, interior primero 0.017%] (Knuth: ~8 días) | máximo colocado 53 de 64 | hilos 4 de 12
    ... 66.1 s | grupo 1/6 | 77092984 nodos | revisado 1.91e-03%, faltan ~38 días [menos opciones 1.91e-03%, reinicios, menos opciones 0.427%, reinicios, interior primero 0.017%] (Knuth: ~8 días) | máximo colocado 53 de 64 | hilos 4 de 12
    ... 68.1 s | grupo 1/6 | 79623475 nodos | revisado 1.97e-03%, faltan ~38 días [menos opciones 1.97e-03%, reinicios, menos opciones 0.427%, reinicios, interior primero 0.018%] (Knuth: ~8 días) | máximo colocado 53 de 64 | hilos 4 de 12
    ... 70.1 s | grupo 1/6 | 82133490 nodos | revisado 2.01e-03%, faltan ~38 días [menos opciones 2.01e-03%, reinicios, menos opciones 0.427%, reinicios, interior primero 0.018%] (Knuth: ~8 días) | máximo colocado 53 de 64 | hilos 4 de 12
    ... 72.1 s | grupo 1/6 | 84637025 nodos | revisado 2.10e-03%, faltan ~38 días [menos opciones 2.10e-03%, reinicios, menos opciones 0.428%, reinicios, interior primero 0.018%] (Knuth: ~8 días) | máximo colocado 53 de 64 | hilos 4 de 12
    ... 74.1 s | grupo 1/6 | 87111327 nodos | revisado 2.29e-03%, faltan ~35 días [menos opciones 2.29e-03%, reinicios, menos opciones 0.428%, reinicios, interior primero 0.018%] (Knuth: ~8 días) | máximo colocado 53 de 64 | hilos 4 de 12
    ... 76.1 s | grupo 1/6 | 89595363 nodos | revisado 2.43e-03%, faltan ~34 días [menos opciones 2.43e-03%, reinicios, menos opciones 0.428%, reinicios, interior primero 0.019%] (Knuth: ~8 días) | máximo colocado 53 de 64 | hilos 4 de 12
    ... 78.1 s | grupo 1/6 | 92091589 nodos | revisado 2.49e-03%, faltan ~35 días [menos opciones 2.49e-03%, reinicios, menos opciones 0.428%, reinicios, interior primero 0.023%] (Knuth: ~8 días) | máximo colocado 53 de 64 | hilos 4 de 12
    ... 80.1 s | grupo 1/6 | 94596848 nodos | revisado 2.56e-03%, faltan ~34 días [menos opciones 2.56e-03%, reinicios, menos opciones 0.429%, reinicios, interior primero 0.024%] (Knuth: ~8 días) | máximo colocado 53 de 64 | hilos 4 de 12
    ... 82.1 s | grupo 1/6 | 97090855 nodos | revisado 2.61e-03%, faltan ~35 días [menos opciones 2.61e-03%, reinicios, menos opciones 0.429%, reinicios, interior primero 0.024%] (Knuth: ~8 días) | máximo colocado 53 de 64 | hilos 4 de 12
    ... 84.2 s | grupo 1/6 | 99633468 nodos | revisado 2.65e-03%, faltan ~35 días [menos opciones 2.65e-03%, reinicios, menos opciones 0.507%, reinicios, interior primero 0.025%] (Knuth: ~8 días) | máximo colocado 54 de 64 | hilos 4 de 12
    ... 86.2 s | grupo 1/6 | 102151196 nodos | revisado 2.70e-03%, faltan ~35 días [menos opciones 2.70e-03%, reinicios, menos opciones 0.600%, reinicios, interior primero 0.025%] (Knuth: ~8 días) | máximo colocado 54 de 64 | hilos 4 de 12
    ... 88.2 s | grupo 1/6 | 104650944 nodos | revisado 2.76e-03%, faltan ~35 días [menos opciones 2.76e-03%, reinicios, menos opciones 0.605%, reinicios, interior primero 0.025%] (Knuth: ~8 días) | máximo colocado 54 de 64 | hilos 4 de 12
    ... 90.2 s | grupo 1/6 | 107149220 nodos | revisado 2.82e-03%, faltan ~35 días [menos opciones 2.82e-03%, reinicios, menos opciones 0.606%, reinicios, interior primero 0.025%] (Knuth: ~8 días) | máximo colocado 54 de 64 | hilos 4 de 12
    ... 92.2 s | grupo 1/6 | 109654672 nodos | revisado 2.91e-03%, faltan ~35 días [menos opciones 2.91e-03%, reinicios, menos opciones 0.607%, reinicios, interior primero 0.026%] (Knuth: ~8 días) | máximo colocado 54 de 64 | hilos 4 de 12
    ... 94.2 s | grupo 1/6 | 112119518 nodos | revisado 3.56e-03%, faltan ~29 días [menos opciones 3.56e-03%, reinicios, menos opciones 0.607%, reinicios, interior primero 0.026%] (Knuth: ~8 días) | máximo colocado 54 de 64 | hilos 4 de 12
    ... 96.2 s | grupo 1/6 | 114612241 nodos | revisado 3.60e-03%, faltan ~30 días [menos opciones 3.60e-03%, reinicios, menos opciones 0.608%, reinicios, interior primero 0.026%] (Knuth: ~8 días) | máximo colocado 54 de 64 | hilos 4 de 12
    ... 98.2 s | grupo 1/6 | 117110516 nodos | revisado 3.67e-03%, faltan ~30 días [menos opciones 3.67e-03%, reinicios, menos opciones 0.686%, reinicios, interior primero 0.027%] (Knuth: ~8 días) | máximo colocado 54 de 64 | hilos 4 de 12
    ... 100.2 s | grupo 1/6 | 119601898 nodos | revisado 3.74e-03%, faltan ~30 días [menos opciones 3.74e-03%, reinicios, menos opciones 0.687%, reinicios, interior primero 0.027%] (Knuth: ~8 días) | máximo colocado 54 de 64 | hilos 4 de 12
    ... 102.2 s | grupo 1/6 | 122106795 nodos | revisado 3.83e-03%, faltan ~30 días [menos opciones 3.83e-03%, reinicios, menos opciones 0.688%, reinicios, interior primero 0.027%] (Knuth: ~8 días) | máximo colocado 54 de 64 | hilos 4 de 12
    ... 104.2 s | grupo 1/6 | 124577816 nodos | revisado 3.91e-03%, faltan ~30 días [menos opciones 3.91e-03%, reinicios, menos opciones 0.748%, reinicios, interior primero 0.028%] (Knuth: ~8 días) | máximo colocado 54 de 64 | hilos 4 de 12
    ... 106.2 s | grupo 1/6 | 127039866 nodos | revisado 4.05e-03%, faltan ~29 días [menos opciones 4.05e-03%, reinicios, menos opciones 0.795%, reinicios, interior primero 0.028%] (Knuth: ~8 días) | máximo colocado 54 de 64 | hilos 4 de 12
    ... 108.2 s | grupo 1/6 | 129539752 nodos | revisado 4.43e-03%, faltan ~27 días [menos opciones 4.43e-03%, reinicios, menos opciones 0.796%, reinicios, interior primero 0.028%] (Knuth: ~8 días) | máximo colocado 54 de 64 | hilos 4 de 12
    ... 110.3 s | grupo 1/6 | 132034738 nodos | revisado 4.59e-03%, faltan ~27 días [menos opciones 4.59e-03%, reinicios, menos opciones 0.797%, reinicios, interior primero 0.029%] (Knuth: ~8 días) | máximo colocado 54 de 64 | hilos 4 de 12
    ... 112.3 s | grupo 1/6 | 134544537 nodos | revisado 4.79e-03%, faltan ~26 días [menos opciones 4.79e-03%, reinicios, menos opciones 0.798%, reinicios, interior primero 0.029%] (Knuth: ~8 días) | máximo colocado 54 de 64 | hilos 4 de 12
    ... 114.3 s | grupo 1/6 | 137034765 nodos | revisado 4.89e-03%, faltan ~26 días [menos opciones 4.89e-03%, reinicios, menos opciones 0.798%, reinicios, interior primero 0.030%] (Knuth: ~8 días) | máximo colocado 54 de 64 | hilos 4 de 12
    ... 116.3 s | grupo 1/6 | 139497412 nodos | revisado 4.98e-03%, faltan ~26 días [menos opciones 4.98e-03%, reinicios, menos opciones 0.804%, reinicios, interior primero 0.030%] (Knuth: ~8 días) | máximo colocado 54 de 64 | hilos 4 de 12
    ... 118.3 s | grupo 1/6 | 142004040 nodos | revisado 5.04e-03%, faltan ~26 días [menos opciones 5.04e-03%, reinicios, menos opciones 0.804%, reinicios, interior primero 0.031%] (Knuth: ~8 días) | máximo colocado 54 de 64 | hilos 4 de 12
    ... 120.3 s | grupo 1/6 | 144495651 nodos | revisado 5.10e-03%, faltan ~26 días [menos opciones 5.10e-03%, reinicios, menos opciones 0.805%, reinicios, interior primero 0.031%] (Knuth: ~8 días) | máximo colocado 54 de 64 | hilos 4 de 12
    ... 122.3 s | grupo 1/6 | 146953504 nodos | revisado 5.16e-03%, faltan ~27 días [menos opciones 5.16e-03%, reinicios, menos opciones 0.807%, reinicios, interior primero 0.031%] (Knuth: ~8 días) | máximo colocado 54 de 64 | hilos 4 de 12
    ... 124.3 s | grupo 1/6 | 149457549 nodos | revisado 5.22e-03%, faltan ~27 días [menos opciones 5.22e-03%, reinicios, menos opciones 0.808%, reinicios, interior primero 0.031%] (Knuth: ~8 días) | máximo colocado 54 de 64 | hilos 4 de 12
    ... 126.4 s | grupo 1/6 | 152020572 nodos | revisado 5.30e-03%, faltan ~27 días [menos opciones 5.30e-03%, reinicios, menos opciones 0.808%, reinicios, interior primero 0.032%] (Knuth: ~8 días) | máximo colocado 54 de 64 | hilos 4 de 12
    ... 128.4 s | grupo 1/6 | 154498726 nodos | revisado 5.34e-03%, faltan ~27 días [menos opciones 5.34e-03%, reinicios, menos opciones 0.810%, reinicios, interior primero 0.032%] (Knuth: ~8 días) | máximo colocado 54 de 64 | hilos 4 de 12
    ... 130.4 s | grupo 1/6 | 157009482 nodos | revisado 5.42e-03%, faltan ~27 días [menos opciones 5.42e-03%, reinicios, menos opciones 0.810%, reinicios, interior primero 0.032%] (Knuth: ~8 días) | máximo colocado 54 de 64 | hilos 4 de 12
    ... 132.4 s | grupo 1/6 | 159506657 nodos | revisado 5.48e-03%, faltan ~27 días [menos opciones 5.48e-03%, reinicios, menos opciones 0.811%, reinicios, interior primero 0.033%] (Knuth: ~8 días) | máximo colocado 54 de 64 | hilos 4 de 12
    ... 134.4 s | grupo 1/6 | 161996510 nodos | revisado 5.53e-03%, faltan ~27 días [menos opciones 5.53e-03%, reinicios, menos opciones 0.812%, reinicios, interior primero 0.033%] (Knuth: ~8 días) | máximo colocado 54 de 64 | hilos 4 de 12
    ... 136.4 s | grupo 1/6 | 164516409 nodos | revisado 5.62e-03%, faltan ~27 días [menos opciones 5.62e-03%, reinicios, menos opciones 0.814%, reinicios, interior primero 0.034%] (Knuth: ~8 días) | máximo colocado 54 de 64 | hilos 4 de 12
    ... 138.4 s | grupo 1/6 | 167049801 nodos | revisado 5.69e-03%, faltan ~27 días [menos opciones 5.69e-03%, reinicios, menos opciones 0.816%, reinicios, interior primero 0.034%] (Knuth: ~8 días) | máximo colocado 54 de 64 | hilos 4 de 12
    ... 140.4 s | grupo 1/6 | 169548190 nodos | revisado 5.78e-03%, faltan ~27 días [menos opciones 5.78e-03%, reinicios, menos opciones 0.817%, reinicios, interior primero 0.034%] (Knuth: ~8 días) | máximo colocado 54 de 64 | hilos 4 de 12
    ... 142.4 s | grupo 1/6 | 172029228 nodos | revisado 5.88e-03%, faltan ~27 días [menos opciones 5.88e-03%, reinicios, menos opciones 0.817%, reinicios, interior primero 0.034%] (Knuth: ~8 días) | máximo colocado 54 de 64 | hilos 4 de 12
    ... 144.4 s | grupo 1/6 | 174546650 nodos | revisado 5.97e-03%, faltan ~27 días [menos opciones 5.97e-03%, reinicios, menos opciones 0.817%, reinicios, interior primero 0.035%] (Knuth: ~8 días) | máximo colocado 54 de 64 | hilos 4 de 12
    ... 146.4 s | grupo 1/6 | 177070854 nodos | revisado 6.10e-03%, faltan ~27 días [menos opciones 6.10e-03%, reinicios, menos opciones 0.817%, reinicios, interior primero 0.035%] (Knuth: ~8 días) | máximo colocado 54 de 64 | hilos 4 de 12
    ... 148.4 s | grupo 1/6 | 179602617 nodos | revisado 6.21e-03%, faltan ~27 días [menos opciones 6.21e-03%, reinicios, menos opciones 0.818%, reinicios, interior primero 0.036%] (Knuth: ~8 días) | máximo colocado 54 de 64 | hilos 4 de 12
    ... 150.4 s | grupo 1/6 | 182117029 nodos | revisado 6.30e-03%, faltan ~27 días [menos opciones 6.30e-03%, reinicios, menos opciones 0.818%, reinicios, interior primero 0.036%] (Knuth: ~8 días) | máximo colocado 54 de 64 | hilos 4 de 12
    ... 152.5 s | grupo 1/6 | 184613185 nodos | revisado 6.39e-03%, faltan ~27 días [menos opciones 6.39e-03%, reinicios, menos opciones 0.819%, reinicios, interior primero 0.037%] (Knuth: ~8 días) | máximo colocado 54 de 64 | hilos 4 de 12
    ... 154.5 s | grupo 1/6 | 187101131 nodos | revisado 6.45e-03%, faltan ~27 días [menos opciones 6.45e-03%, reinicios, menos opciones 0.819%, reinicios, interior primero 0.037%] (Knuth: ~8 días) | máximo colocado 54 de 64 | hilos 4 de 12
    ... 156.5 s | grupo 1/6 | 189612123 nodos | revisado 6.52e-03%, faltan ~27 días [menos opciones 6.52e-03%, reinicios, menos opciones 0.819%, reinicios, interior primero 0.037%] (Knuth: ~8 días) | máximo colocado 54 de 64 | hilos 4 de 12
    ... 158.5 s | grupo 1/6 | 192112343 nodos | revisado 6.58e-03%, faltan ~27 días [menos opciones 6.58e-03%, reinicios, menos opciones 0.821%, reinicios, interior primero 0.037%] (Knuth: ~8 días) | máximo colocado 54 de 64 | hilos 4 de 12
    ... 160.5 s | grupo 1/6 | 194636812 nodos | revisado 6.65e-03%, faltan ~27 días [menos opciones 6.65e-03%, reinicios, menos opciones 0.822%, reinicios, interior primero 0.037%] (Knuth: ~8 días) | máximo colocado 54 de 64 | hilos 4 de 12
    ... 162.5 s | grupo 1/6 | 197144621 nodos | revisado 6.70e-03%, faltan ~27 días [menos opciones 6.70e-03%, reinicios, menos opciones 0.822%, reinicios, interior primero 0.038%] (Knuth: ~8 días) | máximo colocado 54 de 64 | hilos 4 de 12
    ... 164.5 s | grupo 1/6 | 199637059 nodos | revisado 6.76e-03%, faltan ~28 días [menos opciones 6.76e-03%, reinicios, menos opciones 0.915%, reinicios, interior primero 0.038%] (Knuth: ~8 días) | máximo colocado 54 de 64 | hilos 4 de 12
    ... 166.5 s | grupo 1/6 | 202124492 nodos | revisado 6.89e-03%, faltan ~27 días [menos opciones 6.89e-03%, reinicios, menos opciones 0.915%, reinicios, interior primero 0.039%] (Knuth: ~8 días) | máximo colocado 54 de 64 | hilos 4 de 12
    ... 168.5 s | grupo 1/6 | 204610660 nodos | revisado 6.94e-03%, faltan ~27 días [menos opciones 6.94e-03%, reinicios, menos opciones 0.915%, reinicios, interior primero 0.039%] (Knuth: ~8 días) | máximo colocado 54 de 64 | hilos 4 de 12
    ... 170.5 s | grupo 1/6 | 207038413 nodos | revisado 6.98e-03%, faltan ~28 días [menos opciones 6.98e-03%, reinicios, menos opciones 0.916%, reinicios, interior primero 0.039%] (Knuth: ~8 días) | máximo colocado 54 de 64 | hilos 4 de 12
    ... 172.5 s | grupo 1/6 | 209470546 nodos | revisado 7.02e-03%, faltan ~28 días [menos opciones 7.02e-03%, reinicios, menos opciones 0.916%, reinicios, interior primero 0.039%] (Knuth: ~8 días) | máximo colocado 54 de 64 | hilos 4 de 12
    ... 174.6 s | grupo 1/6 | 211962496 nodos | revisado 7.07e-03%, faltan ~28 días [menos opciones 7.07e-03%, reinicios, menos opciones 0.916%, reinicios, interior primero 0.040%] (Knuth: ~8 días) | máximo colocado 54 de 64 | hilos 4 de 12
    ... 176.6 s | grupo 1/6 | 214435886 nodos | revisado 7.16e-03%, faltan ~28 días [menos opciones 7.16e-03%, reinicios, menos opciones 0.916%, reinicios, interior primero 0.040%] (Knuth: ~8 días) | máximo colocado 54 de 64 | hilos 4 de 12
    ... 178.6 s | grupo 1/6 | 216908863 nodos | revisado 7.26e-03%, faltan ~28 días [menos opciones 7.26e-03%, reinicios, menos opciones 0.917%, reinicios, interior primero 0.040%] (Knuth: ~8 días) | máximo colocado 54 de 64 | hilos 4 de 12
    ... 180.6 s | grupo 1/6 | 219400276 nodos | revisado 7.34e-03%, faltan ~28 días [menos opciones 7.34e-03%, reinicios, menos opciones 0.917%, reinicios, interior primero 0.041%] (Knuth: ~8 días) | máximo colocado 54 de 64 | hilos 4 de 12
    ... 182.6 s | grupo 1/6 | 221881097 nodos | revisado 7.47e-03%, faltan ~28 días [menos opciones 7.47e-03%, reinicios, menos opciones 0.918%, reinicios, interior primero 0.041%] (Knuth: ~8 días) | máximo colocado 54 de 64 | hilos 4 de 12
    ... 184.6 s | grupo 1/6 | 224417486 nodos | revisado 7.53e-03%, faltan ~28 días [menos opciones 7.53e-03%, reinicios, menos opciones 0.918%, reinicios, interior primero 0.041%] (Knuth: ~8 días) | máximo colocado 54 de 64 | hilos 4 de 12
    ... 186.6 s | grupo 1/6 | 226932836 nodos | revisado 7.61e-03%, faltan ~28 días [menos opciones 7.61e-03%, reinicios, menos opciones 0.930%, reinicios, interior primero 0.042%] (Knuth: ~8 días) | máximo colocado 54 de 64 | hilos 4 de 12
    ... 188.6 s | grupo 1/6 | 229432209 nodos | revisado 7.66e-03%, faltan ~28 días [menos opciones 7.66e-03%, reinicios, menos opciones 0.931%, reinicios, interior primero 0.042%] (Knuth: ~8 días) | máximo colocado 54 de 64 | hilos 4 de 12
    ... 190.6 s | grupo 1/6 | 231952605 nodos | revisado 7.74e-03%, faltan ~28 días [menos opciones 7.74e-03%, reinicios, menos opciones 0.931%, reinicios, interior primero 0.043%] (Knuth: ~8 días) | máximo colocado 54 de 64 | hilos 4 de 12
    ... 192.6 s | grupo 1/6 | 234520382 nodos | revisado 7.82e-03%, faltan ~28 días [menos opciones 7.82e-03%, reinicios, menos opciones 0.932%, reinicios, interior primero 0.043%] (Knuth: ~8 días) | máximo colocado 54 de 64 | hilos 4 de 12
    ... 194.7 s | grupo 1/6 | 237067443 nodos | revisado 7.86e-03%, faltan ~28 días [menos opciones 7.86e-03%, reinicios, menos opciones 0.932%, reinicios, interior primero 0.043%] (Knuth: ~8 días) | máximo colocado 54 de 64 | hilos 4 de 12
    ... 196.7 s | grupo 1/6 | 239616715 nodos | revisado 7.90e-03%, faltan ~28 días [menos opciones 7.90e-03%, reinicios, menos opciones 0.932%, reinicios, interior primero 0.044%] (Knuth: ~8 días) | máximo colocado 54 de 64 | hilos 4 de 12
    ... 198.7 s | grupo 1/6 | 242154210 nodos | revisado 7.95e-03%, faltan ~28 días [menos opciones 7.95e-03%, reinicios, menos opciones 0.932%, reinicios, interior primero 0.044%] (Knuth: ~8 días) | máximo colocado 54 de 64 | hilos 4 de 12
    ... 200.7 s | grupo 1/6 | 244698229 nodos | revisado 9.99e-03%, faltan ~23 días [menos opciones 9.99e-03%, reinicios, menos opciones 1.0%, reinicios, interior primero 0.045%] (Knuth: ~8 días) | máximo colocado 54 de 64 | hilos 4 de 12
    ... 202.7 s | grupo 1/6 | 247207609 nodos | revisado 0.010%, faltan ~23 días [menos opciones 0.010%, reinicios, menos opciones 1.0%, reinicios, interior primero 0.045%] (Knuth: ~8 días) | máximo colocado 54 de 64 | hilos 4 de 12
    ... 204.7 s | grupo 1/6 | 249749069 nodos | revisado 0.010%, faltan ~23 días [menos opciones 0.010%, reinicios, menos opciones 1.0%, reinicios, interior primero 0.046%] (Knuth: ~8 días) | máximo colocado 54 de 64 | hilos 4 de 12
    ... 206.7 s | grupo 1/6 | 252238263 nodos | revisado 0.010%, faltan ~23 días [menos opciones 0.010%, reinicios, menos opciones 1.0%, reinicios, interior primero 0.046%] (Knuth: ~8 días) | máximo colocado 54 de 64 | hilos 4 de 12
    ... 208.7 s | grupo 1/6 | 254768279 nodos | revisado 0.010%, faltan ~23 días [menos opciones 0.010%, reinicios, menos opciones 1.0%, reinicios, interior primero 0.046%] (Knuth: ~8 días) | máximo colocado 54 de 64 | hilos 4 de 12
    ... 210.7 s | grupo 1/6 | 257300098 nodos | revisado 0.010%, faltan ~23 días [menos opciones 0.010%, reinicios, menos opciones 1.0%, reinicios, interior primero 0.047%] (Knuth: ~8 días) | máximo colocado 54 de 64 | hilos 4 de 12
    ... 212.7 s | grupo 1/6 | 259849042 nodos | revisado 0.010%, faltan ~23 días [menos opciones 0.010%, reinicios, menos opciones 1.0%, reinicios, interior primero 0.047%] (Knuth: ~8 días) | máximo colocado 54 de 64 | hilos 4 de 12
    ... 214.7 s | grupo 1/6 | 262372824 nodos | revisado 0.010%, faltan ~23 días [menos opciones 0.010%, reinicios, menos opciones 1.0%, reinicios, interior primero 0.047%] (Knuth: ~8 días) | máximo colocado 54 de 64 | hilos 4 de 12
    ... 216.7 s | grupo 1/6 | 264900830 nodos | revisado 0.011%, faltan ~23 días [menos opciones 0.011%, reinicios, menos opciones 1.0%, reinicios, interior primero 0.047%] (Knuth: ~8 días) | máximo colocado 54 de 64 | hilos 4 de 12
    ... 218.8 s | grupo 1/6 | 267413541 nodos | revisado 0.011%, faltan ~24 días [menos opciones 0.011%, reinicios, menos opciones 1.0%, reinicios, interior primero 0.048%] (Knuth: ~8 días) | máximo colocado 54 de 64 | hilos 4 de 12
    ... 220.8 s | grupo 1/6 | 269910781 nodos | revisado 0.011%, faltan ~24 días [menos opciones 0.011%, reinicios, menos opciones 1.0%, reinicios, interior primero 0.049%] (Knuth: ~8 días) | máximo colocado 54 de 64 | hilos 4 de 12
    ... 222.8 s | grupo 1/6 | 272398489 nodos | revisado 0.011%, faltan ~24 días [menos opciones 0.011%, reinicios, menos opciones 1.0%, reinicios, interior primero 0.049%] (Knuth: ~8 días) | máximo colocado 54 de 64 | hilos 4 de 12
    ... 224.8 s | grupo 1/6 | 274896561 nodos | revisado 0.011%, faltan ~24 días [menos opciones 0.011%, reinicios, menos opciones 1.2%, reinicios, interior primero 0.050%] (Knuth: ~8 días) | máximo colocado 54 de 64 | hilos 4 de 12
    ... 226.8 s | grupo 1/6 | 277411024 nodos | revisado 0.011%, faltan ~24 días [menos opciones 0.011%, reinicios, menos opciones 1.2%, reinicios, interior primero 0.050%] (Knuth: ~8 días) | máximo colocado 54 de 64 | hilos 4 de 12
    ... 228.8 s | grupo 1/6 | 279921853 nodos | revisado 0.011%, faltan ~24 días [menos opciones 0.011%, reinicios, menos opciones 1.2%, reinicios, interior primero 0.051%] (Knuth: ~8 días) | máximo colocado 54 de 64 | hilos 4 de 12
    ... 230.8 s | grupo 1/6 | 282410575 nodos | revisado 0.011%, faltan ~24 días [menos opciones 0.011%, reinicios, menos opciones 1.2%, reinicios, interior primero 0.052%] (Knuth: ~8 días) | máximo colocado 54 de 64 | hilos 4 de 12
    ... 232.8 s | grupo 1/6 | 284865337 nodos | revisado 0.011%, faltan ~25 días [menos opciones 0.011%, reinicios, menos opciones 1.3%, reinicios, interior primero 0.052%] (Knuth: ~8 días) | máximo colocado 54 de 64 | hilos 4 de 12
    ... 234.8 s | grupo 1/6 | 287310567 nodos | revisado 0.011%, faltan ~25 días [menos opciones 0.011%, reinicios, menos opciones 1.3%, reinicios, interior primero 0.053%] (Knuth: ~8 días) | máximo colocado 54 de 64 | hilos 4 de 12
    ... 236.9 s | grupo 1/6 | 289814797 nodos | revisado 0.011%, faltan ~25 días [menos opciones 0.011%, reinicios, menos opciones 1.3%, reinicios, interior primero 0.053%] (Knuth: ~8 días) | máximo colocado 54 de 64 | hilos 4 de 12
    ... 238.9 s | grupo 1/6 | 292308272 nodos | revisado 0.011%, faltan ~25 días [menos opciones 0.011%, reinicios, menos opciones 1.3%, reinicios, interior primero 0.054%] (Knuth: ~8 días) | máximo colocado 54 de 64 | hilos 4 de 12
    ... 240.9 s | grupo 1/6 | 294797534 nodos | revisado 0.011%, faltan ~25 días [menos opciones 0.011%, reinicios, menos opciones 1.4%, reinicios, interior primero 0.054%] (Knuth: ~8 días) | máximo colocado 54 de 64 | hilos 4 de 12
    ... 242.9 s | grupo 1/6 | 297298151 nodos | revisado 0.011%, faltan ~25 días [menos opciones 0.011%, reinicios, menos opciones 1.4%, reinicios, interior primero 0.054%] (Knuth: ~8 días) | máximo colocado 54 de 64 | hilos 4 de 12
    ... 244.9 s | grupo 1/6 | 299815886 nodos | revisado 0.011%, faltan ~25 días [menos opciones 0.011%, reinicios, menos opciones 1.4%, reinicios, interior primero 0.055%] (Knuth: ~8 días) | máximo colocado 54 de 64 | hilos 4 de 12
    ... 246.9 s | grupo 1/6 | 302325670 nodos | revisado 0.011%, faltan ~26 días [menos opciones 0.011%, reinicios, menos opciones 1.4%, reinicios, interior primero 0.055%] (Knuth: ~8 días) | máximo colocado 54 de 64 | hilos 4 de 12
    ... 248.9 s | grupo 1/6 | 304860224 nodos | revisado 0.011%, faltan ~26 días [menos opciones 0.011%, reinicios, menos opciones 1.4%, reinicios, interior primero 0.055%] (Knuth: ~8 días) | máximo colocado 54 de 64 | hilos 4 de 12
    ... 250.9 s | grupo 1/6 | 307354312 nodos | revisado 0.011%, faltan ~26 días [menos opciones 0.011%, reinicios, menos opciones 1.4%, reinicios, interior primero 0.056%] (Knuth: ~8 días) | máximo colocado 54 de 64 | hilos 4 de 12
    ... 252.9 s | grupo 1/6 | 309817962 nodos | revisado 0.011%, faltan ~26 días [menos opciones 0.011%, reinicios, menos opciones 1.4%, reinicios, interior primero 0.057%] (Knuth: ~8 días) | máximo colocado 54 de 64 | hilos 4 de 12
    ... 255.0 s | grupo 1/6 | 312293619 nodos | revisado 0.011%, faltan ~26 días [menos opciones 0.011%, reinicios, menos opciones 1.4%, reinicios, interior primero 0.057%] (Knuth: ~8 días) | máximo colocado 54 de 64 | hilos 4 de 12
    ... 257.0 s | grupo 1/6 | 314793242 nodos | revisado 0.011%, faltan ~26 días [menos opciones 0.011%, reinicios, menos opciones 1.4%, reinicios, interior primero 0.058%] (Knuth: ~8 días) | máximo colocado 54 de 64 | hilos 4 de 12
    ... 259.0 s | grupo 1/6 | 317289627 nodos | revisado 0.011%, faltan ~26 días [menos opciones 0.011%, reinicios, menos opciones 1.4%, reinicios, interior primero 0.058%] (Knuth: ~8 días) | máximo colocado 54 de 64 | hilos 4 de 12
    ... 261.0 s | grupo 1/6 | 319756393 nodos | revisado 0.011%, faltan ~26 días [menos opciones 0.011%, reinicios, menos opciones 1.6%, reinicios, interior primero 0.059%] (Knuth: ~8 días) | máximo colocado 54 de 64 | hilos 4 de 12
    ... 263.0 s | grupo 1/6 | 322201101 nodos | revisado 0.012%, faltan ~26 días [menos opciones 0.012%, reinicios, menos opciones 1.6%, reinicios, interior primero 0.059%] (Knuth: ~8 días) | máximo colocado 54 de 64 | hilos 4 de 12
    ... 265.0 s | grupo 1/6 | 324611125 nodos | revisado 0.012%, faltan ~26 días [menos opciones 0.012%, reinicios, menos opciones 1.6%, reinicios, interior primero 0.059%] (Knuth: ~8 días) | máximo colocado 54 de 64 | hilos 4 de 12
    ... 267.0 s | grupo 1/6 | 327141637 nodos | revisado 0.012%, faltan ~26 días [menos opciones 0.012%, reinicios, menos opciones 1.6%, reinicios, interior primero 0.059%] (Knuth: ~8 días) | máximo colocado 54 de 64 | hilos 4 de 12
    ... 269.0 s | grupo 1/6 | 329553748 nodos | revisado 0.012%, faltan ~26 días [menos opciones 0.012%, reinicios, menos opciones 1.6%, reinicios, interior primero 0.059%] (Knuth: ~8 días) | máximo colocado 54 de 64 | hilos 4 de 12
    ... 271.0 s | grupo 1/6 | 331955504 nodos | revisado 0.012%, faltan ~26 días [menos opciones 0.012%, reinicios, menos opciones 1.6%, reinicios, interior primero 0.059%] (Knuth: ~8 días) | máximo colocado 54 de 64 | hilos 4 de 12
    ... 273.0 s | grupo 1/6 | 334274104 nodos | revisado 0.012%, faltan ~26 días [menos opciones 0.012%, reinicios, menos opciones 1.6%, reinicios, interior primero 0.060%] (Knuth: ~8 días) | máximo colocado 54 de 64 | hilos 4 de 12
    ... 275.1 s | grupo 1/6 | 336523517 nodos | revisado 0.012%, faltan ~26 días [menos opciones 0.012%, reinicios, menos opciones 1.6%, reinicios, interior primero 0.060%] (Knuth: ~8 días) | máximo colocado 54 de 64 | hilos 4 de 12
    ... 277.1 s | grupo 1/6 | 338723914 nodos | revisado 0.012%, faltan ~27 días [menos opciones 0.012%, reinicios, menos opciones 1.6%, reinicios, interior primero 0.066%] (Knuth: ~8 días) | máximo colocado 54 de 64 | hilos 4 de 12
    ... 279.1 s | grupo 1/6 | 340994515 nodos | revisado 0.012%, faltan ~27 días [menos opciones 0.012%, reinicios, menos opciones 1.6%, reinicios, interior primero 0.067%] (Knuth: ~8 días) | máximo colocado 54 de 64 | hilos 4 de 12
    ... 281.1 s | grupo 1/6 | 343344769 nodos | revisado 0.012%, faltan ~27 días [menos opciones 0.012%, reinicios, menos opciones 1.6%, reinicios, interior primero 0.067%] (Knuth: ~8 días) | máximo colocado 54 de 64 | hilos 4 de 12
    ... 283.1 s | grupo 1/6 | 345696654 nodos | revisado 0.012%, faltan ~27 días [menos opciones 0.012%, reinicios, menos opciones 1.6%, reinicios, interior primero 0.068%] (Knuth: ~8 días) | máximo colocado 54 de 64 | hilos 4 de 12
    ... 285.1 s | grupo 1/6 | 348141268 nodos | revisado 0.012%, faltan ~27 días [menos opciones 0.012%, reinicios, menos opciones 1.6%, reinicios, interior primero 0.068%] (Knuth: ~8 días) | máximo colocado 54 de 64 | hilos 4 de 12
    ... 287.1 s | grupo 1/6 | 350568747 nodos | revisado 0.012%, faltan ~27 días [menos opciones 0.012%, reinicios, menos opciones 1.6%, reinicios, interior primero 0.068%] (Knuth: ~8 días) | máximo colocado 54 de 64 | hilos 4 de 12
    ... 289.1 s | grupo 1/6 | 352976301 nodos | revisado 0.012%, faltan ~27 días [menos opciones 0.012%, reinicios, menos opciones 1.6%, reinicios, interior primero 0.068%] (Knuth: ~8 días) | máximo colocado 54 de 64 | hilos 4 de 12
    ... 291.1 s | grupo 1/6 | 355413358 nodos | revisado 0.012%, faltan ~27 días [menos opciones 0.012%, reinicios, menos opciones 1.6%, reinicios, interior primero 0.069%] (Knuth: ~8 días) | máximo colocado 54 de 64 | hilos 4 de 12
    ... 293.1 s | grupo 1/6 | 357785143 nodos | revisado 0.012%, faltan ~27 días [menos opciones 0.012%, reinicios, menos opciones 1.6%, reinicios, interior primero 0.070%] (Knuth: ~8 días) | máximo colocado 54 de 64 | hilos 4 de 12
    ... 295.1 s | grupo 1/6 | 360198635 nodos | revisado 0.012%, faltan ~27 días [menos opciones 0.012%, reinicios, menos opciones 1.6%, reinicios, interior primero 0.070%] (Knuth: ~8 días) | máximo colocado 54 de 64 | hilos 4 de 12
    ... 297.1 s | grupo 1/6 | 362608004 nodos | revisado 0.012%, faltan ~27 días [menos opciones 0.012%, reinicios, menos opciones 1.6%, reinicios, interior primero 0.071%] (Knuth: ~8 días) | máximo colocado 54 de 64 | hilos 4 de 12
    ... 299.1 s | grupo 1/6 | 364994194 nodos | revisado 0.012%, faltan ~28 días [menos opciones 0.012%, reinicios, menos opciones 1.6%, reinicios, interior primero 0.072%] (Knuth: ~8 días) | máximo colocado 54 de 64 | hilos 4 de 12
[4] Grupo 1: cortado por límite de tiempo
[5] Tiempo total: 5 min
RESULTADO resuelto=0 ms=300011.8 marcos=0 nodos=365993984 grupos=1/6 hilos=12 t_marcos=0.000 t_interior=296.226 lados=0 unificado=1 max_colocadas=54 motivo=limite
