[0] Tablero 8x8, 11 colores, 12 hilos
[1] Esquina fija (2,2). 6 grupos, orden por coste: 3.98e+19 3.98e+19 3.98e+19 3.98e+19 3.98e+19 3.98e+19
    grupo 1, orden menos opciones: estimado 4.7e+13 nodos
    grupo 1, orden interior primero: estimado 1.32e+13 nodos
    grupo 2, orden menos opciones: estimado 4.81e+13 nodos
    grupo 2, orden interior primero: estimado 1.5e+13 nodos
    grupo 3, orden menos opciones: estimado 1.89e+13 nodos
    grupo 3, orden interior primero: estimado 1.67e+13 nodos
    grupo 4, orden menos opciones: estimado 4.63e+13 nodos
    grupo 4, orden interior primero: estimado 1.38e+13 nodos
    grupo 5, orden menos opciones: estimado 2.32e+13 nodos
    grupo 5, orden interior primero: estimado 3.26e+13 nodos
    grupo 6, orden menos opciones: estimado 2.99e+13 nodos
    grupo 6, orden interior primero: estimado 1.81e+13 nodos
[1] Estimado de Knuth por grupo (nodos): 1.32e+13(i) 1.5e+13(i) 1.89e+13 1.38e+13(i) 2.32e+13 2.99e+13   (i) = interior primero
[2] Grupo 1/6: ruta unificada (mapas por lado), orden: PORTAFOLIO (mitad de los hilos con cada orden)
    ... 5.7 s | grupo 1/6 | 2308036 nodos | revisado 1.08e-05%, faltan ~216 días [interior primero 1.08e-05%, reinicios, interior primero 1.36e-03%, reinicios, menos opciones 6.37e-05%] (Knuth: ~133 días) | máximo colocado 54 de 64 | hilos 4 de 12
    ... 7.7 s | grupo 1/6 | 4622041 nodos | revisado 2.15e-05%, faltan ~216 días [interior primero 2.15e-05%, reinicios, interior primero 1.55e-03%, reinicios, menos opciones 6.64e-04%] (Knuth: ~133 días) | máximo colocado 54 de 64 | hilos 4 de 12
    ... 9.7 s | grupo 1/6 | 6886410 nodos | revisado 3.52e-05%, faltan ~197 días [interior primero 3.52e-05%, reinicios, interior primero 2.17e-03%, reinicios, menos opciones 6.99e-04%] (Knuth: ~134 días) | máximo colocado 54 de 64 | hilos 4 de 12
    ... 11.7 s | grupo 1/6 | 9144785 nodos | revisado 4.25e-05%, faltan ~219 días [interior primero 4.25e-05%, reinicios, interior primero 2.20e-03%, reinicios, menos opciones 8.33e-04%] (Knuth: ~134 días) | máximo colocado 54 de 64 | hilos 4 de 12
    ... 13.7 s | grupo 1/6 | 11506506 nodos | revisado 4.52e-05%, faltan ~257 días [interior primero 4.52e-05%, reinicios, interior primero 3.74e-03%, reinicios, menos opciones 9.33e-04%] (Knuth: ~133 días) | máximo colocado 54 de 64 | hilos 4 de 12
    ... 15.7 s | grupo 1/6 | 13740281 nodos | revisado 4.99e-05%, faltan ~279 días [interior primero 4.99e-05%, reinicios, interior primero 3.80e-03%, reinicios, menos opciones 1.12e-03%] (Knuth: ~134 días) | máximo colocado 54 de 64 | hilos 4 de 12
    ... 17.7 s | grupo 1/6 | 16078259 nodos | revisado 5.67e-05%, faltan ~287 días [interior primero 5.67e-05%, reinicios, interior primero 3.91e-03%, reinicios, menos opciones 1.22e-03%] (Knuth: ~134 días) | máximo colocado 54 de 64 | hilos 4 de 12
    ... 19.7 s | grupo 1/6 | 18467050 nodos | revisado 6.41e-05%, faltan ~290 días [interior primero 6.41e-05%, reinicios, interior primero 3.97e-03%, reinicios, menos opciones 1.75e-03%] (Knuth: ~133 días) | máximo colocado 56 de 64 | hilos 4 de 12
    ... 21.7 s | grupo 1/6 | 20895990 nodos | revisado 6.90e-05%, faltan ~303 días [interior primero 6.90e-05%, reinicios, interior primero 4.24e-03%, reinicios, menos opciones 1.84e-03%] (Knuth: ~132 días) | máximo colocado 57 de 64 | hilos 4 de 12
    ... 23.8 s | grupo 1/6 | 23309330 nodos | revisado 7.87e-05%, faltan ~295 días [interior primero 7.87e-05%, reinicios, interior primero 4.48e-03%, reinicios, menos opciones 2.05e-03%] (Knuth: ~132 días) | máximo colocado 57 de 64 | hilos 4 de 12
    ... 25.8 s | grupo 1/6 | 25741558 nodos | revisado 8.10e-05%, faltan ~316 días [interior primero 8.10e-05%, reinicios, interior primero 4.67e-03%, reinicios, menos opciones 2.24e-03%] (Knuth: ~131 días) | máximo colocado 57 de 64 | hilos 4 de 12
    ... 27.8 s | grupo 1/6 | 28164885 nodos | revisado 8.56e-05%, faltan ~326 días [interior primero 8.56e-05%, reinicios, interior primero 4.69e-03%, reinicios, menos opciones 2.28e-03%] (Knuth: ~131 días) | máximo colocado 57 de 64 | hilos 4 de 12
    ... 29.8 s | grupo 1/6 | 30591771 nodos | revisado 8.97e-05%, faltan ~337 días [interior primero 8.97e-05%, reinicios, interior primero 4.70e-03%, reinicios, menos opciones 2.39e-03%] (Knuth: ~131 días) | máximo colocado 57 de 64 | hilos 4 de 12
    ... 31.8 s | grupo 1/6 | 33059003 nodos | revisado 9.48e-05%, faltan ~343 días [interior primero 9.48e-05%, reinicios, interior primero 4.85e-03%, reinicios, menos opciones 2.40e-03%] (Knuth: ~130 días) | máximo colocado 57 de 64 | hilos 4 de 12
    portafolio: encontró la solución el equipo "reinicios, menos opciones" (nodos: interior primero 10971136, reinicios, interior primero 10575872, reinicios, menos opciones 12896943)
[4] Grupo 1: SOLUCIÓN. Verificación: OK
[5] Tiempo total: 33 s
RESULTADO resuelto=1 ms=32956.9 marcos=0 nodos=34443951 grupos=1/6 hilos=12 t_marcos=0.000 t_interior=29.287 lados=0 unificado=1 max_colocadas=64
