[0] Tablero 8x8, 11 colores, 12 hilos
[1] Esquina fija (1,2). 6 grupos, orden por coste: 1.83e+17 1.83e+17 1.84e+17 1.84e+17 1.84e+17 1.84e+17
    grupo 1, orden menos opciones: estimado 2.2e+12 nodos
    grupo 1, orden interior primero: estimado 1.79e+12 nodos
    grupo 2, orden menos opciones: estimado 1.98e+12 nodos
    grupo 2, orden interior primero: estimado 1.94e+12 nodos
    grupo 3, orden menos opciones: estimado 1.88e+12 nodos
    grupo 3, orden interior primero: estimado 2.01e+12 nodos
    grupo 4, orden menos opciones: estimado 1.62e+12 nodos
    grupo 4, orden interior primero: estimado 3.75e+12 nodos
    grupo 5, orden menos opciones: estimado 1.89e+12 nodos
    grupo 5, orden interior primero: estimado 1.57e+12 nodos
    grupo 6, orden menos opciones: estimado 2.1e+12 nodos
    grupo 6, orden interior primero: estimado 1.71e+12 nodos
[1] Estimado de Knuth por grupo (nodos): 2.2e+12 1.98e+12 1.88e+12 1.62e+12 1.89e+12 2.1e+12   (i) = interior primero
[2] Grupo 1/6: ruta unificada (mapas por lado), orden: PORTAFOLIO (mitad de los hilos con cada orden)
    ... 5.7 s | grupo 1/6 | 2307748 nodos | revisado 2.01e-04%, faltan ~12 días [menos opciones 2.01e-04%, reinicios, menos opciones 5.22e-04%, reinicios, interior primero 0.261%] (Knuth: ~22 días) | máximo colocado 50 de 64 | hilos 4 de 12
    ... 7.7 s | grupo 1/6 | 4641096 nodos | revisado 4.56e-04%, faltan ~10 días [menos opciones 4.56e-04%, reinicios, menos opciones 8.93e-03%, reinicios, interior primero 0.339%] (Knuth: ~22 días) | máximo colocado 51 de 64 | hilos 4 de 12
    ... 9.7 s | grupo 1/6 | 7031727 nodos | revisado 5.63e-04%, faltan ~12 días [menos opciones 5.63e-04%, reinicios, menos opciones 9.03e-03%, reinicios, interior primero 0.339%] (Knuth: ~22 días) | máximo colocado 51 de 64 | hilos 4 de 12
    ... 11.7 s | grupo 1/6 | 9378522 nodos | revisado 6.99e-04%, faltan ~13 días [menos opciones 6.99e-04%, reinicios, menos opciones 9.31e-03%, reinicios, interior primero 0.397%] (Knuth: ~22 días) | máximo colocado 51 de 64 | hilos 4 de 12
    ... 13.7 s | grupo 1/6 | 11752565 nodos | revisado 7.92e-04%, faltan ~15 días [menos opciones 7.92e-04%, reinicios, menos opciones 0.010%, reinicios, interior primero 0.492%] (Knuth: ~22 días) | máximo colocado 51 de 64 | hilos 4 de 12
    ... 15.7 s | grupo 1/6 | 14123251 nodos | revisado 1.04e-03%, faltan ~13 días [menos opciones 1.04e-03%, reinicios, menos opciones 0.011%, reinicios, interior primero 0.537%] (Knuth: ~22 días) | máximo colocado 51 de 64 | hilos 4 de 12
    ... 17.7 s | grupo 1/6 | 16492815 nodos | revisado 1.30e-03%, faltan ~13 días [menos opciones 1.30e-03%, reinicios, menos opciones 0.012%, reinicios, interior primero 0.538%] (Knuth: ~22 días) | máximo colocado 51 de 64 | hilos 4 de 12
    ... 19.7 s | grupo 1/6 | 18829742 nodos | revisado 1.39e-03%, faltan ~13 días [menos opciones 1.39e-03%, reinicios, menos opciones 0.012%, reinicios, interior primero 0.538%] (Knuth: ~22 días) | máximo colocado 51 de 64 | hilos 4 de 12
    ... 21.7 s | grupo 1/6 | 21160677 nodos | revisado 1.54e-03%, faltan ~14 días [menos opciones 1.54e-03%, reinicios, menos opciones 0.013%, reinicios, interior primero 0.538%] (Knuth: ~22 días) | máximo colocado 51 de 64 | hilos 4 de 12
    ... 23.7 s | grupo 1/6 | 23507029 nodos | revisado 1.66e-03%, faltan ~14 días [menos opciones 1.66e-03%, reinicios, menos opciones 0.013%, reinicios, interior primero 0.642%] (Knuth: ~22 días) | máximo colocado 52 de 64 | hilos 4 de 12
    ... 25.8 s | grupo 1/6 | 25840098 nodos | revisado 1.83e-03%, faltan ~14 días [menos opciones 1.83e-03%, reinicios, menos opciones 0.013%, reinicios, interior primero 0.822%] (Knuth: ~22 días) | máximo colocado 52 de 64 | hilos 4 de 12
    ... 27.8 s | grupo 1/6 | 28191550 nodos | revisado 2.00e-03%, faltan ~14 días [menos opciones 2.00e-03%, reinicios, menos opciones 0.014%, reinicios, interior primero 0.890%] (Knuth: ~22 días) | máximo colocado 52 de 64 | hilos 4 de 12
    ... 29.8 s | grupo 1/6 | 30484004 nodos | revisado 2.25e-03%, faltan ~13 días [menos opciones 2.25e-03%, reinicios, menos opciones 0.014%, reinicios, interior primero 0.939%] (Knuth: ~22 días) | máximo colocado 52 de 64 | hilos 4 de 12
    ... 31.8 s | grupo 1/6 | 32743751 nodos | revisado 2.39e-03%, faltan ~14 días [menos opciones 2.39e-03%, reinicios, menos opciones 0.016%, reinicios, interior primero 1.3%] (Knuth: ~22 días) | máximo colocado 52 de 64 | hilos 4 de 12
    ... 33.8 s | grupo 1/6 | 35002473 nodos | revisado 2.41e-03%, faltan ~14 días [menos opciones 2.41e-03%, reinicios, menos opciones 0.016%, reinicios, interior primero 1.3%] (Knuth: ~22 días) | máximo colocado 52 de 64 | hilos 4 de 12
    ... 35.8 s | grupo 1/6 | 37294018 nodos | revisado 2.43e-03%, faltan ~15 días [menos opciones 2.43e-03%, reinicios, menos opciones 0.016%, reinicios, interior primero 1.3%] (Knuth: ~22 días) | máximo colocado 52 de 64 | hilos 4 de 12
    ... 37.8 s | grupo 1/6 | 39536442 nodos | revisado 2.47e-03%, faltan ~16 días [menos opciones 2.47e-03%, reinicios, menos opciones 0.016%, reinicios, interior primero 1.3%] (Knuth: ~22 días) | máximo colocado 52 de 64 | hilos 4 de 12
    ... 39.8 s | grupo 1/6 | 41888707 nodos | revisado 2.54e-03%, faltan ~16 días [menos opciones 2.54e-03%, reinicios, menos opciones 0.016%, reinicios, interior primero 1.3%] (Knuth: ~22 días) | máximo colocado 52 de 64 | hilos 4 de 12
    ... 41.8 s | grupo 1/6 | 44168687 nodos | revisado 2.68e-03%, faltan ~16 días [menos opciones 2.68e-03%, reinicios, menos opciones 0.016%, reinicios, interior primero 1.3%] (Knuth: ~22 días) | máximo colocado 52 de 64 | hilos 4 de 12
    ... 43.8 s | grupo 1/6 | 46426825 nodos | revisado 2.71e-03%, faltan ~17 días [menos opciones 2.71e-03%, reinicios, menos opciones 0.017%, reinicios, interior primero 1.3%] (Knuth: ~22 días) | máximo colocado 52 de 64 | hilos 4 de 12
    ... 45.9 s | grupo 1/6 | 48610820 nodos | revisado 2.82e-03%, faltan ~17 días [menos opciones 2.82e-03%, reinicios, menos opciones 0.017%, reinicios, interior primero 1.3%] (Knuth: ~22 días) | máximo colocado 52 de 64 | hilos 4 de 12
    ... 47.9 s | grupo 1/6 | 50750584 nodos | revisado 2.85e-03%, faltan ~18 días [menos opciones 2.85e-03%, reinicios, menos opciones 0.018%, reinicios, interior primero 1.3%] (Knuth: ~22 días) | máximo colocado 52 de 64 | hilos 4 de 12
    ... 49.9 s | grupo 1/6 | 52907317 nodos | revisado 2.91e-03%, faltan ~18 días [menos opciones 2.91e-03%, reinicios, menos opciones 0.019%, reinicios, interior primero 1.4%] (Knuth: ~22 días) | máximo colocado 52 de 64 | hilos 4 de 12
    ... 51.9 s | grupo 1/6 | 55038880 nodos | revisado 3.03e-03%, faltan ~18 días [menos opciones 3.03e-03%, reinicios, menos opciones 0.020%, reinicios, interior primero 1.5%] (Knuth: ~22 días) | máximo colocado 52 de 64 | hilos 4 de 12
    ... 53.9 s | grupo 1/6 | 57181149 nodos | revisado 3.08e-03%, faltan ~19 días [menos opciones 3.08e-03%, reinicios, menos opciones 0.029%, reinicios, interior primero 1.5%] (Knuth: ~22 días) | máximo colocado 52 de 64 | hilos 4 de 12
    ... 55.9 s | grupo 1/6 | 59272264 nodos | revisado 3.12e-03%, faltan ~19 días [menos opciones 3.12e-03%, reinicios, menos opciones 0.029%, reinicios, interior primero 1.5%] (Knuth: ~22 días) | máximo colocado 52 de 64 | hilos 4 de 12
    ... 57.9 s | grupo 1/6 | 61366441 nodos | revisado 3.19e-03%, faltan ~20 días [menos opciones 3.19e-03%, reinicios, menos opciones 0.030%, reinicios, interior primero 1.5%] (Knuth: ~22 días) | máximo colocado 52 de 64 | hilos 4 de 12
    ... 59.9 s | grupo 1/6 | 63469588 nodos | revisado 3.31e-03%, faltan ~20 días [menos opciones 3.31e-03%, reinicios, menos opciones 0.030%, reinicios, interior primero 1.5%] (Knuth: ~23 días) | máximo colocado 52 de 64 | hilos 4 de 12
    ... 61.9 s | grupo 1/6 | 65769368 nodos | revisado 3.32e-03%, faltan ~20 días [menos opciones 3.32e-03%, reinicios, menos opciones 0.031%, reinicios, interior primero 1.6%] (Knuth: ~23 días) | máximo colocado 52 de 64 | hilos 4 de 12
    ... 63.9 s | grupo 1/6 | 68072849 nodos | revisado 3.42e-03%, faltan ~20 días [menos opciones 3.42e-03%, reinicios, menos opciones 0.031%, reinicios, interior primero 1.6%] (Knuth: ~23 días) | máximo colocado 52 de 64 | hilos 4 de 12
    ... 65.9 s | grupo 1/6 | 70429043 nodos | revisado 3.58e-03%, faltan ~20 días [menos opciones 3.58e-03%, reinicios, menos opciones 0.031%, reinicios, interior primero 1.7%] (Knuth: ~22 días) | máximo colocado 52 de 64 | hilos 4 de 12
    ... 68.0 s | grupo 1/6 | 72800686 nodos | revisado 3.77e-03%, faltan ~20 días [menos opciones 3.77e-03%, reinicios, menos opciones 0.033%, reinicios, interior primero 1.7%] (Knuth: ~22 días) | máximo colocado 52 de 64 | hilos 4 de 12
    ... 70.0 s | grupo 1/6 | 75179032 nodos | revisado 3.87e-03%, faltan ~20 días [menos opciones 3.87e-03%, reinicios, menos opciones 0.038%, reinicios, interior primero 1.7%] (Knuth: ~22 días) | máximo colocado 52 de 64 | hilos 4 de 12
    ... 72.0 s | grupo 1/6 | 77512747 nodos | revisado 3.91e-03%, faltan ~20 días [menos opciones 3.91e-03%, reinicios, menos opciones 0.038%, reinicios, interior primero 1.7%] (Knuth: ~22 días) | máximo colocado 52 de 64 | hilos 4 de 12
    ... 74.0 s | grupo 1/6 | 79868381 nodos | revisado 3.94e-03%, faltan ~21 días [menos opciones 3.94e-03%, reinicios, menos opciones 0.039%, reinicios, interior primero 1.7%] (Knuth: ~22 días) | máximo colocado 52 de 64 | hilos 4 de 12
    ... 76.0 s | grupo 1/6 | 82192696 nodos | revisado 3.99e-03%, faltan ~21 días [menos opciones 3.99e-03%, reinicios, menos opciones 0.039%, reinicios, interior primero 1.9%] (Knuth: ~22 días) | máximo colocado 52 de 64 | hilos 4 de 12
    ... 78.0 s | grupo 1/6 | 84495243 nodos | revisado 4.04e-03%, faltan ~21 días [menos opciones 4.04e-03%, reinicios, menos opciones 0.040%, reinicios, interior primero 1.9%] (Knuth: ~22 días) | máximo colocado 52 de 64 | hilos 4 de 12
    ... 80.0 s | grupo 1/6 | 86793570 nodos | revisado 4.06e-03%, faltan ~22 días [menos opciones 4.06e-03%, reinicios, menos opciones 0.040%, reinicios, interior primero 1.9%] (Knuth: ~22 días) | máximo colocado 52 de 64 | hilos 4 de 12
    ... 82.0 s | grupo 1/6 | 89118488 nodos | revisado 4.09e-03%, faltan ~22 días [menos opciones 4.09e-03%, reinicios, menos opciones 0.041%, reinicios, interior primero 1.9%] (Knuth: ~22 días) | máximo colocado 52 de 64 | hilos 4 de 12
    ... 84.0 s | grupo 1/6 | 91434251 nodos | revisado 4.14e-03%, faltan ~22 días [menos opciones 4.14e-03%, reinicios, menos opciones 0.041%, reinicios, interior primero 1.9%] (Knuth: ~22 días) | máximo colocado 52 de 64 | hilos 4 de 12
    ... 86.0 s | grupo 1/6 | 93731871 nodos | revisado 4.19e-03%, faltan ~23 días [menos opciones 4.19e-03%, reinicios, menos opciones 0.041%, reinicios, interior primero 1.9%] (Knuth: ~22 días) | máximo colocado 52 de 64 | hilos 4 de 12
    ... 88.0 s | grupo 1/6 | 96037973 nodos | revisado 4.24e-03%, faltan ~23 días [menos opciones 4.24e-03%, reinicios, menos opciones 0.041%, reinicios, interior primero 1.9%] (Knuth: ~22 días) | máximo colocado 52 de 64 | hilos 4 de 12
    ... 90.1 s | grupo 1/6 | 98364090 nodos | revisado 4.28e-03%, faltan ~23 días [menos opciones 4.28e-03%, reinicios, menos opciones 0.041%, reinicios, interior primero 1.9%] (Knuth: ~22 días) | máximo colocado 52 de 64 | hilos 4 de 12
    ... 92.1 s | grupo 1/6 | 100689104 nodos | revisado 4.32e-03%, faltan ~24 días [menos opciones 4.32e-03%, reinicios, menos opciones 0.041%, reinicios, interior primero 1.9%] (Knuth: ~22 días) | máximo colocado 52 de 64 | hilos 4 de 12
    ... 94.1 s | grupo 1/6 | 103024979 nodos | revisado 4.38e-03%, faltan ~24 días [menos opciones 4.38e-03%, reinicios, menos opciones 0.041%, reinicios, interior primero 1.9%] (Knuth: ~22 días) | máximo colocado 52 de 64 | hilos 4 de 12
    ... 96.1 s | grupo 1/6 | 105411605 nodos | revisado 4.43e-03%, faltan ~24 días [menos opciones 4.43e-03%, reinicios, menos opciones 0.042%, reinicios, interior primero 1.9%] (Knuth: ~22 días) | máximo colocado 52 de 64 | hilos 4 de 12
    ... 98.1 s | grupo 1/6 | 107783152 nodos | revisado 4.49e-03%, faltan ~24 días [menos opciones 4.49e-03%, reinicios, menos opciones 0.042%, reinicios, interior primero 1.9%] (Knuth: ~22 días) | máximo colocado 52 de 64 | hilos 4 de 12
    ... 100.1 s | grupo 1/6 | 110125739 nodos | revisado 4.52e-03%, faltan ~25 días [menos opciones 4.52e-03%, reinicios, menos opciones 0.043%, reinicios, interior primero 1.9%] (Knuth: ~22 días) | máximo colocado 52 de 64 | hilos 4 de 12
    ... 102.1 s | grupo 1/6 | 112445979 nodos | revisado 4.54e-03%, faltan ~25 días [menos opciones 4.54e-03%, reinicios, menos opciones 0.043%, reinicios, interior primero 2.0%] (Knuth: ~22 días) | máximo colocado 52 de 64 | hilos 4 de 12
    ... 104.1 s | grupo 1/6 | 114770315 nodos | revisado 4.58e-03%, faltan ~25 días [menos opciones 4.58e-03%, reinicios, menos opciones 0.044%, reinicios, interior primero 2.0%] (Knuth: ~22 días) | máximo colocado 52 de 64 | hilos 4 de 12
    ... 106.1 s | grupo 1/6 | 117099046 nodos | revisado 4.65e-03%, faltan ~26 días [menos opciones 4.65e-03%, reinicios, menos opciones 0.044%, reinicios, interior primero 2.2%] (Knuth: ~22 días) | máximo colocado 52 de 64 | hilos 4 de 12
    ... 108.2 s | grupo 1/6 | 119416625 nodos | revisado 4.69e-03%, faltan ~26 días [menos opciones 4.69e-03%, reinicios, menos opciones 0.045%, reinicios, interior primero 2.2%] (Knuth: ~22 días) | máximo colocado 52 de 64 | hilos 4 de 12
    ... 110.2 s | grupo 1/6 | 121764532 nodos | revisado 4.73e-03%, faltan ~26 días [menos opciones 4.73e-03%, reinicios, menos opciones 0.045%, reinicios, interior primero 2.3%] (Knuth: ~22 días) | máximo colocado 52 de 64 | hilos 4 de 12
    ... 112.2 s | grupo 1/6 | 124137303 nodos | revisado 4.76e-03%, faltan ~26 días [menos opciones 4.76e-03%, reinicios, menos opciones 0.047%, reinicios, interior primero 2.3%] (Knuth: ~22 días) | máximo colocado 52 de 64 | hilos 4 de 12
    ... 114.2 s | grupo 1/6 | 126502372 nodos | revisado 4.88e-03%, faltan ~26 días [menos opciones 4.88e-03%, reinicios, menos opciones 0.048%, reinicios, interior primero 2.3%] (Knuth: ~22 días) | máximo colocado 52 de 64 | hilos 4 de 12
    ... 116.2 s | grupo 1/6 | 128802971 nodos | revisado 4.93e-03%, faltan ~26 días [menos opciones 4.93e-03%, reinicios, menos opciones 0.048%, reinicios, interior primero 2.4%] (Knuth: ~22 días) | máximo colocado 52 de 64 | hilos 4 de 12
    ... 118.2 s | grupo 1/6 | 131132593 nodos | revisado 4.95e-03%, faltan ~27 días [menos opciones 4.95e-03%, reinicios, menos opciones 0.049%, reinicios, interior primero 2.5%] (Knuth: ~22 días) | máximo colocado 52 de 64 | hilos 4 de 12
    ... 120.2 s | grupo 1/6 | 133456100 nodos | revisado 5.07e-03%, faltan ~27 días [menos opciones 5.07e-03%, reinicios, menos opciones 0.049%, reinicios, interior primero 2.5%] (Knuth: ~22 días) | máximo colocado 52 de 64 | hilos 4 de 12
    ... 122.2 s | grupo 1/6 | 135791177 nodos | revisado 5.24e-03%, faltan ~26 días [menos opciones 5.24e-03%, reinicios, menos opciones 0.049%, reinicios, interior primero 2.5%] (Knuth: ~22 días) | máximo colocado 52 de 64 | hilos 4 de 12
    ... 124.2 s | grupo 1/6 | 138153690 nodos | revisado 5.36e-03%, faltan ~26 días [menos opciones 5.36e-03%, reinicios, menos opciones 0.050%, reinicios, interior primero 2.5%] (Knuth: ~22 días) | máximo colocado 52 de 64 | hilos 4 de 12
    ... 126.2 s | grupo 1/6 | 140541200 nodos | revisado 5.58e-03%, faltan ~25 días [menos opciones 5.58e-03%, reinicios, menos opciones 0.050%, reinicios, interior primero 2.6%] (Knuth: ~22 días) | máximo colocado 52 de 64 | hilos 4 de 12
    ... 128.2 s | grupo 1/6 | 142938404 nodos | revisado 5.73e-03%, faltan ~25 días [menos opciones 5.73e-03%, reinicios, menos opciones 0.051%, reinicios, interior primero 2.7%] (Knuth: ~22 días) | máximo colocado 52 de 64 | hilos 4 de 12
    ... 130.3 s | grupo 1/6 | 145356200 nodos | revisado 5.81e-03%, faltan ~25 días [menos opciones 5.81e-03%, reinicios, menos opciones 0.053%, reinicios, interior primero 2.7%] (Knuth: ~22 días) | máximo colocado 52 de 64 | hilos 4 de 12
    ... 132.3 s | grupo 1/6 | 147740086 nodos | revisado 5.91e-03%, faltan ~25 días [menos opciones 5.91e-03%, reinicios, menos opciones 0.066%, reinicios, interior primero 2.7%] (Knuth: ~22 días) | máximo colocado 52 de 64 | hilos 4 de 12
    ... 134.3 s | grupo 1/6 | 150103499 nodos | revisado 5.95e-03%, faltan ~25 días [menos opciones 5.95e-03%, reinicios, menos opciones 0.067%, reinicios, interior primero 2.7%] (Knuth: ~22 días) | máximo colocado 52 de 64 | hilos 4 de 12
    ... 136.3 s | grupo 1/6 | 152417965 nodos | revisado 6.04e-03%, faltan ~25 días [menos opciones 6.04e-03%, reinicios, menos opciones 0.068%, reinicios, interior primero 2.7%] (Knuth: ~22 días) | máximo colocado 52 de 64 | hilos 4 de 12
    ... 138.3 s | grupo 1/6 | 154744422 nodos | revisado 6.10e-03%, faltan ~26 días [menos opciones 6.10e-03%, reinicios, menos opciones 0.069%, reinicios, interior primero 3.0%] (Knuth: ~22 días) | máximo colocado 52 de 64 | hilos 4 de 12
    ... 140.3 s | grupo 1/6 | 157046930 nodos | revisado 6.16e-03%, faltan ~26 días [menos opciones 6.16e-03%, reinicios, menos opciones 0.070%, reinicios, interior primero 3.0%] (Knuth: ~22 días) | máximo colocado 52 de 64 | hilos 4 de 12
    ... 142.3 s | grupo 1/6 | 159248552 nodos | revisado 6.21e-03%, faltan ~26 días [menos opciones 6.21e-03%, reinicios, menos opciones 0.070%, reinicios, interior primero 3.1%] (Knuth: ~22 días) | máximo colocado 52 de 64 | hilos 4 de 12
    ... 144.3 s | grupo 1/6 | 161527314 nodos | revisado 6.32e-03%, faltan ~26 días [menos opciones 6.32e-03%, reinicios, menos opciones 0.070%, reinicios, interior primero 3.1%] (Knuth: ~22 días) | máximo colocado 52 de 64 | hilos 4 de 12
    ... 146.3 s | grupo 1/6 | 163781274 nodos | revisado 6.39e-03%, faltan ~26 días [menos opciones 6.39e-03%, reinicios, menos opciones 0.072%, reinicios, interior primero 3.2%] (Knuth: ~22 días) | máximo colocado 52 de 64 | hilos 4 de 12
    ... 148.3 s | grupo 1/6 | 166130086 nodos | revisado 6.41e-03%, faltan ~26 días [menos opciones 6.41e-03%, reinicios, menos opciones 0.072%, reinicios, interior primero 3.2%] (Knuth: ~22 días) | máximo colocado 52 de 64 | hilos 4 de 12
    ... 150.3 s | grupo 1/6 | 168435924 nodos | revisado 6.45e-03%, faltan ~26 días [menos opciones 6.45e-03%, reinicios, menos opciones 0.079%, reinicios, interior primero 3.3%] (Knuth: ~22 días) | máximo colocado 52 de 64 | hilos 4 de 12
    ... 152.3 s | grupo 1/6 | 170763173 nodos | revisado 6.49e-03%, faltan ~27 días [menos opciones 6.49e-03%, reinicios, menos opciones 0.080%, reinicios, interior primero 3.4%] (Knuth: ~22 días) | máximo colocado 52 de 64 | hilos 4 de 12
    ... 154.4 s | grupo 1/6 | 173096637 nodos | revisado 6.52e-03%, faltan ~27 días [menos opciones 6.52e-03%, reinicios, menos opciones 0.080%, reinicios, interior primero 3.4%] (Knuth: ~22 días) | máximo colocado 52 de 64 | hilos 4 de 12
    ... 156.4 s | grupo 1/6 | 175402093 nodos | revisado 6.56e-03%, faltan ~27 días [menos opciones 6.56e-03%, reinicios, menos opciones 0.080%, reinicios, interior primero 3.5%] (Knuth: ~22 días) | máximo colocado 52 de 64 | hilos 4 de 12
    ... 158.4 s | grupo 1/6 | 177738141 nodos | revisado 6.66e-03%, faltan ~27 días [menos opciones 6.66e-03%, reinicios, menos opciones 0.081%, reinicios, interior primero 3.5%] (Knuth: ~22 días) | máximo colocado 52 de 64 | hilos 4 de 12
    ... 160.4 s | grupo 1/6 | 180075141 nodos | revisado 6.78e-03%, faltan ~27 días [menos opciones 6.78e-03%, reinicios, menos opciones 0.082%, reinicios, interior primero 3.6%] (Knuth: ~22 días) | máximo colocado 52 de 64 | hilos 4 de 12
    ... 162.4 s | grupo 1/6 | 182386953 nodos | revisado 6.84e-03%, faltan ~27 días [menos opciones 6.84e-03%, reinicios, menos opciones 0.084%, reinicios, interior primero 3.6%] (Knuth: ~22 días) | máximo colocado 52 de 64 | hilos 4 de 12
    ... 164.4 s | grupo 1/6 | 184679941 nodos | revisado 7.24e-03%, faltan ~26 días [menos opciones 7.24e-03%, reinicios, menos opciones 0.084%, reinicios, interior primero 3.6%] (Knuth: ~22 días) | máximo colocado 52 de 64 | hilos 4 de 12
    ... 166.4 s | grupo 1/6 | 186990911 nodos | revisado 7.37e-03%, faltan ~26 días [menos opciones 7.37e-03%, reinicios, menos opciones 0.084%, reinicios, interior primero 3.6%] (Knuth: ~22 días) | máximo colocado 55 de 64 | hilos 4 de 12
    ... 168.4 s | grupo 1/6 | 189285015 nodos | revisado 7.46e-03%, faltan ~26 días [menos opciones 7.46e-03%, reinicios, menos opciones 0.085%, reinicios, interior primero 3.6%] (Knuth: ~22 días) | máximo colocado 55 de 64 | hilos 4 de 12
    ... 170.4 s | grupo 1/6 | 191601329 nodos | revisado 7.57e-03%, faltan ~25 días [menos opciones 7.57e-03%, reinicios, menos opciones 0.085%, reinicios, interior primero 3.7%] (Knuth: ~22 días) | máximo colocado 55 de 64 | hilos 4 de 12
    ... 172.4 s | grupo 1/6 | 193898337 nodos | revisado 7.61e-03%, faltan ~26 días [menos opciones 7.61e-03%, reinicios, menos opciones 0.086%, reinicios, interior primero 3.8%] (Knuth: ~22 días) | máximo colocado 55 de 64 | hilos 4 de 12
    ... 174.4 s | grupo 1/6 | 196175627 nodos | revisado 7.66e-03%, faltan ~26 días [menos opciones 7.66e-03%, reinicios, menos opciones 0.087%, reinicios, interior primero 3.8%] (Knuth: ~22 días) | máximo colocado 55 de 64 | hilos 4 de 12
    ... 176.5 s | grupo 1/6 | 198434050 nodos | revisado 7.71e-03%, faltan ~26 días [menos opciones 7.71e-03%, reinicios, menos opciones 0.087%, reinicios, interior primero 3.8%] (Knuth: ~22 días) | máximo colocado 55 de 64 | hilos 4 de 12
    ... 178.5 s | grupo 1/6 | 200751006 nodos | revisado 7.75e-03%, faltan ~26 días [menos opciones 7.75e-03%, reinicios, menos opciones 0.087%, reinicios, interior primero 3.8%] (Knuth: ~22 días) | máximo colocado 55 de 64 | hilos 4 de 12
    ... 180.5 s | grupo 1/6 | 203018836 nodos | revisado 7.78e-03%, faltan ~26 días [menos opciones 7.78e-03%, reinicios, menos opciones 0.087%, reinicios, interior primero 3.8%] (Knuth: ~22 días) | máximo colocado 55 de 64 | hilos 4 de 12
    ... 182.5 s | grupo 1/6 | 205329648 nodos | revisado 7.79e-03%, faltan ~27 días [menos opciones 7.79e-03%, reinicios, menos opciones 0.087%, reinicios, interior primero 3.8%] (Knuth: ~22 días) | máximo colocado 55 de 64 | hilos 4 de 12
    ... 184.5 s | grupo 1/6 | 207651806 nodos | revisado 7.82e-03%, faltan ~27 días [menos opciones 7.82e-03%, reinicios, menos opciones 0.087%, reinicios, interior primero 3.8%] (Knuth: ~22 días) | máximo colocado 55 de 64 | hilos 4 de 12
    ... 186.5 s | grupo 1/6 | 209967753 nodos | revisado 7.85e-03%, faltan ~27 días [menos opciones 7.85e-03%, reinicios, menos opciones 0.087%, reinicios, interior primero 3.8%] (Knuth: ~22 días) | máximo colocado 55 de 64 | hilos 4 de 12
    ... 188.5 s | grupo 1/6 | 212277040 nodos | revisado 7.90e-03%, faltan ~27 días [menos opciones 7.90e-03%, reinicios, menos opciones 0.087%, reinicios, interior primero 3.9%] (Knuth: ~22 días) | máximo colocado 55 de 64 | hilos 4 de 12
    ... 190.5 s | grupo 1/6 | 214588091 nodos | revisado 8.27e-03%, faltan ~26 días [menos opciones 8.27e-03%, reinicios, menos opciones 0.087%, reinicios, interior primero 3.9%] (Knuth: ~22 días) | máximo colocado 55 de 64 | hilos 4 de 12
    ... 192.5 s | grupo 1/6 | 216871161 nodos | revisado 8.41e-03%, faltan ~26 días [menos opciones 8.41e-03%, reinicios, menos opciones 0.087%, reinicios, interior primero 3.9%] (Knuth: ~22 días) | máximo colocado 55 de 64 | hilos 4 de 12
    ... 194.5 s | grupo 1/6 | 219222160 nodos | revisado 8.55e-03%, faltan ~26 días [menos opciones 8.55e-03%, reinicios, menos opciones 0.088%, reinicios, interior primero 3.9%] (Knuth: ~22 días) | máximo colocado 55 de 64 | hilos 4 de 12
    ... 196.5 s | grupo 1/6 | 221543867 nodos | revisado 8.68e-03%, faltan ~26 días [menos opciones 8.68e-03%, reinicios, menos opciones 0.089%, reinicios, interior primero 3.9%] (Knuth: ~22 días) | máximo colocado 55 de 64 | hilos 4 de 12
    ... 198.6 s | grupo 1/6 | 223859242 nodos | revisado 8.76e-03%, faltan ~26 días [menos opciones 8.76e-03%, reinicios, menos opciones 0.089%, reinicios, interior primero 3.9%] (Knuth: ~22 días) | máximo colocado 55 de 64 | hilos 4 de 12
    ... 200.6 s | grupo 1/6 | 226143756 nodos | revisado 8.79e-03%, faltan ~26 días [menos opciones 8.79e-03%, reinicios, menos opciones 0.089%, reinicios, interior primero 3.9%] (Knuth: ~22 días) | máximo colocado 55 de 64 | hilos 4 de 12
    ... 202.6 s | grupo 1/6 | 228472566 nodos | revisado 8.83e-03%, faltan ~26 días [menos opciones 8.83e-03%, reinicios, menos opciones 0.090%, reinicios, interior primero 3.9%] (Knuth: ~22 días) | máximo colocado 55 de 64 | hilos 4 de 12
    ... 204.6 s | grupo 1/6 | 230686814 nodos | revisado 8.87e-03%, faltan ~26 días [menos opciones 8.87e-03%, reinicios, menos opciones 0.090%, reinicios, interior primero 4.0%] (Knuth: ~22 días) | máximo colocado 55 de 64 | hilos 4 de 12
    ... 206.6 s | grupo 1/6 | 232854411 nodos | revisado 8.94e-03%, faltan ~26 días [menos opciones 8.94e-03%, reinicios, menos opciones 0.091%, reinicios, interior primero 4.0%] (Knuth: ~22 días) | máximo colocado 55 de 64 | hilos 4 de 12
    ... 208.6 s | grupo 1/6 | 235136640 nodos | revisado 9.06e-03%, faltan ~26 días [menos opciones 9.06e-03%, reinicios, menos opciones 0.092%, reinicios, interior primero 4.0%] (Knuth: ~22 días) | máximo colocado 55 de 64 | hilos 4 de 12
    ... 210.6 s | grupo 1/6 | 237480747 nodos | revisado 9.20e-03%, faltan ~26 días [menos opciones 9.20e-03%, reinicios, menos opciones 0.092%, reinicios, interior primero 4.0%] (Knuth: ~22 días) | máximo colocado 55 de 64 | hilos 4 de 12
    ... 212.6 s | grupo 1/6 | 239836281 nodos | revisado 9.38e-03%, faltan ~26 días [menos opciones 9.38e-03%, reinicios, menos opciones 0.092%, reinicios, interior primero 4.0%] (Knuth: ~22 días) | máximo colocado 55 de 64 | hilos 4 de 12
    ... 214.6 s | grupo 1/6 | 242134178 nodos | revisado 9.47e-03%, faltan ~26 días [menos opciones 9.47e-03%, reinicios, menos opciones 0.093%, reinicios, interior primero 4.1%] (Knuth: ~22 días) | máximo colocado 55 de 64 | hilos 4 de 12
    ... 216.7 s | grupo 1/6 | 244451320 nodos | revisado 9.57e-03%, faltan ~26 días [menos opciones 9.57e-03%, reinicios, menos opciones 0.093%, reinicios, interior primero 4.1%] (Knuth: ~22 días) | máximo colocado 55 de 64 | hilos 4 de 12
    ... 218.7 s | grupo 1/6 | 246706402 nodos | revisado 9.74e-03%, faltan ~26 días [menos opciones 9.74e-03%, reinicios, menos opciones 0.094%, reinicios, interior primero 4.1%] (Knuth: ~22 días) | máximo colocado 55 de 64 | hilos 4 de 12
    ... 220.7 s | grupo 1/6 | 248961667 nodos | revisado 9.81e-03%, faltan ~26 días [menos opciones 9.81e-03%, reinicios, menos opciones 0.095%, reinicios, interior primero 4.2%] (Knuth: ~22 días) | máximo colocado 55 de 64 | hilos 4 de 12
    ... 222.7 s | grupo 1/6 | 251209717 nodos | revisado 9.92e-03%, faltan ~26 días [menos opciones 9.92e-03%, reinicios, menos opciones 0.096%, reinicios, interior primero 4.2%] (Knuth: ~22 días) | máximo colocado 55 de 64 | hilos 4 de 12
    ... 224.7 s | grupo 1/6 | 253373775 nodos | revisado 0.010%, faltan ~25 días [menos opciones 0.010%, reinicios, menos opciones 0.096%, reinicios, interior primero 4.2%] (Knuth: ~22 días) | máximo colocado 55 de 64 | hilos 4 de 12
    ... 226.7 s | grupo 1/6 | 255621060 nodos | revisado 0.010%, faltan ~26 días [menos opciones 0.010%, reinicios, menos opciones 0.097%, reinicios, interior primero 4.2%] (Knuth: ~22 días) | máximo colocado 55 de 64 | hilos 4 de 12
    ... 228.7 s | grupo 1/6 | 257793253 nodos | revisado 0.010%, faltan ~26 días [menos opciones 0.010%, reinicios, menos opciones 0.098%, reinicios, interior primero 4.2%] (Knuth: ~22 días) | máximo colocado 55 de 64 | hilos 4 de 12
    ... 230.7 s | grupo 1/6 | 260054899 nodos | revisado 0.010%, faltan ~25 días [menos opciones 0.010%, reinicios, menos opciones 0.098%, reinicios, interior primero 4.3%] (Knuth: ~22 días) | máximo colocado 55 de 64 | hilos 4 de 12
    ... 232.7 s | grupo 1/6 | 262331226 nodos | revisado 0.010%, faltan ~25 días [menos opciones 0.010%, reinicios, menos opciones 0.099%, reinicios, interior primero 4.3%] (Knuth: ~22 días) | máximo colocado 55 de 64 | hilos 4 de 12
    ... 234.7 s | grupo 1/6 | 264630467 nodos | revisado 0.010%, faltan ~26 días [menos opciones 0.010%, reinicios, menos opciones 0.099%, reinicios, interior primero 4.3%] (Knuth: ~22 días) | máximo colocado 55 de 64 | hilos 4 de 12
    ... 236.7 s | grupo 1/6 | 266889500 nodos | revisado 0.010%, faltan ~26 días [menos opciones 0.010%, reinicios, menos opciones 0.099%, reinicios, interior primero 4.3%] (Knuth: ~22 días) | máximo colocado 55 de 64 | hilos 4 de 12
    ... 238.8 s | grupo 1/6 | 269183544 nodos | revisado 0.011%, faltan ~26 días [menos opciones 0.011%, reinicios, menos opciones 0.104%, reinicios, interior primero 4.3%] (Knuth: ~22 días) | máximo colocado 55 de 64 | hilos 4 de 12
    ... 240.8 s | grupo 1/6 | 271450410 nodos | revisado 0.011%, faltan ~26 días [menos opciones 0.011%, reinicios, menos opciones 0.104%, reinicios, interior primero 4.3%] (Knuth: ~22 días) | máximo colocado 55 de 64 | hilos 4 de 12
    ... 242.8 s | grupo 1/6 | 273778853 nodos | revisado 0.011%, faltan ~26 días [menos opciones 0.011%, reinicios, menos opciones 0.107%, reinicios, interior primero 4.3%] (Knuth: ~22 días) | máximo colocado 55 de 64 | hilos 4 de 12
    ... 244.8 s | grupo 1/6 | 276076796 nodos | revisado 0.011%, faltan ~26 días [menos opciones 0.011%, reinicios, menos opciones 0.120%, reinicios, interior primero 4.5%] (Knuth: ~22 días) | máximo colocado 55 de 64 | hilos 4 de 12
    ... 246.8 s | grupo 1/6 | 278405583 nodos | revisado 0.011%, faltan ~26 días [menos opciones 0.011%, reinicios, menos opciones 0.122%, reinicios, interior primero 4.5%] (Knuth: ~22 días) | máximo colocado 55 de 64 | hilos 4 de 12
    ... 248.8 s | grupo 1/6 | 280679310 nodos | revisado 0.011%, faltan ~26 días [menos opciones 0.011%, reinicios, menos opciones 0.122%, reinicios, interior primero 4.5%] (Knuth: ~22 días) | máximo colocado 55 de 64 | hilos 4 de 12
    ... 250.8 s | grupo 1/6 | 282964209 nodos | revisado 0.011%, faltan ~26 días [menos opciones 0.011%, reinicios, menos opciones 0.122%, reinicios, interior primero 4.5%] (Knuth: ~22 días) | máximo colocado 55 de 64 | hilos 4 de 12
    ... 252.8 s | grupo 1/6 | 285250885 nodos | revisado 0.011%, faltan ~27 días [menos opciones 0.011%, reinicios, menos opciones 0.123%, reinicios, interior primero 4.7%] (Knuth: ~22 días) | máximo colocado 55 de 64 | hilos 4 de 12
    ... 254.8 s | grupo 1/6 | 287572578 nodos | revisado 0.011%, faltan ~27 días [menos opciones 0.011%, reinicios, menos opciones 0.123%, reinicios, interior primero 4.7%] (Knuth: ~22 días) | máximo colocado 55 de 64 | hilos 4 de 12
    ... 256.8 s | grupo 1/6 | 289890032 nodos | revisado 0.011%, faltan ~27 días [menos opciones 0.011%, reinicios, menos opciones 0.125%, reinicios, interior primero 4.9%] (Knuth: ~22 días) | máximo colocado 55 de 64 | hilos 4 de 12
    ... 258.9 s | grupo 1/6 | 292142314 nodos | revisado 0.011%, faltan ~27 días [menos opciones 0.011%, reinicios, menos opciones 0.126%, reinicios, interior primero 4.9%] (Knuth: ~22 días) | máximo colocado 55 de 64 | hilos 4 de 12
    ... 260.9 s | grupo 1/6 | 294441395 nodos | revisado 0.011%, faltan ~27 días [menos opciones 0.011%, reinicios, menos opciones 0.127%, reinicios, interior primero 4.9%] (Knuth: ~22 días) | máximo colocado 55 de 64 | hilos 4 de 12
    ... 262.9 s | grupo 1/6 | 296783578 nodos | revisado 0.011%, faltan ~27 días [menos opciones 0.011%, reinicios, menos opciones 0.128%, reinicios, interior primero 5.1%] (Knuth: ~22 días) | máximo colocado 55 de 64 | hilos 4 de 12
    ... 264.9 s | grupo 1/6 | 299104605 nodos | revisado 0.011%, faltan ~27 días [menos opciones 0.011%, reinicios, menos opciones 0.128%, reinicios, interior primero 5.1%] (Knuth: ~22 días) | máximo colocado 55 de 64 | hilos 4 de 12
    ... 266.9 s | grupo 1/6 | 301426276 nodos | revisado 0.011%, faltan ~27 días [menos opciones 0.011%, reinicios, menos opciones 0.129%, reinicios, interior primero 5.1%] (Knuth: ~22 días) | máximo colocado 55 de 64 | hilos 4 de 12
    ... 268.9 s | grupo 1/6 | 303780772 nodos | revisado 0.011%, faltan ~27 días [menos opciones 0.011%, reinicios, menos opciones 0.129%, reinicios, interior primero 5.3%] (Knuth: ~22 días) | máximo colocado 55 de 64 | hilos 4 de 12
    ... 270.9 s | grupo 1/6 | 306056310 nodos | revisado 0.011%, faltan ~27 días [menos opciones 0.011%, reinicios, menos opciones 0.129%, reinicios, interior primero 5.3%] (Knuth: ~22 días) | máximo colocado 55 de 64 | hilos 4 de 12
    ... 272.9 s | grupo 1/6 | 308342573 nodos | revisado 0.011%, faltan ~27 días [menos opciones 0.011%, reinicios, menos opciones 0.130%, reinicios, interior primero 5.3%] (Knuth: ~22 días) | máximo colocado 55 de 64 | hilos 4 de 12
    ... 274.9 s | grupo 1/6 | 310579732 nodos | revisado 0.011%, faltan ~28 días [menos opciones 0.011%, reinicios, menos opciones 0.132%, reinicios, interior primero 5.3%] (Knuth: ~22 días) | máximo colocado 55 de 64 | hilos 4 de 12
    ... 276.9 s | grupo 1/6 | 312870391 nodos | revisado 0.011%, faltan ~28 días [menos opciones 0.011%, reinicios, menos opciones 0.132%, reinicios, interior primero 5.3%] (Knuth: ~22 días) | máximo colocado 55 de 64 | hilos 4 de 12
    ... 278.9 s | grupo 1/6 | 315155666 nodos | revisado 0.011%, faltan ~28 días [menos opciones 0.011%, reinicios, menos opciones 0.132%, reinicios, interior primero 5.3%] (Knuth: ~22 días) | máximo colocado 55 de 64 | hilos 4 de 12
    ... 280.9 s | grupo 1/6 | 317407795 nodos | revisado 0.011%, faltan ~28 días [menos opciones 0.011%, reinicios, menos opciones 0.137%, reinicios, interior primero 5.3%] (Knuth: ~22 días) | máximo colocado 55 de 64 | hilos 4 de 12
    ... 283.0 s | grupo 1/6 | 319703752 nodos | revisado 0.011%, faltan ~28 días [menos opciones 0.011%, reinicios, menos opciones 0.137%, reinicios, interior primero 5.4%] (Knuth: ~22 días) | máximo colocado 55 de 64 | hilos 4 de 12
    ... 285.0 s | grupo 1/6 | 321974190 nodos | revisado 0.011%, faltan ~28 días [menos opciones 0.011%, reinicios, menos opciones 0.137%, reinicios, interior primero 5.5%] (Knuth: ~22 días) | máximo colocado 55 de 64 | hilos 4 de 12
    ... 287.0 s | grupo 1/6 | 324186403 nodos | revisado 0.011%, faltan ~29 días [menos opciones 0.011%, reinicios, menos opciones 0.137%, reinicios, interior primero 5.5%] (Knuth: ~22 días) | máximo colocado 55 de 64 | hilos 4 de 12
    ... 289.0 s | grupo 1/6 | 326453199 nodos | revisado 0.011%, faltan ~29 días [menos opciones 0.011%, reinicios, menos opciones 0.138%, reinicios, interior primero 5.5%] (Knuth: ~22 días) | máximo colocado 55 de 64 | hilos 4 de 12
    ... 291.0 s | grupo 1/6 | 328713440 nodos | revisado 0.011%, faltan ~29 días [menos opciones 0.011%, reinicios, menos opciones 0.138%, reinicios, interior primero 5.5%] (Knuth: ~22 días) | máximo colocado 55 de 64 | hilos 4 de 12
    ... 293.0 s | grupo 1/6 | 330970308 nodos | revisado 0.011%, faltan ~29 días [menos opciones 0.011%, reinicios, menos opciones 0.138%, reinicios, interior primero 5.6%] (Knuth: ~22 días) | máximo colocado 55 de 64 | hilos 4 de 12
    ... 295.0 s | grupo 1/6 | 333293754 nodos | revisado 0.011%, faltan ~29 días [menos opciones 0.011%, reinicios, menos opciones 0.138%, reinicios, interior primero 5.6%] (Knuth: ~22 días) | máximo colocado 55 de 64 | hilos 4 de 12
    ... 297.0 s | grupo 1/6 | 335573930 nodos | revisado 0.012%, faltan ~29 días [menos opciones 0.012%, reinicios, menos opciones 0.138%, reinicios, interior primero 5.6%] (Knuth: ~22 días) | máximo colocado 55 de 64 | hilos 4 de 12
    ... 299.0 s | grupo 1/6 | 337918629 nodos | revisado 0.012%, faltan ~30 días [menos opciones 0.012%, reinicios, menos opciones 0.138%, reinicios, interior primero 5.6%] (Knuth: ~22 días) | máximo colocado 55 de 64 | hilos 4 de 12
[4] Grupo 1: cortado por límite de tiempo
[5] Tiempo total: 5 min
RESULTADO resuelto=0 ms=300022.9 marcos=0 nodos=339030016 grupos=1/6 hilos=12 t_marcos=0.000 t_interior=296.356 lados=0 unificado=1 max_colocadas=55 motivo=limite
