[0] Tablero 8x8, 10 colores, 12 hilos
[1] Esquina fija (1,1). 6 grupos, orden por coste: 5.2e+24 5.2e+24 5.2e+24 5.2e+24 5.2e+24 5.2e+24
    grupo 1, orden menos opciones: estimado 1.48e+12 nodos
    grupo 1, orden interior primero: estimado 3.48e+10 nodos
    grupo 2, orden menos opciones: estimado 1.35e+12 nodos
    grupo 2, orden interior primero: estimado 2.85e+10 nodos
    grupo 3, orden menos opciones: estimado 1.1e+12 nodos
    grupo 3, orden interior primero: estimado 3.1e+10 nodos
    grupo 4, orden menos opciones: estimado 1.99e+12 nodos
    grupo 4, orden interior primero: estimado 3.19e+10 nodos
    grupo 5, orden menos opciones: estimado 1.08e+12 nodos
    grupo 5, orden interior primero: estimado 4.57e+10 nodos
    grupo 6, orden menos opciones: estimado 3.79e+11 nodos
    grupo 6, orden interior primero: estimado 2.7e+10 nodos
[1] Estimado de Knuth por grupo (nodos): 3.48e+10(i) 2.85e+10(i) 3.1e+10(i) 3.19e+10(i) 4.57e+10(i) 2.7e+10(i)   (i) = interior primero
[2] Grupo 1/6: ruta unificada (mapas por lado), orden: PORTAFOLIO (mitad de los hilos con cada orden)
    ... 5.7 s | grupo 1/6 | 2442488 nodos | revisado 13.1%, faltan ~13 s [interior primero 13.1%, reinicios, interior primero 3.22e-03%, reinicios, menos opciones 1.29e-03%] (Knuth: ~7.9 h) | máximo colocado 49 de 64 | hilos 4 de 12
    ... 7.7 s | grupo 1/6 | 4923485 nodos | revisado 13.1%, faltan ~27 s [interior primero 13.1%, reinicios, interior primero 8.77e-03%, reinicios, menos opciones 2.59e-03%] (Knuth: ~7.9 h) | máximo colocado 49 de 64 | hilos 4 de 12
    ... 9.7 s | grupo 1/6 | 7409713 nodos | revisado 13.1%, faltan ~40 s [interior primero 13.1%, reinicios, interior primero 0.013%, reinicios, menos opciones 5.55e-03%] (Knuth: ~7.9 h) | máximo colocado 49 de 64 | hilos 4 de 12
    ... 11.7 s | grupo 1/6 | 9886277 nodos | revisado 13.1%, faltan ~53 s [interior primero 13.1%, reinicios, interior primero 0.021%, reinicios, menos opciones 8.25e-03%] (Knuth: ~7.9 h) | máximo colocado 49 de 64 | hilos 4 de 12
    ... 13.7 s | grupo 1/6 | 12362342 nodos | revisado 13.1%, faltan ~67 s [interior primero 13.1%, reinicios, interior primero 0.026%, reinicios, menos opciones 0.011%] (Knuth: ~7.9 h) | máximo colocado 49 de 64 | hilos 4 de 12
    ... 15.7 s | grupo 1/6 | 14850966 nodos | revisado 13.1%, faltan ~80 s [interior primero 13.1%, reinicios, interior primero 0.027%, reinicios, menos opciones 0.012%] (Knuth: ~7.8 h) | máximo colocado 49 de 64 | hilos 4 de 12
    ... 17.7 s | grupo 1/6 | 17306826 nodos | revisado 13.1%, faltan ~93 s [interior primero 13.1%, reinicios, interior primero 0.029%, reinicios, menos opciones 0.012%] (Knuth: ~7.8 h) | máximo colocado 50 de 64 | hilos 4 de 12
    ... 19.7 s | grupo 1/6 | 19737941 nodos | revisado 13.1%, faltan ~107 s [interior primero 13.1%, reinicios, interior primero 0.031%, reinicios, menos opciones 0.014%] (Knuth: ~7.9 h) | máximo colocado 51 de 64 | hilos 4 de 12
    ... 21.7 s | grupo 1/6 | 22230346 nodos | revisado 13.1%, faltan ~2 min [interior primero 13.1%, reinicios, interior primero 0.037%, reinicios, menos opciones 0.016%] (Knuth: ~7.9 h) | máximo colocado 51 de 64 | hilos 4 de 12
    ... 23.7 s | grupo 1/6 | 24696198 nodos | revisado 13.1%, faltan ~2 min [interior primero 13.1%, reinicios, interior primero 0.039%, reinicios, menos opciones 0.017%] (Knuth: ~7.9 h) | máximo colocado 51 de 64 | hilos 4 de 12
    ... 25.8 s | grupo 1/6 | 27156749 nodos | revisado 13.1%, faltan ~2 min [interior primero 13.1%, reinicios, interior primero 0.044%, reinicios, menos opciones 0.032%] (Knuth: ~7.9 h) | máximo colocado 51 de 64 | hilos 4 de 12
    ... 27.8 s | grupo 1/6 | 29692753 nodos | revisado 13.1%, faltan ~3 min [interior primero 13.1%, reinicios, interior primero 0.049%, reinicios, menos opciones 0.038%] (Knuth: ~7.8 h) | máximo colocado 51 de 64 | hilos 4 de 12
    ... 29.8 s | grupo 1/6 | 32182789 nodos | revisado 13.1%, faltan ~3 min [interior primero 13.1%, reinicios, interior primero 0.053%, reinicios, menos opciones 0.039%] (Knuth: ~7.8 h) | máximo colocado 51 de 64 | hilos 4 de 12
    ... 31.8 s | grupo 1/6 | 34636851 nodos | revisado 13.1%, faltan ~3 min [interior primero 13.1%, reinicios, interior primero 0.055%, reinicios, menos opciones 0.042%] (Knuth: ~7.8 h) | máximo colocado 51 de 64 | hilos 4 de 12
    ... 33.8 s | grupo 1/6 | 37091104 nodos | revisado 13.1%, faltan ~3 min [interior primero 13.1%, reinicios, interior primero 0.062%, reinicios, menos opciones 0.045%] (Knuth: ~7.9 h) | máximo colocado 51 de 64 | hilos 4 de 12
    ... 35.8 s | grupo 1/6 | 39533575 nodos | revisado 13.1%, faltan ~4 min [interior primero 13.1%, reinicios, interior primero 0.064%, reinicios, menos opciones 0.046%] (Knuth: ~7.9 h) | máximo colocado 51 de 64 | hilos 4 de 12
    ... 37.8 s | grupo 1/6 | 41978934 nodos | revisado 13.1%, faltan ~4 min [interior primero 13.1%, reinicios, interior primero 0.091%, reinicios, menos opciones 0.047%] (Knuth: ~7.9 h) | máximo colocado 54 de 64 | hilos 4 de 12
    ... 39.8 s | grupo 1/6 | 44489632 nodos | revisado 13.1%, faltan ~4 min [interior primero 13.1%, reinicios, interior primero 0.093%, reinicios, menos opciones 0.049%] (Knuth: ~7.8 h) | máximo colocado 54 de 64 | hilos 4 de 12
    ... 41.9 s | grupo 1/6 | 46958535 nodos | revisado 13.1%, faltan ~4 min [interior primero 13.1%, reinicios, interior primero 0.096%, reinicios, menos opciones 0.049%] (Knuth: ~7.8 h) | máximo colocado 54 de 64 | hilos 4 de 12
    ... 43.9 s | grupo 1/6 | 49445708 nodos | revisado 13.1%, faltan ~4 min [interior primero 13.1%, reinicios, interior primero 0.100%, reinicios, menos opciones 0.050%] (Knuth: ~7.8 h) | máximo colocado 54 de 64 | hilos 4 de 12
    ... 45.9 s | grupo 1/6 | 51910647 nodos | revisado 13.1%, faltan ~5 min [interior primero 13.1%, reinicios, interior primero 0.104%, reinicios, menos opciones 0.058%] (Knuth: ~7.8 h) | máximo colocado 54 de 64 | hilos 4 de 12
    ... 47.9 s | grupo 1/6 | 54365751 nodos | revisado 13.1%, faltan ~5 min [interior primero 13.1%, reinicios, interior primero 0.107%, reinicios, menos opciones 0.059%] (Knuth: ~7.8 h) | máximo colocado 54 de 64 | hilos 4 de 12
    ... 49.9 s | grupo 1/6 | 56818985 nodos | revisado 13.1%, faltan ~5 min [interior primero 13.1%, reinicios, interior primero 0.109%, reinicios, menos opciones 0.062%] (Knuth: ~7.9 h) | máximo colocado 54 de 64 | hilos 4 de 12
    ... 51.9 s | grupo 1/6 | 59289863 nodos | revisado 13.1%, faltan ~5 min [interior primero 13.1%, reinicios, interior primero 0.112%, reinicios, menos opciones 0.065%] (Knuth: ~7.9 h) | máximo colocado 54 de 64 | hilos 4 de 12
    ... 53.9 s | grupo 1/6 | 61767947 nodos | revisado 13.1%, faltan ~6 min [interior primero 13.1%, reinicios, interior primero 0.122%, reinicios, menos opciones 0.068%] (Knuth: ~7.8 h) | máximo colocado 54 de 64 | hilos 4 de 12
    ... 56.0 s | grupo 1/6 | 64229082 nodos | revisado 13.1%, faltan ~6 min [interior primero 13.1%, reinicios, interior primero 0.127%, reinicios, menos opciones 0.069%] (Knuth: ~7.9 h) | máximo colocado 54 de 64 | hilos 4 de 12
    ... 58.0 s | grupo 1/6 | 66695857 nodos | revisado 13.1%, faltan ~6 min [interior primero 13.1%, reinicios, interior primero 0.130%, reinicios, menos opciones 0.070%] (Knuth: ~7.8 h) | máximo colocado 54 de 64 | hilos 4 de 12
    ... 60.0 s | grupo 1/6 | 69145137 nodos | revisado 13.1%, faltan ~6 min [interior primero 13.1%, reinicios, interior primero 0.138%, reinicios, menos opciones 0.073%] (Knuth: ~7.9 h) | máximo colocado 54 de 64 | hilos 4 de 12
    ... 62.0 s | grupo 1/6 | 71608074 nodos | revisado 13.1%, faltan ~6 min [interior primero 13.1%, reinicios, interior primero 0.141%, reinicios, menos opciones 0.074%] (Knuth: ~7.9 h) | máximo colocado 54 de 64 | hilos 4 de 12
    ... 64.0 s | grupo 1/6 | 74082919 nodos | revisado 13.1%, faltan ~7 min [interior primero 13.1%, reinicios, interior primero 0.144%, reinicios, menos opciones 0.076%] (Knuth: ~7.9 h) | máximo colocado 54 de 64 | hilos 4 de 12
    ... 66.0 s | grupo 1/6 | 76531876 nodos | revisado 13.1%, faltan ~7 min [interior primero 13.1%, reinicios, interior primero 0.153%, reinicios, menos opciones 0.091%] (Knuth: ~7.9 h) | máximo colocado 54 de 64 | hilos 4 de 12
    ... 68.0 s | grupo 1/6 | 79011136 nodos | revisado 13.1%, faltan ~7 min [interior primero 13.1%, reinicios, interior primero 0.156%, reinicios, menos opciones 0.331%] (Knuth: ~7.9 h) | máximo colocado 54 de 64 | hilos 4 de 12
    ... 70.0 s | grupo 1/6 | 81503977 nodos | revisado 13.1%, faltan ~7 min [interior primero 13.1%, reinicios, interior primero 0.156%, reinicios, menos opciones 0.333%] (Knuth: ~7.8 h) | máximo colocado 54 de 64 | hilos 4 de 12
    ... 72.0 s | grupo 1/6 | 83992416 nodos | revisado 13.1%, faltan ~8 min [interior primero 13.1%, reinicios, interior primero 0.159%, reinicios, menos opciones 0.336%] (Knuth: ~7.8 h) | máximo colocado 54 de 64 | hilos 4 de 12
    ... 74.0 s | grupo 1/6 | 86461422 nodos | revisado 13.1%, faltan ~8 min [interior primero 13.1%, reinicios, interior primero 0.163%, reinicios, menos opciones 0.338%] (Knuth: ~7.8 h) | máximo colocado 54 de 64 | hilos 4 de 12
    ... 76.0 s | grupo 1/6 | 88928301 nodos | revisado 13.1%, faltan ~8 min [interior primero 13.1%, reinicios, interior primero 0.169%, reinicios, menos opciones 0.339%] (Knuth: ~7.8 h) | máximo colocado 54 de 64 | hilos 4 de 12
    ... 78.0 s | grupo 1/6 | 91417740 nodos | revisado 13.1%, faltan ~8 min [interior primero 13.1%, reinicios, interior primero 0.170%, reinicios, menos opciones 0.340%] (Knuth: ~7.8 h) | máximo colocado 54 de 64 | hilos 4 de 12
    ... 80.0 s | grupo 1/6 | 93861398 nodos | revisado 13.1%, faltan ~8 min [interior primero 13.1%, reinicios, interior primero 0.174%, reinicios, menos opciones 0.341%] (Knuth: ~7.8 h) | máximo colocado 54 de 64 | hilos 4 de 12
    ... 82.1 s | grupo 1/6 | 96342058 nodos | revisado 13.1%, faltan ~9 min [interior primero 13.1%, reinicios, interior primero 0.178%, reinicios, menos opciones 0.342%] (Knuth: ~7.8 h) | máximo colocado 54 de 64 | hilos 4 de 12
    ... 84.1 s | grupo 1/6 | 98796557 nodos | revisado 13.1%, faltan ~9 min [interior primero 13.1%, reinicios, interior primero 0.181%, reinicios, menos opciones 0.342%] (Knuth: ~7.8 h) | máximo colocado 54 de 64 | hilos 4 de 12
    ... 86.1 s | grupo 1/6 | 101254269 nodos | revisado 13.1%, faltan ~9 min [interior primero 13.1%, reinicios, interior primero 0.184%, reinicios, menos opciones 0.343%] (Knuth: ~7.8 h) | máximo colocado 54 de 64 | hilos 4 de 12
    ... 88.1 s | grupo 1/6 | 103726653 nodos | revisado 13.1%, faltan ~9 min [interior primero 13.1%, reinicios, interior primero 0.186%, reinicios, menos opciones 0.344%] (Knuth: ~7.8 h) | máximo colocado 54 de 64 | hilos 4 de 12
    ... 90.1 s | grupo 1/6 | 106179631 nodos | revisado 13.1%, faltan ~10 min [interior primero 13.1%, reinicios, interior primero 0.187%, reinicios, menos opciones 0.344%] (Knuth: ~7.8 h) | máximo colocado 54 de 64 | hilos 4 de 12
    ... 92.1 s | grupo 1/6 | 108669469 nodos | revisado 13.1%, faltan ~10 min [interior primero 13.1%, reinicios, interior primero 0.189%, reinicios, menos opciones 0.345%] (Knuth: ~7.8 h) | máximo colocado 54 de 64 | hilos 4 de 12
    ... 94.1 s | grupo 1/6 | 111157902 nodos | revisado 13.1%, faltan ~10 min [interior primero 13.1%, reinicios, interior primero 0.190%, reinicios, menos opciones 0.347%] (Knuth: ~7.8 h) | máximo colocado 54 de 64 | hilos 4 de 12
    ... 96.1 s | grupo 1/6 | 113616216 nodos | revisado 13.1%, faltan ~10 min [interior primero 13.1%, reinicios, interior primero 0.195%, reinicios, menos opciones 0.347%] (Knuth: ~7.8 h) | máximo colocado 54 de 64 | hilos 4 de 12
    ... 98.1 s | grupo 1/6 | 116085722 nodos | revisado 13.1%, faltan ~10 min [interior primero 13.1%, reinicios, interior primero 0.198%, reinicios, menos opciones 0.349%] (Knuth: ~7.8 h) | máximo colocado 54 de 64 | hilos 4 de 12
    ... 100.2 s | grupo 1/6 | 118583659 nodos | revisado 13.1%, faltan ~11 min [interior primero 13.1%, reinicios, interior primero 0.201%, reinicios, menos opciones 0.351%] (Knuth: ~7.8 h) | máximo colocado 54 de 64 | hilos 4 de 12
    ... 102.2 s | grupo 1/6 | 121021005 nodos | revisado 13.1%, faltan ~11 min [interior primero 13.1%, reinicios, interior primero 0.205%, reinicios, menos opciones 0.601%] (Knuth: ~7.8 h) | máximo colocado 54 de 64 | hilos 4 de 12
    ... 104.2 s | grupo 1/6 | 123479037 nodos | revisado 13.1%, faltan ~11 min [interior primero 13.1%, reinicios, interior primero 0.210%, reinicios, menos opciones 0.601%] (Knuth: ~7.8 h) | máximo colocado 54 de 64 | hilos 4 de 12
    ... 106.2 s | grupo 1/6 | 125948516 nodos | revisado 13.1%, faltan ~11 min [interior primero 13.1%, reinicios, interior primero 0.212%, reinicios, menos opciones 0.602%] (Knuth: ~7.8 h) | máximo colocado 54 de 64 | hilos 4 de 12
    ... 108.2 s | grupo 1/6 | 128351250 nodos | revisado 13.1%, faltan ~12 min [interior primero 13.1%, reinicios, interior primero 0.214%, reinicios, menos opciones 0.615%] (Knuth: ~7.8 h) | máximo colocado 54 de 64 | hilos 4 de 12
    ... 110.2 s | grupo 1/6 | 130820369 nodos | revisado 13.1%, faltan ~12 min [interior primero 13.1%, reinicios, interior primero 0.219%, reinicios, menos opciones 0.617%] (Knuth: ~7.8 h) | máximo colocado 54 de 64 | hilos 4 de 12
    ... 112.2 s | grupo 1/6 | 133292052 nodos | revisado 13.1%, faltan ~12 min [interior primero 13.1%, reinicios, interior primero 0.222%, reinicios, menos opciones 0.619%] (Knuth: ~7.8 h) | máximo colocado 54 de 64 | hilos 4 de 12
    ... 114.2 s | grupo 1/6 | 135759321 nodos | revisado 13.1%, faltan ~12 min [interior primero 13.1%, reinicios, interior primero 0.225%, reinicios, menos opciones 0.619%] (Knuth: ~7.8 h) | máximo colocado 54 de 64 | hilos 4 de 12
    ... 116.2 s | grupo 1/6 | 138212267 nodos | revisado 13.1%, faltan ~12 min [interior primero 13.1%, reinicios, interior primero 0.227%, reinicios, menos opciones 0.631%] (Knuth: ~7.8 h) | máximo colocado 54 de 64 | hilos 4 de 12
    ... 118.2 s | grupo 1/6 | 140703054 nodos | revisado 13.1%, faltan ~13 min [interior primero 13.1%, reinicios, interior primero 0.229%, reinicios, menos opciones 0.632%] (Knuth: ~7.8 h) | máximo colocado 54 de 64 | hilos 4 de 12
    ... 120.2 s | grupo 1/6 | 143203277 nodos | revisado 13.1%, faltan ~13 min [interior primero 13.1%, reinicios, interior primero 0.231%, reinicios, menos opciones 0.634%] (Knuth: ~7.8 h) | máximo colocado 54 de 64 | hilos 4 de 12
    ... 122.2 s | grupo 1/6 | 145679824 nodos | revisado 13.1%, faltan ~13 min [interior primero 13.1%, reinicios, interior primero 0.234%, reinicios, menos opciones 0.636%] (Knuth: ~7.8 h) | máximo colocado 54 de 64 | hilos 4 de 12
    ... 124.2 s | grupo 1/6 | 148145534 nodos | revisado 13.1%, faltan ~13 min [interior primero 13.1%, reinicios, interior primero 0.237%, reinicios, menos opciones 0.637%] (Knuth: ~7.8 h) | máximo colocado 54 de 64 | hilos 4 de 12
    ... 126.2 s | grupo 1/6 | 150618675 nodos | revisado 13.1%, faltan ~14 min [interior primero 13.1%, reinicios, interior primero 0.240%, reinicios, menos opciones 0.638%] (Knuth: ~7.8 h) | máximo colocado 54 de 64 | hilos 4 de 12
    ... 128.3 s | grupo 1/6 | 153105611 nodos | revisado 13.1%, faltan ~14 min [interior primero 13.1%, reinicios, interior primero 0.243%, reinicios, menos opciones 0.640%] (Knuth: ~7.8 h) | máximo colocado 54 de 64 | hilos 4 de 12
    ... 130.3 s | grupo 1/6 | 155588980 nodos | revisado 13.1%, faltan ~14 min [interior primero 13.1%, reinicios, interior primero 0.245%, reinicios, menos opciones 0.641%] (Knuth: ~7.8 h) | máximo colocado 54 de 64 | hilos 4 de 12
    ... 132.3 s | grupo 1/6 | 158031612 nodos | revisado 13.1%, faltan ~14 min [interior primero 13.1%, reinicios, interior primero 0.248%, reinicios, menos opciones 0.642%] (Knuth: ~7.8 h) | máximo colocado 54 de 64 | hilos 4 de 12
    ... 134.3 s | grupo 1/6 | 160494235 nodos | revisado 13.1%, faltan ~14 min [interior primero 13.1%, reinicios, interior primero 0.253%, reinicios, menos opciones 0.643%] (Knuth: ~7.8 h) | máximo colocado 54 de 64 | hilos 4 de 12
    ... 136.3 s | grupo 1/6 | 162973834 nodos | revisado 13.1%, faltan ~15 min [interior primero 13.1%, reinicios, interior primero 0.257%, reinicios, menos opciones 0.645%] (Knuth: ~7.8 h) | máximo colocado 54 de 64 | hilos 4 de 12
    ... 138.3 s | grupo 1/6 | 165438704 nodos | revisado 13.1%, faltan ~15 min [interior primero 13.1%, reinicios, interior primero 0.260%, reinicios, menos opciones 0.648%] (Knuth: ~7.8 h) | máximo colocado 54 de 64 | hilos 4 de 12
    ... 140.4 s | grupo 1/6 | 167880593 nodos | revisado 13.1%, faltan ~15 min [interior primero 13.1%, reinicios, interior primero 0.266%, reinicios, menos opciones 0.650%] (Knuth: ~7.8 h) | máximo colocado 54 de 64 | hilos 4 de 12
    ... 142.4 s | grupo 1/6 | 170378810 nodos | revisado 13.1%, faltan ~15 min [interior primero 13.1%, reinicios, interior primero 0.270%, reinicios, menos opciones 0.656%] (Knuth: ~7.8 h) | máximo colocado 54 de 64 | hilos 4 de 12
    ... 144.4 s | grupo 1/6 | 172837799 nodos | revisado 13.1%, faltan ~16 min [interior primero 13.1%, reinicios, interior primero 0.272%, reinicios, menos opciones 0.657%] (Knuth: ~7.8 h) | máximo colocado 54 de 64 | hilos 4 de 12
    ... 146.4 s | grupo 1/6 | 175291458 nodos | revisado 13.1%, faltan ~16 min [interior primero 13.1%, reinicios, interior primero 0.275%, reinicios, menos opciones 0.658%] (Knuth: ~7.8 h) | máximo colocado 54 de 64 | hilos 4 de 12
    ... 148.4 s | grupo 1/6 | 177772154 nodos | revisado 13.1%, faltan ~16 min [interior primero 13.1%, reinicios, interior primero 0.276%, reinicios, menos opciones 0.659%] (Knuth: ~7.8 h) | máximo colocado 54 de 64 | hilos 4 de 12
    ... 150.4 s | grupo 1/6 | 180261427 nodos | revisado 13.1%, faltan ~16 min [interior primero 13.1%, reinicios, interior primero 0.280%, reinicios, menos opciones 0.659%] (Knuth: ~7.8 h) | máximo colocado 54 de 64 | hilos 4 de 12
    ... 152.4 s | grupo 1/6 | 182763775 nodos | revisado 13.1%, faltan ~16 min [interior primero 13.1%, reinicios, interior primero 0.289%, reinicios, menos opciones 0.661%] (Knuth: ~7.8 h) | máximo colocado 54 de 64 | hilos 4 de 12
    ... 154.4 s | grupo 1/6 | 185255588 nodos | revisado 13.1%, faltan ~17 min [interior primero 13.1%, reinicios, interior primero 0.300%, reinicios, menos opciones 0.661%] (Knuth: ~7.8 h) | máximo colocado 54 de 64 | hilos 4 de 12
    ... 156.4 s | grupo 1/6 | 187700940 nodos | revisado 13.1%, faltan ~17 min [interior primero 13.1%, reinicios, interior primero 0.305%, reinicios, menos opciones 0.663%] (Knuth: ~7.8 h) | máximo colocado 54 de 64 | hilos 4 de 12
    ... 158.4 s | grupo 1/6 | 190153348 nodos | revisado 13.1%, faltan ~17 min [interior primero 13.1%, reinicios, interior primero 0.308%, reinicios, menos opciones 0.664%] (Knuth: ~7.8 h) | máximo colocado 54 de 64 | hilos 4 de 12
    ... 160.4 s | grupo 1/6 | 192607944 nodos | revisado 13.1%, faltan ~17 min [interior primero 13.1%, reinicios, interior primero 0.309%, reinicios, menos opciones 0.665%] (Knuth: ~7.8 h) | máximo colocado 54 de 64 | hilos 4 de 12
    ... 162.5 s | grupo 1/6 | 195068217 nodos | revisado 13.1%, faltan ~17 min [interior primero 13.1%, reinicios, interior primero 0.312%, reinicios, menos opciones 0.667%] (Knuth: ~7.8 h) | máximo colocado 54 de 64 | hilos 4 de 12
    ... 164.5 s | grupo 1/6 | 197526513 nodos | revisado 13.1%, faltan ~18 min [interior primero 13.1%, reinicios, interior primero 0.317%, reinicios, menos opciones 0.668%] (Knuth: ~7.8 h) | máximo colocado 54 de 64 | hilos 4 de 12
    ... 166.5 s | grupo 1/6 | 199976074 nodos | revisado 13.1%, faltan ~18 min [interior primero 13.1%, reinicios, interior primero 0.321%, reinicios, menos opciones 0.680%] (Knuth: ~7.8 h) | máximo colocado 54 de 64 | hilos 4 de 12
    ... 168.5 s | grupo 1/6 | 202426439 nodos | revisado 13.1%, faltan ~18 min [interior primero 13.1%, reinicios, interior primero 0.326%, reinicios, menos opciones 0.680%] (Knuth: ~7.8 h) | máximo colocado 54 de 64 | hilos 4 de 12
    ... 170.5 s | grupo 1/6 | 204881000 nodos | revisado 13.1%, faltan ~18 min [interior primero 13.1%, reinicios, interior primero 0.330%, reinicios, menos opciones 0.681%] (Knuth: ~7.8 h) | máximo colocado 54 de 64 | hilos 4 de 12
    ... 172.5 s | grupo 1/6 | 207335951 nodos | revisado 13.1%, faltan ~19 min [interior primero 13.1%, reinicios, interior primero 0.331%, reinicios, menos opciones 0.681%] (Knuth: ~7.8 h) | máximo colocado 54 de 64 | hilos 4 de 12
    ... 174.5 s | grupo 1/6 | 209788957 nodos | revisado 13.1%, faltan ~19 min [interior primero 13.1%, reinicios, interior primero 0.332%, reinicios, menos opciones 0.681%] (Knuth: ~7.8 h) | máximo colocado 54 de 64 | hilos 4 de 12
    ... 176.5 s | grupo 1/6 | 212216170 nodos | revisado 13.1%, faltan ~19 min [interior primero 13.1%, reinicios, interior primero 0.335%, reinicios, menos opciones 0.681%] (Knuth: ~7.8 h) | máximo colocado 54 de 64 | hilos 4 de 12
    ... 178.5 s | grupo 1/6 | 214689608 nodos | revisado 13.1%, faltan ~19 min [interior primero 13.1%, reinicios, interior primero 0.336%, reinicios, menos opciones 0.681%] (Knuth: ~7.8 h) | máximo colocado 54 de 64 | hilos 4 de 12
    ... 180.5 s | grupo 1/6 | 217127603 nodos | revisado 13.1%, faltan ~19 min [interior primero 13.1%, reinicios, interior primero 0.337%, reinicios, menos opciones 0.681%] (Knuth: ~7.8 h) | máximo colocado 54 de 64 | hilos 4 de 12
    ... 182.5 s | grupo 1/6 | 219559482 nodos | revisado 13.1%, faltan ~20 min [interior primero 13.1%, reinicios, interior primero 0.337%, reinicios, menos opciones 0.681%] (Knuth: ~7.8 h) | máximo colocado 54 de 64 | hilos 4 de 12
    ... 184.5 s | grupo 1/6 | 222000390 nodos | revisado 13.1%, faltan ~20 min [interior primero 13.1%, reinicios, interior primero 0.338%, reinicios, menos opciones 0.682%] (Knuth: ~7.8 h) | máximo colocado 54 de 64 | hilos 4 de 12
    ... 186.6 s | grupo 1/6 | 224461932 nodos | revisado 13.1%, faltan ~20 min [interior primero 13.1%, reinicios, interior primero 0.340%, reinicios, menos opciones 0.682%] (Knuth: ~7.8 h) | máximo colocado 54 de 64 | hilos 4 de 12
    ... 188.6 s | grupo 1/6 | 226935222 nodos | revisado 13.1%, faltan ~20 min [interior primero 13.1%, reinicios, interior primero 0.341%, reinicios, menos opciones 0.682%] (Knuth: ~7.8 h) | máximo colocado 54 de 64 | hilos 4 de 12
    ... 190.6 s | grupo 1/6 | 229409851 nodos | revisado 13.1%, faltan ~21 min [interior primero 13.1%, reinicios, interior primero 0.347%, reinicios, menos opciones 0.682%] (Knuth: ~7.8 h) | máximo colocado 54 de 64 | hilos 4 de 12
    ... 192.6 s | grupo 1/6 | 231842528 nodos | revisado 13.2%, faltan ~21 min [interior primero 13.2%, reinicios, interior primero 0.351%, reinicios, menos opciones 0.682%] (Knuth: ~7.8 h) | máximo colocado 54 de 64 | hilos 4 de 12
    ... 194.6 s | grupo 1/6 | 234281275 nodos | revisado 13.2%, faltan ~21 min [interior primero 13.2%, reinicios, interior primero 0.354%, reinicios, menos opciones 0.684%] (Knuth: ~7.8 h) | máximo colocado 54 de 64 | hilos 4 de 12
    ... 196.6 s | grupo 1/6 | 236731565 nodos | revisado 13.2%, faltan ~21 min [interior primero 13.2%, reinicios, interior primero 0.359%, reinicios, menos opciones 0.684%] (Knuth: ~7.8 h) | máximo colocado 54 de 64 | hilos 4 de 12
    ... 198.6 s | grupo 1/6 | 239205197 nodos | revisado 13.2%, faltan ~21 min [interior primero 13.2%, reinicios, interior primero 0.365%, reinicios, menos opciones 0.686%] (Knuth: ~7.8 h) | máximo colocado 54 de 64 | hilos 4 de 12
    ... 200.6 s | grupo 1/6 | 241731583 nodos | revisado 13.2%, faltan ~22 min [interior primero 13.2%, reinicios, interior primero 0.370%, reinicios, menos opciones 0.687%] (Knuth: ~7.8 h) | máximo colocado 54 de 64 | hilos 4 de 12
    ... 202.6 s | grupo 1/6 | 244262946 nodos | revisado 13.2%, faltan ~22 min [interior primero 13.2%, reinicios, interior primero 0.378%, reinicios, menos opciones 0.688%] (Knuth: ~7.8 h) | máximo colocado 54 de 64 | hilos 4 de 12
    ... 204.7 s | grupo 1/6 | 246708151 nodos | revisado 13.2%, faltan ~22 min [interior primero 13.2%, reinicios, interior primero 0.390%, reinicios, menos opciones 0.688%] (Knuth: ~7.8 h) | máximo colocado 54 de 64 | hilos 4 de 12
    ... 206.7 s | grupo 1/6 | 249183006 nodos | revisado 13.2%, faltan ~22 min [interior primero 13.2%, reinicios, interior primero 0.397%, reinicios, menos opciones 0.688%] (Knuth: ~7.8 h) | máximo colocado 54 de 64 | hilos 4 de 12
    ... 208.7 s | grupo 1/6 | 251683259 nodos | revisado 13.2%, faltan ~23 min [interior primero 13.2%, reinicios, interior primero 0.401%, reinicios, menos opciones 0.689%] (Knuth: ~7.8 h) | máximo colocado 54 de 64 | hilos 4 de 12
    ... 210.7 s | grupo 1/6 | 254165764 nodos | revisado 13.2%, faltan ~23 min [interior primero 13.2%, reinicios, interior primero 0.406%, reinicios, menos opciones 0.689%] (Knuth: ~7.8 h) | máximo colocado 54 de 64 | hilos 4 de 12
    ... 212.7 s | grupo 1/6 | 256649466 nodos | revisado 13.2%, faltan ~23 min [interior primero 13.2%, reinicios, interior primero 0.410%, reinicios, menos opciones 0.690%] (Knuth: ~7.8 h) | máximo colocado 54 de 64 | hilos 4 de 12
    ... 214.7 s | grupo 1/6 | 259140972 nodos | revisado 13.2%, faltan ~23 min [interior primero 13.2%, reinicios, interior primero 0.415%, reinicios, menos opciones 0.690%] (Knuth: ~7.8 h) | máximo colocado 54 de 64 | hilos 4 de 12
    ... 216.7 s | grupo 1/6 | 261631764 nodos | revisado 13.2%, faltan ~23 min [interior primero 13.2%, reinicios, interior primero 0.417%, reinicios, menos opciones 0.691%] (Knuth: ~7.8 h) | máximo colocado 54 de 64 | hilos 4 de 12
    ... 218.8 s | grupo 1/6 | 264122405 nodos | revisado 13.2%, faltan ~24 min [interior primero 13.2%, reinicios, interior primero 0.420%, reinicios, menos opciones 0.692%] (Knuth: ~7.8 h) | máximo colocado 54 de 64 | hilos 4 de 12
    ... 220.8 s | grupo 1/6 | 266638878 nodos | revisado 13.2%, faltan ~24 min [interior primero 13.2%, reinicios, interior primero 0.424%, reinicios, menos opciones 0.932%] (Knuth: ~7.8 h) | máximo colocado 54 de 64 | hilos 4 de 12
    ... 222.8 s | grupo 1/6 | 269130662 nodos | revisado 13.2%, faltan ~24 min [interior primero 13.2%, reinicios, interior primero 0.427%, reinicios, menos opciones 0.935%] (Knuth: ~7.8 h) | máximo colocado 54 de 64 | hilos 4 de 12
    ... 224.8 s | grupo 1/6 | 271574648 nodos | revisado 13.2%, faltan ~24 min [interior primero 13.2%, reinicios, interior primero 0.429%, reinicios, menos opciones 0.936%] (Knuth: ~7.8 h) | máximo colocado 54 de 64 | hilos 4 de 12
    ... 226.8 s | grupo 1/6 | 274041651 nodos | revisado 13.2%, faltan ~25 min [interior primero 13.2%, reinicios, interior primero 0.435%, reinicios, menos opciones 0.936%] (Knuth: ~7.8 h) | máximo colocado 54 de 64 | hilos 4 de 12
    ... 228.8 s | grupo 1/6 | 276544565 nodos | revisado 13.2%, faltan ~25 min [interior primero 13.2%, reinicios, interior primero 0.439%, reinicios, menos opciones 0.937%] (Knuth: ~7.8 h) | máximo colocado 54 de 64 | hilos 4 de 12
    ... 230.8 s | grupo 1/6 | 279042994 nodos | revisado 13.2%, faltan ~25 min [interior primero 13.2%, reinicios, interior primero 0.440%, reinicios, menos opciones 0.940%] (Knuth: ~7.8 h) | máximo colocado 54 de 64 | hilos 4 de 12
    ... 232.8 s | grupo 1/6 | 281527497 nodos | revisado 13.2%, faltan ~25 min [interior primero 13.2%, reinicios, interior primero 0.457%, reinicios, menos opciones 0.942%] (Knuth: ~7.8 h) | máximo colocado 54 de 64 | hilos 4 de 12
    ... 234.8 s | grupo 1/6 | 284005428 nodos | revisado 13.2%, faltan ~25 min [interior primero 13.2%, reinicios, interior primero 0.464%, reinicios, menos opciones 0.945%] (Knuth: ~7.8 h) | máximo colocado 54 de 64 | hilos 4 de 12
    ... 236.9 s | grupo 1/6 | 286496874 nodos | revisado 13.2%, faltan ~26 min [interior primero 13.2%, reinicios, interior primero 0.467%, reinicios, menos opciones 0.945%] (Knuth: ~7.8 h) | máximo colocado 54 de 64 | hilos 4 de 12
    ... 238.9 s | grupo 1/6 | 289009654 nodos | revisado 13.2%, faltan ~26 min [interior primero 13.2%, reinicios, interior primero 0.469%, reinicios, menos opciones 0.947%] (Knuth: ~7.8 h) | máximo colocado 54 de 64 | hilos 4 de 12
    ... 240.9 s | grupo 1/6 | 291475093 nodos | revisado 13.2%, faltan ~26 min [interior primero 13.2%, reinicios, interior primero 0.475%, reinicios, menos opciones 0.950%] (Knuth: ~7.8 h) | máximo colocado 54 de 64 | hilos 4 de 12
    ... 242.9 s | grupo 1/6 | 293949574 nodos | revisado 13.2%, faltan ~26 min [interior primero 13.2%, reinicios, interior primero 0.482%, reinicios, menos opciones 0.952%] (Knuth: ~7.8 h) | máximo colocado 54 de 64 | hilos 4 de 12
    ... 244.9 s | grupo 1/6 | 296437264 nodos | revisado 13.2%, faltan ~27 min [interior primero 13.2%, reinicios, interior primero 0.493%, reinicios, menos opciones 0.954%] (Knuth: ~7.8 h) | máximo colocado 54 de 64 | hilos 4 de 12
    ... 246.9 s | grupo 1/6 | 298887230 nodos | revisado 13.2%, faltan ~27 min [interior primero 13.2%, reinicios, interior primero 0.499%, reinicios, menos opciones 0.954%] (Knuth: ~7.8 h) | máximo colocado 54 de 64 | hilos 4 de 12
    ... 248.9 s | grupo 1/6 | 301361491 nodos | revisado 13.2%, faltan ~27 min [interior primero 13.2%, reinicios, interior primero 0.503%, reinicios, menos opciones 0.956%] (Knuth: ~7.8 h) | máximo colocado 54 de 64 | hilos 4 de 12
    ... 250.9 s | grupo 1/6 | 303843660 nodos | revisado 13.2%, faltan ~27 min [interior primero 13.2%, reinicios, interior primero 0.508%, reinicios, menos opciones 0.959%] (Knuth: ~7.8 h) | máximo colocado 54 de 64 | hilos 4 de 12
    ... 252.9 s | grupo 1/6 | 306310577 nodos | revisado 13.2%, faltan ~27 min [interior primero 13.2%, reinicios, interior primero 0.513%, reinicios, menos opciones 0.960%] (Knuth: ~7.8 h) | máximo colocado 54 de 64 | hilos 4 de 12
    ... 254.9 s | grupo 1/6 | 308798769 nodos | revisado 13.2%, faltan ~28 min [interior primero 13.2%, reinicios, interior primero 0.522%, reinicios, menos opciones 0.962%] (Knuth: ~7.8 h) | máximo colocado 54 de 64 | hilos 4 de 12
    ... 256.9 s | grupo 1/6 | 311287842 nodos | revisado 13.2%, faltan ~28 min [interior primero 13.2%, reinicios, interior primero 0.530%, reinicios, menos opciones 0.964%] (Knuth: ~7.8 h) | máximo colocado 54 de 64 | hilos 4 de 12
    ... 259.0 s | grupo 1/6 | 313773428 nodos | revisado 13.2%, faltan ~28 min [interior primero 13.2%, reinicios, interior primero 0.532%, reinicios, menos opciones 0.964%] (Knuth: ~7.8 h) | máximo colocado 54 de 64 | hilos 4 de 12
    ... 261.0 s | grupo 1/6 | 316243173 nodos | revisado 13.2%, faltan ~28 min [interior primero 13.2%, reinicios, interior primero 0.534%, reinicios, menos opciones 0.966%] (Knuth: ~7.8 h) | máximo colocado 54 de 64 | hilos 4 de 12
    ... 263.0 s | grupo 1/6 | 318742959 nodos | revisado 13.2%, faltan ~28 min [interior primero 13.2%, reinicios, interior primero 0.536%, reinicios, menos opciones 0.967%] (Knuth: ~7.8 h) | máximo colocado 54 de 64 | hilos 4 de 12
    ... 265.0 s | grupo 1/6 | 321234702 nodos | revisado 13.2%, faltan ~29 min [interior primero 13.2%, reinicios, interior primero 0.538%, reinicios, menos opciones 0.968%] (Knuth: ~7.8 h) | máximo colocado 54 de 64 | hilos 4 de 12
    ... 267.0 s | grupo 1/6 | 323725978 nodos | revisado 13.2%, faltan ~29 min [interior primero 13.2%, reinicios, interior primero 0.543%, reinicios, menos opciones 0.971%] (Knuth: ~7.8 h) | máximo colocado 54 de 64 | hilos 4 de 12
    ... 269.0 s | grupo 1/6 | 326266047 nodos | revisado 13.2%, faltan ~29 min [interior primero 13.2%, reinicios, interior primero 0.544%, reinicios, menos opciones 0.978%] (Knuth: ~7.8 h) | máximo colocado 54 de 64 | hilos 4 de 12
    ... 271.0 s | grupo 1/6 | 328739232 nodos | revisado 13.2%, faltan ~29 min [interior primero 13.2%, reinicios, interior primero 0.546%, reinicios, menos opciones 0.980%] (Knuth: ~7.8 h) | máximo colocado 54 de 64 | hilos 4 de 12
    ... 273.0 s | grupo 1/6 | 331213456 nodos | revisado 13.2%, faltan ~30 min [interior primero 13.2%, reinicios, interior primero 0.548%, reinicios, menos opciones 0.987%] (Knuth: ~7.8 h) | máximo colocado 54 de 64 | hilos 4 de 12
    ... 275.0 s | grupo 1/6 | 333704726 nodos | revisado 13.2%, faltan ~30 min [interior primero 13.2%, reinicios, interior primero 0.551%, reinicios, menos opciones 0.987%] (Knuth: ~7.8 h) | máximo colocado 54 de 64 | hilos 4 de 12
    ... 277.0 s | grupo 1/6 | 336155536 nodos | revisado 13.2%, faltan ~30 min [interior primero 13.2%, reinicios, interior primero 0.553%, reinicios, menos opciones 0.988%] (Knuth: ~7.8 h) | máximo colocado 54 de 64 | hilos 4 de 12
    ... 279.1 s | grupo 1/6 | 338606020 nodos | revisado 13.2%, faltan ~30 min [interior primero 13.2%, reinicios, interior primero 0.557%, reinicios, menos opciones 0.991%] (Knuth: ~7.8 h) | máximo colocado 54 de 64 | hilos 4 de 12
    ... 281.1 s | grupo 1/6 | 341100012 nodos | revisado 13.2%, faltan ~30 min [interior primero 13.2%, reinicios, interior primero 0.560%, reinicios, menos opciones 0.996%] (Knuth: ~7.8 h) | máximo colocado 54 de 64 | hilos 4 de 12
    ... 283.1 s | grupo 1/6 | 343593219 nodos | revisado 13.2%, faltan ~31 min [interior primero 13.2%, reinicios, interior primero 0.562%, reinicios, menos opciones 0.997%] (Knuth: ~7.8 h) | máximo colocado 54 de 64 | hilos 4 de 12
    ... 285.1 s | grupo 1/6 | 346084341 nodos | revisado 13.2%, faltan ~31 min [interior primero 13.2%, reinicios, interior primero 0.566%, reinicios, menos opciones 1.0%] (Knuth: ~7.8 h) | máximo colocado 54 de 64 | hilos 4 de 12
    ... 287.1 s | grupo 1/6 | 348579581 nodos | revisado 13.2%, faltan ~31 min [interior primero 13.2%, reinicios, interior primero 0.567%, reinicios, menos opciones 1.0%] (Knuth: ~7.8 h) | máximo colocado 54 de 64 | hilos 4 de 12
    ... 289.1 s | grupo 1/6 | 351050088 nodos | revisado 13.2%, faltan ~31 min [interior primero 13.2%, reinicios, interior primero 0.577%, reinicios, menos opciones 1.0%] (Knuth: ~7.8 h) | máximo colocado 54 de 64 | hilos 4 de 12
    ... 291.1 s | grupo 1/6 | 353444180 nodos | revisado 13.2%, faltan ~32 min [interior primero 13.2%, reinicios, interior primero 0.579%, reinicios, menos opciones 1.0%] (Knuth: ~7.8 h) | máximo colocado 54 de 64 | hilos 4 de 12
    ... 293.1 s | grupo 1/6 | 355878163 nodos | revisado 13.2%, faltan ~32 min [interior primero 13.2%, reinicios, interior primero 0.584%, reinicios, menos opciones 1.0%] (Knuth: ~7.8 h) | máximo colocado 54 de 64 | hilos 4 de 12
    ... 295.1 s | grupo 1/6 | 358316859 nodos | revisado 13.2%, faltan ~32 min [interior primero 13.2%, reinicios, interior primero 0.588%, reinicios, menos opciones 1.0%] (Knuth: ~7.8 h) | máximo colocado 54 de 64 | hilos 4 de 12
    ... 297.2 s | grupo 1/6 | 360768291 nodos | revisado 13.2%, faltan ~32 min [interior primero 13.2%, reinicios, interior primero 0.593%, reinicios, menos opciones 1.0%] (Knuth: ~7.8 h) | máximo colocado 54 de 64 | hilos 4 de 12
    ... 299.2 s | grupo 1/6 | 363245248 nodos | revisado 13.2%, faltan ~32 min [interior primero 13.2%, reinicios, interior primero 0.599%, reinicios, menos opciones 1.0%] (Knuth: ~7.8 h) | máximo colocado 54 de 64 | hilos 4 de 12
[4] Grupo 1: cortado por límite de tiempo
[5] Tiempo total: 5 min
RESULTADO resuelto=0 ms=300023.2 marcos=0 nodos=364275712 grupos=1/6 hilos=12 t_marcos=0.000 t_interior=296.372 lados=0 unificado=1 max_colocadas=54 motivo=limite
