[0] Tablero 8x8, 10 colores, 12 hilos
[1] Esquina fija (2,1). 3 grupos, orden por coste: 4.97e+24 4.97e+24 4.97e+24
    grupo 1, orden menos opciones: estimado 4.07e+12 nodos
    grupo 1, orden interior primero: estimado 2.18e+11 nodos
    grupo 2, orden menos opciones: estimado 1.39e+13 nodos
    grupo 2, orden interior primero: estimado 1.85e+11 nodos
    grupo 3, orden menos opciones: estimado 3.35e+12 nodos
    grupo 3, orden interior primero: estimado 2.02e+11 nodos
[1] Estimado de Knuth por grupo (nodos): 2.18e+11(i) 1.85e+11(i) 2.02e+11(i)   (i) = interior primero
[2] Grupo 1/3: ruta unificada (mapas por lado), orden: PORTAFOLIO (mitad de los hilos con cada orden)
    ... 5.0 s | grupo 1/3 | 2329774 nodos | revisado 1.5%, faltan ~2 min [interior primero 1.5%, reinicios, interior primero 2.36e-03%, reinicios, menos opciones 5.03e-03%] (Knuth: ~2 días) | máximo colocado 48 de 64 | hilos 4 de 12
    ... 7.1 s | grupo 1/3 | 4671955 nodos | revisado 1.5%, faltan ~5 min [interior primero 1.5%, reinicios, interior primero 4.93e-03%, reinicios, menos opciones 9.22e-03%] (Knuth: ~2 días) | máximo colocado 50 de 64 | hilos 4 de 12
    ... 9.1 s | grupo 1/3 | 7013815 nodos | revisado 1.5%, faltan ~7 min [interior primero 1.5%, reinicios, interior primero 5.63e-03%, reinicios, menos opciones 0.012%] (Knuth: ~2 días) | máximo colocado 50 de 64 | hilos 4 de 12
    ... 11.1 s | grupo 1/3 | 9344347 nodos | revisado 1.5%, faltan ~9 min [interior primero 1.5%, reinicios, interior primero 0.012%, reinicios, menos opciones 0.016%] (Knuth: ~2 días) | máximo colocado 52 de 64 | hilos 4 de 12
    ... 13.1 s | grupo 1/3 | 11670685 nodos | revisado 1.5%, faltan ~11 min [interior primero 1.5%, reinicios, interior primero 0.014%, reinicios, menos opciones 0.030%] (Knuth: ~2 días) | máximo colocado 52 de 64 | hilos 4 de 12
    ... 15.1 s | grupo 1/3 | 14039299 nodos | revisado 1.5%, faltan ~14 min [interior primero 1.5%, reinicios, interior primero 0.015%, reinicios, menos opciones 0.044%] (Knuth: ~2 días) | máximo colocado 52 de 64 | hilos 4 de 12
    ... 17.1 s | grupo 1/3 | 16364245 nodos | revisado 1.5%, faltan ~16 min [interior primero 1.5%, reinicios, interior primero 0.015%, reinicios, menos opciones 0.046%] (Knuth: ~2 días) | máximo colocado 52 de 64 | hilos 4 de 12
    ... 19.1 s | grupo 1/3 | 18707763 nodos | revisado 1.5%, faltan ~18 min [interior primero 1.5%, reinicios, interior primero 0.016%, reinicios, menos opciones 0.047%] (Knuth: ~2 días) | máximo colocado 52 de 64 | hilos 4 de 12
    ... 21.1 s | grupo 1/3 | 21031695 nodos | revisado 1.5%, faltan ~20 min [interior primero 1.5%, reinicios, interior primero 0.016%, reinicios, menos opciones 0.054%] (Knuth: ~2 días) | máximo colocado 52 de 64 | hilos 4 de 12
    ... 23.1 s | grupo 1/3 | 23374172 nodos | revisado 1.5%, faltan ~23 min [interior primero 1.5%, reinicios, interior primero 0.017%, reinicios, menos opciones 0.187%] (Knuth: ~2 días) | máximo colocado 52 de 64 | hilos 4 de 12
    ... 25.2 s | grupo 1/3 | 25709196 nodos | revisado 1.5%, faltan ~25 min [interior primero 1.5%, reinicios, interior primero 0.019%, reinicios, menos opciones 0.188%] (Knuth: ~2 días) | máximo colocado 52 de 64 | hilos 4 de 12
    ... 27.2 s | grupo 1/3 | 28032590 nodos | revisado 1.5%, faltan ~27 min [interior primero 1.5%, reinicios, interior primero 0.021%, reinicios, menos opciones 0.193%] (Knuth: ~2 días) | máximo colocado 52 de 64 | hilos 4 de 12
    ... 29.2 s | grupo 1/3 | 30382859 nodos | revisado 1.5%, faltan ~29 min [interior primero 1.5%, reinicios, interior primero 0.024%, reinicios, menos opciones 0.276%] (Knuth: ~2 días) | máximo colocado 52 de 64 | hilos 4 de 12
    ... 31.2 s | grupo 1/3 | 32729861 nodos | revisado 1.5%, faltan ~32 min [interior primero 1.5%, reinicios, interior primero 0.025%, reinicios, menos opciones 0.281%] (Knuth: ~2 días) | máximo colocado 52 de 64 | hilos 4 de 12
    ... 33.2 s | grupo 1/3 | 35045764 nodos | revisado 1.5%, faltan ~34 min [interior primero 1.5%, reinicios, interior primero 0.025%, reinicios, menos opciones 0.292%] (Knuth: ~2 días) | máximo colocado 52 de 64 | hilos 4 de 12
    ... 35.2 s | grupo 1/3 | 37393749 nodos | revisado 1.5%, faltan ~36 min [interior primero 1.5%, reinicios, interior primero 0.026%, reinicios, menos opciones 0.397%] (Knuth: ~2 días) | máximo colocado 52 de 64 | hilos 4 de 12
    ... 37.2 s | grupo 1/3 | 39734215 nodos | revisado 1.5%, faltan ~38 min [interior primero 1.5%, reinicios, interior primero 0.026%, reinicios, menos opciones 0.399%] (Knuth: ~2 días) | máximo colocado 52 de 64 | hilos 4 de 12
    ... 39.2 s | grupo 1/3 | 42072660 nodos | revisado 1.5%, faltan ~41 min [interior primero 1.5%, reinicios, interior primero 0.027%, reinicios, menos opciones 0.400%] (Knuth: ~2 días) | máximo colocado 52 de 64 | hilos 4 de 12
    ... 41.2 s | grupo 1/3 | 44272155 nodos | revisado 1.5%, faltan ~43 min [interior primero 1.5%, reinicios, interior primero 0.754%, reinicios, menos opciones 0.401%] (Knuth: ~2 días) | máximo colocado 52 de 64 | hilos 4 de 12
    ... 43.2 s | grupo 1/3 | 46502748 nodos | revisado 1.5%, faltan ~45 min [interior primero 1.5%, reinicios, interior primero 1.5%, reinicios, menos opciones 0.408%] (Knuth: ~2 días) | máximo colocado 52 de 64 | hilos 4 de 12
    ... 45.2 s | grupo 1/3 | 48814986 nodos | revisado 1.5%, faltan ~47 min [interior primero 1.5%, reinicios, interior primero 1.5%, reinicios, menos opciones 0.490%] (Knuth: ~2 días) | máximo colocado 52 de 64 | hilos 4 de 12
    ... 47.2 s | grupo 1/3 | 51127789 nodos | revisado 1.5%, faltan ~50 min [interior primero 1.5%, reinicios, interior primero 1.5%, reinicios, menos opciones 0.493%] (Knuth: ~2 días) | máximo colocado 52 de 64 | hilos 4 de 12
    ... 49.3 s | grupo 1/3 | 53457434 nodos | revisado 1.5%, faltan ~52 min [interior primero 1.5%, reinicios, interior primero 1.5%, reinicios, menos opciones 0.503%] (Knuth: ~2 días) | máximo colocado 52 de 64 | hilos 4 de 12
    ... 51.3 s | grupo 1/3 | 55785113 nodos | revisado 1.5%, faltan ~54 min [interior primero 1.5%, reinicios, interior primero 1.5%, reinicios, menos opciones 0.522%] (Knuth: ~2 días) | máximo colocado 52 de 64 | hilos 4 de 12
    ... 53.3 s | grupo 1/3 | 58105534 nodos | revisado 1.5%, faltan ~56 min [interior primero 1.5%, reinicios, interior primero 1.5%, reinicios, menos opciones 0.548%] (Knuth: ~2 días) | máximo colocado 52 de 64 | hilos 4 de 12
    ... 55.3 s | grupo 1/3 | 60461146 nodos | revisado 1.5%, faltan ~59 min [interior primero 1.5%, reinicios, interior primero 1.5%, reinicios, menos opciones 0.550%] (Knuth: ~2 días) | máximo colocado 52 de 64 | hilos 4 de 12
    ... 57.3 s | grupo 1/3 | 62805055 nodos | revisado 1.5%, faltan ~61 min [interior primero 1.5%, reinicios, interior primero 1.5%, reinicios, menos opciones 0.562%] (Knuth: ~2 días) | máximo colocado 52 de 64 | hilos 4 de 12
    ... 59.3 s | grupo 1/3 | 65129334 nodos | revisado 1.5%, faltan ~63 min [interior primero 1.5%, reinicios, interior primero 1.5%, reinicios, menos opciones 0.564%] (Knuth: ~2 días) | máximo colocado 52 de 64 | hilos 4 de 12
    ... 61.3 s | grupo 1/3 | 67514212 nodos | revisado 1.5%, faltan ~65 min [interior primero 1.5%, reinicios, interior primero 1.5%, reinicios, menos opciones 0.702%] (Knuth: ~2 días) | máximo colocado 52 de 64 | hilos 4 de 12
    ... 63.3 s | grupo 1/3 | 69815920 nodos | revisado 1.5%, faltan ~68 min [interior primero 1.5%, reinicios, interior primero 2.2%, reinicios, menos opciones 0.706%] (Knuth: ~2 días) | máximo colocado 52 de 64 | hilos 4 de 12
    ... 65.4 s | grupo 1/3 | 72127675 nodos | revisado 1.5%, faltan ~70 min [interior primero 1.5%, reinicios, interior primero 3.0%, reinicios, menos opciones 0.719%] (Knuth: ~2 días) | máximo colocado 52 de 64 | hilos 4 de 12
    ... 67.4 s | grupo 1/3 | 74493585 nodos | revisado 1.5%, faltan ~72 min [interior primero 1.5%, reinicios, interior primero 3.0%, reinicios, menos opciones 0.732%] (Knuth: ~2 días) | máximo colocado 52 de 64 | hilos 4 de 12
    ... 69.4 s | grupo 1/3 | 76836367 nodos | revisado 1.5%, faltan ~74 min [interior primero 1.5%, reinicios, interior primero 3.0%, reinicios, menos opciones 0.733%] (Knuth: ~2 días) | máximo colocado 52 de 64 | hilos 4 de 12
    ... 71.4 s | grupo 1/3 | 79152644 nodos | revisado 1.5%, faltan ~77 min [interior primero 1.5%, reinicios, interior primero 3.0%, reinicios, menos opciones 0.740%] (Knuth: ~2 días) | máximo colocado 52 de 64 | hilos 4 de 12
    ... 73.4 s | grupo 1/3 | 81519148 nodos | revisado 1.5%, faltan ~79 min [interior primero 1.5%, reinicios, interior primero 3.0%, reinicios, menos opciones 0.745%] (Knuth: ~2 días) | máximo colocado 52 de 64 | hilos 4 de 12
    ... 75.4 s | grupo 1/3 | 83878731 nodos | revisado 1.5%, faltan ~81 min [interior primero 1.5%, reinicios, interior primero 3.0%, reinicios, menos opciones 0.746%] (Knuth: ~2 días) | máximo colocado 52 de 64 | hilos 4 de 12
    ... 77.4 s | grupo 1/3 | 86216871 nodos | revisado 1.5%, faltan ~83 min [interior primero 1.5%, reinicios, interior primero 3.0%, reinicios, menos opciones 0.751%] (Knuth: ~2 días) | máximo colocado 52 de 64 | hilos 4 de 12
    ... 79.4 s | grupo 1/3 | 88569905 nodos | revisado 1.5%, faltan ~85 min [interior primero 1.5%, reinicios, interior primero 3.0%, reinicios, menos opciones 0.752%] (Knuth: ~2 días) | máximo colocado 52 de 64 | hilos 4 de 12
    ... 81.5 s | grupo 1/3 | 90902891 nodos | revisado 1.5%, faltan ~88 min [interior primero 1.5%, reinicios, interior primero 3.0%, reinicios, menos opciones 0.752%] (Knuth: ~2 días) | máximo colocado 52 de 64 | hilos 4 de 12
    ... 83.5 s | grupo 1/3 | 93245095 nodos | revisado 1.5%, faltan ~90 min [interior primero 1.5%, reinicios, interior primero 3.0%, reinicios, menos opciones 0.752%] (Knuth: ~2 días) | máximo colocado 52 de 64 | hilos 4 de 12
    ... 85.5 s | grupo 1/3 | 95577416 nodos | revisado 1.5%, faltan ~92 min [interior primero 1.5%, reinicios, interior primero 3.0%, reinicios, menos opciones 0.752%] (Knuth: ~2 días) | máximo colocado 52 de 64 | hilos 4 de 12
    ... 87.5 s | grupo 1/3 | 97912024 nodos | revisado 1.5%, faltan ~94 min [interior primero 1.5%, reinicios, interior primero 3.0%, reinicios, menos opciones 0.755%] (Knuth: ~2 días) | máximo colocado 52 de 64 | hilos 4 de 12
    ... 89.5 s | grupo 1/3 | 100236351 nodos | revisado 1.5%, faltan ~97 min [interior primero 1.5%, reinicios, interior primero 3.0%, reinicios, menos opciones 0.756%] (Knuth: ~2 días) | máximo colocado 52 de 64 | hilos 4 de 12
    ... 91.5 s | grupo 1/3 | 102610495 nodos | revisado 1.5%, faltan ~99 min [interior primero 1.5%, reinicios, interior primero 3.0%, reinicios, menos opciones 0.759%] (Knuth: ~2 días) | máximo colocado 52 de 64 | hilos 4 de 12
    ... 93.5 s | grupo 1/3 | 104929262 nodos | revisado 1.5%, faltan ~101 min [interior primero 1.5%, reinicios, interior primero 3.0%, reinicios, menos opciones 0.764%] (Knuth: ~2 días) | máximo colocado 52 de 64 | hilos 4 de 12
    ... 95.5 s | grupo 1/3 | 107249557 nodos | revisado 1.5%, faltan ~103 min [interior primero 1.5%, reinicios, interior primero 3.0%, reinicios, menos opciones 0.784%] (Knuth: ~2 días) | máximo colocado 55 de 64 | hilos 4 de 12
    ... 97.5 s | grupo 1/3 | 109621462 nodos | revisado 1.5%, faltan ~106 min [interior primero 1.5%, reinicios, interior primero 3.0%, reinicios, menos opciones 0.795%] (Knuth: ~2 días) | máximo colocado 55 de 64 | hilos 4 de 12
    ... 99.6 s | grupo 1/3 | 111916524 nodos | revisado 1.5%, faltan ~108 min [interior primero 1.5%, reinicios, interior primero 3.0%, reinicios, menos opciones 0.865%] (Knuth: ~2 días) | máximo colocado 55 de 64 | hilos 4 de 12
    ... 101.6 s | grupo 1/3 | 114225459 nodos | revisado 1.5%, faltan ~110 min [interior primero 1.5%, reinicios, interior primero 4.4%, reinicios, menos opciones 0.904%] (Knuth: ~2 días) | máximo colocado 55 de 64 | hilos 4 de 12
    ... 103.6 s | grupo 1/3 | 116564097 nodos | revisado 1.5%, faltan ~112 min [interior primero 1.5%, reinicios, interior primero 4.4%, reinicios, menos opciones 0.912%] (Knuth: ~2 días) | máximo colocado 55 de 64 | hilos 4 de 12
    ... 105.6 s | grupo 1/3 | 118912771 nodos | revisado 1.5%, faltan ~115 min [interior primero 1.5%, reinicios, interior primero 4.4%, reinicios, menos opciones 0.914%] (Knuth: ~2 días) | máximo colocado 55 de 64 | hilos 4 de 12
    ... 107.6 s | grupo 1/3 | 121242516 nodos | revisado 1.5%, faltan ~117 min [interior primero 1.5%, reinicios, interior primero 4.4%, reinicios, menos opciones 0.919%] (Knuth: ~2 días) | máximo colocado 55 de 64 | hilos 4 de 12
    ... 109.6 s | grupo 1/3 | 123608445 nodos | revisado 1.5%, faltan ~119 min [interior primero 1.5%, reinicios, interior primero 5.1%, reinicios, menos opciones 0.932%] (Knuth: ~2 días) | máximo colocado 55 de 64 | hilos 4 de 12
    ... 111.6 s | grupo 1/3 | 125962561 nodos | revisado 1.5%, faltan ~2.0 h [interior primero 1.5%, reinicios, interior primero 5.9%, reinicios, menos opciones 0.935%] (Knuth: ~2 días) | máximo colocado 55 de 64 | hilos 4 de 12
    ... 113.6 s | grupo 1/3 | 128301657 nodos | revisado 1.5%, faltan ~2.1 h [interior primero 1.5%, reinicios, interior primero 5.9%, reinicios, menos opciones 0.942%] (Knuth: ~2 días) | máximo colocado 55 de 64 | hilos 4 de 12
    ... 115.6 s | grupo 1/3 | 130576457 nodos | revisado 1.5%, faltan ~2.1 h [interior primero 1.5%, reinicios, interior primero 5.9%, reinicios, menos opciones 0.950%] (Knuth: ~2 días) | máximo colocado 55 de 64 | hilos 4 de 12
    ... 117.6 s | grupo 1/3 | 132843343 nodos | revisado 1.5%, faltan ~2.1 h [interior primero 1.5%, reinicios, interior primero 6.6%, reinicios, menos opciones 0.953%] (Knuth: ~2 días) | máximo colocado 55 de 64 | hilos 4 de 12
    ... 119.7 s | grupo 1/3 | 135137763 nodos | revisado 1.5%, faltan ~2.2 h [interior primero 1.5%, reinicios, interior primero 6.6%, reinicios, menos opciones 0.954%] (Knuth: ~2 días) | máximo colocado 55 de 64 | hilos 4 de 12
    ... 121.7 s | grupo 1/3 | 137501451 nodos | revisado 1.5%, faltan ~2.2 h [interior primero 1.5%, reinicios, interior primero 6.6%, reinicios, menos opciones 0.983%] (Knuth: ~2 días) | máximo colocado 55 de 64 | hilos 4 de 12
    ... 123.7 s | grupo 1/3 | 139853043 nodos | revisado 1.5%, faltan ~2.2 h [interior primero 1.5%, reinicios, interior primero 7.3%, reinicios, menos opciones 0.987%] (Knuth: ~2 días) | máximo colocado 55 de 64 | hilos 4 de 12
    ... 125.7 s | grupo 1/3 | 142177949 nodos | revisado 1.5%, faltan ~2.3 h [interior primero 1.5%, reinicios, interior primero 7.3%, reinicios, menos opciones 0.998%] (Knuth: ~2 días) | máximo colocado 55 de 64 | hilos 4 de 12
    ... 127.7 s | grupo 1/3 | 144524291 nodos | revisado 1.5%, faltan ~2.3 h [interior primero 1.5%, reinicios, interior primero 7.3%, reinicios, menos opciones 0.998%] (Knuth: ~2 días) | máximo colocado 55 de 64 | hilos 4 de 12
    ... 129.7 s | grupo 1/3 | 146854677 nodos | revisado 1.5%, faltan ~2.4 h [interior primero 1.5%, reinicios, interior primero 7.3%, reinicios, menos opciones 1.0%] (Knuth: ~2 días) | máximo colocado 55 de 64 | hilos 4 de 12
    ... 131.7 s | grupo 1/3 | 149174466 nodos | revisado 1.5%, faltan ~2.4 h [interior primero 1.5%, reinicios, interior primero 7.3%, reinicios, menos opciones 1.0%] (Knuth: ~2 días) | máximo colocado 55 de 64 | hilos 4 de 12
    ... 133.7 s | grupo 1/3 | 151559367 nodos | revisado 1.5%, faltan ~2.4 h [interior primero 1.5%, reinicios, interior primero 7.3%, reinicios, menos opciones 1.1%] (Knuth: ~2 días) | máximo colocado 55 de 64 | hilos 4 de 12
    ... 135.7 s | grupo 1/3 | 153890847 nodos | revisado 1.5%, faltan ~2.5 h [interior primero 1.5%, reinicios, interior primero 7.3%, reinicios, menos opciones 1.1%] (Knuth: ~2 días) | máximo colocado 55 de 64 | hilos 4 de 12
    ... 137.7 s | grupo 1/3 | 156182786 nodos | revisado 1.5%, faltan ~2.5 h [interior primero 1.5%, reinicios, interior primero 7.3%, reinicios, menos opciones 1.2%] (Knuth: ~2 días) | máximo colocado 55 de 64 | hilos 4 de 12
    ... 139.7 s | grupo 1/3 | 158498104 nodos | revisado 1.5%, faltan ~2.5 h [interior primero 1.5%, reinicios, interior primero 7.4%, reinicios, menos opciones 1.2%] (Knuth: ~2 días) | máximo colocado 55 de 64 | hilos 4 de 12
    ... 141.8 s | grupo 1/3 | 160838542 nodos | revisado 1.5%, faltan ~2.6 h [interior primero 1.5%, reinicios, interior primero 7.4%, reinicios, menos opciones 1.2%] (Knuth: ~2 días) | máximo colocado 55 de 64 | hilos 4 de 12
    ... 143.8 s | grupo 1/3 | 163158857 nodos | revisado 1.5%, faltan ~2.6 h [interior primero 1.5%, reinicios, interior primero 7.4%, reinicios, menos opciones 1.2%] (Knuth: ~2 días) | máximo colocado 55 de 64 | hilos 4 de 12
    ... 145.8 s | grupo 1/3 | 165487654 nodos | revisado 1.5%, faltan ~2.6 h [interior primero 1.5%, reinicios, interior primero 7.4%, reinicios, menos opciones 1.2%] (Knuth: ~2 días) | máximo colocado 55 de 64 | hilos 4 de 12
    ... 147.8 s | grupo 1/3 | 167794371 nodos | revisado 1.5%, faltan ~2.7 h [interior primero 1.5%, reinicios, interior primero 7.4%, reinicios, menos opciones 1.3%] (Knuth: ~2 días) | máximo colocado 55 de 64 | hilos 4 de 12
    ... 149.8 s | grupo 1/3 | 170095619 nodos | revisado 1.5%, faltan ~2.7 h [interior primero 1.5%, reinicios, interior primero 7.4%, reinicios, menos opciones 1.3%] (Knuth: ~2 días) | máximo colocado 55 de 64 | hilos 4 de 12
    ... 151.8 s | grupo 1/3 | 172443083 nodos | revisado 1.5%, faltan ~2.8 h [interior primero 1.5%, reinicios, interior primero 7.4%, reinicios, menos opciones 1.3%] (Knuth: ~2 días) | máximo colocado 55 de 64 | hilos 4 de 12
    ... 153.8 s | grupo 1/3 | 174784304 nodos | revisado 1.5%, faltan ~2.8 h [interior primero 1.5%, reinicios, interior primero 7.4%, reinicios, menos opciones 1.3%] (Knuth: ~2 días) | máximo colocado 55 de 64 | hilos 4 de 12
    ... 155.8 s | grupo 1/3 | 177105694 nodos | revisado 1.5%, faltan ~2.8 h [interior primero 1.5%, reinicios, interior primero 8.8%, reinicios, menos opciones 1.3%] (Knuth: ~2 días) | máximo colocado 55 de 64 | hilos 4 de 12
    ... 157.8 s | grupo 1/3 | 179460962 nodos | revisado 1.5%, faltan ~2.9 h [interior primero 1.5%, reinicios, interior primero 8.8%, reinicios, menos opciones 1.3%] (Knuth: ~2 días) | máximo colocado 55 de 64 | hilos 4 de 12
    ... 159.8 s | grupo 1/3 | 181734702 nodos | revisado 1.5%, faltan ~2.9 h [interior primero 1.5%, reinicios, interior primero 8.8%, reinicios, menos opciones 1.3%] (Knuth: ~2 días) | máximo colocado 55 de 64 | hilos 4 de 12
    ... 161.8 s | grupo 1/3 | 184048809 nodos | revisado 1.5%, faltan ~2.9 h [interior primero 1.5%, reinicios, interior primero 8.8%, reinicios, menos opciones 1.3%] (Knuth: ~2 días) | máximo colocado 55 de 64 | hilos 4 de 12
    ... 163.9 s | grupo 1/3 | 186429532 nodos | revisado 1.5%, faltan ~3.0 h [interior primero 1.5%, reinicios, interior primero 9.5%, reinicios, menos opciones 1.3%] (Knuth: ~2 días) | máximo colocado 55 de 64 | hilos 4 de 12
    ... 165.9 s | grupo 1/3 | 188781008 nodos | revisado 1.5%, faltan ~3.0 h [interior primero 1.5%, reinicios, interior primero 9.5%, reinicios, menos opciones 1.3%] (Knuth: ~2 días) | máximo colocado 55 de 64 | hilos 4 de 12
    ... 167.9 s | grupo 1/3 | 191119265 nodos | revisado 1.5%, faltan ~3.1 h [interior primero 1.5%, reinicios, interior primero 9.5%, reinicios, menos opciones 1.4%] (Knuth: ~2 días) | máximo colocado 55 de 64 | hilos 4 de 12
    ... 169.9 s | grupo 1/3 | 193450262 nodos | revisado 1.5%, faltan ~3.1 h [interior primero 1.5%, reinicios, interior primero 9.6%, reinicios, menos opciones 1.4%] (Knuth: ~2 días) | máximo colocado 55 de 64 | hilos 4 de 12
    ... 171.9 s | grupo 1/3 | 195751781 nodos | revisado 1.5%, faltan ~3.1 h [interior primero 1.5%, reinicios, interior primero 9.6%, reinicios, menos opciones 1.4%] (Knuth: ~2 días) | máximo colocado 55 de 64 | hilos 4 de 12
    ... 173.9 s | grupo 1/3 | 198053768 nodos | revisado 1.5%, faltan ~3.2 h [interior primero 1.5%, reinicios, interior primero 9.6%, reinicios, menos opciones 1.4%] (Knuth: ~2 días) | máximo colocado 55 de 64 | hilos 4 de 12
    ... 176.0 s | grupo 1/3 | 200350171 nodos | revisado 1.5%, faltan ~3.2 h [interior primero 1.5%, reinicios, interior primero 10.3%, reinicios, menos opciones 1.4%] (Knuth: ~2 días) | máximo colocado 55 de 64 | hilos 4 de 12
    ... 178.0 s | grupo 1/3 | 202665790 nodos | revisado 1.5%, faltan ~3.2 h [interior primero 1.5%, reinicios, interior primero 10.3%, reinicios, menos opciones 1.4%] (Knuth: ~2 días) | máximo colocado 55 de 64 | hilos 4 de 12
    ... 180.0 s | grupo 1/3 | 204980626 nodos | revisado 1.5%, faltan ~3.3 h [interior primero 1.5%, reinicios, interior primero 10.3%, reinicios, menos opciones 1.4%] (Knuth: ~2 días) | máximo colocado 55 de 64 | hilos 4 de 12
    ... 182.0 s | grupo 1/3 | 207305181 nodos | revisado 1.5%, faltan ~3.3 h [interior primero 1.5%, reinicios, interior primero 10.3%, reinicios, menos opciones 1.4%] (Knuth: ~2 días) | máximo colocado 55 de 64 | hilos 4 de 12
    ... 184.0 s | grupo 1/3 | 209649722 nodos | revisado 1.5%, faltan ~3.3 h [interior primero 1.5%, reinicios, interior primero 10.3%, reinicios, menos opciones 1.4%] (Knuth: ~2 días) | máximo colocado 55 de 64 | hilos 4 de 12
    ... 186.0 s | grupo 1/3 | 211948640 nodos | revisado 1.5%, faltan ~3.4 h [interior primero 1.5%, reinicios, interior primero 10.3%, reinicios, menos opciones 1.4%] (Knuth: ~2 días) | máximo colocado 55 de 64 | hilos 4 de 12
    ... 188.0 s | grupo 1/3 | 214198444 nodos | revisado 1.5%, faltan ~3.4 h [interior primero 1.5%, reinicios, interior primero 10.3%, reinicios, menos opciones 1.4%] (Knuth: ~2 días) | máximo colocado 55 de 64 | hilos 4 de 12
    ... 190.0 s | grupo 1/3 | 216479253 nodos | revisado 1.5%, faltan ~3.5 h [interior primero 1.5%, reinicios, interior primero 10.3%, reinicios, menos opciones 1.4%] (Knuth: ~2 días) | máximo colocado 55 de 64 | hilos 4 de 12
    ... 192.0 s | grupo 1/3 | 218764244 nodos | revisado 1.5%, faltan ~3.5 h [interior primero 1.5%, reinicios, interior primero 10.3%, reinicios, menos opciones 1.4%] (Knuth: ~2 días) | máximo colocado 55 de 64 | hilos 4 de 12
    ... 194.0 s | grupo 1/3 | 221062272 nodos | revisado 1.5%, faltan ~3.5 h [interior primero 1.5%, reinicios, interior primero 10.3%, reinicios, menos opciones 1.4%] (Knuth: ~2 días) | máximo colocado 55 de 64 | hilos 4 de 12
    ... 196.1 s | grupo 1/3 | 223396451 nodos | revisado 1.5%, faltan ~3.6 h [interior primero 1.5%, reinicios, interior primero 10.3%, reinicios, menos opciones 1.4%] (Knuth: ~2 días) | máximo colocado 55 de 64 | hilos 4 de 12
    ... 198.1 s | grupo 1/3 | 225739193 nodos | revisado 1.5%, faltan ~3.6 h [interior primero 1.5%, reinicios, interior primero 10.3%, reinicios, menos opciones 1.4%] (Knuth: ~2 días) | máximo colocado 55 de 64 | hilos 4 de 12
    ... 200.1 s | grupo 1/3 | 228068616 nodos | revisado 1.5%, faltan ~3.6 h [interior primero 1.5%, reinicios, interior primero 10.3%, reinicios, menos opciones 1.4%] (Knuth: ~2 días) | máximo colocado 55 de 64 | hilos 4 de 12
    ... 202.1 s | grupo 1/3 | 230387758 nodos | revisado 1.5%, faltan ~3.7 h [interior primero 1.5%, reinicios, interior primero 10.3%, reinicios, menos opciones 1.4%] (Knuth: ~2 días) | máximo colocado 55 de 64 | hilos 4 de 12
    ... 204.1 s | grupo 1/3 | 232684110 nodos | revisado 1.5%, faltan ~3.7 h [interior primero 1.5%, reinicios, interior primero 10.3%, reinicios, menos opciones 1.4%] (Knuth: ~2 días) | máximo colocado 55 de 64 | hilos 4 de 12
    ... 206.1 s | grupo 1/3 | 235022947 nodos | revisado 1.5%, faltan ~3.8 h [interior primero 1.5%, reinicios, interior primero 10.3%, reinicios, menos opciones 1.4%] (Knuth: ~2 días) | máximo colocado 55 de 64 | hilos 4 de 12
    ... 208.1 s | grupo 1/3 | 237329746 nodos | revisado 1.5%, faltan ~3.8 h [interior primero 1.5%, reinicios, interior primero 10.3%, reinicios, menos opciones 1.4%] (Knuth: ~2 días) | máximo colocado 55 de 64 | hilos 4 de 12
    ... 210.1 s | grupo 1/3 | 239613128 nodos | revisado 1.5%, faltan ~3.8 h [interior primero 1.5%, reinicios, interior primero 10.3%, reinicios, menos opciones 1.4%] (Knuth: ~2 días) | máximo colocado 55 de 64 | hilos 4 de 12
    ... 212.1 s | grupo 1/3 | 241935069 nodos | revisado 1.5%, faltan ~3.9 h [interior primero 1.5%, reinicios, interior primero 11.0%, reinicios, menos opciones 1.4%] (Knuth: ~2 días) | máximo colocado 55 de 64 | hilos 4 de 12
    ... 214.1 s | grupo 1/3 | 244224045 nodos | revisado 1.5%, faltan ~3.9 h [interior primero 1.5%, reinicios, interior primero 11.0%, reinicios, menos opciones 1.4%] (Knuth: ~2 días) | máximo colocado 55 de 64 | hilos 4 de 12
    ... 216.2 s | grupo 1/3 | 246540049 nodos | revisado 1.5%, faltan ~3.9 h [interior primero 1.5%, reinicios, interior primero 11.0%, reinicios, menos opciones 1.4%] (Knuth: ~2 días) | máximo colocado 55 de 64 | hilos 4 de 12
    ... 218.2 s | grupo 1/3 | 248866425 nodos | revisado 1.5%, faltan ~4.0 h [interior primero 1.5%, reinicios, interior primero 11.0%, reinicios, menos opciones 1.4%] (Knuth: ~2 días) | máximo colocado 55 de 64 | hilos 4 de 12
    ... 220.2 s | grupo 1/3 | 251195559 nodos | revisado 1.5%, faltan ~4.0 h [interior primero 1.5%, reinicios, interior primero 11.8%, reinicios, menos opciones 1.5%] (Knuth: ~2 días) | máximo colocado 55 de 64 | hilos 4 de 12
    ... 222.2 s | grupo 1/3 | 253492488 nodos | revisado 1.5%, faltan ~4.0 h [interior primero 1.5%, reinicios, interior primero 12.5%, reinicios, menos opciones 1.5%] (Knuth: ~2 días) | máximo colocado 55 de 64 | hilos 4 de 12
    ... 224.2 s | grupo 1/3 | 255813701 nodos | revisado 1.5%, faltan ~4.1 h [interior primero 1.5%, reinicios, interior primero 12.5%, reinicios, menos opciones 1.5%] (Knuth: ~2 días) | máximo colocado 55 de 64 | hilos 4 de 12
    ... 226.2 s | grupo 1/3 | 258133272 nodos | revisado 1.5%, faltan ~4.1 h [interior primero 1.5%, reinicios, interior primero 13.2%, reinicios, menos opciones 1.5%] (Knuth: ~2 días) | máximo colocado 55 de 64 | hilos 4 de 12
    ... 228.2 s | grupo 1/3 | 260469005 nodos | revisado 1.5%, faltan ~4.2 h [interior primero 1.5%, reinicios, interior primero 13.2%, reinicios, menos opciones 1.5%] (Knuth: ~2 días) | máximo colocado 55 de 64 | hilos 4 de 12
    ... 230.2 s | grupo 1/3 | 262830566 nodos | revisado 1.5%, faltan ~4.2 h [interior primero 1.5%, reinicios, interior primero 13.9%, reinicios, menos opciones 1.5%] (Knuth: ~2 días) | máximo colocado 55 de 64 | hilos 4 de 12
    ... 232.2 s | grupo 1/3 | 265183148 nodos | revisado 1.5%, faltan ~4.2 h [interior primero 1.5%, reinicios, interior primero 13.9%, reinicios, menos opciones 1.5%] (Knuth: ~2 días) | máximo colocado 55 de 64 | hilos 4 de 12
    ... 234.2 s | grupo 1/3 | 267504007 nodos | revisado 1.5%, faltan ~4.3 h [interior primero 1.5%, reinicios, interior primero 13.9%, reinicios, menos opciones 1.5%] (Knuth: ~2 días) | máximo colocado 55 de 64 | hilos 4 de 12
    ... 236.3 s | grupo 1/3 | 269878393 nodos | revisado 1.5%, faltan ~4.3 h [interior primero 1.5%, reinicios, interior primero 13.9%, reinicios, menos opciones 1.5%] (Knuth: ~2 días) | máximo colocado 55 de 64 | hilos 4 de 12
    ... 238.3 s | grupo 1/3 | 272212494 nodos | revisado 1.5%, faltan ~4.3 h [interior primero 1.5%, reinicios, interior primero 14.7%, reinicios, menos opciones 1.5%] (Knuth: ~2 días) | máximo colocado 55 de 64 | hilos 4 de 12
    ... 240.3 s | grupo 1/3 | 274549571 nodos | revisado 1.5%, faltan ~4.4 h [interior primero 1.5%, reinicios, interior primero 14.7%, reinicios, menos opciones 1.6%] (Knuth: ~2 días) | máximo colocado 55 de 64 | hilos 4 de 12
    ... 242.3 s | grupo 1/3 | 276922031 nodos | revisado 1.5%, faltan ~4.4 h [interior primero 1.5%, reinicios, interior primero 14.7%, reinicios, menos opciones 1.6%] (Knuth: ~2 días) | máximo colocado 55 de 64 | hilos 4 de 12
    ... 244.3 s | grupo 1/3 | 279301867 nodos | revisado 1.5%, faltan ~4.4 h [interior primero 1.5%, reinicios, interior primero 14.7%, reinicios, menos opciones 1.8%] (Knuth: ~2 días) | máximo colocado 55 de 64 | hilos 4 de 12
    ... 246.3 s | grupo 1/3 | 281677798 nodos | revisado 1.5%, faltan ~4.5 h [interior primero 1.5%, reinicios, interior primero 14.7%, reinicios, menos opciones 1.9%] (Knuth: ~2 días) | máximo colocado 55 de 64 | hilos 4 de 12
    ... 248.3 s | grupo 1/3 | 284035599 nodos | revisado 1.5%, faltan ~4.5 h [interior primero 1.5%, reinicios, interior primero 14.7%, reinicios, menos opciones 1.9%] (Knuth: ~2 días) | máximo colocado 55 de 64 | hilos 4 de 12
    ... 250.3 s | grupo 1/3 | 286352677 nodos | revisado 1.5%, faltan ~4.6 h [interior primero 1.5%, reinicios, interior primero 15.4%, reinicios, menos opciones 1.9%] (Knuth: ~2 días) | máximo colocado 55 de 64 | hilos 4 de 12
    ... 252.4 s | grupo 1/3 | 288692612 nodos | revisado 1.5%, faltan ~4.6 h [interior primero 1.5%, reinicios, interior primero 15.4%, reinicios, menos opciones 2.0%] (Knuth: ~2 días) | máximo colocado 55 de 64 | hilos 4 de 12
    ... 254.4 s | grupo 1/3 | 291014728 nodos | revisado 1.5%, faltan ~4.6 h [interior primero 1.5%, reinicios, interior primero 16.1%, reinicios, menos opciones 2.0%] (Knuth: ~2 días) | máximo colocado 55 de 64 | hilos 4 de 12
    ... 256.4 s | grupo 1/3 | 293379117 nodos | revisado 1.5%, faltan ~4.7 h [interior primero 1.5%, reinicios, interior primero 16.9%, reinicios, menos opciones 2.0%] (Knuth: ~2 días) | máximo colocado 55 de 64 | hilos 4 de 12
    ... 258.4 s | grupo 1/3 | 295697291 nodos | revisado 1.5%, faltan ~4.7 h [interior primero 1.5%, reinicios, interior primero 17.6%, reinicios, menos opciones 2.1%] (Knuth: ~2 días) | máximo colocado 55 de 64 | hilos 4 de 12
    ... 260.4 s | grupo 1/3 | 298046263 nodos | revisado 1.5%, faltan ~4.7 h [interior primero 1.5%, reinicios, interior primero 17.6%, reinicios, menos opciones 2.2%] (Knuth: ~2 días) | máximo colocado 55 de 64 | hilos 4 de 12
    ... 262.4 s | grupo 1/3 | 300382967 nodos | revisado 1.5%, faltan ~4.8 h [interior primero 1.5%, reinicios, interior primero 17.6%, reinicios, menos opciones 2.2%] (Knuth: ~2 días) | máximo colocado 55 de 64 | hilos 4 de 12
    ... 264.4 s | grupo 1/3 | 302730095 nodos | revisado 1.5%, faltan ~4.8 h [interior primero 1.5%, reinicios, interior primero 17.6%, reinicios, menos opciones 2.2%] (Knuth: ~2 días) | máximo colocado 55 de 64 | hilos 4 de 12
    ... 266.4 s | grupo 1/3 | 305077040 nodos | revisado 1.5%, faltan ~4.8 h [interior primero 1.5%, reinicios, interior primero 17.6%, reinicios, menos opciones 2.3%] (Knuth: ~2 días) | máximo colocado 55 de 64 | hilos 4 de 12
    ... 268.4 s | grupo 1/3 | 307358983 nodos | revisado 1.5%, faltan ~4.9 h [interior primero 1.5%, reinicios, interior primero 17.6%, reinicios, menos opciones 2.3%] (Knuth: ~2 días) | máximo colocado 55 de 64 | hilos 4 de 12
    ... 270.5 s | grupo 1/3 | 309684195 nodos | revisado 1.5%, faltan ~4.9 h [interior primero 1.5%, reinicios, interior primero 18.3%, reinicios, menos opciones 2.3%] (Knuth: ~2 días) | máximo colocado 55 de 64 | hilos 4 de 12
    ... 272.5 s | grupo 1/3 | 311985763 nodos | revisado 1.5%, faltan ~5.0 h [interior primero 1.5%, reinicios, interior primero 19.0%, reinicios, menos opciones 2.3%] (Knuth: ~2 días) | máximo colocado 55 de 64 | hilos 4 de 12
    ... 274.5 s | grupo 1/3 | 314310563 nodos | revisado 1.5%, faltan ~5.0 h [interior primero 1.5%, reinicios, interior primero 19.1%, reinicios, menos opciones 2.3%] (Knuth: ~2 días) | máximo colocado 55 de 64 | hilos 4 de 12
    ... 276.5 s | grupo 1/3 | 316639876 nodos | revisado 1.5%, faltan ~5.0 h [interior primero 1.5%, reinicios, interior primero 19.1%, reinicios, menos opciones 2.3%] (Knuth: ~2 días) | máximo colocado 55 de 64 | hilos 4 de 12
    ... 278.5 s | grupo 1/3 | 318993784 nodos | revisado 1.5%, faltan ~5.1 h [interior primero 1.5%, reinicios, interior primero 19.1%, reinicios, menos opciones 2.3%] (Knuth: ~2 días) | máximo colocado 55 de 64 | hilos 4 de 12
    ... 280.5 s | grupo 1/3 | 321312449 nodos | revisado 1.5%, faltan ~5.1 h [interior primero 1.5%, reinicios, interior primero 19.1%, reinicios, menos opciones 2.3%] (Knuth: ~2 días) | máximo colocado 55 de 64 | hilos 4 de 12
    ... 282.5 s | grupo 1/3 | 323609202 nodos | revisado 1.5%, faltan ~5.1 h [interior primero 1.5%, reinicios, interior primero 19.1%, reinicios, menos opciones 2.3%] (Knuth: ~2 días) | máximo colocado 55 de 64 | hilos 4 de 12
    ... 284.5 s | grupo 1/3 | 325927044 nodos | revisado 1.5%, faltan ~5.2 h [interior primero 1.5%, reinicios, interior primero 19.1%, reinicios, menos opciones 2.3%] (Knuth: ~2 días) | máximo colocado 55 de 64 | hilos 4 de 12
    ... 286.5 s | grupo 1/3 | 328244136 nodos | revisado 1.5%, faltan ~5.2 h [interior primero 1.5%, reinicios, interior primero 19.1%, reinicios, menos opciones 2.3%] (Knuth: ~2 días) | máximo colocado 55 de 64 | hilos 4 de 12
    ... 288.5 s | grupo 1/3 | 330579072 nodos | revisado 1.5%, faltan ~5.2 h [interior primero 1.5%, reinicios, interior primero 19.1%, reinicios, menos opciones 2.3%] (Knuth: ~2 días) | máximo colocado 55 de 64 | hilos 4 de 12
    ... 290.5 s | grupo 1/3 | 332924376 nodos | revisado 1.5%, faltan ~5.3 h [interior primero 1.5%, reinicios, interior primero 19.1%, reinicios, menos opciones 2.3%] (Knuth: ~2 días) | máximo colocado 55 de 64 | hilos 4 de 12
    ... 292.6 s | grupo 1/3 | 335256708 nodos | revisado 1.5%, faltan ~5.3 h [interior primero 1.5%, reinicios, interior primero 19.1%, reinicios, menos opciones 2.3%] (Knuth: ~2 días) | máximo colocado 55 de 64 | hilos 4 de 12
    ... 294.6 s | grupo 1/3 | 337619968 nodos | revisado 1.5%, faltan ~5.4 h [interior primero 1.5%, reinicios, interior primero 19.1%, reinicios, menos opciones 2.3%] (Knuth: ~2 días) | máximo colocado 55 de 64 | hilos 4 de 12
    ... 296.6 s | grupo 1/3 | 339912469 nodos | revisado 1.5%, faltan ~5.4 h [interior primero 1.5%, reinicios, interior primero 19.8%, reinicios, menos opciones 2.3%] (Knuth: ~2 días) | máximo colocado 55 de 64 | hilos 4 de 12
    ... 298.6 s | grupo 1/3 | 342238819 nodos | revisado 1.5%, faltan ~5.4 h [interior primero 1.5%, reinicios, interior primero 19.8%, reinicios, menos opciones 2.3%] (Knuth: ~2 días) | máximo colocado 55 de 64 | hilos 4 de 12
[4] Grupo 1: cortado por límite de tiempo
[5] Tiempo total: 5 min
RESULTADO resuelto=0 ms=300020.2 marcos=0 nodos=343888896 grupos=1/3 hilos=12 t_marcos=0.000 t_interior=296.991 lados=0 unificado=1 max_colocadas=55 motivo=limite
