[0] Tablero 8x8, 10 colores, 12 hilos
[1] Esquina fija (3,2). 3 grupos, orden por coste: 2.04e+22 2.04e+22 2.04e+22
    grupo 1, orden menos opciones: estimado 5.08e+13 nodos
    grupo 1, orden interior primero: estimado 1.63e+13 nodos
    grupo 2, orden menos opciones: estimado 4.19e+13 nodos
    grupo 2, orden interior primero: estimado 1.97e+13 nodos
    grupo 3, orden menos opciones: estimado 1.74e+13 nodos
    grupo 3, orden interior primero: estimado 1.82e+13 nodos
[1] Estimado de Knuth por grupo (nodos): 1.63e+13(i) 4.19e+13 1.74e+13   (i) = interior primero
[2] Grupo 1/3: ruta unificada (mapas por lado), orden: PORTAFOLIO (mitad de los hilos con cada orden)
    ... 5.0 s | grupo 1/3 | 2516519 nodos | revisado 9.95e-06%, faltan ~234 días [interior primero 9.95e-06%, reinicios, interior primero 1.63e-05%, reinicios, menos opciones 1.31e-05%] (Knuth: ~151 días) | máximo colocado 52 de 64 | hilos 4 de 12
    ... 7.0 s | grupo 1/3 | 5020302 nodos | revisado 1.37e-05%, faltan ~339 días [interior primero 1.37e-05%, reinicios, interior primero 0.855%, reinicios, menos opciones 4.77e-05%] (Knuth: ~151 días) | máximo colocado 52 de 64 | hilos 4 de 12
    ... 9.1 s | grupo 1/3 | 7564654 nodos | revisado 2.43e-05%, faltan ~288 días [interior primero 2.43e-05%, reinicios, interior primero 0.855%, reinicios, menos opciones 9.94e-05%] (Knuth: ~150 días) | máximo colocado 52 de 64 | hilos 4 de 12
    ... 11.1 s | grupo 1/3 | 10080107 nodos | revisado 3.13e-05%, faltan ~297 días [interior primero 3.13e-05%, reinicios, interior primero 0.855%, reinicios, menos opciones 1.17e-04%] (Knuth: ~150 días) | máximo colocado 52 de 64 | hilos 4 de 12
    ... 13.1 s | grupo 1/3 | 12612178 nodos | revisado 3.74e-05%, faltan ~311 días [interior primero 3.74e-05%, reinicios, interior primero 2.6%, reinicios, menos opciones 1.50e-04%] (Knuth: ~150 días) | máximo colocado 52 de 64 | hilos 4 de 12
    ... 15.1 s | grupo 1/3 | 15202765 nodos | revisado 4.27e-05%, faltan ~327 días [interior primero 4.27e-05%, reinicios, interior primero 2.6%, reinicios, menos opciones 1.60e-04%] (Knuth: ~150 días) | máximo colocado 55 de 64 | hilos 4 de 12
    ... 17.1 s | grupo 1/3 | 17791676 nodos | revisado 4.72e-05%, faltan ~345 días [interior primero 4.72e-05%, reinicios, interior primero 2.6%, reinicios, menos opciones 1.88e-04%] (Knuth: ~149 días) | máximo colocado 55 de 64 | hilos 4 de 12
    ... 19.1 s | grupo 1/3 | 20276865 nodos | revisado 7.75e-05%, faltan ~240 días [interior primero 7.75e-05%, reinicios, interior primero 2.6%, reinicios, menos opciones 5.47e-03%] (Knuth: ~150 días) | máximo colocado 55 de 64 | hilos 4 de 12
    ... 21.1 s | grupo 1/3 | 22752301 nodos | revisado 8.93e-05%, faltan ~234 días [interior primero 8.93e-05%, reinicios, interior primero 2.6%, reinicios, menos opciones 5.80e-03%] (Knuth: ~150 días) | máximo colocado 55 de 64 | hilos 4 de 12
    ... 23.1 s | grupo 1/3 | 25238085 nodos | revisado 9.72e-05%, faltan ~239 días [interior primero 9.72e-05%, reinicios, interior primero 2.6%, reinicios, menos opciones 5.84e-03%] (Knuth: ~150 días) | máximo colocado 55 de 64 | hilos 4 de 12
    ... 25.1 s | grupo 1/3 | 27732911 nodos | revisado 1.29e-04%, faltan ~198 días [interior primero 1.29e-04%, reinicios, interior primero 4.3%, reinicios, menos opciones 5.85e-03%] (Knuth: ~150 días) | máximo colocado 55 de 64 | hilos 4 de 12
    ... 27.1 s | grupo 1/3 | 30210639 nodos | revisado 1.37e-04%, faltan ~204 días [interior primero 1.37e-04%, reinicios, interior primero 6.0%, reinicios, menos opciones 5.89e-03%] (Knuth: ~150 días) | máximo colocado 55 de 64 | hilos 4 de 12
    ... 29.1 s | grupo 1/3 | 32699408 nodos | revisado 1.43e-04%, faltan ~212 días [interior primero 1.43e-04%, reinicios, interior primero 6.9%, reinicios, menos opciones 5.90e-03%] (Knuth: ~151 días) | máximo colocado 55 de 64 | hilos 4 de 12
    ... 31.1 s | grupo 1/3 | 35173198 nodos | revisado 1.51e-04%, faltan ~216 días [interior primero 1.51e-04%, reinicios, interior primero 6.9%, reinicios, menos opciones 5.91e-03%] (Knuth: ~151 días) | máximo colocado 55 de 64 | hilos 4 de 12
    ... 33.2 s | grupo 1/3 | 37620575 nodos | revisado 1.58e-04%, faltan ~221 días [interior primero 1.58e-04%, reinicios, interior primero 7.8%, reinicios, menos opciones 6.47e-03%] (Knuth: ~151 días) | máximo colocado 55 de 64 | hilos 4 de 12
    ... 35.2 s | grupo 1/3 | 40069756 nodos | revisado 1.64e-04%, faltan ~227 días [interior primero 1.64e-04%, reinicios, interior primero 8.6%, reinicios, menos opciones 6.51e-03%] (Knuth: ~151 días) | máximo colocado 55 de 64 | hilos 4 de 12
    ... 37.2 s | grupo 1/3 | 42540359 nodos | revisado 1.70e-04%, faltan ~232 días [interior primero 1.70e-04%, reinicios, interior primero 8.6%, reinicios, menos opciones 6.59e-03%] (Knuth: ~151 días) | máximo colocado 55 de 64 | hilos 4 de 12
    ... 39.2 s | grupo 1/3 | 45049397 nodos | revisado 1.78e-04%, faltan ~235 días [interior primero 1.78e-04%, reinicios, interior primero 9.6%, reinicios, menos opciones 6.61e-03%] (Knuth: ~151 días) | máximo colocado 55 de 64 | hilos 4 de 12
    ... 41.2 s | grupo 1/3 | 47547188 nodos | revisado 1.84e-04%, faltan ~240 días [interior primero 1.84e-04%, reinicios, interior primero 10.4%, reinicios, menos opciones 6.63e-03%] (Knuth: ~151 días) | máximo colocado 55 de 64 | hilos 4 de 12
    ... 43.2 s | grupo 1/3 | 50060489 nodos | revisado 2.16e-04%, faltan ~215 días [interior primero 2.16e-04%, reinicios, interior primero 11.3%, reinicios, menos opciones 6.76e-03%] (Knuth: ~151 días) | máximo colocado 55 de 64 | hilos 4 de 12
    ... 45.2 s | grupo 1/3 | 52575168 nodos | revisado 2.21e-04%, faltan ~221 días [interior primero 2.21e-04%, reinicios, interior primero 12.2%, reinicios, menos opciones 6.82e-03%] (Knuth: ~151 días) | máximo colocado 55 de 64 | hilos 4 de 12
    ... 47.2 s | grupo 1/3 | 55102238 nodos | revisado 2.24e-04%, faltan ~228 días [interior primero 2.24e-04%, reinicios, interior primero 13.0%, reinicios, menos opciones 6.87e-03%] (Knuth: ~151 días) | máximo colocado 55 de 64 | hilos 4 de 12
    ... 49.2 s | grupo 1/3 | 57611050 nodos | revisado 2.31e-04%, faltan ~231 días [interior primero 2.31e-04%, reinicios, interior primero 13.0%, reinicios, menos opciones 6.89e-03%] (Knuth: ~151 días) | máximo colocado 55 de 64 | hilos 4 de 12
    ... 51.3 s | grupo 1/3 | 60133763 nodos | revisado 2.35e-04%, faltan ~238 días [interior primero 2.35e-04%, reinicios, interior primero 13.0%, reinicios, menos opciones 6.92e-03%] (Knuth: ~151 días) | máximo colocado 55 de 64 | hilos 4 de 12
    ... 53.3 s | grupo 1/3 | 62674184 nodos | revisado 2.39e-04%, faltan ~243 días [interior primero 2.39e-04%, reinicios, interior primero 13.0%, reinicios, menos opciones 6.93e-03%] (Knuth: ~151 días) | máximo colocado 55 de 64 | hilos 4 de 12
    ... 55.3 s | grupo 1/3 | 65179725 nodos | revisado 2.41e-04%, faltan ~251 días [interior primero 2.41e-04%, reinicios, interior primero 13.0%, reinicios, menos opciones 6.97e-03%] (Knuth: ~151 días) | máximo colocado 55 de 64 | hilos 4 de 12
    ... 57.3 s | grupo 1/3 | 67660008 nodos | revisado 2.45e-04%, faltan ~257 días [interior primero 2.45e-04%, reinicios, interior primero 13.0%, reinicios, menos opciones 6.99e-03%] (Knuth: ~151 días) | máximo colocado 55 de 64 | hilos 4 de 12
    ... 59.3 s | grupo 1/3 | 70192001 nodos | revisado 2.48e-04%, faltan ~262 días [interior primero 2.48e-04%, reinicios, interior primero 13.9%, reinicios, menos opciones 7.01e-03%] (Knuth: ~151 días) | máximo colocado 55 de 64 | hilos 4 de 12
    ... 61.3 s | grupo 1/3 | 72678301 nodos | revisado 2.50e-04%, faltan ~270 días [interior primero 2.50e-04%, reinicios, interior primero 14.7%, reinicios, menos opciones 7.03e-03%] (Knuth: ~151 días) | máximo colocado 55 de 64 | hilos 4 de 12
    ... 63.3 s | grupo 1/3 | 75238517 nodos | revisado 2.52e-04%, faltan ~277 días [interior primero 2.52e-04%, reinicios, interior primero 14.7%, reinicios, menos opciones 7.06e-03%] (Knuth: ~151 días) | máximo colocado 55 de 64 | hilos 4 de 12
    ... 65.3 s | grupo 1/3 | 77749005 nodos | revisado 2.55e-04%, faltan ~283 días [interior primero 2.55e-04%, reinicios, interior primero 14.7%, reinicios, menos opciones 7.09e-03%] (Knuth: ~151 días) | máximo colocado 55 de 64 | hilos 4 de 12
    ... 67.3 s | grupo 1/3 | 80279935 nodos | revisado 2.82e-04%, faltan ~264 días [interior primero 2.82e-04%, reinicios, interior primero 14.7%, reinicios, menos opciones 7.16e-03%] (Knuth: ~151 días) | máximo colocado 55 de 64 | hilos 4 de 12
    ... 69.4 s | grupo 1/3 | 82815653 nodos | revisado 2.85e-04%, faltan ~269 días [interior primero 2.85e-04%, reinicios, interior primero 14.7%, reinicios, menos opciones 7.23e-03%] (Knuth: ~151 días) | máximo colocado 55 de 64 | hilos 4 de 12
    ... 71.4 s | grupo 1/3 | 85334966 nodos | revisado 2.88e-04%, faltan ~274 días [interior primero 2.88e-04%, reinicios, interior primero 14.7%, reinicios, menos opciones 7.24e-03%] (Knuth: ~151 días) | máximo colocado 55 de 64 | hilos 4 de 12
    ... 73.4 s | grupo 1/3 | 87836734 nodos | revisado 3.01e-04%, faltan ~271 días [interior primero 3.01e-04%, reinicios, interior primero 14.7%, reinicios, menos opciones 7.25e-03%] (Knuth: ~151 días) | máximo colocado 55 de 64 | hilos 4 de 12
    ... 75.4 s | grupo 1/3 | 90286489 nodos | revisado 3.03e-04%, faltan ~276 días [interior primero 3.03e-04%, reinicios, interior primero 14.7%, reinicios, menos opciones 7.25e-03%] (Knuth: ~151 días) | máximo colocado 55 de 64 | hilos 4 de 12
    ... 77.4 s | grupo 1/3 | 92755045 nodos | revisado 3.05e-04%, faltan ~282 días [interior primero 3.05e-04%, reinicios, interior primero 15.6%, reinicios, menos opciones 7.27e-03%] (Knuth: ~151 días) | máximo colocado 55 de 64 | hilos 4 de 12
    ... 79.4 s | grupo 1/3 | 95227262 nodos | revisado 3.09e-04%, faltan ~286 días [interior primero 3.09e-04%, reinicios, interior primero 15.6%, reinicios, menos opciones 7.36e-03%] (Knuth: ~151 días) | máximo colocado 55 de 64 | hilos 4 de 12
    ... 81.4 s | grupo 1/3 | 97694150 nodos | revisado 3.10e-04%, faltan ~292 días [interior primero 3.10e-04%, reinicios, interior primero 15.7%, reinicios, menos opciones 7.36e-03%] (Knuth: ~151 días) | máximo colocado 55 de 64 | hilos 4 de 12
    ... 83.4 s | grupo 1/3 | 100187440 nodos | revisado 3.12e-04%, faltan ~298 días [interior primero 3.12e-04%, reinicios, interior primero 15.7%, reinicios, menos opciones 7.37e-03%] (Knuth: ~151 días) | máximo colocado 55 de 64 | hilos 4 de 12
    ... 85.4 s | grupo 1/3 | 102666506 nodos | revisado 3.14e-04%, faltan ~304 días [interior primero 3.14e-04%, reinicios, interior primero 15.7%, reinicios, menos opciones 7.37e-03%] (Knuth: ~151 días) | máximo colocado 55 de 64 | hilos 4 de 12
    ... 87.5 s | grupo 1/3 | 105134014 nodos | revisado 3.16e-04%, faltan ~309 días [interior primero 3.16e-04%, reinicios, interior primero 15.7%, reinicios, menos opciones 7.38e-03%] (Knuth: ~151 días) | máximo colocado 55 de 64 | hilos 4 de 12
    ... 89.5 s | grupo 1/3 | 107618833 nodos | revisado 3.18e-04%, faltan ~314 días [interior primero 3.18e-04%, reinicios, interior primero 15.7%, reinicios, menos opciones 7.39e-03%] (Knuth: ~152 días) | máximo colocado 55 de 64 | hilos 4 de 12
    ... 91.5 s | grupo 1/3 | 110040912 nodos | revisado 3.22e-04%, faltan ~318 días [interior primero 3.22e-04%, reinicios, interior primero 15.7%, reinicios, menos opciones 7.40e-03%] (Knuth: ~152 días) | máximo colocado 55 de 64 | hilos 4 de 12
    ... 93.5 s | grupo 1/3 | 112486810 nodos | revisado 3.24e-04%, faltan ~323 días [interior primero 3.24e-04%, reinicios, interior primero 16.5%, reinicios, menos opciones 7.41e-03%] (Knuth: ~152 días) | máximo colocado 55 de 64 | hilos 4 de 12
    ... 95.5 s | grupo 1/3 | 114972291 nodos | revisado 3.27e-04%, faltan ~327 días [interior primero 3.27e-04%, reinicios, interior primero 17.4%, reinicios, menos opciones 7.42e-03%] (Knuth: ~152 días) | máximo colocado 55 de 64 | hilos 4 de 12
    ... 97.5 s | grupo 1/3 | 117463435 nodos | revisado 3.29e-04%, faltan ~333 días [interior primero 3.29e-04%, reinicios, interior primero 17.4%, reinicios, menos opciones 7.44e-03%] (Knuth: ~152 días) | máximo colocado 55 de 64 | hilos 4 de 12
    ... 99.5 s | grupo 1/3 | 119918325 nodos | revisado 3.30e-04%, faltan ~338 días [interior primero 3.30e-04%, reinicios, interior primero 18.2%, reinicios, menos opciones 7.46e-03%] (Knuth: ~152 días) | máximo colocado 55 de 64 | hilos 4 de 12
    ... 101.5 s | grupo 1/3 | 122411169 nodos | revisado 3.33e-04%, faltan ~343 días [interior primero 3.33e-04%, reinicios, interior primero 19.1%, reinicios, menos opciones 7.48e-03%] (Knuth: ~152 días) | máximo colocado 55 de 64 | hilos 4 de 12
    ... 103.5 s | grupo 1/3 | 124895502 nodos | revisado 3.34e-04%, faltan ~348 días [interior primero 3.34e-04%, reinicios, interior primero 19.1%, reinicios, menos opciones 7.53e-03%] (Knuth: ~152 días) | máximo colocado 55 de 64 | hilos 4 de 12
    ... 105.6 s | grupo 1/3 | 127391588 nodos | revisado 3.36e-04%, faltan ~353 días [interior primero 3.36e-04%, reinicios, interior primero 19.9%, reinicios, menos opciones 7.61e-03%] (Knuth: ~152 días) | máximo colocado 55 de 64 | hilos 4 de 12
    ... 107.6 s | grupo 1/3 | 129894711 nodos | revisado 3.38e-04%, faltan ~358 días [interior primero 3.38e-04%, reinicios, interior primero 20.8%, reinicios, menos opciones 8.33e-03%] (Knuth: ~152 días) | máximo colocado 55 de 64 | hilos 4 de 12
    ... 109.6 s | grupo 1/3 | 132419051 nodos | revisado 4.51e-04%, faltan ~273 días [interior primero 4.51e-04%, reinicios, interior primero 20.8%, reinicios, menos opciones 8.36e-03%] (Knuth: ~152 días) | máximo colocado 55 de 64 | hilos 4 de 12
    ... 111.6 s | grupo 1/3 | 134933598 nodos | revisado 4.53e-04%, faltan ~277 días [interior primero 4.53e-04%, reinicios, interior primero 20.8%, reinicios, menos opciones 8.42e-03%] (Knuth: ~152 días) | máximo colocado 55 de 64 | hilos 4 de 12
    ... 113.6 s | grupo 1/3 | 137425750 nodos | revisado 4.54e-04%, faltan ~282 días [interior primero 4.54e-04%, reinicios, interior primero 22.5%, reinicios, menos opciones 8.44e-03%] (Knuth: ~152 días) | máximo colocado 55 de 64 | hilos 4 de 12
    ... 115.6 s | grupo 1/3 | 139916390 nodos | revisado 4.59e-04%, faltan ~284 días [interior primero 4.59e-04%, reinicios, interior primero 23.4%, reinicios, menos opciones 8.46e-03%] (Knuth: ~152 días) | máximo colocado 55 de 64 | hilos 4 de 12
    ... 117.6 s | grupo 1/3 | 142383904 nodos | revisado 4.62e-04%, faltan ~287 días [interior primero 4.62e-04%, reinicios, interior primero 25.1%, reinicios, menos opciones 8.48e-03%] (Knuth: ~152 días) | máximo colocado 55 de 64 | hilos 4 de 12
    ... 119.6 s | grupo 1/3 | 144889462 nodos | revisado 4.65e-04%, faltan ~290 días [interior primero 4.65e-04%, reinicios, interior primero 25.9%, reinicios, menos opciones 8.50e-03%] (Knuth: ~152 días) | máximo colocado 55 de 64 | hilos 4 de 12
    ... 121.6 s | grupo 1/3 | 147361828 nodos | revisado 4.66e-04%, faltan ~294 días [interior primero 4.66e-04%, reinicios, interior primero 26.8%, reinicios, menos opciones 8.55e-03%] (Knuth: ~152 días) | máximo colocado 55 de 64 | hilos 4 de 12
    ... 123.6 s | grupo 1/3 | 149823549 nodos | revisado 4.71e-04%, faltan ~297 días [interior primero 4.71e-04%, reinicios, interior primero 27.6%, reinicios, menos opciones 8.72e-03%] (Knuth: ~152 días) | máximo colocado 56 de 64 | hilos 4 de 12
    ... 125.6 s | grupo 1/3 | 152313430 nodos | revisado 4.76e-04%, faltan ~298 días [interior primero 4.76e-04%, reinicios, interior primero 27.6%, reinicios, menos opciones 8.74e-03%] (Knuth: ~152 días) | máximo colocado 56 de 64 | hilos 4 de 12
    ... 127.6 s | grupo 1/3 | 154794702 nodos | revisado 4.79e-04%, faltan ~301 días [interior primero 4.79e-04%, reinicios, interior primero 27.6%, reinicios, menos opciones 8.77e-03%] (Knuth: ~152 días) | máximo colocado 56 de 64 | hilos 4 de 12
    ... 129.7 s | grupo 1/3 | 157321448 nodos | revisado 4.81e-04%, faltan ~305 días [interior primero 4.81e-04%, reinicios, interior primero 27.6%, reinicios, menos opciones 0.023%] (Knuth: ~152 días) | máximo colocado 56 de 64 | hilos 4 de 12
    ... 131.7 s | grupo 1/3 | 159809098 nodos | revisado 4.84e-04%, faltan ~308 días [interior primero 4.84e-04%, reinicios, interior primero 27.6%, reinicios, menos opciones 0.024%] (Knuth: ~152 días) | máximo colocado 56 de 64 | hilos 4 de 12
    ... 133.7 s | grupo 1/3 | 162281836 nodos | revisado 4.87e-04%, faltan ~311 días [interior primero 4.87e-04%, reinicios, interior primero 28.5%, reinicios, menos opciones 0.024%] (Knuth: ~152 días) | máximo colocado 56 de 64 | hilos 4 de 12
    ... 135.7 s | grupo 1/3 | 164734417 nodos | revisado 4.89e-04%, faltan ~314 días [interior primero 4.89e-04%, reinicios, interior primero 29.4%, reinicios, menos opciones 0.024%] (Knuth: ~152 días) | máximo colocado 56 de 64 | hilos 4 de 12
    ... 137.7 s | grupo 1/3 | 167211733 nodos | revisado 4.90e-04%, faltan ~318 días [interior primero 4.90e-04%, reinicios, interior primero 30.3%, reinicios, menos opciones 0.024%] (Knuth: ~152 días) | máximo colocado 56 de 64 | hilos 4 de 12
    ... 139.7 s | grupo 1/3 | 169683720 nodos | revisado 4.91e-04%, faltan ~322 días [interior primero 4.91e-04%, reinicios, interior primero 30.3%, reinicios, menos opciones 0.024%] (Knuth: ~152 días) | máximo colocado 56 de 64 | hilos 4 de 12
    ... 141.7 s | grupo 1/3 | 172124906 nodos | revisado 4.93e-04%, faltan ~325 días [interior primero 4.93e-04%, reinicios, interior primero 30.3%, reinicios, menos opciones 0.024%] (Knuth: ~152 días) | máximo colocado 56 de 64 | hilos 4 de 12
    ... 143.7 s | grupo 1/3 | 174625450 nodos | revisado 7.84e-04%, faltan ~208 días [interior primero 7.84e-04%, reinicios, interior primero 30.3%, reinicios, menos opciones 0.024%] (Knuth: ~152 días) | máximo colocado 56 de 64 | hilos 4 de 12
    ... 145.7 s | grupo 1/3 | 177105129 nodos | revisado 7.93e-04%, faltan ~208 días [interior primero 7.93e-04%, reinicios, interior primero 30.3%, reinicios, menos opciones 0.024%] (Knuth: ~152 días) | máximo colocado 56 de 64 | hilos 4 de 12
    portafolio: encontró la solución el equipo "reinicios, interior primero" (nodos: interior primero 59675648, reinicios, interior primero 60282827, reinicios, menos opciones 59070464)
[4] Grupo 1: SOLUCIÓN. Verificación: OK
[5] Tiempo total: 2 min
RESULTADO resuelto=1 ms=147276.3 marcos=0 nodos=179028939 grupos=1/3 hilos=12 t_marcos=0.000 t_interior=144.248 lados=0 unificado=1 max_colocadas=64
