[0] Tablero 8x8, 10 colores, 12 hilos
[1] Esquina fija (2,3). 6 grupos, orden por coste: 6.13e+19 6.13e+19 6.14e+19 6.14e+19 6.14e+19 6.14e+19
    grupo 1, orden menos opciones: estimado 6.8e+13 nodos
    grupo 1, orden interior primero: estimado 7.88e+12 nodos
    grupo 2, orden menos opciones: estimado 2.55e+13 nodos
    grupo 2, orden interior primero: estimado 5.14e+12 nodos
    grupo 3, orden menos opciones: estimado 3.14e+13 nodos
    grupo 3, orden interior primero: estimado 4.57e+12 nodos
    grupo 4, orden menos opciones: estimado 2.11e+13 nodos
    grupo 4, orden interior primero: estimado 6.4e+12 nodos
    grupo 5, orden menos opciones: estimado 2.65e+13 nodos
    grupo 5, orden interior primero: estimado 8.54e+12 nodos
    grupo 6, orden menos opciones: estimado 1.87e+13 nodos
    grupo 6, orden interior primero: estimado 6.91e+12 nodos
[1] Estimado de Knuth por grupo (nodos): 7.88e+12(i) 5.14e+12(i) 4.57e+12(i) 6.4e+12(i) 8.54e+12(i) 1.87e+13   (i) = interior primero
[2] Grupo 1/6: ruta unificada (mapas por lado), orden: PORTAFOLIO (mitad de los hilos con cada orden)
    ... 5.7 s | grupo 1/6 | 2531777 nodos | revisado 0.735%, faltan ~5 min [interior primero 0.735%, reinicios, interior primero 2.37e-05%, reinicios, menos opciones 1.10e-04%] (Knuth: ~73 días) | máximo colocado 53 de 64 | hilos 4 de 12
    ... 7.7 s | grupo 1/6 | 5069544 nodos | revisado 0.735%, faltan ~9 min [interior primero 0.735%, reinicios, interior primero 1.00e-04%, reinicios, menos opciones 1.46e-04%] (Knuth: ~72 días) | máximo colocado 53 de 64 | hilos 4 de 12
    ... 9.7 s | grupo 1/6 | 7599237 nodos | revisado 0.735%, faltan ~14 min [interior primero 0.735%, reinicios, interior primero 1.16e-04%, reinicios, menos opciones 2.96e-04%] (Knuth: ~72 días) | máximo colocado 53 de 64 | hilos 4 de 12
    ... 11.7 s | grupo 1/6 | 10174269 nodos | revisado 0.735%, faltan ~18 min [interior primero 0.735%, reinicios, interior primero 2.55e-04%, reinicios, menos opciones 1.11e-03%] (Knuth: ~72 días) | máximo colocado 53 de 64 | hilos 4 de 12
    ... 13.7 s | grupo 1/6 | 12692367 nodos | revisado 0.735%, faltan ~23 min [interior primero 0.735%, reinicios, interior primero 2.78e-04%, reinicios, menos opciones 0.012%] (Knuth: ~72 días) | máximo colocado 53 de 64 | hilos 4 de 12
    ... 15.7 s | grupo 1/6 | 15289785 nodos | revisado 0.735%, faltan ~27 min [interior primero 0.735%, reinicios, interior primero 3.08e-04%, reinicios, menos opciones 0.012%] (Knuth: ~72 días) | máximo colocado 53 de 64 | hilos 4 de 12
    ... 17.7 s | grupo 1/6 | 17817673 nodos | revisado 0.735%, faltan ~32 min [interior primero 0.735%, reinicios, interior primero 3.30e-04%, reinicios, menos opciones 0.012%] (Knuth: ~72 días) | máximo colocado 53 de 64 | hilos 4 de 12
    ... 19.7 s | grupo 1/6 | 20398657 nodos | revisado 0.735%, faltan ~36 min [interior primero 0.735%, reinicios, interior primero 4.70e-04%, reinicios, menos opciones 0.012%] (Knuth: ~72 días) | máximo colocado 53 de 64 | hilos 4 de 12
    ... 21.8 s | grupo 1/6 | 22957958 nodos | revisado 0.735%, faltan ~41 min [interior primero 0.735%, reinicios, interior primero 5.36e-04%, reinicios, menos opciones 0.012%] (Knuth: ~72 días) | máximo colocado 53 de 64 | hilos 4 de 12
    ... 23.8 s | grupo 1/6 | 25502679 nodos | revisado 0.735%, faltan ~45 min [interior primero 0.735%, reinicios, interior primero 5.93e-04%, reinicios, menos opciones 0.013%] (Knuth: ~72 días) | máximo colocado 53 de 64 | hilos 4 de 12
    ... 25.8 s | grupo 1/6 | 28061980 nodos | revisado 0.735%, faltan ~50 min [interior primero 0.735%, reinicios, interior primero 6.41e-04%, reinicios, menos opciones 0.013%] (Knuth: ~72 días) | máximo colocado 53 de 64 | hilos 4 de 12
    ... 27.8 s | grupo 1/6 | 30608944 nodos | revisado 0.735%, faltan ~54 min [interior primero 0.735%, reinicios, interior primero 6.65e-04%, reinicios, menos opciones 0.013%] (Knuth: ~72 días) | máximo colocado 54 de 64 | hilos 4 de 12
    ... 29.8 s | grupo 1/6 | 33118834 nodos | revisado 0.735%, faltan ~59 min [interior primero 0.735%, reinicios, interior primero 6.90e-04%, reinicios, menos opciones 0.013%] (Knuth: ~72 días) | máximo colocado 54 de 64 | hilos 4 de 12
    ... 31.8 s | grupo 1/6 | 35668139 nodos | revisado 0.735%, faltan ~63 min [interior primero 0.735%, reinicios, interior primero 7.00e-04%, reinicios, menos opciones 0.013%] (Knuth: ~72 días) | máximo colocado 54 de 64 | hilos 4 de 12
    ... 33.8 s | grupo 1/6 | 38181028 nodos | revisado 0.735%, faltan ~68 min [interior primero 0.735%, reinicios, interior primero 7.06e-04%, reinicios, menos opciones 0.013%] (Knuth: ~72 días) | máximo colocado 54 de 64 | hilos 4 de 12
    ... 35.8 s | grupo 1/6 | 40769766 nodos | revisado 0.735%, faltan ~72 min [interior primero 0.735%, reinicios, interior primero 7.15e-04%, reinicios, menos opciones 0.013%] (Knuth: ~72 días) | máximo colocado 54 de 64 | hilos 4 de 12
    ... 37.8 s | grupo 1/6 | 43353522 nodos | revisado 0.735%, faltan ~77 min [interior primero 0.735%, reinicios, interior primero 7.20e-04%, reinicios, menos opciones 0.013%] (Knuth: ~72 días) | máximo colocado 54 de 64 | hilos 4 de 12
    ... 39.9 s | grupo 1/6 | 45914290 nodos | revisado 0.735%, faltan ~81 min [interior primero 0.735%, reinicios, interior primero 7.45e-04%, reinicios, menos opciones 0.013%] (Knuth: ~72 días) | máximo colocado 54 de 64 | hilos 4 de 12
    ... 41.9 s | grupo 1/6 | 48455331 nodos | revisado 0.735%, faltan ~86 min [interior primero 0.735%, reinicios, interior primero 7.72e-04%, reinicios, menos opciones 0.014%] (Knuth: ~72 días) | máximo colocado 54 de 64 | hilos 4 de 12
    ... 43.9 s | grupo 1/6 | 50972126 nodos | revisado 0.735%, faltan ~91 min [interior primero 0.735%, reinicios, interior primero 8.17e-04%, reinicios, menos opciones 0.014%] (Knuth: ~72 días) | máximo colocado 54 de 64 | hilos 4 de 12
    ... 45.9 s | grupo 1/6 | 53531900 nodos | revisado 0.735%, faltan ~95 min [interior primero 0.735%, reinicios, interior primero 9.04e-04%, reinicios, menos opciones 0.014%] (Knuth: ~72 días) | máximo colocado 54 de 64 | hilos 4 de 12
    ... 47.9 s | grupo 1/6 | 56045541 nodos | revisado 0.735%, faltan ~100 min [interior primero 0.735%, reinicios, interior primero 9.55e-04%, reinicios, menos opciones 0.022%] (Knuth: ~72 días) | máximo colocado 54 de 64 | hilos 4 de 12
    ... 49.9 s | grupo 1/6 | 58518442 nodos | revisado 0.736%, faltan ~104 min [interior primero 0.736%, reinicios, interior primero 1.10e-03%, reinicios, menos opciones 0.023%] (Knuth: ~72 días) | máximo colocado 54 de 64 | hilos 4 de 12
    ... 51.9 s | grupo 1/6 | 61062876 nodos | revisado 0.736%, faltan ~109 min [interior primero 0.736%, reinicios, interior primero 1.13e-03%, reinicios, menos opciones 0.023%] (Knuth: ~72 días) | máximo colocado 54 de 64 | hilos 4 de 12
    ... 53.9 s | grupo 1/6 | 63617895 nodos | revisado 0.736%, faltan ~113 min [interior primero 0.736%, reinicios, interior primero 1.16e-03%, reinicios, menos opciones 0.023%] (Knuth: ~72 días) | máximo colocado 54 de 64 | hilos 4 de 12
    ... 55.9 s | grupo 1/6 | 66176138 nodos | revisado 0.736%, faltan ~118 min [interior primero 0.736%, reinicios, interior primero 1.23e-03%, reinicios, menos opciones 0.031%] (Knuth: ~72 días) | máximo colocado 54 de 64 | hilos 4 de 12
    ... 57.9 s | grupo 1/6 | 68710203 nodos | revisado 0.736%, faltan ~2.0 h [interior primero 0.736%, reinicios, interior primero 1.24e-03%, reinicios, menos opciones 0.032%] (Knuth: ~72 días) | máximo colocado 54 de 64 | hilos 4 de 12
    ... 60.0 s | grupo 1/6 | 71284105 nodos | revisado 0.736%, faltan ~2.1 h [interior primero 0.736%, reinicios, interior primero 1.28e-03%, reinicios, menos opciones 0.032%] (Knuth: ~72 días) | máximo colocado 54 de 64 | hilos 4 de 12
    ... 62.0 s | grupo 1/6 | 73835865 nodos | revisado 0.736%, faltan ~2.2 h [interior primero 0.736%, reinicios, interior primero 1.30e-03%, reinicios, menos opciones 0.033%] (Knuth: ~72 días) | máximo colocado 54 de 64 | hilos 4 de 12
    ... 64.0 s | grupo 1/6 | 76395498 nodos | revisado 0.736%, faltan ~2.3 h [interior primero 0.736%, reinicios, interior primero 1.34e-03%, reinicios, menos opciones 0.033%] (Knuth: ~72 días) | máximo colocado 54 de 64 | hilos 4 de 12
    ... 66.0 s | grupo 1/6 | 78942994 nodos | revisado 0.736%, faltan ~2.3 h [interior primero 0.736%, reinicios, interior primero 1.55e-03%, reinicios, menos opciones 0.033%] (Knuth: ~72 días) | máximo colocado 54 de 64 | hilos 4 de 12
    ... 68.0 s | grupo 1/6 | 81551173 nodos | revisado 0.736%, faltan ~2.4 h [interior primero 0.736%, reinicios, interior primero 1.58e-03%, reinicios, menos opciones 0.034%] (Knuth: ~72 días) | máximo colocado 54 de 64 | hilos 4 de 12
    ... 70.0 s | grupo 1/6 | 84143225 nodos | revisado 0.736%, faltan ~2.5 h [interior primero 0.736%, reinicios, interior primero 3.94e-03%, reinicios, menos opciones 0.034%] (Knuth: ~72 días) | máximo colocado 54 de 64 | hilos 4 de 12
    ... 72.0 s | grupo 1/6 | 86711674 nodos | revisado 0.736%, faltan ~2.6 h [interior primero 0.736%, reinicios, interior primero 3.96e-03%, reinicios, menos opciones 0.036%] (Knuth: ~72 días) | máximo colocado 54 de 64 | hilos 4 de 12
    ... 74.0 s | grupo 1/6 | 89252279 nodos | revisado 0.736%, faltan ~2.6 h [interior primero 0.736%, reinicios, interior primero 3.99e-03%, reinicios, menos opciones 0.036%] (Knuth: ~72 días) | máximo colocado 54 de 64 | hilos 4 de 12
    ... 76.0 s | grupo 1/6 | 91848004 nodos | revisado 0.736%, faltan ~2.7 h [interior primero 0.736%, reinicios, interior primero 4.00e-03%, reinicios, menos opciones 0.037%] (Knuth: ~72 días) | máximo colocado 54 de 64 | hilos 4 de 12
    ... 78.0 s | grupo 1/6 | 94390529 nodos | revisado 0.736%, faltan ~2.8 h [interior primero 0.736%, reinicios, interior primero 4.01e-03%, reinicios, menos opciones 0.037%] (Knuth: ~72 días) | máximo colocado 54 de 64 | hilos 4 de 12
    ... 80.1 s | grupo 1/6 | 96945803 nodos | revisado 0.736%, faltan ~2.9 h [interior primero 0.736%, reinicios, interior primero 4.01e-03%, reinicios, menos opciones 0.037%] (Knuth: ~72 días) | máximo colocado 54 de 64 | hilos 4 de 12
    ... 82.1 s | grupo 1/6 | 99534121 nodos | revisado 0.736%, faltan ~2.9 h [interior primero 0.736%, reinicios, interior primero 4.02e-03%, reinicios, menos opciones 0.037%] (Knuth: ~72 días) | máximo colocado 54 de 64 | hilos 4 de 12
    ... 84.1 s | grupo 1/6 | 102139230 nodos | revisado 0.736%, faltan ~3.0 h [interior primero 0.736%, reinicios, interior primero 4.04e-03%, reinicios, menos opciones 0.037%] (Knuth: ~72 días) | máximo colocado 54 de 64 | hilos 4 de 12
    ... 86.1 s | grupo 1/6 | 104718523 nodos | revisado 0.736%, faltan ~3.1 h [interior primero 0.736%, reinicios, interior primero 4.04e-03%, reinicios, menos opciones 0.037%] (Knuth: ~72 días) | máximo colocado 54 de 64 | hilos 4 de 12
    ... 88.1 s | grupo 1/6 | 107251730 nodos | revisado 0.736%, faltan ~3.2 h [interior primero 0.736%, reinicios, interior primero 4.07e-03%, reinicios, menos opciones 0.038%] (Knuth: ~72 días) | máximo colocado 54 de 64 | hilos 4 de 12
    ... 90.1 s | grupo 1/6 | 109789928 nodos | revisado 0.736%, faltan ~3.2 h [interior primero 0.736%, reinicios, interior primero 4.08e-03%, reinicios, menos opciones 0.038%] (Knuth: ~72 días) | máximo colocado 54 de 64 | hilos 4 de 12
    ... 92.1 s | grupo 1/6 | 112361289 nodos | revisado 0.736%, faltan ~3.3 h [interior primero 0.736%, reinicios, interior primero 4.09e-03%, reinicios, menos opciones 0.038%] (Knuth: ~72 días) | máximo colocado 54 de 64 | hilos 4 de 12
    ... 94.1 s | grupo 1/6 | 114907825 nodos | revisado 0.736%, faltan ~3.4 h [interior primero 0.736%, reinicios, interior primero 4.10e-03%, reinicios, menos opciones 0.038%] (Knuth: ~72 días) | máximo colocado 54 de 64 | hilos 4 de 12
    ... 96.1 s | grupo 1/6 | 117465583 nodos | revisado 0.736%, faltan ~3.5 h [interior primero 0.736%, reinicios, interior primero 4.12e-03%, reinicios, menos opciones 0.041%] (Knuth: ~72 días) | máximo colocado 54 de 64 | hilos 4 de 12
    ... 98.1 s | grupo 1/6 | 119986794 nodos | revisado 0.736%, faltan ~3.5 h [interior primero 0.736%, reinicios, interior primero 4.14e-03%, reinicios, menos opciones 0.041%] (Knuth: ~72 días) | máximo colocado 54 de 64 | hilos 4 de 12
    ... 100.2 s | grupo 1/6 | 122511387 nodos | revisado 0.736%, faltan ~3.6 h [interior primero 0.736%, reinicios, interior primero 4.27e-03%, reinicios, menos opciones 0.044%] (Knuth: ~72 días) | máximo colocado 54 de 64 | hilos 4 de 12
    ... 102.2 s | grupo 1/6 | 125074774 nodos | revisado 0.736%, faltan ~3.7 h [interior primero 0.736%, reinicios, interior primero 5.01e-03%, reinicios, menos opciones 0.044%] (Knuth: ~72 días) | máximo colocado 54 de 64 | hilos 4 de 12
    ... 104.2 s | grupo 1/6 | 127607413 nodos | revisado 0.736%, faltan ~3.8 h [interior primero 0.736%, reinicios, interior primero 5.11e-03%, reinicios, menos opciones 0.044%] (Knuth: ~72 días) | máximo colocado 54 de 64 | hilos 4 de 12
    ... 106.2 s | grupo 1/6 | 130123212 nodos | revisado 0.736%, faltan ~3.8 h [interior primero 0.736%, reinicios, interior primero 5.16e-03%, reinicios, menos opciones 0.044%] (Knuth: ~72 días) | máximo colocado 54 de 64 | hilos 4 de 12
    ... 108.2 s | grupo 1/6 | 132662498 nodos | revisado 0.736%, faltan ~3.9 h [interior primero 0.736%, reinicios, interior primero 5.22e-03%, reinicios, menos opciones 0.044%] (Knuth: ~72 días) | máximo colocado 54 de 64 | hilos 4 de 12
    ... 110.2 s | grupo 1/6 | 135189788 nodos | revisado 0.736%, faltan ~4.0 h [interior primero 0.736%, reinicios, interior primero 5.26e-03%, reinicios, menos opciones 0.044%] (Knuth: ~72 días) | máximo colocado 54 de 64 | hilos 4 de 12
    ... 112.2 s | grupo 1/6 | 137724336 nodos | revisado 0.736%, faltan ~4.1 h [interior primero 0.736%, reinicios, interior primero 5.48e-03%, reinicios, menos opciones 0.044%] (Knuth: ~72 días) | máximo colocado 54 de 64 | hilos 4 de 12
    ... 114.2 s | grupo 1/6 | 140288852 nodos | revisado 0.736%, faltan ~4.1 h [interior primero 0.736%, reinicios, interior primero 5.59e-03%, reinicios, menos opciones 0.044%] (Knuth: ~72 días) | máximo colocado 54 de 64 | hilos 4 de 12
    ... 116.2 s | grupo 1/6 | 142853528 nodos | revisado 0.736%, faltan ~4.2 h [interior primero 0.736%, reinicios, interior primero 5.61e-03%, reinicios, menos opciones 0.044%] (Knuth: ~72 días) | máximo colocado 56 de 64 | hilos 4 de 12
    ... 118.2 s | grupo 1/6 | 145308035 nodos | revisado 0.736%, faltan ~4.3 h [interior primero 0.736%, reinicios, interior primero 5.63e-03%, reinicios, menos opciones 0.044%] (Knuth: ~72 días) | máximo colocado 56 de 64 | hilos 4 de 12
    ... 120.2 s | grupo 1/6 | 147868553 nodos | revisado 0.736%, faltan ~4.4 h [interior primero 0.736%, reinicios, interior primero 5.69e-03%, reinicios, menos opciones 0.044%] (Knuth: ~72 días) | máximo colocado 56 de 64 | hilos 4 de 12
    ... 122.2 s | grupo 1/6 | 150442656 nodos | revisado 0.736%, faltan ~4.4 h [interior primero 0.736%, reinicios, interior primero 5.72e-03%, reinicios, menos opciones 0.058%] (Knuth: ~72 días) | máximo colocado 56 de 64 | hilos 4 de 12
    ... 124.2 s | grupo 1/6 | 152993450 nodos | revisado 0.736%, faltan ~4.5 h [interior primero 0.736%, reinicios, interior primero 5.83e-03%, reinicios, menos opciones 0.059%] (Knuth: ~72 días) | máximo colocado 56 de 64 | hilos 4 de 12
    ... 126.2 s | grupo 1/6 | 155582298 nodos | revisado 0.736%, faltan ~4.6 h [interior primero 0.736%, reinicios, interior primero 5.85e-03%, reinicios, menos opciones 0.059%] (Knuth: ~72 días) | máximo colocado 56 de 64 | hilos 4 de 12
    ... 128.3 s | grupo 1/6 | 158142210 nodos | revisado 0.736%, faltan ~4.7 h [interior primero 0.736%, reinicios, interior primero 5.86e-03%, reinicios, menos opciones 0.059%] (Knuth: ~72 días) | máximo colocado 56 de 64 | hilos 4 de 12
    ... 130.3 s | grupo 1/6 | 160694099 nodos | revisado 0.736%, faltan ~4.7 h [interior primero 0.736%, reinicios, interior primero 5.87e-03%, reinicios, menos opciones 0.059%] (Knuth: ~72 días) | máximo colocado 56 de 64 | hilos 4 de 12
    ... 132.3 s | grupo 1/6 | 163272602 nodos | revisado 0.736%, faltan ~4.8 h [interior primero 0.736%, reinicios, interior primero 5.97e-03%, reinicios, menos opciones 0.059%] (Knuth: ~72 días) | máximo colocado 56 de 64 | hilos 4 de 12
    ... 134.3 s | grupo 1/6 | 165834337 nodos | revisado 0.736%, faltan ~4.9 h [interior primero 0.736%, reinicios, interior primero 6.00e-03%, reinicios, menos opciones 0.059%] (Knuth: ~72 días) | máximo colocado 56 de 64 | hilos 4 de 12
    ... 136.3 s | grupo 1/6 | 168426939 nodos | revisado 0.736%, faltan ~5.0 h [interior primero 0.736%, reinicios, interior primero 6.04e-03%, reinicios, menos opciones 0.059%] (Knuth: ~72 días) | máximo colocado 56 de 64 | hilos 4 de 12
    ... 138.3 s | grupo 1/6 | 170995974 nodos | revisado 0.736%, faltan ~5.0 h [interior primero 0.736%, reinicios, interior primero 6.07e-03%, reinicios, menos opciones 0.070%] (Knuth: ~72 días) | máximo colocado 56 de 64 | hilos 4 de 12
    ... 140.3 s | grupo 1/6 | 173553942 nodos | revisado 0.736%, faltan ~5.1 h [interior primero 0.736%, reinicios, interior primero 6.14e-03%, reinicios, menos opciones 0.070%] (Knuth: ~72 días) | máximo colocado 56 de 64 | hilos 4 de 12
    ... 142.3 s | grupo 1/6 | 176110364 nodos | revisado 0.736%, faltan ~5.2 h [interior primero 0.736%, reinicios, interior primero 6.78e-03%, reinicios, menos opciones 0.070%] (Knuth: ~72 días) | máximo colocado 56 de 64 | hilos 4 de 12
    ... 144.4 s | grupo 1/6 | 178690322 nodos | revisado 0.736%, faltan ~5.3 h [interior primero 0.736%, reinicios, interior primero 6.82e-03%, reinicios, menos opciones 0.070%] (Knuth: ~72 días) | máximo colocado 56 de 64 | hilos 4 de 12
    ... 146.4 s | grupo 1/6 | 181262623 nodos | revisado 0.736%, faltan ~5.3 h [interior primero 0.736%, reinicios, interior primero 7.33e-03%, reinicios, menos opciones 0.070%] (Knuth: ~72 días) | máximo colocado 56 de 64 | hilos 4 de 12
    ... 148.4 s | grupo 1/6 | 183838989 nodos | revisado 0.736%, faltan ~5.4 h [interior primero 0.736%, reinicios, interior primero 7.52e-03%, reinicios, menos opciones 0.070%] (Knuth: ~72 días) | máximo colocado 56 de 64 | hilos 4 de 12
    ... 150.4 s | grupo 1/6 | 186401027 nodos | revisado 0.736%, faltan ~5.5 h [interior primero 0.736%, reinicios, interior primero 7.66e-03%, reinicios, menos opciones 0.070%] (Knuth: ~72 días) | máximo colocado 56 de 64 | hilos 4 de 12
    ... 152.4 s | grupo 1/6 | 188936974 nodos | revisado 0.736%, faltan ~5.6 h [interior primero 0.736%, reinicios, interior primero 7.68e-03%, reinicios, menos opciones 0.070%] (Knuth: ~72 días) | máximo colocado 56 de 64 | hilos 4 de 12
    ... 154.4 s | grupo 1/6 | 191483401 nodos | revisado 0.736%, faltan ~5.6 h [interior primero 0.736%, reinicios, interior primero 7.71e-03%, reinicios, menos opciones 0.070%] (Knuth: ~72 días) | máximo colocado 56 de 64 | hilos 4 de 12
    ... 156.4 s | grupo 1/6 | 194062647 nodos | revisado 0.736%, faltan ~5.7 h [interior primero 0.736%, reinicios, interior primero 7.73e-03%, reinicios, menos opciones 0.070%] (Knuth: ~72 días) | máximo colocado 56 de 64 | hilos 4 de 12
    ... 158.4 s | grupo 1/6 | 196631671 nodos | revisado 0.736%, faltan ~5.8 h [interior primero 0.736%, reinicios, interior primero 7.74e-03%, reinicios, menos opciones 0.070%] (Knuth: ~72 días) | máximo colocado 56 de 64 | hilos 4 de 12
    ... 160.4 s | grupo 1/6 | 199192791 nodos | revisado 0.736%, faltan ~5.9 h [interior primero 0.736%, reinicios, interior primero 8.38e-03%, reinicios, menos opciones 0.070%] (Knuth: ~72 días) | máximo colocado 56 de 64 | hilos 4 de 12
    ... 162.4 s | grupo 1/6 | 201740834 nodos | revisado 0.736%, faltan ~5.9 h [interior primero 0.736%, reinicios, interior primero 8.41e-03%, reinicios, menos opciones 0.070%] (Knuth: ~72 días) | máximo colocado 56 de 64 | hilos 4 de 12
    ... 164.5 s | grupo 1/6 | 204241003 nodos | revisado 0.736%, faltan ~6.0 h [interior primero 0.736%, reinicios, interior primero 8.42e-03%, reinicios, menos opciones 0.070%] (Knuth: ~72 días) | máximo colocado 56 de 64 | hilos 4 de 12
    ... 166.5 s | grupo 1/6 | 206789016 nodos | revisado 0.736%, faltan ~6.1 h [interior primero 0.736%, reinicios, interior primero 8.44e-03%, reinicios, menos opciones 0.070%] (Knuth: ~72 días) | máximo colocado 56 de 64 | hilos 4 de 12
    ... 168.5 s | grupo 1/6 | 209345117 nodos | revisado 0.736%, faltan ~6.2 h [interior primero 0.736%, reinicios, interior primero 8.45e-03%, reinicios, menos opciones 0.070%] (Knuth: ~72 días) | máximo colocado 56 de 64 | hilos 4 de 12
    ... 170.5 s | grupo 1/6 | 211882469 nodos | revisado 0.736%, faltan ~6.3 h [interior primero 0.736%, reinicios, interior primero 8.46e-03%, reinicios, menos opciones 0.070%] (Knuth: ~72 días) | máximo colocado 56 de 64 | hilos 4 de 12
    ... 172.5 s | grupo 1/6 | 214424900 nodos | revisado 0.736%, faltan ~6.3 h [interior primero 0.736%, reinicios, interior primero 8.49e-03%, reinicios, menos opciones 0.070%] (Knuth: ~72 días) | máximo colocado 56 de 64 | hilos 4 de 12
    ... 174.5 s | grupo 1/6 | 216974597 nodos | revisado 0.736%, faltan ~6.4 h [interior primero 0.736%, reinicios, interior primero 8.61e-03%, reinicios, menos opciones 0.071%] (Knuth: ~72 días) | máximo colocado 56 de 64 | hilos 4 de 12
    ... 176.5 s | grupo 1/6 | 219487455 nodos | revisado 0.736%, faltan ~6.5 h [interior primero 0.736%, reinicios, interior primero 8.61e-03%, reinicios, menos opciones 0.071%] (Knuth: ~72 días) | máximo colocado 56 de 64 | hilos 4 de 12
    ... 178.5 s | grupo 1/6 | 221994708 nodos | revisado 0.736%, faltan ~6.6 h [interior primero 0.736%, reinicios, interior primero 8.64e-03%, reinicios, menos opciones 0.071%] (Knuth: ~72 días) | máximo colocado 56 de 64 | hilos 4 de 12
    ... 180.5 s | grupo 1/6 | 224518949 nodos | revisado 0.736%, faltan ~6.6 h [interior primero 0.736%, reinicios, interior primero 8.68e-03%, reinicios, menos opciones 0.071%] (Knuth: ~72 días) | máximo colocado 56 de 64 | hilos 4 de 12
    ... 182.5 s | grupo 1/6 | 227038353 nodos | revisado 0.736%, faltan ~6.7 h [interior primero 0.736%, reinicios, interior primero 8.69e-03%, reinicios, menos opciones 0.071%] (Knuth: ~72 días) | máximo colocado 56 de 64 | hilos 4 de 12
    ... 184.5 s | grupo 1/6 | 229559588 nodos | revisado 0.736%, faltan ~6.8 h [interior primero 0.736%, reinicios, interior primero 8.71e-03%, reinicios, menos opciones 0.071%] (Knuth: ~72 días) | máximo colocado 56 de 64 | hilos 4 de 12
    ... 186.6 s | grupo 1/6 | 232128081 nodos | revisado 0.736%, faltan ~6.9 h [interior primero 0.736%, reinicios, interior primero 9.38e-03%, reinicios, menos opciones 0.071%] (Knuth: ~72 días) | máximo colocado 56 de 64 | hilos 4 de 12
    ... 188.6 s | grupo 1/6 | 234680479 nodos | revisado 0.736%, faltan ~6.9 h [interior primero 0.736%, reinicios, interior primero 9.67e-03%, reinicios, menos opciones 0.072%] (Knuth: ~72 días) | máximo colocado 56 de 64 | hilos 4 de 12
    ... 190.6 s | grupo 1/6 | 237209162 nodos | revisado 0.736%, faltan ~7.0 h [interior primero 0.736%, reinicios, interior primero 9.77e-03%, reinicios, menos opciones 0.072%] (Knuth: ~72 días) | máximo colocado 56 de 64 | hilos 4 de 12
    ... 192.6 s | grupo 1/6 | 239784586 nodos | revisado 0.736%, faltan ~7.1 h [interior primero 0.736%, reinicios, interior primero 9.79e-03%, reinicios, menos opciones 0.106%] (Knuth: ~72 días) | máximo colocado 56 de 64 | hilos 4 de 12
    ... 194.6 s | grupo 1/6 | 242295606 nodos | revisado 0.736%, faltan ~7.2 h [interior primero 0.736%, reinicios, interior primero 9.80e-03%, reinicios, menos opciones 0.106%] (Knuth: ~72 días) | máximo colocado 56 de 64 | hilos 4 de 12
    ... 196.6 s | grupo 1/6 | 244823752 nodos | revisado 0.736%, faltan ~7.2 h [interior primero 0.736%, reinicios, interior primero 9.82e-03%, reinicios, menos opciones 0.106%] (Knuth: ~72 días) | máximo colocado 56 de 64 | hilos 4 de 12
    ... 198.6 s | grupo 1/6 | 247385093 nodos | revisado 0.736%, faltan ~7.3 h [interior primero 0.736%, reinicios, interior primero 9.83e-03%, reinicios, menos opciones 0.106%] (Knuth: ~72 días) | máximo colocado 56 de 64 | hilos 4 de 12
    ... 200.6 s | grupo 1/6 | 249929514 nodos | revisado 0.736%, faltan ~7.4 h [interior primero 0.736%, reinicios, interior primero 9.88e-03%, reinicios, menos opciones 0.106%] (Knuth: ~72 días) | máximo colocado 56 de 64 | hilos 4 de 12
    ... 202.6 s | grupo 1/6 | 252475105 nodos | revisado 0.736%, faltan ~7.5 h [interior primero 0.736%, reinicios, interior primero 9.89e-03%, reinicios, menos opciones 0.106%] (Knuth: ~72 días) | máximo colocado 56 de 64 | hilos 4 de 12
    ... 204.6 s | grupo 1/6 | 255039069 nodos | revisado 0.736%, faltan ~7.5 h [interior primero 0.736%, reinicios, interior primero 9.91e-03%, reinicios, menos opciones 0.118%] (Knuth: ~72 días) | máximo colocado 56 de 64 | hilos 4 de 12
    ... 206.6 s | grupo 1/6 | 257591404 nodos | revisado 0.736%, faltan ~7.6 h [interior primero 0.736%, reinicios, interior primero 9.93e-03%, reinicios, menos opciones 0.119%] (Knuth: ~72 días) | máximo colocado 56 de 64 | hilos 4 de 12
    ... 208.6 s | grupo 1/6 | 260162004 nodos | revisado 0.736%, faltan ~7.7 h [interior primero 0.736%, reinicios, interior primero 9.94e-03%, reinicios, menos opciones 0.125%] (Knuth: ~72 días) | máximo colocado 56 de 64 | hilos 4 de 12
    ... 210.7 s | grupo 1/6 | 262727620 nodos | revisado 0.736%, faltan ~7.8 h [interior primero 0.736%, reinicios, interior primero 9.95e-03%, reinicios, menos opciones 0.125%] (Knuth: ~72 días) | máximo colocado 56 de 64 | hilos 4 de 12
    ... 212.7 s | grupo 1/6 | 265306923 nodos | revisado 0.736%, faltan ~7.8 h [interior primero 0.736%, reinicios, interior primero 9.96e-03%, reinicios, menos opciones 0.125%] (Knuth: ~72 días) | máximo colocado 56 de 64 | hilos 4 de 12
    ... 214.7 s | grupo 1/6 | 267923765 nodos | revisado 0.736%, faltan ~7.9 h [interior primero 0.736%, reinicios, interior primero 9.98e-03%, reinicios, menos opciones 0.126%] (Knuth: ~72 días) | máximo colocado 56 de 64 | hilos 4 de 12
    ... 216.7 s | grupo 1/6 | 270525450 nodos | revisado 0.736%, faltan ~8.0 h [interior primero 0.736%, reinicios, interior primero 9.98e-03%, reinicios, menos opciones 0.126%] (Knuth: ~72 días) | máximo colocado 56 de 64 | hilos 4 de 12
    ... 218.7 s | grupo 1/6 | 273122472 nodos | revisado 0.736%, faltan ~8.1 h [interior primero 0.736%, reinicios, interior primero 0.010%, reinicios, menos opciones 0.126%] (Knuth: ~72 días) | máximo colocado 56 de 64 | hilos 4 de 12
    ... 220.7 s | grupo 1/6 | 275683842 nodos | revisado 0.736%, faltan ~8.1 h [interior primero 0.736%, reinicios, interior primero 0.010%, reinicios, menos opciones 0.126%] (Knuth: ~72 días) | máximo colocado 56 de 64 | hilos 4 de 12
    ... 222.7 s | grupo 1/6 | 278258552 nodos | revisado 0.736%, faltan ~8.2 h [interior primero 0.736%, reinicios, interior primero 0.010%, reinicios, menos opciones 0.126%] (Knuth: ~72 días) | máximo colocado 56 de 64 | hilos 4 de 12
    ... 224.7 s | grupo 1/6 | 280739057 nodos | revisado 0.736%, faltan ~8.3 h [interior primero 0.736%, reinicios, interior primero 0.010%, reinicios, menos opciones 0.126%] (Knuth: ~72 días) | máximo colocado 56 de 64 | hilos 4 de 12
    ... 226.7 s | grupo 1/6 | 283310916 nodos | revisado 0.736%, faltan ~8.4 h [interior primero 0.736%, reinicios, interior primero 0.010%, reinicios, menos opciones 0.127%] (Knuth: ~72 días) | máximo colocado 56 de 64 | hilos 4 de 12
    ... 228.7 s | grupo 1/6 | 285887369 nodos | revisado 0.736%, faltan ~8.4 h [interior primero 0.736%, reinicios, interior primero 0.010%, reinicios, menos opciones 0.127%] (Knuth: ~72 días) | máximo colocado 56 de 64 | hilos 4 de 12
    ... 230.8 s | grupo 1/6 | 288438713 nodos | revisado 0.736%, faltan ~8.5 h [interior primero 0.736%, reinicios, interior primero 0.010%, reinicios, menos opciones 0.127%] (Knuth: ~72 días) | máximo colocado 56 de 64 | hilos 4 de 12
    ... 232.8 s | grupo 1/6 | 290998056 nodos | revisado 0.736%, faltan ~8.6 h [interior primero 0.736%, reinicios, interior primero 0.011%, reinicios, menos opciones 0.127%] (Knuth: ~72 días) | máximo colocado 56 de 64 | hilos 4 de 12
    ... 234.8 s | grupo 1/6 | 293564459 nodos | revisado 0.736%, faltan ~8.7 h [interior primero 0.736%, reinicios, interior primero 0.011%, reinicios, menos opciones 0.127%] (Knuth: ~72 días) | máximo colocado 56 de 64 | hilos 4 de 12
    ... 236.8 s | grupo 1/6 | 296122309 nodos | revisado 0.736%, faltan ~8.7 h [interior primero 0.736%, reinicios, interior primero 0.011%, reinicios, menos opciones 0.132%] (Knuth: ~72 días) | máximo colocado 56 de 64 | hilos 4 de 12
    ... 238.8 s | grupo 1/6 | 298704942 nodos | revisado 0.736%, faltan ~8.8 h [interior primero 0.736%, reinicios, interior primero 0.011%, reinicios, menos opciones 0.133%] (Knuth: ~72 días) | máximo colocado 56 de 64 | hilos 4 de 12
    ... 240.8 s | grupo 1/6 | 301278170 nodos | revisado 0.736%, faltan ~8.9 h [interior primero 0.736%, reinicios, interior primero 0.011%, reinicios, menos opciones 0.133%] (Knuth: ~72 días) | máximo colocado 56 de 64 | hilos 4 de 12
    ... 242.8 s | grupo 1/6 | 303879572 nodos | revisado 0.736%, faltan ~9.0 h [interior primero 0.736%, reinicios, interior primero 0.011%, reinicios, menos opciones 0.133%] (Knuth: ~72 días) | máximo colocado 56 de 64 | hilos 4 de 12
    ... 244.8 s | grupo 1/6 | 306461932 nodos | revisado 0.736%, faltan ~9.0 h [interior primero 0.736%, reinicios, interior primero 0.011%, reinicios, menos opciones 0.133%] (Knuth: ~72 días) | máximo colocado 56 de 64 | hilos 4 de 12
    ... 246.8 s | grupo 1/6 | 309064971 nodos | revisado 0.736%, faltan ~9.1 h [interior primero 0.736%, reinicios, interior primero 0.011%, reinicios, menos opciones 0.133%] (Knuth: ~72 días) | máximo colocado 56 de 64 | hilos 4 de 12
    ... 248.8 s | grupo 1/6 | 311628426 nodos | revisado 0.736%, faltan ~9.2 h [interior primero 0.736%, reinicios, interior primero 0.011%, reinicios, menos opciones 0.133%] (Knuth: ~72 días) | máximo colocado 56 de 64 | hilos 4 de 12
    ... 250.8 s | grupo 1/6 | 314149451 nodos | revisado 0.736%, faltan ~9.3 h [interior primero 0.736%, reinicios, interior primero 0.011%, reinicios, menos opciones 0.133%] (Knuth: ~72 días) | máximo colocado 56 de 64 | hilos 4 de 12
    ... 252.8 s | grupo 1/6 | 316661002 nodos | revisado 0.736%, faltan ~9.3 h [interior primero 0.736%, reinicios, interior primero 0.011%, reinicios, menos opciones 0.133%] (Knuth: ~72 días) | máximo colocado 56 de 64 | hilos 4 de 12
    ... 254.8 s | grupo 1/6 | 319146424 nodos | revisado 0.736%, faltan ~9.4 h [interior primero 0.736%, reinicios, interior primero 0.011%, reinicios, menos opciones 0.133%] (Knuth: ~72 días) | máximo colocado 56 de 64 | hilos 4 de 12
    ... 256.9 s | grupo 1/6 | 321652481 nodos | revisado 0.736%, faltan ~9.5 h [interior primero 0.736%, reinicios, interior primero 0.011%, reinicios, menos opciones 0.133%] (Knuth: ~72 días) | máximo colocado 56 de 64 | hilos 4 de 12
    ... 258.9 s | grupo 1/6 | 324184268 nodos | revisado 0.736%, faltan ~9.6 h [interior primero 0.736%, reinicios, interior primero 0.011%, reinicios, menos opciones 0.133%] (Knuth: ~72 días) | máximo colocado 56 de 64 | hilos 4 de 12
    ... 260.9 s | grupo 1/6 | 326692079 nodos | revisado 0.736%, faltan ~9.6 h [interior primero 0.736%, reinicios, interior primero 0.011%, reinicios, menos opciones 0.133%] (Knuth: ~72 días) | máximo colocado 56 de 64 | hilos 4 de 12
    ... 262.9 s | grupo 1/6 | 329231441 nodos | revisado 0.736%, faltan ~9.7 h [interior primero 0.736%, reinicios, interior primero 0.011%, reinicios, menos opciones 0.133%] (Knuth: ~72 días) | máximo colocado 56 de 64 | hilos 4 de 12
    ... 264.9 s | grupo 1/6 | 331766906 nodos | revisado 0.736%, faltan ~9.8 h [interior primero 0.736%, reinicios, interior primero 0.011%, reinicios, menos opciones 0.133%] (Knuth: ~72 días) | máximo colocado 56 de 64 | hilos 4 de 12
    ... 266.9 s | grupo 1/6 | 334297883 nodos | revisado 0.736%, faltan ~9.9 h [interior primero 0.736%, reinicios, interior primero 0.011%, reinicios, menos opciones 0.133%] (Knuth: ~72 días) | máximo colocado 56 de 64 | hilos 4 de 12
    ... 268.9 s | grupo 1/6 | 336823219 nodos | revisado 0.736%, faltan ~9.9 h [interior primero 0.736%, reinicios, interior primero 0.011%, reinicios, menos opciones 0.134%] (Knuth: ~72 días) | máximo colocado 56 de 64 | hilos 4 de 12
    ... 270.9 s | grupo 1/6 | 339378984 nodos | revisado 0.736%, faltan ~10.0 h [interior primero 0.736%, reinicios, interior primero 0.011%, reinicios, menos opciones 0.134%] (Knuth: ~72 días) | máximo colocado 56 de 64 | hilos 4 de 12
    ... 272.9 s | grupo 1/6 | 341941682 nodos | revisado 0.736%, faltan ~10.1 h [interior primero 0.736%, reinicios, interior primero 0.011%, reinicios, menos opciones 0.134%] (Knuth: ~72 días) | máximo colocado 56 de 64 | hilos 4 de 12
    ... 274.9 s | grupo 1/6 | 344477452 nodos | revisado 0.736%, faltan ~10.2 h [interior primero 0.736%, reinicios, interior primero 0.012%, reinicios, menos opciones 0.134%] (Knuth: ~72 días) | máximo colocado 56 de 64 | hilos 4 de 12
    ... 276.9 s | grupo 1/6 | 347039589 nodos | revisado 0.736%, faltan ~10.2 h [interior primero 0.736%, reinicios, interior primero 0.012%, reinicios, menos opciones 0.201%] (Knuth: ~72 días) | máximo colocado 56 de 64 | hilos 4 de 12
    ... 278.9 s | grupo 1/6 | 349624036 nodos | revisado 0.736%, faltan ~10.3 h [interior primero 0.736%, reinicios, interior primero 0.012%, reinicios, menos opciones 0.201%] (Knuth: ~72 días) | máximo colocado 56 de 64 | hilos 4 de 12
    ... 280.9 s | grupo 1/6 | 352177851 nodos | revisado 0.736%, faltan ~10.4 h [interior primero 0.736%, reinicios, interior primero 0.012%, reinicios, menos opciones 0.201%] (Knuth: ~72 días) | máximo colocado 56 de 64 | hilos 4 de 12
    ... 282.9 s | grupo 1/6 | 354730651 nodos | revisado 0.736%, faltan ~10.5 h [interior primero 0.736%, reinicios, interior primero 0.012%, reinicios, menos opciones 0.204%] (Knuth: ~72 días) | máximo colocado 56 de 64 | hilos 4 de 12
    ... 284.9 s | grupo 1/6 | 357273181 nodos | revisado 0.736%, faltan ~10.5 h [interior primero 0.736%, reinicios, interior primero 0.012%, reinicios, menos opciones 0.204%] (Knuth: ~72 días) | máximo colocado 56 de 64 | hilos 4 de 12
    ... 287.0 s | grupo 1/6 | 359845887 nodos | revisado 0.736%, faltan ~10.6 h [interior primero 0.736%, reinicios, interior primero 0.012%, reinicios, menos opciones 0.210%] (Knuth: ~72 días) | máximo colocado 56 de 64 | hilos 4 de 12
    ... 289.0 s | grupo 1/6 | 362434058 nodos | revisado 0.736%, faltan ~10.7 h [interior primero 0.736%, reinicios, interior primero 0.012%, reinicios, menos opciones 0.210%] (Knuth: ~72 días) | máximo colocado 56 de 64 | hilos 4 de 12
    ... 291.0 s | grupo 1/6 | 365026549 nodos | revisado 0.736%, faltan ~10.8 h [interior primero 0.736%, reinicios, interior primero 0.012%, reinicios, menos opciones 0.210%] (Knuth: ~72 días) | máximo colocado 56 de 64 | hilos 4 de 12
    ... 293.0 s | grupo 1/6 | 367621507 nodos | revisado 0.736%, faltan ~10.8 h [interior primero 0.736%, reinicios, interior primero 0.012%, reinicios, menos opciones 0.210%] (Knuth: ~72 días) | máximo colocado 56 de 64 | hilos 4 de 12
    ... 295.0 s | grupo 1/6 | 370239529 nodos | revisado 0.736%, faltan ~10.9 h [interior primero 0.736%, reinicios, interior primero 0.012%, reinicios, menos opciones 0.210%] (Knuth: ~72 días) | máximo colocado 56 de 64 | hilos 4 de 12
    ... 297.0 s | grupo 1/6 | 372841444 nodos | revisado 0.736%, faltan ~11.0 h [interior primero 0.736%, reinicios, interior primero 0.012%, reinicios, menos opciones 0.210%] (Knuth: ~72 días) | máximo colocado 56 de 64 | hilos 4 de 12
    ... 299.0 s | grupo 1/6 | 375489315 nodos | revisado 0.736%, faltan ~11.1 h [interior primero 0.736%, reinicios, interior primero 0.012%, reinicios, menos opciones 0.210%] (Knuth: ~72 días) | máximo colocado 56 de 64 | hilos 4 de 12
[4] Grupo 1: cortado por límite de tiempo
[5] Tiempo total: 5 min
RESULTADO resuelto=0 ms=300009.7 marcos=0 nodos=376797184 grupos=1/6 hilos=12 t_marcos=0.000 t_interior=296.360 lados=0 unificado=1 max_colocadas=56 motivo=limite
