[0] Tablero 8x8, 10 colores, 12 hilos
[1] Esquina fija (2,1). 6 grupos, orden por coste: 2.63e+25 2.63e+25 2.63e+25 2.63e+25 2.63e+25 2.63e+25
    grupo 1, orden menos opciones: estimado 4.15e+12 nodos
    grupo 1, orden interior primero: estimado 1.46e+11 nodos
    grupo 2, orden menos opciones: estimado 2.58e+12 nodos
    grupo 2, orden interior primero: estimado 1.53e+11 nodos
    grupo 3, orden menos opciones: estimado 3.8e+12 nodos
    grupo 3, orden interior primero: estimado 3.89e+11 nodos
    grupo 4, orden menos opciones: estimado 4.43e+12 nodos
    grupo 4, orden interior primero: estimado 1.45e+11 nodos
    grupo 5, orden menos opciones: estimado 3.42e+12 nodos
    grupo 5, orden interior primero: estimado 1.3e+11 nodos
    grupo 6, orden menos opciones: estimado 2.71e+12 nodos
    grupo 6, orden interior primero: estimado 3.04e+11 nodos
[1] Estimado de Knuth por grupo (nodos): 1.46e+11(i) 1.53e+11(i) 3.89e+11(i) 1.45e+11(i) 1.3e+11(i) 3.04e+11(i)   (i) = interior primero
[2] Grupo 1/6: ruta unificada (mapas por lado), orden: PORTAFOLIO (mitad de los hilos con cada orden)
    ... 5.7 s | grupo 1/6 | 2350349 nodos | revisado 5.0%, faltan ~38 s [interior primero 5.0%, reinicios, interior primero 4.57e-03%, reinicios, menos opciones 1.47e-03%] (Knuth: ~34.7 h) | máximo colocado 49 de 64 | hilos 4 de 12
    ... 7.7 s | grupo 1/6 | 4695604 nodos | revisado 5.0%, faltan ~77 s [interior primero 5.0%, reinicios, interior primero 9.55e-03%, reinicios, menos opciones 3.50e-03%] (Knuth: ~34.8 h) | máximo colocado 49 de 64 | hilos 4 de 12
    ... 9.7 s | grupo 1/6 | 7074799 nodos | revisado 5.0%, faltan ~115 s [interior primero 5.0%, reinicios, interior primero 0.011%, reinicios, menos opciones 6.89e-03%] (Knuth: ~34.5 h) | máximo colocado 51 de 64 | hilos 4 de 12
    ... 11.7 s | grupo 1/6 | 9452351 nodos | revisado 5.0%, faltan ~3 min [interior primero 5.0%, reinicios, interior primero 0.012%, reinicios, menos opciones 7.19e-03%] (Knuth: ~34.5 h) | máximo colocado 53 de 64 | hilos 4 de 12
    ... 13.7 s | grupo 1/6 | 11836478 nodos | revisado 5.0%, faltan ~3 min [interior primero 5.0%, reinicios, interior primero 0.013%, reinicios, menos opciones 8.62e-03%] (Knuth: ~34.4 h) | máximo colocado 53 de 64 | hilos 4 de 12
    ... 15.7 s | grupo 1/6 | 14187872 nodos | revisado 5.0%, faltan ~4 min [interior primero 5.0%, reinicios, interior primero 0.015%, reinicios, menos opciones 9.05e-03%] (Knuth: ~34.4 h) | máximo colocado 53 de 64 | hilos 4 de 12
    ... 17.7 s | grupo 1/6 | 16555968 nodos | revisado 5.0%, faltan ~4 min [interior primero 5.0%, reinicios, interior primero 0.015%, reinicios, menos opciones 9.33e-03%] (Knuth: ~34.4 h) | máximo colocado 53 de 64 | hilos 4 de 12
    ... 19.7 s | grupo 1/6 | 18920134 nodos | revisado 5.0%, faltan ~5 min [interior primero 5.0%, reinicios, interior primero 0.016%, reinicios, menos opciones 9.49e-03%] (Knuth: ~34.4 h) | máximo colocado 53 de 64 | hilos 4 de 12
    ... 21.7 s | grupo 1/6 | 21262062 nodos | revisado 5.0%, faltan ~6 min [interior primero 5.0%, reinicios, interior primero 0.019%, reinicios, menos opciones 0.011%] (Knuth: ~34.4 h) | máximo colocado 53 de 64 | hilos 4 de 12
    ... 23.7 s | grupo 1/6 | 23600609 nodos | revisado 5.0%, faltan ~6 min [interior primero 5.0%, reinicios, interior primero 0.020%, reinicios, menos opciones 0.013%] (Knuth: ~34.4 h) | máximo colocado 53 de 64 | hilos 4 de 12
    ... 25.8 s | grupo 1/6 | 25954667 nodos | revisado 5.0%, faltan ~7 min [interior primero 5.0%, reinicios, interior primero 0.021%, reinicios, menos opciones 0.015%] (Knuth: ~34.4 h) | máximo colocado 53 de 64 | hilos 4 de 12
    ... 27.8 s | grupo 1/6 | 28290036 nodos | revisado 5.0%, faltan ~8 min [interior primero 5.0%, reinicios, interior primero 0.022%, reinicios, menos opciones 0.016%] (Knuth: ~34.5 h) | máximo colocado 53 de 64 | hilos 4 de 12
    ... 29.8 s | grupo 1/6 | 30630638 nodos | revisado 5.0%, faltan ~8 min [interior primero 5.0%, reinicios, interior primero 0.023%, reinicios, menos opciones 0.020%] (Knuth: ~34.5 h) | máximo colocado 53 de 64 | hilos 4 de 12
    ... 31.8 s | grupo 1/6 | 33039142 nodos | revisado 5.0%, faltan ~9 min [interior primero 5.0%, reinicios, interior primero 0.024%, reinicios, menos opciones 0.023%] (Knuth: ~34.4 h) | máximo colocado 53 de 64 | hilos 4 de 12
    ... 33.8 s | grupo 1/6 | 35393979 nodos | revisado 5.0%, faltan ~10 min [interior primero 5.0%, reinicios, interior primero 0.025%, reinicios, menos opciones 0.023%] (Knuth: ~34.4 h) | máximo colocado 53 de 64 | hilos 4 de 12
    ... 35.8 s | grupo 1/6 | 37778602 nodos | revisado 5.0%, faltan ~10 min [interior primero 5.0%, reinicios, interior primero 0.027%, reinicios, menos opciones 0.024%] (Knuth: ~34.4 h) | máximo colocado 53 de 64 | hilos 4 de 12
    ... 37.8 s | grupo 1/6 | 40081538 nodos | revisado 5.0%, faltan ~11 min [interior primero 5.0%, reinicios, interior primero 0.028%, reinicios, menos opciones 0.030%] (Knuth: ~34.4 h) | máximo colocado 53 de 64 | hilos 4 de 12
    ... 39.8 s | grupo 1/6 | 42412709 nodos | revisado 5.0%, faltan ~11 min [interior primero 5.0%, reinicios, interior primero 0.030%, reinicios, menos opciones 0.031%] (Knuth: ~34.5 h) | máximo colocado 53 de 64 | hilos 4 de 12
    ... 41.8 s | grupo 1/6 | 44668783 nodos | revisado 5.0%, faltan ~12 min [interior primero 5.0%, reinicios, interior primero 0.031%, reinicios, menos opciones 0.033%] (Knuth: ~34.5 h) | máximo colocado 53 de 64 | hilos 4 de 12
    ... 43.8 s | grupo 1/6 | 47049176 nodos | revisado 5.0%, faltan ~13 min [interior primero 5.0%, reinicios, interior primero 0.032%, reinicios, menos opciones 0.034%] (Knuth: ~34.5 h) | máximo colocado 53 de 64 | hilos 4 de 12
    ... 45.8 s | grupo 1/6 | 49397026 nodos | revisado 5.0%, faltan ~13 min [interior primero 5.0%, reinicios, interior primero 0.033%, reinicios, menos opciones 0.034%] (Knuth: ~34.5 h) | máximo colocado 53 de 64 | hilos 4 de 12
    ... 47.8 s | grupo 1/6 | 51644719 nodos | revisado 5.0%, faltan ~14 min [interior primero 5.0%, reinicios, interior primero 0.035%, reinicios, menos opciones 0.035%] (Knuth: ~34.6 h) | máximo colocado 53 de 64 | hilos 4 de 12
    ... 49.9 s | grupo 1/6 | 53911045 nodos | revisado 5.0%, faltan ~15 min [interior primero 5.0%, reinicios, interior primero 0.037%, reinicios, menos opciones 0.037%] (Knuth: ~34.7 h) | máximo colocado 53 de 64 | hilos 4 de 12
    ... 51.9 s | grupo 1/6 | 56207235 nodos | revisado 5.0%, faltan ~15 min [interior primero 5.0%, reinicios, interior primero 0.040%, reinicios, menos opciones 0.039%] (Knuth: ~34.7 h) | máximo colocado 53 de 64 | hilos 4 de 12
    ... 53.9 s | grupo 1/6 | 58478209 nodos | revisado 5.0%, faltan ~16 min [interior primero 5.0%, reinicios, interior primero 0.041%, reinicios, menos opciones 0.039%] (Knuth: ~34.7 h) | máximo colocado 53 de 64 | hilos 4 de 12
    ... 55.9 s | grupo 1/6 | 60691987 nodos | revisado 5.0%, faltan ~17 min [interior primero 5.0%, reinicios, interior primero 0.042%, reinicios, menos opciones 0.042%] (Knuth: ~34.8 h) | máximo colocado 53 de 64 | hilos 4 de 12
    ... 57.9 s | grupo 1/6 | 63005375 nodos | revisado 5.0%, faltan ~17 min [interior primero 5.0%, reinicios, interior primero 0.052%, reinicios, menos opciones 0.044%] (Knuth: ~34.8 h) | máximo colocado 53 de 64 | hilos 4 de 12
    ... 60.0 s | grupo 1/6 | 65270950 nodos | revisado 5.0%, faltan ~18 min [interior primero 5.0%, reinicios, interior primero 0.053%, reinicios, menos opciones 0.047%] (Knuth: ~34.9 h) | máximo colocado 53 de 64 | hilos 4 de 12
    ... 62.0 s | grupo 1/6 | 67534432 nodos | revisado 5.0%, faltan ~18 min [interior primero 5.0%, reinicios, interior primero 0.055%, reinicios, menos opciones 0.052%] (Knuth: ~34.9 h) | máximo colocado 53 de 64 | hilos 4 de 12
    ... 64.0 s | grupo 1/6 | 69834987 nodos | revisado 5.0%, faltan ~19 min [interior primero 5.0%, reinicios, interior primero 0.060%, reinicios, menos opciones 0.054%] (Knuth: ~34.9 h) | máximo colocado 53 de 64 | hilos 4 de 12
    ... 66.0 s | grupo 1/6 | 72133152 nodos | revisado 5.0%, faltan ~20 min [interior primero 5.0%, reinicios, interior primero 0.061%, reinicios, menos opciones 0.055%] (Knuth: ~34.9 h) | máximo colocado 53 de 64 | hilos 4 de 12
    ... 68.0 s | grupo 1/6 | 74411927 nodos | revisado 5.0%, faltan ~20 min [interior primero 5.0%, reinicios, interior primero 0.063%, reinicios, menos opciones 0.060%] (Knuth: ~35.0 h) | máximo colocado 53 de 64 | hilos 4 de 12
    ... 70.0 s | grupo 1/6 | 76729425 nodos | revisado 5.0%, faltan ~21 min [interior primero 5.0%, reinicios, interior primero 0.063%, reinicios, menos opciones 0.061%] (Knuth: ~35.0 h) | máximo colocado 53 de 64 | hilos 4 de 12
    ... 72.0 s | grupo 1/6 | 79066317 nodos | revisado 5.0%, faltan ~22 min [interior primero 5.0%, reinicios, interior primero 0.068%, reinicios, menos opciones 0.061%] (Knuth: ~35.0 h) | máximo colocado 53 de 64 | hilos 4 de 12
    ... 74.0 s | grupo 1/6 | 81364974 nodos | revisado 5.0%, faltan ~22 min [interior primero 5.0%, reinicios, interior primero 0.068%, reinicios, menos opciones 0.061%] (Knuth: ~35.0 h) | máximo colocado 53 de 64 | hilos 4 de 12
    ... 76.0 s | grupo 1/6 | 83615778 nodos | revisado 5.0%, faltan ~23 min [interior primero 5.0%, reinicios, interior primero 0.069%, reinicios, menos opciones 0.062%] (Knuth: ~35.0 h) | máximo colocado 53 de 64 | hilos 4 de 12
    ... 78.0 s | grupo 1/6 | 85849060 nodos | revisado 5.0%, faltan ~24 min [interior primero 5.0%, reinicios, interior primero 0.072%, reinicios, menos opciones 0.064%] (Knuth: ~35.0 h) | máximo colocado 53 de 64 | hilos 4 de 12
    ... 80.0 s | grupo 1/6 | 88105018 nodos | revisado 5.0%, faltan ~24 min [interior primero 5.0%, reinicios, interior primero 0.074%, reinicios, menos opciones 0.064%] (Knuth: ~35.0 h) | máximo colocado 53 de 64 | hilos 4 de 12
    ... 82.0 s | grupo 1/6 | 90417160 nodos | revisado 5.0%, faltan ~25 min [interior primero 5.0%, reinicios, interior primero 0.076%, reinicios, menos opciones 0.065%] (Knuth: ~35.0 h) | máximo colocado 53 de 64 | hilos 4 de 12
    ... 84.1 s | grupo 1/6 | 92682400 nodos | revisado 5.0%, faltan ~25 min [interior primero 5.0%, reinicios, interior primero 0.076%, reinicios, menos opciones 0.065%] (Knuth: ~35.1 h) | máximo colocado 53 de 64 | hilos 4 de 12
    ... 86.1 s | grupo 1/6 | 94950836 nodos | revisado 5.0%, faltan ~26 min [interior primero 5.0%, reinicios, interior primero 0.077%, reinicios, menos opciones 0.065%] (Knuth: ~35.1 h) | máximo colocado 53 de 64 | hilos 4 de 12
    ... 88.1 s | grupo 1/6 | 97241011 nodos | revisado 5.0%, faltan ~27 min [interior primero 5.0%, reinicios, interior primero 0.078%, reinicios, menos opciones 0.065%] (Knuth: ~35.1 h) | máximo colocado 53 de 64 | hilos 4 de 12
    ... 90.1 s | grupo 1/6 | 99527931 nodos | revisado 5.0%, faltan ~27 min [interior primero 5.0%, reinicios, interior primero 0.078%, reinicios, menos opciones 0.065%] (Knuth: ~35.1 h) | máximo colocado 53 de 64 | hilos 4 de 12
    ... 92.1 s | grupo 1/6 | 101802138 nodos | revisado 5.0%, faltan ~28 min [interior primero 5.0%, reinicios, interior primero 0.079%, reinicios, menos opciones 0.067%] (Knuth: ~35.1 h) | máximo colocado 53 de 64 | hilos 4 de 12
    ... 94.1 s | grupo 1/6 | 104063876 nodos | revisado 5.0%, faltan ~29 min [interior primero 5.0%, reinicios, interior primero 0.081%, reinicios, menos opciones 0.067%] (Knuth: ~35.1 h) | máximo colocado 53 de 64 | hilos 4 de 12
    ... 96.1 s | grupo 1/6 | 106355584 nodos | revisado 5.0%, faltan ~29 min [interior primero 5.0%, reinicios, interior primero 0.085%, reinicios, menos opciones 0.067%] (Knuth: ~35.1 h) | máximo colocado 53 de 64 | hilos 4 de 12
    ... 98.1 s | grupo 1/6 | 108576740 nodos | revisado 5.0%, faltan ~30 min [interior primero 5.0%, reinicios, interior primero 0.088%, reinicios, menos opciones 0.068%] (Knuth: ~35.2 h) | máximo colocado 53 de 64 | hilos 4 de 12
    ... 100.1 s | grupo 1/6 | 110927788 nodos | revisado 5.0%, faltan ~31 min [interior primero 5.0%, reinicios, interior primero 0.089%, reinicios, menos opciones 0.069%] (Knuth: ~35.2 h) | máximo colocado 53 de 64 | hilos 4 de 12
    ... 102.1 s | grupo 1/6 | 113257693 nodos | revisado 5.0%, faltan ~31 min [interior primero 5.0%, reinicios, interior primero 0.091%, reinicios, menos opciones 0.071%] (Knuth: ~35.1 h) | máximo colocado 53 de 64 | hilos 4 de 12
    ... 104.2 s | grupo 1/6 | 115508828 nodos | revisado 5.0%, faltan ~32 min [interior primero 5.0%, reinicios, interior primero 0.092%, reinicios, menos opciones 0.072%] (Knuth: ~35.2 h) | máximo colocado 53 de 64 | hilos 4 de 12
    ... 106.2 s | grupo 1/6 | 117795325 nodos | revisado 5.0%, faltan ~32 min [interior primero 5.0%, reinicios, interior primero 0.093%, reinicios, menos opciones 0.073%] (Knuth: ~35.2 h) | máximo colocado 53 de 64 | hilos 4 de 12
    ... 108.2 s | grupo 1/6 | 120077667 nodos | revisado 5.0%, faltan ~33 min [interior primero 5.0%, reinicios, interior primero 0.093%, reinicios, menos opciones 0.073%] (Knuth: ~35.2 h) | máximo colocado 53 de 64 | hilos 4 de 12
    ... 110.2 s | grupo 1/6 | 122326789 nodos | revisado 5.0%, faltan ~34 min [interior primero 5.0%, reinicios, interior primero 0.094%, reinicios, menos opciones 0.076%] (Knuth: ~35.2 h) | máximo colocado 53 de 64 | hilos 4 de 12
    ... 112.2 s | grupo 1/6 | 124693506 nodos | revisado 5.0%, faltan ~34 min [interior primero 5.0%, reinicios, interior primero 0.096%, reinicios, menos opciones 0.082%] (Knuth: ~35.2 h) | máximo colocado 53 de 64 | hilos 4 de 12
    ... 114.2 s | grupo 1/6 | 126957127 nodos | revisado 5.0%, faltan ~35 min [interior primero 5.0%, reinicios, interior primero 0.097%, reinicios, menos opciones 0.095%] (Knuth: ~35.2 h) | máximo colocado 53 de 64 | hilos 4 de 12
    ... 116.2 s | grupo 1/6 | 129273406 nodos | revisado 5.0%, faltan ~36 min [interior primero 5.0%, reinicios, interior primero 0.098%, reinicios, menos opciones 0.097%] (Knuth: ~35.2 h) | máximo colocado 53 de 64 | hilos 4 de 12
    ... 118.2 s | grupo 1/6 | 131627829 nodos | revisado 5.0%, faltan ~36 min [interior primero 5.0%, reinicios, interior primero 0.099%, reinicios, menos opciones 0.098%] (Knuth: ~35.2 h) | máximo colocado 53 de 64 | hilos 4 de 12
    ... 120.2 s | grupo 1/6 | 133949663 nodos | revisado 5.0%, faltan ~37 min [interior primero 5.0%, reinicios, interior primero 0.102%, reinicios, menos opciones 0.098%] (Knuth: ~35.2 h) | máximo colocado 53 de 64 | hilos 4 de 12
    ... 122.2 s | grupo 1/6 | 136299887 nodos | revisado 5.0%, faltan ~37 min [interior primero 5.0%, reinicios, interior primero 0.103%, reinicios, menos opciones 0.099%] (Knuth: ~35.2 h) | máximo colocado 53 de 64 | hilos 4 de 12
    ... 124.2 s | grupo 1/6 | 138623853 nodos | revisado 5.0%, faltan ~38 min [interior primero 5.0%, reinicios, interior primero 0.103%, reinicios, menos opciones 0.099%] (Knuth: ~35.2 h) | máximo colocado 53 de 64 | hilos 4 de 12
    ... 126.2 s | grupo 1/6 | 140935808 nodos | revisado 5.0%, faltan ~39 min [interior primero 5.0%, reinicios, interior primero 0.103%, reinicios, menos opciones 0.103%] (Knuth: ~35.1 h) | máximo colocado 53 de 64 | hilos 4 de 12
    ... 128.3 s | grupo 1/6 | 143197945 nodos | revisado 5.0%, faltan ~39 min [interior primero 5.0%, reinicios, interior primero 0.104%, reinicios, menos opciones 0.104%] (Knuth: ~35.2 h) | máximo colocado 53 de 64 | hilos 4 de 12
    ... 130.3 s | grupo 1/6 | 145480707 nodos | revisado 5.0%, faltan ~40 min [interior primero 5.0%, reinicios, interior primero 0.104%, reinicios, menos opciones 0.105%] (Knuth: ~35.2 h) | máximo colocado 53 de 64 | hilos 4 de 12
    ... 132.3 s | grupo 1/6 | 147742772 nodos | revisado 5.0%, faltan ~41 min [interior primero 5.0%, reinicios, interior primero 0.105%, reinicios, menos opciones 0.106%] (Knuth: ~35.2 h) | máximo colocado 53 de 64 | hilos 4 de 12
    ... 134.3 s | grupo 1/6 | 150025903 nodos | revisado 5.0%, faltan ~41 min [interior primero 5.0%, reinicios, interior primero 0.105%, reinicios, menos opciones 0.106%] (Knuth: ~35.2 h) | máximo colocado 53 de 64 | hilos 4 de 12
    ... 136.3 s | grupo 1/6 | 152285091 nodos | revisado 5.0%, faltan ~42 min [interior primero 5.0%, reinicios, interior primero 0.109%, reinicios, menos opciones 0.107%] (Knuth: ~35.2 h) | máximo colocado 53 de 64 | hilos 4 de 12
    ... 138.3 s | grupo 1/6 | 154544430 nodos | revisado 5.0%, faltan ~43 min [interior primero 5.0%, reinicios, interior primero 0.116%, reinicios, menos opciones 0.107%] (Knuth: ~35.2 h) | máximo colocado 53 de 64 | hilos 4 de 12
    ... 140.3 s | grupo 1/6 | 156819216 nodos | revisado 5.0%, faltan ~43 min [interior primero 5.0%, reinicios, interior primero 0.123%, reinicios, menos opciones 0.109%] (Knuth: ~35.2 h) | máximo colocado 53 de 64 | hilos 4 de 12
    ... 142.3 s | grupo 1/6 | 159068321 nodos | revisado 5.0%, faltan ~44 min [interior primero 5.0%, reinicios, interior primero 0.123%, reinicios, menos opciones 0.109%] (Knuth: ~35.2 h) | máximo colocado 53 de 64 | hilos 4 de 12
    ... 144.3 s | grupo 1/6 | 161262912 nodos | revisado 5.0%, faltan ~44 min [interior primero 5.0%, reinicios, interior primero 0.125%, reinicios, menos opciones 0.113%] (Knuth: ~35.2 h) | máximo colocado 53 de 64 | hilos 4 de 12
    ... 146.4 s | grupo 1/6 | 163529981 nodos | revisado 5.0%, faltan ~45 min [interior primero 5.0%, reinicios, interior primero 0.126%, reinicios, menos opciones 0.113%] (Knuth: ~35.3 h) | máximo colocado 53 de 64 | hilos 4 de 12
    ... 148.4 s | grupo 1/6 | 165697712 nodos | revisado 5.0%, faltan ~46 min [interior primero 5.0%, reinicios, interior primero 0.128%, reinicios, menos opciones 0.115%] (Knuth: ~35.3 h) | máximo colocado 53 de 64 | hilos 4 de 12
    ... 150.4 s | grupo 1/6 | 167935147 nodos | revisado 5.0%, faltan ~46 min [interior primero 5.0%, reinicios, interior primero 0.129%, reinicios, menos opciones 0.124%] (Knuth: ~35.3 h) | máximo colocado 53 de 64 | hilos 4 de 12
    ... 152.4 s | grupo 1/6 | 170208146 nodos | revisado 5.0%, faltan ~47 min [interior primero 5.0%, reinicios, interior primero 0.131%, reinicios, menos opciones 0.127%] (Knuth: ~35.3 h) | máximo colocado 53 de 64 | hilos 4 de 12
    ... 154.4 s | grupo 1/6 | 172481899 nodos | revisado 5.0%, faltan ~48 min [interior primero 5.0%, reinicios, interior primero 0.131%, reinicios, menos opciones 0.127%] (Knuth: ~35.3 h) | máximo colocado 53 de 64 | hilos 4 de 12
    ... 156.4 s | grupo 1/6 | 174768744 nodos | revisado 5.0%, faltan ~48 min [interior primero 5.0%, reinicios, interior primero 0.134%, reinicios, menos opciones 0.129%] (Knuth: ~35.3 h) | máximo colocado 53 de 64 | hilos 4 de 12
    ... 158.4 s | grupo 1/6 | 177055982 nodos | revisado 5.0%, faltan ~49 min [interior primero 5.0%, reinicios, interior primero 0.139%, reinicios, menos opciones 0.129%] (Knuth: ~35.3 h) | máximo colocado 53 de 64 | hilos 4 de 12
    ... 160.4 s | grupo 1/6 | 179334206 nodos | revisado 5.0%, faltan ~50 min [interior primero 5.0%, reinicios, interior primero 0.141%, reinicios, menos opciones 0.129%] (Knuth: ~35.3 h) | máximo colocado 53 de 64 | hilos 4 de 12
    ... 162.4 s | grupo 1/6 | 181625096 nodos | revisado 5.0%, faltan ~50 min [interior primero 5.0%, reinicios, interior primero 0.141%, reinicios, menos opciones 0.132%] (Knuth: ~35.3 h) | máximo colocado 53 de 64 | hilos 4 de 12
    ... 164.4 s | grupo 1/6 | 183882051 nodos | revisado 5.0%, faltan ~51 min [interior primero 5.0%, reinicios, interior primero 0.145%, reinicios, menos opciones 0.132%] (Knuth: ~35.3 h) | máximo colocado 53 de 64 | hilos 4 de 12
    ... 166.4 s | grupo 1/6 | 186205169 nodos | revisado 5.0%, faltan ~51 min [interior primero 5.0%, reinicios, interior primero 0.152%, reinicios, menos opciones 0.133%] (Knuth: ~35.3 h) | máximo colocado 53 de 64 | hilos 4 de 12
    ... 168.4 s | grupo 1/6 | 188489187 nodos | revisado 5.0%, faltan ~52 min [interior primero 5.0%, reinicios, interior primero 0.153%, reinicios, menos opciones 0.134%] (Knuth: ~35.3 h) | máximo colocado 53 de 64 | hilos 4 de 12
    ... 170.4 s | grupo 1/6 | 190814311 nodos | revisado 5.0%, faltan ~53 min [interior primero 5.0%, reinicios, interior primero 0.154%, reinicios, menos opciones 0.136%] (Knuth: ~35.3 h) | máximo colocado 53 de 64 | hilos 4 de 12
    ... 172.4 s | grupo 1/6 | 193131586 nodos | revisado 5.0%, faltan ~53 min [interior primero 5.0%, reinicios, interior primero 0.155%, reinicios, menos opciones 0.136%] (Knuth: ~35.3 h) | máximo colocado 53 de 64 | hilos 4 de 12
    ... 174.5 s | grupo 1/6 | 195459123 nodos | revisado 5.0%, faltan ~54 min [interior primero 5.0%, reinicios, interior primero 0.156%, reinicios, menos opciones 0.137%] (Knuth: ~35.3 h) | máximo colocado 53 de 64 | hilos 4 de 12
    ... 176.5 s | grupo 1/6 | 197835963 nodos | revisado 5.0%, faltan ~55 min [interior primero 5.0%, reinicios, interior primero 0.156%, reinicios, menos opciones 0.137%] (Knuth: ~35.3 h) | máximo colocado 53 de 64 | hilos 4 de 12
    ... 178.5 s | grupo 1/6 | 200219606 nodos | revisado 5.0%, faltan ~55 min [interior primero 5.0%, reinicios, interior primero 0.156%, reinicios, menos opciones 0.138%] (Knuth: ~35.3 h) | máximo colocado 53 de 64 | hilos 4 de 12
    ... 180.5 s | grupo 1/6 | 202594441 nodos | revisado 5.0%, faltan ~56 min [interior primero 5.0%, reinicios, interior primero 0.157%, reinicios, menos opciones 0.138%] (Knuth: ~35.3 h) | máximo colocado 53 de 64 | hilos 4 de 12
    ... 182.5 s | grupo 1/6 | 204941721 nodos | revisado 5.0%, faltan ~56 min [interior primero 5.0%, reinicios, interior primero 0.158%, reinicios, menos opciones 0.140%] (Knuth: ~35.2 h) | máximo colocado 53 de 64 | hilos 4 de 12
    ... 184.5 s | grupo 1/6 | 207275863 nodos | revisado 5.0%, faltan ~57 min [interior primero 5.0%, reinicios, interior primero 0.158%, reinicios, menos opciones 0.141%] (Knuth: ~35.2 h) | máximo colocado 53 de 64 | hilos 4 de 12
    ... 186.5 s | grupo 1/6 | 209619310 nodos | revisado 5.0%, faltan ~58 min [interior primero 5.0%, reinicios, interior primero 0.158%, reinicios, menos opciones 0.142%] (Knuth: ~35.2 h) | máximo colocado 53 de 64 | hilos 4 de 12
    ... 188.5 s | grupo 1/6 | 211982723 nodos | revisado 5.0%, faltan ~58 min [interior primero 5.0%, reinicios, interior primero 0.159%, reinicios, menos opciones 0.143%] (Knuth: ~35.2 h) | máximo colocado 53 de 64 | hilos 4 de 12
    ... 190.5 s | grupo 1/6 | 214305524 nodos | revisado 5.0%, faltan ~59 min [interior primero 5.0%, reinicios, interior primero 0.160%, reinicios, menos opciones 0.143%] (Knuth: ~35.2 h) | máximo colocado 53 de 64 | hilos 4 de 12
    ... 192.5 s | grupo 1/6 | 216631329 nodos | revisado 5.0%, faltan ~60 min [interior primero 5.0%, reinicios, interior primero 0.160%, reinicios, menos opciones 0.144%] (Knuth: ~35.2 h) | máximo colocado 53 de 64 | hilos 4 de 12
    ... 194.5 s | grupo 1/6 | 218989596 nodos | revisado 5.0%, faltan ~60 min [interior primero 5.0%, reinicios, interior primero 0.161%, reinicios, menos opciones 0.144%] (Knuth: ~35.2 h) | máximo colocado 53 de 64 | hilos 4 de 12
    ... 196.5 s | grupo 1/6 | 221388040 nodos | revisado 5.0%, faltan ~61 min [interior primero 5.0%, reinicios, interior primero 0.161%, reinicios, menos opciones 0.144%] (Knuth: ~35.2 h) | máximo colocado 53 de 64 | hilos 4 de 12
    ... 198.5 s | grupo 1/6 | 223768508 nodos | revisado 5.0%, faltan ~62 min [interior primero 5.0%, reinicios, interior primero 0.161%, reinicios, menos opciones 0.144%] (Knuth: ~35.2 h) | máximo colocado 53 de 64 | hilos 4 de 12
    ... 200.5 s | grupo 1/6 | 226136707 nodos | revisado 5.0%, faltan ~62 min [interior primero 5.0%, reinicios, interior primero 0.162%, reinicios, menos opciones 0.144%] (Knuth: ~35.2 h) | máximo colocado 53 de 64 | hilos 4 de 12
    ... 202.5 s | grupo 1/6 | 228510608 nodos | revisado 5.0%, faltan ~63 min [interior primero 5.0%, reinicios, interior primero 0.163%, reinicios, menos opciones 0.145%] (Knuth: ~35.1 h) | máximo colocado 53 de 64 | hilos 4 de 12
    ... 204.6 s | grupo 1/6 | 230879316 nodos | revisado 5.0%, faltan ~63 min [interior primero 5.0%, reinicios, interior primero 0.164%, reinicios, menos opciones 0.147%] (Knuth: ~35.1 h) | máximo colocado 53 de 64 | hilos 4 de 12
    ... 206.6 s | grupo 1/6 | 233269267 nodos | revisado 5.0%, faltan ~64 min [interior primero 5.0%, reinicios, interior primero 0.165%, reinicios, menos opciones 0.148%] (Knuth: ~35.1 h) | máximo colocado 53 de 64 | hilos 4 de 12
    ... 208.6 s | grupo 1/6 | 235635689 nodos | revisado 5.0%, faltan ~65 min [interior primero 5.0%, reinicios, interior primero 0.166%, reinicios, menos opciones 0.150%] (Knuth: ~35.1 h) | máximo colocado 53 de 64 | hilos 4 de 12
    ... 210.6 s | grupo 1/6 | 237971238 nodos | revisado 5.0%, faltan ~65 min [interior primero 5.0%, reinicios, interior primero 0.169%, reinicios, menos opciones 0.150%] (Knuth: ~35.1 h) | máximo colocado 53 de 64 | hilos 4 de 12
    ... 212.6 s | grupo 1/6 | 240340038 nodos | revisado 5.0%, faltan ~66 min [interior primero 5.0%, reinicios, interior primero 0.169%, reinicios, menos opciones 0.152%] (Knuth: ~35.1 h) | máximo colocado 53 de 64 | hilos 4 de 12
    ... 214.6 s | grupo 1/6 | 242689771 nodos | revisado 5.0%, faltan ~67 min [interior primero 5.0%, reinicios, interior primero 0.170%, reinicios, menos opciones 0.152%] (Knuth: ~35.1 h) | máximo colocado 53 de 64 | hilos 4 de 12
    ... 216.6 s | grupo 1/6 | 245047490 nodos | revisado 5.0%, faltan ~67 min [interior primero 5.0%, reinicios, interior primero 0.172%, reinicios, menos opciones 0.153%] (Knuth: ~35.1 h) | máximo colocado 53 de 64 | hilos 4 de 12
    ... 218.6 s | grupo 1/6 | 247384425 nodos | revisado 5.0%, faltan ~68 min [interior primero 5.0%, reinicios, interior primero 0.172%, reinicios, menos opciones 0.154%] (Knuth: ~35.1 h) | máximo colocado 53 de 64 | hilos 4 de 12
    ... 220.6 s | grupo 1/6 | 249747084 nodos | revisado 5.0%, faltan ~68 min [interior primero 5.0%, reinicios, interior primero 0.173%, reinicios, menos opciones 0.154%] (Knuth: ~35.1 h) | máximo colocado 53 de 64 | hilos 4 de 12
    ... 222.6 s | grupo 1/6 | 252122069 nodos | revisado 5.0%, faltan ~69 min [interior primero 5.0%, reinicios, interior primero 0.173%, reinicios, menos opciones 0.156%] (Knuth: ~35.1 h) | máximo colocado 53 de 64 | hilos 4 de 12
    ... 224.6 s | grupo 1/6 | 254473248 nodos | revisado 5.0%, faltan ~70 min [interior primero 5.0%, reinicios, interior primero 0.175%, reinicios, menos opciones 0.158%] (Knuth: ~35.1 h) | máximo colocado 53 de 64 | hilos 4 de 12
    ... 226.6 s | grupo 1/6 | 256829916 nodos | revisado 5.0%, faltan ~70 min [interior primero 5.0%, reinicios, interior primero 0.176%, reinicios, menos opciones 0.158%] (Knuth: ~35.1 h) | máximo colocado 53 de 64 | hilos 4 de 12
    ... 228.6 s | grupo 1/6 | 259176015 nodos | revisado 5.0%, faltan ~71 min [interior primero 5.0%, reinicios, interior primero 0.177%, reinicios, menos opciones 0.158%] (Knuth: ~35.1 h) | máximo colocado 53 de 64 | hilos 4 de 12
    ... 230.7 s | grupo 1/6 | 261500769 nodos | revisado 5.0%, faltan ~72 min [interior primero 5.0%, reinicios, interior primero 0.178%, reinicios, menos opciones 0.159%] (Knuth: ~35.0 h) | máximo colocado 53 de 64 | hilos 4 de 12
    ... 232.7 s | grupo 1/6 | 263843686 nodos | revisado 5.0%, faltan ~72 min [interior primero 5.0%, reinicios, interior primero 0.180%, reinicios, menos opciones 0.160%] (Knuth: ~35.0 h) | máximo colocado 53 de 64 | hilos 4 de 12
    ... 234.7 s | grupo 1/6 | 266194417 nodos | revisado 5.0%, faltan ~73 min [interior primero 5.0%, reinicios, interior primero 0.181%, reinicios, menos opciones 0.161%] (Knuth: ~35.0 h) | máximo colocado 53 de 64 | hilos 4 de 12
    ... 236.7 s | grupo 1/6 | 268534551 nodos | revisado 5.0%, faltan ~74 min [interior primero 5.0%, reinicios, interior primero 0.181%, reinicios, menos opciones 0.162%] (Knuth: ~35.0 h) | máximo colocado 53 de 64 | hilos 4 de 12
    ... 238.7 s | grupo 1/6 | 270879928 nodos | revisado 5.0%, faltan ~74 min [interior primero 5.0%, reinicios, interior primero 0.182%, reinicios, menos opciones 0.164%] (Knuth: ~35.0 h) | máximo colocado 53 de 64 | hilos 4 de 12
    ... 240.7 s | grupo 1/6 | 273188477 nodos | revisado 5.0%, faltan ~75 min [interior primero 5.0%, reinicios, interior primero 0.183%, reinicios, menos opciones 0.164%] (Knuth: ~35.0 h) | máximo colocado 53 de 64 | hilos 4 de 12
    ... 242.7 s | grupo 1/6 | 275493312 nodos | revisado 5.0%, faltan ~75 min [interior primero 5.0%, reinicios, interior primero 0.184%, reinicios, menos opciones 0.165%] (Knuth: ~35.0 h) | máximo colocado 53 de 64 | hilos 4 de 12
    ... 244.7 s | grupo 1/6 | 277842344 nodos | revisado 5.0%, faltan ~76 min [interior primero 5.0%, reinicios, interior primero 0.185%, reinicios, menos opciones 0.166%] (Knuth: ~35.0 h) | máximo colocado 53 de 64 | hilos 4 de 12
    ... 246.7 s | grupo 1/6 | 280195410 nodos | revisado 5.0%, faltan ~77 min [interior primero 5.0%, reinicios, interior primero 0.186%, reinicios, menos opciones 0.167%] (Knuth: ~35.0 h) | máximo colocado 53 de 64 | hilos 4 de 12
    ... 248.7 s | grupo 1/6 | 282549297 nodos | revisado 5.0%, faltan ~77 min [interior primero 5.0%, reinicios, interior primero 0.187%, reinicios, menos opciones 0.168%] (Knuth: ~35.0 h) | máximo colocado 53 de 64 | hilos 4 de 12
    ... 250.8 s | grupo 1/6 | 284884793 nodos | revisado 5.0%, faltan ~78 min [interior primero 5.0%, reinicios, interior primero 0.188%, reinicios, menos opciones 0.169%] (Knuth: ~35.0 h) | máximo colocado 53 de 64 | hilos 4 de 12
    ... 252.8 s | grupo 1/6 | 287229364 nodos | revisado 5.0%, faltan ~79 min [interior primero 5.0%, reinicios, interior primero 0.202%, reinicios, menos opciones 0.170%] (Knuth: ~35.0 h) | máximo colocado 53 de 64 | hilos 4 de 12
    ... 254.8 s | grupo 1/6 | 289582130 nodos | revisado 5.0%, faltan ~79 min [interior primero 5.0%, reinicios, interior primero 0.202%, reinicios, menos opciones 0.172%] (Knuth: ~35.0 h) | máximo colocado 53 de 64 | hilos 4 de 12
    ... 256.8 s | grupo 1/6 | 291926071 nodos | revisado 5.0%, faltan ~80 min [interior primero 5.0%, reinicios, interior primero 0.204%, reinicios, menos opciones 0.173%] (Knuth: ~35.0 h) | máximo colocado 53 de 64 | hilos 4 de 12
    ... 258.8 s | grupo 1/6 | 294255254 nodos | revisado 5.0%, faltan ~80 min [interior primero 5.0%, reinicios, interior primero 0.206%, reinicios, menos opciones 0.173%] (Knuth: ~35.0 h) | máximo colocado 53 de 64 | hilos 4 de 12
    ... 260.8 s | grupo 1/6 | 296628845 nodos | revisado 5.0%, faltan ~81 min [interior primero 5.0%, reinicios, interior primero 0.207%, reinicios, menos opciones 0.174%] (Knuth: ~35.0 h) | máximo colocado 53 de 64 | hilos 4 de 12
    ... 262.8 s | grupo 1/6 | 299003106 nodos | revisado 5.0%, faltan ~82 min [interior primero 5.0%, reinicios, interior primero 0.209%, reinicios, menos opciones 0.175%] (Knuth: ~35.0 h) | máximo colocado 53 de 64 | hilos 4 de 12
    ... 264.8 s | grupo 1/6 | 301293611 nodos | revisado 5.0%, faltan ~82 min [interior primero 5.0%, reinicios, interior primero 0.209%, reinicios, menos opciones 0.175%] (Knuth: ~35.0 h) | máximo colocado 53 de 64 | hilos 4 de 12
    ... 266.9 s | grupo 1/6 | 303608600 nodos | revisado 5.0%, faltan ~83 min [interior primero 5.0%, reinicios, interior primero 0.210%, reinicios, menos opciones 0.177%] (Knuth: ~35.0 h) | máximo colocado 53 de 64 | hilos 4 de 12
    ... 268.9 s | grupo 1/6 | 305941978 nodos | revisado 5.0%, faltan ~84 min [interior primero 5.0%, reinicios, interior primero 0.211%, reinicios, menos opciones 0.185%] (Knuth: ~35.0 h) | máximo colocado 53 de 64 | hilos 4 de 12
    ... 270.9 s | grupo 1/6 | 308269337 nodos | revisado 5.0%, faltan ~84 min [interior primero 5.0%, reinicios, interior primero 0.213%, reinicios, menos opciones 0.186%] (Knuth: ~35.0 h) | máximo colocado 53 de 64 | hilos 4 de 12
    ... 272.9 s | grupo 1/6 | 310599220 nodos | revisado 5.0%, faltan ~85 min [interior primero 5.0%, reinicios, interior primero 0.213%, reinicios, menos opciones 0.187%] (Knuth: ~35.0 h) | máximo colocado 53 de 64 | hilos 4 de 12
    ... 274.9 s | grupo 1/6 | 312879352 nodos | revisado 5.0%, faltan ~86 min [interior primero 5.0%, reinicios, interior primero 0.214%, reinicios, menos opciones 0.188%] (Knuth: ~35.0 h) | máximo colocado 53 de 64 | hilos 4 de 12
    ... 276.9 s | grupo 1/6 | 315194423 nodos | revisado 5.0%, faltan ~86 min [interior primero 5.0%, reinicios, interior primero 0.215%, reinicios, menos opciones 0.188%] (Knuth: ~35.0 h) | máximo colocado 53 de 64 | hilos 4 de 12
    ... 278.9 s | grupo 1/6 | 317521693 nodos | revisado 5.0%, faltan ~87 min [interior primero 5.0%, reinicios, interior primero 0.217%, reinicios, menos opciones 0.188%] (Knuth: ~35.0 h) | máximo colocado 53 de 64 | hilos 4 de 12
    ... 281.0 s | grupo 1/6 | 319851937 nodos | revisado 5.0%, faltan ~87 min [interior primero 5.0%, reinicios, interior primero 0.218%, reinicios, menos opciones 0.188%] (Knuth: ~35.0 h) | máximo colocado 53 de 64 | hilos 4 de 12
    ... 283.0 s | grupo 1/6 | 322140239 nodos | revisado 5.0%, faltan ~88 min [interior primero 5.0%, reinicios, interior primero 0.220%, reinicios, menos opciones 0.189%] (Knuth: ~35.0 h) | máximo colocado 53 de 64 | hilos 4 de 12
    ... 285.0 s | grupo 1/6 | 324467984 nodos | revisado 5.0%, faltan ~89 min [interior primero 5.0%, reinicios, interior primero 0.220%, reinicios, menos opciones 0.190%] (Knuth: ~35.0 h) | máximo colocado 53 de 64 | hilos 4 de 12
    ... 287.0 s | grupo 1/6 | 326795825 nodos | revisado 5.0%, faltan ~89 min [interior primero 5.0%, reinicios, interior primero 0.222%, reinicios, menos opciones 0.192%] (Knuth: ~35.0 h) | máximo colocado 53 de 64 | hilos 4 de 12
    ... 289.0 s | grupo 1/6 | 329122979 nodos | revisado 5.0%, faltan ~90 min [interior primero 5.0%, reinicios, interior primero 0.225%, reinicios, menos opciones 0.193%] (Knuth: ~35.0 h) | máximo colocado 53 de 64 | hilos 4 de 12
    ... 291.0 s | grupo 1/6 | 331464602 nodos | revisado 5.0%, faltan ~91 min [interior primero 5.0%, reinicios, interior primero 0.227%, reinicios, menos opciones 0.193%] (Knuth: ~35.0 h) | máximo colocado 53 de 64 | hilos 4 de 12
    ... 293.0 s | grupo 1/6 | 333827785 nodos | revisado 5.0%, faltan ~91 min [interior primero 5.0%, reinicios, interior primero 0.229%, reinicios, menos opciones 0.194%] (Knuth: ~35.0 h) | máximo colocado 53 de 64 | hilos 4 de 12
    ... 295.0 s | grupo 1/6 | 336185706 nodos | revisado 5.0%, faltan ~92 min [interior primero 5.0%, reinicios, interior primero 0.231%, reinicios, menos opciones 0.195%] (Knuth: ~35.0 h) | máximo colocado 53 de 64 | hilos 4 de 12
    ... 297.0 s | grupo 1/6 | 338546230 nodos | revisado 5.0%, faltan ~92 min [interior primero 5.0%, reinicios, interior primero 0.232%, reinicios, menos opciones 0.196%] (Knuth: ~35.0 h) | máximo colocado 53 de 64 | hilos 4 de 12
    ... 299.0 s | grupo 1/6 | 340899140 nodos | revisado 5.0%, faltan ~93 min [interior primero 5.0%, reinicios, interior primero 0.234%, reinicios, menos opciones 0.196%] (Knuth: ~35.0 h) | máximo colocado 53 de 64 | hilos 4 de 12
[4] Grupo 1: cortado por límite de tiempo
[5] Tiempo total: 5 min
RESULTADO resuelto=0 ms=300022.9 marcos=0 nodos=342021120 grupos=1/6 hilos=12 t_marcos=0.000 t_interior=296.376 lados=0 unificado=1 max_colocadas=53 motivo=limite
