[0] Tablero 8x8, 10 colores, 12 hilos
[1] Esquina fija (1,1). 6 grupos, orden por coste: 1.36e+20 1.36e+20 1.36e+20 1.36e+20 1.36e+20 1.36e+20
    grupo 1, orden menos opciones: estimado 2.88e+12 nodos
    grupo 1, orden interior primero: estimado 1.38e+12 nodos
    grupo 2, orden menos opciones: estimado 1.17e+13 nodos
    grupo 2, orden interior primero: estimado 2.39e+12 nodos
    grupo 3, orden menos opciones: estimado 5.74e+12 nodos
    grupo 3, orden interior primero: estimado 1.11e+12 nodos
    grupo 4, orden menos opciones: estimado 1.07e+13 nodos
    grupo 4, orden interior primero: estimado 9.2e+11 nodos
    grupo 5, orden menos opciones: estimado 1.1e+13 nodos
    grupo 5, orden interior primero: estimado 1.96e+12 nodos
    grupo 6, orden menos opciones: estimado 1.29e+13 nodos
    grupo 6, orden interior primero: estimado 1.47e+12 nodos
[1] Estimado de Knuth por grupo (nodos): 2.88e+12 2.39e+12(i) 1.11e+12(i) 9.2e+11(i) 1.96e+12(i) 1.47e+12(i)   (i) = interior primero
[2] Grupo 1/6: ruta unificada (mapas por lado), orden: casilla con menos opciones
    ... 5.7 s | grupo 1/6 | 1702551 nodos | revisado 3.58e-06%, faltan ~649 días (Knuth: ~39 días) | máximo colocado 49 de 64 | hilos 12 de 12
    ... 7.7 s | grupo 1/6 | 3415997 nodos | revisado 1.03e-05%, faltan ~453 días (Knuth: ~39 días) | máximo colocado 49 de 64 | hilos 12 de 12
    ... 9.7 s | grupo 1/6 | 5125109 nodos | revisado 1.92e-05%, faltan ~363 días (Knuth: ~39 días) | máximo colocado 51 de 64 | hilos 12 de 12
    ... 11.7 s | grupo 1/6 | 6838653 nodos | revisado 2.93e-05%, faltan ~317 días (Knuth: ~39 días) | máximo colocado 51 de 64 | hilos 12 de 12
    ... 13.7 s | grupo 1/6 | 8551960 nodos | revisado 4.42e-05%, faltan ~263 días (Knuth: ~39 días) | máximo colocado 51 de 64 | hilos 12 de 12
    ... 15.7 s | grupo 1/6 | 10237056 nodos | revisado 5.17e-05%, faltan ~269 días (Knuth: ~39 días) | máximo colocado 51 de 64 | hilos 12 de 12
    ... 17.7 s | grupo 1/6 | 11930122 nodos | revisado 6.08e-05%, faltan ~267 días (Knuth: ~39 días) | máximo colocado 51 de 64 | hilos 12 de 12
    ... 19.7 s | grupo 1/6 | 13638532 nodos | revisado 7.06e-05%, faltan ~264 días (Knuth: ~39 días) | máximo colocado 51 de 64 | hilos 12 de 12
    ... 21.7 s | grupo 1/6 | 15343523 nodos | revisado 7.89e-05%, faltan ~265 días (Knuth: ~39 días) | máximo colocado 51 de 64 | hilos 12 de 12
    ... 23.7 s | grupo 1/6 | 17037356 nodos | revisado 8.63e-05%, faltan ~269 días (Knuth: ~39 días) | máximo colocado 51 de 64 | hilos 12 de 12
    ... 25.7 s | grupo 1/6 | 18738512 nodos | revisado 1.03e-04%, faltan ~249 días (Knuth: ~39 días) | máximo colocado 51 de 64 | hilos 12 de 12
    ... 27.7 s | grupo 1/6 | 20454104 nodos | revisado 1.14e-04%, faltan ~245 días (Knuth: ~39 días) | máximo colocado 51 de 64 | hilos 12 de 12
    ... 29.7 s | grupo 1/6 | 22158552 nodos | revisado 1.26e-04%, faltan ~239 días (Knuth: ~39 días) | máximo colocado 51 de 64 | hilos 12 de 12
    ... 31.8 s | grupo 1/6 | 23879395 nodos | revisado 1.53e-04%, faltan ~212 días (Knuth: ~39 días) | máximo colocado 51 de 64 | hilos 12 de 12
    ... 33.8 s | grupo 1/6 | 25595156 nodos | revisado 1.66e-04%, faltan ~210 días (Knuth: ~39 días) | máximo colocado 51 de 64 | hilos 12 de 12
    ... 35.8 s | grupo 1/6 | 27301719 nodos | revisado 1.89e-04%, faltan ~197 días (Knuth: ~39 días) | máximo colocado 51 de 64 | hilos 12 de 12
    ... 37.8 s | grupo 1/6 | 28980871 nodos | revisado 2.01e-04%, faltan ~196 días (Knuth: ~39 días) | máximo colocado 51 de 64 | hilos 12 de 12
    ... 39.8 s | grupo 1/6 | 30679368 nodos | revisado 2.18e-04%, faltan ~192 días (Knuth: ~39 días) | máximo colocado 51 de 64 | hilos 12 de 12
    ... 41.8 s | grupo 1/6 | 32361791 nodos | revisado 2.35e-04%, faltan ~188 días (Knuth: ~39 días) | máximo colocado 51 de 64 | hilos 12 de 12
    ... 43.9 s | grupo 1/6 | 34042398 nodos | revisado 2.52e-04%, faltan ~185 días (Knuth: ~39 días) | máximo colocado 51 de 64 | hilos 12 de 12
    ... 45.9 s | grupo 1/6 | 35734666 nodos | revisado 2.68e-04%, faltan ~182 días (Knuth: ~39 días) | máximo colocado 51 de 64 | hilos 12 de 12
    ... 47.9 s | grupo 1/6 | 37440453 nodos | revisado 2.96e-04%, faltan ~173 días (Knuth: ~39 días) | máximo colocado 51 de 64 | hilos 12 de 12
    ... 49.9 s | grupo 1/6 | 39142244 nodos | revisado 3.09e-04%, faltan ~173 días (Knuth: ~39 días) | máximo colocado 51 de 64 | hilos 12 de 12
    ... 51.9 s | grupo 1/6 | 40838091 nodos | revisado 3.33e-04%, faltan ~168 días (Knuth: ~39 días) | máximo colocado 51 de 64 | hilos 12 de 12
    ... 53.9 s | grupo 1/6 | 42555375 nodos | revisado 3.52e-04%, faltan ~165 días (Knuth: ~39 días) | máximo colocado 51 de 64 | hilos 12 de 12
    ... 55.9 s | grupo 1/6 | 44277320 nodos | revisado 3.86e-04%, faltan ~157 días (Knuth: ~39 días) | máximo colocado 51 de 64 | hilos 12 de 12
    ... 57.9 s | grupo 1/6 | 45988373 nodos | revisado 3.95e-04%, faltan ~159 días (Knuth: ~39 días) | máximo colocado 51 de 64 | hilos 12 de 12
    ... 59.9 s | grupo 1/6 | 47674362 nodos | revisado 4.03e-04%, faltan ~161 días (Knuth: ~39 días) | máximo colocado 51 de 64 | hilos 12 de 12
    ... 61.9 s | grupo 1/6 | 49368177 nodos | revisado 4.09e-04%, faltan ~165 días (Knuth: ~39 días) | máximo colocado 51 de 64 | hilos 12 de 12
    ... 63.9 s | grupo 1/6 | 51082338 nodos | revisado 4.26e-04%, faltan ~164 días (Knuth: ~39 días) | máximo colocado 52 de 64 | hilos 12 de 12
    ... 65.9 s | grupo 1/6 | 52779825 nodos | revisado 4.46e-04%, faltan ~162 días (Knuth: ~39 días) | máximo colocado 52 de 64 | hilos 12 de 12
    ... 67.9 s | grupo 1/6 | 54488689 nodos | revisado 4.64e-04%, faltan ~160 días (Knuth: ~39 días) | máximo colocado 52 de 64 | hilos 12 de 12
    ... 70.0 s | grupo 1/6 | 56193522 nodos | revisado 4.85e-04%, faltan ~158 días (Knuth: ~39 días) | máximo colocado 52 de 64 | hilos 12 de 12
    ... 72.0 s | grupo 1/6 | 57906039 nodos | revisado 5.09e-04%, faltan ~155 días (Knuth: ~39 días) | máximo colocado 52 de 64 | hilos 12 de 12
    ... 74.0 s | grupo 1/6 | 59595637 nodos | revisado 5.28e-04%, faltan ~154 días (Knuth: ~39 días) | máximo colocado 52 de 64 | hilos 12 de 12
[4] Grupo 1: SOLUCIÓN. Verificación: OK
[5] Tiempo total: 74 s
RESULTADO resuelto=1 ms=74464.4 marcos=0 nodos=59999651 grupos=1/6 hilos=12 t_marcos=0.000 t_interior=70.808 lados=0 unificado=1 max_colocadas=64
