[0] Tablero 8x8, 10 colores, 12 hilos
[1] Esquina fija (1,1). 6 grupos, orden por coste: 5.2e+24 5.2e+24 5.2e+24 5.2e+24 5.2e+24 5.2e+24
    grupo 1, orden menos opciones: estimado 1.47e+12 nodos
    grupo 1, orden interior primero: estimado 3.4e+10 nodos
    grupo 2, orden menos opciones: estimado 1.3e+12 nodos
    grupo 2, orden interior primero: estimado 2.54e+10 nodos
    grupo 3, orden menos opciones: estimado 1.11e+12 nodos
    grupo 3, orden interior primero: estimado 3.04e+10 nodos
    grupo 4, orden menos opciones: estimado 2e+12 nodos
    grupo 4, orden interior primero: estimado 2.98e+10 nodos
    grupo 5, orden menos opciones: estimado 1.09e+12 nodos
    grupo 5, orden interior primero: estimado 4.55e+10 nodos
    grupo 6, orden menos opciones: estimado 3.82e+11 nodos
    grupo 6, orden interior primero: estimado 2.66e+10 nodos
[1] Estimado de Knuth por grupo (nodos): 3.4e+10(i) 2.54e+10(i) 3.04e+10(i) 2.98e+10(i) 4.55e+10(i) 2.66e+10(i)   (i) = interior primero
[2] Grupo 1/6: ruta unificada (mapas por lado), orden: interior primero
    ... 5.7 s | grupo 1/6 | 1725773 nodos | revisado 30.8%, faltan ~5 s (Knuth: ~11.0 h) | máximo colocado 47 de 64 | hilos 12 de 12
    ... 7.7 s | grupo 1/6 | 3476937 nodos | revisado 30.8%, faltan ~9 s (Knuth: ~10.9 h) | máximo colocado 48 de 64 | hilos 12 de 12
    ... 9.7 s | grupo 1/6 | 5222589 nodos | revisado 30.8%, faltan ~14 s (Knuth: ~10.9 h) | máximo colocado 48 de 64 | hilos 12 de 12
    ... 11.7 s | grupo 1/6 | 6952066 nodos | revisado 30.8%, faltan ~18 s (Knuth: ~10.9 h) | máximo colocado 53 de 64 | hilos 12 de 12
    ... 13.7 s | grupo 1/6 | 8703936 nodos | revisado 30.8%, faltan ~23 s (Knuth: ~10.9 h) | máximo colocado 53 de 64 | hilos 12 de 12
    ... 15.7 s | grupo 1/6 | 10468350 nodos | revisado 30.8%, faltan ~27 s (Knuth: ~10.9 h) | máximo colocado 53 de 64 | hilos 12 de 12
    ... 17.7 s | grupo 1/6 | 12220472 nodos | revisado 30.8%, faltan ~32 s (Knuth: ~10.9 h) | máximo colocado 53 de 64 | hilos 12 de 12
    ... 19.7 s | grupo 1/6 | 13977065 nodos | revisado 30.8%, faltan ~36 s (Knuth: ~10.8 h) | máximo colocado 53 de 64 | hilos 12 de 12
    ... 21.7 s | grupo 1/6 | 15716270 nodos | revisado 30.8%, faltan ~41 s (Knuth: ~10.8 h) | máximo colocado 53 de 64 | hilos 12 de 12
    ... 23.7 s | grupo 1/6 | 17467144 nodos | revisado 30.8%, faltan ~45 s (Knuth: ~10.8 h) | máximo colocado 53 de 64 | hilos 12 de 12
    ... 25.7 s | grupo 1/6 | 19192990 nodos | revisado 30.8%, faltan ~50 s (Knuth: ~10.9 h) | máximo colocado 53 de 64 | hilos 12 de 12
    ... 27.7 s | grupo 1/6 | 20920971 nodos | revisado 30.8%, faltan ~54 s (Knuth: ~10.9 h) | máximo colocado 53 de 64 | hilos 12 de 12
    ... 29.7 s | grupo 1/6 | 22676246 nodos | revisado 30.8%, faltan ~59 s (Knuth: ~10.9 h) | máximo colocado 53 de 64 | hilos 12 de 12
    ... 31.8 s | grupo 1/6 | 24454757 nodos | revisado 30.8%, faltan ~63 s (Knuth: ~10.9 h) | máximo colocado 53 de 64 | hilos 12 de 12
    ... 33.8 s | grupo 1/6 | 26224062 nodos | revisado 30.8%, faltan ~68 s (Knuth: ~10.8 h) | máximo colocado 53 de 64 | hilos 12 de 12
    ... 35.8 s | grupo 1/6 | 27983111 nodos | revisado 30.8%, faltan ~72 s (Knuth: ~10.8 h) | máximo colocado 53 de 64 | hilos 12 de 12
    ... 37.8 s | grupo 1/6 | 29725517 nodos | revisado 30.8%, faltan ~77 s (Knuth: ~10.8 h) | máximo colocado 53 de 64 | hilos 12 de 12
    ... 39.8 s | grupo 1/6 | 31474212 nodos | revisado 30.8%, faltan ~81 s (Knuth: ~10.8 h) | máximo colocado 53 de 64 | hilos 12 de 12
    ... 41.8 s | grupo 1/6 | 33208185 nodos | revisado 30.8%, faltan ~86 s (Knuth: ~10.8 h) | máximo colocado 53 de 64 | hilos 12 de 12
    ... 43.8 s | grupo 1/6 | 34929025 nodos | revisado 30.8%, faltan ~90 s (Knuth: ~10.9 h) | máximo colocado 53 de 64 | hilos 12 de 12
    ... 45.8 s | grupo 1/6 | 36645112 nodos | revisado 30.8%, faltan ~95 s (Knuth: ~10.9 h) | máximo colocado 53 de 64 | hilos 12 de 12
    ... 47.8 s | grupo 1/6 | 38383065 nodos | revisado 30.8%, faltan ~99 s (Knuth: ~10.9 h) | máximo colocado 53 de 64 | hilos 12 de 12
    ... 49.8 s | grupo 1/6 | 40120571 nodos | revisado 30.8%, faltan ~104 s (Knuth: ~10.9 h) | máximo colocado 53 de 64 | hilos 12 de 12
    ... 51.8 s | grupo 1/6 | 41875317 nodos | revisado 30.8%, faltan ~108 s (Knuth: ~10.9 h) | máximo colocado 53 de 64 | hilos 12 de 12
    ... 53.8 s | grupo 1/6 | 43637739 nodos | revisado 30.8%, faltan ~113 s (Knuth: ~10.9 h) | máximo colocado 53 de 64 | hilos 12 de 12
    ... 55.9 s | grupo 1/6 | 45410249 nodos | revisado 30.8%, faltan ~117 s (Knuth: ~10.8 h) | máximo colocado 53 de 64 | hilos 12 de 12
    ... 57.9 s | grupo 1/6 | 47165130 nodos | revisado 30.8%, faltan ~2 min (Knuth: ~10.8 h) | máximo colocado 53 de 64 | hilos 12 de 12
    ... 59.9 s | grupo 1/6 | 48903400 nodos | revisado 30.8%, faltan ~2 min (Knuth: ~10.8 h) | máximo colocado 53 de 64 | hilos 12 de 12
    ... 61.9 s | grupo 1/6 | 50662416 nodos | revisado 30.8%, faltan ~2 min (Knuth: ~10.8 h) | máximo colocado 53 de 64 | hilos 12 de 12
    ... 63.9 s | grupo 1/6 | 52430583 nodos | revisado 30.8%, faltan ~2 min (Knuth: ~10.8 h) | máximo colocado 53 de 64 | hilos 12 de 12
    ... 65.9 s | grupo 1/6 | 54182400 nodos | revisado 30.8%, faltan ~2 min (Knuth: ~10.8 h) | máximo colocado 53 de 64 | hilos 12 de 12
    ... 67.9 s | grupo 1/6 | 55943131 nodos | revisado 30.8%, faltan ~2 min (Knuth: ~10.8 h) | máximo colocado 53 de 64 | hilos 12 de 12
    ... 69.9 s | grupo 1/6 | 57678773 nodos | revisado 30.8%, faltan ~2 min (Knuth: ~10.8 h) | máximo colocado 53 de 64 | hilos 12 de 12
    ... 71.9 s | grupo 1/6 | 59436055 nodos | revisado 30.8%, faltan ~3 min (Knuth: ~10.8 h) | máximo colocado 53 de 64 | hilos 12 de 12
    ... 73.9 s | grupo 1/6 | 61175463 nodos | revisado 30.8%, faltan ~3 min (Knuth: ~10.8 h) | máximo colocado 53 de 64 | hilos 12 de 12
    ... 75.9 s | grupo 1/6 | 62920769 nodos | revisado 30.8%, faltan ~3 min (Knuth: ~10.8 h) | máximo colocado 53 de 64 | hilos 12 de 12
    ... 77.9 s | grupo 1/6 | 64665025 nodos | revisado 30.8%, faltan ~3 min (Knuth: ~10.8 h) | máximo colocado 53 de 64 | hilos 12 de 12
    ... 79.9 s | grupo 1/6 | 66415998 nodos | revisado 30.8%, faltan ~3 min (Knuth: ~10.8 h) | máximo colocado 53 de 64 | hilos 12 de 12
    ... 82.0 s | grupo 1/6 | 68182273 nodos | revisado 30.8%, faltan ~3 min (Knuth: ~10.8 h) | máximo colocado 53 de 64 | hilos 12 de 12
    ... 84.0 s | grupo 1/6 | 69934979 nodos | revisado 30.8%, faltan ~3 min (Knuth: ~10.8 h) | máximo colocado 53 de 64 | hilos 12 de 12
    ... 86.0 s | grupo 1/6 | 71700258 nodos | revisado 30.8%, faltan ~3 min (Knuth: ~10.8 h) | máximo colocado 53 de 64 | hilos 12 de 12
    ... 88.0 s | grupo 1/6 | 73445856 nodos | revisado 30.8%, faltan ~3 min (Knuth: ~10.8 h) | máximo colocado 53 de 64 | hilos 12 de 12
    ... 90.0 s | grupo 1/6 | 75194222 nodos | revisado 30.8%, faltan ~3 min (Knuth: ~10.8 h) | máximo colocado 53 de 64 | hilos 12 de 12
    ... 92.0 s | grupo 1/6 | 76953214 nodos | revisado 30.8%, faltan ~3 min (Knuth: ~10.8 h) | máximo colocado 53 de 64 | hilos 12 de 12
    ... 94.0 s | grupo 1/6 | 78699375 nodos | revisado 30.8%, faltan ~3 min (Knuth: ~10.8 h) | máximo colocado 53 de 64 | hilos 12 de 12
    ... 96.0 s | grupo 1/6 | 80443703 nodos | revisado 30.8%, faltan ~3 min (Knuth: ~10.8 h) | máximo colocado 53 de 64 | hilos 12 de 12
    ... 98.0 s | grupo 1/6 | 82227527 nodos | revisado 30.8%, faltan ~4 min (Knuth: ~10.8 h) | máximo colocado 53 de 64 | hilos 12 de 12
    ... 100.0 s | grupo 1/6 | 84013965 nodos | revisado 30.8%, faltan ~4 min (Knuth: ~10.8 h) | máximo colocado 53 de 64 | hilos 12 de 12
    ... 102.0 s | grupo 1/6 | 85799454 nodos | revisado 30.8%, faltan ~4 min (Knuth: ~10.8 h) | máximo colocado 55 de 64 | hilos 12 de 12
    ... 104.0 s | grupo 1/6 | 87580515 nodos | revisado 30.8%, faltan ~4 min (Knuth: ~10.8 h) | máximo colocado 55 de 64 | hilos 12 de 12
    ... 106.0 s | grupo 1/6 | 89349691 nodos | revisado 30.8%, faltan ~4 min (Knuth: ~10.8 h) | máximo colocado 55 de 64 | hilos 12 de 12
    ... 108.0 s | grupo 1/6 | 91165740 nodos | revisado 30.8%, faltan ~4 min (Knuth: ~10.8 h) | máximo colocado 55 de 64 | hilos 12 de 12
    ... 110.0 s | grupo 1/6 | 92972586 nodos | revisado 30.8%, faltan ~4 min (Knuth: ~10.8 h) | máximo colocado 55 de 64 | hilos 12 de 12
    ... 112.0 s | grupo 1/6 | 94761309 nodos | revisado 30.8%, faltan ~4 min (Knuth: ~10.8 h) | máximo colocado 55 de 64 | hilos 12 de 12
    ... 114.1 s | grupo 1/6 | 96535257 nodos | revisado 30.8%, faltan ~4 min (Knuth: ~10.8 h) | máximo colocado 55 de 64 | hilos 12 de 12
    ... 116.1 s | grupo 1/6 | 98307027 nodos | revisado 30.8%, faltan ~4 min (Knuth: ~10.8 h) | máximo colocado 55 de 64 | hilos 12 de 12
    ... 118.1 s | grupo 1/6 | 100060920 nodos | revisado 30.8%, faltan ~4 min (Knuth: ~10.8 h) | máximo colocado 55 de 64 | hilos 12 de 12
    ... 120.1 s | grupo 1/6 | 101805504 nodos | revisado 30.8%, faltan ~4 min (Knuth: ~10.8 h) | máximo colocado 55 de 64 | hilos 12 de 12
    ... 122.1 s | grupo 1/6 | 103564244 nodos | revisado 30.8%, faltan ~4 min (Knuth: ~10.8 h) | máximo colocado 55 de 64 | hilos 12 de 12
    ... 124.1 s | grupo 1/6 | 105282003 nodos | revisado 30.8%, faltan ~5 min (Knuth: ~10.8 h) | máximo colocado 55 de 64 | hilos 12 de 12
    ... 126.1 s | grupo 1/6 | 107059390 nodos | revisado 30.8%, faltan ~5 min (Knuth: ~10.8 h) | máximo colocado 55 de 64 | hilos 12 de 12
    ... 128.1 s | grupo 1/6 | 108843856 nodos | revisado 30.8%, faltan ~5 min (Knuth: ~10.8 h) | máximo colocado 55 de 64 | hilos 12 de 12
    ... 130.1 s | grupo 1/6 | 110614128 nodos | revisado 30.8%, faltan ~5 min (Knuth: ~10.8 h) | máximo colocado 55 de 64 | hilos 12 de 12
    ... 132.1 s | grupo 1/6 | 112374764 nodos | revisado 30.8%, faltan ~5 min (Knuth: ~10.8 h) | máximo colocado 55 de 64 | hilos 12 de 12
    ... 134.1 s | grupo 1/6 | 114132906 nodos | revisado 30.8%, faltan ~5 min (Knuth: ~10.8 h) | máximo colocado 55 de 64 | hilos 12 de 12
    ... 136.1 s | grupo 1/6 | 115908509 nodos | revisado 30.8%, faltan ~5 min (Knuth: ~10.8 h) | máximo colocado 55 de 64 | hilos 12 de 12
    ... 138.1 s | grupo 1/6 | 117682017 nodos | revisado 30.8%, faltan ~5 min (Knuth: ~10.8 h) | máximo colocado 55 de 64 | hilos 12 de 12
    ... 140.1 s | grupo 1/6 | 119423514 nodos | revisado 30.8%, faltan ~5 min (Knuth: ~10.8 h) | máximo colocado 55 de 64 | hilos 12 de 12
    ... 142.1 s | grupo 1/6 | 121187647 nodos | revisado 30.8%, faltan ~5 min (Knuth: ~10.8 h) | máximo colocado 55 de 64 | hilos 12 de 12
    ... 144.2 s | grupo 1/6 | 122951470 nodos | revisado 30.8%, faltan ~5 min (Knuth: ~10.8 h) | máximo colocado 55 de 64 | hilos 12 de 12
    ... 146.2 s | grupo 1/6 | 124692632 nodos | revisado 30.8%, faltan ~5 min (Knuth: ~10.8 h) | máximo colocado 55 de 64 | hilos 12 de 12
    ... 148.2 s | grupo 1/6 | 126441549 nodos | revisado 30.8%, faltan ~5 min (Knuth: ~10.8 h) | máximo colocado 55 de 64 | hilos 12 de 12
    ... 150.2 s | grupo 1/6 | 128187024 nodos | revisado 30.8%, faltan ~5 min (Knuth: ~10.8 h) | máximo colocado 55 de 64 | hilos 12 de 12
    ... 152.2 s | grupo 1/6 | 129934855 nodos | revisado 30.8%, faltan ~6 min (Knuth: ~10.8 h) | máximo colocado 55 de 64 | hilos 12 de 12
    ... 154.2 s | grupo 1/6 | 131675727 nodos | revisado 30.8%, faltan ~6 min (Knuth: ~10.8 h) | máximo colocado 55 de 64 | hilos 12 de 12
    ... 156.2 s | grupo 1/6 | 133454986 nodos | revisado 30.8%, faltan ~6 min (Knuth: ~10.8 h) | máximo colocado 55 de 64 | hilos 12 de 12
    ... 158.2 s | grupo 1/6 | 135220212 nodos | revisado 30.8%, faltan ~6 min (Knuth: ~10.8 h) | máximo colocado 55 de 64 | hilos 12 de 12
    ... 160.2 s | grupo 1/6 | 136976011 nodos | revisado 30.8%, faltan ~6 min (Knuth: ~10.8 h) | máximo colocado 55 de 64 | hilos 12 de 12
    ... 162.2 s | grupo 1/6 | 138743885 nodos | revisado 30.8%, faltan ~6 min (Knuth: ~10.8 h) | máximo colocado 55 de 64 | hilos 12 de 12
    ... 164.2 s | grupo 1/6 | 140522193 nodos | revisado 30.8%, faltan ~6 min (Knuth: ~10.8 h) | máximo colocado 55 de 64 | hilos 12 de 12
    ... 166.2 s | grupo 1/6 | 142283664 nodos | revisado 30.8%, faltan ~6 min (Knuth: ~10.8 h) | máximo colocado 55 de 64 | hilos 12 de 12
    ... 168.2 s | grupo 1/6 | 144056851 nodos | revisado 30.8%, faltan ~6 min (Knuth: ~10.8 h) | máximo colocado 55 de 64 | hilos 12 de 12
    ... 170.3 s | grupo 1/6 | 145830092 nodos | revisado 30.8%, faltan ~6 min (Knuth: ~10.7 h) | máximo colocado 55 de 64 | hilos 12 de 12
    ... 172.3 s | grupo 1/6 | 147567209 nodos | revisado 30.8%, faltan ~6 min (Knuth: ~10.7 h) | máximo colocado 55 de 64 | hilos 12 de 12
    ... 174.3 s | grupo 1/6 | 149322364 nodos | revisado 30.8%, faltan ~6 min (Knuth: ~10.7 h) | máximo colocado 55 de 64 | hilos 12 de 12
    ... 176.3 s | grupo 1/6 | 151085870 nodos | revisado 30.8%, faltan ~6 min (Knuth: ~10.7 h) | máximo colocado 55 de 64 | hilos 12 de 12
    ... 178.3 s | grupo 1/6 | 152828809 nodos | revisado 30.8%, faltan ~7 min (Knuth: ~10.7 h) | máximo colocado 55 de 64 | hilos 12 de 12
    ... 180.3 s | grupo 1/6 | 154565835 nodos | revisado 30.8%, faltan ~7 min (Knuth: ~10.7 h) | máximo colocado 55 de 64 | hilos 12 de 12
    ... 182.3 s | grupo 1/6 | 156312490 nodos | revisado 30.8%, faltan ~7 min (Knuth: ~10.7 h) | máximo colocado 55 de 64 | hilos 12 de 12
    ... 184.3 s | grupo 1/6 | 158065494 nodos | revisado 30.8%, faltan ~7 min (Knuth: ~10.7 h) | máximo colocado 55 de 64 | hilos 12 de 12
    ... 186.3 s | grupo 1/6 | 159784574 nodos | revisado 30.8%, faltan ~7 min (Knuth: ~10.8 h) | máximo colocado 55 de 64 | hilos 12 de 12
    ... 188.3 s | grupo 1/6 | 161525639 nodos | revisado 30.8%, faltan ~7 min (Knuth: ~10.8 h) | máximo colocado 55 de 64 | hilos 12 de 12
    ... 190.3 s | grupo 1/6 | 163254011 nodos | revisado 30.8%, faltan ~7 min (Knuth: ~10.8 h) | máximo colocado 55 de 64 | hilos 12 de 12
    ... 192.3 s | grupo 1/6 | 164966527 nodos | revisado 30.8%, faltan ~7 min (Knuth: ~10.8 h) | máximo colocado 55 de 64 | hilos 12 de 12
    ... 194.3 s | grupo 1/6 | 166728375 nodos | revisado 30.8%, faltan ~7 min (Knuth: ~10.8 h) | máximo colocado 55 de 64 | hilos 12 de 12
    ... 196.3 s | grupo 1/6 | 168465944 nodos | revisado 30.8%, faltan ~7 min (Knuth: ~10.8 h) | máximo colocado 55 de 64 | hilos 12 de 12
    ... 198.3 s | grupo 1/6 | 170201601 nodos | revisado 30.8%, faltan ~7 min (Knuth: ~10.8 h) | máximo colocado 55 de 64 | hilos 12 de 12
    ... 200.4 s | grupo 1/6 | 171950801 nodos | revisado 30.8%, faltan ~7 min (Knuth: ~10.8 h) | máximo colocado 55 de 64 | hilos 12 de 12
    ... 202.4 s | grupo 1/6 | 173692306 nodos | revisado 30.8%, faltan ~7 min (Knuth: ~10.8 h) | máximo colocado 55 de 64 | hilos 12 de 12
    ... 204.4 s | grupo 1/6 | 175474195 nodos | revisado 30.8%, faltan ~8 min (Knuth: ~10.8 h) | máximo colocado 55 de 64 | hilos 12 de 12
    ... 206.4 s | grupo 1/6 | 177246990 nodos | revisado 30.8%, faltan ~8 min (Knuth: ~10.8 h) | máximo colocado 55 de 64 | hilos 12 de 12
    ... 208.4 s | grupo 1/6 | 178989615 nodos | revisado 30.8%, faltan ~8 min (Knuth: ~10.8 h) | máximo colocado 55 de 64 | hilos 12 de 12
    ... 210.4 s | grupo 1/6 | 180734100 nodos | revisado 30.8%, faltan ~8 min (Knuth: ~10.8 h) | máximo colocado 55 de 64 | hilos 12 de 12
    ... 212.4 s | grupo 1/6 | 182459062 nodos | revisado 30.8%, faltan ~8 min (Knuth: ~10.8 h) | máximo colocado 55 de 64 | hilos 12 de 12
    ... 214.4 s | grupo 1/6 | 184196741 nodos | revisado 30.8%, faltan ~8 min (Knuth: ~10.8 h) | máximo colocado 55 de 64 | hilos 12 de 12
    ... 216.4 s | grupo 1/6 | 185942119 nodos | revisado 30.8%, faltan ~8 min (Knuth: ~10.8 h) | máximo colocado 55 de 64 | hilos 12 de 12
    ... 218.4 s | grupo 1/6 | 187697149 nodos | revisado 30.8%, faltan ~8 min (Knuth: ~10.8 h) | máximo colocado 55 de 64 | hilos 12 de 12
    ... 220.4 s | grupo 1/6 | 189448019 nodos | revisado 30.8%, faltan ~8 min (Knuth: ~10.8 h) | máximo colocado 55 de 64 | hilos 12 de 12
    ... 222.4 s | grupo 1/6 | 191186419 nodos | revisado 30.8%, faltan ~8 min (Knuth: ~10.8 h) | máximo colocado 55 de 64 | hilos 12 de 12
    ... 224.4 s | grupo 1/6 | 192923312 nodos | revisado 30.8%, faltan ~8 min (Knuth: ~10.8 h) | máximo colocado 55 de 64 | hilos 12 de 12
    ... 226.5 s | grupo 1/6 | 194667246 nodos | revisado 30.8%, faltan ~8 min (Knuth: ~10.8 h) | máximo colocado 55 de 64 | hilos 12 de 12
    ... 228.5 s | grupo 1/6 | 196413170 nodos | revisado 30.8%, faltan ~8 min (Knuth: ~10.8 h) | máximo colocado 55 de 64 | hilos 12 de 12
    ... 230.5 s | grupo 1/6 | 198182142 nodos | revisado 30.8%, faltan ~8 min (Knuth: ~10.8 h) | máximo colocado 55 de 64 | hilos 12 de 12
    ... 232.5 s | grupo 1/6 | 199927830 nodos | revisado 30.8%, faltan ~9 min (Knuth: ~10.8 h) | máximo colocado 55 de 64 | hilos 12 de 12
    ... 234.5 s | grupo 1/6 | 201702539 nodos | revisado 30.8%, faltan ~9 min (Knuth: ~10.7 h) | máximo colocado 55 de 64 | hilos 12 de 12
    ... 236.5 s | grupo 1/6 | 203479629 nodos | revisado 30.8%, faltan ~9 min (Knuth: ~10.7 h) | máximo colocado 55 de 64 | hilos 12 de 12
    ... 238.5 s | grupo 1/6 | 205265760 nodos | revisado 30.8%, faltan ~9 min (Knuth: ~10.7 h) | máximo colocado 55 de 64 | hilos 12 de 12
    ... 240.5 s | grupo 1/6 | 207016403 nodos | revisado 30.8%, faltan ~9 min (Knuth: ~10.7 h) | máximo colocado 55 de 64 | hilos 12 de 12
    ... 242.5 s | grupo 1/6 | 208764466 nodos | revisado 30.8%, faltan ~9 min (Knuth: ~10.7 h) | máximo colocado 55 de 64 | hilos 12 de 12
    ... 244.5 s | grupo 1/6 | 210507440 nodos | revisado 30.8%, faltan ~9 min (Knuth: ~10.7 h) | máximo colocado 55 de 64 | hilos 12 de 12
    ... 246.5 s | grupo 1/6 | 212222723 nodos | revisado 30.8%, faltan ~9 min (Knuth: ~10.7 h) | máximo colocado 55 de 64 | hilos 12 de 12
    ... 248.5 s | grupo 1/6 | 213966098 nodos | revisado 30.8%, faltan ~9 min (Knuth: ~10.7 h) | máximo colocado 55 de 64 | hilos 12 de 12
    ... 250.5 s | grupo 1/6 | 215706952 nodos | revisado 30.8%, faltan ~9 min (Knuth: ~10.7 h) | máximo colocado 55 de 64 | hilos 12 de 12
    ... 252.5 s | grupo 1/6 | 217445680 nodos | revisado 30.8%, faltan ~9 min (Knuth: ~10.7 h) | máximo colocado 55 de 64 | hilos 12 de 12
    ... 254.5 s | grupo 1/6 | 219193909 nodos | revisado 30.8%, faltan ~9 min (Knuth: ~10.7 h) | máximo colocado 55 de 64 | hilos 12 de 12
    ... 256.5 s | grupo 1/6 | 220948417 nodos | revisado 30.8%, faltan ~9 min (Knuth: ~10.7 h) | máximo colocado 55 de 64 | hilos 12 de 12
    ... 258.5 s | grupo 1/6 | 222685615 nodos | revisado 30.8%, faltan ~10 min (Knuth: ~10.7 h) | máximo colocado 55 de 64 | hilos 12 de 12
    ... 260.6 s | grupo 1/6 | 224421580 nodos | revisado 30.8%, faltan ~10 min (Knuth: ~10.7 h) | máximo colocado 55 de 64 | hilos 12 de 12
    ... 262.6 s | grupo 1/6 | 226186735 nodos | revisado 30.8%, faltan ~10 min (Knuth: ~10.7 h) | máximo colocado 55 de 64 | hilos 12 de 12
    ... 264.6 s | grupo 1/6 | 227912709 nodos | revisado 30.8%, faltan ~10 min (Knuth: ~10.7 h) | máximo colocado 55 de 64 | hilos 12 de 12
    ... 266.6 s | grupo 1/6 | 229684041 nodos | revisado 30.8%, faltan ~10 min (Knuth: ~10.7 h) | máximo colocado 55 de 64 | hilos 12 de 12
    ... 268.6 s | grupo 1/6 | 231424950 nodos | revisado 30.8%, faltan ~10 min (Knuth: ~10.7 h) | máximo colocado 55 de 64 | hilos 12 de 12
    ... 270.6 s | grupo 1/6 | 233202349 nodos | revisado 30.8%, faltan ~10 min (Knuth: ~10.7 h) | máximo colocado 55 de 64 | hilos 12 de 12
    ... 272.6 s | grupo 1/6 | 234976948 nodos | revisado 30.8%, faltan ~10 min (Knuth: ~10.7 h) | máximo colocado 55 de 64 | hilos 12 de 12
    ... 274.6 s | grupo 1/6 | 236724763 nodos | revisado 30.9%, faltan ~10 min (Knuth: ~10.7 h) | máximo colocado 55 de 64 | hilos 12 de 12
    ... 276.6 s | grupo 1/6 | 238483440 nodos | revisado 30.9%, faltan ~10 min (Knuth: ~10.7 h) | máximo colocado 55 de 64 | hilos 12 de 12
    ... 278.6 s | grupo 1/6 | 240012400 nodos | revisado 30.9%, faltan ~10 min (Knuth: ~10.7 h) | máximo colocado 55 de 64 | hilos 12 de 12
    ... 280.6 s | grupo 1/6 | 241183922 nodos | revisado 30.9%, faltan ~10 min (Knuth: ~10.8 h) | máximo colocado 55 de 64 | hilos 12 de 12
    ... 282.6 s | grupo 1/6 | 242766474 nodos | revisado 30.9%, faltan ~10 min (Knuth: ~10.8 h) | máximo colocado 55 de 64 | hilos 12 de 12
    ... 284.6 s | grupo 1/6 | 244429271 nodos | revisado 30.9%, faltan ~10 min (Knuth: ~10.8 h) | máximo colocado 55 de 64 | hilos 12 de 12
    ... 286.7 s | grupo 1/6 | 246097462 nodos | revisado 30.9%, faltan ~11 min (Knuth: ~10.8 h) | máximo colocado 55 de 64 | hilos 12 de 12
    ... 288.7 s | grupo 1/6 | 247680230 nodos | revisado 30.9%, faltan ~11 min (Knuth: ~10.8 h) | máximo colocado 55 de 64 | hilos 12 de 12
    ... 290.7 s | grupo 1/6 | 249346063 nodos | revisado 30.9%, faltan ~11 min (Knuth: ~10.8 h) | máximo colocado 55 de 64 | hilos 12 de 12
    ... 292.7 s | grupo 1/6 | 251072377 nodos | revisado 30.9%, faltan ~11 min (Knuth: ~10.8 h) | máximo colocado 55 de 64 | hilos 12 de 12
    ... 294.7 s | grupo 1/6 | 252778758 nodos | revisado 30.9%, faltan ~11 min (Knuth: ~10.8 h) | máximo colocado 55 de 64 | hilos 12 de 12
    ... 296.7 s | grupo 1/6 | 254438176 nodos | revisado 30.9%, faltan ~11 min (Knuth: ~10.8 h) | máximo colocado 55 de 64 | hilos 12 de 12
    ... 298.7 s | grupo 1/6 | 256012564 nodos | revisado 30.9%, faltan ~11 min (Knuth: ~10.8 h) | máximo colocado 55 de 64 | hilos 12 de 12
[4] Grupo 1: cortado por límite de tiempo
[5] Tiempo total: 5 min
RESULTADO resuelto=0 ms=300023.0 marcos=0 nodos=257067008 grupos=1/6 hilos=12 t_marcos=0.000 t_interior=296.367 lados=0 unificado=1 max_colocadas=55 motivo=limite
