[0] Tablero 8x8, 10 colores, 12 hilos
[1] Esquina fija (3,2). 3 grupos, orden por coste: 2.04e+22 2.04e+22 2.04e+22
    grupo 1, orden menos opciones: estimado 4.42e+13 nodos
    grupo 1, orden interior primero: estimado 1.7e+13 nodos
    grupo 2, orden menos opciones: estimado 4.28e+13 nodos
    grupo 2, orden interior primero: estimado 1.86e+13 nodos
    grupo 3, orden menos opciones: estimado 1.71e+13 nodos
    grupo 3, orden interior primero: estimado 1.73e+13 nodos
[1] Estimado de Knuth por grupo (nodos): 4.42e+13 4.28e+13 1.71e+13   (i) = interior primero
[2] Grupo 1/3: ruta unificada (mapas por lado), orden: casilla con menos opciones
    ... 5.0 s | grupo 1/3 | 1759349 nodos | revisado 5.82e-07%, faltan ~11 años (Knuth: ~585 días) | máximo colocado 53 de 64 | hilos 12 de 12
    ... 7.1 s | grupo 1/3 | 3525029 nodos | revisado 2.05e-06%, faltan ~6.24 años (Knuth: ~585 días) | máximo colocado 53 de 64 | hilos 12 de 12
    ... 9.1 s | grupo 1/3 | 5269314 nodos | revisado 2.61e-06%, faltan ~7.33 años (Knuth: ~586 días) | máximo colocado 53 de 64 | hilos 12 de 12
    ... 11.1 s | grupo 1/3 | 7014283 nodos | revisado 3.29e-06%, faltan ~7.75 años (Knuth: ~586 días) | máximo colocado 53 de 64 | hilos 12 de 12
    ... 13.1 s | grupo 1/3 | 8766695 nodos | revisado 4.47e-06%, faltan ~7.13 años (Knuth: ~586 días) | máximo colocado 53 de 64 | hilos 12 de 12
    ... 15.1 s | grupo 1/3 | 10526750 nodos | revisado 5.50e-06%, faltan ~6.96 años (Knuth: ~586 días) | máximo colocado 54 de 64 | hilos 12 de 12
    ... 17.1 s | grupo 1/3 | 12280210 nodos | revisado 6.49e-06%, faltan ~6.88 años (Knuth: ~586 días) | máximo colocado 54 de 64 | hilos 12 de 12
    ... 19.1 s | grupo 1/3 | 14020423 nodos | revisado 8.95e-06%, faltan ~5.7 años (Knuth: ~587 días) | máximo colocado 54 de 64 | hilos 12 de 12
    ... 21.2 s | grupo 1/3 | 15762216 nodos | revisado 1.03e-05%, faltan ~5.57 años (Knuth: ~588 días) | máximo colocado 54 de 64 | hilos 12 de 12
    ... 23.2 s | grupo 1/3 | 17507576 nodos | revisado 1.22e-05%, faltan ~5.24 años (Knuth: ~588 días) | máximo colocado 54 de 64 | hilos 12 de 12
    ... 25.2 s | grupo 1/3 | 19250807 nodos | revisado 1.30e-05%, faltan ~5.42 años (Knuth: ~588 días) | máximo colocado 54 de 64 | hilos 12 de 12
    ... 27.2 s | grupo 1/3 | 20984531 nodos | revisado 1.40e-05%, faltan ~5.47 años (Knuth: ~588 días) | máximo colocado 54 de 64 | hilos 12 de 12
    ... 29.2 s | grupo 1/3 | 22736371 nodos | revisado 1.47e-05%, faltan ~5.62 años (Knuth: ~588 días) | máximo colocado 54 de 64 | hilos 12 de 12
    ... 31.2 s | grupo 1/3 | 24460208 nodos | revisado 1.57e-05%, faltan ~5.68 años (Knuth: ~589 días) | máximo colocado 54 de 64 | hilos 12 de 12
    ... 33.2 s | grupo 1/3 | 26232481 nodos | revisado 1.71e-05%, faltan ~5.6 años (Knuth: ~588 días) | máximo colocado 54 de 64 | hilos 12 de 12
    ... 35.2 s | grupo 1/3 | 27994874 nodos | revisado 1.83e-05%, faltan ~5.59 años (Knuth: ~588 días) | máximo colocado 54 de 64 | hilos 12 de 12
    ... 37.2 s | grupo 1/3 | 29708131 nodos | revisado 1.92e-05%, faltan ~5.65 años (Knuth: ~589 días) | máximo colocado 54 de 64 | hilos 12 de 12
    ... 39.3 s | grupo 1/3 | 31449764 nodos | revisado 2.07e-05%, faltan ~5.56 años (Knuth: ~589 días) | máximo colocado 54 de 64 | hilos 12 de 12
    ... 41.3 s | grupo 1/3 | 33202942 nodos | revisado 2.27e-05%, faltan ~5.34 años (Knuth: ~589 días) | máximo colocado 54 de 64 | hilos 12 de 12
    ... 43.3 s | grupo 1/3 | 34946511 nodos | revisado 2.47e-05%, faltan ~5.17 años (Knuth: ~589 días) | máximo colocado 54 de 64 | hilos 12 de 12
    ... 45.3 s | grupo 1/3 | 36691505 nodos | revisado 2.59e-05%, faltan ~5.18 años (Knuth: ~589 días) | máximo colocado 54 de 64 | hilos 12 de 12
    ... 47.3 s | grupo 1/3 | 38460192 nodos | revisado 2.75e-05%, faltan ~5.1 años (Knuth: ~589 días) | máximo colocado 54 de 64 | hilos 12 de 12
    ... 49.3 s | grupo 1/3 | 40213465 nodos | revisado 2.83e-05%, faltan ~5.19 años (Knuth: ~589 días) | máximo colocado 54 de 64 | hilos 12 de 12
    ... 51.4 s | grupo 1/3 | 41992431 nodos | revisado 2.98e-05%, faltan ~5.13 años (Knuth: ~588 días) | máximo colocado 54 de 64 | hilos 12 de 12
    ... 53.4 s | grupo 1/3 | 43775722 nodos | revisado 3.08e-05%, faltan ~5.18 años (Knuth: ~588 días) | máximo colocado 54 de 64 | hilos 12 de 12
    ... 55.4 s | grupo 1/3 | 45523724 nodos | revisado 3.23e-05%, faltan ~5.13 años (Knuth: ~588 días) | máximo colocado 54 de 64 | hilos 12 de 12
    ... 57.4 s | grupo 1/3 | 47290538 nodos | revisado 3.62e-05%, faltan ~4.75 años (Knuth: ~588 días) | máximo colocado 54 de 64 | hilos 12 de 12
    ... 59.4 s | grupo 1/3 | 49054787 nodos | revisado 3.86e-05%, faltan ~4.63 años (Knuth: ~587 días) | máximo colocado 55 de 64 | hilos 12 de 12
    ... 61.4 s | grupo 1/3 | 50807869 nodos | revisado 4.05e-05%, faltan ~4.56 años (Knuth: ~587 días) | máximo colocado 55 de 64 | hilos 12 de 12
    ... 63.4 s | grupo 1/3 | 52547030 nodos | revisado 4.10e-05%, faltan ~4.67 años (Knuth: ~587 días) | máximo colocado 55 de 64 | hilos 12 de 12
    ... 65.4 s | grupo 1/3 | 54298250 nodos | revisado 4.14e-05%, faltan ~4.77 años (Knuth: ~587 días) | máximo colocado 55 de 64 | hilos 12 de 12
    ... 67.4 s | grupo 1/3 | 56063576 nodos | revisado 4.25e-05%, faltan ~4.8 años (Knuth: ~587 días) | máximo colocado 55 de 64 | hilos 12 de 12
    ... 69.5 s | grupo 1/3 | 57807241 nodos | revisado 4.31e-05%, faltan ~4.88 años (Knuth: ~587 días) | máximo colocado 55 de 64 | hilos 12 de 12
    ... 71.5 s | grupo 1/3 | 59548315 nodos | revisado 4.38e-05%, faltan ~4.96 años (Knuth: ~587 días) | máximo colocado 55 de 64 | hilos 12 de 12
    ... 73.5 s | grupo 1/3 | 61254469 nodos | revisado 4.45e-05%, faltan ~5.01 años (Knuth: ~588 días) | máximo colocado 55 de 64 | hilos 12 de 12
    ... 75.5 s | grupo 1/3 | 62977194 nodos | revisado 4.51e-05%, faltan ~5.09 años (Knuth: ~588 días) | máximo colocado 55 de 64 | hilos 12 de 12
    ... 77.5 s | grupo 1/3 | 64709970 nodos | revisado 4.63e-05%, faltan ~5.1 años (Knuth: ~588 días) | máximo colocado 55 de 64 | hilos 12 de 12
    ... 79.5 s | grupo 1/3 | 66438191 nodos | revisado 4.74e-05%, faltan ~5.11 años (Knuth: ~588 días) | máximo colocado 55 de 64 | hilos 12 de 12
    ... 81.5 s | grupo 1/3 | 68200066 nodos | revisado 4.99e-05%, faltan ~4.99 años (Knuth: ~588 días) | máximo colocado 55 de 64 | hilos 12 de 12
    ... 83.5 s | grupo 1/3 | 69949003 nodos | revisado 5.06e-05%, faltan ~5.04 años (Knuth: ~588 días) | máximo colocado 55 de 64 | hilos 12 de 12
    ... 85.5 s | grupo 1/3 | 71608429 nodos | revisado 5.17e-05%, faltan ~5.06 años (Knuth: ~589 días) | máximo colocado 55 de 64 | hilos 12 de 12
    ... 87.5 s | grupo 1/3 | 73347027 nodos | revisado 5.24e-05%, faltan ~5.11 años (Knuth: ~589 días) | máximo colocado 55 de 64 | hilos 12 de 12
    ... 89.6 s | grupo 1/3 | 75099597 nodos | revisado 5.42e-05%, faltan ~5.05 años (Knuth: ~589 días) | máximo colocado 55 de 64 | hilos 12 de 12
    ... 91.6 s | grupo 1/3 | 76842947 nodos | revisado 5.50e-05%, faltan ~5.1 años (Knuth: ~589 días) | máximo colocado 55 de 64 | hilos 12 de 12
    ... 93.6 s | grupo 1/3 | 78580780 nodos | revisado 5.56e-05%, faltan ~5.16 años (Knuth: ~589 días) | máximo colocado 55 de 64 | hilos 12 de 12
    ... 95.6 s | grupo 1/3 | 80321407 nodos | revisado 5.68e-05%, faltan ~5.17 años (Knuth: ~589 días) | máximo colocado 55 de 64 | hilos 12 de 12
    ... 97.6 s | grupo 1/3 | 81973835 nodos | revisado 5.78e-05%, faltan ~5.18 años (Knuth: ~590 días) | máximo colocado 55 de 64 | hilos 12 de 12
    ... 99.6 s | grupo 1/3 | 83619557 nodos | revisado 5.93e-05%, faltan ~5.16 años (Knuth: ~590 días) | máximo colocado 55 de 64 | hilos 12 de 12
    ... 101.6 s | grupo 1/3 | 85298135 nodos | revisado 6.06e-05%, faltan ~5.15 años (Knuth: ~591 días) | máximo colocado 55 de 64 | hilos 12 de 12
    ... 103.6 s | grupo 1/3 | 87010952 nodos | revisado 6.17e-05%, faltan ~5.16 años (Knuth: ~591 días) | máximo colocado 55 de 64 | hilos 12 de 12
    ... 105.6 s | grupo 1/3 | 88732516 nodos | revisado 6.24e-05%, faltan ~5.21 años (Knuth: ~591 días) | máximo colocado 55 de 64 | hilos 12 de 12
    ... 107.7 s | grupo 1/3 | 90480366 nodos | revisado 6.28e-05%, faltan ~5.28 años (Knuth: ~591 días) | máximo colocado 55 de 64 | hilos 12 de 12
    ... 109.7 s | grupo 1/3 | 92206211 nodos | revisado 6.34e-05%, faltan ~5.33 años (Knuth: ~591 días) | máximo colocado 55 de 64 | hilos 12 de 12
    ... 111.7 s | grupo 1/3 | 93959550 nodos | revisado 6.41e-05%, faltan ~5.37 años (Knuth: ~591 días) | máximo colocado 55 de 64 | hilos 12 de 12
    ... 113.7 s | grupo 1/3 | 95732519 nodos | revisado 6.59e-05%, faltan ~5.32 años (Knuth: ~591 días) | máximo colocado 55 de 64 | hilos 12 de 12
    ... 115.7 s | grupo 1/3 | 97504353 nodos | revisado 6.73e-05%, faltan ~5.31 años (Knuth: ~591 días) | máximo colocado 55 de 64 | hilos 12 de 12
    ... 117.7 s | grupo 1/3 | 99249316 nodos | revisado 6.81e-05%, faltan ~5.34 años (Knuth: ~591 días) | máximo colocado 55 de 64 | hilos 12 de 12
    ... 119.8 s | grupo 1/3 | 101034253 nodos | revisado 6.87e-05%, faltan ~5.39 años (Knuth: ~591 días) | máximo colocado 55 de 64 | hilos 12 de 12
    ... 121.8 s | grupo 1/3 | 102487297 nodos | revisado 6.90e-05%, faltan ~5.45 años (Knuth: ~592 días) | máximo colocado 55 de 64 | hilos 12 de 12
    ... 123.8 s | grupo 1/3 | 104157518 nodos | revisado 6.97e-05%, faltan ~5.49 años (Knuth: ~593 días) | máximo colocado 55 de 64 | hilos 12 de 12
    ... 125.8 s | grupo 1/3 | 105870484 nodos | revisado 7.08e-05%, faltan ~5.5 años (Knuth: ~593 días) | máximo colocado 55 de 64 | hilos 12 de 12
    ... 127.8 s | grupo 1/3 | 107598262 nodos | revisado 7.17e-05%, faltan ~5.51 años (Knuth: ~593 días) | máximo colocado 55 de 64 | hilos 12 de 12
    ... 129.8 s | grupo 1/3 | 109348004 nodos | revisado 7.27e-05%, faltan ~5.53 años (Knuth: ~593 días) | máximo colocado 55 de 64 | hilos 12 de 12
    ... 131.8 s | grupo 1/3 | 111114124 nodos | revisado 7.50e-05%, faltan ~5.44 años (Knuth: ~592 días) | máximo colocado 55 de 64 | hilos 12 de 12
    ... 133.8 s | grupo 1/3 | 112852254 nodos | revisado 7.60e-05%, faltan ~5.45 años (Knuth: ~592 días) | máximo colocado 55 de 64 | hilos 12 de 12
    ... 135.8 s | grupo 1/3 | 114599113 nodos | revisado 7.73e-05%, faltan ~5.44 años (Knuth: ~592 días) | máximo colocado 55 de 64 | hilos 12 de 12
    ... 137.8 s | grupo 1/3 | 116381012 nodos | revisado 7.78e-05%, faltan ~5.49 años (Knuth: ~592 días) | máximo colocado 55 de 64 | hilos 12 de 12
    ... 139.8 s | grupo 1/3 | 118138476 nodos | revisado 7.81e-05%, faltan ~5.55 años (Knuth: ~592 días) | máximo colocado 55 de 64 | hilos 12 de 12
    ... 141.8 s | grupo 1/3 | 119889911 nodos | revisado 7.87e-05%, faltan ~5.59 años (Knuth: ~592 días) | máximo colocado 55 de 64 | hilos 12 de 12
    ... 143.8 s | grupo 1/3 | 121654720 nodos | revisado 7.92e-05%, faltan ~5.63 años (Knuth: ~592 días) | máximo colocado 55 de 64 | hilos 12 de 12
    ... 145.9 s | grupo 1/3 | 123415822 nodos | revisado 7.99e-05%, faltan ~5.66 años (Knuth: ~592 días) | máximo colocado 55 de 64 | hilos 12 de 12
    ... 147.9 s | grupo 1/3 | 125163429 nodos | revisado 8.08e-05%, faltan ~5.68 años (Knuth: ~591 días) | máximo colocado 55 de 64 | hilos 12 de 12
    ... 149.9 s | grupo 1/3 | 126923702 nodos | revisado 8.17e-05%, faltan ~5.7 años (Knuth: ~591 días) | máximo colocado 55 de 64 | hilos 12 de 12
    ... 151.9 s | grupo 1/3 | 128649147 nodos | revisado 8.34e-05%, faltan ~5.65 años (Knuth: ~591 días) | máximo colocado 55 de 64 | hilos 12 de 12
    ... 153.9 s | grupo 1/3 | 130388842 nodos | revisado 8.50e-05%, faltan ~5.62 años (Knuth: ~591 días) | máximo colocado 55 de 64 | hilos 12 de 12
    ... 155.9 s | grupo 1/3 | 132157331 nodos | revisado 8.57e-05%, faltan ~5.65 años (Knuth: ~591 días) | máximo colocado 55 de 64 | hilos 12 de 12
    ... 157.9 s | grupo 1/3 | 133927911 nodos | revisado 8.63e-05%, faltan ~5.69 años (Knuth: ~591 días) | máximo colocado 55 de 64 | hilos 12 de 12
    ... 159.9 s | grupo 1/3 | 135691933 nodos | revisado 8.74e-05%, faltan ~5.69 años (Knuth: ~591 días) | máximo colocado 55 de 64 | hilos 12 de 12
    ... 161.9 s | grupo 1/3 | 137470914 nodos | revisado 8.84e-05%, faltan ~5.69 años (Knuth: ~591 días) | máximo colocado 55 de 64 | hilos 12 de 12
    ... 163.9 s | grupo 1/3 | 139207614 nodos | revisado 8.97e-05%, faltan ~5.69 años (Knuth: ~591 días) | máximo colocado 55 de 64 | hilos 12 de 12
    ... 165.9 s | grupo 1/3 | 140978705 nodos | revisado 9.11e-05%, faltan ~5.67 años (Knuth: ~591 días) | máximo colocado 55 de 64 | hilos 12 de 12
    ... 167.9 s | grupo 1/3 | 142752552 nodos | revisado 9.18e-05%, faltan ~5.69 años (Knuth: ~590 días) | máximo colocado 55 de 64 | hilos 12 de 12
    ... 169.9 s | grupo 1/3 | 144510829 nodos | revisado 9.28e-05%, faltan ~5.7 años (Knuth: ~590 días) | máximo colocado 55 de 64 | hilos 12 de 12
    ... 171.9 s | grupo 1/3 | 146281035 nodos | revisado 9.40e-05%, faltan ~5.7 años (Knuth: ~590 días) | máximo colocado 55 de 64 | hilos 12 de 12
    ... 174.0 s | grupo 1/3 | 148042270 nodos | revisado 9.46e-05%, faltan ~5.72 años (Knuth: ~590 días) | máximo colocado 55 de 64 | hilos 12 de 12
    ... 176.0 s | grupo 1/3 | 149809727 nodos | revisado 9.53e-05%, faltan ~5.75 años (Knuth: ~590 días) | máximo colocado 55 de 64 | hilos 12 de 12
    ... 178.0 s | grupo 1/3 | 151576497 nodos | revisado 9.58e-05%, faltan ~5.79 años (Knuth: ~590 días) | máximo colocado 55 de 64 | hilos 12 de 12
    ... 180.0 s | grupo 1/3 | 153338828 nodos | revisado 9.64e-05%, faltan ~5.82 años (Knuth: ~590 días) | máximo colocado 55 de 64 | hilos 12 de 12
    ... 182.0 s | grupo 1/3 | 155075564 nodos | revisado 9.80e-05%, faltan ~5.79 años (Knuth: ~590 días) | máximo colocado 55 de 64 | hilos 12 de 12
    ... 184.0 s | grupo 1/3 | 156811755 nodos | revisado 9.91e-05%, faltan ~5.78 años (Knuth: ~590 días) | máximo colocado 55 de 64 | hilos 12 de 12
    ... 186.0 s | grupo 1/3 | 158561990 nodos | revisado 1.01e-04%, faltan ~5.73 años (Knuth: ~590 días) | máximo colocado 55 de 64 | hilos 12 de 12
    ... 188.0 s | grupo 1/3 | 160346192 nodos | revisado 1.02e-04%, faltan ~5.75 años (Knuth: ~590 días) | máximo colocado 55 de 64 | hilos 12 de 12
    ... 190.0 s | grupo 1/3 | 162125168 nodos | revisado 1.04e-04%, faltan ~5.68 años (Knuth: ~589 días) | máximo colocado 55 de 64 | hilos 12 de 12
    ... 192.0 s | grupo 1/3 | 163890486 nodos | revisado 1.05e-04%, faltan ~5.69 años (Knuth: ~589 días) | máximo colocado 55 de 64 | hilos 12 de 12
    ... 194.0 s | grupo 1/3 | 165672084 nodos | revisado 1.07e-04%, faltan ~5.68 años (Knuth: ~589 días) | máximo colocado 55 de 64 | hilos 12 de 12
    ... 196.0 s | grupo 1/3 | 167467073 nodos | revisado 1.08e-04%, faltan ~5.69 años (Knuth: ~589 días) | máximo colocado 55 de 64 | hilos 12 de 12
    ... 198.0 s | grupo 1/3 | 169253945 nodos | revisado 1.09e-04%, faltan ~5.68 años (Knuth: ~589 días) | máximo colocado 55 de 64 | hilos 12 de 12
    ... 200.0 s | grupo 1/3 | 171021305 nodos | revisado 1.10e-04%, faltan ~5.66 años (Knuth: ~589 días) | máximo colocado 55 de 64 | hilos 12 de 12
    ... 202.0 s | grupo 1/3 | 172799890 nodos | revisado 1.11e-04%, faltan ~5.68 años (Knuth: ~589 días) | máximo colocado 55 de 64 | hilos 12 de 12
    ... 204.0 s | grupo 1/3 | 174600848 nodos | revisado 1.12e-04%, faltan ~5.69 años (Knuth: ~588 días) | máximo colocado 55 de 64 | hilos 12 de 12
    ... 206.0 s | grupo 1/3 | 176389614 nodos | revisado 1.13e-04%, faltan ~5.7 años (Knuth: ~588 días) | máximo colocado 55 de 64 | hilos 12 de 12
    ... 208.1 s | grupo 1/3 | 178177568 nodos | revisado 1.14e-04%, faltan ~5.69 años (Knuth: ~588 días) | máximo colocado 55 de 64 | hilos 12 de 12
    ... 210.1 s | grupo 1/3 | 179964523 nodos | revisado 1.16e-04%, faltan ~5.68 años (Knuth: ~588 días) | máximo colocado 55 de 64 | hilos 12 de 12
    ... 212.1 s | grupo 1/3 | 181726432 nodos | revisado 1.17e-04%, faltan ~5.67 años (Knuth: ~588 días) | máximo colocado 55 de 64 | hilos 12 de 12
    ... 214.1 s | grupo 1/3 | 183498774 nodos | revisado 1.18e-04%, faltan ~5.65 años (Knuth: ~588 días) | máximo colocado 55 de 64 | hilos 12 de 12
    ... 216.1 s | grupo 1/3 | 185272798 nodos | revisado 1.20e-04%, faltan ~5.64 años (Knuth: ~588 días) | máximo colocado 55 de 64 | hilos 12 de 12
    ... 218.1 s | grupo 1/3 | 187037049 nodos | revisado 1.21e-04%, faltan ~5.65 años (Knuth: ~588 días) | máximo colocado 55 de 64 | hilos 12 de 12
    ... 220.1 s | grupo 1/3 | 188796951 nodos | revisado 1.22e-04%, faltan ~5.63 años (Knuth: ~588 días) | máximo colocado 55 de 64 | hilos 12 de 12
    ... 222.1 s | grupo 1/3 | 190569413 nodos | revisado 1.24e-04%, faltan ~5.59 años (Knuth: ~588 días) | máximo colocado 55 de 64 | hilos 12 de 12
    ... 224.1 s | grupo 1/3 | 192317746 nodos | revisado 1.25e-04%, faltan ~5.58 años (Knuth: ~588 días) | máximo colocado 55 de 64 | hilos 12 de 12
    ... 226.1 s | grupo 1/3 | 194072575 nodos | revisado 1.26e-04%, faltan ~5.61 años (Knuth: ~588 días) | máximo colocado 55 de 64 | hilos 12 de 12
    ... 228.1 s | grupo 1/3 | 195834723 nodos | revisado 1.27e-04%, faltan ~5.61 años (Knuth: ~588 días) | máximo colocado 55 de 64 | hilos 12 de 12
    ... 230.1 s | grupo 1/3 | 197597300 nodos | revisado 1.29e-04%, faltan ~5.6 años (Knuth: ~588 días) | máximo colocado 55 de 64 | hilos 12 de 12
    ... 232.2 s | grupo 1/3 | 199348853 nodos | revisado 1.30e-04%, faltan ~5.58 años (Knuth: ~588 días) | máximo colocado 55 de 64 | hilos 12 de 12
    ... 234.2 s | grupo 1/3 | 201135155 nodos | revisado 1.32e-04%, faltan ~5.55 años (Knuth: ~587 días) | máximo colocado 55 de 64 | hilos 12 de 12
    ... 236.2 s | grupo 1/3 | 202880189 nodos | revisado 1.33e-04%, faltan ~5.56 años (Knuth: ~587 días) | máximo colocado 55 de 64 | hilos 12 de 12
    ... 238.2 s | grupo 1/3 | 204628060 nodos | revisado 1.34e-04%, faltan ~5.55 años (Knuth: ~587 días) | máximo colocado 55 de 64 | hilos 12 de 12
    ... 240.2 s | grupo 1/3 | 206387418 nodos | revisado 1.36e-04%, faltan ~5.51 años (Knuth: ~587 días) | máximo colocado 55 de 64 | hilos 12 de 12
    ... 242.2 s | grupo 1/3 | 208040905 nodos | revisado 1.37e-04%, faltan ~5.51 años (Knuth: ~588 días) | máximo colocado 55 de 64 | hilos 12 de 12
    ... 244.2 s | grupo 1/3 | 209762362 nodos | revisado 1.39e-04%, faltan ~5.5 años (Knuth: ~588 días) | máximo colocado 55 de 64 | hilos 12 de 12
    ... 246.2 s | grupo 1/3 | 211521976 nodos | revisado 1.41e-04%, faltan ~5.47 años (Knuth: ~588 días) | máximo colocado 55 de 64 | hilos 12 de 12
    ... 248.2 s | grupo 1/3 | 213283478 nodos | revisado 1.42e-04%, faltan ~5.45 años (Knuth: ~588 días) | máximo colocado 55 de 64 | hilos 12 de 12
    ... 250.2 s | grupo 1/3 | 215060445 nodos | revisado 1.44e-04%, faltan ~5.43 años (Knuth: ~588 días) | máximo colocado 55 de 64 | hilos 12 de 12
    ... 252.2 s | grupo 1/3 | 216820899 nodos | revisado 1.46e-04%, faltan ~5.41 años (Knuth: ~588 días) | máximo colocado 55 de 64 | hilos 12 de 12
    ... 254.3 s | grupo 1/3 | 218595271 nodos | revisado 1.47e-04%, faltan ~5.42 años (Knuth: ~587 días) | máximo colocado 55 de 64 | hilos 12 de 12
    ... 256.3 s | grupo 1/3 | 220355768 nodos | revisado 1.49e-04%, faltan ~5.37 años (Knuth: ~587 días) | máximo colocado 55 de 64 | hilos 12 de 12
    ... 258.3 s | grupo 1/3 | 222119645 nodos | revisado 1.51e-04%, faltan ~5.34 años (Knuth: ~587 días) | máximo colocado 55 de 64 | hilos 12 de 12
    ... 260.3 s | grupo 1/3 | 223887154 nodos | revisado 1.52e-04%, faltan ~5.35 años (Knuth: ~587 días) | máximo colocado 55 de 64 | hilos 12 de 12
    ... 262.3 s | grupo 1/3 | 225653665 nodos | revisado 1.53e-04%, faltan ~5.36 años (Knuth: ~587 días) | máximo colocado 55 de 64 | hilos 12 de 12
    ... 264.3 s | grupo 1/3 | 227422721 nodos | revisado 1.55e-04%, faltan ~5.34 años (Knuth: ~587 días) | máximo colocado 55 de 64 | hilos 12 de 12
    ... 266.3 s | grupo 1/3 | 229181848 nodos | revisado 1.57e-04%, faltan ~5.33 años (Knuth: ~587 días) | máximo colocado 55 de 64 | hilos 12 de 12
    ... 268.3 s | grupo 1/3 | 230959009 nodos | revisado 1.59e-04%, faltan ~5.3 años (Knuth: ~587 días) | máximo colocado 55 de 64 | hilos 12 de 12
    ... 270.3 s | grupo 1/3 | 232748357 nodos | revisado 1.59e-04%, faltan ~5.31 años (Knuth: ~587 días) | máximo colocado 55 de 64 | hilos 12 de 12
    ... 272.3 s | grupo 1/3 | 234528928 nodos | revisado 1.61e-04%, faltan ~5.3 años (Knuth: ~587 días) | máximo colocado 55 de 64 | hilos 12 de 12
    ... 274.3 s | grupo 1/3 | 236288486 nodos | revisado 1.62e-04%, faltan ~5.31 años (Knuth: ~587 días) | máximo colocado 55 de 64 | hilos 12 de 12
    ... 276.3 s | grupo 1/3 | 238060527 nodos | revisado 1.64e-04%, faltan ~5.3 años (Knuth: ~587 días) | máximo colocado 55 de 64 | hilos 12 de 12
    ... 278.3 s | grupo 1/3 | 239821435 nodos | revisado 1.66e-04%, faltan ~5.26 años (Knuth: ~587 días) | máximo colocado 55 de 64 | hilos 12 de 12
    ... 280.3 s | grupo 1/3 | 241568780 nodos | revisado 1.67e-04%, faltan ~5.28 años (Knuth: ~587 días) | máximo colocado 55 de 64 | hilos 12 de 12
    ... 282.3 s | grupo 1/3 | 243318775 nodos | revisado 1.69e-04%, faltan ~5.25 años (Knuth: ~587 días) | máximo colocado 55 de 64 | hilos 12 de 12
    ... 284.4 s | grupo 1/3 | 245076330 nodos | revisado 1.71e-04%, faltan ~5.22 años (Knuth: ~587 días) | máximo colocado 55 de 64 | hilos 12 de 12
    ... 286.4 s | grupo 1/3 | 246831560 nodos | revisado 1.72e-04%, faltan ~5.23 años (Knuth: ~587 días) | máximo colocado 55 de 64 | hilos 12 de 12
    ... 288.4 s | grupo 1/3 | 248603425 nodos | revisado 1.72e-04%, faltan ~5.25 años (Knuth: ~587 días) | máximo colocado 55 de 64 | hilos 12 de 12
    ... 290.4 s | grupo 1/3 | 250353625 nodos | revisado 1.73e-04%, faltan ~5.26 años (Knuth: ~587 días) | máximo colocado 55 de 64 | hilos 12 de 12
    ... 292.4 s | grupo 1/3 | 252124642 nodos | revisado 1.75e-04%, faltan ~5.25 años (Knuth: ~587 días) | máximo colocado 55 de 64 | hilos 12 de 12
    ... 294.4 s | grupo 1/3 | 253927547 nodos | revisado 1.76e-04%, faltan ~5.25 años (Knuth: ~587 días) | máximo colocado 55 de 64 | hilos 12 de 12
    ... 296.4 s | grupo 1/3 | 255698831 nodos | revisado 1.78e-04%, faltan ~5.23 años (Knuth: ~586 días) | máximo colocado 55 de 64 | hilos 12 de 12
    ... 298.4 s | grupo 1/3 | 257460593 nodos | revisado 1.78e-04%, faltan ~5.25 años (Knuth: ~586 días) | máximo colocado 55 de 64 | hilos 12 de 12
[4] Grupo 1: cortado por límite de tiempo
[5] Tiempo total: 5 min
RESULTADO resuelto=0 ms=300024.7 marcos=0 nodos=258874368 grupos=1/3 hilos=12 t_marcos=0.000 t_interior=296.992 lados=0 unificado=1 max_colocadas=55 motivo=limite
