[0] Tablero 8x8, 10 colores, 12 hilos
[1] Esquina fija (1,1). 6 grupos, orden por coste: 1.36e+20 1.36e+20 1.36e+20 1.36e+20 1.36e+20 1.36e+20
    grupo 1, orden menos opciones: estimado 3.05e+12 nodos
    grupo 1, orden interior primero: estimado 1.34e+12 nodos
    grupo 2, orden menos opciones: estimado 1.1e+13 nodos
    grupo 2, orden interior primero: estimado 1.67e+12 nodos
    grupo 3, orden menos opciones: estimado 5.47e+12 nodos
    grupo 3, orden interior primero: estimado 2.02e+12 nodos
    grupo 4, orden menos opciones: estimado 1.08e+13 nodos
    grupo 4, orden interior primero: estimado 9.19e+11 nodos
    grupo 5, orden menos opciones: estimado 1.1e+13 nodos
    grupo 5, orden interior primero: estimado 1.69e+12 nodos
    grupo 6, orden menos opciones: estimado 1.2e+13 nodos
    grupo 6, orden interior primero: estimado 1.48e+12 nodos
[1] Estimado de Knuth por grupo (nodos): 3.05e+12 1.67e+12(i) 5.47e+12 9.19e+11(i) 1.69e+12(i) 1.48e+12(i)   (i) = interior primero
[2] Grupo 1/6: ruta unificada (mapas por lado), orden: PORTAFOLIO de 4 equipos (2 órdenes, normal y al azar)
    ... 5.7 s | grupo 1/6 | 2221213 nodos | revisado 1.65e-05%, faltan ~140 días [menos opciones 1.65e-05%, menos opciones + pieza menos restrictiva 7.83e-07%, reinicios, menos opciones 5.88e-04%] (Knuth: ~32 días) | máximo colocado 49 de 64 | hilos 8 de 12
    ... 7.7 s | grupo 1/6 | 4349270 nodos | revisado 5.67e-05%, faltan ~82 días [menos opciones 5.67e-05%, menos opciones + pieza menos restrictiva 1.91e-06%, reinicios, menos opciones 9.51e-04%] (Knuth: ~33 días) | máximo colocado 49 de 64 | hilos 8 de 12
    ... 9.7 s | grupo 1/6 | 6568244 nodos | revisado 9.05e-05%, faltan ~77 días [menos opciones 9.05e-05%, menos opciones + pieza menos restrictiva 3.24e-06%, reinicios, menos opciones 1.41e-03%] (Knuth: ~32 días) | máximo colocado 50 de 64 | hilos 8 de 12
    ... 11.7 s | grupo 1/6 | 8800183 nodos | revisado 1.18e-04%, faltan ~79 días [menos opciones 1.18e-04%, menos opciones + pieza menos restrictiva 3.53e-06%, reinicios, menos opciones 1.67e-03%] (Knuth: ~32 días) | máximo colocado 50 de 64 | hilos 8 de 12
    ... 13.7 s | grupo 1/6 | 11014127 nodos | revisado 1.40e-04%, faltan ~83 días [menos opciones 1.40e-04%, menos opciones + pieza menos restrictiva 3.90e-06%, reinicios, menos opciones 2.78e-03%] (Knuth: ~32 días) | máximo colocado 50 de 64 | hilos 8 de 12
    ... 15.7 s | grupo 1/6 | 13244707 nodos | revisado 1.79e-04%, faltan ~78 días [menos opciones 1.79e-04%, menos opciones + pieza menos restrictiva 4.14e-06%, reinicios, menos opciones 3.07e-03%] (Knuth: ~32 días) | máximo colocado 50 de 64 | hilos 8 de 12
    ... 17.7 s | grupo 1/6 | 15482225 nodos | revisado 2.27e-04%, faltan ~72 días [menos opciones 2.27e-04%, menos opciones + pieza menos restrictiva 5.03e-06%, reinicios, menos opciones 3.55e-03%] (Knuth: ~32 días) | máximo colocado 50 de 64 | hilos 8 de 12
    ... 19.7 s | grupo 1/6 | 17705620 nodos | revisado 2.78e-04%, faltan ~67 días [menos opciones 2.78e-04%, menos opciones + pieza menos restrictiva 6.41e-06%, reinicios, menos opciones 3.92e-03%] (Knuth: ~32 días) | máximo colocado 50 de 64 | hilos 8 de 12
    ... 21.7 s | grupo 1/6 | 19929470 nodos | revisado 3.48e-04%, faltan ~60 días [menos opciones 3.48e-04%, menos opciones + pieza menos restrictiva 7.79e-06%, reinicios, menos opciones 4.24e-03%] (Knuth: ~32 días) | máximo colocado 50 de 64 | hilos 8 de 12
    ... 23.7 s | grupo 1/6 | 22153245 nodos | revisado 3.83e-04%, faltan ~61 días [menos opciones 3.83e-04%, menos opciones + pieza menos restrictiva 8.87e-06%, reinicios, menos opciones 4.73e-03%] (Knuth: ~32 días) | máximo colocado 50 de 64 | hilos 8 de 12
    ... 25.8 s | grupo 1/6 | 24397153 nodos | revisado 4.16e-04%, faltan ~62 días [menos opciones 4.16e-04%, menos opciones + pieza menos restrictiva 9.81e-06%, reinicios, menos opciones 4.90e-03%] (Knuth: ~32 días) | máximo colocado 52 de 64 | hilos 8 de 12
    ... 27.8 s | grupo 1/6 | 26628951 nodos | revisado 4.27e-04%, faltan ~65 días [menos opciones 4.27e-04%, menos opciones + pieza menos restrictiva 1.04e-05%, reinicios, menos opciones 5.10e-03%] (Knuth: ~32 días) | máximo colocado 52 de 64 | hilos 8 de 12
    ... 29.8 s | grupo 1/6 | 28844273 nodos | revisado 4.41e-04%, faltan ~69 días [menos opciones 4.41e-04%, menos opciones + pieza menos restrictiva 1.14e-05%, reinicios, menos opciones 5.27e-03%] (Knuth: ~32 días) | máximo colocado 52 de 64 | hilos 8 de 12
    ... 31.8 s | grupo 1/6 | 31037712 nodos | revisado 4.51e-04%, faltan ~72 días [menos opciones 4.51e-04%, menos opciones + pieza menos restrictiva 1.24e-05%, reinicios, menos opciones 5.46e-03%] (Knuth: ~32 días) | máximo colocado 52 de 64 | hilos 8 de 12
    ... 33.8 s | grupo 1/6 | 33223274 nodos | revisado 4.62e-04%, faltan ~75 días [menos opciones 4.62e-04%, menos opciones + pieza menos restrictiva 1.28e-05%, reinicios, menos opciones 5.73e-03%] (Knuth: ~32 días) | máximo colocado 52 de 64 | hilos 8 de 12
    ... 35.8 s | grupo 1/6 | 35426118 nodos | revisado 4.78e-04%, faltan ~78 días [menos opciones 4.78e-04%, menos opciones + pieza menos restrictiva 1.35e-05%, reinicios, menos opciones 5.79e-03%] (Knuth: ~32 días) | máximo colocado 52 de 64 | hilos 8 de 12
    ... 37.8 s | grupo 1/6 | 37626720 nodos | revisado 4.97e-04%, faltan ~80 días [menos opciones 4.97e-04%, menos opciones + pieza menos restrictiva 1.51e-05%, reinicios, menos opciones 5.81e-03%] (Knuth: ~32 días) | máximo colocado 52 de 64 | hilos 8 de 12
    ... 39.8 s | grupo 1/6 | 39840653 nodos | revisado 5.21e-04%, faltan ~80 días [menos opciones 5.21e-04%, menos opciones + pieza menos restrictiva 1.64e-05%, reinicios, menos opciones 5.88e-03%] (Knuth: ~32 días) | máximo colocado 52 de 64 | hilos 8 de 12
    ... 41.8 s | grupo 1/6 | 42079000 nodos | revisado 5.33e-04%, faltan ~83 días [menos opciones 5.33e-04%, menos opciones + pieza menos restrictiva 1.82e-05%, reinicios, menos opciones 5.99e-03%] (Knuth: ~32 días) | máximo colocado 52 de 64 | hilos 8 de 12
    ... 43.8 s | grupo 1/6 | 44294224 nodos | revisado 5.43e-04%, faltan ~86 días [menos opciones 5.43e-04%, menos opciones + pieza menos restrictiva 2.04e-05%, reinicios, menos opciones 6.51e-03%] (Knuth: ~32 días) | máximo colocado 52 de 64 | hilos 8 de 12
    ... 45.8 s | grupo 1/6 | 46543703 nodos | revisado 5.50e-04%, faltan ~89 días [menos opciones 5.50e-04%, menos opciones + pieza menos restrictiva 2.13e-05%, reinicios, menos opciones 6.85e-03%] (Knuth: ~32 días) | máximo colocado 52 de 64 | hilos 8 de 12
    ... 47.9 s | grupo 1/6 | 48789583 nodos | revisado 5.55e-04%, faltan ~92 días [menos opciones 5.55e-04%, menos opciones + pieza menos restrictiva 2.27e-05%, reinicios, menos opciones 7.17e-03%] (Knuth: ~32 días) | máximo colocado 52 de 64 | hilos 8 de 12
    ... 49.9 s | grupo 1/6 | 51031976 nodos | revisado 5.66e-04%, faltan ~95 días [menos opciones 5.66e-04%, menos opciones + pieza menos restrictiva 2.50e-05%, reinicios, menos opciones 7.44e-03%] (Knuth: ~32 días) | máximo colocado 52 de 64 | hilos 8 de 12
    ... 51.9 s | grupo 1/6 | 53286743 nodos | revisado 5.77e-04%, faltan ~97 días [menos opciones 5.77e-04%, menos opciones + pieza menos restrictiva 2.55e-05%, reinicios, menos opciones 7.57e-03%] (Knuth: ~32 días) | máximo colocado 52 de 64 | hilos 8 de 12
    ... 53.9 s | grupo 1/6 | 55528544 nodos | revisado 5.82e-04%, faltan ~100 días [menos opciones 5.82e-04%, menos opciones + pieza menos restrictiva 2.67e-05%, reinicios, menos opciones 8.53e-03%] (Knuth: ~32 días) | máximo colocado 52 de 64 | hilos 8 de 12
    ... 55.9 s | grupo 1/6 | 57766135 nodos | revisado 5.92e-04%, faltan ~102 días [menos opciones 5.92e-04%, menos opciones + pieza menos restrictiva 2.78e-05%, reinicios, menos opciones 8.78e-03%] (Knuth: ~32 días) | máximo colocado 52 de 64 | hilos 8 de 12
    ... 57.9 s | grupo 1/6 | 60029005 nodos | revisado 6.01e-04%, faltan ~104 días [menos opciones 6.01e-04%, menos opciones + pieza menos restrictiva 3.07e-05%, reinicios, menos opciones 9.31e-03%] (Knuth: ~32 días) | máximo colocado 52 de 64 | hilos 8 de 12
    ... 59.9 s | grupo 1/6 | 62264965 nodos | revisado 6.16e-04%, faltan ~106 días [menos opciones 6.16e-04%, menos opciones + pieza menos restrictiva 3.57e-05%, reinicios, menos opciones 9.47e-03%] (Knuth: ~32 días) | máximo colocado 52 de 64 | hilos 8 de 12
    ... 61.9 s | grupo 1/6 | 64503814 nodos | revisado 6.27e-04%, faltan ~107 días [menos opciones 6.27e-04%, menos opciones + pieza menos restrictiva 3.74e-05%, reinicios, menos opciones 9.72e-03%] (Knuth: ~32 días) | máximo colocado 52 de 64 | hilos 8 de 12
    ... 63.9 s | grupo 1/6 | 66722544 nodos | revisado 6.49e-04%, faltan ~107 días [menos opciones 6.49e-04%, menos opciones + pieza menos restrictiva 3.91e-05%, reinicios, menos opciones 9.91e-03%] (Knuth: ~32 días) | máximo colocado 52 de 64 | hilos 8 de 12
    ... 65.9 s | grupo 1/6 | 68967633 nodos | revisado 6.81e-04%, faltan ~106 días [menos opciones 6.81e-04%, menos opciones + pieza menos restrictiva 4.17e-05%, reinicios, menos opciones 0.010%] (Knuth: ~32 días) | máximo colocado 52 de 64 | hilos 8 de 12
    ... 67.9 s | grupo 1/6 | 71238835 nodos | revisado 7.53e-04%, faltan ~99 días [menos opciones 7.53e-04%, menos opciones + pieza menos restrictiva 4.43e-05%, reinicios, menos opciones 0.011%] (Knuth: ~32 días) | máximo colocado 52 de 64 | hilos 8 de 12
    ... 69.9 s | grupo 1/6 | 73463742 nodos | revisado 7.95e-04%, faltan ~96 días [menos opciones 7.95e-04%, menos opciones + pieza menos restrictiva 4.64e-05%, reinicios, menos opciones 0.011%] (Knuth: ~32 días) | máximo colocado 52 de 64 | hilos 8 de 12
    ... 71.9 s | grupo 1/6 | 75646121 nodos | revisado 8.55e-04%, faltan ~92 días [menos opciones 8.55e-04%, menos opciones + pieza menos restrictiva 4.78e-05%, reinicios, menos opciones 0.011%] (Knuth: ~32 días) | máximo colocado 52 de 64 | hilos 8 de 12
    ... 74.0 s | grupo 1/6 | 77811427 nodos | revisado 8.97e-04%, faltan ~91 días [menos opciones 8.97e-04%, menos opciones + pieza menos restrictiva 4.97e-05%, reinicios, menos opciones 0.011%] (Knuth: ~32 días) | máximo colocado 52 de 64 | hilos 8 de 12
    ... 76.0 s | grupo 1/6 | 80060170 nodos | revisado 9.28e-04%, faltan ~90 días [menos opciones 9.28e-04%, menos opciones + pieza menos restrictiva 5.26e-05%, reinicios, menos opciones 0.011%] (Knuth: ~32 días) | máximo colocado 52 de 64 | hilos 8 de 12
    ... 78.0 s | grupo 1/6 | 82297049 nodos | revisado 9.37e-04%, faltan ~92 días [menos opciones 9.37e-04%, menos opciones + pieza menos restrictiva 5.54e-05%, reinicios, menos opciones 0.011%] (Knuth: ~32 días) | máximo colocado 52 de 64 | hilos 8 de 12
    ... 80.0 s | grupo 1/6 | 84497283 nodos | revisado 9.48e-04%, faltan ~93 días [menos opciones 9.48e-04%, menos opciones + pieza menos restrictiva 5.68e-05%, reinicios, menos opciones 0.011%] (Knuth: ~32 días) | máximo colocado 52 de 64 | hilos 8 de 12
    ... 82.0 s | grupo 1/6 | 86672930 nodos | revisado 9.61e-04%, faltan ~94 días [menos opciones 9.61e-04%, menos opciones + pieza menos restrictiva 5.83e-05%, reinicios, menos opciones 0.012%] (Knuth: ~32 días) | máximo colocado 52 de 64 | hilos 8 de 12
    ... 84.0 s | grupo 1/6 | 88857182 nodos | revisado 9.84e-04%, faltan ~94 días [menos opciones 9.84e-04%, menos opciones + pieza menos restrictiva 5.89e-05%, reinicios, menos opciones 0.012%] (Knuth: ~32 días) | máximo colocado 52 de 64 | hilos 8 de 12
    ... 86.0 s | grupo 1/6 | 91046402 nodos | revisado 1.00e-03%, faltan ~95 días [menos opciones 1.00e-03%, menos opciones + pieza menos restrictiva 5.99e-05%, reinicios, menos opciones 0.012%] (Knuth: ~32 días) | máximo colocado 52 de 64 | hilos 8 de 12
    ... 88.0 s | grupo 1/6 | 93268908 nodos | revisado 1.04e-03%, faltan ~94 días [menos opciones 1.04e-03%, menos opciones + pieza menos restrictiva 6.07e-05%, reinicios, menos opciones 0.012%] (Knuth: ~32 días) | máximo colocado 52 de 64 | hilos 8 de 12
    ... 90.0 s | grupo 1/6 | 95455555 nodos | revisado 1.10e-03%, faltan ~91 días [menos opciones 1.10e-03%, menos opciones + pieza menos restrictiva 6.37e-05%, reinicios, menos opciones 0.012%] (Knuth: ~32 días) | máximo colocado 52 de 64 | hilos 8 de 12
    ... 92.0 s | grupo 1/6 | 97636827 nodos | revisado 1.16e-03%, faltan ~88 días [menos opciones 1.16e-03%, menos opciones + pieza menos restrictiva 6.86e-05%, reinicios, menos opciones 0.012%] (Knuth: ~32 días) | máximo colocado 52 de 64 | hilos 8 de 12
    ... 94.0 s | grupo 1/6 | 99861024 nodos | revisado 1.20e-03%, faltan ~87 días [menos opciones 1.20e-03%, menos opciones + pieza menos restrictiva 7.07e-05%, reinicios, menos opciones 0.013%] (Knuth: ~32 días) | máximo colocado 52 de 64 | hilos 8 de 12
    ... 96.0 s | grupo 1/6 | 102110165 nodos | revisado 1.23e-03%, faltan ~87 días [menos opciones 1.23e-03%, menos opciones + pieza menos restrictiva 7.19e-05%, reinicios, menos opciones 0.013%] (Knuth: ~32 días) | máximo colocado 52 de 64 | hilos 8 de 12
    ... 98.1 s | grupo 1/6 | 104336163 nodos | revisado 1.26e-03%, faltan ~87 días [menos opciones 1.26e-03%, menos opciones + pieza menos restrictiva 7.41e-05%, reinicios, menos opciones 0.013%] (Knuth: ~32 días) | máximo colocado 52 de 64 | hilos 8 de 12
    ... 100.1 s | grupo 1/6 | 106563383 nodos | revisado 1.31e-03%, faltan ~85 días [menos opciones 1.31e-03%, menos opciones + pieza menos restrictiva 7.49e-05%, reinicios, menos opciones 0.014%] (Knuth: ~32 días) | máximo colocado 52 de 64 | hilos 8 de 12
    ... 102.1 s | grupo 1/6 | 108788876 nodos | revisado 1.34e-03%, faltan ~85 días [menos opciones 1.34e-03%, menos opciones + pieza menos restrictiva 7.60e-05%, reinicios, menos opciones 0.014%] (Knuth: ~32 días) | máximo colocado 52 de 64 | hilos 8 de 12
    ... 104.1 s | grupo 1/6 | 110997614 nodos | revisado 1.38e-03%, faltan ~84 días [menos opciones 1.38e-03%, menos opciones + pieza menos restrictiva 7.72e-05%, reinicios, menos opciones 0.014%] (Knuth: ~32 días) | máximo colocado 52 de 64 | hilos 8 de 12
    ... 106.1 s | grupo 1/6 | 113215331 nodos | revisado 1.39e-03%, faltan ~85 días [menos opciones 1.39e-03%, menos opciones + pieza menos restrictiva 7.88e-05%, reinicios, menos opciones 0.014%] (Knuth: ~32 días) | máximo colocado 52 de 64 | hilos 8 de 12
    ... 108.1 s | grupo 1/6 | 115453440 nodos | revisado 1.40e-03%, faltan ~86 días [menos opciones 1.40e-03%, menos opciones + pieza menos restrictiva 8.02e-05%, reinicios, menos opciones 0.014%] (Knuth: ~32 días) | máximo colocado 52 de 64 | hilos 8 de 12
    ... 110.1 s | grupo 1/6 | 117675413 nodos | revisado 1.42e-03%, faltan ~87 días [menos opciones 1.42e-03%, menos opciones + pieza menos restrictiva 8.30e-05%, reinicios, menos opciones 0.015%] (Knuth: ~32 días) | máximo colocado 52 de 64 | hilos 8 de 12
    ... 112.1 s | grupo 1/6 | 119906041 nodos | revisado 1.44e-03%, faltan ~87 días [menos opciones 1.44e-03%, menos opciones + pieza menos restrictiva 8.53e-05%, reinicios, menos opciones 0.016%] (Knuth: ~32 días) | máximo colocado 52 de 64 | hilos 8 de 12
    ... 114.1 s | grupo 1/6 | 122141905 nodos | revisado 1.47e-03%, faltan ~87 días [menos opciones 1.47e-03%, menos opciones + pieza menos restrictiva 8.73e-05%, reinicios, menos opciones 0.016%] (Knuth: ~32 días) | máximo colocado 52 de 64 | hilos 8 de 12
    ... 116.1 s | grupo 1/6 | 124358715 nodos | revisado 1.49e-03%, faltan ~87 días [menos opciones 1.49e-03%, menos opciones + pieza menos restrictiva 8.95e-05%, reinicios, menos opciones 0.016%] (Knuth: ~32 días) | máximo colocado 52 de 64 | hilos 8 de 12
    ... 118.1 s | grupo 1/6 | 126593883 nodos | revisado 1.50e-03%, faltan ~88 días [menos opciones 1.50e-03%, menos opciones + pieza menos restrictiva 9.27e-05%, reinicios, menos opciones 0.017%] (Knuth: ~32 días) | máximo colocado 53 de 64 | hilos 8 de 12
    ... 120.2 s | grupo 1/6 | 128812790 nodos | revisado 1.51e-03%, faltan ~90 días [menos opciones 1.51e-03%, menos opciones + pieza menos restrictiva 9.47e-05%, reinicios, menos opciones 0.018%] (Knuth: ~32 días) | máximo colocado 53 de 64 | hilos 8 de 12
    ... 122.2 s | grupo 1/6 | 131038889 nodos | revisado 1.52e-03%, faltan ~90 días [menos opciones 1.52e-03%, menos opciones + pieza menos restrictiva 9.68e-05%, reinicios, menos opciones 0.018%] (Knuth: ~32 días) | máximo colocado 53 de 64 | hilos 8 de 12
    ... 124.2 s | grupo 1/6 | 133294445 nodos | revisado 1.55e-03%, faltan ~90 días [menos opciones 1.55e-03%, menos opciones + pieza menos restrictiva 1.02e-04%, reinicios, menos opciones 0.019%] (Knuth: ~32 días) | máximo colocado 53 de 64 | hilos 8 de 12
    ... 126.2 s | grupo 1/6 | 135509709 nodos | revisado 1.57e-03%, faltan ~90 días [menos opciones 1.57e-03%, menos opciones + pieza menos restrictiva 1.03e-04%, reinicios, menos opciones 0.019%] (Knuth: ~32 días) | máximo colocado 53 de 64 | hilos 8 de 12
    ... 128.2 s | grupo 1/6 | 137741923 nodos | revisado 1.61e-03%, faltan ~90 días [menos opciones 1.61e-03%, menos opciones + pieza menos restrictiva 1.05e-04%, reinicios, menos opciones 0.019%] (Knuth: ~32 días) | máximo colocado 53 de 64 | hilos 8 de 12
    ... 130.2 s | grupo 1/6 | 139963920 nodos | revisado 1.66e-03%, faltan ~89 días [menos opciones 1.66e-03%, menos opciones + pieza menos restrictiva 1.06e-04%, reinicios, menos opciones 0.019%] (Knuth: ~32 días) | máximo colocado 53 de 64 | hilos 8 de 12
    ... 132.2 s | grupo 1/6 | 142205554 nodos | revisado 1.77e-03%, faltan ~84 días [menos opciones 1.77e-03%, menos opciones + pieza menos restrictiva 1.07e-04%, reinicios, menos opciones 0.020%] (Knuth: ~32 días) | máximo colocado 53 de 64 | hilos 8 de 12
    ... 134.3 s | grupo 1/6 | 144429854 nodos | revisado 1.81e-03%, faltan ~83 días [menos opciones 1.81e-03%, menos opciones + pieza menos restrictiva 1.07e-04%, reinicios, menos opciones 0.020%] (Knuth: ~32 días) | máximo colocado 53 de 64 | hilos 8 de 12
    ... 136.3 s | grupo 1/6 | 146653988 nodos | revisado 1.87e-03%, faltan ~82 días [menos opciones 1.87e-03%, menos opciones + pieza menos restrictiva 1.09e-04%, reinicios, menos opciones 0.021%] (Knuth: ~32 días) | máximo colocado 53 de 64 | hilos 8 de 12
    ... 138.3 s | grupo 1/6 | 148866404 nodos | revisado 1.93e-03%, faltan ~81 días [menos opciones 1.93e-03%, menos opciones + pieza menos restrictiva 1.09e-04%, reinicios, menos opciones 0.021%] (Knuth: ~32 días) | máximo colocado 53 de 64 | hilos 8 de 12
    ... 140.3 s | grupo 1/6 | 151085969 nodos | revisado 1.99e-03%, faltan ~80 días [menos opciones 1.99e-03%, menos opciones + pieza menos restrictiva 1.11e-04%, reinicios, menos opciones 0.021%] (Knuth: ~32 días) | máximo colocado 53 de 64 | hilos 8 de 12
    ... 142.3 s | grupo 1/6 | 153296445 nodos | revisado 2.05e-03%, faltan ~78 días [menos opciones 2.05e-03%, menos opciones + pieza menos restrictiva 1.13e-04%, reinicios, menos opciones 0.021%] (Knuth: ~32 días) | máximo colocado 53 de 64 | hilos 8 de 12
    ... 144.3 s | grupo 1/6 | 155530167 nodos | revisado 2.11e-03%, faltan ~77 días [menos opciones 2.11e-03%, menos opciones + pieza menos restrictiva 1.15e-04%, reinicios, menos opciones 0.021%] (Knuth: ~32 días) | máximo colocado 53 de 64 | hilos 8 de 12
    ... 146.3 s | grupo 1/6 | 157725988 nodos | revisado 2.20e-03%, faltan ~75 días [menos opciones 2.20e-03%, menos opciones + pieza menos restrictiva 1.17e-04%, reinicios, menos opciones 0.022%] (Knuth: ~32 días) | máximo colocado 53 de 64 | hilos 8 de 12
    ... 148.3 s | grupo 1/6 | 159958555 nodos | revisado 2.25e-03%, faltan ~74 días [menos opciones 2.25e-03%, menos opciones + pieza menos restrictiva 1.19e-04%, reinicios, menos opciones 0.022%] (Knuth: ~32 días) | máximo colocado 53 de 64 | hilos 8 de 12
    ... 150.3 s | grupo 1/6 | 162192465 nodos | revisado 2.29e-03%, faltan ~74 días [menos opciones 2.29e-03%, menos opciones + pieza menos restrictiva 1.21e-04%, reinicios, menos opciones 0.023%] (Knuth: ~32 días) | máximo colocado 53 de 64 | hilos 8 de 12
    ... 152.3 s | grupo 1/6 | 164405656 nodos | revisado 2.32e-03%, faltan ~74 días [menos opciones 2.32e-03%, menos opciones + pieza menos restrictiva 1.24e-04%, reinicios, menos opciones 0.023%] (Knuth: ~32 días) | máximo colocado 53 de 64 | hilos 8 de 12
    ... 154.3 s | grupo 1/6 | 166611067 nodos | revisado 2.38e-03%, faltan ~73 días [menos opciones 2.38e-03%, menos opciones + pieza menos restrictiva 1.29e-04%, reinicios, menos opciones 0.023%] (Knuth: ~32 días) | máximo colocado 53 de 64 | hilos 8 de 12
    ... 156.3 s | grupo 1/6 | 168846040 nodos | revisado 2.43e-03%, faltan ~73 días [menos opciones 2.43e-03%, menos opciones + pieza menos restrictiva 1.31e-04%, reinicios, menos opciones 0.023%] (Knuth: ~32 días) | máximo colocado 53 de 64 | hilos 8 de 12
    ... 158.3 s | grupo 1/6 | 171085093 nodos | revisado 2.45e-03%, faltan ~73 días [menos opciones 2.45e-03%, menos opciones + pieza menos restrictiva 1.33e-04%, reinicios, menos opciones 0.024%] (Knuth: ~32 días) | máximo colocado 53 de 64 | hilos 8 de 12
    ... 160.3 s | grupo 1/6 | 173299902 nodos | revisado 2.47e-03%, faltan ~73 días [menos opciones 2.47e-03%, menos opciones + pieza menos restrictiva 1.35e-04%, reinicios, menos opciones 0.024%] (Knuth: ~32 días) | máximo colocado 53 de 64 | hilos 8 de 12
    ... 162.3 s | grupo 1/6 | 175539839 nodos | revisado 2.50e-03%, faltan ~74 días [menos opciones 2.50e-03%, menos opciones + pieza menos restrictiva 1.40e-04%, reinicios, menos opciones 0.024%] (Knuth: ~32 días) | máximo colocado 53 de 64 | hilos 8 de 12
    ... 164.3 s | grupo 1/6 | 177780541 nodos | revisado 2.51e-03%, faltan ~74 días [menos opciones 2.51e-03%, menos opciones + pieza menos restrictiva 1.44e-04%, reinicios, menos opciones 0.024%] (Knuth: ~32 días) | máximo colocado 53 de 64 | hilos 8 de 12
    ... 166.3 s | grupo 1/6 | 180009060 nodos | revisado 2.56e-03%, faltan ~74 días [menos opciones 2.56e-03%, menos opciones + pieza menos restrictiva 1.46e-04%, reinicios, menos opciones 0.025%] (Knuth: ~32 días) | máximo colocado 53 de 64 | hilos 8 de 12
    ... 168.4 s | grupo 1/6 | 182220416 nodos | revisado 2.63e-03%, faltan ~73 días [menos opciones 2.63e-03%, menos opciones + pieza menos restrictiva 1.49e-04%, reinicios, menos opciones 0.025%] (Knuth: ~32 días) | máximo colocado 53 de 64 | hilos 8 de 12
    ... 170.4 s | grupo 1/6 | 184417055 nodos | revisado 2.72e-03%, faltan ~71 días [menos opciones 2.72e-03%, menos opciones + pieza menos restrictiva 1.51e-04%, reinicios, menos opciones 0.025%] (Knuth: ~32 días) | máximo colocado 53 de 64 | hilos 8 de 12
    ... 172.4 s | grupo 1/6 | 186672435 nodos | revisado 2.76e-03%, faltan ~71 días [menos opciones 2.76e-03%, menos opciones + pieza menos restrictiva 1.54e-04%, reinicios, menos opciones 0.026%] (Knuth: ~32 días) | máximo colocado 53 de 64 | hilos 8 de 12
    ... 174.4 s | grupo 1/6 | 188893136 nodos | revisado 2.78e-03%, faltan ~71 días [menos opciones 2.78e-03%, menos opciones + pieza menos restrictiva 1.57e-04%, reinicios, menos opciones 0.026%] (Knuth: ~32 días) | máximo colocado 53 de 64 | hilos 8 de 12
    ... 176.4 s | grupo 1/6 | 191099202 nodos | revisado 2.88e-03%, faltan ~70 días [menos opciones 2.88e-03%, menos opciones + pieza menos restrictiva 1.58e-04%, reinicios, menos opciones 0.026%] (Knuth: ~32 días) | máximo colocado 53 de 64 | hilos 8 de 12
    ... 178.5 s | grupo 1/6 | 193332983 nodos | revisado 2.90e-03%, faltan ~70 días [menos opciones 2.90e-03%, menos opciones + pieza menos restrictiva 1.59e-04%, reinicios, menos opciones 0.026%] (Knuth: ~32 días) | máximo colocado 53 de 64 | hilos 8 de 12
    ... 180.5 s | grupo 1/6 | 195549809 nodos | revisado 2.93e-03%, faltan ~70 días [menos opciones 2.93e-03%, menos opciones + pieza menos restrictiva 1.62e-04%, reinicios, menos opciones 0.026%] (Knuth: ~32 días) | máximo colocado 53 de 64 | hilos 8 de 12
    ... 182.5 s | grupo 1/6 | 197807598 nodos | revisado 2.98e-03%, faltan ~70 días [menos opciones 2.98e-03%, menos opciones + pieza menos restrictiva 1.66e-04%, reinicios, menos opciones 0.026%] (Knuth: ~32 días) | máximo colocado 53 de 64 | hilos 8 de 12
    ... 184.5 s | grupo 1/6 | 200049494 nodos | revisado 3.02e-03%, faltan ~69 días [menos opciones 3.02e-03%, menos opciones + pieza menos restrictiva 1.71e-04%, reinicios, menos opciones 0.026%] (Knuth: ~32 días) | máximo colocado 53 de 64 | hilos 8 de 12
    ... 186.5 s | grupo 1/6 | 202286512 nodos | revisado 3.04e-03%, faltan ~70 días [menos opciones 3.04e-03%, menos opciones + pieza menos restrictiva 1.76e-04%, reinicios, menos opciones 0.026%] (Knuth: ~32 días) | máximo colocado 53 de 64 | hilos 8 de 12
    ... 188.5 s | grupo 1/6 | 204515294 nodos | revisado 3.09e-03%, faltan ~69 días [menos opciones 3.09e-03%, menos opciones + pieza menos restrictiva 1.77e-04%, reinicios, menos opciones 0.026%] (Knuth: ~32 días) | máximo colocado 53 de 64 | hilos 8 de 12
    ... 190.5 s | grupo 1/6 | 206751101 nodos | revisado 3.12e-03%, faltan ~69 días [menos opciones 3.12e-03%, menos opciones + pieza menos restrictiva 1.79e-04%, reinicios, menos opciones 0.026%] (Knuth: ~32 días) | máximo colocado 53 de 64 | hilos 8 de 12
    ... 192.5 s | grupo 1/6 | 208949894 nodos | revisado 3.13e-03%, faltan ~70 días [menos opciones 3.13e-03%, menos opciones + pieza menos restrictiva 1.79e-04%, reinicios, menos opciones 0.026%] (Knuth: ~32 días) | máximo colocado 53 de 64 | hilos 8 de 12
    ... 194.5 s | grupo 1/6 | 211151354 nodos | revisado 3.14e-03%, faltan ~70 días [menos opciones 3.14e-03%, menos opciones + pieza menos restrictiva 1.81e-04%, reinicios, menos opciones 0.026%] (Knuth: ~32 días) | máximo colocado 53 de 64 | hilos 8 de 12
    ... 196.6 s | grupo 1/6 | 213353018 nodos | revisado 3.15e-03%, faltan ~71 días [menos opciones 3.15e-03%, menos opciones + pieza menos restrictiva 1.82e-04%, reinicios, menos opciones 0.026%] (Knuth: ~32 días) | máximo colocado 53 de 64 | hilos 8 de 12
    ... 198.6 s | grupo 1/6 | 215547312 nodos | revisado 3.17e-03%, faltan ~71 días [menos opciones 3.17e-03%, menos opciones + pieza menos restrictiva 1.84e-04%, reinicios, menos opciones 0.026%] (Knuth: ~32 días) | máximo colocado 53 de 64 | hilos 8 de 12
    ... 200.6 s | grupo 1/6 | 217742469 nodos | revisado 3.17e-03%, faltan ~72 días [menos opciones 3.17e-03%, menos opciones + pieza menos restrictiva 1.86e-04%, reinicios, menos opciones 0.026%] (Knuth: ~32 días) | máximo colocado 53 de 64 | hilos 8 de 12
    ... 202.6 s | grupo 1/6 | 219931336 nodos | revisado 3.18e-03%, faltan ~72 días [menos opciones 3.18e-03%, menos opciones + pieza menos restrictiva 1.92e-04%, reinicios, menos opciones 0.026%] (Knuth: ~32 días) | máximo colocado 53 de 64 | hilos 8 de 12
    ... 204.6 s | grupo 1/6 | 222148662 nodos | revisado 3.19e-03%, faltan ~73 días [menos opciones 3.19e-03%, menos opciones + pieza menos restrictiva 1.96e-04%, reinicios, menos opciones 0.026%] (Knuth: ~32 días) | máximo colocado 53 de 64 | hilos 8 de 12
    ... 206.6 s | grupo 1/6 | 224368203 nodos | revisado 3.21e-03%, faltan ~73 días [menos opciones 3.21e-03%, menos opciones + pieza menos restrictiva 2.01e-04%, reinicios, menos opciones 0.026%] (Knuth: ~32 días) | máximo colocado 53 de 64 | hilos 8 de 12
    ... 208.6 s | grupo 1/6 | 226585779 nodos | revisado 3.23e-03%, faltan ~73 días [menos opciones 3.23e-03%, menos opciones + pieza menos restrictiva 2.05e-04%, reinicios, menos opciones 0.027%] (Knuth: ~32 días) | máximo colocado 53 de 64 | hilos 8 de 12
    ... 210.6 s | grupo 1/6 | 228802747 nodos | revisado 3.27e-03%, faltan ~73 días [menos opciones 3.27e-03%, menos opciones + pieza menos restrictiva 2.10e-04%, reinicios, menos opciones 0.027%] (Knuth: ~32 días) | máximo colocado 53 de 64 | hilos 8 de 12
    ... 212.6 s | grupo 1/6 | 231012223 nodos | revisado 3.29e-03%, faltan ~74 días [menos opciones 3.29e-03%, menos opciones + pieza menos restrictiva 2.12e-04%, reinicios, menos opciones 0.027%] (Knuth: ~32 días) | máximo colocado 53 de 64 | hilos 8 de 12
    ... 214.6 s | grupo 1/6 | 233235164 nodos | revisado 3.34e-03%, faltan ~73 días [menos opciones 3.34e-03%, menos opciones + pieza menos restrictiva 2.13e-04%, reinicios, menos opciones 0.027%] (Knuth: ~32 días) | máximo colocado 53 de 64 | hilos 8 de 12
    ... 216.7 s | grupo 1/6 | 235447178 nodos | revisado 3.36e-03%, faltan ~73 días [menos opciones 3.36e-03%, menos opciones + pieza menos restrictiva 2.15e-04%, reinicios, menos opciones 0.029%] (Knuth: ~32 días) | máximo colocado 53 de 64 | hilos 8 de 12
    ... 218.7 s | grupo 1/6 | 237650498 nodos | revisado 3.37e-03%, faltan ~74 días [menos opciones 3.37e-03%, menos opciones + pieza menos restrictiva 2.15e-04%, reinicios, menos opciones 0.029%] (Knuth: ~32 días) | máximo colocado 53 de 64 | hilos 8 de 12
    ... 220.7 s | grupo 1/6 | 239848541 nodos | revisado 3.38e-03%, faltan ~74 días [menos opciones 3.38e-03%, menos opciones + pieza menos restrictiva 2.17e-04%, reinicios, menos opciones 0.029%] (Knuth: ~32 días) | máximo colocado 53 de 64 | hilos 8 de 12
    ... 222.7 s | grupo 1/6 | 242052314 nodos | revisado 3.41e-03%, faltan ~74 días [menos opciones 3.41e-03%, menos opciones + pieza menos restrictiva 2.18e-04%, reinicios, menos opciones 0.029%] (Knuth: ~32 días) | máximo colocado 53 de 64 | hilos 8 de 12
    ... 224.7 s | grupo 1/6 | 244264642 nodos | revisado 3.42e-03%, faltan ~75 días [menos opciones 3.42e-03%, menos opciones + pieza menos restrictiva 2.21e-04%, reinicios, menos opciones 0.029%] (Knuth: ~32 días) | máximo colocado 53 de 64 | hilos 8 de 12
    ... 226.7 s | grupo 1/6 | 246478954 nodos | revisado 3.43e-03%, faltan ~75 días [menos opciones 3.43e-03%, menos opciones + pieza menos restrictiva 2.23e-04%, reinicios, menos opciones 0.030%] (Knuth: ~32 días) | máximo colocado 53 de 64 | hilos 8 de 12
    ... 228.7 s | grupo 1/6 | 248699871 nodos | revisado 3.47e-03%, faltan ~75 días [menos opciones 3.47e-03%, menos opciones + pieza menos restrictiva 2.25e-04%, reinicios, menos opciones 0.030%] (Knuth: ~32 días) | máximo colocado 53 de 64 | hilos 8 de 12
    ... 230.7 s | grupo 1/6 | 250889248 nodos | revisado 3.49e-03%, faltan ~75 días [menos opciones 3.49e-03%, menos opciones + pieza menos restrictiva 2.27e-04%, reinicios, menos opciones 0.030%] (Knuth: ~32 días) | máximo colocado 53 de 64 | hilos 8 de 12
    ... 232.7 s | grupo 1/6 | 253123254 nodos | revisado 3.51e-03%, faltan ~75 días [menos opciones 3.51e-03%, menos opciones + pieza menos restrictiva 2.29e-04%, reinicios, menos opciones 0.030%] (Knuth: ~32 días) | máximo colocado 53 de 64 | hilos 8 de 12
    ... 234.7 s | grupo 1/6 | 255366876 nodos | revisado 3.54e-03%, faltan ~75 días [menos opciones 3.54e-03%, menos opciones + pieza menos restrictiva 2.32e-04%, reinicios, menos opciones 0.031%] (Knuth: ~32 días) | máximo colocado 53 de 64 | hilos 8 de 12
    ... 236.7 s | grupo 1/6 | 257591994 nodos | revisado 3.59e-03%, faltan ~75 días [menos opciones 3.59e-03%, menos opciones + pieza menos restrictiva 2.36e-04%, reinicios, menos opciones 0.033%] (Knuth: ~32 días) | máximo colocado 53 de 64 | hilos 8 de 12
    ... 238.7 s | grupo 1/6 | 259824766 nodos | revisado 3.62e-03%, faltan ~75 días [menos opciones 3.62e-03%, menos opciones + pieza menos restrictiva 2.40e-04%, reinicios, menos opciones 0.033%] (Knuth: ~32 días) | máximo colocado 53 de 64 | hilos 8 de 12
    ... 240.7 s | grupo 1/6 | 262023517 nodos | revisado 3.64e-03%, faltan ~75 días [menos opciones 3.64e-03%, menos opciones + pieza menos restrictiva 2.46e-04%, reinicios, menos opciones 0.033%] (Knuth: ~32 días) | máximo colocado 53 de 64 | hilos 8 de 12
    ... 242.7 s | grupo 1/6 | 264093954 nodos | revisado 3.67e-03%, faltan ~75 días [menos opciones 3.67e-03%, menos opciones + pieza menos restrictiva 2.50e-04%, reinicios, menos opciones 0.033%] (Knuth: ~32 días) | máximo colocado 53 de 64 | hilos 8 de 12
    ... 244.8 s | grupo 1/6 | 266290144 nodos | revisado 3.68e-03%, faltan ~76 días [menos opciones 3.68e-03%, menos opciones + pieza menos restrictiva 2.53e-04%, reinicios, menos opciones 0.033%] (Knuth: ~32 días) | máximo colocado 53 de 64 | hilos 8 de 12
    ... 246.8 s | grupo 1/6 | 268495947 nodos | revisado 3.71e-03%, faltan ~76 días [menos opciones 3.71e-03%, menos opciones + pieza menos restrictiva 2.55e-04%, reinicios, menos opciones 0.034%] (Knuth: ~32 días) | máximo colocado 53 de 64 | hilos 8 de 12
    ... 248.8 s | grupo 1/6 | 270730600 nodos | revisado 3.72e-03%, faltan ~76 días [menos opciones 3.72e-03%, menos opciones + pieza menos restrictiva 2.58e-04%, reinicios, menos opciones 0.034%] (Knuth: ~32 días) | máximo colocado 53 de 64 | hilos 8 de 12
    ... 250.8 s | grupo 1/6 | 272981480 nodos | revisado 3.73e-03%, faltan ~77 días [menos opciones 3.73e-03%, menos opciones + pieza menos restrictiva 2.60e-04%, reinicios, menos opciones 0.034%] (Knuth: ~32 días) | máximo colocado 53 de 64 | hilos 8 de 12
    ... 252.8 s | grupo 1/6 | 275211996 nodos | revisado 3.79e-03%, faltan ~76 días [menos opciones 3.79e-03%, menos opciones + pieza menos restrictiva 2.66e-04%, reinicios, menos opciones 0.034%] (Knuth: ~32 días) | máximo colocado 53 de 64 | hilos 8 de 12
    ... 254.8 s | grupo 1/6 | 277437511 nodos | revisado 3.82e-03%, faltan ~76 días [menos opciones 3.82e-03%, menos opciones + pieza menos restrictiva 2.72e-04%, reinicios, menos opciones 0.034%] (Knuth: ~32 días) | máximo colocado 53 de 64 | hilos 8 de 12
    ... 256.8 s | grupo 1/6 | 279648333 nodos | revisado 3.86e-03%, faltan ~76 días [menos opciones 3.86e-03%, menos opciones + pieza menos restrictiva 2.76e-04%, reinicios, menos opciones 0.034%] (Knuth: ~32 días) | máximo colocado 53 de 64 | hilos 8 de 12
    ... 258.8 s | grupo 1/6 | 281902693 nodos | revisado 3.90e-03%, faltan ~76 días [menos opciones 3.90e-03%, menos opciones + pieza menos restrictiva 2.81e-04%, reinicios, menos opciones 0.035%] (Knuth: ~32 días) | máximo colocado 53 de 64 | hilos 8 de 12
    ... 260.9 s | grupo 1/6 | 284124519 nodos | revisado 3.94e-03%, faltan ~76 días [menos opciones 3.94e-03%, menos opciones + pieza menos restrictiva 2.92e-04%, reinicios, menos opciones 0.035%] (Knuth: ~32 días) | máximo colocado 53 de 64 | hilos 8 de 12
    ... 262.9 s | grupo 1/6 | 286389298 nodos | revisado 3.96e-03%, faltan ~76 días [menos opciones 3.96e-03%, menos opciones + pieza menos restrictiva 2.96e-04%, reinicios, menos opciones 0.035%] (Knuth: ~32 días) | máximo colocado 53 de 64 | hilos 8 de 12
    ... 264.9 s | grupo 1/6 | 288626832 nodos | revisado 3.99e-03%, faltan ~76 días [menos opciones 3.99e-03%, menos opciones + pieza menos restrictiva 2.99e-04%, reinicios, menos opciones 0.035%] (Knuth: ~32 días) | máximo colocado 53 de 64 | hilos 8 de 12
    ... 266.9 s | grupo 1/6 | 290844192 nodos | revisado 4.02e-03%, faltan ~76 días [menos opciones 4.02e-03%, menos opciones + pieza menos restrictiva 3.03e-04%, reinicios, menos opciones 0.035%] (Knuth: ~32 días) | máximo colocado 53 de 64 | hilos 8 de 12
    ... 268.9 s | grupo 1/6 | 293077102 nodos | revisado 4.06e-03%, faltan ~76 días [menos opciones 4.06e-03%, menos opciones + pieza menos restrictiva 3.16e-04%, reinicios, menos opciones 0.036%] (Knuth: ~32 días) | máximo colocado 53 de 64 | hilos 8 de 12
    ... 270.9 s | grupo 1/6 | 295337520 nodos | revisado 4.07e-03%, faltan ~76 días [menos opciones 4.07e-03%, menos opciones + pieza menos restrictiva 3.33e-04%, reinicios, menos opciones 0.036%] (Knuth: ~32 días) | máximo colocado 53 de 64 | hilos 8 de 12
    ... 272.9 s | grupo 1/6 | 297568689 nodos | revisado 4.10e-03%, faltan ~76 días [menos opciones 4.10e-03%, menos opciones + pieza menos restrictiva 3.39e-04%, reinicios, menos opciones 0.036%] (Knuth: ~32 días) | máximo colocado 53 de 64 | hilos 8 de 12
    ... 275.0 s | grupo 1/6 | 299763434 nodos | revisado 4.16e-03%, faltan ~76 días [menos opciones 4.16e-03%, menos opciones + pieza menos restrictiva 3.48e-04%, reinicios, menos opciones 0.037%] (Knuth: ~32 días) | máximo colocado 53 de 64 | hilos 8 de 12
    ... 277.0 s | grupo 1/6 | 301981497 nodos | revisado 4.20e-03%, faltan ~75 días [menos opciones 4.20e-03%, menos opciones + pieza menos restrictiva 3.56e-04%, reinicios, menos opciones 0.037%] (Knuth: ~32 días) | máximo colocado 53 de 64 | hilos 8 de 12
    ... 279.0 s | grupo 1/6 | 304209546 nodos | revisado 4.24e-03%, faltan ~75 días [menos opciones 4.24e-03%, menos opciones + pieza menos restrictiva 3.67e-04%, reinicios, menos opciones 0.037%] (Knuth: ~32 días) | máximo colocado 53 de 64 | hilos 8 de 12
    ... 281.0 s | grupo 1/6 | 306360602 nodos | revisado 4.27e-03%, faltan ~75 días [menos opciones 4.27e-03%, menos opciones + pieza menos restrictiva 3.75e-04%, reinicios, menos opciones 0.037%] (Knuth: ~32 días) | máximo colocado 53 de 64 | hilos 8 de 12
    ... 283.0 s | grupo 1/6 | 308586897 nodos | revisado 4.29e-03%, faltan ~75 días [menos opciones 4.29e-03%, menos opciones + pieza menos restrictiva 3.90e-04%, reinicios, menos opciones 0.037%] (Knuth: ~32 días) | máximo colocado 53 de 64 | hilos 8 de 12
    ... 285.0 s | grupo 1/6 | 310812563 nodos | revisado 4.29e-03%, faltan ~76 días [menos opciones 4.29e-03%, menos opciones + pieza menos restrictiva 4.10e-04%, reinicios, menos opciones 0.037%] (Knuth: ~32 días) | máximo colocado 53 de 64 | hilos 8 de 12
    ... 287.0 s | grupo 1/6 | 313047348 nodos | revisado 4.29e-03%, faltan ~76 días [menos opciones 4.29e-03%, menos opciones + pieza menos restrictiva 4.14e-04%, reinicios, menos opciones 0.037%] (Knuth: ~32 días) | máximo colocado 53 de 64 | hilos 8 de 12
    ... 289.0 s | grupo 1/6 | 315291448 nodos | revisado 4.30e-03%, faltan ~77 días [menos opciones 4.30e-03%, menos opciones + pieza menos restrictiva 4.16e-04%, reinicios, menos opciones 0.038%] (Knuth: ~32 días) | máximo colocado 53 de 64 | hilos 8 de 12
    ... 291.0 s | grupo 1/6 | 317504253 nodos | revisado 4.31e-03%, faltan ~77 días [menos opciones 4.31e-03%, menos opciones + pieza menos restrictiva 4.17e-04%, reinicios, menos opciones 0.038%] (Knuth: ~32 días) | máximo colocado 53 de 64 | hilos 8 de 12
    ... 293.0 s | grupo 1/6 | 319733413 nodos | revisado 4.32e-03%, faltan ~78 días [menos opciones 4.32e-03%, menos opciones + pieza menos restrictiva 4.19e-04%, reinicios, menos opciones 0.038%] (Knuth: ~32 días) | máximo colocado 53 de 64 | hilos 8 de 12
    ... 295.0 s | grupo 1/6 | 321950607 nodos | revisado 4.34e-03%, faltan ~78 días [menos opciones 4.34e-03%, menos opciones + pieza menos restrictiva 4.22e-04%, reinicios, menos opciones 0.038%] (Knuth: ~32 días) | máximo colocado 53 de 64 | hilos 8 de 12
    ... 297.0 s | grupo 1/6 | 324166244 nodos | revisado 4.34e-03%, faltan ~78 días [menos opciones 4.34e-03%, menos opciones + pieza menos restrictiva 4.24e-04%, reinicios, menos opciones 0.038%] (Knuth: ~32 días) | máximo colocado 53 de 64 | hilos 8 de 12
    ... 299.0 s | grupo 1/6 | 326385025 nodos | revisado 4.36e-03%, faltan ~78 días [menos opciones 4.36e-03%, menos opciones + pieza menos restrictiva 4.27e-04%, reinicios, menos opciones 0.038%] (Knuth: ~32 días) | máximo colocado 53 de 64 | hilos 8 de 12
[4] Grupo 1: cortado por límite de tiempo
[5] Tiempo total: 5 min
RESULTADO resuelto=0 ms=300013.3 marcos=0 nodos=327447552 grupos=1/6 hilos=12 t_marcos=0.000 t_interior=296.359 lados=0 unificado=1 max_colocadas=53 motivo=limite
