[0] Tablero 8x8, 11 colores, 12 hilos
[1] Esquina fija (3,4). 6 grupos, orden por coste: 6.6e+16 6.6e+16 6.67e+16 6.67e+16 6.67e+16 6.67e+16
    grupo 1, orden menos opciones: estimado 1.11e+12 nodos
    grupo 1, orden interior primero: estimado 5.52e+11 nodos
    grupo 2, orden menos opciones: estimado 1.29e+12 nodos
    grupo 2, orden interior primero: estimado 8.71e+11 nodos
    grupo 3, orden menos opciones: estimado 1.7e+12 nodos
    grupo 3, orden interior primero: estimado 7.2e+11 nodos
    grupo 4, orden menos opciones: estimado 1.41e+12 nodos
    grupo 4, orden interior primero: estimado 7.67e+11 nodos
    grupo 5, orden menos opciones: estimado 1.39e+12 nodos
    grupo 5, orden interior primero: estimado 6.04e+11 nodos
    grupo 6, orden menos opciones: estimado 9.55e+11 nodos
    grupo 6, orden interior primero: estimado 9.43e+11 nodos
[1] Estimado de Knuth por grupo (nodos): 1.11e+12 1.29e+12 1.7e+12 1.41e+12 1.39e+12 9.55e+11   (i) = interior primero
[2] Grupo 1/6: ruta unificada (mapas por lado), orden: PORTAFOLIO de 4 equipos (2 órdenes, normal y al azar)
    ... 5.7 s | grupo 1/6 | 2094050 nodos | revisado 3.99e-04%, faltan ~6 días [menos opciones 3.99e-04%, menos opciones + pieza menos restrictiva 4.66e-06%, reinicios, menos opciones 1.83e-03%] (Knuth: ~12 días) | máximo colocado 50 de 64 | hilos 8 de 12
    ... 7.7 s | grupo 1/6 | 4194865 nodos | revisado 4.97e-04%, faltan ~9 días [menos opciones 4.97e-04%, menos opciones + pieza menos restrictiva 1.14e-05%, reinicios, menos opciones 2.92e-03%] (Knuth: ~12 días) | máximo colocado 50 de 64 | hilos 8 de 12
    ... 9.7 s | grupo 1/6 | 6306337 nodos | revisado 5.62e-04%, faltan ~12 días [menos opciones 5.62e-04%, menos opciones + pieza menos restrictiva 2.20e-05%, reinicios, menos opciones 3.31e-03%] (Knuth: ~12 días) | máximo colocado 50 de 64 | hilos 8 de 12
    ... 11.7 s | grupo 1/6 | 8408458 nodos | revisado 6.00e-04%, faltan ~16 días [menos opciones 6.00e-04%, menos opciones + pieza menos restrictiva 3.35e-05%, reinicios, menos opciones 6.29e-03%] (Knuth: ~12 días) | máximo colocado 50 de 64 | hilos 8 de 12
    ... 13.7 s | grupo 1/6 | 10526040 nodos | revisado 6.78e-04%, faltan ~17 días [menos opciones 6.78e-04%, menos opciones + pieza menos restrictiva 4.66e-05%, reinicios, menos opciones 7.73e-03%] (Knuth: ~12 días) | máximo colocado 51 de 64 | hilos 8 de 12
    ... 15.7 s | grupo 1/6 | 12629443 nodos | revisado 7.46e-04%, faltan ~19 días [menos opciones 7.46e-04%, menos opciones + pieza menos restrictiva 5.53e-05%, reinicios, menos opciones 9.64e-03%] (Knuth: ~12 días) | máximo colocado 51 de 64 | hilos 8 de 12
    ... 17.7 s | grupo 1/6 | 14728617 nodos | revisado 8.64e-04%, faltan ~19 días [menos opciones 8.64e-04%, menos opciones + pieza menos restrictiva 5.99e-05%, reinicios, menos opciones 0.010%] (Knuth: ~12 días) | máximo colocado 51 de 64 | hilos 8 de 12
    ... 19.7 s | grupo 1/6 | 16809466 nodos | revisado 1.14e-03%, faltan ~16 días [menos opciones 1.14e-03%, menos opciones + pieza menos restrictiva 7.12e-05%, reinicios, menos opciones 0.010%] (Knuth: ~12 días) | máximo colocado 51 de 64 | hilos 8 de 12
    ... 21.8 s | grupo 1/6 | 18902280 nodos | revisado 1.16e-03%, faltan ~18 días [menos opciones 1.16e-03%, menos opciones + pieza menos restrictiva 8.76e-05%, reinicios, menos opciones 0.011%] (Knuth: ~12 días) | máximo colocado 51 de 64 | hilos 8 de 12
    ... 23.8 s | grupo 1/6 | 20992234 nodos | revisado 1.20e-03%, faltan ~19 días [menos opciones 1.20e-03%, menos opciones + pieza menos restrictiva 1.13e-04%, reinicios, menos opciones 0.012%] (Knuth: ~12 días) | máximo colocado 51 de 64 | hilos 8 de 12
    ... 25.8 s | grupo 1/6 | 23081645 nodos | revisado 1.23e-03%, faltan ~21 días [menos opciones 1.23e-03%, menos opciones + pieza menos restrictiva 1.25e-04%, reinicios, menos opciones 0.018%] (Knuth: ~12 días) | máximo colocado 51 de 64 | hilos 8 de 12
    ... 27.8 s | grupo 1/6 | 25227076 nodos | revisado 1.27e-03%, faltan ~22 días [menos opciones 1.27e-03%, menos opciones + pieza menos restrictiva 1.38e-04%, reinicios, menos opciones 0.020%] (Knuth: ~12 días) | máximo colocado 51 de 64 | hilos 8 de 12
    ... 29.8 s | grupo 1/6 | 27304086 nodos | revisado 1.33e-03%, faltan ~23 días [menos opciones 1.33e-03%, menos opciones + pieza menos restrictiva 1.58e-04%, reinicios, menos opciones 0.020%] (Knuth: ~12 días) | máximo colocado 52 de 64 | hilos 8 de 12
    ... 31.8 s | grupo 1/6 | 29387780 nodos | revisado 1.38e-03%, faltan ~24 días [menos opciones 1.38e-03%, menos opciones + pieza menos restrictiva 1.70e-04%, reinicios, menos opciones 0.021%] (Knuth: ~12 días) | máximo colocado 52 de 64 | hilos 8 de 12
    ... 33.8 s | grupo 1/6 | 31460845 nodos | revisado 1.40e-03%, faltan ~25 días [menos opciones 1.40e-03%, menos opciones + pieza menos restrictiva 1.89e-04%, reinicios, menos opciones 0.022%] (Knuth: ~12 días) | máximo colocado 52 de 64 | hilos 8 de 12
    ... 35.8 s | grupo 1/6 | 33545410 nodos | revisado 1.43e-03%, faltan ~26 días [menos opciones 1.43e-03%, menos opciones + pieza menos restrictiva 2.20e-04%, reinicios, menos opciones 0.023%] (Knuth: ~12 días) | máximo colocado 52 de 64 | hilos 8 de 12
    ... 37.9 s | grupo 1/6 | 35673572 nodos | revisado 1.45e-03%, faltan ~27 días [menos opciones 1.45e-03%, menos opciones + pieza menos restrictiva 2.30e-04%, reinicios, menos opciones 0.023%] (Knuth: ~12 días) | máximo colocado 52 de 64 | hilos 8 de 12
    ... 39.9 s | grupo 1/6 | 37767362 nodos | revisado 1.47e-03%, faltan ~28 días [menos opciones 1.47e-03%, menos opciones + pieza menos restrictiva 2.36e-04%, reinicios, menos opciones 0.023%] (Knuth: ~12 días) | máximo colocado 52 de 64 | hilos 8 de 12
    ... 41.9 s | grupo 1/6 | 39884797 nodos | revisado 1.49e-03%, faltan ~30 días [menos opciones 1.49e-03%, menos opciones + pieza menos restrictiva 2.40e-04%, reinicios, menos opciones 0.024%] (Knuth: ~12 días) | máximo colocado 52 de 64 | hilos 8 de 12
    ... 43.9 s | grupo 1/6 | 42012623 nodos | revisado 1.51e-03%, faltan ~31 días [menos opciones 1.51e-03%, menos opciones + pieza menos restrictiva 2.54e-04%, reinicios, menos opciones 0.025%] (Knuth: ~12 días) | máximo colocado 52 de 64 | hilos 8 de 12
    ... 45.9 s | grupo 1/6 | 44138458 nodos | revisado 1.53e-03%, faltan ~32 días [menos opciones 1.53e-03%, menos opciones + pieza menos restrictiva 2.64e-04%, reinicios, menos opciones 0.025%] (Knuth: ~12 días) | máximo colocado 52 de 64 | hilos 8 de 12
    ... 47.9 s | grupo 1/6 | 46251801 nodos | revisado 1.55e-03%, faltan ~33 días [menos opciones 1.55e-03%, menos opciones + pieza menos restrictiva 2.76e-04%, reinicios, menos opciones 0.026%] (Knuth: ~12 días) | máximo colocado 52 de 64 | hilos 8 de 12
    ... 49.9 s | grupo 1/6 | 48381638 nodos | revisado 1.56e-03%, faltan ~34 días [menos opciones 1.56e-03%, menos opciones + pieza menos restrictiva 2.89e-04%, reinicios, menos opciones 0.027%] (Knuth: ~12 días) | máximo colocado 52 de 64 | hilos 8 de 12
    ... 51.9 s | grupo 1/6 | 50515143 nodos | revisado 1.60e-03%, faltan ~35 días [menos opciones 1.60e-03%, menos opciones + pieza menos restrictiva 3.03e-04%, reinicios, menos opciones 0.028%] (Knuth: ~12 días) | máximo colocado 52 de 64 | hilos 8 de 12
    ... 53.9 s | grupo 1/6 | 52615783 nodos | revisado 1.62e-03%, faltan ~36 días [menos opciones 1.62e-03%, menos opciones + pieza menos restrictiva 3.12e-04%, reinicios, menos opciones 0.031%] (Knuth: ~12 días) | máximo colocado 52 de 64 | hilos 8 de 12
    ... 55.9 s | grupo 1/6 | 54695280 nodos | revisado 1.67e-03%, faltan ~36 días [menos opciones 1.67e-03%, menos opciones + pieza menos restrictiva 3.24e-04%, reinicios, menos opciones 0.033%] (Knuth: ~12 días) | máximo colocado 52 de 64 | hilos 8 de 12
    ... 57.9 s | grupo 1/6 | 56807053 nodos | revisado 1.68e-03%, faltan ~37 días [menos opciones 1.68e-03%, menos opciones + pieza menos restrictiva 3.32e-04%, reinicios, menos opciones 0.034%] (Knuth: ~12 días) | máximo colocado 52 de 64 | hilos 8 de 12
    ... 59.9 s | grupo 1/6 | 58927894 nodos | revisado 1.71e-03%, faltan ~38 días [menos opciones 1.71e-03%, menos opciones + pieza menos restrictiva 3.40e-04%, reinicios, menos opciones 0.034%] (Knuth: ~12 días) | máximo colocado 52 de 64 | hilos 8 de 12
    ... 61.9 s | grupo 1/6 | 61052653 nodos | revisado 1.74e-03%, faltan ~39 días [menos opciones 1.74e-03%, menos opciones + pieza menos restrictiva 3.49e-04%, reinicios, menos opciones 0.036%] (Knuth: ~12 días) | máximo colocado 52 de 64 | hilos 8 de 12
    ... 64.0 s | grupo 1/6 | 63180854 nodos | revisado 1.77e-03%, faltan ~40 días [menos opciones 1.77e-03%, menos opciones + pieza menos restrictiva 3.57e-04%, reinicios, menos opciones 0.038%] (Knuth: ~12 días) | máximo colocado 52 de 64 | hilos 8 de 12
    ... 66.0 s | grupo 1/6 | 65307402 nodos | revisado 1.81e-03%, faltan ~40 días [menos opciones 1.81e-03%, menos opciones + pieza menos restrictiva 3.62e-04%, reinicios, menos opciones 0.039%] (Knuth: ~12 días) | máximo colocado 52 de 64 | hilos 8 de 12
    ... 68.0 s | grupo 1/6 | 67456947 nodos | revisado 1.88e-03%, faltan ~40 días [menos opciones 1.88e-03%, menos opciones + pieza menos restrictiva 3.73e-04%, reinicios, menos opciones 0.040%] (Knuth: ~12 días) | máximo colocado 52 de 64 | hilos 8 de 12
    ... 70.0 s | grupo 1/6 | 69593278 nodos | revisado 1.97e-03%, faltan ~39 días [menos opciones 1.97e-03%, menos opciones + pieza menos restrictiva 3.89e-04%, reinicios, menos opciones 0.041%] (Knuth: ~12 días) | máximo colocado 52 de 64 | hilos 8 de 12
    ... 72.0 s | grupo 1/6 | 71705975 nodos | revisado 2.06e-03%, faltan ~38 días [menos opciones 2.06e-03%, menos opciones + pieza menos restrictiva 3.92e-04%, reinicios, menos opciones 0.042%] (Knuth: ~12 días) | máximo colocado 52 de 64 | hilos 8 de 12
    ... 74.0 s | grupo 1/6 | 73842707 nodos | revisado 2.19e-03%, faltan ~37 días [menos opciones 2.19e-03%, menos opciones + pieza menos restrictiva 3.97e-04%, reinicios, menos opciones 0.043%] (Knuth: ~12 días) | máximo colocado 52 de 64 | hilos 8 de 12
    ... 76.0 s | grupo 1/6 | 75965466 nodos | revisado 2.30e-03%, faltan ~36 días [menos opciones 2.30e-03%, menos opciones + pieza menos restrictiva 4.03e-04%, reinicios, menos opciones 0.043%] (Knuth: ~12 días) | máximo colocado 52 de 64 | hilos 8 de 12
    ... 78.0 s | grupo 1/6 | 78104382 nodos | revisado 2.41e-03%, faltan ~36 días [menos opciones 2.41e-03%, menos opciones + pieza menos restrictiva 4.09e-04%, reinicios, menos opciones 0.043%] (Knuth: ~12 días) | máximo colocado 52 de 64 | hilos 8 de 12
    ... 80.0 s | grupo 1/6 | 80231027 nodos | revisado 2.53e-03%, faltan ~35 días [menos opciones 2.53e-03%, menos opciones + pieza menos restrictiva 4.14e-04%, reinicios, menos opciones 0.044%] (Knuth: ~12 días) | máximo colocado 54 de 64 | hilos 8 de 12
    ... 82.0 s | grupo 1/6 | 82349596 nodos | revisado 2.61e-03%, faltan ~35 días [menos opciones 2.61e-03%, menos opciones + pieza menos restrictiva 4.23e-04%, reinicios, menos opciones 0.044%] (Knuth: ~12 días) | máximo colocado 54 de 64 | hilos 8 de 12
    ... 84.1 s | grupo 1/6 | 84456427 nodos | revisado 2.66e-03%, faltan ~35 días [menos opciones 2.66e-03%, menos opciones + pieza menos restrictiva 4.36e-04%, reinicios, menos opciones 0.045%] (Knuth: ~12 días) | máximo colocado 54 de 64 | hilos 8 de 12
    ... 86.1 s | grupo 1/6 | 86568357 nodos | revisado 2.78e-03%, faltan ~34 días [menos opciones 2.78e-03%, menos opciones + pieza menos restrictiva 4.43e-04%, reinicios, menos opciones 0.045%] (Knuth: ~12 días) | máximo colocado 54 de 64 | hilos 8 de 12
    ... 88.1 s | grupo 1/6 | 88657809 nodos | revisado 2.90e-03%, faltan ~34 días [menos opciones 2.90e-03%, menos opciones + pieza menos restrictiva 4.50e-04%, reinicios, menos opciones 0.046%] (Knuth: ~12 días) | máximo colocado 54 de 64 | hilos 8 de 12
    ... 90.1 s | grupo 1/6 | 90742140 nodos | revisado 3.00e-03%, faltan ~33 días [menos opciones 3.00e-03%, menos opciones + pieza menos restrictiva 4.60e-04%, reinicios, menos opciones 0.047%] (Knuth: ~12 días) | máximo colocado 54 de 64 | hilos 8 de 12
    ... 92.1 s | grupo 1/6 | 92820264 nodos | revisado 3.05e-03%, faltan ~34 días [menos opciones 3.05e-03%, menos opciones + pieza menos restrictiva 4.66e-04%, reinicios, menos opciones 0.047%] (Knuth: ~12 días) | máximo colocado 54 de 64 | hilos 8 de 12
    ... 94.1 s | grupo 1/6 | 94918186 nodos | revisado 3.09e-03%, faltan ~34 días [menos opciones 3.09e-03%, menos opciones + pieza menos restrictiva 4.73e-04%, reinicios, menos opciones 0.048%] (Knuth: ~12 días) | máximo colocado 54 de 64 | hilos 8 de 12
    ... 96.1 s | grupo 1/6 | 97010908 nodos | revisado 3.15e-03%, faltan ~34 días [menos opciones 3.15e-03%, menos opciones + pieza menos restrictiva 4.78e-04%, reinicios, menos opciones 0.049%] (Knuth: ~12 días) | máximo colocado 54 de 64 | hilos 8 de 12
    ... 98.1 s | grupo 1/6 | 99073415 nodos | revisado 3.19e-03%, faltan ~34 días [menos opciones 3.19e-03%, menos opciones + pieza menos restrictiva 4.84e-04%, reinicios, menos opciones 0.051%] (Knuth: ~12 días) | máximo colocado 54 de 64 | hilos 8 de 12
    ... 100.1 s | grupo 1/6 | 101140996 nodos | revisado 3.24e-03%, faltan ~34 días [menos opciones 3.24e-03%, menos opciones + pieza menos restrictiva 4.89e-04%, reinicios, menos opciones 0.051%] (Knuth: ~12 días) | máximo colocado 54 de 64 | hilos 8 de 12
    ... 102.1 s | grupo 1/6 | 103231701 nodos | revisado 3.30e-03%, faltan ~34 días [menos opciones 3.30e-03%, menos opciones + pieza menos restrictiva 4.99e-04%, reinicios, menos opciones 0.052%] (Knuth: ~12 días) | máximo colocado 54 de 64 | hilos 8 de 12
    ... 104.1 s | grupo 1/6 | 105269055 nodos | revisado 3.36e-03%, faltan ~35 días [menos opciones 3.36e-03%, menos opciones + pieza menos restrictiva 5.04e-04%, reinicios, menos opciones 0.053%] (Knuth: ~12 días) | máximo colocado 54 de 64 | hilos 8 de 12
    ... 106.1 s | grupo 1/6 | 107344304 nodos | revisado 3.39e-03%, faltan ~35 días [menos opciones 3.39e-03%, menos opciones + pieza menos restrictiva 5.09e-04%, reinicios, menos opciones 0.060%] (Knuth: ~12 días) | máximo colocado 54 de 64 | hilos 8 de 12
    ... 108.1 s | grupo 1/6 | 109410297 nodos | revisado 3.43e-03%, faltan ~35 días [menos opciones 3.43e-03%, menos opciones + pieza menos restrictiva 5.13e-04%, reinicios, menos opciones 0.061%] (Knuth: ~12 días) | máximo colocado 54 de 64 | hilos 8 de 12
    ... 110.2 s | grupo 1/6 | 111485481 nodos | revisado 3.46e-03%, faltan ~36 días [menos opciones 3.46e-03%, menos opciones + pieza menos restrictiva 5.24e-04%, reinicios, menos opciones 0.061%] (Knuth: ~12 días) | máximo colocado 54 de 64 | hilos 8 de 12
    ... 112.2 s | grupo 1/6 | 113584427 nodos | revisado 3.50e-03%, faltan ~36 días [menos opciones 3.50e-03%, menos opciones + pieza menos restrictiva 5.30e-04%, reinicios, menos opciones 0.062%] (Knuth: ~12 días) | máximo colocado 54 de 64 | hilos 8 de 12
    ... 114.2 s | grupo 1/6 | 115691386 nodos | revisado 3.52e-03%, faltan ~36 días [menos opciones 3.52e-03%, menos opciones + pieza menos restrictiva 5.35e-04%, reinicios, menos opciones 0.063%] (Knuth: ~12 días) | máximo colocado 54 de 64 | hilos 8 de 12
    ... 116.2 s | grupo 1/6 | 117789641 nodos | revisado 3.55e-03%, faltan ~37 días [menos opciones 3.55e-03%, menos opciones + pieza menos restrictiva 5.52e-04%, reinicios, menos opciones 0.064%] (Knuth: ~12 días) | máximo colocado 54 de 64 | hilos 8 de 12
    ... 118.2 s | grupo 1/6 | 119875190 nodos | revisado 3.57e-03%, faltan ~37 días [menos opciones 3.57e-03%, menos opciones + pieza menos restrictiva 5.64e-04%, reinicios, menos opciones 0.066%] (Knuth: ~12 días) | máximo colocado 54 de 64 | hilos 8 de 12
    ... 120.2 s | grupo 1/6 | 121980930 nodos | revisado 3.60e-03%, faltan ~37 días [menos opciones 3.60e-03%, menos opciones + pieza menos restrictiva 5.83e-04%, reinicios, menos opciones 0.067%] (Knuth: ~12 días) | máximo colocado 54 de 64 | hilos 8 de 12
    ... 122.2 s | grupo 1/6 | 124029271 nodos | revisado 3.64e-03%, faltan ~38 días [menos opciones 3.64e-03%, menos opciones + pieza menos restrictiva 5.92e-04%, reinicios, menos opciones 0.067%] (Knuth: ~12 días) | máximo colocado 54 de 64 | hilos 8 de 12
    ... 124.2 s | grupo 1/6 | 126122965 nodos | revisado 3.67e-03%, faltan ~38 días [menos opciones 3.67e-03%, menos opciones + pieza menos restrictiva 6.10e-04%, reinicios, menos opciones 0.068%] (Knuth: ~12 días) | máximo colocado 54 de 64 | hilos 8 de 12
    ... 126.2 s | grupo 1/6 | 128221399 nodos | revisado 3.70e-03%, faltan ~38 días [menos opciones 3.70e-03%, menos opciones + pieza menos restrictiva 6.22e-04%, reinicios, menos opciones 0.069%] (Knuth: ~12 días) | máximo colocado 54 de 64 | hilos 8 de 12
    ... 128.2 s | grupo 1/6 | 130306393 nodos | revisado 3.75e-03%, faltan ~38 días [menos opciones 3.75e-03%, menos opciones + pieza menos restrictiva 6.39e-04%, reinicios, menos opciones 0.070%] (Knuth: ~12 días) | máximo colocado 54 de 64 | hilos 8 de 12
    ... 130.2 s | grupo 1/6 | 132407861 nodos | revisado 3.78e-03%, faltan ~39 días [menos opciones 3.78e-03%, menos opciones + pieza menos restrictiva 6.50e-04%, reinicios, menos opciones 0.070%] (Knuth: ~12 días) | máximo colocado 54 de 64 | hilos 8 de 12
    ... 132.2 s | grupo 1/6 | 134487510 nodos | revisado 3.82e-03%, faltan ~39 días [menos opciones 3.82e-03%, menos opciones + pieza menos restrictiva 6.65e-04%, reinicios, menos opciones 0.071%] (Knuth: ~12 días) | máximo colocado 54 de 64 | hilos 8 de 12
    ... 134.2 s | grupo 1/6 | 136580991 nodos | revisado 3.87e-03%, faltan ~39 días [menos opciones 3.87e-03%, menos opciones + pieza menos restrictiva 6.74e-04%, reinicios, menos opciones 0.072%] (Knuth: ~12 días) | máximo colocado 54 de 64 | hilos 8 de 12
    ... 136.2 s | grupo 1/6 | 138682975 nodos | revisado 3.96e-03%, faltan ~39 días [menos opciones 3.96e-03%, menos opciones + pieza menos restrictiva 6.84e-04%, reinicios, menos opciones 0.073%] (Knuth: ~12 días) | máximo colocado 54 de 64 | hilos 8 de 12
    ... 138.2 s | grupo 1/6 | 140805120 nodos | revisado 4.03e-03%, faltan ~39 días [menos opciones 4.03e-03%, menos opciones + pieza menos restrictiva 6.91e-04%, reinicios, menos opciones 0.073%] (Knuth: ~12 días) | máximo colocado 54 de 64 | hilos 8 de 12
    ... 140.2 s | grupo 1/6 | 142951337 nodos | revisado 4.08e-03%, faltan ~39 días [menos opciones 4.08e-03%, menos opciones + pieza menos restrictiva 7.05e-04%, reinicios, menos opciones 0.075%] (Knuth: ~12 días) | máximo colocado 54 de 64 | hilos 8 de 12
    ... 142.3 s | grupo 1/6 | 145085880 nodos | revisado 4.15e-03%, faltan ~39 días [menos opciones 4.15e-03%, menos opciones + pieza menos restrictiva 7.31e-04%, reinicios, menos opciones 0.075%] (Knuth: ~12 días) | máximo colocado 54 de 64 | hilos 8 de 12
    ... 144.3 s | grupo 1/6 | 147216470 nodos | revisado 4.25e-03%, faltan ~38 días [menos opciones 4.25e-03%, menos opciones + pieza menos restrictiva 7.62e-04%, reinicios, menos opciones 0.076%] (Knuth: ~12 días) | máximo colocado 54 de 64 | hilos 8 de 12
    ... 146.3 s | grupo 1/6 | 149336610 nodos | revisado 4.57e-03%, faltan ~36 días [menos opciones 4.57e-03%, menos opciones + pieza menos restrictiva 7.84e-04%, reinicios, menos opciones 0.077%] (Knuth: ~12 días) | máximo colocado 54 de 64 | hilos 8 de 12
    ... 148.3 s | grupo 1/6 | 151425440 nodos | revisado 4.66e-03%, faltan ~36 días [menos opciones 4.66e-03%, menos opciones + pieza menos restrictiva 8.06e-04%, reinicios, menos opciones 0.077%] (Knuth: ~12 días) | máximo colocado 54 de 64 | hilos 8 de 12
    ... 150.3 s | grupo 1/6 | 153519548 nodos | revisado 4.76e-03%, faltan ~36 días [menos opciones 4.76e-03%, menos opciones + pieza menos restrictiva 8.26e-04%, reinicios, menos opciones 0.078%] (Knuth: ~12 días) | máximo colocado 54 de 64 | hilos 8 de 12
    ... 152.3 s | grupo 1/6 | 155605913 nodos | revisado 4.81e-03%, faltan ~36 días [menos opciones 4.81e-03%, menos opciones + pieza menos restrictiva 8.62e-04%, reinicios, menos opciones 0.078%] (Knuth: ~12 días) | máximo colocado 54 de 64 | hilos 8 de 12
    ... 154.3 s | grupo 1/6 | 157679424 nodos | revisado 4.88e-03%, faltan ~36 días [menos opciones 4.88e-03%, menos opciones + pieza menos restrictiva 8.93e-04%, reinicios, menos opciones 0.080%] (Knuth: ~12 días) | máximo colocado 54 de 64 | hilos 8 de 12
    ... 156.3 s | grupo 1/6 | 159767769 nodos | revisado 5.05e-03%, faltan ~35 días [menos opciones 5.05e-03%, menos opciones + pieza menos restrictiva 9.19e-04%, reinicios, menos opciones 0.080%] (Knuth: ~12 días) | máximo colocado 54 de 64 | hilos 8 de 12
    ... 158.3 s | grupo 1/6 | 161836428 nodos | revisado 5.18e-03%, faltan ~35 días [menos opciones 5.18e-03%, menos opciones + pieza menos restrictiva 9.44e-04%, reinicios, menos opciones 0.081%] (Knuth: ~12 días) | máximo colocado 54 de 64 | hilos 8 de 12
    ... 160.3 s | grupo 1/6 | 163921787 nodos | revisado 5.22e-03%, faltan ~35 días [menos opciones 5.22e-03%, menos opciones + pieza menos restrictiva 9.51e-04%, reinicios, menos opciones 0.081%] (Knuth: ~12 días) | máximo colocado 54 de 64 | hilos 8 de 12
    ... 162.3 s | grupo 1/6 | 165994419 nodos | revisado 5.24e-03%, faltan ~35 días [menos opciones 5.24e-03%, menos opciones + pieza menos restrictiva 9.69e-04%, reinicios, menos opciones 0.082%] (Knuth: ~12 días) | máximo colocado 54 de 64 | hilos 8 de 12
    ... 164.3 s | grupo 1/6 | 168064441 nodos | revisado 5.26e-03%, faltan ~35 días [menos opciones 5.26e-03%, menos opciones + pieza menos restrictiva 9.96e-04%, reinicios, menos opciones 0.083%] (Knuth: ~12 días) | máximo colocado 54 de 64 | hilos 8 de 12
    ... 166.3 s | grupo 1/6 | 170104372 nodos | revisado 5.28e-03%, faltan ~36 días [menos opciones 5.28e-03%, menos opciones + pieza menos restrictiva 1.00e-03%, reinicios, menos opciones 0.083%] (Knuth: ~12 días) | máximo colocado 54 de 64 | hilos 8 de 12
    ... 168.3 s | grupo 1/6 | 172124831 nodos | revisado 5.32e-03%, faltan ~36 días [menos opciones 5.32e-03%, menos opciones + pieza menos restrictiva 1.02e-03%, reinicios, menos opciones 0.084%] (Knuth: ~12 días) | máximo colocado 54 de 64 | hilos 8 de 12
    ... 170.3 s | grupo 1/6 | 174181158 nodos | revisado 5.33e-03%, faltan ~36 días [menos opciones 5.33e-03%, menos opciones + pieza menos restrictiva 1.04e-03%, reinicios, menos opciones 0.084%] (Knuth: ~12 días) | máximo colocado 54 de 64 | hilos 8 de 12
    ... 172.3 s | grupo 1/6 | 176241004 nodos | revisado 5.35e-03%, faltan ~37 días [menos opciones 5.35e-03%, menos opciones + pieza menos restrictiva 1.05e-03%, reinicios, menos opciones 0.084%] (Knuth: ~12 días) | máximo colocado 54 de 64 | hilos 8 de 12
    ... 174.4 s | grupo 1/6 | 178284105 nodos | revisado 5.36e-03%, faltan ~37 días [menos opciones 5.36e-03%, menos opciones + pieza menos restrictiva 1.06e-03%, reinicios, menos opciones 0.084%] (Knuth: ~12 días) | máximo colocado 54 de 64 | hilos 8 de 12
    ... 176.4 s | grupo 1/6 | 180313030 nodos | revisado 5.41e-03%, faltan ~37 días [menos opciones 5.41e-03%, menos opciones + pieza menos restrictiva 1.08e-03%, reinicios, menos opciones 0.085%] (Knuth: ~12 días) | máximo colocado 54 de 64 | hilos 8 de 12
    ... 178.4 s | grupo 1/6 | 182376248 nodos | revisado 5.43e-03%, faltan ~37 días [menos opciones 5.43e-03%, menos opciones + pieza menos restrictiva 1.09e-03%, reinicios, menos opciones 0.085%] (Knuth: ~12 días) | máximo colocado 54 de 64 | hilos 8 de 12
    ... 180.4 s | grupo 1/6 | 184442640 nodos | revisado 5.44e-03%, faltan ~38 días [menos opciones 5.44e-03%, menos opciones + pieza menos restrictiva 1.11e-03%, reinicios, menos opciones 0.085%] (Knuth: ~12 días) | máximo colocado 54 de 64 | hilos 8 de 12
    ... 182.4 s | grupo 1/6 | 186506894 nodos | revisado 5.46e-03%, faltan ~38 días [menos opciones 5.46e-03%, menos opciones + pieza menos restrictiva 1.13e-03%, reinicios, menos opciones 0.085%] (Knuth: ~12 días) | máximo colocado 54 de 64 | hilos 8 de 12
    ... 184.4 s | grupo 1/6 | 188509012 nodos | revisado 5.47e-03%, faltan ~38 días [menos opciones 5.47e-03%, menos opciones + pieza menos restrictiva 1.16e-03%, reinicios, menos opciones 0.089%] (Knuth: ~12 días) | máximo colocado 54 de 64 | hilos 8 de 12
    ... 186.4 s | grupo 1/6 | 190609756 nodos | revisado 5.48e-03%, faltan ~39 días [menos opciones 5.48e-03%, menos opciones + pieza menos restrictiva 1.17e-03%, reinicios, menos opciones 0.089%] (Knuth: ~12 días) | máximo colocado 54 de 64 | hilos 8 de 12
    ... 188.4 s | grupo 1/6 | 192703643 nodos | revisado 5.50e-03%, faltan ~39 días [menos opciones 5.50e-03%, menos opciones + pieza menos restrictiva 1.19e-03%, reinicios, menos opciones 0.090%] (Knuth: ~12 días) | máximo colocado 54 de 64 | hilos 8 de 12
    ... 190.4 s | grupo 1/6 | 194810384 nodos | revisado 5.51e-03%, faltan ~39 días [menos opciones 5.51e-03%, menos opciones + pieza menos restrictiva 1.21e-03%, reinicios, menos opciones 0.091%] (Knuth: ~12 días) | máximo colocado 54 de 64 | hilos 8 de 12
    ... 192.4 s | grupo 1/6 | 196909147 nodos | revisado 5.55e-03%, faltan ~39 días [menos opciones 5.55e-03%, menos opciones + pieza menos restrictiva 1.23e-03%, reinicios, menos opciones 0.091%] (Knuth: ~12 días) | máximo colocado 54 de 64 | hilos 8 de 12
    ... 194.4 s | grupo 1/6 | 198992479 nodos | revisado 5.58e-03%, faltan ~40 días [menos opciones 5.58e-03%, menos opciones + pieza menos restrictiva 1.24e-03%, reinicios, menos opciones 0.091%] (Knuth: ~12 días) | máximo colocado 54 de 64 | hilos 8 de 12
    ... 196.4 s | grupo 1/6 | 201077379 nodos | revisado 5.64e-03%, faltan ~40 días [menos opciones 5.64e-03%, menos opciones + pieza menos restrictiva 1.25e-03%, reinicios, menos opciones 0.092%] (Knuth: ~12 días) | máximo colocado 54 de 64 | hilos 8 de 12
    ... 198.4 s | grupo 1/6 | 203164914 nodos | revisado 5.66e-03%, faltan ~40 días [menos opciones 5.66e-03%, menos opciones + pieza menos restrictiva 1.26e-03%, reinicios, menos opciones 0.092%] (Knuth: ~12 días) | máximo colocado 54 de 64 | hilos 8 de 12
    ... 200.4 s | grupo 1/6 | 205251397 nodos | revisado 5.69e-03%, faltan ~40 días [menos opciones 5.69e-03%, menos opciones + pieza menos restrictiva 1.28e-03%, reinicios, menos opciones 0.092%] (Knuth: ~12 días) | máximo colocado 54 de 64 | hilos 8 de 12
    ... 202.5 s | grupo 1/6 | 207328534 nodos | revisado 5.70e-03%, faltan ~40 días [menos opciones 5.70e-03%, menos opciones + pieza menos restrictiva 1.30e-03%, reinicios, menos opciones 0.092%] (Knuth: ~12 días) | máximo colocado 54 de 64 | hilos 8 de 12
    ... 204.5 s | grupo 1/6 | 209412485 nodos | revisado 5.72e-03%, faltan ~41 días [menos opciones 5.72e-03%, menos opciones + pieza menos restrictiva 1.31e-03%, reinicios, menos opciones 0.093%] (Knuth: ~12 días) | máximo colocado 54 de 64 | hilos 8 de 12
    ... 206.5 s | grupo 1/6 | 211474124 nodos | revisado 5.75e-03%, faltan ~41 días [menos opciones 5.75e-03%, menos opciones + pieza menos restrictiva 1.33e-03%, reinicios, menos opciones 0.093%] (Knuth: ~12 días) | máximo colocado 54 de 64 | hilos 8 de 12
    ... 208.5 s | grupo 1/6 | 213563733 nodos | revisado 5.80e-03%, faltan ~41 días [menos opciones 5.80e-03%, menos opciones + pieza menos restrictiva 1.34e-03%, reinicios, menos opciones 0.093%] (Knuth: ~12 días) | máximo colocado 54 de 64 | hilos 8 de 12
    ... 210.5 s | grupo 1/6 | 215626681 nodos | revisado 5.87e-03%, faltan ~41 días [menos opciones 5.87e-03%, menos opciones + pieza menos restrictiva 1.35e-03%, reinicios, menos opciones 0.094%] (Knuth: ~12 días) | máximo colocado 55 de 64 | hilos 8 de 12
    ... 212.5 s | grupo 1/6 | 217712352 nodos | revisado 5.96e-03%, faltan ~41 días [menos opciones 5.96e-03%, menos opciones + pieza menos restrictiva 1.37e-03%, reinicios, menos opciones 0.094%] (Knuth: ~12 días) | máximo colocado 55 de 64 | hilos 8 de 12
    ... 214.5 s | grupo 1/6 | 219765861 nodos | revisado 6.06e-03%, faltan ~40 días [menos opciones 6.06e-03%, menos opciones + pieza menos restrictiva 1.38e-03%, reinicios, menos opciones 0.094%] (Knuth: ~12 días) | máximo colocado 55 de 64 | hilos 8 de 12
    ... 216.5 s | grupo 1/6 | 221865245 nodos | revisado 6.13e-03%, faltan ~40 días [menos opciones 6.13e-03%, menos opciones + pieza menos restrictiva 1.41e-03%, reinicios, menos opciones 0.095%] (Knuth: ~12 días) | máximo colocado 55 de 64 | hilos 8 de 12
    ... 218.5 s | grupo 1/6 | 223944190 nodos | revisado 6.19e-03%, faltan ~40 días [menos opciones 6.19e-03%, menos opciones + pieza menos restrictiva 1.42e-03%, reinicios, menos opciones 0.095%] (Knuth: ~12 días) | máximo colocado 55 de 64 | hilos 8 de 12
    ... 220.5 s | grupo 1/6 | 226049218 nodos | revisado 6.28e-03%, faltan ~40 días [menos opciones 6.28e-03%, menos opciones + pieza menos restrictiva 1.43e-03%, reinicios, menos opciones 0.096%] (Knuth: ~12 días) | máximo colocado 55 de 64 | hilos 8 de 12
    ... 222.5 s | grupo 1/6 | 228130034 nodos | revisado 6.34e-03%, faltan ~40 días [menos opciones 6.34e-03%, menos opciones + pieza menos restrictiva 1.44e-03%, reinicios, menos opciones 0.097%] (Knuth: ~12 días) | máximo colocado 55 de 64 | hilos 8 de 12
    ... 224.5 s | grupo 1/6 | 230214989 nodos | revisado 6.41e-03%, faltan ~40 días [menos opciones 6.41e-03%, menos opciones + pieza menos restrictiva 1.45e-03%, reinicios, menos opciones 0.098%] (Knuth: ~12 días) | máximo colocado 55 de 64 | hilos 8 de 12
    ... 226.5 s | grupo 1/6 | 232281691 nodos | revisado 6.46e-03%, faltan ~40 días [menos opciones 6.46e-03%, menos opciones + pieza menos restrictiva 1.46e-03%, reinicios, menos opciones 0.099%] (Knuth: ~12 días) | máximo colocado 55 de 64 | hilos 8 de 12
    ... 228.5 s | grupo 1/6 | 234325050 nodos | revisado 6.52e-03%, faltan ~40 días [menos opciones 6.52e-03%, menos opciones + pieza menos restrictiva 1.47e-03%, reinicios, menos opciones 0.101%] (Knuth: ~12 días) | máximo colocado 55 de 64 | hilos 8 de 12
    ... 230.5 s | grupo 1/6 | 236377673 nodos | revisado 6.72e-03%, faltan ~39 días [menos opciones 6.72e-03%, menos opciones + pieza menos restrictiva 1.48e-03%, reinicios, menos opciones 0.104%] (Knuth: ~12 días) | máximo colocado 55 de 64 | hilos 8 de 12
    ... 232.6 s | grupo 1/6 | 238458083 nodos | revisado 6.89e-03%, faltan ~38 días [menos opciones 6.89e-03%, menos opciones + pieza menos restrictiva 1.49e-03%, reinicios, menos opciones 0.104%] (Knuth: ~12 días) | máximo colocado 55 de 64 | hilos 8 de 12
    ... 234.6 s | grupo 1/6 | 240519410 nodos | revisado 6.95e-03%, faltan ~38 días [menos opciones 6.95e-03%, menos opciones + pieza menos restrictiva 1.50e-03%, reinicios, menos opciones 0.104%] (Knuth: ~12 días) | máximo colocado 55 de 64 | hilos 8 de 12
    ... 236.6 s | grupo 1/6 | 242584733 nodos | revisado 6.96e-03%, faltan ~39 días [menos opciones 6.96e-03%, menos opciones + pieza menos restrictiva 1.51e-03%, reinicios, menos opciones 0.105%] (Knuth: ~12 días) | máximo colocado 55 de 64 | hilos 8 de 12
    ... 238.6 s | grupo 1/6 | 244640963 nodos | revisado 6.99e-03%, faltan ~39 días [menos opciones 6.99e-03%, menos opciones + pieza menos restrictiva 1.52e-03%, reinicios, menos opciones 0.106%] (Knuth: ~12 días) | máximo colocado 55 de 64 | hilos 8 de 12
    portafolio: encontró la solución el equipo "reinicios, menos opciones" (nodos: menos opciones 86738944, menos opciones + pieza menos restrictiva 65924096, reinicios, menos opciones 92727084)
[4] Grupo 1: SOLUCIÓN. Verificación: OK
[5] Tiempo total: 4 min
RESULTADO resuelto=1 ms=239305.2 marcos=0 nodos=245390124 grupos=1/6 hilos=12 t_marcos=0.000 t_interior=235.645 lados=0 unificado=1 max_colocadas=64
