[0] Tablero 8x8, 11 colores, 12 hilos
[1] Esquina fija (1,4). 6 grupos, orden por coste: 2.19e+16 2.19e+16 2.38e+16 2.38e+16 2.44e+16 2.44e+16
    grupo 1, orden menos opciones: estimado 8.01e+11 nodos
    grupo 1, orden interior primero: estimado 5.56e+11 nodos
    grupo 2, orden menos opciones: estimado 1.05e+12 nodos
    grupo 2, orden interior primero: estimado 6.06e+11 nodos
    grupo 3, orden menos opciones: estimado 1.08e+12 nodos
    grupo 3, orden interior primero: estimado 5.24e+11 nodos
    grupo 4, orden menos opciones: estimado 7.94e+11 nodos
    grupo 4, orden interior primero: estimado 1.39e+12 nodos
    grupo 5, orden menos opciones: estimado 7.6e+11 nodos
    grupo 5, orden interior primero: estimado 9.48e+11 nodos
    grupo 6, orden menos opciones: estimado 8.07e+11 nodos
    grupo 6, orden interior primero: estimado 3.85e+11 nodos
[1] Estimado de Knuth por grupo (nodos): 8.01e+11 1.05e+12 1.08e+12 7.94e+11 7.6e+11 8.07e+11   (i) = interior primero
[2] Grupo 1/6: ruta unificada (mapas por lado), orden: PORTAFOLIO de 4 equipos (2 órdenes, normal y al azar)
    ... 5.7 s | grupo 1/6 | 2336363 nodos | revisado 8.92e-05%, faltan ~26 días [menos opciones 8.92e-05%, menos opciones + pieza menos restrictiva 2.89e-05%, reinicios, menos opciones 0.013%] (Knuth: ~8 días) | máximo colocado 51 de 64 | hilos 8 de 12
    ... 7.7 s | grupo 1/6 | 4666126 nodos | revisado 1.71e-04%, faltan ~27 días [menos opciones 1.71e-04%, menos opciones + pieza menos restrictiva 7.61e-05%, reinicios, menos opciones 0.013%] (Knuth: ~8 días) | máximo colocado 52 de 64 | hilos 8 de 12
    ... 9.7 s | grupo 1/6 | 7021104 nodos | revisado 2.37e-04%, faltan ~29 días [menos opciones 2.37e-04%, menos opciones + pieza menos restrictiva 1.33e-04%, reinicios, menos opciones 0.030%] (Knuth: ~8 días) | máximo colocado 52 de 64 | hilos 8 de 12
    ... 11.7 s | grupo 1/6 | 9381715 nodos | revisado 2.93e-04%, faltan ~32 días [menos opciones 2.93e-04%, menos opciones + pieza menos restrictiva 1.69e-04%, reinicios, menos opciones 0.031%] (Knuth: ~8 días) | máximo colocado 52 de 64 | hilos 8 de 12
    ... 13.7 s | grupo 1/6 | 11736774 nodos | revisado 3.45e-04%, faltan ~34 días [menos opciones 3.45e-04%, menos opciones + pieza menos restrictiva 2.27e-04%, reinicios, menos opciones 0.031%] (Knuth: ~8 días) | máximo colocado 52 de 64 | hilos 8 de 12
    ... 15.7 s | grupo 1/6 | 14063746 nodos | revisado 3.96e-04%, faltan ~35 días [menos opciones 3.96e-04%, menos opciones + pieza menos restrictiva 2.76e-04%, reinicios, menos opciones 0.038%] (Knuth: ~8 días) | máximo colocado 52 de 64 | hilos 8 de 12
    ... 17.7 s | grupo 1/6 | 16437612 nodos | revisado 4.30e-04%, faltan ~38 días [menos opciones 4.30e-04%, menos opciones + pieza menos restrictiva 3.31e-04%, reinicios, menos opciones 0.096%] (Knuth: ~8 días) | máximo colocado 52 de 64 | hilos 8 de 12
    ... 19.7 s | grupo 1/6 | 18762294 nodos | revisado 4.78e-04%, faltan ~39 días [menos opciones 4.78e-04%, menos opciones + pieza menos restrictiva 3.65e-04%, reinicios, menos opciones 0.146%] (Knuth: ~8 días) | máximo colocado 52 de 64 | hilos 8 de 12
    ... 21.7 s | grupo 1/6 | 21085754 nodos | revisado 5.35e-04%, faltan ~39 días [menos opciones 5.35e-04%, menos opciones + pieza menos restrictiva 3.97e-04%, reinicios, menos opciones 0.236%] (Knuth: ~8 días) | máximo colocado 52 de 64 | hilos 8 de 12
    ... 23.7 s | grupo 1/6 | 23432113 nodos | revisado 5.91e-04%, faltan ~39 días [menos opciones 5.91e-04%, menos opciones + pieza menos restrictiva 4.63e-04%, reinicios, menos opciones 0.252%] (Knuth: ~8 días) | máximo colocado 52 de 64 | hilos 8 de 12
    ... 25.7 s | grupo 1/6 | 25785172 nodos | revisado 6.87e-04%, faltan ~37 días [menos opciones 6.87e-04%, menos opciones + pieza menos restrictiva 5.68e-04%, reinicios, menos opciones 0.254%] (Knuth: ~8 días) | máximo colocado 52 de 64 | hilos 8 de 12
    ... 27.7 s | grupo 1/6 | 28116694 nodos | revisado 7.59e-04%, faltan ~37 días [menos opciones 7.59e-04%, menos opciones + pieza menos restrictiva 7.38e-04%, reinicios, menos opciones 0.254%] (Knuth: ~8 días) | máximo colocado 52 de 64 | hilos 8 de 12
    ... 29.8 s | grupo 1/6 | 30459862 nodos | revisado 9.01e-04%, faltan ~34 días [menos opciones 8.54e-04%, menos opciones + pieza menos restrictiva 9.01e-04%, reinicios, menos opciones 0.260%] (Knuth: ~8 días) | máximo colocado 52 de 64 | hilos 8 de 12
    ... 31.8 s | grupo 1/6 | 32811844 nodos | revisado 1.00e-03%, faltan ~33 días [menos opciones 9.86e-04%, menos opciones + pieza menos restrictiva 1.00e-03%, reinicios, menos opciones 0.262%] (Knuth: ~8 días) | máximo colocado 52 de 64 | hilos 8 de 12
    ... 33.8 s | grupo 1/6 | 35140907 nodos | revisado 1.08e-03%, faltan ~32 días [menos opciones 1.04e-03%, menos opciones + pieza menos restrictiva 1.08e-03%, reinicios, menos opciones 0.278%] (Knuth: ~8 días) | máximo colocado 52 de 64 | hilos 8 de 12
    ... 35.8 s | grupo 1/6 | 37488197 nodos | revisado 1.14e-03%, faltan ~33 días [menos opciones 1.10e-03%, menos opciones + pieza menos restrictiva 1.14e-03%, reinicios, menos opciones 0.278%] (Knuth: ~8 días) | máximo colocado 52 de 64 | hilos 8 de 12
    ... 37.8 s | grupo 1/6 | 39833506 nodos | revisado 1.19e-03%, faltan ~33 días [menos opciones 1.15e-03%, menos opciones + pieza menos restrictiva 1.19e-03%, reinicios, menos opciones 0.278%] (Knuth: ~8 días) | máximo colocado 52 de 64 | hilos 8 de 12
    ... 39.8 s | grupo 1/6 | 42148235 nodos | revisado 1.23e-03%, faltan ~34 días [menos opciones 1.23e-03%, menos opciones + pieza menos restrictiva 1.22e-03%, reinicios, menos opciones 0.278%] (Knuth: ~8 días) | máximo colocado 52 de 64 | hilos 8 de 12
    ... 41.8 s | grupo 1/6 | 44501474 nodos | revisado 1.28e-03%, faltan ~34 días [menos opciones 1.27e-03%, menos opciones + pieza menos restrictiva 1.28e-03%, reinicios, menos opciones 0.279%] (Knuth: ~8 días) | máximo colocado 52 de 64 | hilos 8 de 12
    ... 43.8 s | grupo 1/6 | 46848189 nodos | revisado 1.35e-03%, faltan ~34 días [menos opciones 1.30e-03%, menos opciones + pieza menos restrictiva 1.35e-03%, reinicios, menos opciones 0.280%] (Knuth: ~8 días) | máximo colocado 52 de 64 | hilos 8 de 12
    ... 45.8 s | grupo 1/6 | 49162317 nodos | revisado 1.44e-03%, faltan ~34 días [menos opciones 1.35e-03%, menos opciones + pieza menos restrictiva 1.44e-03%, reinicios, menos opciones 0.280%] (Knuth: ~8 días) | máximo colocado 52 de 64 | hilos 8 de 12
    ... 47.8 s | grupo 1/6 | 51496785 nodos | revisado 1.48e-03%, faltan ~35 días [menos opciones 1.40e-03%, menos opciones + pieza menos restrictiva 1.48e-03%, reinicios, menos opciones 0.280%] (Knuth: ~8 días) | máximo colocado 52 de 64 | hilos 8 de 12
    ... 49.8 s | grupo 1/6 | 53794132 nodos | revisado 1.57e-03%, faltan ~34 días [menos opciones 1.43e-03%, menos opciones + pieza menos restrictiva 1.57e-03%, reinicios, menos opciones 0.281%] (Knuth: ~8 días) | máximo colocado 52 de 64 | hilos 8 de 12
    ... 51.8 s | grupo 1/6 | 56111619 nodos | revisado 1.66e-03%, faltan ~34 días [menos opciones 1.48e-03%, menos opciones + pieza menos restrictiva 1.66e-03%, reinicios, menos opciones 0.281%] (Knuth: ~8 días) | máximo colocado 52 de 64 | hilos 8 de 12
    ... 53.8 s | grupo 1/6 | 58453946 nodos | revisado 1.74e-03%, faltan ~33 días [menos opciones 1.52e-03%, menos opciones + pieza menos restrictiva 1.74e-03%, reinicios, menos opciones 0.284%] (Knuth: ~8 días) | máximo colocado 52 de 64 | hilos 8 de 12
    ... 55.8 s | grupo 1/6 | 60795515 nodos | revisado 1.96e-03%, faltan ~31 días [menos opciones 1.56e-03%, menos opciones + pieza menos restrictiva 1.96e-03%, reinicios, menos opciones 0.285%] (Knuth: ~8 días) | máximo colocado 52 de 64 | hilos 8 de 12
    ... 57.8 s | grupo 1/6 | 63130135 nodos | revisado 2.03e-03%, faltan ~31 días [menos opciones 1.61e-03%, menos opciones + pieza menos restrictiva 2.03e-03%, reinicios, menos opciones 0.285%] (Knuth: ~8 días) | máximo colocado 52 de 64 | hilos 8 de 12
    ... 59.8 s | grupo 1/6 | 65475356 nodos | revisado 2.09e-03%, faltan ~31 días [menos opciones 1.65e-03%, menos opciones + pieza menos restrictiva 2.09e-03%, reinicios, menos opciones 0.303%] (Knuth: ~8 días) | máximo colocado 52 de 64 | hilos 8 de 12
    ... 61.8 s | grupo 1/6 | 67802055 nodos | revisado 2.12e-03%, faltan ~32 días [menos opciones 1.68e-03%, menos opciones + pieza menos restrictiva 2.12e-03%, reinicios, menos opciones 0.304%] (Knuth: ~8 días) | máximo colocado 52 de 64 | hilos 8 de 12
    ... 63.9 s | grupo 1/6 | 70138122 nodos | revisado 2.15e-03%, faltan ~32 días [menos opciones 1.72e-03%, menos opciones + pieza menos restrictiva 2.15e-03%, reinicios, menos opciones 0.304%] (Knuth: ~8 días) | máximo colocado 52 de 64 | hilos 8 de 12
    ... 65.9 s | grupo 1/6 | 72506892 nodos | revisado 2.18e-03%, faltan ~33 días [menos opciones 1.76e-03%, menos opciones + pieza menos restrictiva 2.18e-03%, reinicios, menos opciones 0.305%] (Knuth: ~8 días) | máximo colocado 52 de 64 | hilos 8 de 12
    ... 67.9 s | grupo 1/6 | 74937310 nodos | revisado 2.23e-03%, faltan ~33 días [menos opciones 1.77e-03%, menos opciones + pieza menos restrictiva 2.23e-03%, reinicios, menos opciones 0.305%] (Knuth: ~8 días) | máximo colocado 52 de 64 | hilos 8 de 12
    ... 69.9 s | grupo 1/6 | 77319076 nodos | revisado 2.28e-03%, faltan ~34 días [menos opciones 1.81e-03%, menos opciones + pieza menos restrictiva 2.28e-03%, reinicios, menos opciones 0.306%] (Knuth: ~8 días) | máximo colocado 52 de 64 | hilos 8 de 12
    ... 71.9 s | grupo 1/6 | 79646839 nodos | revisado 2.32e-03%, faltan ~34 días [menos opciones 1.83e-03%, menos opciones + pieza menos restrictiva 2.32e-03%, reinicios, menos opciones 0.306%] (Knuth: ~8 días) | máximo colocado 52 de 64 | hilos 8 de 12
    ... 73.9 s | grupo 1/6 | 81960149 nodos | revisado 2.50e-03%, faltan ~33 días [menos opciones 1.84e-03%, menos opciones + pieza menos restrictiva 2.50e-03%, reinicios, menos opciones 0.306%] (Knuth: ~8 días) | máximo colocado 52 de 64 | hilos 8 de 12
    ... 75.9 s | grupo 1/6 | 84252400 nodos | revisado 2.57e-03%, faltan ~32 días [menos opciones 1.92e-03%, menos opciones + pieza menos restrictiva 2.57e-03%, reinicios, menos opciones 0.307%] (Knuth: ~8 días) | máximo colocado 52 de 64 | hilos 8 de 12
    ... 77.9 s | grupo 1/6 | 86570065 nodos | revisado 2.67e-03%, faltan ~32 días [menos opciones 2.55e-03%, menos opciones + pieza menos restrictiva 2.67e-03%, reinicios, menos opciones 0.307%] (Knuth: ~8 días) | máximo colocado 52 de 64 | hilos 8 de 12
    ... 79.9 s | grupo 1/6 | 88886228 nodos | revisado 2.80e-03%, faltan ~32 días [menos opciones 2.65e-03%, menos opciones + pieza menos restrictiva 2.80e-03%, reinicios, menos opciones 0.308%] (Knuth: ~8 días) | máximo colocado 52 de 64 | hilos 8 de 12
    ... 81.9 s | grupo 1/6 | 91205876 nodos | revisado 2.88e-03%, faltan ~31 días [menos opciones 2.75e-03%, menos opciones + pieza menos restrictiva 2.88e-03%, reinicios, menos opciones 0.309%] (Knuth: ~8 días) | máximo colocado 52 de 64 | hilos 8 de 12
    ... 84.0 s | grupo 1/6 | 93570000 nodos | revisado 2.93e-03%, faltan ~32 días [menos opciones 2.88e-03%, menos opciones + pieza menos restrictiva 2.93e-03%, reinicios, menos opciones 0.310%] (Knuth: ~8 días) | máximo colocado 52 de 64 | hilos 8 de 12
    ... 86.0 s | grupo 1/6 | 95904696 nodos | revisado 3.03e-03%, faltan ~31 días [menos opciones 3.03e-03%, menos opciones + pieza menos restrictiva 2.96e-03%, reinicios, menos opciones 0.313%] (Knuth: ~8 días) | máximo colocado 52 de 64 | hilos 8 de 12
    ... 88.0 s | grupo 1/6 | 98257075 nodos | revisado 3.28e-03%, faltan ~30 días [menos opciones 3.28e-03%, menos opciones + pieza menos restrictiva 2.99e-03%, reinicios, menos opciones 0.313%] (Knuth: ~8 días) | máximo colocado 52 de 64 | hilos 8 de 12
    ... 90.0 s | grupo 1/6 | 100580388 nodos | revisado 3.48e-03%, faltan ~29 días [menos opciones 3.48e-03%, menos opciones + pieza menos restrictiva 3.01e-03%, reinicios, menos opciones 0.468%] (Knuth: ~8 días) | máximo colocado 52 de 64 | hilos 8 de 12
    ... 92.0 s | grupo 1/6 | 102920234 nodos | revisado 3.78e-03%, faltan ~27 días [menos opciones 3.78e-03%, menos opciones + pieza menos restrictiva 3.04e-03%, reinicios, menos opciones 0.487%] (Knuth: ~8 días) | máximo colocado 52 de 64 | hilos 8 de 12
    ... 94.0 s | grupo 1/6 | 105201169 nodos | revisado 4.02e-03%, faltan ~26 días [menos opciones 4.02e-03%, menos opciones + pieza menos restrictiva 3.10e-03%, reinicios, menos opciones 0.488%] (Knuth: ~8 días) | máximo colocado 52 de 64 | hilos 8 de 12
    ... 96.0 s | grupo 1/6 | 107496802 nodos | revisado 4.28e-03%, faltan ~25 días [menos opciones 4.28e-03%, menos opciones + pieza menos restrictiva 3.17e-03%, reinicios, menos opciones 0.488%] (Knuth: ~8 días) | máximo colocado 52 de 64 | hilos 8 de 12
    ... 98.0 s | grupo 1/6 | 109880351 nodos | revisado 4.48e-03%, faltan ~24 días [menos opciones 4.48e-03%, menos opciones + pieza menos restrictiva 3.34e-03%, reinicios, menos opciones 0.489%] (Knuth: ~8 días) | máximo colocado 52 de 64 | hilos 8 de 12
    ... 100.0 s | grupo 1/6 | 112218500 nodos | revisado 4.76e-03%, faltan ~23 días [menos opciones 4.76e-03%, menos opciones + pieza menos restrictiva 3.52e-03%, reinicios, menos opciones 0.490%] (Knuth: ~8 días) | máximo colocado 52 de 64 | hilos 8 de 12
    ... 102.0 s | grupo 1/6 | 114541948 nodos | revisado 4.84e-03%, faltan ~24 días [menos opciones 4.84e-03%, menos opciones + pieza menos restrictiva 3.61e-03%, reinicios, menos opciones 0.491%] (Knuth: ~8 días) | máximo colocado 52 de 64 | hilos 8 de 12
    ... 104.0 s | grupo 1/6 | 116868570 nodos | revisado 4.92e-03%, faltan ~24 días [menos opciones 4.92e-03%, menos opciones + pieza menos restrictiva 3.75e-03%, reinicios, menos opciones 0.491%] (Knuth: ~8 días) | máximo colocado 52 de 64 | hilos 8 de 12
    ... 106.1 s | grupo 1/6 | 119199352 nodos | revisado 4.95e-03%, faltan ~24 días [menos opciones 4.95e-03%, menos opciones + pieza menos restrictiva 3.80e-03%, reinicios, menos opciones 0.539%] (Knuth: ~8 días) | máximo colocado 52 de 64 | hilos 8 de 12
    ... 108.1 s | grupo 1/6 | 121541598 nodos | revisado 5.04e-03%, faltan ~24 días [menos opciones 5.04e-03%, menos opciones + pieza menos restrictiva 3.84e-03%, reinicios, menos opciones 0.539%] (Knuth: ~8 días) | máximo colocado 52 de 64 | hilos 8 de 12
    ... 110.1 s | grupo 1/6 | 123863327 nodos | revisado 5.08e-03%, faltan ~24 días [menos opciones 5.08e-03%, menos opciones + pieza menos restrictiva 3.88e-03%, reinicios, menos opciones 0.555%] (Knuth: ~8 días) | máximo colocado 52 de 64 | hilos 8 de 12
    ... 112.1 s | grupo 1/6 | 126222877 nodos | revisado 5.17e-03%, faltan ~24 días [menos opciones 5.17e-03%, menos opciones + pieza menos restrictiva 3.91e-03%, reinicios, menos opciones 0.556%] (Knuth: ~8 días) | máximo colocado 52 de 64 | hilos 8 de 12
    ... 114.1 s | grupo 1/6 | 128549044 nodos | revisado 5.21e-03%, faltan ~25 días [menos opciones 5.21e-03%, menos opciones + pieza menos restrictiva 3.97e-03%, reinicios, menos opciones 0.556%] (Knuth: ~8 días) | máximo colocado 52 de 64 | hilos 8 de 12
    ... 116.1 s | grupo 1/6 | 130905800 nodos | revisado 5.31e-03%, faltan ~25 días [menos opciones 5.31e-03%, menos opciones + pieza menos restrictiva 4.01e-03%, reinicios, menos opciones 0.557%] (Knuth: ~8 días) | máximo colocado 52 de 64 | hilos 8 de 12
    ... 118.1 s | grupo 1/6 | 133239772 nodos | revisado 5.37e-03%, faltan ~25 días [menos opciones 5.37e-03%, menos opciones + pieza menos restrictiva 4.04e-03%, reinicios, menos opciones 0.557%] (Knuth: ~8 días) | máximo colocado 52 de 64 | hilos 8 de 12
    ... 120.1 s | grupo 1/6 | 135563405 nodos | revisado 5.42e-03%, faltan ~25 días [menos opciones 5.42e-03%, menos opciones + pieza menos restrictiva 4.05e-03%, reinicios, menos opciones 0.712%] (Knuth: ~8 días) | máximo colocado 52 de 64 | hilos 8 de 12
    ... 122.1 s | grupo 1/6 | 137927917 nodos | revisado 5.53e-03%, faltan ~25 días [menos opciones 5.53e-03%, menos opciones + pieza menos restrictiva 4.08e-03%, reinicios, menos opciones 0.759%] (Knuth: ~8 días) | máximo colocado 53 de 64 | hilos 8 de 12
    ... 124.1 s | grupo 1/6 | 140280058 nodos | revisado 5.62e-03%, faltan ~25 días [menos opciones 5.62e-03%, menos opciones + pieza menos restrictiva 4.14e-03%, reinicios, menos opciones 0.760%] (Knuth: ~8 días) | máximo colocado 53 de 64 | hilos 8 de 12
    ... 126.1 s | grupo 1/6 | 142642498 nodos | revisado 5.74e-03%, faltan ~25 días [menos opciones 5.74e-03%, menos opciones + pieza menos restrictiva 4.20e-03%, reinicios, menos opciones 0.760%] (Knuth: ~8 días) | máximo colocado 53 de 64 | hilos 8 de 12
    ... 128.1 s | grupo 1/6 | 144977203 nodos | revisado 5.83e-03%, faltan ~25 días [menos opciones 5.83e-03%, menos opciones + pieza menos restrictiva 4.23e-03%, reinicios, menos opciones 0.761%] (Knuth: ~8 días) | máximo colocado 53 de 64 | hilos 8 de 12
    ... 130.1 s | grupo 1/6 | 147301444 nodos | revisado 5.92e-03%, faltan ~25 días [menos opciones 5.92e-03%, menos opciones + pieza menos restrictiva 4.26e-03%, reinicios, menos opciones 0.762%] (Knuth: ~8 días) | máximo colocado 53 de 64 | hilos 8 de 12
    ... 132.1 s | grupo 1/6 | 149643723 nodos | revisado 6.07e-03%, faltan ~24 días [menos opciones 6.07e-03%, menos opciones + pieza menos restrictiva 4.30e-03%, reinicios, menos opciones 0.763%] (Knuth: ~8 días) | máximo colocado 53 de 64 | hilos 8 de 12
    ... 134.1 s | grupo 1/6 | 151996777 nodos | revisado 6.13e-03%, faltan ~25 días [menos opciones 6.13e-03%, menos opciones + pieza menos restrictiva 4.37e-03%, reinicios, menos opciones 0.764%] (Knuth: ~8 días) | máximo colocado 53 de 64 | hilos 8 de 12
    ... 136.2 s | grupo 1/6 | 154377392 nodos | revisado 6.18e-03%, faltan ~25 días [menos opciones 6.18e-03%, menos opciones + pieza menos restrictiva 4.42e-03%, reinicios, menos opciones 0.765%] (Knuth: ~8 días) | máximo colocado 53 de 64 | hilos 8 de 12
    ... 138.2 s | grupo 1/6 | 156737710 nodos | revisado 6.25e-03%, faltan ~25 días [menos opciones 6.25e-03%, menos opciones + pieza menos restrictiva 4.45e-03%, reinicios, menos opciones 0.765%] (Knuth: ~8 días) | máximo colocado 53 de 64 | hilos 8 de 12
    ... 140.2 s | grupo 1/6 | 159109187 nodos | revisado 6.30e-03%, faltan ~25 días [menos opciones 6.30e-03%, menos opciones + pieza menos restrictiva 4.51e-03%, reinicios, menos opciones 0.766%] (Knuth: ~8 días) | máximo colocado 53 de 64 | hilos 8 de 12
    ... 142.2 s | grupo 1/6 | 161449828 nodos | revisado 6.36e-03%, faltan ~25 días [menos opciones 6.36e-03%, menos opciones + pieza menos restrictiva 4.58e-03%, reinicios, menos opciones 0.767%] (Knuth: ~8 días) | máximo colocado 54 de 64 | hilos 8 de 12
    ... 144.2 s | grupo 1/6 | 163832280 nodos | revisado 6.52e-03%, faltan ~25 días [menos opciones 6.52e-03%, menos opciones + pieza menos restrictiva 4.61e-03%, reinicios, menos opciones 0.767%] (Knuth: ~8 días) | máximo colocado 54 de 64 | hilos 8 de 12
    ... 146.2 s | grupo 1/6 | 166215142 nodos | revisado 6.57e-03%, faltan ~25 días [menos opciones 6.57e-03%, menos opciones + pieza menos restrictiva 4.65e-03%, reinicios, menos opciones 0.768%] (Knuth: ~8 días) | máximo colocado 54 de 64 | hilos 8 de 12
    ... 148.2 s | grupo 1/6 | 168598144 nodos | revisado 6.60e-03%, faltan ~25 días [menos opciones 6.60e-03%, menos opciones + pieza menos restrictiva 4.68e-03%, reinicios, menos opciones 0.814%] (Knuth: ~8 días) | máximo colocado 54 de 64 | hilos 8 de 12
    ... 150.2 s | grupo 1/6 | 170958590 nodos | revisado 6.68e-03%, faltan ~25 días [menos opciones 6.68e-03%, menos opciones + pieza menos restrictiva 4.76e-03%, reinicios, menos opciones 1.0%] (Knuth: ~8 días) | máximo colocado 54 de 64 | hilos 8 de 12
    ... 152.2 s | grupo 1/6 | 173344326 nodos | revisado 6.78e-03%, faltan ~25 días [menos opciones 6.78e-03%, menos opciones + pieza menos restrictiva 4.78e-03%, reinicios, menos opciones 1.0%] (Knuth: ~8 días) | máximo colocado 54 de 64 | hilos 8 de 12
    ... 154.3 s | grupo 1/6 | 175721741 nodos | revisado 6.85e-03%, faltan ~25 días [menos opciones 6.85e-03%, menos opciones + pieza menos restrictiva 4.79e-03%, reinicios, menos opciones 1.0%] (Knuth: ~8 días) | máximo colocado 54 de 64 | hilos 8 de 12
    ... 156.3 s | grupo 1/6 | 178143682 nodos | revisado 6.91e-03%, faltan ~26 días [menos opciones 6.91e-03%, menos opciones + pieza menos restrictiva 4.80e-03%, reinicios, menos opciones 1.0%] (Knuth: ~8 días) | máximo colocado 54 de 64 | hilos 8 de 12
    ... 158.3 s | grupo 1/6 | 180542804 nodos | revisado 6.95e-03%, faltan ~26 días [menos opciones 6.95e-03%, menos opciones + pieza menos restrictiva 4.81e-03%, reinicios, menos opciones 1.0%] (Knuth: ~8 días) | máximo colocado 54 de 64 | hilos 8 de 12
    ... 160.3 s | grupo 1/6 | 182917756 nodos | revisado 7.01e-03%, faltan ~26 días [menos opciones 7.01e-03%, menos opciones + pieza menos restrictiva 4.83e-03%, reinicios, menos opciones 1.0%] (Knuth: ~8 días) | máximo colocado 54 de 64 | hilos 8 de 12
    ... 162.3 s | grupo 1/6 | 185303242 nodos | revisado 7.06e-03%, faltan ~26 días [menos opciones 7.06e-03%, menos opciones + pieza menos restrictiva 4.86e-03%, reinicios, menos opciones 1.0%] (Knuth: ~8 días) | máximo colocado 54 de 64 | hilos 8 de 12
    ... 164.3 s | grupo 1/6 | 187698506 nodos | revisado 7.15e-03%, faltan ~26 días [menos opciones 7.15e-03%, menos opciones + pieza menos restrictiva 4.87e-03%, reinicios, menos opciones 1.1%] (Knuth: ~8 días) | máximo colocado 54 de 64 | hilos 8 de 12
    ... 166.3 s | grupo 1/6 | 190123403 nodos | revisado 7.29e-03%, faltan ~26 días [menos opciones 7.29e-03%, menos opciones + pieza menos restrictiva 4.88e-03%, reinicios, menos opciones 1.1%] (Knuth: ~8 días) | máximo colocado 54 de 64 | hilos 8 de 12
    ... 168.3 s | grupo 1/6 | 192541669 nodos | revisado 7.40e-03%, faltan ~26 días [menos opciones 7.40e-03%, menos opciones + pieza menos restrictiva 4.90e-03%, reinicios, menos opciones 1.1%] (Knuth: ~8 días) | máximo colocado 54 de 64 | hilos 8 de 12
    ... 170.4 s | grupo 1/6 | 194986804 nodos | revisado 7.48e-03%, faltan ~26 días [menos opciones 7.48e-03%, menos opciones + pieza menos restrictiva 4.93e-03%, reinicios, menos opciones 1.1%] (Knuth: ~8 días) | máximo colocado 54 de 64 | hilos 8 de 12
    ... 172.4 s | grupo 1/6 | 197381542 nodos | revisado 7.58e-03%, faltan ~26 días [menos opciones 7.58e-03%, menos opciones + pieza menos restrictiva 4.96e-03%, reinicios, menos opciones 1.1%] (Knuth: ~8 días) | máximo colocado 54 de 64 | hilos 8 de 12
    ... 174.4 s | grupo 1/6 | 199763698 nodos | revisado 7.65e-03%, faltan ~26 días [menos opciones 7.65e-03%, menos opciones + pieza menos restrictiva 4.97e-03%, reinicios, menos opciones 1.1%] (Knuth: ~8 días) | máximo colocado 54 de 64 | hilos 8 de 12
    ... 176.4 s | grupo 1/6 | 202152193 nodos | revisado 7.72e-03%, faltan ~26 días [menos opciones 7.72e-03%, menos opciones + pieza menos restrictiva 4.98e-03%, reinicios, menos opciones 1.1%] (Knuth: ~8 días) | máximo colocado 54 de 64 | hilos 8 de 12
    ... 178.4 s | grupo 1/6 | 204534744 nodos | revisado 7.81e-03%, faltan ~26 días [menos opciones 7.81e-03%, menos opciones + pieza menos restrictiva 5.00e-03%, reinicios, menos opciones 1.1%] (Knuth: ~8 días) | máximo colocado 54 de 64 | hilos 8 de 12
    ... 180.4 s | grupo 1/6 | 206932646 nodos | revisado 7.90e-03%, faltan ~26 días [menos opciones 7.90e-03%, menos opciones + pieza menos restrictiva 5.02e-03%, reinicios, menos opciones 1.1%] (Knuth: ~8 días) | máximo colocado 54 de 64 | hilos 8 de 12
    ... 182.4 s | grupo 1/6 | 209316272 nodos | revisado 7.99e-03%, faltan ~26 días [menos opciones 7.99e-03%, menos opciones + pieza menos restrictiva 5.05e-03%, reinicios, menos opciones 1.2%] (Knuth: ~8 días) | máximo colocado 55 de 64 | hilos 8 de 12
    ... 184.4 s | grupo 1/6 | 211692831 nodos | revisado 8.06e-03%, faltan ~26 días [menos opciones 8.06e-03%, menos opciones + pieza menos restrictiva 5.09e-03%, reinicios, menos opciones 1.2%] (Knuth: ~8 días) | máximo colocado 55 de 64 | hilos 8 de 12
    ... 186.4 s | grupo 1/6 | 214080304 nodos | revisado 8.10e-03%, faltan ~26 días [menos opciones 8.10e-03%, menos opciones + pieza menos restrictiva 5.11e-03%, reinicios, menos opciones 1.2%] (Knuth: ~8 días) | máximo colocado 55 de 64 | hilos 8 de 12
    ... 188.4 s | grupo 1/6 | 216489803 nodos | revisado 8.15e-03%, faltan ~26 días [menos opciones 8.15e-03%, menos opciones + pieza menos restrictiva 5.14e-03%, reinicios, menos opciones 1.2%] (Knuth: ~8 días) | máximo colocado 55 de 64 | hilos 8 de 12
    ... 190.4 s | grupo 1/6 | 218781021 nodos | revisado 8.23e-03%, faltan ~26 días [menos opciones 8.23e-03%, menos opciones + pieza menos restrictiva 5.18e-03%, reinicios, menos opciones 1.2%] (Knuth: ~8 días) | máximo colocado 55 de 64 | hilos 8 de 12
    ... 192.4 s | grupo 1/6 | 221162358 nodos | revisado 0.010%, faltan ~21 días [menos opciones 0.010%, menos opciones + pieza menos restrictiva 5.20e-03%, reinicios, menos opciones 1.2%] (Knuth: ~8 días) | máximo colocado 55 de 64 | hilos 8 de 12
    ... 194.5 s | grupo 1/6 | 223549514 nodos | revisado 0.010%, faltan ~21 días [menos opciones 0.010%, menos opciones + pieza menos restrictiva 5.26e-03%, reinicios, menos opciones 1.2%] (Knuth: ~8 días) | máximo colocado 55 de 64 | hilos 8 de 12
    ... 196.5 s | grupo 1/6 | 225891755 nodos | revisado 0.010%, faltan ~21 días [menos opciones 0.010%, menos opciones + pieza menos restrictiva 5.34e-03%, reinicios, menos opciones 1.2%] (Knuth: ~8 días) | máximo colocado 55 de 64 | hilos 8 de 12
    ... 198.5 s | grupo 1/6 | 228238125 nodos | revisado 0.010%, faltan ~22 días [menos opciones 0.010%, menos opciones + pieza menos restrictiva 5.37e-03%, reinicios, menos opciones 1.2%] (Knuth: ~8 días) | máximo colocado 55 de 64 | hilos 8 de 12
    ... 200.5 s | grupo 1/6 | 230604431 nodos | revisado 0.010%, faltan ~22 días [menos opciones 0.010%, menos opciones + pieza menos restrictiva 5.39e-03%, reinicios, menos opciones 1.2%] (Knuth: ~8 días) | máximo colocado 55 de 64 | hilos 8 de 12
    ... 202.5 s | grupo 1/6 | 232929503 nodos | revisado 0.010%, faltan ~22 días [menos opciones 0.010%, menos opciones + pieza menos restrictiva 5.42e-03%, reinicios, menos opciones 1.2%] (Knuth: ~8 días) | máximo colocado 55 de 64 | hilos 8 de 12
    ... 204.5 s | grupo 1/6 | 235304309 nodos | revisado 0.011%, faltan ~22 días [menos opciones 0.011%, menos opciones + pieza menos restrictiva 5.43e-03%, reinicios, menos opciones 1.2%] (Knuth: ~8 días) | máximo colocado 55 de 64 | hilos 8 de 12
    ... 206.5 s | grupo 1/6 | 237689023 nodos | revisado 0.011%, faltan ~22 días [menos opciones 0.011%, menos opciones + pieza menos restrictiva 5.44e-03%, reinicios, menos opciones 1.2%] (Knuth: ~8 días) | máximo colocado 55 de 64 | hilos 8 de 12
    ... 208.6 s | grupo 1/6 | 240031150 nodos | revisado 0.011%, faltan ~22 días [menos opciones 0.011%, menos opciones + pieza menos restrictiva 5.58e-03%, reinicios, menos opciones 1.2%] (Knuth: ~8 días) | máximo colocado 55 de 64 | hilos 8 de 12
    ... 210.6 s | grupo 1/6 | 242360670 nodos | revisado 0.011%, faltan ~22 días [menos opciones 0.011%, menos opciones + pieza menos restrictiva 5.59e-03%, reinicios, menos opciones 1.3%] (Knuth: ~8 días) | máximo colocado 55 de 64 | hilos 8 de 12
    ... 212.6 s | grupo 1/6 | 244682374 nodos | revisado 0.011%, faltan ~23 días [menos opciones 0.011%, menos opciones + pieza menos restrictiva 5.62e-03%, reinicios, menos opciones 1.3%] (Knuth: ~8 días) | máximo colocado 55 de 64 | hilos 8 de 12
    ... 214.6 s | grupo 1/6 | 247019629 nodos | revisado 0.011%, faltan ~23 días [menos opciones 0.011%, menos opciones + pieza menos restrictiva 5.65e-03%, reinicios, menos opciones 1.3%] (Knuth: ~8 días) | máximo colocado 55 de 64 | hilos 8 de 12
    ... 216.6 s | grupo 1/6 | 249349718 nodos | revisado 0.011%, faltan ~23 días [menos opciones 0.011%, menos opciones + pieza menos restrictiva 5.67e-03%, reinicios, menos opciones 1.3%] (Knuth: ~8 días) | máximo colocado 55 de 64 | hilos 8 de 12
    ... 218.6 s | grupo 1/6 | 251670273 nodos | revisado 0.011%, faltan ~23 días [menos opciones 0.011%, menos opciones + pieza menos restrictiva 5.67e-03%, reinicios, menos opciones 1.3%] (Knuth: ~8 días) | máximo colocado 55 de 64 | hilos 8 de 12
    ... 220.6 s | grupo 1/6 | 254032929 nodos | revisado 0.011%, faltan ~23 días [menos opciones 0.011%, menos opciones + pieza menos restrictiva 5.70e-03%, reinicios, menos opciones 1.3%] (Knuth: ~8 días) | máximo colocado 55 de 64 | hilos 8 de 12
    ... 222.6 s | grupo 1/6 | 256416913 nodos | revisado 0.011%, faltan ~23 días [menos opciones 0.011%, menos opciones + pieza menos restrictiva 5.72e-03%, reinicios, menos opciones 1.3%] (Knuth: ~8 días) | máximo colocado 55 de 64 | hilos 8 de 12
    ... 224.6 s | grupo 1/6 | 258755494 nodos | revisado 0.011%, faltan ~23 días [menos opciones 0.011%, menos opciones + pieza menos restrictiva 5.73e-03%, reinicios, menos opciones 1.3%] (Knuth: ~8 días) | máximo colocado 55 de 64 | hilos 8 de 12
    ... 226.6 s | grupo 1/6 | 261111046 nodos | revisado 0.011%, faltan ~23 días [menos opciones 0.011%, menos opciones + pieza menos restrictiva 5.74e-03%, reinicios, menos opciones 1.3%] (Knuth: ~8 días) | máximo colocado 55 de 64 | hilos 8 de 12
    ... 228.6 s | grupo 1/6 | 263478175 nodos | revisado 0.011%, faltan ~23 días [menos opciones 0.011%, menos opciones + pieza menos restrictiva 5.75e-03%, reinicios, menos opciones 1.3%] (Knuth: ~8 días) | máximo colocado 55 de 64 | hilos 8 de 12
    ... 230.6 s | grupo 1/6 | 265856490 nodos | revisado 0.011%, faltan ~23 días [menos opciones 0.011%, menos opciones + pieza menos restrictiva 5.77e-03%, reinicios, menos opciones 1.3%] (Knuth: ~8 días) | máximo colocado 55 de 64 | hilos 8 de 12
    ... 232.7 s | grupo 1/6 | 268212581 nodos | revisado 0.011%, faltan ~24 días [menos opciones 0.011%, menos opciones + pieza menos restrictiva 5.81e-03%, reinicios, menos opciones 1.5%] (Knuth: ~8 días) | máximo colocado 55 de 64 | hilos 8 de 12
    ... 234.7 s | grupo 1/6 | 270567058 nodos | revisado 0.011%, faltan ~24 días [menos opciones 0.011%, menos opciones + pieza menos restrictiva 5.82e-03%, reinicios, menos opciones 1.5%] (Knuth: ~8 días) | máximo colocado 55 de 64 | hilos 8 de 12
    ... 236.7 s | grupo 1/6 | 272905809 nodos | revisado 0.011%, faltan ~24 días [menos opciones 0.011%, menos opciones + pieza menos restrictiva 5.84e-03%, reinicios, menos opciones 1.5%] (Knuth: ~8 días) | máximo colocado 55 de 64 | hilos 8 de 12
    ... 238.7 s | grupo 1/6 | 275243478 nodos | revisado 0.011%, faltan ~24 días [menos opciones 0.011%, menos opciones + pieza menos restrictiva 5.87e-03%, reinicios, menos opciones 1.5%] (Knuth: ~8 días) | máximo colocado 55 de 64 | hilos 8 de 12
    ... 240.7 s | grupo 1/6 | 277567903 nodos | revisado 0.011%, faltan ~24 días [menos opciones 0.011%, menos opciones + pieza menos restrictiva 5.89e-03%, reinicios, menos opciones 1.5%] (Knuth: ~8 días) | máximo colocado 55 de 64 | hilos 8 de 12
    ... 242.7 s | grupo 1/6 | 279938804 nodos | revisado 0.011%, faltan ~24 días [menos opciones 0.011%, menos opciones + pieza menos restrictiva 5.91e-03%, reinicios, menos opciones 1.5%] (Knuth: ~8 días) | máximo colocado 55 de 64 | hilos 8 de 12
    ... 244.7 s | grupo 1/6 | 282293287 nodos | revisado 0.012%, faltan ~24 días [menos opciones 0.012%, menos opciones + pieza menos restrictiva 5.92e-03%, reinicios, menos opciones 1.5%] (Knuth: ~8 días) | máximo colocado 55 de 64 | hilos 8 de 12
    ... 246.7 s | grupo 1/6 | 284642809 nodos | revisado 0.012%, faltan ~24 días [menos opciones 0.012%, menos opciones + pieza menos restrictiva 5.94e-03%, reinicios, menos opciones 1.5%] (Knuth: ~8 días) | máximo colocado 55 de 64 | hilos 8 de 12
    ... 248.7 s | grupo 1/6 | 286969022 nodos | revisado 0.012%, faltan ~24 días [menos opciones 0.012%, menos opciones + pieza menos restrictiva 5.97e-03%, reinicios, menos opciones 1.5%] (Knuth: ~8 días) | máximo colocado 55 de 64 | hilos 8 de 12
    ... 250.7 s | grupo 1/6 | 289292001 nodos | revisado 0.012%, faltan ~24 días [menos opciones 0.012%, menos opciones + pieza menos restrictiva 5.99e-03%, reinicios, menos opciones 1.6%] (Knuth: ~8 días) | máximo colocado 55 de 64 | hilos 8 de 12
    ... 252.7 s | grupo 1/6 | 291673212 nodos | revisado 0.012%, faltan ~24 días [menos opciones 0.012%, menos opciones + pieza menos restrictiva 6.02e-03%, reinicios, menos opciones 1.6%] (Knuth: ~8 días) | máximo colocado 55 de 64 | hilos 8 de 12
    ... 254.7 s | grupo 1/6 | 294064271 nodos | revisado 0.012%, faltan ~25 días [menos opciones 0.012%, menos opciones + pieza menos restrictiva 6.03e-03%, reinicios, menos opciones 1.9%] (Knuth: ~8 días) | máximo colocado 55 de 64 | hilos 8 de 12
    ... 256.8 s | grupo 1/6 | 296417768 nodos | revisado 0.012%, faltan ~25 días [menos opciones 0.012%, menos opciones + pieza menos restrictiva 6.06e-03%, reinicios, menos opciones 1.9%] (Knuth: ~8 días) | máximo colocado 55 de 64 | hilos 8 de 12
    ... 258.8 s | grupo 1/6 | 298794573 nodos | revisado 0.012%, faltan ~25 días [menos opciones 0.012%, menos opciones + pieza menos restrictiva 6.11e-03%, reinicios, menos opciones 2.0%] (Knuth: ~8 días) | máximo colocado 55 de 64 | hilos 8 de 12
    ... 260.8 s | grupo 1/6 | 301143416 nodos | revisado 0.012%, faltan ~25 días [menos opciones 0.012%, menos opciones + pieza menos restrictiva 6.13e-03%, reinicios, menos opciones 2.0%] (Knuth: ~8 días) | máximo colocado 55 de 64 | hilos 8 de 12
    ... 262.8 s | grupo 1/6 | 303486271 nodos | revisado 0.012%, faltan ~25 días [menos opciones 0.012%, menos opciones + pieza menos restrictiva 6.17e-03%, reinicios, menos opciones 2.0%] (Knuth: ~8 días) | máximo colocado 55 de 64 | hilos 8 de 12
    ... 264.8 s | grupo 1/6 | 305857865 nodos | revisado 0.012%, faltan ~25 días [menos opciones 0.012%, menos opciones + pieza menos restrictiva 6.21e-03%, reinicios, menos opciones 2.0%] (Knuth: ~8 días) | máximo colocado 55 de 64 | hilos 8 de 12
    ... 266.8 s | grupo 1/6 | 308253734 nodos | revisado 0.012%, faltan ~25 días [menos opciones 0.012%, menos opciones + pieza menos restrictiva 6.25e-03%, reinicios, menos opciones 2.0%] (Knuth: ~8 días) | máximo colocado 55 de 64 | hilos 8 de 12
    ... 268.8 s | grupo 1/6 | 310619337 nodos | revisado 0.012%, faltan ~25 días [menos opciones 0.012%, menos opciones + pieza menos restrictiva 6.33e-03%, reinicios, menos opciones 2.0%] (Knuth: ~8 días) | máximo colocado 55 de 64 | hilos 8 de 12
    ... 270.9 s | grupo 1/6 | 313002487 nodos | revisado 0.012%, faltan ~26 días [menos opciones 0.012%, menos opciones + pieza menos restrictiva 6.35e-03%, reinicios, menos opciones 2.0%] (Knuth: ~8 días) | máximo colocado 55 de 64 | hilos 8 de 12
    ... 272.9 s | grupo 1/6 | 315370928 nodos | revisado 0.012%, faltan ~26 días [menos opciones 0.012%, menos opciones + pieza menos restrictiva 6.38e-03%, reinicios, menos opciones 2.1%] (Knuth: ~8 días) | máximo colocado 55 de 64 | hilos 8 de 12
    ... 274.9 s | grupo 1/6 | 317708678 nodos | revisado 0.012%, faltan ~26 días [menos opciones 0.012%, menos opciones + pieza menos restrictiva 6.40e-03%, reinicios, menos opciones 2.1%] (Knuth: ~8 días) | máximo colocado 55 de 64 | hilos 8 de 12
    ... 276.9 s | grupo 1/6 | 320055071 nodos | revisado 0.012%, faltan ~26 días [menos opciones 0.012%, menos opciones + pieza menos restrictiva 6.42e-03%, reinicios, menos opciones 2.2%] (Knuth: ~8 días) | máximo colocado 55 de 64 | hilos 8 de 12
    ... 278.9 s | grupo 1/6 | 322381587 nodos | revisado 0.012%, faltan ~26 días [menos opciones 0.012%, menos opciones + pieza menos restrictiva 6.44e-03%, reinicios, menos opciones 2.2%] (Knuth: ~8 días) | máximo colocado 55 de 64 | hilos 8 de 12
    ... 280.9 s | grupo 1/6 | 324669976 nodos | revisado 0.012%, faltan ~26 días [menos opciones 0.012%, menos opciones + pieza menos restrictiva 6.46e-03%, reinicios, menos opciones 2.3%] (Knuth: ~8 días) | máximo colocado 55 de 64 | hilos 8 de 12
    ... 282.9 s | grupo 1/6 | 326969457 nodos | revisado 0.012%, faltan ~26 días [menos opciones 0.012%, menos opciones + pieza menos restrictiva 6.50e-03%, reinicios, menos opciones 2.3%] (Knuth: ~8 días) | máximo colocado 55 de 64 | hilos 8 de 12
    ... 284.9 s | grupo 1/6 | 329290257 nodos | revisado 0.012%, faltan ~26 días [menos opciones 0.012%, menos opciones + pieza menos restrictiva 6.52e-03%, reinicios, menos opciones 2.4%] (Knuth: ~8 días) | máximo colocado 55 de 64 | hilos 8 de 12
    ... 286.9 s | grupo 1/6 | 331595433 nodos | revisado 0.012%, faltan ~27 días [menos opciones 0.012%, menos opciones + pieza menos restrictiva 6.54e-03%, reinicios, menos opciones 2.4%] (Knuth: ~8 días) | máximo colocado 55 de 64 | hilos 8 de 12
    ... 288.9 s | grupo 1/6 | 333899238 nodos | revisado 0.012%, faltan ~27 días [menos opciones 0.012%, menos opciones + pieza menos restrictiva 6.56e-03%, reinicios, menos opciones 2.4%] (Knuth: ~8 días) | máximo colocado 55 de 64 | hilos 8 de 12
    ... 290.9 s | grupo 1/6 | 336238539 nodos | revisado 0.012%, faltan ~27 días [menos opciones 0.012%, menos opciones + pieza menos restrictiva 6.56e-03%, reinicios, menos opciones 2.4%] (Knuth: ~8 días) | máximo colocado 55 de 64 | hilos 8 de 12
    ... 292.9 s | grupo 1/6 | 338534880 nodos | revisado 0.012%, faltan ~27 días [menos opciones 0.012%, menos opciones + pieza menos restrictiva 6.59e-03%, reinicios, menos opciones 2.4%] (Knuth: ~8 días) | máximo colocado 55 de 64 | hilos 8 de 12
    ... 295.0 s | grupo 1/6 | 340838262 nodos | revisado 0.013%, faltan ~27 días [menos opciones 0.013%, menos opciones + pieza menos restrictiva 6.63e-03%, reinicios, menos opciones 2.4%] (Knuth: ~8 días) | máximo colocado 55 de 64 | hilos 8 de 12
    ... 297.0 s | grupo 1/6 | 343158480 nodos | revisado 0.013%, faltan ~27 días [menos opciones 0.013%, menos opciones + pieza menos restrictiva 6.65e-03%, reinicios, menos opciones 2.4%] (Knuth: ~8 días) | máximo colocado 55 de 64 | hilos 8 de 12
    ... 299.0 s | grupo 1/6 | 345499954 nodos | revisado 0.013%, faltan ~27 días [menos opciones 0.013%, menos opciones + pieza menos restrictiva 6.66e-03%, reinicios, menos opciones 2.5%] (Knuth: ~8 días) | máximo colocado 55 de 64 | hilos 8 de 12
[4] Grupo 1: cortado por límite de tiempo
[5] Tiempo total: 5 min
RESULTADO resuelto=0 ms=300015.5 marcos=0 nodos=346700800 grupos=1/6 hilos=12 t_marcos=0.000 t_interior=296.360 lados=0 unificado=1 max_colocadas=55 motivo=limite
