[0] Tablero 8x8, 11 colores, 12 hilos
[1] Esquina fija (2,2). 6 grupos, orden por coste: 3.98e+19 3.98e+19 3.98e+19 3.98e+19 3.98e+19 3.98e+19
    grupo 1, orden menos opciones: estimado 4.67e+13 nodos
    grupo 1, orden interior primero: estimado 1.34e+13 nodos
    grupo 2, orden menos opciones: estimado 5.26e+13 nodos
    grupo 2, orden interior primero: estimado 1.71e+13 nodos
    grupo 3, orden menos opciones: estimado 1.88e+13 nodos
    grupo 3, orden interior primero: estimado 1.68e+13 nodos
    grupo 4, orden menos opciones: estimado 4.65e+13 nodos
    grupo 4, orden interior primero: estimado 1.29e+13 nodos
    grupo 5, orden menos opciones: estimado 2.44e+13 nodos
    grupo 5, orden interior primero: estimado 3.09e+13 nodos
    grupo 6, orden menos opciones: estimado 2.92e+13 nodos
    grupo 6, orden interior primero: estimado 2.12e+13 nodos
[1] Estimado de Knuth por grupo (nodos): 1.34e+13(i) 1.71e+13(i) 1.88e+13 1.29e+13(i) 2.44e+13 2.92e+13   (i) = interior primero
[2] Grupo 1/6: ruta unificada (mapas por lado), orden: PORTAFOLIO de 4 equipos (2 órdenes, normal y al azar)
    ... 5.7 s | grupo 1/6 | 2160541 nodos | revisado 6.62e-06%, faltan ~351 días [interior primero 6.62e-06%, interior primero + pieza menos restrictiva 3.37e-08%, reinicios, interior primero 1.51e-04%] (Knuth: ~144 días) | máximo colocado 51 de 64 | hilos 8 de 12
    portafolio: encontró la solución el equipo "reinicios, interior primero" (nodos: interior primero 1193984, interior primero + pieza menos restrictiva 861184, reinicios, interior primero 1292196)
[4] Grupo 1: SOLUCIÓN. Verificación: OK
[5] Tiempo total: 7 s
RESULTADO resuelto=1 ms=6784.7 marcos=0 nodos=3347364 grupos=1/6 hilos=12 t_marcos=0.000 t_interior=3.126 lados=0 unificado=1 max_colocadas=64
