[0] Tablero 8x8, 11 colores, 12 hilos
[1] Esquina fija (1,2). 6 grupos, orden por coste: 1.83e+17 1.83e+17 1.84e+17 1.84e+17 1.84e+17 1.84e+17
    grupo 1, orden menos opciones: estimado 2.02e+12 nodos
    grupo 1, orden interior primero: estimado 1.8e+12 nodos
    grupo 2, orden menos opciones: estimado 2.01e+12 nodos
    grupo 2, orden interior primero: estimado 1.91e+12 nodos
    grupo 3, orden menos opciones: estimado 1.91e+12 nodos
    grupo 3, orden interior primero: estimado 2.01e+12 nodos
    grupo 4, orden menos opciones: estimado 1.62e+12 nodos
    grupo 4, orden interior primero: estimado 3.85e+12 nodos
    grupo 5, orden menos opciones: estimado 1.87e+12 nodos
    grupo 5, orden interior primero: estimado 1.58e+12 nodos
    grupo 6, orden menos opciones: estimado 2.02e+12 nodos
    grupo 6, orden interior primero: estimado 1.6e+12 nodos
[1] Estimado de Knuth por grupo (nodos): 2.02e+12 2.01e+12 1.91e+12 1.62e+12 1.87e+12 2.02e+12   (i) = interior primero
[2] Grupo 1/6: ruta unificada (mapas por lado), orden: PORTAFOLIO de 4 equipos (2 órdenes, normal y al azar)
    ... 5.7 s | grupo 1/6 | 2130090 nodos | revisado 2.13e-04%, faltan ~11 días [menos opciones 2.13e-04%, menos opciones + pieza menos restrictiva 6.14e-07%, reinicios, menos opciones 3.25e-04%] (Knuth: ~22 días) | máximo colocado 51 de 64 | hilos 8 de 12
    ... 7.7 s | grupo 1/6 | 4246089 nodos | revisado 4.67e-04%, faltan ~10 días [menos opciones 4.67e-04%, menos opciones + pieza menos restrictiva 2.84e-06%, reinicios, menos opciones 8.60e-04%] (Knuth: ~22 días) | máximo colocado 51 de 64 | hilos 8 de 12
    ... 9.7 s | grupo 1/6 | 6364816 nodos | revisado 5.74e-04%, faltan ~12 días [menos opciones 5.74e-04%, menos opciones + pieza menos restrictiva 5.94e-06%, reinicios, menos opciones 1.36e-03%] (Knuth: ~22 días) | máximo colocado 51 de 64 | hilos 8 de 12
    ... 11.7 s | grupo 1/6 | 8462279 nodos | revisado 7.45e-04%, faltan ~12 días [menos opciones 7.45e-04%, menos opciones + pieza menos restrictiva 8.15e-06%, reinicios, menos opciones 1.66e-03%] (Knuth: ~22 días) | máximo colocado 51 de 64 | hilos 8 de 12
    ... 13.7 s | grupo 1/6 | 10577992 nodos | revisado 8.52e-04%, faltan ~14 días [menos opciones 8.52e-04%, menos opciones + pieza menos restrictiva 9.57e-06%, reinicios, menos opciones 9.35e-03%] (Knuth: ~22 días) | máximo colocado 51 de 64 | hilos 8 de 12
    ... 15.7 s | grupo 1/6 | 12726450 nodos | revisado 1.08e-03%, faltan ~13 días [menos opciones 1.08e-03%, menos opciones + pieza menos restrictiva 1.05e-05%, reinicios, menos opciones 9.78e-03%] (Knuth: ~22 días) | máximo colocado 53 de 64 | hilos 8 de 12
    ... 17.7 s | grupo 1/6 | 14836200 nodos | revisado 1.32e-03%, faltan ~12 días [menos opciones 1.32e-03%, menos opciones + pieza menos restrictiva 1.11e-05%, reinicios, menos opciones 9.92e-03%] (Knuth: ~22 días) | máximo colocado 53 de 64 | hilos 8 de 12
    ... 19.7 s | grupo 1/6 | 16922202 nodos | revisado 1.41e-03%, faltan ~13 días [menos opciones 1.41e-03%, menos opciones + pieza menos restrictiva 1.48e-05%, reinicios, menos opciones 0.010%] (Knuth: ~22 días) | máximo colocado 53 de 64 | hilos 8 de 12
    ... 21.7 s | grupo 1/6 | 19037342 nodos | revisado 1.55e-03%, faltan ~14 días [menos opciones 1.55e-03%, menos opciones + pieza menos restrictiva 1.98e-05%, reinicios, menos opciones 0.010%] (Knuth: ~22 días) | máximo colocado 53 de 64 | hilos 8 de 12
    ... 23.8 s | grupo 1/6 | 21139715 nodos | revisado 1.74e-03%, faltan ~13 días [menos opciones 1.74e-03%, menos opciones + pieza menos restrictiva 2.35e-05%, reinicios, menos opciones 0.011%] (Knuth: ~22 días) | máximo colocado 53 de 64 | hilos 8 de 12
    ... 25.8 s | grupo 1/6 | 23234068 nodos | revisado 1.88e-03%, faltan ~14 días [menos opciones 1.88e-03%, menos opciones + pieza menos restrictiva 2.61e-05%, reinicios, menos opciones 0.012%] (Knuth: ~22 días) | máximo colocado 53 de 64 | hilos 8 de 12
    ... 27.8 s | grupo 1/6 | 25304755 nodos | revisado 2.00e-03%, faltan ~14 días [menos opciones 2.00e-03%, menos opciones + pieza menos restrictiva 2.80e-05%, reinicios, menos opciones 0.013%] (Knuth: ~22 días) | máximo colocado 53 de 64 | hilos 8 de 12
    ... 29.8 s | grupo 1/6 | 27382618 nodos | revisado 2.20e-03%, faltan ~14 días [menos opciones 2.20e-03%, menos opciones + pieza menos restrictiva 3.37e-05%, reinicios, menos opciones 0.013%] (Knuth: ~22 días) | máximo colocado 53 de 64 | hilos 8 de 12
    ... 31.8 s | grupo 1/6 | 29447788 nodos | revisado 2.39e-03%, faltan ~14 días [menos opciones 2.39e-03%, menos opciones + pieza menos restrictiva 3.63e-05%, reinicios, menos opciones 0.013%] (Knuth: ~22 días) | máximo colocado 53 de 64 | hilos 8 de 12
    ... 33.8 s | grupo 1/6 | 31522051 nodos | revisado 2.41e-03%, faltan ~14 días [menos opciones 2.41e-03%, menos opciones + pieza menos restrictiva 4.11e-05%, reinicios, menos opciones 0.013%] (Knuth: ~22 días) | máximo colocado 53 de 64 | hilos 8 de 12
    ... 35.8 s | grupo 1/6 | 33589499 nodos | revisado 2.43e-03%, faltan ~15 días [menos opciones 2.43e-03%, menos opciones + pieza menos restrictiva 4.35e-05%, reinicios, menos opciones 0.013%] (Knuth: ~22 días) | máximo colocado 53 de 64 | hilos 8 de 12
    ... 37.8 s | grupo 1/6 | 35623329 nodos | revisado 2.47e-03%, faltan ~16 días [menos opciones 2.47e-03%, menos opciones + pieza menos restrictiva 4.61e-05%, reinicios, menos opciones 0.014%] (Knuth: ~22 días) | máximo colocado 53 de 64 | hilos 8 de 12
    ... 39.8 s | grupo 1/6 | 37659766 nodos | revisado 2.53e-03%, faltan ~17 días [menos opciones 2.53e-03%, menos opciones + pieza menos restrictiva 4.74e-05%, reinicios, menos opciones 0.015%] (Knuth: ~22 días) | máximo colocado 53 de 64 | hilos 8 de 12
    ... 41.8 s | grupo 1/6 | 39697934 nodos | revisado 2.64e-03%, faltan ~17 días [menos opciones 2.64e-03%, menos opciones + pieza menos restrictiva 4.82e-05%, reinicios, menos opciones 0.015%] (Knuth: ~23 días) | máximo colocado 53 de 64 | hilos 8 de 12
    ... 43.8 s | grupo 1/6 | 41751629 nodos | revisado 2.71e-03%, faltan ~17 días [menos opciones 2.71e-03%, menos opciones + pieza menos restrictiva 4.97e-05%, reinicios, menos opciones 0.015%] (Knuth: ~23 días) | máximo colocado 53 de 64 | hilos 8 de 12
    ... 45.8 s | grupo 1/6 | 43871527 nodos | revisado 2.82e-03%, faltan ~17 días [menos opciones 2.82e-03%, menos opciones + pieza menos restrictiva 5.18e-05%, reinicios, menos opciones 0.015%] (Knuth: ~23 días) | máximo colocado 53 de 64 | hilos 8 de 12
    ... 47.9 s | grupo 1/6 | 45948856 nodos | revisado 2.86e-03%, faltan ~18 días [menos opciones 2.86e-03%, menos opciones + pieza menos restrictiva 5.31e-05%, reinicios, menos opciones 0.016%] (Knuth: ~23 días) | máximo colocado 53 de 64 | hilos 8 de 12
    ... 49.9 s | grupo 1/6 | 48026157 nodos | revisado 2.92e-03%, faltan ~18 días [menos opciones 2.92e-03%, menos opciones + pieza menos restrictiva 5.58e-05%, reinicios, menos opciones 0.016%] (Knuth: ~23 días) | máximo colocado 53 de 64 | hilos 8 de 12
    ... 51.9 s | grupo 1/6 | 50090642 nodos | revisado 3.04e-03%, faltan ~18 días [menos opciones 3.04e-03%, menos opciones + pieza menos restrictiva 6.01e-05%, reinicios, menos opciones 0.016%] (Knuth: ~23 días) | máximo colocado 53 de 64 | hilos 8 de 12
    ... 53.9 s | grupo 1/6 | 52160759 nodos | revisado 3.11e-03%, faltan ~19 días [menos opciones 3.11e-03%, menos opciones + pieza menos restrictiva 6.17e-05%, reinicios, menos opciones 0.017%] (Knuth: ~23 días) | máximo colocado 53 de 64 | hilos 8 de 12
    ... 55.9 s | grupo 1/6 | 54225067 nodos | revisado 3.12e-03%, faltan ~19 días [menos opciones 3.12e-03%, menos opciones + pieza menos restrictiva 6.41e-05%, reinicios, menos opciones 0.017%] (Knuth: ~23 días) | máximo colocado 53 de 64 | hilos 8 de 12
    ... 57.9 s | grupo 1/6 | 56266607 nodos | revisado 3.21e-03%, faltan ~20 días [menos opciones 3.21e-03%, menos opciones + pieza menos restrictiva 6.59e-05%, reinicios, menos opciones 0.017%] (Knuth: ~23 días) | máximo colocado 53 de 64 | hilos 8 de 12
    ... 59.9 s | grupo 1/6 | 58317261 nodos | revisado 3.31e-03%, faltan ~20 días [menos opciones 3.31e-03%, menos opciones + pieza menos restrictiva 6.77e-05%, reinicios, menos opciones 0.017%] (Knuth: ~23 días) | máximo colocado 53 de 64 | hilos 8 de 12
    ... 61.9 s | grupo 1/6 | 60404757 nodos | revisado 3.31e-03%, faltan ~20 días [menos opciones 3.31e-03%, menos opciones + pieza menos restrictiva 6.96e-05%, reinicios, menos opciones 0.017%] (Knuth: ~23 días) | máximo colocado 53 de 64 | hilos 8 de 12
    ... 63.9 s | grupo 1/6 | 62494995 nodos | revisado 3.41e-03%, faltan ~20 días [menos opciones 3.41e-03%, menos opciones + pieza menos restrictiva 7.06e-05%, reinicios, menos opciones 0.018%] (Knuth: ~23 días) | máximo colocado 53 de 64 | hilos 8 de 12
    ... 66.0 s | grupo 1/6 | 64549142 nodos | revisado 3.65e-03%, faltan ~20 días [menos opciones 3.65e-03%, menos opciones + pieza menos restrictiva 7.45e-05%, reinicios, menos opciones 0.019%] (Knuth: ~23 días) | máximo colocado 53 de 64 | hilos 8 de 12
    ... 68.0 s | grupo 1/6 | 66616413 nodos | revisado 3.76e-03%, faltan ~20 días [menos opciones 3.76e-03%, menos opciones + pieza menos restrictiva 7.83e-05%, reinicios, menos opciones 0.019%] (Knuth: ~23 días) | máximo colocado 53 de 64 | hilos 8 de 12
    ... 70.0 s | grupo 1/6 | 68667814 nodos | revisado 3.85e-03%, faltan ~20 días [menos opciones 3.85e-03%, menos opciones + pieza menos restrictiva 8.33e-05%, reinicios, menos opciones 0.019%] (Knuth: ~23 días) | máximo colocado 53 de 64 | hilos 8 de 12
    ... 72.0 s | grupo 1/6 | 70749354 nodos | revisado 3.88e-03%, faltan ~20 días [menos opciones 3.88e-03%, menos opciones + pieza menos restrictiva 8.57e-05%, reinicios, menos opciones 0.020%] (Knuth: ~23 días) | máximo colocado 53 de 64 | hilos 8 de 12
    ... 74.0 s | grupo 1/6 | 72796770 nodos | revisado 3.91e-03%, faltan ~21 días [menos opciones 3.91e-03%, menos opciones + pieza menos restrictiva 9.06e-05%, reinicios, menos opciones 0.020%] (Knuth: ~23 días) | máximo colocado 53 de 64 | hilos 8 de 12
    ... 76.0 s | grupo 1/6 | 74847038 nodos | revisado 3.94e-03%, faltan ~21 días [menos opciones 3.94e-03%, menos opciones + pieza menos restrictiva 9.28e-05%, reinicios, menos opciones 0.020%] (Knuth: ~23 días) | máximo colocado 53 de 64 | hilos 8 de 12
    ... 78.0 s | grupo 1/6 | 76909808 nodos | revisado 3.99e-03%, faltan ~22 días [menos opciones 3.99e-03%, menos opciones + pieza menos restrictiva 9.49e-05%, reinicios, menos opciones 0.020%] (Knuth: ~23 días) | máximo colocado 53 de 64 | hilos 8 de 12
    ... 80.0 s | grupo 1/6 | 78997504 nodos | revisado 4.00e-03%, faltan ~22 días [menos opciones 4.00e-03%, menos opciones + pieza menos restrictiva 9.69e-05%, reinicios, menos opciones 0.020%] (Knuth: ~23 días) | máximo colocado 53 de 64 | hilos 8 de 12
    ... 82.0 s | grupo 1/6 | 81103524 nodos | revisado 4.04e-03%, faltan ~22 días [menos opciones 4.04e-03%, menos opciones + pieza menos restrictiva 9.90e-05%, reinicios, menos opciones 0.020%] (Knuth: ~23 días) | máximo colocado 53 de 64 | hilos 8 de 12
    ... 84.0 s | grupo 1/6 | 83177975 nodos | revisado 4.10e-03%, faltan ~23 días [menos opciones 4.10e-03%, menos opciones + pieza menos restrictiva 1.04e-04%, reinicios, menos opciones 0.020%] (Knuth: ~23 días) | máximo colocado 53 de 64 | hilos 8 de 12
    ... 86.0 s | grupo 1/6 | 85280133 nodos | revisado 4.17e-03%, faltan ~23 días [menos opciones 4.17e-03%, menos opciones + pieza menos restrictiva 1.10e-04%, reinicios, menos opciones 0.020%] (Knuth: ~23 días) | máximo colocado 53 de 64 | hilos 8 de 12
    ... 88.0 s | grupo 1/6 | 87271818 nodos | revisado 4.20e-03%, faltan ~23 días [menos opciones 4.20e-03%, menos opciones + pieza menos restrictiva 1.14e-04%, reinicios, menos opciones 0.021%] (Knuth: ~23 días) | máximo colocado 53 de 64 | hilos 8 de 12
    ... 90.0 s | grupo 1/6 | 89328698 nodos | revisado 4.24e-03%, faltan ~24 días [menos opciones 4.24e-03%, menos opciones + pieza menos restrictiva 1.16e-04%, reinicios, menos opciones 0.021%] (Knuth: ~23 días) | máximo colocado 53 de 64 | hilos 8 de 12
    ... 92.1 s | grupo 1/6 | 91392042 nodos | revisado 4.29e-03%, faltan ~24 días [menos opciones 4.29e-03%, menos opciones + pieza menos restrictiva 1.19e-04%, reinicios, menos opciones 0.021%] (Knuth: ~23 días) | máximo colocado 53 de 64 | hilos 8 de 12
    ... 94.1 s | grupo 1/6 | 93466084 nodos | revisado 4.35e-03%, faltan ~24 días [menos opciones 4.35e-03%, menos opciones + pieza menos restrictiva 1.21e-04%, reinicios, menos opciones 0.021%] (Knuth: ~23 días) | máximo colocado 53 de 64 | hilos 8 de 12
    ... 96.1 s | grupo 1/6 | 95540865 nodos | revisado 4.41e-03%, faltan ~24 días [menos opciones 4.41e-03%, menos opciones + pieza menos restrictiva 1.23e-04%, reinicios, menos opciones 0.022%] (Knuth: ~23 días) | máximo colocado 53 de 64 | hilos 8 de 12
    ... 98.1 s | grupo 1/6 | 97607237 nodos | revisado 4.46e-03%, faltan ~25 días [menos opciones 4.46e-03%, menos opciones + pieza menos restrictiva 1.28e-04%, reinicios, menos opciones 0.022%] (Knuth: ~23 días) | máximo colocado 53 de 64 | hilos 8 de 12
    ... 100.1 s | grupo 1/6 | 99661989 nodos | revisado 4.49e-03%, faltan ~25 días [menos opciones 4.49e-03%, menos opciones + pieza menos restrictiva 1.29e-04%, reinicios, menos opciones 0.024%] (Knuth: ~23 días) | máximo colocado 53 de 64 | hilos 8 de 12
    ... 102.1 s | grupo 1/6 | 101692462 nodos | revisado 4.50e-03%, faltan ~25 días [menos opciones 4.50e-03%, menos opciones + pieza menos restrictiva 1.31e-04%, reinicios, menos opciones 0.024%] (Knuth: ~23 días) | máximo colocado 53 de 64 | hilos 8 de 12
    ... 104.1 s | grupo 1/6 | 103804442 nodos | revisado 4.55e-03%, faltan ~26 días [menos opciones 4.55e-03%, menos opciones + pieza menos restrictiva 1.35e-04%, reinicios, menos opciones 0.024%] (Knuth: ~23 días) | máximo colocado 53 de 64 | hilos 8 de 12
    ... 106.1 s | grupo 1/6 | 105900029 nodos | revisado 4.60e-03%, faltan ~26 días [menos opciones 4.60e-03%, menos opciones + pieza menos restrictiva 1.38e-04%, reinicios, menos opciones 0.024%] (Knuth: ~23 días) | máximo colocado 53 de 64 | hilos 8 de 12
    ... 108.1 s | grupo 1/6 | 108016758 nodos | revisado 4.65e-03%, faltan ~26 días [menos opciones 4.65e-03%, menos opciones + pieza menos restrictiva 1.41e-04%, reinicios, menos opciones 0.024%] (Knuth: ~23 días) | máximo colocado 53 de 64 | hilos 8 de 12
    ... 110.1 s | grupo 1/6 | 110111100 nodos | revisado 4.69e-03%, faltan ~26 días [menos opciones 4.69e-03%, menos opciones + pieza menos restrictiva 1.51e-04%, reinicios, menos opciones 0.024%] (Knuth: ~23 días) | máximo colocado 53 de 64 | hilos 8 de 12
    ... 112.1 s | grupo 1/6 | 112208485 nodos | revisado 4.73e-03%, faltan ~27 días [menos opciones 4.73e-03%, menos opciones + pieza menos restrictiva 1.56e-04%, reinicios, menos opciones 0.025%] (Knuth: ~23 días) | máximo colocado 53 de 64 | hilos 8 de 12
    ... 114.1 s | grupo 1/6 | 114295913 nodos | revisado 4.80e-03%, faltan ~27 días [menos opciones 4.80e-03%, menos opciones + pieza menos restrictiva 1.59e-04%, reinicios, menos opciones 0.025%] (Knuth: ~23 días) | máximo colocado 53 de 64 | hilos 8 de 12
    ... 116.2 s | grupo 1/6 | 116429579 nodos | revisado 4.86e-03%, faltan ~27 días [menos opciones 4.86e-03%, menos opciones + pieza menos restrictiva 1.62e-04%, reinicios, menos opciones 0.027%] (Knuth: ~23 días) | máximo colocado 53 de 64 | hilos 8 de 12
    ... 118.2 s | grupo 1/6 | 118526865 nodos | revisado 4.91e-03%, faltan ~27 días [menos opciones 4.91e-03%, menos opciones + pieza menos restrictiva 1.67e-04%, reinicios, menos opciones 0.027%] (Knuth: ~23 días) | máximo colocado 53 de 64 | hilos 8 de 12
    ... 120.2 s | grupo 1/6 | 120651244 nodos | revisado 4.93e-03%, faltan ~27 días [menos opciones 4.93e-03%, menos opciones + pieza menos restrictiva 1.71e-04%, reinicios, menos opciones 0.028%] (Knuth: ~23 días) | máximo colocado 53 de 64 | hilos 8 de 12
    ... 122.2 s | grupo 1/6 | 122761929 nodos | revisado 5.00e-03%, faltan ~27 días [menos opciones 5.00e-03%, menos opciones + pieza menos restrictiva 1.75e-04%, reinicios, menos opciones 0.028%] (Knuth: ~23 días) | máximo colocado 53 de 64 | hilos 8 de 12
    ... 124.2 s | grupo 1/6 | 124871417 nodos | revisado 5.20e-03%, faltan ~27 días [menos opciones 5.20e-03%, menos opciones + pieza menos restrictiva 1.79e-04%, reinicios, menos opciones 0.028%] (Knuth: ~23 días) | máximo colocado 53 de 64 | hilos 8 de 12
    ... 126.2 s | grupo 1/6 | 126953315 nodos | revisado 5.33e-03%, faltan ~27 días [menos opciones 5.33e-03%, menos opciones + pieza menos restrictiva 1.84e-04%, reinicios, menos opciones 0.028%] (Knuth: ~23 días) | máximo colocado 53 de 64 | hilos 8 de 12
    ... 128.2 s | grupo 1/6 | 129037921 nodos | revisado 5.47e-03%, faltan ~26 días [menos opciones 5.47e-03%, menos opciones + pieza menos restrictiva 1.89e-04%, reinicios, menos opciones 0.029%] (Knuth: ~23 días) | máximo colocado 53 de 64 | hilos 8 de 12
    ... 130.2 s | grupo 1/6 | 131169409 nodos | revisado 5.63e-03%, faltan ~26 días [menos opciones 5.63e-03%, menos opciones + pieza menos restrictiva 1.91e-04%, reinicios, menos opciones 0.030%] (Knuth: ~23 días) | máximo colocado 53 de 64 | hilos 8 de 12
    ... 132.2 s | grupo 1/6 | 133291791 nodos | revisado 5.90e-03%, faltan ~25 días [menos opciones 5.90e-03%, menos opciones + pieza menos restrictiva 1.95e-04%, reinicios, menos opciones 0.031%] (Knuth: ~23 días) | máximo colocado 53 de 64 | hilos 8 de 12
    ... 134.2 s | grupo 1/6 | 135368920 nodos | revisado 6.03e-03%, faltan ~25 días [menos opciones 6.03e-03%, menos opciones + pieza menos restrictiva 1.96e-04%, reinicios, menos opciones 0.031%] (Knuth: ~23 días) | máximo colocado 53 de 64 | hilos 8 de 12
    ... 136.2 s | grupo 1/6 | 137482733 nodos | revisado 6.09e-03%, faltan ~25 días [menos opciones 6.09e-03%, menos opciones + pieza menos restrictiva 1.99e-04%, reinicios, menos opciones 0.031%] (Knuth: ~23 días) | máximo colocado 53 de 64 | hilos 8 de 12
    ... 138.2 s | grupo 1/6 | 139579348 nodos | revisado 6.18e-03%, faltan ~25 días [menos opciones 6.18e-03%, menos opciones + pieza menos restrictiva 2.01e-04%, reinicios, menos opciones 0.032%] (Knuth: ~23 días) | máximo colocado 53 de 64 | hilos 8 de 12
    ... 140.3 s | grupo 1/6 | 141697756 nodos | revisado 6.24e-03%, faltan ~25 días [menos opciones 6.24e-03%, menos opciones + pieza menos restrictiva 2.02e-04%, reinicios, menos opciones 0.034%] (Knuth: ~23 días) | máximo colocado 53 de 64 | hilos 8 de 12
    ... 142.3 s | grupo 1/6 | 143769830 nodos | revisado 6.30e-03%, faltan ~25 días [menos opciones 6.30e-03%, menos opciones + pieza menos restrictiva 2.05e-04%, reinicios, menos opciones 0.035%] (Knuth: ~23 días) | máximo colocado 53 de 64 | hilos 8 de 12
    ... 144.3 s | grupo 1/6 | 145849643 nodos | revisado 6.35e-03%, faltan ~26 días [menos opciones 6.35e-03%, menos opciones + pieza menos restrictiva 2.08e-04%, reinicios, menos opciones 0.036%] (Knuth: ~23 días) | máximo colocado 53 de 64 | hilos 8 de 12
    ... 146.3 s | grupo 1/6 | 147905209 nodos | revisado 6.47e-03%, faltan ~25 días [menos opciones 6.47e-03%, menos opciones + pieza menos restrictiva 2.15e-04%, reinicios, menos opciones 0.037%] (Knuth: ~23 días) | máximo colocado 53 de 64 | hilos 8 de 12
    ... 148.3 s | grupo 1/6 | 150003475 nodos | revisado 6.90e-03%, faltan ~24 días [menos opciones 6.90e-03%, menos opciones + pieza menos restrictiva 2.24e-04%, reinicios, menos opciones 0.037%] (Knuth: ~23 días) | máximo colocado 53 de 64 | hilos 8 de 12
    ... 150.3 s | grupo 1/6 | 152077365 nodos | revisado 7.11e-03%, faltan ~24 días [menos opciones 7.11e-03%, menos opciones + pieza menos restrictiva 2.29e-04%, reinicios, menos opciones 0.038%] (Knuth: ~23 días) | máximo colocado 53 de 64 | hilos 8 de 12
    ... 152.3 s | grupo 1/6 | 154168503 nodos | revisado 7.29e-03%, faltan ~24 días [menos opciones 7.29e-03%, menos opciones + pieza menos restrictiva 2.32e-04%, reinicios, menos opciones 0.038%] (Knuth: ~23 días) | máximo colocado 53 de 64 | hilos 8 de 12
    ... 154.3 s | grupo 1/6 | 156216241 nodos | revisado 7.37e-03%, faltan ~24 días [menos opciones 7.37e-03%, menos opciones + pieza menos restrictiva 2.35e-04%, reinicios, menos opciones 0.038%] (Knuth: ~23 días) | máximo colocado 53 de 64 | hilos 8 de 12
    ... 156.3 s | grupo 1/6 | 158270368 nodos | revisado 7.46e-03%, faltan ~24 días [menos opciones 7.46e-03%, menos opciones + pieza menos restrictiva 2.38e-04%, reinicios, menos opciones 0.039%] (Knuth: ~23 días) | máximo colocado 53 de 64 | hilos 8 de 12
    ... 158.3 s | grupo 1/6 | 160346444 nodos | revisado 7.50e-03%, faltan ~24 días [menos opciones 7.50e-03%, menos opciones + pieza menos restrictiva 2.41e-04%, reinicios, menos opciones 0.039%] (Knuth: ~23 días) | máximo colocado 53 de 64 | hilos 8 de 12
    ... 160.3 s | grupo 1/6 | 162382089 nodos | revisado 7.55e-03%, faltan ~24 días [menos opciones 7.55e-03%, menos opciones + pieza menos restrictiva 2.43e-04%, reinicios, menos opciones 0.039%] (Knuth: ~23 días) | máximo colocado 53 de 64 | hilos 8 de 12
    ... 162.3 s | grupo 1/6 | 164381604 nodos | revisado 7.57e-03%, faltan ~24 días [menos opciones 7.57e-03%, menos opciones + pieza menos restrictiva 2.46e-04%, reinicios, menos opciones 0.039%] (Knuth: ~23 días) | máximo colocado 53 de 64 | hilos 8 de 12
    ... 164.3 s | grupo 1/6 | 166434423 nodos | revisado 7.61e-03%, faltan ~24 días [menos opciones 7.61e-03%, menos opciones + pieza menos restrictiva 2.49e-04%, reinicios, menos opciones 0.040%] (Knuth: ~23 días) | máximo colocado 53 de 64 | hilos 8 de 12
    ... 166.3 s | grupo 1/6 | 168475994 nodos | revisado 7.66e-03%, faltan ~25 días [menos opciones 7.66e-03%, menos opciones + pieza menos restrictiva 2.57e-04%, reinicios, menos opciones 0.040%] (Knuth: ~23 días) | máximo colocado 53 de 64 | hilos 8 de 12
    ... 168.3 s | grupo 1/6 | 170547811 nodos | revisado 8.05e-03%, faltan ~24 días [menos opciones 8.05e-03%, menos opciones + pieza menos restrictiva 2.61e-04%, reinicios, menos opciones 0.040%] (Knuth: ~23 días) | máximo colocado 53 de 64 | hilos 8 de 12
    ... 170.3 s | grupo 1/6 | 172612445 nodos | revisado 8.24e-03%, faltan ~23 días [menos opciones 8.24e-03%, menos opciones + pieza menos restrictiva 2.66e-04%, reinicios, menos opciones 0.040%] (Knuth: ~23 días) | máximo colocado 53 de 64 | hilos 8 de 12
    ... 172.3 s | grupo 1/6 | 174687674 nodos | revisado 8.39e-03%, faltan ~23 días [menos opciones 8.39e-03%, menos opciones + pieza menos restrictiva 2.73e-04%, reinicios, menos opciones 0.040%] (Knuth: ~23 días) | máximo colocado 53 de 64 | hilos 8 de 12
    ... 174.3 s | grupo 1/6 | 176763218 nodos | revisado 8.52e-03%, faltan ~23 días [menos opciones 8.52e-03%, menos opciones + pieza menos restrictiva 2.78e-04%, reinicios, menos opciones 0.041%] (Knuth: ~23 días) | máximo colocado 53 de 64 | hilos 8 de 12
    ... 176.3 s | grupo 1/6 | 178840522 nodos | revisado 8.61e-03%, faltan ~23 días [menos opciones 8.61e-03%, menos opciones + pieza menos restrictiva 2.83e-04%, reinicios, menos opciones 0.042%] (Knuth: ~23 días) | máximo colocado 53 de 64 | hilos 8 de 12
    ... 178.4 s | grupo 1/6 | 180905161 nodos | revisado 8.69e-03%, faltan ~23 días [menos opciones 8.69e-03%, menos opciones + pieza menos restrictiva 2.86e-04%, reinicios, menos opciones 0.042%] (Knuth: ~23 días) | máximo colocado 53 de 64 | hilos 8 de 12
    ... 180.4 s | grupo 1/6 | 182932452 nodos | revisado 8.75e-03%, faltan ~23 días [menos opciones 8.75e-03%, menos opciones + pieza menos restrictiva 2.87e-04%, reinicios, menos opciones 0.042%] (Knuth: ~23 días) | máximo colocado 53 de 64 | hilos 8 de 12
    ... 182.4 s | grupo 1/6 | 185022819 nodos | revisado 8.97e-03%, faltan ~23 días [menos opciones 8.97e-03%, menos opciones + pieza menos restrictiva 2.88e-04%, reinicios, menos opciones 0.043%] (Knuth: ~23 días) | máximo colocado 53 de 64 | hilos 8 de 12
    ... 184.4 s | grupo 1/6 | 187123683 nodos | revisado 9.19e-03%, faltan ~23 días [menos opciones 9.19e-03%, menos opciones + pieza menos restrictiva 2.92e-04%, reinicios, menos opciones 0.043%] (Knuth: ~23 días) | máximo colocado 53 de 64 | hilos 8 de 12
    ... 186.4 s | grupo 1/6 | 189180585 nodos | revisado 9.30e-03%, faltan ~23 días [menos opciones 9.30e-03%, menos opciones + pieza menos restrictiva 2.96e-04%, reinicios, menos opciones 0.043%] (Knuth: ~23 días) | máximo colocado 53 de 64 | hilos 8 de 12
    ... 188.4 s | grupo 1/6 | 191266362 nodos | revisado 9.50e-03%, faltan ~22 días [menos opciones 9.50e-03%, menos opciones + pieza menos restrictiva 2.99e-04%, reinicios, menos opciones 0.043%] (Knuth: ~23 días) | máximo colocado 53 de 64 | hilos 8 de 12
    ... 190.4 s | grupo 1/6 | 193359690 nodos | revisado 9.65e-03%, faltan ~22 días [menos opciones 9.65e-03%, menos opciones + pieza menos restrictiva 3.01e-04%, reinicios, menos opciones 0.044%] (Knuth: ~23 días) | máximo colocado 53 de 64 | hilos 8 de 12
    ... 192.4 s | grupo 1/6 | 195433407 nodos | revisado 9.82e-03%, faltan ~22 días [menos opciones 9.82e-03%, menos opciones + pieza menos restrictiva 3.03e-04%, reinicios, menos opciones 0.044%] (Knuth: ~23 días) | máximo colocado 53 de 64 | hilos 8 de 12
    ... 194.4 s | grupo 1/6 | 197507737 nodos | revisado 9.92e-03%, faltan ~22 días [menos opciones 9.92e-03%, menos opciones + pieza menos restrictiva 3.05e-04%, reinicios, menos opciones 0.044%] (Knuth: ~23 días) | máximo colocado 53 de 64 | hilos 8 de 12
    ... 196.4 s | grupo 1/6 | 199617200 nodos | revisado 0.010%, faltan ~22 días [menos opciones 0.010%, menos opciones + pieza menos restrictiva 3.10e-04%, reinicios, menos opciones 0.044%] (Knuth: ~23 días) | máximo colocado 53 de 64 | hilos 8 de 12
    ... 198.4 s | grupo 1/6 | 201706817 nodos | revisado 0.010%, faltan ~22 días [menos opciones 0.010%, menos opciones + pieza menos restrictiva 3.15e-04%, reinicios, menos opciones 0.044%] (Knuth: ~23 días) | máximo colocado 53 de 64 | hilos 8 de 12
    ... 200.5 s | grupo 1/6 | 203805360 nodos | revisado 0.010%, faltan ~22 días [menos opciones 0.010%, menos opciones + pieza menos restrictiva 3.18e-04%, reinicios, menos opciones 0.045%] (Knuth: ~23 días) | máximo colocado 53 de 64 | hilos 8 de 12
    ... 202.5 s | grupo 1/6 | 205910090 nodos | revisado 0.010%, faltan ~22 días [menos opciones 0.010%, menos opciones + pieza menos restrictiva 3.21e-04%, reinicios, menos opciones 0.045%] (Knuth: ~23 días) | máximo colocado 53 de 64 | hilos 8 de 12
    ... 204.5 s | grupo 1/6 | 208009404 nodos | revisado 0.010%, faltan ~22 días [menos opciones 0.010%, menos opciones + pieza menos restrictiva 3.25e-04%, reinicios, menos opciones 0.045%] (Knuth: ~23 días) | máximo colocado 53 de 64 | hilos 8 de 12
    ... 206.5 s | grupo 1/6 | 210093861 nodos | revisado 0.011%, faltan ~22 días [menos opciones 0.011%, menos opciones + pieza menos restrictiva 3.36e-04%, reinicios, menos opciones 0.045%] (Knuth: ~23 días) | máximo colocado 53 de 64 | hilos 8 de 12
    ... 208.5 s | grupo 1/6 | 212197395 nodos | revisado 0.011%, faltan ~22 días [menos opciones 0.011%, menos opciones + pieza menos restrictiva 3.46e-04%, reinicios, menos opciones 0.046%] (Knuth: ~23 días) | máximo colocado 53 de 64 | hilos 8 de 12
    ... 210.5 s | grupo 1/6 | 214310550 nodos | revisado 0.011%, faltan ~22 días [menos opciones 0.011%, menos opciones + pieza menos restrictiva 3.54e-04%, reinicios, menos opciones 0.047%] (Knuth: ~23 días) | máximo colocado 53 de 64 | hilos 8 de 12
    ... 212.5 s | grupo 1/6 | 216358297 nodos | revisado 0.011%, faltan ~23 días [menos opciones 0.011%, menos opciones + pieza menos restrictiva 3.59e-04%, reinicios, menos opciones 0.047%] (Knuth: ~23 días) | máximo colocado 53 de 64 | hilos 8 de 12
    ... 214.5 s | grupo 1/6 | 218411550 nodos | revisado 0.011%, faltan ~23 días [menos opciones 0.011%, menos opciones + pieza menos restrictiva 3.61e-04%, reinicios, menos opciones 0.048%] (Knuth: ~23 días) | máximo colocado 53 de 64 | hilos 8 de 12
    ... 216.5 s | grupo 1/6 | 220463078 nodos | revisado 0.011%, faltan ~23 días [menos opciones 0.011%, menos opciones + pieza menos restrictiva 3.65e-04%, reinicios, menos opciones 0.048%] (Knuth: ~23 días) | máximo colocado 53 de 64 | hilos 8 de 12
    ... 218.5 s | grupo 1/6 | 222538666 nodos | revisado 0.011%, faltan ~23 días [menos opciones 0.011%, menos opciones + pieza menos restrictiva 3.67e-04%, reinicios, menos opciones 0.049%] (Knuth: ~23 días) | máximo colocado 53 de 64 | hilos 8 de 12
    ... 220.5 s | grupo 1/6 | 224585847 nodos | revisado 0.011%, faltan ~23 días [menos opciones 0.011%, menos opciones + pieza menos restrictiva 3.70e-04%, reinicios, menos opciones 0.050%] (Knuth: ~23 días) | máximo colocado 53 de 64 | hilos 8 de 12
    ... 222.5 s | grupo 1/6 | 226641287 nodos | revisado 0.011%, faltan ~23 días [menos opciones 0.011%, menos opciones + pieza menos restrictiva 3.73e-04%, reinicios, menos opciones 0.057%] (Knuth: ~23 días) | máximo colocado 53 de 64 | hilos 8 de 12
    ... 224.5 s | grupo 1/6 | 228693844 nodos | revisado 0.011%, faltan ~23 días [menos opciones 0.011%, menos opciones + pieza menos restrictiva 3.75e-04%, reinicios, menos opciones 0.058%] (Knuth: ~23 días) | máximo colocado 53 de 64 | hilos 8 de 12
    ... 226.5 s | grupo 1/6 | 230782232 nodos | revisado 0.011%, faltan ~23 días [menos opciones 0.011%, menos opciones + pieza menos restrictiva 3.80e-04%, reinicios, menos opciones 0.058%] (Knuth: ~23 días) | máximo colocado 53 de 64 | hilos 8 de 12
    ... 228.5 s | grupo 1/6 | 232861427 nodos | revisado 0.011%, faltan ~23 días [menos opciones 0.011%, menos opciones + pieza menos restrictiva 3.83e-04%, reinicios, menos opciones 0.058%] (Knuth: ~23 días) | máximo colocado 53 de 64 | hilos 8 de 12
    ... 230.6 s | grupo 1/6 | 234907808 nodos | revisado 0.011%, faltan ~24 días [menos opciones 0.011%, menos opciones + pieza menos restrictiva 3.90e-04%, reinicios, menos opciones 0.058%] (Knuth: ~23 días) | máximo colocado 53 de 64 | hilos 8 de 12
    ... 232.6 s | grupo 1/6 | 236939544 nodos | revisado 0.011%, faltan ~24 días [menos opciones 0.011%, menos opciones + pieza menos restrictiva 3.94e-04%, reinicios, menos opciones 0.059%] (Knuth: ~23 días) | máximo colocado 53 de 64 | hilos 8 de 12
    ... 234.6 s | grupo 1/6 | 238978700 nodos | revisado 0.011%, faltan ~24 días [menos opciones 0.011%, menos opciones + pieza menos restrictiva 3.98e-04%, reinicios, menos opciones 0.059%] (Knuth: ~23 días) | máximo colocado 53 de 64 | hilos 8 de 12
    ... 236.6 s | grupo 1/6 | 241015712 nodos | revisado 0.011%, faltan ~24 días [menos opciones 0.011%, menos opciones + pieza menos restrictiva 4.01e-04%, reinicios, menos opciones 0.060%] (Knuth: ~23 días) | máximo colocado 53 de 64 | hilos 8 de 12
    ... 238.6 s | grupo 1/6 | 243051906 nodos | revisado 0.011%, faltan ~24 días [menos opciones 0.011%, menos opciones + pieza menos restrictiva 4.08e-04%, reinicios, menos opciones 0.060%] (Knuth: ~23 días) | máximo colocado 53 de 64 | hilos 8 de 12
    ... 240.6 s | grupo 1/6 | 245093684 nodos | revisado 0.011%, faltan ~24 días [menos opciones 0.011%, menos opciones + pieza menos restrictiva 4.10e-04%, reinicios, menos opciones 0.060%] (Knuth: ~23 días) | máximo colocado 53 de 64 | hilos 8 de 12
    ... 242.6 s | grupo 1/6 | 247139532 nodos | revisado 0.011%, faltan ~25 días [menos opciones 0.011%, menos opciones + pieza menos restrictiva 4.13e-04%, reinicios, menos opciones 0.061%] (Knuth: ~23 días) | máximo colocado 53 de 64 | hilos 8 de 12
    ... 244.6 s | grupo 1/6 | 249212267 nodos | revisado 0.011%, faltan ~25 días [menos opciones 0.011%, menos opciones + pieza menos restrictiva 4.20e-04%, reinicios, menos opciones 0.061%] (Knuth: ~23 días) | máximo colocado 53 de 64 | hilos 8 de 12
    ... 246.6 s | grupo 1/6 | 251253444 nodos | revisado 0.011%, faltan ~25 días [menos opciones 0.011%, menos opciones + pieza menos restrictiva 4.23e-04%, reinicios, menos opciones 0.062%] (Knuth: ~23 días) | máximo colocado 53 de 64 | hilos 8 de 12
    ... 248.6 s | grupo 1/6 | 253307787 nodos | revisado 0.011%, faltan ~25 días [menos opciones 0.011%, menos opciones + pieza menos restrictiva 4.30e-04%, reinicios, menos opciones 0.071%] (Knuth: ~23 días) | máximo colocado 53 de 64 | hilos 8 de 12
    ... 250.6 s | grupo 1/6 | 255373728 nodos | revisado 0.011%, faltan ~25 días [menos opciones 0.011%, menos opciones + pieza menos restrictiva 4.33e-04%, reinicios, menos opciones 0.071%] (Knuth: ~23 días) | máximo colocado 53 de 64 | hilos 8 de 12
    ... 252.6 s | grupo 1/6 | 257457039 nodos | revisado 0.011%, faltan ~26 días [menos opciones 0.011%, menos opciones + pieza menos restrictiva 4.40e-04%, reinicios, menos opciones 0.071%] (Knuth: ~23 días) | máximo colocado 53 de 64 | hilos 8 de 12
    ... 254.7 s | grupo 1/6 | 259562107 nodos | revisado 0.011%, faltan ~26 días [menos opciones 0.011%, menos opciones + pieza menos restrictiva 4.46e-04%, reinicios, menos opciones 0.072%] (Knuth: ~23 días) | máximo colocado 54 de 64 | hilos 8 de 12
    ... 256.7 s | grupo 1/6 | 261634949 nodos | revisado 0.011%, faltan ~26 días [menos opciones 0.011%, menos opciones + pieza menos restrictiva 4.55e-04%, reinicios, menos opciones 0.073%] (Knuth: ~23 días) | máximo colocado 54 de 64 | hilos 8 de 12
    ... 258.7 s | grupo 1/6 | 263712558 nodos | revisado 0.011%, faltan ~26 días [menos opciones 0.011%, menos opciones + pieza menos restrictiva 4.62e-04%, reinicios, menos opciones 0.075%] (Knuth: ~23 días) | máximo colocado 54 de 64 | hilos 8 de 12
    ... 260.7 s | grupo 1/6 | 265777625 nodos | revisado 0.011%, faltan ~26 días [menos opciones 0.011%, menos opciones + pieza menos restrictiva 4.66e-04%, reinicios, menos opciones 0.075%] (Knuth: ~23 días) | máximo colocado 54 de 64 | hilos 8 de 12
    ... 262.7 s | grupo 1/6 | 267789289 nodos | revisado 0.011%, faltan ~26 días [menos opciones 0.011%, menos opciones + pieza menos restrictiva 4.71e-04%, reinicios, menos opciones 0.076%] (Knuth: ~23 días) | máximo colocado 54 de 64 | hilos 8 de 12
    ... 264.7 s | grupo 1/6 | 269830564 nodos | revisado 0.011%, faltan ~26 días [menos opciones 0.011%, menos opciones + pieza menos restrictiva 4.77e-04%, reinicios, menos opciones 0.076%] (Knuth: ~23 días) | máximo colocado 54 de 64 | hilos 8 de 12
    ... 266.7 s | grupo 1/6 | 271883019 nodos | revisado 0.012%, faltan ~26 días [menos opciones 0.012%, menos opciones + pieza menos restrictiva 4.82e-04%, reinicios, menos opciones 0.076%] (Knuth: ~23 días) | máximo colocado 54 de 64 | hilos 8 de 12
    ... 268.7 s | grupo 1/6 | 273915438 nodos | revisado 0.012%, faltan ~26 días [menos opciones 0.012%, menos opciones + pieza menos restrictiva 4.88e-04%, reinicios, menos opciones 0.077%] (Knuth: ~23 días) | máximo colocado 54 de 64 | hilos 8 de 12
    ... 270.7 s | grupo 1/6 | 275968039 nodos | revisado 0.012%, faltan ~26 días [menos opciones 0.012%, menos opciones + pieza menos restrictiva 4.90e-04%, reinicios, menos opciones 0.077%] (Knuth: ~23 días) | máximo colocado 54 de 64 | hilos 8 de 12
    ... 272.7 s | grupo 1/6 | 277991506 nodos | revisado 0.012%, faltan ~26 días [menos opciones 0.012%, menos opciones + pieza menos restrictiva 4.95e-04%, reinicios, menos opciones 0.077%] (Knuth: ~23 días) | máximo colocado 54 de 64 | hilos 8 de 12
    ... 274.7 s | grupo 1/6 | 280066168 nodos | revisado 0.012%, faltan ~26 días [menos opciones 0.012%, menos opciones + pieza menos restrictiva 4.97e-04%, reinicios, menos opciones 0.078%] (Knuth: ~23 días) | máximo colocado 54 de 64 | hilos 8 de 12
    ... 276.7 s | grupo 1/6 | 282116742 nodos | revisado 0.012%, faltan ~26 días [menos opciones 0.012%, menos opciones + pieza menos restrictiva 5.01e-04%, reinicios, menos opciones 0.078%] (Knuth: ~23 días) | máximo colocado 56 de 64 | hilos 8 de 12
    ... 278.8 s | grupo 1/6 | 284193152 nodos | revisado 0.012%, faltan ~27 días [menos opciones 0.012%, menos opciones + pieza menos restrictiva 5.06e-04%, reinicios, menos opciones 0.078%] (Knuth: ~23 días) | máximo colocado 56 de 64 | hilos 8 de 12
    ... 280.8 s | grupo 1/6 | 286239249 nodos | revisado 0.012%, faltan ~27 días [menos opciones 0.012%, menos opciones + pieza menos restrictiva 5.08e-04%, reinicios, menos opciones 0.078%] (Knuth: ~23 días) | máximo colocado 56 de 64 | hilos 8 de 12
    ... 282.8 s | grupo 1/6 | 288292101 nodos | revisado 0.012%, faltan ~27 días [menos opciones 0.012%, menos opciones + pieza menos restrictiva 5.13e-04%, reinicios, menos opciones 0.079%] (Knuth: ~23 días) | máximo colocado 56 de 64 | hilos 8 de 12
    ... 284.8 s | grupo 1/6 | 290323840 nodos | revisado 0.012%, faltan ~27 días [menos opciones 0.012%, menos opciones + pieza menos restrictiva 5.21e-04%, reinicios, menos opciones 0.079%] (Knuth: ~23 días) | máximo colocado 56 de 64 | hilos 8 de 12
    ... 286.8 s | grupo 1/6 | 292372833 nodos | revisado 0.012%, faltan ~27 días [menos opciones 0.012%, menos opciones + pieza menos restrictiva 5.26e-04%, reinicios, menos opciones 0.080%] (Knuth: ~23 días) | máximo colocado 56 de 64 | hilos 8 de 12
    ... 288.8 s | grupo 1/6 | 294440778 nodos | revisado 0.012%, faltan ~27 días [menos opciones 0.012%, menos opciones + pieza menos restrictiva 5.35e-04%, reinicios, menos opciones 0.080%] (Knuth: ~23 días) | máximo colocado 56 de 64 | hilos 8 de 12
    ... 290.8 s | grupo 1/6 | 296512327 nodos | revisado 0.012%, faltan ~27 días [menos opciones 0.012%, menos opciones + pieza menos restrictiva 5.46e-04%, reinicios, menos opciones 0.082%] (Knuth: ~23 días) | máximo colocado 56 de 64 | hilos 8 de 12
    ... 292.8 s | grupo 1/6 | 298565503 nodos | revisado 0.012%, faltan ~28 días [menos opciones 0.012%, menos opciones + pieza menos restrictiva 5.55e-04%, reinicios, menos opciones 0.083%] (Knuth: ~23 días) | máximo colocado 56 de 64 | hilos 8 de 12
    ... 294.8 s | grupo 1/6 | 300628882 nodos | revisado 0.012%, faltan ~28 días [menos opciones 0.012%, menos opciones + pieza menos restrictiva 5.64e-04%, reinicios, menos opciones 0.085%] (Knuth: ~23 días) | máximo colocado 56 de 64 | hilos 8 de 12
    ... 296.8 s | grupo 1/6 | 302712522 nodos | revisado 0.012%, faltan ~28 días [menos opciones 0.012%, menos opciones + pieza menos restrictiva 5.74e-04%, reinicios, menos opciones 0.086%] (Knuth: ~23 días) | máximo colocado 56 de 64 | hilos 8 de 12
    ... 298.8 s | grupo 1/6 | 304779024 nodos | revisado 0.012%, faltan ~28 días [menos opciones 0.012%, menos opciones + pieza menos restrictiva 5.77e-04%, reinicios, menos opciones 0.086%] (Knuth: ~23 días) | máximo colocado 56 de 64 | hilos 8 de 12
[4] Grupo 1: cortado por límite de tiempo
[5] Tiempo total: 5 min
RESULTADO resuelto=0 ms=300009.5 marcos=0 nodos=305981440 grupos=1/6 hilos=12 t_marcos=0.000 t_interior=296.339 lados=0 unificado=1 max_colocadas=56 motivo=limite
