[0] Tablero 8x8, 10 colores, 12 hilos
[1] Esquina fija (1,1). 6 grupos, orden por coste: 5.2e+24 5.2e+24 5.2e+24 5.2e+24 5.2e+24 5.2e+24
    grupo 1, orden menos opciones: estimado 1.41e+12 nodos
    grupo 1, orden interior primero: estimado 3.34e+10 nodos
    grupo 2, orden menos opciones: estimado 1.56e+12 nodos
    grupo 2, orden interior primero: estimado 2.76e+10 nodos
    grupo 3, orden menos opciones: estimado 1.08e+12 nodos
    grupo 3, orden interior primero: estimado 3.2e+10 nodos
    grupo 4, orden menos opciones: estimado 1.99e+12 nodos
    grupo 4, orden interior primero: estimado 2.82e+10 nodos
    grupo 5, orden menos opciones: estimado 1.09e+12 nodos
    grupo 5, orden interior primero: estimado 5.06e+10 nodos
    grupo 6, orden menos opciones: estimado 3.8e+11 nodos
    grupo 6, orden interior primero: estimado 2.8e+10 nodos
[1] Estimado de Knuth por grupo (nodos): 3.34e+10(i) 2.76e+10(i) 3.2e+10(i) 2.82e+10(i) 5.06e+10(i) 2.8e+10(i)   (i) = interior primero
[2] Grupo 1/6: ruta unificada (mapas por lado), orden: PORTAFOLIO de 4 equipos (2 órdenes, normal y al azar)
    ... 5.7 s | grupo 1/6 | 2249044 nodos | revisado 13.1%, faltan ~13 s [interior primero 13.1%, interior primero + pieza menos restrictiva 9.2%, reinicios, interior primero 4.39e-03%] (Knuth: ~8.3 h) | máximo colocado 48 de 64 | hilos 8 de 12
    ... 7.7 s | grupo 1/6 | 4526128 nodos | revisado 13.1%, faltan ~27 s [interior primero 13.1%, interior primero + pieza menos restrictiva 9.2%, reinicios, interior primero 0.011%] (Knuth: ~8.2 h) | máximo colocado 49 de 64 | hilos 8 de 12
    ... 9.7 s | grupo 1/6 | 6774277 nodos | revisado 13.1%, faltan ~40 s [interior primero 13.1%, interior primero + pieza menos restrictiva 9.2%, reinicios, interior primero 0.014%] (Knuth: ~8.3 h) | máximo colocado 50 de 64 | hilos 8 de 12
    ... 11.7 s | grupo 1/6 | 9031409 nodos | revisado 13.1%, faltan ~53 s [interior primero 13.1%, interior primero + pieza menos restrictiva 9.2%, reinicios, interior primero 0.018%] (Knuth: ~8.2 h) | máximo colocado 53 de 64 | hilos 8 de 12
    ... 13.7 s | grupo 1/6 | 11289959 nodos | revisado 13.1%, faltan ~67 s [interior primero 13.1%, interior primero + pieza menos restrictiva 9.2%, reinicios, interior primero 0.023%] (Knuth: ~8.3 h) | máximo colocado 53 de 64 | hilos 8 de 12
    ... 15.7 s | grupo 1/6 | 13541271 nodos | revisado 13.1%, faltan ~80 s [interior primero 13.1%, interior primero + pieza menos restrictiva 9.2%, reinicios, interior primero 0.025%] (Knuth: ~8.3 h) | máximo colocado 53 de 64 | hilos 8 de 12
    ... 17.7 s | grupo 1/6 | 15782057 nodos | revisado 13.1%, faltan ~93 s [interior primero 13.1%, interior primero + pieza menos restrictiva 9.2%, reinicios, interior primero 0.028%] (Knuth: ~8.3 h) | máximo colocado 53 de 64 | hilos 8 de 12
    ... 19.7 s | grupo 1/6 | 18016892 nodos | revisado 13.1%, faltan ~107 s [interior primero 13.1%, interior primero + pieza menos restrictiva 9.2%, reinicios, interior primero 0.030%] (Knuth: ~8.3 h) | máximo colocado 53 de 64 | hilos 8 de 12
    ... 21.7 s | grupo 1/6 | 20240414 nodos | revisado 13.1%, faltan ~120 s [interior primero 13.1%, interior primero + pieza menos restrictiva 9.2%, reinicios, interior primero 0.033%] (Knuth: ~8.3 h) | máximo colocado 53 de 64 | hilos 8 de 12
    ... 23.7 s | grupo 1/6 | 22459483 nodos | revisado 13.1%, faltan ~2 min [interior primero 13.1%, interior primero + pieza menos restrictiva 9.2%, reinicios, interior primero 0.035%] (Knuth: ~8.3 h) | máximo colocado 53 de 64 | hilos 8 de 12
    ... 25.7 s | grupo 1/6 | 24701600 nodos | revisado 13.1%, faltan ~2 min [interior primero 13.1%, interior primero + pieza menos restrictiva 9.2%, reinicios, interior primero 0.045%] (Knuth: ~8.3 h) | máximo colocado 53 de 64 | hilos 8 de 12
    ... 27.7 s | grupo 1/6 | 26817700 nodos | revisado 13.1%, faltan ~3 min [interior primero 13.1%, interior primero + pieza menos restrictiva 9.2%, reinicios, interior primero 0.051%] (Knuth: ~8.3 h) | máximo colocado 53 de 64 | hilos 8 de 12
    ... 29.7 s | grupo 1/6 | 29022631 nodos | revisado 13.1%, faltan ~3 min [interior primero 13.1%, interior primero + pieza menos restrictiva 9.2%, reinicios, interior primero 0.052%] (Knuth: ~8.3 h) | máximo colocado 53 de 64 | hilos 8 de 12
    ... 31.7 s | grupo 1/6 | 31238920 nodos | revisado 13.1%, faltan ~3 min [interior primero 13.1%, interior primero + pieza menos restrictiva 9.2%, reinicios, interior primero 0.054%] (Knuth: ~8.3 h) | máximo colocado 53 de 64 | hilos 8 de 12
    ... 33.8 s | grupo 1/6 | 33446196 nodos | revisado 13.1%, faltan ~3 min [interior primero 13.1%, interior primero + pieza menos restrictiva 9.2%, reinicios, interior primero 0.058%] (Knuth: ~8.4 h) | máximo colocado 53 de 64 | hilos 8 de 12
    ... 35.8 s | grupo 1/6 | 35677549 nodos | revisado 13.1%, faltan ~4 min [interior primero 13.1%, interior primero + pieza menos restrictiva 9.2%, reinicios, interior primero 0.061%] (Knuth: ~8.4 h) | máximo colocado 53 de 64 | hilos 8 de 12
    ... 37.8 s | grupo 1/6 | 37892274 nodos | revisado 13.1%, faltan ~4 min [interior primero 13.1%, interior primero + pieza menos restrictiva 9.2%, reinicios, interior primero 0.063%] (Knuth: ~8.4 h) | máximo colocado 53 de 64 | hilos 8 de 12
    ... 39.8 s | grupo 1/6 | 40095632 nodos | revisado 13.1%, faltan ~4 min [interior primero 13.1%, interior primero + pieza menos restrictiva 9.2%, reinicios, interior primero 0.065%] (Knuth: ~8.4 h) | máximo colocado 53 de 64 | hilos 8 de 12
    ... 41.8 s | grupo 1/6 | 42309539 nodos | revisado 13.1%, faltan ~4 min [interior primero 13.1%, interior primero + pieza menos restrictiva 9.2%, reinicios, interior primero 0.068%] (Knuth: ~8.4 h) | máximo colocado 53 de 64 | hilos 8 de 12
    ... 43.8 s | grupo 1/6 | 44506149 nodos | revisado 13.1%, faltan ~4 min [interior primero 13.1%, interior primero + pieza menos restrictiva 9.2%, reinicios, interior primero 0.070%] (Knuth: ~8.4 h) | máximo colocado 53 de 64 | hilos 8 de 12
    ... 45.8 s | grupo 1/6 | 46735336 nodos | revisado 13.1%, faltan ~5 min [interior primero 13.1%, interior primero + pieza menos restrictiva 9.2%, reinicios, interior primero 0.075%] (Knuth: ~8.4 h) | máximo colocado 53 de 64 | hilos 8 de 12
    ... 47.8 s | grupo 1/6 | 48938978 nodos | revisado 13.1%, faltan ~5 min [interior primero 13.1%, interior primero + pieza menos restrictiva 9.2%, reinicios, interior primero 0.079%] (Knuth: ~8.4 h) | máximo colocado 53 de 64 | hilos 8 de 12
    ... 49.8 s | grupo 1/6 | 51172427 nodos | revisado 13.1%, faltan ~5 min [interior primero 13.1%, interior primero + pieza menos restrictiva 9.2%, reinicios, interior primero 0.083%] (Knuth: ~8.4 h) | máximo colocado 53 de 64 | hilos 8 de 12
    ... 51.8 s | grupo 1/6 | 53398807 nodos | revisado 13.1%, faltan ~5 min [interior primero 13.1%, interior primero + pieza menos restrictiva 9.2%, reinicios, interior primero 0.085%] (Knuth: ~8.4 h) | máximo colocado 53 de 64 | hilos 8 de 12
    ... 53.8 s | grupo 1/6 | 55648042 nodos | revisado 13.1%, faltan ~6 min [interior primero 13.1%, interior primero + pieza menos restrictiva 9.2%, reinicios, interior primero 0.086%] (Knuth: ~8.4 h) | máximo colocado 53 de 64 | hilos 8 de 12
    ... 55.8 s | grupo 1/6 | 57822303 nodos | revisado 13.1%, faltan ~6 min [interior primero 13.1%, interior primero + pieza menos restrictiva 9.2%, reinicios, interior primero 0.091%] (Knuth: ~8.4 h) | máximo colocado 53 de 64 | hilos 8 de 12
    ... 57.8 s | grupo 1/6 | 60052639 nodos | revisado 13.1%, faltan ~6 min [interior primero 13.1%, interior primero + pieza menos restrictiva 9.2%, reinicios, interior primero 0.109%] (Knuth: ~8.4 h) | máximo colocado 53 de 64 | hilos 8 de 12
    ... 59.9 s | grupo 1/6 | 62272871 nodos | revisado 13.1%, faltan ~6 min [interior primero 13.1%, interior primero + pieza menos restrictiva 9.2%, reinicios, interior primero 0.114%] (Knuth: ~8.4 h) | máximo colocado 53 de 64 | hilos 8 de 12
    ... 61.9 s | grupo 1/6 | 64498279 nodos | revisado 13.1%, faltan ~6 min [interior primero 13.1%, interior primero + pieza menos restrictiva 9.2%, reinicios, interior primero 0.117%] (Knuth: ~8.4 h) | máximo colocado 53 de 64 | hilos 8 de 12
    ... 63.9 s | grupo 1/6 | 66665476 nodos | revisado 13.1%, faltan ~7 min [interior primero 13.1%, interior primero + pieza menos restrictiva 9.2%, reinicios, interior primero 0.121%] (Knuth: ~8.4 h) | máximo colocado 53 de 64 | hilos 8 de 12
    ... 65.9 s | grupo 1/6 | 68865481 nodos | revisado 13.1%, faltan ~7 min [interior primero 13.1%, interior primero + pieza menos restrictiva 9.2%, reinicios, interior primero 0.130%] (Knuth: ~8.4 h) | máximo colocado 53 de 64 | hilos 8 de 12
    ... 67.9 s | grupo 1/6 | 71081801 nodos | revisado 13.1%, faltan ~7 min [interior primero 13.1%, interior primero + pieza menos restrictiva 9.2%, reinicios, interior primero 0.132%] (Knuth: ~8.4 h) | máximo colocado 53 de 64 | hilos 8 de 12
    ... 69.9 s | grupo 1/6 | 73256145 nodos | revisado 13.1%, faltan ~7 min [interior primero 13.1%, interior primero + pieza menos restrictiva 9.2%, reinicios, interior primero 0.134%] (Knuth: ~8.4 h) | máximo colocado 53 de 64 | hilos 8 de 12
    ... 71.9 s | grupo 1/6 | 75502815 nodos | revisado 13.1%, faltan ~8 min [interior primero 13.1%, interior primero + pieza menos restrictiva 9.2%, reinicios, interior primero 0.135%] (Knuth: ~8.4 h) | máximo colocado 53 de 64 | hilos 8 de 12
    ... 73.9 s | grupo 1/6 | 77752572 nodos | revisado 13.1%, faltan ~8 min [interior primero 13.1%, interior primero + pieza menos restrictiva 9.2%, reinicios, interior primero 0.140%] (Knuth: ~8.4 h) | máximo colocado 53 de 64 | hilos 8 de 12
    ... 75.9 s | grupo 1/6 | 80010098 nodos | revisado 13.1%, faltan ~8 min [interior primero 13.1%, interior primero + pieza menos restrictiva 9.2%, reinicios, interior primero 0.147%] (Knuth: ~8.4 h) | máximo colocado 53 de 64 | hilos 8 de 12
    ... 77.9 s | grupo 1/6 | 82255097 nodos | revisado 13.1%, faltan ~8 min [interior primero 13.1%, interior primero + pieza menos restrictiva 9.2%, reinicios, interior primero 0.157%] (Knuth: ~8.4 h) | máximo colocado 53 de 64 | hilos 8 de 12
    ... 79.9 s | grupo 1/6 | 84520240 nodos | revisado 13.1%, faltan ~8 min [interior primero 13.1%, interior primero + pieza menos restrictiva 9.2%, reinicios, interior primero 0.160%] (Knuth: ~8.4 h) | máximo colocado 53 de 64 | hilos 8 de 12
    ... 81.9 s | grupo 1/6 | 86780042 nodos | revisado 13.1%, faltan ~9 min [interior primero 13.1%, interior primero + pieza menos restrictiva 9.2%, reinicios, interior primero 0.161%] (Knuth: ~8.4 h) | máximo colocado 53 de 64 | hilos 8 de 12
    ... 84.0 s | grupo 1/6 | 88999717 nodos | revisado 13.1%, faltan ~9 min [interior primero 13.1%, interior primero + pieza menos restrictiva 9.2%, reinicios, interior primero 0.165%] (Knuth: ~8.4 h) | máximo colocado 53 de 64 | hilos 8 de 12
    ... 86.0 s | grupo 1/6 | 91276686 nodos | revisado 13.1%, faltan ~9 min [interior primero 13.1%, interior primero + pieza menos restrictiva 9.2%, reinicios, interior primero 0.166%] (Knuth: ~8.4 h) | máximo colocado 53 de 64 | hilos 8 de 12
    ... 88.0 s | grupo 1/6 | 93489555 nodos | revisado 13.1%, faltan ~9 min [interior primero 13.1%, interior primero + pieza menos restrictiva 9.2%, reinicios, interior primero 0.170%] (Knuth: ~8.4 h) | máximo colocado 53 de 64 | hilos 8 de 12
    ... 90.0 s | grupo 1/6 | 95737290 nodos | revisado 13.1%, faltan ~10 min [interior primero 13.1%, interior primero + pieza menos restrictiva 9.2%, reinicios, interior primero 0.173%] (Knuth: ~8.4 h) | máximo colocado 53 de 64 | hilos 8 de 12
    ... 92.0 s | grupo 1/6 | 97994907 nodos | revisado 13.1%, faltan ~10 min [interior primero 13.1%, interior primero + pieza menos restrictiva 9.2%, reinicios, interior primero 0.176%] (Knuth: ~8.3 h) | máximo colocado 53 de 64 | hilos 8 de 12
    ... 94.0 s | grupo 1/6 | 100264531 nodos | revisado 13.1%, faltan ~10 min [interior primero 13.1%, interior primero + pieza menos restrictiva 9.2%, reinicios, interior primero 0.177%] (Knuth: ~8.3 h) | máximo colocado 53 de 64 | hilos 8 de 12
    ... 96.0 s | grupo 1/6 | 102534298 nodos | revisado 13.1%, faltan ~10 min [interior primero 13.1%, interior primero + pieza menos restrictiva 9.2%, reinicios, interior primero 0.180%] (Knuth: ~8.3 h) | máximo colocado 53 de 64 | hilos 8 de 12
    ... 98.0 s | grupo 1/6 | 104783294 nodos | revisado 13.1%, faltan ~10 min [interior primero 13.1%, interior primero + pieza menos restrictiva 9.2%, reinicios, interior primero 0.182%] (Knuth: ~8.3 h) | máximo colocado 53 de 64 | hilos 8 de 12
    ... 100.0 s | grupo 1/6 | 107050784 nodos | revisado 13.1%, faltan ~11 min [interior primero 13.1%, interior primero + pieza menos restrictiva 9.2%, reinicios, interior primero 0.189%] (Knuth: ~8.3 h) | máximo colocado 53 de 64 | hilos 8 de 12
    ... 102.0 s | grupo 1/6 | 109264002 nodos | revisado 13.1%, faltan ~11 min [interior primero 13.1%, interior primero + pieza menos restrictiva 9.2%, reinicios, interior primero 0.192%] (Knuth: ~8.3 h) | máximo colocado 53 de 64 | hilos 8 de 12
    ... 104.0 s | grupo 1/6 | 110627510 nodos | revisado 13.1%, faltan ~11 min [interior primero 13.1%, interior primero + pieza menos restrictiva 9.2%, reinicios, interior primero 0.193%] (Knuth: ~8.4 h) | máximo colocado 53 de 64 | hilos 8 de 12
    ... 106.0 s | grupo 1/6 | 112518508 nodos | revisado 13.1%, faltan ~11 min [interior primero 13.1%, interior primero + pieza menos restrictiva 9.2%, reinicios, interior primero 0.196%] (Knuth: ~8.4 h) | máximo colocado 53 de 64 | hilos 8 de 12
    ... 108.1 s | grupo 1/6 | 114659516 nodos | revisado 13.1%, faltan ~12 min [interior primero 13.1%, interior primero + pieza menos restrictiva 9.2%, reinicios, interior primero 0.200%] (Knuth: ~8.4 h) | máximo colocado 53 de 64 | hilos 8 de 12
    ... 110.1 s | grupo 1/6 | 116741753 nodos | revisado 13.1%, faltan ~12 min [interior primero 13.1%, interior primero + pieza menos restrictiva 9.2%, reinicios, interior primero 0.203%] (Knuth: ~8.4 h) | máximo colocado 53 de 64 | hilos 8 de 12
    ... 112.1 s | grupo 1/6 | 118820285 nodos | revisado 13.1%, faltan ~12 min [interior primero 13.1%, interior primero + pieza menos restrictiva 9.2%, reinicios, interior primero 0.204%] (Knuth: ~8.4 h) | máximo colocado 53 de 64 | hilos 8 de 12
    ... 114.1 s | grupo 1/6 | 120806730 nodos | revisado 13.1%, faltan ~12 min [interior primero 13.1%, interior primero + pieza menos restrictiva 9.2%, reinicios, interior primero 0.206%] (Knuth: ~8.5 h) | máximo colocado 53 de 64 | hilos 8 de 12
    ... 116.1 s | grupo 1/6 | 122930759 nodos | revisado 13.1%, faltan ~12 min [interior primero 13.1%, interior primero + pieza menos restrictiva 9.2%, reinicios, interior primero 0.211%] (Knuth: ~8.5 h) | máximo colocado 53 de 64 | hilos 8 de 12
    ... 118.1 s | grupo 1/6 | 125090870 nodos | revisado 13.1%, faltan ~13 min [interior primero 13.1%, interior primero + pieza menos restrictiva 9.2%, reinicios, interior primero 0.219%] (Knuth: ~8.5 h) | máximo colocado 53 de 64 | hilos 8 de 12
    ... 120.1 s | grupo 1/6 | 127267149 nodos | revisado 13.1%, faltan ~13 min [interior primero 13.1%, interior primero + pieza menos restrictiva 9.2%, reinicios, interior primero 0.222%] (Knuth: ~8.5 h) | máximo colocado 53 de 64 | hilos 8 de 12
    ... 122.1 s | grupo 1/6 | 129464373 nodos | revisado 13.1%, faltan ~13 min [interior primero 13.1%, interior primero + pieza menos restrictiva 9.2%, reinicios, interior primero 0.224%] (Knuth: ~8.5 h) | máximo colocado 53 de 64 | hilos 8 de 12
    ... 124.1 s | grupo 1/6 | 131673552 nodos | revisado 13.1%, faltan ~13 min [interior primero 13.1%, interior primero + pieza menos restrictiva 9.2%, reinicios, interior primero 0.225%] (Knuth: ~8.5 h) | máximo colocado 53 de 64 | hilos 8 de 12
    ... 126.1 s | grupo 1/6 | 133891147 nodos | revisado 13.1%, faltan ~14 min [interior primero 13.1%, interior primero + pieza menos restrictiva 9.2%, reinicios, interior primero 0.226%] (Knuth: ~8.5 h) | máximo colocado 53 de 64 | hilos 8 de 12
    ... 128.2 s | grupo 1/6 | 136117720 nodos | revisado 13.1%, faltan ~14 min [interior primero 13.1%, interior primero + pieza menos restrictiva 9.2%, reinicios, interior primero 0.227%] (Knuth: ~8.5 h) | máximo colocado 53 de 64 | hilos 8 de 12
    ... 130.2 s | grupo 1/6 | 138306261 nodos | revisado 13.1%, faltan ~14 min [interior primero 13.1%, interior primero + pieza menos restrictiva 9.2%, reinicios, interior primero 0.228%] (Knuth: ~8.5 h) | máximo colocado 53 de 64 | hilos 8 de 12
    ... 132.2 s | grupo 1/6 | 140502984 nodos | revisado 13.1%, faltan ~14 min [interior primero 13.1%, interior primero + pieza menos restrictiva 9.2%, reinicios, interior primero 0.233%] (Knuth: ~8.5 h) | máximo colocado 53 de 64 | hilos 8 de 12
    ... 134.2 s | grupo 1/6 | 142683520 nodos | revisado 13.1%, faltan ~14 min [interior primero 13.1%, interior primero + pieza menos restrictiva 9.2%, reinicios, interior primero 0.239%] (Knuth: ~8.5 h) | máximo colocado 53 de 64 | hilos 8 de 12
    ... 136.2 s | grupo 1/6 | 144879575 nodos | revisado 13.1%, faltan ~15 min [interior primero 13.1%, interior primero + pieza menos restrictiva 9.2%, reinicios, interior primero 0.241%] (Knuth: ~8.5 h) | máximo colocado 53 de 64 | hilos 8 de 12
    portafolio: encontró la solución el equipo "reinicios, interior primero" (nodos: interior primero 53147648, interior primero + pieza menos restrictiva 39320576, reinicios, interior primero 53908828)
[4] Grupo 1: SOLUCIÓN. Verificación: OK
[5] Tiempo total: 2 min
RESULTADO resuelto=1 ms=137539.8 marcos=0 nodos=146377052 grupos=1/6 hilos=12 t_marcos=0.000 t_interior=133.889 lados=0 unificado=1 max_colocadas=64
