[0] Tablero 8x8, 10 colores, 12 hilos
[1] Esquina fija (2,1). 3 grupos, orden por coste: 4.97e+24 4.97e+24 4.97e+24
    grupo 1, orden menos opciones: estimado 5.34e+12 nodos
    grupo 1, orden interior primero: estimado 2.06e+11 nodos
    grupo 2, orden menos opciones: estimado 1.34e+13 nodos
    grupo 2, orden interior primero: estimado 1.85e+11 nodos
    grupo 3, orden menos opciones: estimado 3.3e+12 nodos
    grupo 3, orden interior primero: estimado 2.03e+11 nodos
[1] Estimado de Knuth por grupo (nodos): 2.06e+11(i) 1.85e+11(i) 2.03e+11(i)   (i) = interior primero
[2] Grupo 1/3: ruta unificada (mapas por lado), orden: PORTAFOLIO de 4 equipos (2 órdenes, normal y al azar)
    ... 5.0 s | grupo 1/3 | 2058275 nodos | revisado 2.9%, faltan ~67 s [interior primero 1.5%, interior primero + pieza menos restrictiva 2.9%, reinicios, interior primero 0.019%] (Knuth: ~2 días) | máximo colocado 49 de 64 | hilos 8 de 12
    ... 7.0 s | grupo 1/3 | 4152649 nodos | revisado 2.9%, faltan ~2 min [interior primero 1.5%, interior primero + pieza menos restrictiva 2.9%, reinicios, interior primero 0.021%] (Knuth: ~2 días) | máximo colocado 49 de 64 | hilos 8 de 12
    ... 9.1 s | grupo 1/3 | 6282887 nodos | revisado 2.9%, faltan ~3 min [interior primero 1.5%, interior primero + pieza menos restrictiva 2.9%, reinicios, interior primero 0.022%] (Knuth: ~2 días) | máximo colocado 49 de 64 | hilos 8 de 12
    ... 11.1 s | grupo 1/3 | 8389109 nodos | revisado 2.9%, faltan ~4 min [interior primero 1.5%, interior primero + pieza menos restrictiva 2.9%, reinicios, interior primero 0.023%] (Knuth: ~2 días) | máximo colocado 51 de 64 | hilos 8 de 12
    ... 13.1 s | grupo 1/3 | 10477140 nodos | revisado 2.9%, faltan ~6 min [interior primero 1.5%, interior primero + pieza menos restrictiva 2.9%, reinicios, interior primero 0.024%] (Knuth: ~2 días) | máximo colocado 51 de 64 | hilos 8 de 12
    ... 15.1 s | grupo 1/3 | 12567786 nodos | revisado 2.9%, faltan ~7 min [interior primero 1.5%, interior primero + pieza menos restrictiva 2.9%, reinicios, interior primero 0.750%] (Knuth: ~2 días) | máximo colocado 51 de 64 | hilos 8 de 12
    ... 17.1 s | grupo 1/3 | 14660484 nodos | revisado 2.9%, faltan ~8 min [interior primero 1.5%, interior primero + pieza menos restrictiva 2.9%, reinicios, interior primero 0.750%] (Knuth: ~2 días) | máximo colocado 51 de 64 | hilos 8 de 12
    ... 19.1 s | grupo 1/3 | 16736921 nodos | revisado 2.9%, faltan ~9 min [interior primero 1.5%, interior primero + pieza menos restrictiva 2.9%, reinicios, interior primero 0.751%] (Knuth: ~2 días) | máximo colocado 51 de 64 | hilos 8 de 12
    ... 21.1 s | grupo 1/3 | 18854772 nodos | revisado 2.9%, faltan ~10 min [interior primero 1.5%, interior primero + pieza menos restrictiva 2.9%, reinicios, interior primero 0.753%] (Knuth: ~2 días) | máximo colocado 51 de 64 | hilos 8 de 12
    ... 23.1 s | grupo 1/3 | 20971934 nodos | revisado 2.9%, faltan ~11 min [interior primero 1.5%, interior primero + pieza menos restrictiva 2.9%, reinicios, interior primero 0.755%] (Knuth: ~2 días) | máximo colocado 51 de 64 | hilos 8 de 12
    ... 25.1 s | grupo 1/3 | 23077320 nodos | revisado 2.9%, faltan ~12 min [interior primero 1.5%, interior primero + pieza menos restrictiva 2.9%, reinicios, interior primero 0.757%] (Knuth: ~2 días) | máximo colocado 51 de 64 | hilos 8 de 12
    ... 27.2 s | grupo 1/3 | 25115845 nodos | revisado 2.9%, faltan ~13 min [interior primero 1.5%, interior primero + pieza menos restrictiva 2.9%, reinicios, interior primero 0.758%] (Knuth: ~2 días) | máximo colocado 51 de 64 | hilos 8 de 12
    ... 29.2 s | grupo 1/3 | 27228653 nodos | revisado 2.9%, faltan ~15 min [interior primero 1.5%, interior primero + pieza menos restrictiva 2.9%, reinicios, interior primero 0.760%] (Knuth: ~2 días) | máximo colocado 51 de 64 | hilos 8 de 12
    ... 31.2 s | grupo 1/3 | 29324476 nodos | revisado 2.9%, faltan ~16 min [interior primero 1.5%, interior primero + pieza menos restrictiva 2.9%, reinicios, interior primero 0.762%] (Knuth: ~2 días) | máximo colocado 51 de 64 | hilos 8 de 12
    ... 33.2 s | grupo 1/3 | 31422887 nodos | revisado 2.9%, faltan ~17 min [interior primero 1.5%, interior primero + pieza menos restrictiva 2.9%, reinicios, interior primero 0.763%] (Knuth: ~2 días) | máximo colocado 51 de 64 | hilos 8 de 12
    ... 35.2 s | grupo 1/3 | 33528146 nodos | revisado 2.9%, faltan ~18 min [interior primero 1.5%, interior primero + pieza menos restrictiva 2.9%, reinicios, interior primero 0.764%] (Knuth: ~2 días) | máximo colocado 51 de 64 | hilos 8 de 12
    ... 37.2 s | grupo 1/3 | 35648230 nodos | revisado 2.9%, faltan ~19 min [interior primero 1.5%, interior primero + pieza menos restrictiva 2.9%, reinicios, interior primero 1.5%] (Knuth: ~2 días) | máximo colocado 51 de 64 | hilos 8 de 12
    ... 39.2 s | grupo 1/3 | 37727293 nodos | revisado 2.9%, faltan ~20 min [interior primero 1.5%, interior primero + pieza menos restrictiva 2.9%, reinicios, interior primero 1.5%] (Knuth: ~2 días) | máximo colocado 51 de 64 | hilos 8 de 12
    ... 41.2 s | grupo 1/3 | 39523563 nodos | revisado 2.9%, faltan ~21 min [interior primero 1.5%, interior primero + pieza menos restrictiva 2.9%, reinicios, interior primero 1.5%] (Knuth: ~2 días) | máximo colocado 51 de 64 | hilos 8 de 12
    ... 43.2 s | grupo 1/3 | 41565134 nodos | revisado 2.9%, faltan ~22 min [interior primero 1.5%, interior primero + pieza menos restrictiva 2.9%, reinicios, interior primero 1.5%] (Knuth: ~2 días) | máximo colocado 51 de 64 | hilos 8 de 12
    ... 45.3 s | grupo 1/3 | 43676109 nodos | revisado 2.9%, faltan ~24 min [interior primero 1.5%, interior primero + pieza menos restrictiva 2.9%, reinicios, interior primero 1.5%] (Knuth: ~2 días) | máximo colocado 51 de 64 | hilos 8 de 12
    ... 47.3 s | grupo 1/3 | 45797013 nodos | revisado 2.9%, faltan ~25 min [interior primero 1.5%, interior primero + pieza menos restrictiva 2.9%, reinicios, interior primero 2.2%] (Knuth: ~2 días) | máximo colocado 51 de 64 | hilos 8 de 12
    ... 49.3 s | grupo 1/3 | 47916279 nodos | revisado 2.9%, faltan ~26 min [interior primero 1.5%, interior primero + pieza menos restrictiva 2.9%, reinicios, interior primero 2.2%] (Knuth: ~2 días) | máximo colocado 51 de 64 | hilos 8 de 12
    ... 51.3 s | grupo 1/3 | 50009496 nodos | revisado 2.9%, faltan ~27 min [interior primero 1.5%, interior primero + pieza menos restrictiva 2.9%, reinicios, interior primero 2.2%] (Knuth: ~2 días) | máximo colocado 51 de 64 | hilos 8 de 12
    ... 53.3 s | grupo 1/3 | 52104084 nodos | revisado 2.9%, faltan ~28 min [interior primero 1.5%, interior primero + pieza menos restrictiva 2.9%, reinicios, interior primero 2.2%] (Knuth: ~2 días) | máximo colocado 51 de 64 | hilos 8 de 12
    ... 55.3 s | grupo 1/3 | 54171445 nodos | revisado 2.9%, faltan ~29 min [interior primero 1.5%, interior primero + pieza menos restrictiva 2.9%, reinicios, interior primero 2.2%] (Knuth: ~2 días) | máximo colocado 51 de 64 | hilos 8 de 12
    ... 57.3 s | grupo 1/3 | 56271252 nodos | revisado 2.9%, faltan ~30 min [interior primero 1.5%, interior primero + pieza menos restrictiva 2.9%, reinicios, interior primero 3.0%] (Knuth: ~2 días) | máximo colocado 51 de 64 | hilos 8 de 12
    ... 59.3 s | grupo 1/3 | 58377604 nodos | revisado 2.9%, faltan ~31 min [interior primero 1.5%, interior primero + pieza menos restrictiva 2.9%, reinicios, interior primero 3.0%] (Knuth: ~2 días) | máximo colocado 51 de 64 | hilos 8 de 12
    ... 61.3 s | grupo 1/3 | 60452096 nodos | revisado 2.9%, faltan ~33 min [interior primero 1.5%, interior primero + pieza menos restrictiva 2.9%, reinicios, interior primero 3.0%] (Knuth: ~2 días) | máximo colocado 51 de 64 | hilos 8 de 12
    ... 63.4 s | grupo 1/3 | 62563560 nodos | revisado 2.9%, faltan ~34 min [interior primero 1.5%, interior primero + pieza menos restrictiva 2.9%, reinicios, interior primero 3.7%] (Knuth: ~2 días) | máximo colocado 51 de 64 | hilos 8 de 12
    ... 65.4 s | grupo 1/3 | 64685523 nodos | revisado 2.9%, faltan ~35 min [interior primero 1.5%, interior primero + pieza menos restrictiva 2.9%, reinicios, interior primero 3.7%] (Knuth: ~2 días) | máximo colocado 51 de 64 | hilos 8 de 12
    ... 67.4 s | grupo 1/3 | 66779481 nodos | revisado 2.9%, faltan ~36 min [interior primero 1.5%, interior primero + pieza menos restrictiva 2.9%, reinicios, interior primero 3.7%] (Knuth: ~2 días) | máximo colocado 51 de 64 | hilos 8 de 12
    ... 69.4 s | grupo 1/3 | 68903150 nodos | revisado 2.9%, faltan ~37 min [interior primero 1.5%, interior primero + pieza menos restrictiva 2.9%, reinicios, interior primero 3.7%] (Knuth: ~2 días) | máximo colocado 51 de 64 | hilos 8 de 12
    ... 71.4 s | grupo 1/3 | 71034330 nodos | revisado 2.9%, faltan ~38 min [interior primero 1.5%, interior primero + pieza menos restrictiva 2.9%, reinicios, interior primero 3.7%] (Knuth: ~2 días) | máximo colocado 51 de 64 | hilos 8 de 12
    ... 73.4 s | grupo 1/3 | 73161050 nodos | revisado 2.9%, faltan ~39 min [interior primero 1.5%, interior primero + pieza menos restrictiva 2.9%, reinicios, interior primero 3.7%] (Knuth: ~2 días) | máximo colocado 51 de 64 | hilos 8 de 12
    ... 75.4 s | grupo 1/3 | 75258236 nodos | revisado 2.9%, faltan ~40 min [interior primero 1.5%, interior primero + pieza menos restrictiva 2.9%, reinicios, interior primero 4.4%] (Knuth: ~2 días) | máximo colocado 51 de 64 | hilos 8 de 12
    ... 77.4 s | grupo 1/3 | 77356433 nodos | revisado 2.9%, faltan ~42 min [interior primero 1.5%, interior primero + pieza menos restrictiva 2.9%, reinicios, interior primero 4.4%] (Knuth: ~2 días) | máximo colocado 51 de 64 | hilos 8 de 12
    ... 79.4 s | grupo 1/3 | 79479275 nodos | revisado 2.9%, faltan ~43 min [interior primero 1.5%, interior primero + pieza menos restrictiva 2.9%, reinicios, interior primero 4.4%] (Knuth: ~2 días) | máximo colocado 51 de 64 | hilos 8 de 12
    ... 81.4 s | grupo 1/3 | 81596872 nodos | revisado 2.9%, faltan ~44 min [interior primero 1.5%, interior primero + pieza menos restrictiva 2.9%, reinicios, interior primero 5.1%] (Knuth: ~2 días) | máximo colocado 51 de 64 | hilos 8 de 12
    ... 83.4 s | grupo 1/3 | 83708605 nodos | revisado 2.9%, faltan ~45 min [interior primero 1.5%, interior primero + pieza menos restrictiva 2.9%, reinicios, interior primero 5.1%] (Knuth: ~2 días) | máximo colocado 51 de 64 | hilos 8 de 12
    ... 85.4 s | grupo 1/3 | 85823154 nodos | revisado 2.9%, faltan ~46 min [interior primero 1.5%, interior primero + pieza menos restrictiva 2.9%, reinicios, interior primero 5.1%] (Knuth: ~2 días) | máximo colocado 51 de 64 | hilos 8 de 12
    ... 87.5 s | grupo 1/3 | 87962914 nodos | revisado 2.9%, faltan ~47 min [interior primero 1.5%, interior primero + pieza menos restrictiva 2.9%, reinicios, interior primero 5.1%] (Knuth: ~2 días) | máximo colocado 51 de 64 | hilos 8 de 12
    ... 89.5 s | grupo 1/3 | 90095908 nodos | revisado 2.9%, faltan ~48 min [interior primero 1.5%, interior primero + pieza menos restrictiva 2.9%, reinicios, interior primero 5.1%] (Knuth: ~2 días) | máximo colocado 51 de 64 | hilos 8 de 12
    ... 91.5 s | grupo 1/3 | 92171400 nodos | revisado 2.9%, faltan ~49 min [interior primero 1.5%, interior primero + pieza menos restrictiva 2.9%, reinicios, interior primero 5.1%] (Knuth: ~2 días) | máximo colocado 51 de 64 | hilos 8 de 12
    ... 93.5 s | grupo 1/3 | 94313270 nodos | revisado 2.9%, faltan ~50 min [interior primero 1.5%, interior primero + pieza menos restrictiva 2.9%, reinicios, interior primero 5.9%] (Knuth: ~2 días) | máximo colocado 51 de 64 | hilos 8 de 12
    ... 95.5 s | grupo 1/3 | 96428930 nodos | revisado 2.9%, faltan ~52 min [interior primero 1.5%, interior primero + pieza menos restrictiva 2.9%, reinicios, interior primero 5.9%] (Knuth: ~2 días) | máximo colocado 51 de 64 | hilos 8 de 12
    ... 97.5 s | grupo 1/3 | 98536948 nodos | revisado 2.9%, faltan ~53 min [interior primero 1.5%, interior primero + pieza menos restrictiva 2.9%, reinicios, interior primero 5.9%] (Knuth: ~2 días) | máximo colocado 51 de 64 | hilos 8 de 12
    ... 99.5 s | grupo 1/3 | 100641743 nodos | revisado 2.9%, faltan ~54 min [interior primero 1.5%, interior primero + pieza menos restrictiva 2.9%, reinicios, interior primero 5.9%] (Knuth: ~2 días) | máximo colocado 51 de 64 | hilos 8 de 12
    ... 101.5 s | grupo 1/3 | 102753035 nodos | revisado 2.9%, faltan ~55 min [interior primero 1.5%, interior primero + pieza menos restrictiva 2.9%, reinicios, interior primero 5.9%] (Knuth: ~2 días) | máximo colocado 51 de 64 | hilos 8 de 12
    ... 103.5 s | grupo 1/3 | 104835539 nodos | revisado 2.9%, faltan ~56 min [interior primero 1.5%, interior primero + pieza menos restrictiva 2.9%, reinicios, interior primero 5.9%] (Knuth: ~2 días) | máximo colocado 51 de 64 | hilos 8 de 12
    ... 105.6 s | grupo 1/3 | 106929450 nodos | revisado 2.9%, faltan ~57 min [interior primero 1.5%, interior primero + pieza menos restrictiva 2.9%, reinicios, interior primero 5.9%] (Knuth: ~2 días) | máximo colocado 51 de 64 | hilos 8 de 12
    ... 107.6 s | grupo 1/3 | 109033391 nodos | revisado 2.9%, faltan ~58 min [interior primero 1.5%, interior primero + pieza menos restrictiva 2.9%, reinicios, interior primero 5.9%] (Knuth: ~2 días) | máximo colocado 51 de 64 | hilos 8 de 12
    ... 109.6 s | grupo 1/3 | 111118692 nodos | revisado 2.9%, faltan ~59 min [interior primero 1.5%, interior primero + pieza menos restrictiva 2.9%, reinicios, interior primero 5.9%] (Knuth: ~2 días) | máximo colocado 51 de 64 | hilos 8 de 12
    ... 111.6 s | grupo 1/3 | 113209444 nodos | revisado 2.9%, faltan ~61 min [interior primero 1.5%, interior primero + pieza menos restrictiva 2.9%, reinicios, interior primero 5.9%] (Knuth: ~2 días) | máximo colocado 51 de 64 | hilos 8 de 12
    ... 113.6 s | grupo 1/3 | 115315174 nodos | revisado 2.9%, faltan ~62 min [interior primero 1.5%, interior primero + pieza menos restrictiva 2.9%, reinicios, interior primero 5.9%] (Knuth: ~2 días) | máximo colocado 51 de 64 | hilos 8 de 12
    ... 115.6 s | grupo 1/3 | 117390034 nodos | revisado 2.9%, faltan ~63 min [interior primero 1.5%, interior primero + pieza menos restrictiva 2.9%, reinicios, interior primero 5.9%] (Knuth: ~2 días) | máximo colocado 51 de 64 | hilos 8 de 12
    ... 117.6 s | grupo 1/3 | 119504387 nodos | revisado 2.9%, faltan ~64 min [interior primero 1.5%, interior primero + pieza menos restrictiva 2.9%, reinicios, interior primero 5.9%] (Knuth: ~2 días) | máximo colocado 51 de 64 | hilos 8 de 12
    ... 119.6 s | grupo 1/3 | 121586881 nodos | revisado 2.9%, faltan ~65 min [interior primero 1.5%, interior primero + pieza menos restrictiva 2.9%, reinicios, interior primero 5.9%] (Knuth: ~2 días) | máximo colocado 51 de 64 | hilos 8 de 12
    ... 121.6 s | grupo 1/3 | 123674885 nodos | revisado 2.9%, faltan ~66 min [interior primero 1.5%, interior primero + pieza menos restrictiva 2.9%, reinicios, interior primero 5.9%] (Knuth: ~2 días) | máximo colocado 51 de 64 | hilos 8 de 12
    ... 123.7 s | grupo 1/3 | 125794518 nodos | revisado 2.9%, faltan ~67 min [interior primero 1.5%, interior primero + pieza menos restrictiva 2.9%, reinicios, interior primero 5.9%] (Knuth: ~2 días) | máximo colocado 51 de 64 | hilos 8 de 12
    ... 125.7 s | grupo 1/3 | 127875924 nodos | revisado 2.9%, faltan ~68 min [interior primero 1.5%, interior primero + pieza menos restrictiva 2.9%, reinicios, interior primero 5.9%] (Knuth: ~2 días) | máximo colocado 51 de 64 | hilos 8 de 12
    ... 127.7 s | grupo 1/3 | 129923835 nodos | revisado 2.9%, faltan ~70 min [interior primero 1.5%, interior primero + pieza menos restrictiva 2.9%, reinicios, interior primero 5.9%] (Knuth: ~2 días) | máximo colocado 51 de 64 | hilos 8 de 12
    ... 129.7 s | grupo 1/3 | 132004325 nodos | revisado 2.9%, faltan ~71 min [interior primero 1.5%, interior primero + pieza menos restrictiva 2.9%, reinicios, interior primero 5.9%] (Knuth: ~2 días) | máximo colocado 51 de 64 | hilos 8 de 12
    ... 131.7 s | grupo 1/3 | 134077842 nodos | revisado 2.9%, faltan ~72 min [interior primero 1.5%, interior primero + pieza menos restrictiva 2.9%, reinicios, interior primero 5.9%] (Knuth: ~2 días) | máximo colocado 51 de 64 | hilos 8 de 12
    ... 133.7 s | grupo 1/3 | 136165018 nodos | revisado 2.9%, faltan ~73 min [interior primero 1.5%, interior primero + pieza menos restrictiva 2.9%, reinicios, interior primero 5.9%] (Knuth: ~2 días) | máximo colocado 51 de 64 | hilos 8 de 12
    ... 135.7 s | grupo 1/3 | 138271547 nodos | revisado 2.9%, faltan ~74 min [interior primero 1.5%, interior primero + pieza menos restrictiva 2.9%, reinicios, interior primero 5.9%] (Knuth: ~2 días) | máximo colocado 51 de 64 | hilos 8 de 12
    ... 137.7 s | grupo 1/3 | 140391603 nodos | revisado 2.9%, faltan ~75 min [interior primero 1.5%, interior primero + pieza menos restrictiva 2.9%, reinicios, interior primero 5.9%] (Knuth: ~2 días) | máximo colocado 51 de 64 | hilos 8 de 12
    ... 139.7 s | grupo 1/3 | 142484981 nodos | revisado 2.9%, faltan ~76 min [interior primero 1.5%, interior primero + pieza menos restrictiva 2.9%, reinicios, interior primero 5.9%] (Knuth: ~2 días) | máximo colocado 51 de 64 | hilos 8 de 12
    ... 141.8 s | grupo 1/3 | 144569669 nodos | revisado 2.9%, faltan ~77 min [interior primero 1.5%, interior primero + pieza menos restrictiva 2.9%, reinicios, interior primero 6.6%] (Knuth: ~2 días) | máximo colocado 51 de 64 | hilos 8 de 12
    ... 143.8 s | grupo 1/3 | 146678843 nodos | revisado 2.9%, faltan ~79 min [interior primero 1.5%, interior primero + pieza menos restrictiva 2.9%, reinicios, interior primero 6.6%] (Knuth: ~2 días) | máximo colocado 51 de 64 | hilos 8 de 12
    ... 145.8 s | grupo 1/3 | 148763272 nodos | revisado 2.9%, faltan ~80 min [interior primero 1.5%, interior primero + pieza menos restrictiva 2.9%, reinicios, interior primero 8.1%] (Knuth: ~2 días) | máximo colocado 51 de 64 | hilos 8 de 12
    ... 147.8 s | grupo 1/3 | 150855780 nodos | revisado 2.9%, faltan ~81 min [interior primero 1.5%, interior primero + pieza menos restrictiva 2.9%, reinicios, interior primero 8.8%] (Knuth: ~2 días) | máximo colocado 51 de 64 | hilos 8 de 12
    ... 149.8 s | grupo 1/3 | 152966348 nodos | revisado 2.9%, faltan ~82 min [interior primero 1.5%, interior primero + pieza menos restrictiva 2.9%, reinicios, interior primero 8.8%] (Knuth: ~2 días) | máximo colocado 51 de 64 | hilos 8 de 12
    ... 151.8 s | grupo 1/3 | 155070765 nodos | revisado 2.9%, faltan ~83 min [interior primero 1.5%, interior primero + pieza menos restrictiva 2.9%, reinicios, interior primero 9.5%] (Knuth: ~2 días) | máximo colocado 51 de 64 | hilos 8 de 12
    ... 153.8 s | grupo 1/3 | 157166424 nodos | revisado 2.9%, faltan ~84 min [interior primero 1.5%, interior primero + pieza menos restrictiva 2.9%, reinicios, interior primero 9.5%] (Knuth: ~2 días) | máximo colocado 51 de 64 | hilos 8 de 12
    ... 155.8 s | grupo 1/3 | 159299429 nodos | revisado 2.9%, faltan ~85 min [interior primero 1.5%, interior primero + pieza menos restrictiva 2.9%, reinicios, interior primero 9.5%] (Knuth: ~2 días) | máximo colocado 51 de 64 | hilos 8 de 12
    ... 157.9 s | grupo 1/3 | 161415392 nodos | revisado 2.9%, faltan ~86 min [interior primero 1.5%, interior primero + pieza menos restrictiva 2.9%, reinicios, interior primero 9.5%] (Knuth: ~2 días) | máximo colocado 51 de 64 | hilos 8 de 12
    ... 159.9 s | grupo 1/3 | 163501144 nodos | revisado 2.9%, faltan ~88 min [interior primero 1.5%, interior primero + pieza menos restrictiva 2.9%, reinicios, interior primero 9.5%] (Knuth: ~2 días) | máximo colocado 51 de 64 | hilos 8 de 12
    ... 161.9 s | grupo 1/3 | 165562454 nodos | revisado 2.9%, faltan ~89 min [interior primero 1.5%, interior primero + pieza menos restrictiva 2.9%, reinicios, interior primero 9.5%] (Knuth: ~2 días) | máximo colocado 51 de 64 | hilos 8 de 12
    ... 163.9 s | grupo 1/3 | 167649797 nodos | revisado 2.9%, faltan ~90 min [interior primero 1.5%, interior primero + pieza menos restrictiva 2.9%, reinicios, interior primero 9.5%] (Knuth: ~2 días) | máximo colocado 51 de 64 | hilos 8 de 12
    ... 165.9 s | grupo 1/3 | 169751721 nodos | revisado 2.9%, faltan ~91 min [interior primero 1.5%, interior primero + pieza menos restrictiva 2.9%, reinicios, interior primero 9.5%] (Knuth: ~2 días) | máximo colocado 51 de 64 | hilos 8 de 12
    ... 167.9 s | grupo 1/3 | 171863360 nodos | revisado 2.9%, faltan ~92 min [interior primero 1.5%, interior primero + pieza menos restrictiva 2.9%, reinicios, interior primero 9.5%] (Knuth: ~2 días) | máximo colocado 51 de 64 | hilos 8 de 12
    ... 169.9 s | grupo 1/3 | 173958907 nodos | revisado 2.9%, faltan ~93 min [interior primero 1.5%, interior primero + pieza menos restrictiva 2.9%, reinicios, interior primero 9.5%] (Knuth: ~2 días) | máximo colocado 51 de 64 | hilos 8 de 12
    ... 171.9 s | grupo 1/3 | 176075949 nodos | revisado 2.9%, faltan ~94 min [interior primero 1.5%, interior primero + pieza menos restrictiva 2.9%, reinicios, interior primero 9.5%] (Knuth: ~2 días) | máximo colocado 52 de 64 | hilos 8 de 12
    ... 173.9 s | grupo 1/3 | 178172202 nodos | revisado 2.9%, faltan ~95 min [interior primero 1.5%, interior primero + pieza menos restrictiva 2.9%, reinicios, interior primero 9.5%] (Knuth: ~2 días) | máximo colocado 52 de 64 | hilos 8 de 12
    ... 175.9 s | grupo 1/3 | 180227171 nodos | revisado 2.9%, faltan ~96 min [interior primero 1.5%, interior primero + pieza menos restrictiva 2.9%, reinicios, interior primero 10.3%] (Knuth: ~2 días) | máximo colocado 52 de 64 | hilos 8 de 12
    ... 178.0 s | grupo 1/3 | 182300738 nodos | revisado 2.9%, faltan ~98 min [interior primero 1.5%, interior primero + pieza menos restrictiva 2.9%, reinicios, interior primero 10.3%] (Knuth: ~2 días) | máximo colocado 52 de 64 | hilos 8 de 12
    ... 180.0 s | grupo 1/3 | 184396682 nodos | revisado 2.9%, faltan ~99 min [interior primero 1.5%, interior primero + pieza menos restrictiva 2.9%, reinicios, interior primero 10.3%] (Knuth: ~2 días) | máximo colocado 52 de 64 | hilos 8 de 12
    ... 182.0 s | grupo 1/3 | 186479565 nodos | revisado 2.9%, faltan ~100 min [interior primero 1.5%, interior primero + pieza menos restrictiva 2.9%, reinicios, interior primero 10.3%] (Knuth: ~2 días) | máximo colocado 52 de 64 | hilos 8 de 12
    ... 184.0 s | grupo 1/3 | 188554210 nodos | revisado 2.9%, faltan ~101 min [interior primero 1.5%, interior primero + pieza menos restrictiva 2.9%, reinicios, interior primero 10.3%] (Knuth: ~2 días) | máximo colocado 52 de 64 | hilos 8 de 12
    ... 186.0 s | grupo 1/3 | 190670231 nodos | revisado 2.9%, faltan ~102 min [interior primero 1.5%, interior primero + pieza menos restrictiva 2.9%, reinicios, interior primero 10.3%] (Knuth: ~2 días) | máximo colocado 52 de 64 | hilos 8 de 12
    ... 188.0 s | grupo 1/3 | 192744684 nodos | revisado 2.9%, faltan ~103 min [interior primero 1.5%, interior primero + pieza menos restrictiva 2.9%, reinicios, interior primero 10.3%] (Knuth: ~2 días) | máximo colocado 52 de 64 | hilos 8 de 12
    ... 190.0 s | grupo 1/3 | 194734055 nodos | revisado 2.9%, faltan ~104 min [interior primero 1.5%, interior primero + pieza menos restrictiva 2.9%, reinicios, interior primero 10.3%] (Knuth: ~2 días) | máximo colocado 52 de 64 | hilos 8 de 12
    ... 192.1 s | grupo 1/3 | 196863952 nodos | revisado 2.9%, faltan ~105 min [interior primero 1.5%, interior primero + pieza menos restrictiva 2.9%, reinicios, interior primero 10.3%] (Knuth: ~2 días) | máximo colocado 52 de 64 | hilos 8 de 12
    ... 194.1 s | grupo 1/3 | 198888768 nodos | revisado 2.9%, faltan ~107 min [interior primero 1.5%, interior primero + pieza menos restrictiva 2.9%, reinicios, interior primero 11.0%] (Knuth: ~2 días) | máximo colocado 52 de 64 | hilos 8 de 12
    ... 196.1 s | grupo 1/3 | 200968354 nodos | revisado 2.9%, faltan ~108 min [interior primero 1.5%, interior primero + pieza menos restrictiva 2.9%, reinicios, interior primero 11.7%] (Knuth: ~2 días) | máximo colocado 52 de 64 | hilos 8 de 12
    ... 198.1 s | grupo 1/3 | 202968151 nodos | revisado 2.9%, faltan ~109 min [interior primero 1.5%, interior primero + pieza menos restrictiva 2.9%, reinicios, interior primero 11.7%] (Knuth: ~2 días) | máximo colocado 52 de 64 | hilos 8 de 12
    ... 200.1 s | grupo 1/3 | 204925658 nodos | revisado 2.9%, faltan ~110 min [interior primero 1.5%, interior primero + pieza menos restrictiva 2.9%, reinicios, interior primero 11.7%] (Knuth: ~2 días) | máximo colocado 52 de 64 | hilos 8 de 12
    ... 202.1 s | grupo 1/3 | 206865745 nodos | revisado 2.9%, faltan ~111 min [interior primero 1.5%, interior primero + pieza menos restrictiva 2.9%, reinicios, interior primero 11.7%] (Knuth: ~2 días) | máximo colocado 52 de 64 | hilos 8 de 12
    ... 204.1 s | grupo 1/3 | 208890250 nodos | revisado 2.9%, faltan ~112 min [interior primero 1.5%, interior primero + pieza menos restrictiva 2.9%, reinicios, interior primero 11.7%] (Knuth: ~2 días) | máximo colocado 52 de 64 | hilos 8 de 12
    ... 206.1 s | grupo 1/3 | 210834131 nodos | revisado 2.9%, faltan ~113 min [interior primero 1.5%, interior primero + pieza menos restrictiva 2.9%, reinicios, interior primero 11.7%] (Knuth: ~2 días) | máximo colocado 52 de 64 | hilos 8 de 12
    ... 208.1 s | grupo 1/3 | 212675551 nodos | revisado 2.9%, faltan ~114 min [interior primero 1.5%, interior primero + pieza menos restrictiva 2.9%, reinicios, interior primero 11.7%] (Knuth: ~2 días) | máximo colocado 52 de 64 | hilos 8 de 12
    ... 210.1 s | grupo 1/3 | 214717008 nodos | revisado 2.9%, faltan ~116 min [interior primero 1.5%, interior primero + pieza menos restrictiva 2.9%, reinicios, interior primero 11.7%] (Knuth: ~2 días) | máximo colocado 52 de 64 | hilos 8 de 12
    ... 212.1 s | grupo 1/3 | 216808583 nodos | revisado 2.9%, faltan ~117 min [interior primero 1.5%, interior primero + pieza menos restrictiva 2.9%, reinicios, interior primero 11.7%] (Knuth: ~2 días) | máximo colocado 52 de 64 | hilos 8 de 12
    ... 214.2 s | grupo 1/3 | 218827805 nodos | revisado 2.9%, faltan ~118 min [interior primero 1.5%, interior primero + pieza menos restrictiva 2.9%, reinicios, interior primero 11.7%] (Knuth: ~2 días) | máximo colocado 52 de 64 | hilos 8 de 12
    ... 216.2 s | grupo 1/3 | 220902225 nodos | revisado 2.9%, faltan ~119 min [interior primero 1.5%, interior primero + pieza menos restrictiva 2.9%, reinicios, interior primero 11.7%] (Knuth: ~2 días) | máximo colocado 52 de 64 | hilos 8 de 12
    ... 218.2 s | grupo 1/3 | 222948006 nodos | revisado 2.9%, faltan ~120 min [interior primero 1.5%, interior primero + pieza menos restrictiva 2.9%, reinicios, interior primero 12.5%] (Knuth: ~2 días) | máximo colocado 52 de 64 | hilos 8 de 12
    ... 220.2 s | grupo 1/3 | 225004217 nodos | revisado 2.9%, faltan ~2.0 h [interior primero 1.5%, interior primero + pieza menos restrictiva 2.9%, reinicios, interior primero 13.2%] (Knuth: ~2 días) | máximo colocado 52 de 64 | hilos 8 de 12
    ... 222.2 s | grupo 1/3 | 227063006 nodos | revisado 2.9%, faltan ~2.0 h [interior primero 1.5%, interior primero + pieza menos restrictiva 2.9%, reinicios, interior primero 13.2%] (Knuth: ~2 días) | máximo colocado 52 de 64 | hilos 8 de 12
    ... 224.2 s | grupo 1/3 | 229107116 nodos | revisado 2.9%, faltan ~2.1 h [interior primero 1.5%, interior primero + pieza menos restrictiva 2.9%, reinicios, interior primero 13.2%] (Knuth: ~2 días) | máximo colocado 52 de 64 | hilos 8 de 12
    ... 226.2 s | grupo 1/3 | 231164299 nodos | revisado 2.9%, faltan ~2.1 h [interior primero 1.5%, interior primero + pieza menos restrictiva 2.9%, reinicios, interior primero 13.2%] (Knuth: ~2 días) | máximo colocado 52 de 64 | hilos 8 de 12
    ... 228.2 s | grupo 1/3 | 233256169 nodos | revisado 2.9%, faltan ~2.1 h [interior primero 1.5%, interior primero + pieza menos restrictiva 2.9%, reinicios, interior primero 13.2%] (Knuth: ~2 días) | máximo colocado 52 de 64 | hilos 8 de 12
    ... 230.2 s | grupo 1/3 | 235302069 nodos | revisado 2.9%, faltan ~2.1 h [interior primero 1.5%, interior primero + pieza menos restrictiva 2.9%, reinicios, interior primero 13.2%] (Knuth: ~2 días) | máximo colocado 52 de 64 | hilos 8 de 12
    ... 232.3 s | grupo 1/3 | 237375543 nodos | revisado 2.9%, faltan ~2.1 h [interior primero 1.5%, interior primero + pieza menos restrictiva 2.9%, reinicios, interior primero 13.2%] (Knuth: ~2 días) | máximo colocado 52 de 64 | hilos 8 de 12
    ... 234.3 s | grupo 1/3 | 239353728 nodos | revisado 2.9%, faltan ~2.1 h [interior primero 1.5%, interior primero + pieza menos restrictiva 2.9%, reinicios, interior primero 13.2%] (Knuth: ~2 días) | máximo colocado 52 de 64 | hilos 8 de 12
    ... 236.3 s | grupo 1/3 | 241379436 nodos | revisado 2.9%, faltan ~2.2 h [interior primero 1.5%, interior primero + pieza menos restrictiva 2.9%, reinicios, interior primero 13.2%] (Knuth: ~2 días) | máximo colocado 52 de 64 | hilos 8 de 12
    ... 238.3 s | grupo 1/3 | 243471633 nodos | revisado 2.9%, faltan ~2.2 h [interior primero 1.5%, interior primero + pieza menos restrictiva 2.9%, reinicios, interior primero 13.2%] (Knuth: ~2 días) | máximo colocado 52 de 64 | hilos 8 de 12
    ... 240.3 s | grupo 1/3 | 245561954 nodos | revisado 2.9%, faltan ~2.2 h [interior primero 1.5%, interior primero + pieza menos restrictiva 2.9%, reinicios, interior primero 13.2%] (Knuth: ~2 días) | máximo colocado 52 de 64 | hilos 8 de 12
    ... 242.3 s | grupo 1/3 | 247599466 nodos | revisado 2.9%, faltan ~2.2 h [interior primero 1.5%, interior primero + pieza menos restrictiva 2.9%, reinicios, interior primero 13.2%] (Knuth: ~2 días) | máximo colocado 52 de 64 | hilos 8 de 12
    ... 244.3 s | grupo 1/3 | 249633167 nodos | revisado 2.9%, faltan ~2.2 h [interior primero 1.5%, interior primero + pieza menos restrictiva 2.9%, reinicios, interior primero 13.9%] (Knuth: ~2 días) | máximo colocado 52 de 64 | hilos 8 de 12
    ... 246.3 s | grupo 1/3 | 251786992 nodos | revisado 2.9%, faltan ~2.3 h [interior primero 1.5%, interior primero + pieza menos restrictiva 2.9%, reinicios, interior primero 13.9%] (Knuth: ~2 días) | máximo colocado 52 de 64 | hilos 8 de 12
    ... 248.3 s | grupo 1/3 | 253909426 nodos | revisado 2.9%, faltan ~2.3 h [interior primero 1.5%, interior primero + pieza menos restrictiva 2.9%, reinicios, interior primero 13.9%] (Knuth: ~2 días) | máximo colocado 52 de 64 | hilos 8 de 12
    ... 250.4 s | grupo 1/3 | 256043058 nodos | revisado 2.9%, faltan ~2.3 h [interior primero 1.5%, interior primero + pieza menos restrictiva 2.9%, reinicios, interior primero 13.9%] (Knuth: ~2 días) | máximo colocado 52 de 64 | hilos 8 de 12
    ... 252.4 s | grupo 1/3 | 258185485 nodos | revisado 2.9%, faltan ~2.3 h [interior primero 1.5%, interior primero + pieza menos restrictiva 2.9%, reinicios, interior primero 13.9%] (Knuth: ~2 días) | máximo colocado 52 de 64 | hilos 8 de 12
    ... 254.4 s | grupo 1/3 | 260273474 nodos | revisado 2.9%, faltan ~2.3 h [interior primero 1.5%, interior primero + pieza menos restrictiva 2.9%, reinicios, interior primero 14.7%] (Knuth: ~2 días) | máximo colocado 52 de 64 | hilos 8 de 12
    ... 256.4 s | grupo 1/3 | 262384609 nodos | revisado 2.9%, faltan ~2.4 h [interior primero 1.5%, interior primero + pieza menos restrictiva 2.9%, reinicios, interior primero 14.7%] (Knuth: ~2 días) | máximo colocado 52 de 64 | hilos 8 de 12
    ... 258.4 s | grupo 1/3 | 264530678 nodos | revisado 2.9%, faltan ~2.4 h [interior primero 1.5%, interior primero + pieza menos restrictiva 2.9%, reinicios, interior primero 14.7%] (Knuth: ~2 días) | máximo colocado 52 de 64 | hilos 8 de 12
    ... 260.4 s | grupo 1/3 | 266635872 nodos | revisado 2.9%, faltan ~2.4 h [interior primero 1.5%, interior primero + pieza menos restrictiva 2.9%, reinicios, interior primero 14.7%] (Knuth: ~2 días) | máximo colocado 52 de 64 | hilos 8 de 12
    ... 262.4 s | grupo 1/3 | 268731190 nodos | revisado 2.9%, faltan ~2.4 h [interior primero 1.5%, interior primero + pieza menos restrictiva 2.9%, reinicios, interior primero 14.7%] (Knuth: ~2 días) | máximo colocado 52 de 64 | hilos 8 de 12
    ... 264.5 s | grupo 1/3 | 270845010 nodos | revisado 2.9%, faltan ~2.4 h [interior primero 1.5%, interior primero + pieza menos restrictiva 2.9%, reinicios, interior primero 14.7%] (Knuth: ~2 días) | máximo colocado 52 de 64 | hilos 8 de 12
    ... 266.5 s | grupo 1/3 | 272961994 nodos | revisado 2.9%, faltan ~2.4 h [interior primero 1.5%, interior primero + pieza menos restrictiva 2.9%, reinicios, interior primero 14.7%] (Knuth: ~2 días) | máximo colocado 52 de 64 | hilos 8 de 12
    ... 268.5 s | grupo 1/3 | 275022889 nodos | revisado 2.9%, faltan ~2.5 h [interior primero 1.5%, interior primero + pieza menos restrictiva 2.9%, reinicios, interior primero 14.7%] (Knuth: ~2 días) | máximo colocado 52 de 64 | hilos 8 de 12
    ... 270.5 s | grupo 1/3 | 277143680 nodos | revisado 2.9%, faltan ~2.5 h [interior primero 1.5%, interior primero + pieza menos restrictiva 2.9%, reinicios, interior primero 14.7%] (Knuth: ~2 días) | máximo colocado 52 de 64 | hilos 8 de 12
    ... 272.5 s | grupo 1/3 | 279233961 nodos | revisado 2.9%, faltan ~2.5 h [interior primero 1.5%, interior primero + pieza menos restrictiva 2.9%, reinicios, interior primero 14.7%] (Knuth: ~2 días) | máximo colocado 52 de 64 | hilos 8 de 12
    ... 274.5 s | grupo 1/3 | 281315325 nodos | revisado 2.9%, faltan ~2.5 h [interior primero 1.5%, interior primero + pieza menos restrictiva 2.9%, reinicios, interior primero 14.7%] (Knuth: ~2 días) | máximo colocado 52 de 64 | hilos 8 de 12
    ... 276.5 s | grupo 1/3 | 283380215 nodos | revisado 2.9%, faltan ~2.5 h [interior primero 1.5%, interior primero + pieza menos restrictiva 2.9%, reinicios, interior primero 14.7%] (Knuth: ~2 días) | máximo colocado 52 de 64 | hilos 8 de 12
    ... 278.5 s | grupo 1/3 | 285444961 nodos | revisado 2.9%, faltan ~2.6 h [interior primero 1.5%, interior primero + pieza menos restrictiva 2.9%, reinicios, interior primero 14.7%] (Knuth: ~2 días) | máximo colocado 52 de 64 | hilos 8 de 12
    ... 280.5 s | grupo 1/3 | 287522556 nodos | revisado 2.9%, faltan ~2.6 h [interior primero 1.5%, interior primero + pieza menos restrictiva 2.9%, reinicios, interior primero 14.7%] (Knuth: ~2 días) | máximo colocado 52 de 64 | hilos 8 de 12
    ... 282.5 s | grupo 1/3 | 289618267 nodos | revisado 2.9%, faltan ~2.6 h [interior primero 1.5%, interior primero + pieza menos restrictiva 2.9%, reinicios, interior primero 14.7%] (Knuth: ~2 días) | máximo colocado 52 de 64 | hilos 8 de 12
    ... 284.5 s | grupo 1/3 | 291696856 nodos | revisado 2.9%, faltan ~2.6 h [interior primero 1.5%, interior primero + pieza menos restrictiva 2.9%, reinicios, interior primero 14.7%] (Knuth: ~2 días) | máximo colocado 52 de 64 | hilos 8 de 12
    ... 286.5 s | grupo 1/3 | 293752711 nodos | revisado 2.9%, faltan ~2.6 h [interior primero 1.5%, interior primero + pieza menos restrictiva 2.9%, reinicios, interior primero 14.7%] (Knuth: ~2 días) | máximo colocado 52 de 64 | hilos 8 de 12
    ... 288.6 s | grupo 1/3 | 295832177 nodos | revisado 2.9%, faltan ~2.7 h [interior primero 1.5%, interior primero + pieza menos restrictiva 2.9%, reinicios, interior primero 15.4%] (Knuth: ~2 días) | máximo colocado 53 de 64 | hilos 8 de 12
    ... 290.6 s | grupo 1/3 | 297930668 nodos | revisado 2.9%, faltan ~2.7 h [interior primero 1.5%, interior primero + pieza menos restrictiva 2.9%, reinicios, interior primero 15.4%] (Knuth: ~2 días) | máximo colocado 53 de 64 | hilos 8 de 12
    ... 292.6 s | grupo 1/3 | 300005450 nodos | revisado 2.9%, faltan ~2.7 h [interior primero 1.5%, interior primero + pieza menos restrictiva 2.9%, reinicios, interior primero 15.4%] (Knuth: ~2 días) | máximo colocado 53 de 64 | hilos 8 de 12
    ... 294.6 s | grupo 1/3 | 302016022 nodos | revisado 2.9%, faltan ~2.7 h [interior primero 1.5%, interior primero + pieza menos restrictiva 2.9%, reinicios, interior primero 15.4%] (Knuth: ~2 días) | máximo colocado 53 de 64 | hilos 8 de 12
    ... 296.6 s | grupo 1/3 | 304103082 nodos | revisado 2.9%, faltan ~2.7 h [interior primero 1.5%, interior primero + pieza menos restrictiva 2.9%, reinicios, interior primero 15.4%] (Knuth: ~2 días) | máximo colocado 53 de 64 | hilos 8 de 12
    ... 298.6 s | grupo 1/3 | 306176479 nodos | revisado 2.9%, faltan ~2.7 h [interior primero 1.5%, interior primero + pieza menos restrictiva 2.9%, reinicios, interior primero 15.4%] (Knuth: ~2 días) | máximo colocado 53 de 64 | hilos 8 de 12
[4] Grupo 1: cortado por límite de tiempo
[5] Tiempo total: 5 min
RESULTADO resuelto=0 ms=300018.9 marcos=0 nodos=307633152 grupos=1/3 hilos=12 t_marcos=0.000 t_interior=296.989 lados=0 unificado=1 max_colocadas=53 motivo=limite
