[0] Tablero 8x8, 10 colores, 12 hilos
[1] Esquina fija (3,2). 3 grupos, orden por coste: 2.04e+22 2.04e+22 2.04e+22
    grupo 1, orden menos opciones: estimado 4.97e+13 nodos
    grupo 1, orden interior primero: estimado 1.45e+13 nodos
    grupo 2, orden menos opciones: estimado 3.86e+13 nodos
    grupo 2, orden interior primero: estimado 1.99e+13 nodos
    grupo 3, orden menos opciones: estimado 1.77e+13 nodos
    grupo 3, orden interior primero: estimado 1.85e+13 nodos
[1] Estimado de Knuth por grupo (nodos): 1.45e+13(i) 3.86e+13 1.77e+13   (i) = interior primero
[2] Grupo 1/3: ruta unificada (mapas por lado), orden: PORTAFOLIO de 4 equipos (2 órdenes, normal y al azar)
    ... 5.1 s | grupo 1/3 | 2212487 nodos | revisado 8.50e-06%, faltan ~274 días [interior primero 8.50e-06%, interior primero + pieza menos restrictiva 1.49e-07%, reinicios, interior primero 1.7%] (Knuth: ~152 días) | máximo colocado 52 de 64 | hilos 8 de 12
    ... 7.1 s | grupo 1/3 | 4455795 nodos | revisado 1.29e-05%, faltan ~361 días [interior primero 1.29e-05%, interior primero + pieza menos restrictiva 2.65e-07%, reinicios, interior primero 2.6%] (Knuth: ~151 días) | máximo colocado 52 de 64 | hilos 8 de 12
    ... 9.1 s | grupo 1/3 | 6751326 nodos | revisado 2.27e-05%, faltan ~308 días [interior primero 2.27e-05%, interior primero + pieza menos restrictiva 3.56e-07%, reinicios, interior primero 2.6%] (Knuth: ~150 días) | máximo colocado 52 de 64 | hilos 8 de 12
    ... 11.1 s | grupo 1/3 | 9011577 nodos | revisado 2.80e-05%, faltan ~333 días [interior primero 2.80e-05%, interior primero + pieza menos restrictiva 4.52e-07%, reinicios, interior primero 2.6%] (Knuth: ~150 días) | máximo colocado 52 de 64 | hilos 8 de 12
    ... 13.1 s | grupo 1/3 | 11256714 nodos | revisado 3.40e-05%, faltan ~343 días [interior primero 3.40e-05%, interior primero + pieza menos restrictiva 6.03e-07%, reinicios, interior primero 4.3%] (Knuth: ~150 días) | máximo colocado 53 de 64 | hilos 8 de 12
    ... 15.1 s | grupo 1/3 | 13522009 nodos | revisado 4.09e-05%, faltan ~342 días [interior primero 4.09e-05%, interior primero + pieza menos restrictiva 7.03e-07%, reinicios, interior primero 4.3%] (Knuth: ~149 días) | máximo colocado 53 de 64 | hilos 8 de 12
    ... 17.1 s | grupo 1/3 | 15695143 nodos | revisado 4.48e-05%, faltan ~364 días [interior primero 4.48e-05%, interior primero + pieza menos restrictiva 9.14e-07%, reinicios, interior primero 4.3%] (Knuth: ~150 días) | máximo colocado 53 de 64 | hilos 8 de 12
    ... 19.2 s | grupo 1/3 | 17974815 nodos | revisado 4.82e-05%, faltan ~387 días [interior primero 4.82e-05%, interior primero + pieza menos restrictiva 1.01e-06%, reinicios, interior primero 4.3%] (Knuth: ~150 días) | máximo colocado 53 de 64 | hilos 8 de 12
    ... 21.2 s | grupo 1/3 | 20202574 nodos | revisado 5.58e-05%, faltan ~376 días [interior primero 5.58e-05%, interior primero + pieza menos restrictiva 1.11e-06%, reinicios, interior primero 5.1%] (Knuth: ~150 días) | máximo colocado 53 de 64 | hilos 8 de 12
    ... 23.2 s | grupo 1/3 | 22430433 nodos | revisado 8.48e-05%, faltan ~275 días [interior primero 8.48e-05%, interior primero + pieza menos restrictiva 1.20e-06%, reinicios, interior primero 6.0%] (Knuth: ~150 días) | máximo colocado 53 de 64 | hilos 8 de 12
    ... 25.2 s | grupo 1/3 | 24152661 nodos | revisado 9.10e-05%, faltan ~282 días [interior primero 9.10e-05%, interior primero + pieza menos restrictiva 1.29e-06%, reinicios, interior primero 6.8%] (Knuth: ~153 días) | máximo colocado 53 de 64 | hilos 8 de 12
    ... 27.2 s | grupo 1/3 | 26183556 nodos | revisado 9.87e-05%, faltan ~283 días [interior primero 9.87e-05%, interior primero + pieza menos restrictiva 1.38e-06%, reinicios, interior primero 7.7%] (Knuth: ~154 días) | máximo colocado 53 de 64 | hilos 8 de 12
    ... 29.2 s | grupo 1/3 | 28414198 nodos | revisado 1.04e-04%, faltan ~291 días [interior primero 1.04e-04%, interior primero + pieza menos restrictiva 1.52e-06%, reinicios, interior primero 8.6%] (Knuth: ~154 días) | máximo colocado 53 de 64 | hilos 8 de 12
    ... 31.2 s | grupo 1/3 | 30655838 nodos | revisado 1.38e-04%, faltan ~237 días [interior primero 1.38e-04%, interior primero + pieza menos restrictiva 1.67e-06%, reinicios, interior primero 8.6%] (Knuth: ~154 días) | máximo colocado 53 de 64 | hilos 8 de 12
    ... 33.2 s | grupo 1/3 | 32883992 nodos | revisado 1.42e-04%, faltan ~245 días [interior primero 1.42e-04%, interior primero + pieza menos restrictiva 1.82e-06%, reinicios, interior primero 10.3%] (Knuth: ~154 días) | máximo colocado 53 de 64 | hilos 8 de 12
    ... 35.2 s | grupo 1/3 | 35099229 nodos | revisado 1.47e-04%, faltan ~253 días [interior primero 1.47e-04%, interior primero + pieza menos restrictiva 1.93e-06%, reinicios, interior primero 10.3%] (Knuth: ~153 días) | máximo colocado 53 de 64 | hilos 8 de 12
    ... 37.2 s | grupo 1/3 | 37373573 nodos | revisado 1.51e-04%, faltan ~262 días [interior primero 1.51e-04%, interior primero + pieza menos restrictiva 2.01e-06%, reinicios, interior primero 10.3%] (Knuth: ~153 días) | máximo colocado 53 de 64 | hilos 8 de 12
    ... 39.2 s | grupo 1/3 | 39592070 nodos | revisado 1.59e-04%, faltan ~264 días [interior primero 1.59e-04%, interior primero + pieza menos restrictiva 2.14e-06%, reinicios, interior primero 11.1%] (Knuth: ~153 días) | máximo colocado 53 de 64 | hilos 8 de 12
    ... 41.2 s | grupo 1/3 | 41806021 nodos | revisado 1.63e-04%, faltan ~271 días [interior primero 1.63e-04%, interior primero + pieza menos restrictiva 2.75e-06%, reinicios, interior primero 12.0%] (Knuth: ~153 días) | máximo colocado 53 de 64 | hilos 8 de 12
    ... 43.2 s | grupo 1/3 | 44045366 nodos | revisado 1.69e-04%, faltan ~275 días [interior primero 1.69e-04%, interior primero + pieza menos restrictiva 2.90e-06%, reinicios, interior primero 12.8%] (Knuth: ~153 días) | máximo colocado 53 de 64 | hilos 8 de 12
    ... 45.2 s | grupo 1/3 | 46300370 nodos | revisado 1.79e-04%, faltan ~273 días [interior primero 1.79e-04%, interior primero + pieza menos restrictiva 3.16e-06%, reinicios, interior primero 12.8%] (Knuth: ~153 días) | máximo colocado 53 de 64 | hilos 8 de 12
    ... 47.2 s | grupo 1/3 | 48583218 nodos | revisado 1.83e-04%, faltan ~280 días [interior primero 1.83e-04%, interior primero + pieza menos restrictiva 3.49e-06%, reinicios, interior primero 13.7%] (Knuth: ~152 días) | máximo colocado 54 de 64 | hilos 8 de 12
    ... 49.2 s | grupo 1/3 | 50836814 nodos | revisado 1.86e-04%, faltan ~287 días [interior primero 1.86e-04%, interior primero + pieza menos restrictiva 3.81e-06%, reinicios, interior primero 14.5%] (Knuth: ~152 días) | máximo colocado 54 de 64 | hilos 8 de 12
    ... 51.3 s | grupo 1/3 | 53117736 nodos | revisado 1.91e-04%, faltan ~292 días [interior primero 1.91e-04%, interior primero + pieza menos restrictiva 4.08e-06%, reinicios, interior primero 15.4%] (Knuth: ~152 días) | máximo colocado 54 de 64 | hilos 8 de 12
    ... 53.3 s | grupo 1/3 | 55393566 nodos | revisado 1.97e-04%, faltan ~295 días [interior primero 1.97e-04%, interior primero + pieza menos restrictiva 4.40e-06%, reinicios, interior primero 15.4%] (Knuth: ~152 días) | máximo colocado 54 de 64 | hilos 8 de 12
    ... 55.3 s | grupo 1/3 | 57615503 nodos | revisado 2.28e-04%, faltan ~265 días [interior primero 2.28e-04%, interior primero + pieza menos restrictiva 4.67e-06%, reinicios, interior primero 15.4%] (Knuth: ~152 días) | máximo colocado 54 de 64 | hilos 8 de 12
    ... 57.3 s | grupo 1/3 | 59869240 nodos | revisado 2.32e-04%, faltan ~270 días [interior primero 2.32e-04%, interior primero + pieza menos restrictiva 5.48e-06%, reinicios, interior primero 17.1%] (Knuth: ~152 días) | máximo colocado 54 de 64 | hilos 8 de 12
    ... 59.3 s | grupo 1/3 | 62099931 nodos | revisado 2.35e-04%, faltan ~277 días [interior primero 2.35e-04%, interior primero + pieza menos restrictiva 5.83e-06%, reinicios, interior primero 18.8%] (Knuth: ~152 días) | máximo colocado 54 de 64 | hilos 8 de 12
    ... 61.3 s | grupo 1/3 | 64334154 nodos | revisado 2.39e-04%, faltan ~282 días [interior primero 2.39e-04%, interior primero + pieza menos restrictiva 6.15e-06%, reinicios, interior primero 18.8%] (Knuth: ~151 días) | máximo colocado 54 de 64 | hilos 8 de 12
    ... 63.3 s | grupo 1/3 | 66574055 nodos | revisado 2.44e-04%, faltan ~285 días [interior primero 2.44e-04%, interior primero + pieza menos restrictiva 6.83e-06%, reinicios, interior primero 18.8%] (Knuth: ~151 días) | máximo colocado 54 de 64 | hilos 8 de 12
    ... 65.3 s | grupo 1/3 | 68796801 nodos | revisado 2.55e-04%, faltan ~283 días [interior primero 2.55e-04%, interior primero + pieza menos restrictiva 7.15e-06%, reinicios, interior primero 18.8%] (Knuth: ~151 días) | máximo colocado 54 de 64 | hilos 8 de 12
    ... 67.3 s | grupo 1/3 | 71016728 nodos | revisado 2.56e-04%, faltan ~291 días [interior primero 2.56e-04%, interior primero + pieza menos restrictiva 7.39e-06%, reinicios, interior primero 18.8%] (Knuth: ~151 días) | máximo colocado 54 de 64 | hilos 8 de 12
    ... 69.3 s | grupo 1/3 | 73228931 nodos | revisado 2.58e-04%, faltan ~297 días [interior primero 2.58e-04%, interior primero + pieza menos restrictiva 7.72e-06%, reinicios, interior primero 19.7%] (Knuth: ~151 días) | máximo colocado 54 de 64 | hilos 8 de 12
    ... 71.3 s | grupo 1/3 | 75456334 nodos | revisado 2.60e-04%, faltan ~304 días [interior primero 2.60e-04%, interior primero + pieza menos restrictiva 7.96e-06%, reinicios, interior primero 20.5%] (Knuth: ~151 días) | máximo colocado 54 de 64 | hilos 8 de 12
    ... 73.3 s | grupo 1/3 | 77667615 nodos | revisado 2.63e-04%, faltan ~309 días [interior primero 2.63e-04%, interior primero + pieza menos restrictiva 8.15e-06%, reinicios, interior primero 21.4%] (Knuth: ~151 días) | máximo colocado 54 de 64 | hilos 8 de 12
    ... 75.3 s | grupo 1/3 | 79885977 nodos | revisado 2.65e-04%, faltan ~316 días [interior primero 2.65e-04%, interior primero + pieza menos restrictiva 8.38e-06%, reinicios, interior primero 21.4%] (Knuth: ~151 días) | máximo colocado 54 de 64 | hilos 8 de 12
    ... 77.3 s | grupo 1/3 | 82128916 nodos | revisado 2.67e-04%, faltan ~321 días [interior primero 2.67e-04%, interior primero + pieza menos restrictiva 9.41e-06%, reinicios, interior primero 21.4%] (Knuth: ~151 días) | máximo colocado 54 de 64 | hilos 8 de 12
    ... 79.3 s | grupo 1/3 | 84356806 nodos | revisado 2.68e-04%, faltan ~329 días [interior primero 2.68e-04%, interior primero + pieza menos restrictiva 9.47e-06%, reinicios, interior primero 21.4%] (Knuth: ~151 días) | máximo colocado 54 de 64 | hilos 8 de 12
    ... 81.3 s | grupo 1/3 | 86573238 nodos | revisado 2.69e-04%, faltan ~336 días [interior primero 2.69e-04%, interior primero + pieza menos restrictiva 9.52e-06%, reinicios, interior primero 21.4%] (Knuth: ~151 días) | máximo colocado 54 de 64 | hilos 8 de 12
    ... 83.3 s | grupo 1/3 | 88794499 nodos | revisado 2.71e-04%, faltan ~343 días [interior primero 2.71e-04%, interior primero + pieza menos restrictiva 9.60e-06%, reinicios, interior primero 21.4%] (Knuth: ~151 días) | máximo colocado 54 de 64 | hilos 8 de 12
    ... 85.3 s | grupo 1/3 | 90994527 nodos | revisado 2.73e-04%, faltan ~349 días [interior primero 2.73e-04%, interior primero + pieza menos restrictiva 9.65e-06%, reinicios, interior primero 21.4%] (Knuth: ~151 días) | máximo colocado 54 de 64 | hilos 8 de 12
    ... 87.3 s | grupo 1/3 | 93211722 nodos | revisado 2.76e-04%, faltan ~353 días [interior primero 2.76e-04%, interior primero + pieza menos restrictiva 9.84e-06%, reinicios, interior primero 21.4%] (Knuth: ~151 días) | máximo colocado 54 de 64 | hilos 8 de 12
    ... 89.3 s | grupo 1/3 | 95429695 nodos | revisado 3.03e-04%, faltan ~330 días [interior primero 3.03e-04%, interior primero + pieza menos restrictiva 1.01e-05%, reinicios, interior primero 21.4%] (Knuth: ~151 días) | máximo colocado 54 de 64 | hilos 8 de 12
    ... 91.3 s | grupo 1/3 | 97654694 nodos | revisado 3.07e-04%, faltan ~333 días [interior primero 3.07e-04%, interior primero + pieza menos restrictiva 1.01e-05%, reinicios, interior primero 21.4%] (Knuth: ~151 días) | máximo colocado 54 de 64 | hilos 8 de 12
    ... 93.3 s | grupo 1/3 | 99885328 nodos | revisado 3.11e-04%, faltan ~336 días [interior primero 3.11e-04%, interior primero + pieza menos restrictiva 1.02e-05%, reinicios, interior primero 21.4%] (Knuth: ~151 días) | máximo colocado 54 de 64 | hilos 8 de 12
    ... 95.3 s | grupo 1/3 | 102118672 nodos | revisado 3.13e-04%, faltan ~341 días [interior primero 3.13e-04%, interior primero + pieza menos restrictiva 1.03e-05%, reinicios, interior primero 22.2%] (Knuth: ~151 días) | máximo colocado 54 de 64 | hilos 8 de 12
    ... 97.4 s | grupo 1/3 | 104371118 nodos | revisado 3.14e-04%, faltan ~348 días [interior primero 3.14e-04%, interior primero + pieza menos restrictiva 1.04e-05%, reinicios, interior primero 22.2%] (Knuth: ~151 días) | máximo colocado 54 de 64 | hilos 8 de 12
    ... 99.4 s | grupo 1/3 | 106574610 nodos | revisado 3.16e-04%, faltan ~353 días [interior primero 3.16e-04%, interior primero + pieza menos restrictiva 1.06e-05%, reinicios, interior primero 22.2%] (Knuth: ~151 días) | máximo colocado 54 de 64 | hilos 8 de 12
    ... 101.4 s | grupo 1/3 | 108771104 nodos | revisado 3.17e-04%, faltan ~358 días [interior primero 3.17e-04%, interior primero + pieza menos restrictiva 1.07e-05%, reinicios, interior primero 22.3%] (Knuth: ~151 días) | máximo colocado 54 de 64 | hilos 8 de 12
    ... 103.4 s | grupo 1/3 | 110973761 nodos | revisado 3.21e-04%, faltan ~362 días [interior primero 3.21e-04%, interior primero + pieza menos restrictiva 1.08e-05%, reinicios, interior primero 24.0%] (Knuth: ~151 días) | máximo colocado 54 de 64 | hilos 8 de 12
    ... 105.4 s | grupo 1/3 | 113183218 nodos | revisado 3.23e-04%, faltan ~366 días [interior primero 3.23e-04%, interior primero + pieza menos restrictiva 1.10e-05%, reinicios, interior primero 24.9%] (Knuth: ~151 días) | máximo colocado 54 de 64 | hilos 8 de 12
    ... 107.4 s | grupo 1/3 | 115401172 nodos | revisado 3.26e-04%, faltan ~371 días [interior primero 3.26e-04%, interior primero + pieza menos restrictiva 1.11e-05%, reinicios, interior primero 24.9%] (Knuth: ~151 días) | máximo colocado 54 de 64 | hilos 8 de 12
    ... 109.4 s | grupo 1/3 | 117631806 nodos | revisado 3.29e-04%, faltan ~374 días [interior primero 3.29e-04%, interior primero + pieza menos restrictiva 1.12e-05%, reinicios, interior primero 25.7%] (Knuth: ~151 días) | máximo colocado 54 de 64 | hilos 8 de 12
    ... 111.4 s | grupo 1/3 | 119867008 nodos | revisado 3.32e-04%, faltan ~378 días [interior primero 3.32e-04%, interior primero + pieza menos restrictiva 1.13e-05%, reinicios, interior primero 26.6%] (Knuth: ~151 días) | máximo colocado 54 de 64 | hilos 8 de 12
    ... 113.4 s | grupo 1/3 | 122096546 nodos | revisado 3.34e-04%, faltan ~382 días [interior primero 3.34e-04%, interior primero + pieza menos restrictiva 1.14e-05%, reinicios, interior primero 26.6%] (Knuth: ~151 días) | máximo colocado 54 de 64 | hilos 8 de 12
    ... 115.4 s | grupo 1/3 | 124240529 nodos | revisado 3.35e-04%, faltan ~388 días [interior primero 3.35e-04%, interior primero + pieza menos restrictiva 1.15e-05%, reinicios, interior primero 26.6%] (Knuth: ~151 días) | máximo colocado 54 de 64 | hilos 8 de 12
    ... 117.4 s | grupo 1/3 | 126472655 nodos | revisado 3.37e-04%, faltan ~393 días [interior primero 3.37e-04%, interior primero + pieza menos restrictiva 1.15e-05%, reinicios, interior primero 27.5%] (Knuth: ~151 días) | máximo colocado 54 de 64 | hilos 8 de 12
    ... 119.4 s | grupo 1/3 | 128701158 nodos | revisado 3.39e-04%, faltan ~398 días [interior primero 3.39e-04%, interior primero + pieza menos restrictiva 1.16e-05%, reinicios, interior primero 27.5%] (Knuth: ~151 días) | máximo colocado 54 de 64 | hilos 8 de 12
    ... 121.4 s | grupo 1/3 | 130925719 nodos | revisado 3.40e-04%, faltan ~403 días [interior primero 3.40e-04%, interior primero + pieza menos restrictiva 1.17e-05%, reinicios, interior primero 28.3%] (Knuth: ~151 días) | máximo colocado 54 de 64 | hilos 8 de 12
    ... 123.4 s | grupo 1/3 | 133202252 nodos | revisado 3.41e-04%, faltan ~409 días [interior primero 3.41e-04%, interior primero + pieza menos restrictiva 1.18e-05%, reinicios, interior primero 28.3%] (Knuth: ~151 días) | máximo colocado 54 de 64 | hilos 8 de 12
    ... 125.4 s | grupo 1/3 | 135400126 nodos | revisado 3.42e-04%, faltan ~414 días [interior primero 3.42e-04%, interior primero + pieza menos restrictiva 1.19e-05%, reinicios, interior primero 28.3%] (Knuth: ~151 días) | máximo colocado 54 de 64 | hilos 8 de 12
    ... 127.4 s | grupo 1/3 | 137639068 nodos | revisado 3.43e-04%, faltan ~420 días [interior primero 3.43e-04%, interior primero + pieza menos restrictiva 1.19e-05%, reinicios, interior primero 28.3%] (Knuth: ~151 días) | máximo colocado 54 de 64 | hilos 8 de 12
    ... 129.4 s | grupo 1/3 | 139879938 nodos | revisado 3.44e-04%, faltan ~426 días [interior primero 3.44e-04%, interior primero + pieza menos restrictiva 1.20e-05%, reinicios, interior primero 30.0%] (Knuth: ~151 días) | máximo colocado 54 de 64 | hilos 8 de 12
    ... 131.4 s | grupo 1/3 | 142108710 nodos | revisado 3.45e-04%, faltan ~430 días [interior primero 3.45e-04%, interior primero + pieza menos restrictiva 1.21e-05%, reinicios, interior primero 30.0%] (Knuth: ~151 días) | máximo colocado 54 de 64 | hilos 8 de 12
    ... 133.4 s | grupo 1/3 | 144309807 nodos | revisado 3.46e-04%, faltan ~436 días [interior primero 3.46e-04%, interior primero + pieza menos restrictiva 1.23e-05%, reinicios, interior primero 30.0%] (Knuth: ~151 días) | máximo colocado 54 de 64 | hilos 8 de 12
    ... 135.4 s | grupo 1/3 | 146522661 nodos | revisado 4.60e-04%, faltan ~333 días [interior primero 4.60e-04%, interior primero + pieza menos restrictiva 1.23e-05%, reinicios, interior primero 30.0%] (Knuth: ~151 días) | máximo colocado 54 de 64 | hilos 8 de 12
    ... 137.4 s | grupo 1/3 | 148771106 nodos | revisado 4.63e-04%, faltan ~336 días [interior primero 4.63e-04%, interior primero + pieza menos restrictiva 1.24e-05%, reinicios, interior primero 30.9%] (Knuth: ~151 días) | máximo colocado 54 de 64 | hilos 8 de 12
    ... 139.4 s | grupo 1/3 | 150978096 nodos | revisado 4.66e-04%, faltan ~339 días [interior primero 4.66e-04%, interior primero + pieza menos restrictiva 1.26e-05%, reinicios, interior primero 30.9%] (Knuth: ~151 días) | máximo colocado 54 de 64 | hilos 8 de 12
    ... 141.5 s | grupo 1/3 | 153232760 nodos | revisado 4.69e-04%, faltan ~342 días [interior primero 4.69e-04%, interior primero + pieza menos restrictiva 1.28e-05%, reinicios, interior primero 30.9%] (Knuth: ~151 días) | máximo colocado 54 de 64 | hilos 8 de 12
    ... 143.5 s | grupo 1/3 | 155456222 nodos | revisado 4.71e-04%, faltan ~345 días [interior primero 4.71e-04%, interior primero + pieza menos restrictiva 1.28e-05%, reinicios, interior primero 30.9%] (Knuth: ~151 días) | máximo colocado 54 de 64 | hilos 8 de 12
    ... 145.5 s | grupo 1/3 | 157688031 nodos | revisado 4.73e-04%, faltan ~348 días [interior primero 4.73e-04%, interior primero + pieza menos restrictiva 1.29e-05%, reinicios, interior primero 30.9%] (Knuth: ~151 días) | máximo colocado 54 de 64 | hilos 8 de 12
    ... 147.5 s | grupo 1/3 | 159932164 nodos | revisado 4.76e-04%, faltan ~351 días [interior primero 4.76e-04%, interior primero + pieza menos restrictiva 1.30e-05%, reinicios, interior primero 30.9%] (Knuth: ~151 días) | máximo colocado 54 de 64 | hilos 8 de 12
    ... 149.5 s | grupo 1/3 | 162163052 nodos | revisado 4.80e-04%, faltan ~353 días [interior primero 4.80e-04%, interior primero + pieza menos restrictiva 1.30e-05%, reinicios, interior primero 30.9%] (Knuth: ~151 días) | máximo colocado 54 de 64 | hilos 8 de 12
    ... 151.5 s | grupo 1/3 | 164376265 nodos | revisado 4.84e-04%, faltan ~355 días [interior primero 4.84e-04%, interior primero + pieza menos restrictiva 1.31e-05%, reinicios, interior primero 30.9%] (Knuth: ~151 días) | máximo colocado 54 de 64 | hilos 8 de 12
    ... 153.5 s | grupo 1/3 | 166620629 nodos | revisado 4.87e-04%, faltan ~357 días [interior primero 4.87e-04%, interior primero + pieza menos restrictiva 1.34e-05%, reinicios, interior primero 30.9%] (Knuth: ~151 días) | máximo colocado 54 de 64 | hilos 8 de 12
    ... 155.5 s | grupo 1/3 | 168819749 nodos | revisado 4.90e-04%, faltan ~360 días [interior primero 4.90e-04%, interior primero + pieza menos restrictiva 1.36e-05%, reinicios, interior primero 30.9%] (Knuth: ~151 días) | máximo colocado 54 de 64 | hilos 8 de 12
    ... 157.5 s | grupo 1/3 | 171038539 nodos | revisado 4.92e-04%, faltan ~364 días [interior primero 4.92e-04%, interior primero + pieza menos restrictiva 1.39e-05%, reinicios, interior primero 30.9%] (Knuth: ~151 días) | máximo colocado 54 de 64 | hilos 8 de 12
    ... 159.5 s | grupo 1/3 | 173271081 nodos | revisado 4.95e-04%, faltan ~366 días [interior primero 4.95e-04%, interior primero + pieza menos restrictiva 1.40e-05%, reinicios, interior primero 30.9%] (Knuth: ~151 días) | máximo colocado 54 de 64 | hilos 8 de 12
    ... 161.5 s | grupo 1/3 | 175478090 nodos | revisado 4.98e-04%, faltan ~368 días [interior primero 4.98e-04%, interior primero + pieza menos restrictiva 1.41e-05%, reinicios, interior primero 30.9%] (Knuth: ~151 días) | máximo colocado 54 de 64 | hilos 8 de 12
    ... 163.5 s | grupo 1/3 | 177686591 nodos | revisado 5.00e-04%, faltan ~372 días [interior primero 5.00e-04%, interior primero + pieza menos restrictiva 1.41e-05%, reinicios, interior primero 30.9%] (Knuth: ~151 días) | máximo colocado 54 de 64 | hilos 8 de 12
    ... 165.5 s | grupo 1/3 | 179908978 nodos | revisado 5.01e-04%, faltan ~375 días [interior primero 5.01e-04%, interior primero + pieza menos restrictiva 1.42e-05%, reinicios, interior primero 31.7%] (Knuth: ~151 días) | máximo colocado 54 de 64 | hilos 8 de 12
    ... 167.5 s | grupo 1/3 | 182120780 nodos | revisado 5.02e-04%, faltan ~379 días [interior primero 5.02e-04%, interior primero + pieza menos restrictiva 1.42e-05%, reinicios, interior primero 31.7%] (Knuth: ~151 días) | máximo colocado 54 de 64 | hilos 8 de 12
    ... 169.5 s | grupo 1/3 | 184314135 nodos | revisado 5.11e-04%, faltan ~377 días [interior primero 5.11e-04%, interior primero + pieza menos restrictiva 1.43e-05%, reinicios, interior primero 32.6%] (Knuth: ~151 días) | máximo colocado 54 de 64 | hilos 8 de 12
    ... 171.5 s | grupo 1/3 | 186525037 nodos | revisado 8.01e-04%, faltan ~243 días [interior primero 8.01e-04%, interior primero + pieza menos restrictiva 1.43e-05%, reinicios, interior primero 32.6%] (Knuth: ~151 días) | máximo colocado 54 de 64 | hilos 8 de 12
    ... 173.5 s | grupo 1/3 | 188705147 nodos | revisado 8.06e-04%, faltan ~245 días [interior primero 8.06e-04%, interior primero + pieza menos restrictiva 1.44e-05%, reinicios, interior primero 32.6%] (Knuth: ~151 días) | máximo colocado 54 de 64 | hilos 8 de 12
    ... 175.5 s | grupo 1/3 | 190878960 nodos | revisado 8.09e-04%, faltan ~247 días [interior primero 8.09e-04%, interior primero + pieza menos restrictiva 1.45e-05%, reinicios, interior primero 32.6%] (Knuth: ~151 días) | máximo colocado 54 de 64 | hilos 8 de 12
    ... 177.5 s | grupo 1/3 | 193111004 nodos | revisado 8.12e-04%, faltan ~249 días [interior primero 8.12e-04%, interior primero + pieza menos restrictiva 1.46e-05%, reinicios, interior primero 32.6%] (Knuth: ~151 días) | máximo colocado 54 de 64 | hilos 8 de 12
    ... 179.5 s | grupo 1/3 | 195335516 nodos | revisado 8.17e-04%, faltan ~250 días [interior primero 8.17e-04%, interior primero + pieza menos restrictiva 1.46e-05%, reinicios, interior primero 32.6%] (Knuth: ~151 días) | máximo colocado 54 de 64 | hilos 8 de 12
    ... 181.5 s | grupo 1/3 | 197560607 nodos | revisado 8.31e-04%, faltan ~249 días [interior primero 8.31e-04%, interior primero + pieza menos restrictiva 1.50e-05%, reinicios, interior primero 32.6%] (Knuth: ~151 días) | máximo colocado 54 de 64 | hilos 8 de 12
    ... 183.5 s | grupo 1/3 | 199754686 nodos | revisado 8.40e-04%, faltan ~249 días [interior primero 8.40e-04%, interior primero + pieza menos restrictiva 1.51e-05%, reinicios, interior primero 32.6%] (Knuth: ~151 días) | máximo colocado 54 de 64 | hilos 8 de 12
    ... 185.6 s | grupo 1/3 | 201965232 nodos | revisado 8.45e-04%, faltan ~250 días [interior primero 8.45e-04%, interior primero + pieza menos restrictiva 1.52e-05%, reinicios, interior primero 32.6%] (Knuth: ~151 días) | máximo colocado 54 de 64 | hilos 8 de 12
    ... 187.6 s | grupo 1/3 | 204174977 nodos | revisado 8.48e-04%, faltan ~252 días [interior primero 8.48e-04%, interior primero + pieza menos restrictiva 1.53e-05%, reinicios, interior primero 32.6%] (Knuth: ~151 días) | máximo colocado 54 de 64 | hilos 8 de 12
    ... 189.6 s | grupo 1/3 | 206396182 nodos | revisado 8.52e-04%, faltan ~253 días [interior primero 8.52e-04%, interior primero + pieza menos restrictiva 1.55e-05%, reinicios, interior primero 32.6%] (Knuth: ~151 días) | máximo colocado 54 de 64 | hilos 8 de 12
    ... 191.6 s | grupo 1/3 | 208597825 nodos | revisado 8.66e-04%, faltan ~252 días [interior primero 8.66e-04%, interior primero + pieza menos restrictiva 1.58e-05%, reinicios, interior primero 33.4%] (Knuth: ~151 días) | máximo colocado 54 de 64 | hilos 8 de 12
    ... 193.6 s | grupo 1/3 | 210804263 nodos | revisado 8.69e-04%, faltan ~254 días [interior primero 8.69e-04%, interior primero + pieza menos restrictiva 1.61e-05%, reinicios, interior primero 33.4%] (Knuth: ~151 días) | máximo colocado 54 de 64 | hilos 8 de 12
    ... 195.6 s | grupo 1/3 | 213033397 nodos | revisado 8.75e-04%, faltan ~255 días [interior primero 8.75e-04%, interior primero + pieza menos restrictiva 1.61e-05%, reinicios, interior primero 33.4%] (Knuth: ~151 días) | máximo colocado 54 de 64 | hilos 8 de 12
    ... 197.6 s | grupo 1/3 | 215261905 nodos | revisado 8.78e-04%, faltan ~257 días [interior primero 8.78e-04%, interior primero + pieza menos restrictiva 1.63e-05%, reinicios, interior primero 34.3%] (Knuth: ~151 días) | máximo colocado 54 de 64 | hilos 8 de 12
    ... 199.6 s | grupo 1/3 | 217486428 nodos | revisado 8.82e-04%, faltan ~258 días [interior primero 8.82e-04%, interior primero + pieza menos restrictiva 1.66e-05%, reinicios, interior primero 34.3%] (Knuth: ~151 días) | máximo colocado 54 de 64 | hilos 8 de 12
    ... 201.6 s | grupo 1/3 | 219714709 nodos | revisado 8.99e-04%, faltan ~255 días [interior primero 8.99e-04%, interior primero + pieza menos restrictiva 1.75e-05%, reinicios, interior primero 35.2%] (Knuth: ~151 días) | máximo colocado 54 de 64 | hilos 8 de 12
    ... 203.6 s | grupo 1/3 | 221943950 nodos | revisado 9.08e-04%, faltan ~256 días [interior primero 9.08e-04%, interior primero + pieza menos restrictiva 1.76e-05%, reinicios, interior primero 35.2%] (Knuth: ~151 días) | máximo colocado 54 de 64 | hilos 8 de 12
    ... 205.6 s | grupo 1/3 | 224188309 nodos | revisado 9.16e-04%, faltan ~256 días [interior primero 9.16e-04%, interior primero + pieza menos restrictiva 1.77e-05%, reinicios, interior primero 35.2%] (Knuth: ~151 días) | máximo colocado 54 de 64 | hilos 8 de 12
    ... 207.6 s | grupo 1/3 | 226425362 nodos | revisado 9.21e-04%, faltan ~257 días [interior primero 9.21e-04%, interior primero + pieza menos restrictiva 1.79e-05%, reinicios, interior primero 36.0%] (Knuth: ~151 días) | máximo colocado 54 de 64 | hilos 8 de 12
    ... 209.6 s | grupo 1/3 | 228665826 nodos | revisado 9.24e-04%, faltan ~259 días [interior primero 9.24e-04%, interior primero + pieza menos restrictiva 1.81e-05%, reinicios, interior primero 36.9%] (Knuth: ~151 días) | máximo colocado 54 de 64 | hilos 8 de 12
    ... 211.6 s | grupo 1/3 | 230889079 nodos | revisado 9.29e-04%, faltan ~260 días [interior primero 9.29e-04%, interior primero + pieza menos restrictiva 1.83e-05%, reinicios, interior primero 36.9%] (Knuth: ~151 días) | máximo colocado 54 de 64 | hilos 8 de 12
    ... 213.6 s | grupo 1/3 | 233154344 nodos | revisado 9.31e-04%, faltan ~262 días [interior primero 9.31e-04%, interior primero + pieza menos restrictiva 1.84e-05%, reinicios, interior primero 37.7%] (Knuth: ~151 días) | máximo colocado 54 de 64 | hilos 8 de 12
    ... 215.6 s | grupo 1/3 | 235404715 nodos | revisado 9.34e-04%, faltan ~263 días [interior primero 9.34e-04%, interior primero + pieza menos restrictiva 1.86e-05%, reinicios, interior primero 37.7%] (Knuth: ~151 días) | máximo colocado 54 de 64 | hilos 8 de 12
    ... 217.6 s | grupo 1/3 | 237642102 nodos | revisado 9.37e-04%, faltan ~265 días [interior primero 9.37e-04%, interior primero + pieza menos restrictiva 1.87e-05%, reinicios, interior primero 37.7%] (Knuth: ~151 días) | máximo colocado 54 de 64 | hilos 8 de 12
    ... 219.6 s | grupo 1/3 | 239920233 nodos | revisado 9.42e-04%, faltan ~266 días [interior primero 9.42e-04%, interior primero + pieza menos restrictiva 1.89e-05%, reinicios, interior primero 37.7%] (Knuth: ~151 días) | máximo colocado 54 de 64 | hilos 8 de 12
    ... 221.6 s | grupo 1/3 | 242209510 nodos | revisado 9.46e-04%, faltan ~267 días [interior primero 9.46e-04%, interior primero + pieza menos restrictiva 1.91e-05%, reinicios, interior primero 37.7%] (Knuth: ~151 días) | máximo colocado 54 de 64 | hilos 8 de 12
    ... 223.6 s | grupo 1/3 | 244483238 nodos | revisado 9.50e-04%, faltan ~269 días [interior primero 9.50e-04%, interior primero + pieza menos restrictiva 1.92e-05%, reinicios, interior primero 37.7%] (Knuth: ~151 días) | máximo colocado 54 de 64 | hilos 8 de 12
    ... 225.6 s | grupo 1/3 | 246712057 nodos | revisado 9.54e-04%, faltan ~270 días [interior primero 9.54e-04%, interior primero + pieza menos restrictiva 1.94e-05%, reinicios, interior primero 37.7%] (Knuth: ~151 días) | máximo colocado 54 de 64 | hilos 8 de 12
    ... 227.6 s | grupo 1/3 | 248934003 nodos | revisado 9.59e-04%, faltan ~271 días [interior primero 9.59e-04%, interior primero + pieza menos restrictiva 1.94e-05%, reinicios, interior primero 37.7%] (Knuth: ~151 días) | máximo colocado 54 de 64 | hilos 8 de 12
    ... 229.6 s | grupo 1/3 | 251160491 nodos | revisado 9.64e-04%, faltan ~272 días [interior primero 9.64e-04%, interior primero + pieza menos restrictiva 1.96e-05%, reinicios, interior primero 37.7%] (Knuth: ~151 días) | máximo colocado 54 de 64 | hilos 8 de 12
    ... 231.7 s | grupo 1/3 | 253394547 nodos | revisado 9.66e-04%, faltan ~274 días [interior primero 9.66e-04%, interior primero + pieza menos restrictiva 1.98e-05%, reinicios, interior primero 38.7%] (Knuth: ~151 días) | máximo colocado 54 de 64 | hilos 8 de 12
    ... 233.7 s | grupo 1/3 | 255619229 nodos | revisado 9.67e-04%, faltan ~276 días [interior primero 9.67e-04%, interior primero + pieza menos restrictiva 1.99e-05%, reinicios, interior primero 39.5%] (Knuth: ~151 días) | máximo colocado 54 de 64 | hilos 8 de 12
    ... 235.7 s | grupo 1/3 | 257801478 nodos | revisado 9.69e-04%, faltan ~278 días [interior primero 9.69e-04%, interior primero + pieza menos restrictiva 2.01e-05%, reinicios, interior primero 39.7%] (Knuth: ~151 días) | máximo colocado 54 de 64 | hilos 8 de 12
    ... 237.7 s | grupo 1/3 | 260065625 nodos | revisado 9.72e-04%, faltan ~279 días [interior primero 9.72e-04%, interior primero + pieza menos restrictiva 2.07e-05%, reinicios, interior primero 39.7%] (Knuth: ~151 días) | máximo colocado 54 de 64 | hilos 8 de 12
    ... 239.7 s | grupo 1/3 | 262333052 nodos | revisado 9.74e-04%, faltan ~281 días [interior primero 9.74e-04%, interior primero + pieza menos restrictiva 2.09e-05%, reinicios, interior primero 39.7%] (Knuth: ~151 días) | máximo colocado 54 de 64 | hilos 8 de 12
    ... 241.7 s | grupo 1/3 | 264553623 nodos | revisado 9.77e-04%, faltan ~283 días [interior primero 9.77e-04%, interior primero + pieza menos restrictiva 2.10e-05%, reinicios, interior primero 39.7%] (Knuth: ~151 días) | máximo colocado 54 de 64 | hilos 8 de 12
    ... 243.7 s | grupo 1/3 | 266799284 nodos | revisado 9.78e-04%, faltan ~285 días [interior primero 9.78e-04%, interior primero + pieza menos restrictiva 2.13e-05%, reinicios, interior primero 39.7%] (Knuth: ~151 días) | máximo colocado 54 de 64 | hilos 8 de 12
    ... 245.7 s | grupo 1/3 | 269058117 nodos | revisado 9.81e-04%, faltan ~286 días [interior primero 9.81e-04%, interior primero + pieza menos restrictiva 2.16e-05%, reinicios, interior primero 39.7%] (Knuth: ~151 días) | máximo colocado 54 de 64 | hilos 8 de 12
    ... 247.7 s | grupo 1/3 | 271316449 nodos | revisado 9.83e-04%, faltan ~288 días [interior primero 9.83e-04%, interior primero + pieza menos restrictiva 2.19e-05%, reinicios, interior primero 39.7%] (Knuth: ~151 días) | máximo colocado 54 de 64 | hilos 8 de 12
    ... 249.7 s | grupo 1/3 | 273559734 nodos | revisado 9.88e-04%, faltan ~289 días [interior primero 9.88e-04%, interior primero + pieza menos restrictiva 2.22e-05%, reinicios, interior primero 39.7%] (Knuth: ~151 días) | máximo colocado 54 de 64 | hilos 8 de 12
    ... 251.7 s | grupo 1/3 | 275777618 nodos | revisado 9.91e-04%, faltan ~291 días [interior primero 9.91e-04%, interior primero + pieza menos restrictiva 2.25e-05%, reinicios, interior primero 39.7%] (Knuth: ~151 días) | máximo colocado 54 de 64 | hilos 8 de 12
    ... 253.7 s | grupo 1/3 | 277957981 nodos | revisado 9.94e-04%, faltan ~292 días [interior primero 9.94e-04%, interior primero + pieza menos restrictiva 2.26e-05%, reinicios, interior primero 39.7%] (Knuth: ~151 días) | máximo colocado 54 de 64 | hilos 8 de 12
    ... 255.7 s | grupo 1/3 | 280188804 nodos | revisado 9.95e-04%, faltan ~294 días [interior primero 9.95e-04%, interior primero + pieza menos restrictiva 2.30e-05%, reinicios, interior primero 40.5%] (Knuth: ~151 días) | máximo colocado 54 de 64 | hilos 8 de 12
    ... 257.7 s | grupo 1/3 | 282390122 nodos | revisado 9.99e-04%, faltan ~295 días [interior primero 9.99e-04%, interior primero + pieza menos restrictiva 2.36e-05%, reinicios, interior primero 40.5%] (Knuth: ~151 días) | máximo colocado 54 de 64 | hilos 8 de 12
    ... 259.7 s | grupo 1/3 | 284630080 nodos | revisado 1.00e-03%, faltan ~297 días [interior primero 1.00e-03%, interior primero + pieza menos restrictiva 2.40e-05%, reinicios, interior primero 41.4%] (Knuth: ~151 días) | máximo colocado 54 de 64 | hilos 8 de 12
    ... 261.7 s | grupo 1/3 | 286883269 nodos | revisado 1.00e-03%, faltan ~298 días [interior primero 1.00e-03%, interior primero + pieza menos restrictiva 2.42e-05%, reinicios, interior primero 41.4%] (Knuth: ~151 días) | máximo colocado 55 de 64 | hilos 8 de 12
    ... 263.7 s | grupo 1/3 | 289121447 nodos | revisado 1.01e-03%, faltan ~300 días [interior primero 1.01e-03%, interior primero + pieza menos restrictiva 2.45e-05%, reinicios, interior primero 41.4%] (Knuth: ~151 días) | máximo colocado 55 de 64 | hilos 8 de 12
    ... 265.7 s | grupo 1/3 | 291355781 nodos | revisado 1.01e-03%, faltan ~302 días [interior primero 1.01e-03%, interior primero + pieza menos restrictiva 2.51e-05%, reinicios, interior primero 41.4%] (Knuth: ~151 días) | máximo colocado 55 de 64 | hilos 8 de 12
    ... 267.7 s | grupo 1/3 | 293577384 nodos | revisado 1.01e-03%, faltan ~303 días [interior primero 1.01e-03%, interior primero + pieza menos restrictiva 2.57e-05%, reinicios, interior primero 41.4%] (Knuth: ~151 días) | máximo colocado 55 de 64 | hilos 8 de 12
    ... 269.7 s | grupo 1/3 | 295826941 nodos | revisado 1.01e-03%, faltan ~305 días [interior primero 1.01e-03%, interior primero + pieza menos restrictiva 2.58e-05%, reinicios, interior primero 41.4%] (Knuth: ~151 días) | máximo colocado 55 de 64 | hilos 8 de 12
    ... 271.7 s | grupo 1/3 | 298063777 nodos | revisado 1.02e-03%, faltan ~306 días [interior primero 1.02e-03%, interior primero + pieza menos restrictiva 2.60e-05%, reinicios, interior primero 41.4%] (Knuth: ~151 días) | máximo colocado 55 de 64 | hilos 8 de 12
    ... 273.7 s | grupo 1/3 | 300312066 nodos | revisado 1.02e-03%, faltan ~308 días [interior primero 1.02e-03%, interior primero + pieza menos restrictiva 2.61e-05%, reinicios, interior primero 42.3%] (Knuth: ~151 días) | máximo colocado 55 de 64 | hilos 8 de 12
    ... 275.7 s | grupo 1/3 | 302565987 nodos | revisado 1.02e-03%, faltan ~309 días [interior primero 1.02e-03%, interior primero + pieza menos restrictiva 2.62e-05%, reinicios, interior primero 44.0%] (Knuth: ~151 días) | máximo colocado 55 de 64 | hilos 8 de 12
    ... 277.7 s | grupo 1/3 | 304807145 nodos | revisado 1.04e-03%, faltan ~307 días [interior primero 1.04e-03%, interior primero + pieza menos restrictiva 2.62e-05%, reinicios, interior primero 44.0%] (Knuth: ~151 días) | máximo colocado 55 de 64 | hilos 8 de 12
    ... 279.8 s | grupo 1/3 | 307057720 nodos | revisado 1.04e-03%, faltan ~309 días [interior primero 1.04e-03%, interior primero + pieza menos restrictiva 2.63e-05%, reinicios, interior primero 44.0%] (Knuth: ~151 días) | máximo colocado 55 de 64 | hilos 8 de 12
    ... 281.8 s | grupo 1/3 | 309302064 nodos | revisado 1.04e-03%, faltan ~310 días [interior primero 1.04e-03%, interior primero + pieza menos restrictiva 2.63e-05%, reinicios, interior primero 44.0%] (Knuth: ~151 días) | máximo colocado 55 de 64 | hilos 8 de 12
    ... 283.8 s | grupo 1/3 | 311528255 nodos | revisado 1.04e-03%, faltan ~312 días [interior primero 1.04e-03%, interior primero + pieza menos restrictiva 2.64e-05%, reinicios, interior primero 44.8%] (Knuth: ~151 días) | máximo colocado 55 de 64 | hilos 8 de 12
    ... 285.8 s | grupo 1/3 | 313751371 nodos | revisado 1.05e-03%, faltan ~313 días [interior primero 1.05e-03%, interior primero + pieza menos restrictiva 2.65e-05%, reinicios, interior primero 44.8%] (Knuth: ~151 días) | máximo colocado 55 de 64 | hilos 8 de 12
    ... 287.8 s | grupo 1/3 | 315947879 nodos | revisado 1.05e-03%, faltan ~314 días [interior primero 1.05e-03%, interior primero + pieza menos restrictiva 2.65e-05%, reinicios, interior primero 44.8%] (Knuth: ~151 días) | máximo colocado 55 de 64 | hilos 8 de 12
    ... 289.8 s | grupo 1/3 | 318152334 nodos | revisado 1.05e-03%, faltan ~315 días [interior primero 1.05e-03%, interior primero + pieza menos restrictiva 2.66e-05%, reinicios, interior primero 44.8%] (Knuth: ~151 días) | máximo colocado 55 de 64 | hilos 8 de 12
    ... 291.8 s | grupo 1/3 | 320373015 nodos | revisado 1.05e-03%, faltan ~317 días [interior primero 1.05e-03%, interior primero + pieza menos restrictiva 2.67e-05%, reinicios, interior primero 44.8%] (Knuth: ~151 días) | máximo colocado 55 de 64 | hilos 8 de 12
    ... 293.8 s | grupo 1/3 | 322621733 nodos | revisado 1.06e-03%, faltan ~319 días [interior primero 1.06e-03%, interior primero + pieza menos restrictiva 2.68e-05%, reinicios, interior primero 48.2%] (Knuth: ~151 días) | máximo colocado 55 de 64 | hilos 8 de 12
    ... 295.8 s | grupo 1/3 | 324798370 nodos | revisado 1.06e-03%, faltan ~320 días [interior primero 1.06e-03%, interior primero + pieza menos restrictiva 2.69e-05%, reinicios, interior primero 48.2%] (Knuth: ~151 días) | máximo colocado 55 de 64 | hilos 8 de 12
    ... 297.8 s | grupo 1/3 | 326998434 nodos | revisado 1.06e-03%, faltan ~321 días [interior primero 1.06e-03%, interior primero + pieza menos restrictiva 2.71e-05%, reinicios, interior primero 48.2%] (Knuth: ~151 días) | máximo colocado 55 de 64 | hilos 8 de 12
    ... 299.8 s | grupo 1/3 | 329203488 nodos | revisado 1.07e-03%, faltan ~322 días [interior primero 1.07e-03%, interior primero + pieza menos restrictiva 2.71e-05%, reinicios, interior primero 48.2%] (Knuth: ~151 días) | máximo colocado 55 de 64 | hilos 8 de 12
[4] Grupo 1: cortado por límite de tiempo
[5] Tiempo total: 5 min
RESULTADO resuelto=0 ms=300016.2 marcos=0 nodos=329434112 grupos=1/3 hilos=12 t_marcos=0.000 t_interior=296.972 lados=0 unificado=1 max_colocadas=55 motivo=limite
