[0] Tablero 8x8, 10 colores, 12 hilos
[1] Esquina fija (1,1). 6 grupos, orden por coste: 1.39e+20 1.4e+20 1.4e+20 1.4e+20 1.4e+20 1.41e+20
    grupo 1, orden menos opciones: estimado 7.28e+13 nodos
    grupo 1, orden interior primero: estimado 1.04e+13 nodos
    grupo 2, orden menos opciones: estimado 1.69e+14 nodos
    grupo 2, orden interior primero: estimado 1.71e+13 nodos
    grupo 3, orden menos opciones: estimado 2.68e+14 nodos
    grupo 3, orden interior primero: estimado 1.84e+13 nodos
    grupo 4, orden menos opciones: estimado 8.7e+13 nodos
    grupo 4, orden interior primero: estimado 1.01e+13 nodos
    grupo 5, orden menos opciones: estimado 7.59e+13 nodos
    grupo 5, orden interior primero: estimado 8.61e+12 nodos
    grupo 6, orden menos opciones: estimado 1.36e+14 nodos
    grupo 6, orden interior primero: estimado 1.73e+13 nodos
[1] Estimado de Knuth por grupo (nodos): 1.04e+13(i) 1.71e+13(i) 1.84e+13(i) 1.01e+13(i) 8.61e+12(i) 1.73e+13(i)   (i) = interior primero
[2] Grupo 1/6: ruta unificada (mapas por lado), orden: PORTAFOLIO de 4 equipos (2 órdenes, normal y al azar)
    ... 5.7 s | grupo 1/6 | 2158411 nodos | revisado 5.0%, faltan ~38 s [interior primero 5.0%, interior primero + pieza menos restrictiva 2.9%, reinicios, interior primero 1.63e-05%] (Knuth: ~112 días) | máximo colocado 51 de 64 | hilos 8 de 12
    ... 7.7 s | grupo 1/6 | 4299339 nodos | revisado 5.0%, faltan ~76 s [interior primero 5.0%, interior primero + pieza menos restrictiva 2.9%, reinicios, interior primero 5.22e-05%] (Knuth: ~112 días) | máximo colocado 51 de 64 | hilos 8 de 12
    ... 9.7 s | grupo 1/6 | 6506801 nodos | revisado 5.0%, faltan ~114 s [interior primero 5.0%, interior primero + pieza menos restrictiva 2.9%, reinicios, interior primero 6.69e-05%] (Knuth: ~112 días) | máximo colocado 51 de 64 | hilos 8 de 12
    portafolio: encontró la solución el equipo "reinicios, interior primero" (nodos: interior primero 2686976, interior primero + pieza menos restrictiva 2009088, reinicios, interior primero 3107038)
[4] Grupo 1: SOLUCIÓN. Verificación: OK
[5] Tiempo total: 11 s
RESULTADO resuelto=1 ms=10913.0 marcos=0 nodos=7803102 grupos=1/6 hilos=12 t_marcos=0.000 t_interior=7.227 lados=0 unificado=1 max_colocadas=64
