[0] Tablero 8x8, 10 colores, 12 hilos
[1] Esquina fija (2,3). 6 grupos, orden por coste: 6.13e+19 6.13e+19 6.14e+19 6.14e+19 6.14e+19 6.14e+19
    grupo 1, orden menos opciones: estimado 6.58e+13 nodos
    grupo 1, orden interior primero: estimado 8.27e+12 nodos
    grupo 2, orden menos opciones: estimado 2.53e+13 nodos
    grupo 2, orden interior primero: estimado 6.6e+12 nodos
    grupo 3, orden menos opciones: estimado 3.15e+13 nodos
    grupo 3, orden interior primero: estimado 4.61e+12 nodos
    grupo 4, orden menos opciones: estimado 2.17e+13 nodos
    grupo 4, orden interior primero: estimado 6.57e+12 nodos
    grupo 5, orden menos opciones: estimado 2.85e+13 nodos
    grupo 5, orden interior primero: estimado 8.48e+12 nodos
    grupo 6, orden menos opciones: estimado 1.82e+13 nodos
    grupo 6, orden interior primero: estimado 7.22e+12 nodos
[1] Estimado de Knuth por grupo (nodos): 8.27e+12(i) 6.6e+12(i) 4.61e+12(i) 6.57e+12(i) 8.48e+12(i) 1.82e+13   (i) = interior primero
[2] Grupo 1/6: ruta unificada (mapas por lado), orden: PORTAFOLIO de 4 equipos (2 órdenes, normal y al azar)
    ... 5.7 s | grupo 1/6 | 2134904 nodos | revisado 3.7%, faltan ~52 s [interior primero 0.735%, interior primero + pieza menos restrictiva 3.7%, reinicios, interior primero 1.19e-04%] (Knuth: ~90 días) | máximo colocado 50 de 64 | hilos 8 de 12
    ... 7.7 s | grupo 1/6 | 4397533 nodos | revisado 3.7%, faltan ~105 s [interior primero 0.735%, interior primero + pieza menos restrictiva 3.7%, reinicios, interior primero 1.52e-04%] (Knuth: ~87 días) | máximo colocado 52 de 64 | hilos 8 de 12
    ... 9.7 s | grupo 1/6 | 6686034 nodos | revisado 3.7%, faltan ~3 min [interior primero 0.735%, interior primero + pieza menos restrictiva 3.7%, reinicios, interior primero 1.66e-04%] (Knuth: ~86 días) | máximo colocado 52 de 64 | hilos 8 de 12
    ... 11.7 s | grupo 1/6 | 8963689 nodos | revisado 3.7%, faltan ~4 min [interior primero 0.735%, interior primero + pieza menos restrictiva 3.7%, reinicios, interior primero 2.78e-04%] (Knuth: ~86 días) | máximo colocado 52 de 64 | hilos 8 de 12
    ... 13.7 s | grupo 1/6 | 11229553 nodos | revisado 3.7%, faltan ~4 min [interior primero 0.735%, interior primero + pieza menos restrictiva 3.7%, reinicios, interior primero 2.67e-03%] (Knuth: ~85 días) | máximo colocado 52 de 64 | hilos 8 de 12
    ... 15.7 s | grupo 1/6 | 13476785 nodos | revisado 3.7%, faltan ~5 min [interior primero 0.735%, interior primero + pieza menos restrictiva 3.7%, reinicios, interior primero 2.70e-03%] (Knuth: ~85 días) | máximo colocado 52 de 64 | hilos 8 de 12
    ... 17.7 s | grupo 1/6 | 15738138 nodos | revisado 3.7%, faltan ~6 min [interior primero 0.735%, interior primero + pieza menos restrictiva 3.7%, reinicios, interior primero 2.70e-03%] (Knuth: ~85 días) | máximo colocado 52 de 64 | hilos 8 de 12
    ... 19.7 s | grupo 1/6 | 18000956 nodos | revisado 3.7%, faltan ~7 min [interior primero 0.735%, interior primero + pieza menos restrictiva 3.7%, reinicios, interior primero 2.74e-03%] (Knuth: ~85 días) | máximo colocado 52 de 64 | hilos 8 de 12
    ... 21.7 s | grupo 1/6 | 20245924 nodos | revisado 3.7%, faltan ~8 min [interior primero 0.735%, interior primero + pieza menos restrictiva 3.7%, reinicios, interior primero 2.79e-03%] (Knuth: ~85 días) | máximo colocado 55 de 64 | hilos 8 de 12
    ... 23.7 s | grupo 1/6 | 22524312 nodos | revisado 3.7%, faltan ~9 min [interior primero 0.735%, interior primero + pieza menos restrictiva 3.7%, reinicios, interior primero 2.82e-03%] (Knuth: ~85 días) | máximo colocado 55 de 64 | hilos 8 de 12
    ... 25.8 s | grupo 1/6 | 24793548 nodos | revisado 3.7%, faltan ~10 min [interior primero 0.735%, interior primero + pieza menos restrictiva 3.7%, reinicios, interior primero 2.88e-03%] (Knuth: ~85 días) | máximo colocado 55 de 64 | hilos 8 de 12
    ... 27.8 s | grupo 1/6 | 27048272 nodos | revisado 3.7%, faltan ~11 min [interior primero 0.735%, interior primero + pieza menos restrictiva 3.7%, reinicios, interior primero 3.06e-03%] (Knuth: ~85 días) | máximo colocado 55 de 64 | hilos 8 de 12
    ... 29.8 s | grupo 1/6 | 29324223 nodos | revisado 3.7%, faltan ~11 min [interior primero 0.735%, interior primero + pieza menos restrictiva 3.7%, reinicios, interior primero 3.07e-03%] (Knuth: ~85 días) | máximo colocado 55 de 64 | hilos 8 de 12
    ... 31.8 s | grupo 1/6 | 31584778 nodos | revisado 3.7%, faltan ~12 min [interior primero 0.735%, interior primero + pieza menos restrictiva 3.7%, reinicios, interior primero 3.10e-03%] (Knuth: ~85 días) | máximo colocado 55 de 64 | hilos 8 de 12
    ... 33.8 s | grupo 1/6 | 33811962 nodos | revisado 3.7%, faltan ~13 min [interior primero 0.735%, interior primero + pieza menos restrictiva 3.7%, reinicios, interior primero 3.13e-03%] (Knuth: ~85 días) | máximo colocado 55 de 64 | hilos 8 de 12
    ... 35.8 s | grupo 1/6 | 36069324 nodos | revisado 3.7%, faltan ~14 min [interior primero 0.735%, interior primero + pieza menos restrictiva 3.7%, reinicios, interior primero 3.14e-03%] (Knuth: ~85 días) | máximo colocado 55 de 64 | hilos 8 de 12
    ... 37.8 s | grupo 1/6 | 38365801 nodos | revisado 3.7%, faltan ~15 min [interior primero 0.735%, interior primero + pieza menos restrictiva 3.7%, reinicios, interior primero 3.43e-03%] (Knuth: ~85 días) | máximo colocado 55 de 64 | hilos 8 de 12
    ... 39.8 s | grupo 1/6 | 40686750 nodos | revisado 3.7%, faltan ~16 min [interior primero 0.735%, interior primero + pieza menos restrictiva 3.7%, reinicios, interior primero 3.64e-03%] (Knuth: ~85 días) | máximo colocado 55 de 64 | hilos 8 de 12
    ... 41.8 s | grupo 1/6 | 42967251 nodos | revisado 3.7%, faltan ~17 min [interior primero 0.735%, interior primero + pieza menos restrictiva 3.7%, reinicios, interior primero 3.66e-03%] (Knuth: ~85 días) | máximo colocado 55 de 64 | hilos 8 de 12
    ... 43.8 s | grupo 1/6 | 45249070 nodos | revisado 3.7%, faltan ~18 min [interior primero 0.735%, interior primero + pieza menos restrictiva 3.7%, reinicios, interior primero 3.70e-03%] (Knuth: ~85 días) | máximo colocado 55 de 64 | hilos 8 de 12
    ... 45.8 s | grupo 1/6 | 47516851 nodos | revisado 3.7%, faltan ~18 min [interior primero 0.735%, interior primero + pieza menos restrictiva 3.7%, reinicios, interior primero 3.79e-03%] (Knuth: ~85 días) | máximo colocado 55 de 64 | hilos 8 de 12
    ... 47.8 s | grupo 1/6 | 49805655 nodos | revisado 3.7%, faltan ~19 min [interior primero 0.736%, interior primero + pieza menos restrictiva 3.7%, reinicios, interior primero 3.84e-03%] (Knuth: ~85 días) | máximo colocado 55 de 64 | hilos 8 de 12
    ... 49.8 s | grupo 1/6 | 52075984 nodos | revisado 3.7%, faltan ~20 min [interior primero 0.736%, interior primero + pieza menos restrictiva 3.7%, reinicios, interior primero 3.86e-03%] (Knuth: ~85 días) | máximo colocado 55 de 64 | hilos 8 de 12
    ... 51.8 s | grupo 1/6 | 54365463 nodos | revisado 3.7%, faltan ~21 min [interior primero 0.736%, interior primero + pieza menos restrictiva 3.7%, reinicios, interior primero 4.29e-03%] (Knuth: ~85 días) | máximo colocado 55 de 64 | hilos 8 de 12
    ... 53.8 s | grupo 1/6 | 56669032 nodos | revisado 3.7%, faltan ~22 min [interior primero 0.736%, interior primero + pieza menos restrictiva 3.7%, reinicios, interior primero 4.32e-03%] (Knuth: ~85 días) | máximo colocado 55 de 64 | hilos 8 de 12
    ... 55.8 s | grupo 1/6 | 58924388 nodos | revisado 3.7%, faltan ~23 min [interior primero 0.736%, interior primero + pieza menos restrictiva 3.7%, reinicios, interior primero 4.33e-03%] (Knuth: ~85 días) | máximo colocado 55 de 64 | hilos 8 de 12
    ... 57.8 s | grupo 1/6 | 61207851 nodos | revisado 3.7%, faltan ~24 min [interior primero 0.736%, interior primero + pieza menos restrictiva 3.7%, reinicios, interior primero 4.37e-03%] (Knuth: ~85 días) | máximo colocado 55 de 64 | hilos 8 de 12
    ... 59.8 s | grupo 1/6 | 63488795 nodos | revisado 3.7%, faltan ~25 min [interior primero 0.736%, interior primero + pieza menos restrictiva 3.7%, reinicios, interior primero 4.39e-03%] (Knuth: ~85 días) | máximo colocado 55 de 64 | hilos 8 de 12
    ... 61.8 s | grupo 1/6 | 65786064 nodos | revisado 3.7%, faltan ~25 min [interior primero 0.736%, interior primero + pieza menos restrictiva 3.7%, reinicios, interior primero 4.43e-03%] (Knuth: ~85 días) | máximo colocado 55 de 64 | hilos 8 de 12
    ... 63.8 s | grupo 1/6 | 68079123 nodos | revisado 3.7%, faltan ~26 min [interior primero 0.736%, interior primero + pieza menos restrictiva 3.7%, reinicios, interior primero 4.48e-03%] (Knuth: ~85 días) | máximo colocado 55 de 64 | hilos 8 de 12
    ... 65.8 s | grupo 1/6 | 70363430 nodos | revisado 3.7%, faltan ~27 min [interior primero 0.736%, interior primero + pieza menos restrictiva 3.7%, reinicios, interior primero 4.51e-03%] (Knuth: ~84 días) | máximo colocado 55 de 64 | hilos 8 de 12
    ... 67.8 s | grupo 1/6 | 72673039 nodos | revisado 3.7%, faltan ~28 min [interior primero 0.736%, interior primero + pieza menos restrictiva 3.7%, reinicios, interior primero 4.53e-03%] (Knuth: ~84 días) | máximo colocado 55 de 64 | hilos 8 de 12
    ... 69.8 s | grupo 1/6 | 74965983 nodos | revisado 3.7%, faltan ~29 min [interior primero 0.736%, interior primero + pieza menos restrictiva 3.7%, reinicios, interior primero 4.56e-03%] (Knuth: ~84 días) | máximo colocado 55 de 64 | hilos 8 de 12
    ... 71.9 s | grupo 1/6 | 77265398 nodos | revisado 3.7%, faltan ~30 min [interior primero 0.736%, interior primero + pieza menos restrictiva 3.7%, reinicios, interior primero 4.60e-03%] (Knuth: ~84 días) | máximo colocado 55 de 64 | hilos 8 de 12
    ... 73.9 s | grupo 1/6 | 79556067 nodos | revisado 3.7%, faltan ~31 min [interior primero 0.736%, interior primero + pieza menos restrictiva 3.7%, reinicios, interior primero 4.66e-03%] (Knuth: ~84 días) | máximo colocado 55 de 64 | hilos 8 de 12
    ... 75.9 s | grupo 1/6 | 81838162 nodos | revisado 3.7%, faltan ~32 min [interior primero 0.736%, interior primero + pieza menos restrictiva 3.7%, reinicios, interior primero 4.69e-03%] (Knuth: ~84 días) | máximo colocado 55 de 64 | hilos 8 de 12
    ... 77.9 s | grupo 1/6 | 84122679 nodos | revisado 3.7%, faltan ~32 min [interior primero 0.736%, interior primero + pieza menos restrictiva 3.7%, reinicios, interior primero 4.70e-03%] (Knuth: ~84 días) | máximo colocado 55 de 64 | hilos 8 de 12
    ... 79.9 s | grupo 1/6 | 86438047 nodos | revisado 3.7%, faltan ~33 min [interior primero 0.736%, interior primero + pieza menos restrictiva 3.7%, reinicios, interior primero 4.72e-03%] (Knuth: ~84 días) | máximo colocado 55 de 64 | hilos 8 de 12
    ... 81.9 s | grupo 1/6 | 88743423 nodos | revisado 3.7%, faltan ~34 min [interior primero 0.736%, interior primero + pieza menos restrictiva 3.7%, reinicios, interior primero 4.79e-03%] (Knuth: ~84 días) | máximo colocado 55 de 64 | hilos 8 de 12
    ... 83.9 s | grupo 1/6 | 91037973 nodos | revisado 3.7%, faltan ~35 min [interior primero 0.736%, interior primero + pieza menos restrictiva 3.7%, reinicios, interior primero 4.80e-03%] (Knuth: ~84 días) | máximo colocado 55 de 64 | hilos 8 de 12
    ... 85.9 s | grupo 1/6 | 93330590 nodos | revisado 3.7%, faltan ~36 min [interior primero 0.736%, interior primero + pieza menos restrictiva 3.7%, reinicios, interior primero 4.81e-03%] (Knuth: ~84 días) | máximo colocado 55 de 64 | hilos 8 de 12
    ... 87.9 s | grupo 1/6 | 95596574 nodos | revisado 3.7%, faltan ~37 min [interior primero 0.736%, interior primero + pieza menos restrictiva 3.7%, reinicios, interior primero 4.83e-03%] (Knuth: ~84 días) | máximo colocado 55 de 64 | hilos 8 de 12
    ... 89.9 s | grupo 1/6 | 97887222 nodos | revisado 3.7%, faltan ~38 min [interior primero 0.736%, interior primero + pieza menos restrictiva 3.7%, reinicios, interior primero 4.96e-03%] (Knuth: ~84 días) | máximo colocado 55 de 64 | hilos 8 de 12
    ... 91.9 s | grupo 1/6 | 100171793 nodos | revisado 3.7%, faltan ~39 min [interior primero 0.736%, interior primero + pieza menos restrictiva 3.7%, reinicios, interior primero 4.99e-03%] (Knuth: ~84 días) | máximo colocado 55 de 64 | hilos 8 de 12
    ... 93.9 s | grupo 1/6 | 102460397 nodos | revisado 3.7%, faltan ~39 min [interior primero 0.736%, interior primero + pieza menos restrictiva 3.7%, reinicios, interior primero 5.05e-03%] (Knuth: ~84 días) | máximo colocado 55 de 64 | hilos 8 de 12
    ... 95.9 s | grupo 1/6 | 104750414 nodos | revisado 3.7%, faltan ~40 min [interior primero 0.736%, interior primero + pieza menos restrictiva 3.7%, reinicios, interior primero 5.08e-03%] (Knuth: ~84 días) | máximo colocado 55 de 64 | hilos 8 de 12
    ... 97.9 s | grupo 1/6 | 107060805 nodos | revisado 3.7%, faltan ~41 min [interior primero 0.736%, interior primero + pieza menos restrictiva 3.7%, reinicios, interior primero 5.14e-03%] (Knuth: ~84 días) | máximo colocado 55 de 64 | hilos 8 de 12
    ... 99.9 s | grupo 1/6 | 109320229 nodos | revisado 3.7%, faltan ~42 min [interior primero 0.736%, interior primero + pieza menos restrictiva 3.7%, reinicios, interior primero 5.18e-03%] (Knuth: ~84 días) | máximo colocado 55 de 64 | hilos 8 de 12
    ... 101.9 s | grupo 1/6 | 111584616 nodos | revisado 3.7%, faltan ~43 min [interior primero 0.736%, interior primero + pieza menos restrictiva 3.7%, reinicios, interior primero 5.21e-03%] (Knuth: ~84 días) | máximo colocado 55 de 64 | hilos 8 de 12
    ... 103.9 s | grupo 1/6 | 113811452 nodos | revisado 3.7%, faltan ~44 min [interior primero 0.736%, interior primero + pieza menos restrictiva 3.7%, reinicios, interior primero 5.22e-03%] (Knuth: ~84 días) | máximo colocado 55 de 64 | hilos 8 de 12
    ... 105.9 s | grupo 1/6 | 116108314 nodos | revisado 3.7%, faltan ~45 min [interior primero 0.736%, interior primero + pieza menos restrictiva 3.7%, reinicios, interior primero 5.29e-03%] (Knuth: ~84 días) | máximo colocado 55 de 64 | hilos 8 de 12
    ... 107.9 s | grupo 1/6 | 118394317 nodos | revisado 3.7%, faltan ~46 min [interior primero 0.736%, interior primero + pieza menos restrictiva 3.7%, reinicios, interior primero 5.45e-03%] (Knuth: ~84 días) | máximo colocado 55 de 64 | hilos 8 de 12
    ... 109.9 s | grupo 1/6 | 120707746 nodos | revisado 3.7%, faltan ~46 min [interior primero 0.736%, interior primero + pieza menos restrictiva 3.7%, reinicios, interior primero 5.49e-03%] (Knuth: ~84 días) | máximo colocado 55 de 64 | hilos 8 de 12
    ... 111.9 s | grupo 1/6 | 122981631 nodos | revisado 3.7%, faltan ~47 min [interior primero 0.736%, interior primero + pieza menos restrictiva 3.7%, reinicios, interior primero 5.56e-03%] (Knuth: ~84 días) | máximo colocado 55 de 64 | hilos 8 de 12
    ... 114.0 s | grupo 1/6 | 125269399 nodos | revisado 3.7%, faltan ~48 min [interior primero 0.736%, interior primero + pieza menos restrictiva 3.7%, reinicios, interior primero 5.61e-03%] (Knuth: ~84 días) | máximo colocado 55 de 64 | hilos 8 de 12
    ... 116.0 s | grupo 1/6 | 127583475 nodos | revisado 3.7%, faltan ~49 min [interior primero 0.736%, interior primero + pieza menos restrictiva 3.7%, reinicios, interior primero 5.63e-03%] (Knuth: ~84 días) | máximo colocado 55 de 64 | hilos 8 de 12
    ... 118.0 s | grupo 1/6 | 129868440 nodos | revisado 3.7%, faltan ~50 min [interior primero 0.736%, interior primero + pieza menos restrictiva 3.7%, reinicios, interior primero 5.64e-03%] (Knuth: ~84 días) | máximo colocado 55 de 64 | hilos 8 de 12
    ... 120.0 s | grupo 1/6 | 132120769 nodos | revisado 3.7%, faltan ~51 min [interior primero 0.736%, interior primero + pieza menos restrictiva 3.7%, reinicios, interior primero 5.67e-03%] (Knuth: ~84 días) | máximo colocado 55 de 64 | hilos 8 de 12
    ... 122.0 s | grupo 1/6 | 134399951 nodos | revisado 3.7%, faltan ~52 min [interior primero 0.736%, interior primero + pieza menos restrictiva 3.7%, reinicios, interior primero 5.77e-03%] (Knuth: ~84 días) | máximo colocado 55 de 64 | hilos 8 de 12
    ... 124.0 s | grupo 1/6 | 136683044 nodos | revisado 3.7%, faltan ~53 min [interior primero 0.736%, interior primero + pieza menos restrictiva 3.7%, reinicios, interior primero 5.85e-03%] (Knuth: ~84 días) | máximo colocado 55 de 64 | hilos 8 de 12
    ... 126.0 s | grupo 1/6 | 138980042 nodos | revisado 3.7%, faltan ~53 min [interior primero 0.736%, interior primero + pieza menos restrictiva 3.7%, reinicios, interior primero 5.87e-03%] (Knuth: ~84 días) | máximo colocado 55 de 64 | hilos 8 de 12
    ... 128.0 s | grupo 1/6 | 141281113 nodos | revisado 3.7%, faltan ~54 min [interior primero 0.736%, interior primero + pieza menos restrictiva 3.7%, reinicios, interior primero 5.90e-03%] (Knuth: ~84 días) | máximo colocado 55 de 64 | hilos 8 de 12
    ... 130.0 s | grupo 1/6 | 143561458 nodos | revisado 3.7%, faltan ~55 min [interior primero 0.736%, interior primero + pieza menos restrictiva 3.7%, reinicios, interior primero 5.96e-03%] (Knuth: ~84 días) | máximo colocado 55 de 64 | hilos 8 de 12
    ... 132.0 s | grupo 1/6 | 145863657 nodos | revisado 3.7%, faltan ~56 min [interior primero 0.736%, interior primero + pieza menos restrictiva 3.7%, reinicios, interior primero 5.98e-03%] (Knuth: ~84 días) | máximo colocado 55 de 64 | hilos 8 de 12
    ... 134.0 s | grupo 1/6 | 148182535 nodos | revisado 3.7%, faltan ~57 min [interior primero 0.736%, interior primero + pieza menos restrictiva 3.7%, reinicios, interior primero 6.01e-03%] (Knuth: ~84 días) | máximo colocado 55 de 64 | hilos 8 de 12
    ... 136.0 s | grupo 1/6 | 150481163 nodos | revisado 3.7%, faltan ~58 min [interior primero 0.736%, interior primero + pieza menos restrictiva 3.7%, reinicios, interior primero 6.10e-03%] (Knuth: ~84 días) | máximo colocado 55 de 64 | hilos 8 de 12
    ... 138.0 s | grupo 1/6 | 152781599 nodos | revisado 3.7%, faltan ~59 min [interior primero 0.736%, interior primero + pieza menos restrictiva 3.7%, reinicios, interior primero 6.19e-03%] (Knuth: ~84 días) | máximo colocado 55 de 64 | hilos 8 de 12
    ... 140.0 s | grupo 1/6 | 155139741 nodos | revisado 3.7%, faltan ~60 min [interior primero 0.736%, interior primero + pieza menos restrictiva 3.7%, reinicios, interior primero 6.28e-03%] (Knuth: ~84 días) | máximo colocado 55 de 64 | hilos 8 de 12
    ... 142.0 s | grupo 1/6 | 157421306 nodos | revisado 3.7%, faltan ~60 min [interior primero 0.736%, interior primero + pieza menos restrictiva 3.7%, reinicios, interior primero 6.31e-03%] (Knuth: ~84 días) | máximo colocado 55 de 64 | hilos 8 de 12
    ... 144.0 s | grupo 1/6 | 159734042 nodos | revisado 3.7%, faltan ~61 min [interior primero 0.736%, interior primero + pieza menos restrictiva 3.7%, reinicios, interior primero 6.38e-03%] (Knuth: ~84 días) | máximo colocado 55 de 64 | hilos 8 de 12
    ... 146.0 s | grupo 1/6 | 162035238 nodos | revisado 3.7%, faltan ~62 min [interior primero 0.736%, interior primero + pieza menos restrictiva 3.7%, reinicios, interior primero 6.44e-03%] (Knuth: ~84 días) | máximo colocado 55 de 64 | hilos 8 de 12
    ... 148.0 s | grupo 1/6 | 164325517 nodos | revisado 3.7%, faltan ~63 min [interior primero 0.736%, interior primero + pieza menos restrictiva 3.7%, reinicios, interior primero 6.47e-03%] (Knuth: ~84 días) | máximo colocado 55 de 64 | hilos 8 de 12
    portafolio: encontró la solución el equipo "reinicios, interior primero" (nodos: interior primero 59866112, interior primero + pieza menos restrictiva 44309504, reinicios, interior primero 61915483)
[4] Grupo 1: SOLUCIÓN. Verificación: OK
[5] Tiempo total: 2 min
RESULTADO resuelto=1 ms=149588.8 marcos=0 nodos=166091099 grupos=1/6 hilos=12 t_marcos=0.000 t_interior=145.886 lados=0 unificado=1 max_colocadas=64
