[0] Tablero 8x8, 11 colores, 12 hilos
[1] Esquina fija (4,1). 6 grupos, orden por coste: 2.17e+16 2.17e+16 2.17e+16 2.17e+16 2.17e+16 2.17e+16
    grupo 1, orden menos opciones: estimado 5.59e+10 nodos
    grupo 1, orden interior primero: estimado 2.1e+11 nodos
    grupo 2, orden menos opciones: estimado 3.54e+10 nodos
    grupo 2, orden interior primero: estimado 1.26e+11 nodos
    grupo 3, orden menos opciones: estimado 5.17e+10 nodos
    grupo 3, orden interior primero: estimado 1.56e+11 nodos
    grupo 4, orden menos opciones: estimado 7.46e+10 nodos
    grupo 4, orden interior primero: estimado 4.41e+11 nodos
    grupo 5, orden menos opciones: estimado 5.37e+10 nodos
    grupo 5, orden interior primero: estimado 3.33e+11 nodos
    grupo 6, orden menos opciones: estimado 4.95e+10 nodos
    grupo 6, orden interior primero: estimado 3.19e+11 nodos
[1] Estimado de Knuth por grupo (nodos): 5.59e+10 3.54e+10 5.17e+10 7.46e+10 5.37e+10 4.95e+10   (i) = interior primero
[2] Grupo 1/6: ruta unificada (mapas por lado), orden: PORTAFOLIO de 4 equipos (2 órdenes, normal y al azar)
    ... 5.7 s | grupo 1/6 | 2113603 nodos | revisado 4.41e-04%, faltan ~5 días [menos opciones 2.73e-04%, menos opciones + pieza menos restrictiva 4.41e-04%, reinicios, menos opciones 0.013%] (Knuth: ~14.7 h) | máximo colocado 52 de 64 | hilos 8 de 12
    ... 7.7 s | grupo 1/6 | 4212191 nodos | revisado 9.73e-04%, faltan ~5 días [menos opciones 4.59e-04%, menos opciones + pieza menos restrictiva 9.73e-04%, reinicios, menos opciones 0.019%] (Knuth: ~14.8 h) | máximo colocado 52 de 64 | hilos 8 de 12
    ... 9.7 s | grupo 1/6 | 6320091 nodos | revisado 1.40e-03%, faltan ~5 días [menos opciones 7.83e-04%, menos opciones + pieza menos restrictiva 1.40e-03%, reinicios, menos opciones 0.037%] (Knuth: ~14.8 h) | máximo colocado 53 de 64 | hilos 8 de 12
    ... 11.7 s | grupo 1/6 | 8444580 nodos | revisado 2.19e-03%, faltan ~4 días [menos opciones 1.46e-03%, menos opciones + pieza menos restrictiva 2.19e-03%, reinicios, menos opciones 0.045%] (Knuth: ~14.8 h) | máximo colocado 53 de 64 | hilos 8 de 12
    ... 13.7 s | grupo 1/6 | 10542641 nodos | revisado 2.46e-03%, faltan ~5 días [menos opciones 1.93e-03%, menos opciones + pieza menos restrictiva 2.46e-03%, reinicios, menos opciones 0.063%] (Knuth: ~14.8 h) | máximo colocado 53 de 64 | hilos 8 de 12
    ... 15.7 s | grupo 1/6 | 12673296 nodos | revisado 2.66e-03%, faltan ~5 días [menos opciones 2.27e-03%, menos opciones + pieza menos restrictiva 2.66e-03%, reinicios, menos opciones 0.090%] (Knuth: ~14.7 h) | máximo colocado 53 de 64 | hilos 8 de 12
    ... 17.7 s | grupo 1/6 | 14817791 nodos | revisado 2.80e-03%, faltan ~6 días [menos opciones 2.59e-03%, menos opciones + pieza menos restrictiva 2.80e-03%, reinicios, menos opciones 0.098%] (Knuth: ~14.7 h) | máximo colocado 53 de 64 | hilos 8 de 12
    ... 19.7 s | grupo 1/6 | 16959523 nodos | revisado 3.04e-03%, faltan ~6 días [menos opciones 2.76e-03%, menos opciones + pieza menos restrictiva 3.04e-03%, reinicios, menos opciones 0.103%] (Knuth: ~14.7 h) | máximo colocado 53 de 64 | hilos 8 de 12
    ... 21.7 s | grupo 1/6 | 19078028 nodos | revisado 3.21e-03%, faltan ~7 días [menos opciones 2.99e-03%, menos opciones + pieza menos restrictiva 3.21e-03%, reinicios, menos opciones 0.111%] (Knuth: ~14.7 h) | máximo colocado 53 de 64 | hilos 8 de 12
    ... 23.7 s | grupo 1/6 | 21189733 nodos | revisado 3.46e-03%, faltan ~7 días [menos opciones 3.25e-03%, menos opciones + pieza menos restrictiva 3.46e-03%, reinicios, menos opciones 0.118%] (Knuth: ~14.7 h) | máximo colocado 53 de 64 | hilos 8 de 12
    ... 25.7 s | grupo 1/6 | 23269559 nodos | revisado 3.51e-03%, faltan ~7 días [menos opciones 3.45e-03%, menos opciones + pieza menos restrictiva 3.51e-03%, reinicios, menos opciones 0.125%] (Knuth: ~14.7 h) | máximo colocado 54 de 64 | hilos 8 de 12
    ... 27.7 s | grupo 1/6 | 25349831 nodos | revisado 3.65e-03%, faltan ~8 días [menos opciones 3.56e-03%, menos opciones + pieza menos restrictiva 3.65e-03%, reinicios, menos opciones 0.137%] (Knuth: ~14.7 h) | máximo colocado 54 de 64 | hilos 8 de 12
    ... 29.8 s | grupo 1/6 | 27434193 nodos | revisado 3.87e-03%, faltan ~8 días [menos opciones 3.79e-03%, menos opciones + pieza menos restrictiva 3.87e-03%, reinicios, menos opciones 0.145%] (Knuth: ~14.7 h) | máximo colocado 54 de 64 | hilos 8 de 12
    ... 31.8 s | grupo 1/6 | 29502100 nodos | revisado 4.04e-03%, faltan ~8 días [menos opciones 3.87e-03%, menos opciones + pieza menos restrictiva 4.04e-03%, reinicios, menos opciones 0.159%] (Knuth: ~14.8 h) | máximo colocado 54 de 64 | hilos 8 de 12
    ... 33.8 s | grupo 1/6 | 31596479 nodos | revisado 4.16e-03%, faltan ~8 días [menos opciones 4.01e-03%, menos opciones + pieza menos restrictiva 4.16e-03%, reinicios, menos opciones 0.169%] (Knuth: ~14.8 h) | máximo colocado 54 de 64 | hilos 8 de 12
    ... 35.8 s | grupo 1/6 | 33725229 nodos | revisado 4.40e-03%, faltan ~8 días [menos opciones 4.38e-03%, menos opciones + pieza menos restrictiva 4.40e-03%, reinicios, menos opciones 0.174%] (Knuth: ~14.8 h) | máximo colocado 56 de 64 | hilos 8 de 12
    ... 37.8 s | grupo 1/6 | 35818576 nodos | revisado 4.60e-03%, faltan ~9 días [menos opciones 4.49e-03%, menos opciones + pieza menos restrictiva 4.60e-03%, reinicios, menos opciones 0.182%] (Knuth: ~14.8 h) | máximo colocado 56 de 64 | hilos 8 de 12
    ... 39.8 s | grupo 1/6 | 37929118 nodos | revisado 4.79e-03%, faltan ~9 días [menos opciones 4.61e-03%, menos opciones + pieza menos restrictiva 4.79e-03%, reinicios, menos opciones 0.184%] (Knuth: ~14.8 h) | máximo colocado 56 de 64 | hilos 8 de 12
    ... 41.8 s | grupo 1/6 | 40081684 nodos | revisado 4.93e-03%, faltan ~9 días [menos opciones 4.81e-03%, menos opciones + pieza menos restrictiva 4.93e-03%, reinicios, menos opciones 0.189%] (Knuth: ~14.8 h) | máximo colocado 56 de 64 | hilos 8 de 12
    ... 43.8 s | grupo 1/6 | 42194912 nodos | revisado 5.05e-03%, faltan ~9 días [menos opciones 5.05e-03%, menos opciones + pieza menos restrictiva 4.95e-03%, reinicios, menos opciones 0.202%] (Knuth: ~14.7 h) | máximo colocado 56 de 64 | hilos 8 de 12
    ... 45.8 s | grupo 1/6 | 44294527 nodos | revisado 5.27e-03%, faltan ~9 días [menos opciones 5.23e-03%, menos opciones + pieza menos restrictiva 5.27e-03%, reinicios, menos opciones 0.215%] (Knuth: ~14.8 h) | máximo colocado 56 de 64 | hilos 8 de 12
    ... 47.8 s | grupo 1/6 | 46401337 nodos | revisado 5.84e-03%, faltan ~9 días [menos opciones 5.40e-03%, menos opciones + pieza menos restrictiva 5.84e-03%, reinicios, menos opciones 0.219%] (Knuth: ~14.8 h) | máximo colocado 56 de 64 | hilos 8 de 12
    ... 49.8 s | grupo 1/6 | 48501867 nodos | revisado 5.99e-03%, faltan ~9 días [menos opciones 5.69e-03%, menos opciones + pieza menos restrictiva 5.99e-03%, reinicios, menos opciones 0.227%] (Knuth: ~14.8 h) | máximo colocado 56 de 64 | hilos 8 de 12
    ... 51.8 s | grupo 1/6 | 50591619 nodos | revisado 6.30e-03%, faltan ~9 días [menos opciones 6.30e-03%, menos opciones + pieza menos restrictiva 6.16e-03%, reinicios, menos opciones 0.239%] (Knuth: ~14.8 h) | máximo colocado 56 de 64 | hilos 8 de 12
    ... 53.8 s | grupo 1/6 | 52702562 nodos | revisado 6.79e-03%, faltan ~9 días [menos opciones 6.79e-03%, menos opciones + pieza menos restrictiva 6.36e-03%, reinicios, menos opciones 0.247%] (Knuth: ~14.8 h) | máximo colocado 56 de 64 | hilos 8 de 12
    ... 55.8 s | grupo 1/6 | 54843124 nodos | revisado 7.20e-03%, faltan ~8 días [menos opciones 7.20e-03%, menos opciones + pieza menos restrictiva 6.56e-03%, reinicios, menos opciones 0.252%] (Knuth: ~14.7 h) | máximo colocado 56 de 64 | hilos 8 de 12
    ... 57.8 s | grupo 1/6 | 56984708 nodos | revisado 7.54e-03%, faltan ~8 días [menos opciones 7.54e-03%, menos opciones + pieza menos restrictiva 6.83e-03%, reinicios, menos opciones 0.265%] (Knuth: ~14.7 h) | máximo colocado 56 de 64 | hilos 8 de 12
    ... 59.8 s | grupo 1/6 | 59099158 nodos | revisado 7.82e-03%, faltan ~8 días [menos opciones 7.82e-03%, menos opciones + pieza menos restrictiva 7.11e-03%, reinicios, menos opciones 0.271%] (Knuth: ~14.7 h) | máximo colocado 56 de 64 | hilos 8 de 12
    ... 61.8 s | grupo 1/6 | 61220104 nodos | revisado 8.05e-03%, faltan ~8 días [menos opciones 8.05e-03%, menos opciones + pieza menos restrictiva 7.42e-03%, reinicios, menos opciones 0.275%] (Knuth: ~14.7 h) | máximo colocado 56 de 64 | hilos 8 de 12
    ... 63.8 s | grupo 1/6 | 63344135 nodos | revisado 8.67e-03%, faltan ~8 días [menos opciones 8.67e-03%, menos opciones + pieza menos restrictiva 7.57e-03%, reinicios, menos opciones 0.295%] (Knuth: ~14.7 h) | máximo colocado 56 de 64 | hilos 8 de 12
    ... 65.8 s | grupo 1/6 | 65430681 nodos | revisado 9.32e-03%, faltan ~8 días [menos opciones 9.32e-03%, menos opciones + pieza menos restrictiva 7.72e-03%, reinicios, menos opciones 0.307%] (Knuth: ~14.7 h) | máximo colocado 56 de 64 | hilos 8 de 12
    ... 67.8 s | grupo 1/6 | 67533155 nodos | revisado 9.54e-03%, faltan ~8 días [menos opciones 9.54e-03%, menos opciones + pieza menos restrictiva 7.80e-03%, reinicios, menos opciones 0.311%] (Knuth: ~14.7 h) | máximo colocado 56 de 64 | hilos 8 de 12
    ... 69.8 s | grupo 1/6 | 69546271 nodos | revisado 9.73e-03%, faltan ~8 días [menos opciones 9.73e-03%, menos opciones + pieza menos restrictiva 7.90e-03%, reinicios, menos opciones 0.317%] (Knuth: ~14.8 h) | máximo colocado 56 de 64 | hilos 8 de 12
    ... 71.8 s | grupo 1/6 | 71640088 nodos | revisado 9.98e-03%, faltan ~8 días [menos opciones 9.98e-03%, menos opciones + pieza menos restrictiva 8.34e-03%, reinicios, menos opciones 0.327%] (Knuth: ~14.8 h) | máximo colocado 56 de 64 | hilos 8 de 12
    ... 73.8 s | grupo 1/6 | 73692435 nodos | revisado 0.010%, faltan ~8 días [menos opciones 0.010%, menos opciones + pieza menos restrictiva 8.57e-03%, reinicios, menos opciones 0.333%] (Knuth: ~14.8 h) | máximo colocado 56 de 64 | hilos 8 de 12
    ... 75.9 s | grupo 1/6 | 75782986 nodos | revisado 0.011%, faltan ~8 días [menos opciones 0.011%, menos opciones + pieza menos restrictiva 9.09e-03%, reinicios, menos opciones 0.340%] (Knuth: ~14.8 h) | máximo colocado 56 de 64 | hilos 8 de 12
    ... 77.9 s | grupo 1/6 | 77875423 nodos | revisado 0.011%, faltan ~8 días [menos opciones 0.011%, menos opciones + pieza menos restrictiva 9.69e-03%, reinicios, menos opciones 0.350%] (Knuth: ~14.8 h) | máximo colocado 56 de 64 | hilos 8 de 12
    ... 79.9 s | grupo 1/6 | 79945922 nodos | revisado 0.011%, faltan ~8 días [menos opciones 0.011%, menos opciones + pieza menos restrictiva 0.011%, reinicios, menos opciones 0.356%] (Knuth: ~14.8 h) | máximo colocado 56 de 64 | hilos 8 de 12
    ... 81.9 s | grupo 1/6 | 82014641 nodos | revisado 0.012%, faltan ~8 días [menos opciones 0.012%, menos opciones + pieza menos restrictiva 0.012%, reinicios, menos opciones 0.361%] (Knuth: ~14.8 h) | máximo colocado 56 de 64 | hilos 8 de 12
    ... 83.9 s | grupo 1/6 | 84069104 nodos | revisado 0.012%, faltan ~8 días [menos opciones 0.012%, menos opciones + pieza menos restrictiva 0.012%, reinicios, menos opciones 0.362%] (Knuth: ~14.8 h) | máximo colocado 56 de 64 | hilos 8 de 12
    ... 85.9 s | grupo 1/6 | 86089966 nodos | revisado 0.013%, faltan ~8 días [menos opciones 0.012%, menos opciones + pieza menos restrictiva 0.013%, reinicios, menos opciones 0.364%] (Knuth: ~14.8 h) | máximo colocado 56 de 64 | hilos 8 de 12
    ... 87.9 s | grupo 1/6 | 88142267 nodos | revisado 0.014%, faltan ~7 días [menos opciones 0.012%, menos opciones + pieza menos restrictiva 0.014%, reinicios, menos opciones 0.367%] (Knuth: ~14.8 h) | máximo colocado 56 de 64 | hilos 8 de 12
    ... 89.9 s | grupo 1/6 | 90164434 nodos | revisado 0.014%, faltan ~7 días [menos opciones 0.012%, menos opciones + pieza menos restrictiva 0.014%, reinicios, menos opciones 0.371%] (Knuth: ~14.8 h) | máximo colocado 56 de 64 | hilos 8 de 12
    ... 91.9 s | grupo 1/6 | 92224833 nodos | revisado 0.014%, faltan ~7 días [menos opciones 0.013%, menos opciones + pieza menos restrictiva 0.014%, reinicios, menos opciones 0.372%] (Knuth: ~14.8 h) | máximo colocado 56 de 64 | hilos 8 de 12
    ... 93.9 s | grupo 1/6 | 94292505 nodos | revisado 0.014%, faltan ~7 días [menos opciones 0.013%, menos opciones + pieza menos restrictiva 0.014%, reinicios, menos opciones 0.374%] (Knuth: ~14.8 h) | máximo colocado 56 de 64 | hilos 8 de 12
    ... 95.9 s | grupo 1/6 | 96365930 nodos | revisado 0.015%, faltan ~7 días [menos opciones 0.013%, menos opciones + pieza menos restrictiva 0.015%, reinicios, menos opciones 0.376%] (Knuth: ~14.8 h) | máximo colocado 56 de 64 | hilos 8 de 12
    ... 97.9 s | grupo 1/6 | 98406981 nodos | revisado 0.015%, faltan ~7 días [menos opciones 0.014%, menos opciones + pieza menos restrictiva 0.015%, reinicios, menos opciones 0.380%] (Knuth: ~14.8 h) | máximo colocado 56 de 64 | hilos 8 de 12
    ... 99.9 s | grupo 1/6 | 100463059 nodos | revisado 0.016%, faltan ~7 días [menos opciones 0.014%, menos opciones + pieza menos restrictiva 0.016%, reinicios, menos opciones 0.383%] (Knuth: ~14.9 h) | máximo colocado 56 de 64 | hilos 8 de 12
    ... 101.9 s | grupo 1/6 | 102515416 nodos | revisado 0.016%, faltan ~7 días [menos opciones 0.014%, menos opciones + pieza menos restrictiva 0.016%, reinicios, menos opciones 0.387%] (Knuth: ~14.9 h) | máximo colocado 56 de 64 | hilos 8 de 12
    ... 103.9 s | grupo 1/6 | 104553586 nodos | revisado 0.017%, faltan ~7 días [menos opciones 0.014%, menos opciones + pieza menos restrictiva 0.017%, reinicios, menos opciones 0.393%] (Knuth: ~14.9 h) | máximo colocado 56 de 64 | hilos 8 de 12
    ... 105.9 s | grupo 1/6 | 106618153 nodos | revisado 0.017%, faltan ~7 días [menos opciones 0.014%, menos opciones + pieza menos restrictiva 0.017%, reinicios, menos opciones 0.415%] (Knuth: ~14.9 h) | máximo colocado 56 de 64 | hilos 8 de 12
    ... 107.9 s | grupo 1/6 | 108681159 nodos | revisado 0.017%, faltan ~7 días [menos opciones 0.014%, menos opciones + pieza menos restrictiva 0.017%, reinicios, menos opciones 0.421%] (Knuth: ~14.9 h) | máximo colocado 56 de 64 | hilos 8 de 12
    ... 109.9 s | grupo 1/6 | 110736465 nodos | revisado 0.018%, faltan ~7 días [menos opciones 0.014%, menos opciones + pieza menos restrictiva 0.018%, reinicios, menos opciones 0.489%] (Knuth: ~14.9 h) | máximo colocado 56 de 64 | hilos 8 de 12
    ... 111.9 s | grupo 1/6 | 112834567 nodos | revisado 0.018%, faltan ~7 días [menos opciones 0.015%, menos opciones + pieza menos restrictiva 0.018%, reinicios, menos opciones 0.503%] (Knuth: ~14.9 h) | máximo colocado 56 de 64 | hilos 8 de 12
    ... 113.9 s | grupo 1/6 | 114939748 nodos | revisado 0.019%, faltan ~7 días [menos opciones 0.015%, menos opciones + pieza menos restrictiva 0.019%, reinicios, menos opciones 0.508%] (Knuth: ~14.9 h) | máximo colocado 56 de 64 | hilos 8 de 12
    ... 115.9 s | grupo 1/6 | 117021774 nodos | revisado 0.019%, faltan ~7 días [menos opciones 0.015%, menos opciones + pieza menos restrictiva 0.019%, reinicios, menos opciones 0.518%] (Knuth: ~14.9 h) | máximo colocado 56 de 64 | hilos 8 de 12
    ... 117.9 s | grupo 1/6 | 119101713 nodos | revisado 0.019%, faltan ~7 días [menos opciones 0.015%, menos opciones + pieza menos restrictiva 0.019%, reinicios, menos opciones 0.525%] (Knuth: ~14.9 h) | máximo colocado 56 de 64 | hilos 8 de 12
    ... 119.9 s | grupo 1/6 | 121195822 nodos | revisado 0.020%, faltan ~7 días [menos opciones 0.015%, menos opciones + pieza menos restrictiva 0.020%, reinicios, menos opciones 0.542%] (Knuth: ~14.9 h) | máximo colocado 56 de 64 | hilos 8 de 12
    ... 122.0 s | grupo 1/6 | 123274648 nodos | revisado 0.020%, faltan ~7 días [menos opciones 0.015%, menos opciones + pieza menos restrictiva 0.020%, reinicios, menos opciones 0.557%] (Knuth: ~14.9 h) | máximo colocado 56 de 64 | hilos 8 de 12
    ... 124.0 s | grupo 1/6 | 125344136 nodos | revisado 0.021%, faltan ~7 días [menos opciones 0.015%, menos opciones + pieza menos restrictiva 0.021%, reinicios, menos opciones 0.561%] (Knuth: ~14.9 h) | máximo colocado 56 de 64 | hilos 8 de 12
    ... 126.0 s | grupo 1/6 | 127428724 nodos | revisado 0.021%, faltan ~7 días [menos opciones 0.015%, menos opciones + pieza menos restrictiva 0.021%, reinicios, menos opciones 0.564%] (Knuth: ~14.9 h) | máximo colocado 56 de 64 | hilos 8 de 12
    ... 128.0 s | grupo 1/6 | 129520651 nodos | revisado 0.023%, faltan ~6 días [menos opciones 0.015%, menos opciones + pieza menos restrictiva 0.023%, reinicios, menos opciones 0.566%] (Knuth: ~14.9 h) | máximo colocado 56 de 64 | hilos 8 de 12
    ... 130.0 s | grupo 1/6 | 131590452 nodos | revisado 0.024%, faltan ~6 días [menos opciones 0.015%, menos opciones + pieza menos restrictiva 0.024%, reinicios, menos opciones 0.569%] (Knuth: ~14.9 h) | máximo colocado 56 de 64 | hilos 8 de 12
    ... 132.0 s | grupo 1/6 | 133670309 nodos | revisado 0.024%, faltan ~6 días [menos opciones 0.016%, menos opciones + pieza menos restrictiva 0.024%, reinicios, menos opciones 0.577%] (Knuth: ~14.9 h) | máximo colocado 56 de 64 | hilos 8 de 12
    ... 134.0 s | grupo 1/6 | 135734232 nodos | revisado 0.025%, faltan ~6 días [menos opciones 0.016%, menos opciones + pieza menos restrictiva 0.025%, reinicios, menos opciones 0.585%] (Knuth: ~14.9 h) | máximo colocado 56 de 64 | hilos 8 de 12
    ... 136.0 s | grupo 1/6 | 137803859 nodos | revisado 0.026%, faltan ~6 días [menos opciones 0.016%, menos opciones + pieza menos restrictiva 0.026%, reinicios, menos opciones 0.597%] (Knuth: ~14.9 h) | máximo colocado 56 de 64 | hilos 8 de 12
    ... 138.0 s | grupo 1/6 | 139894215 nodos | revisado 0.026%, faltan ~6 días [menos opciones 0.016%, menos opciones + pieza menos restrictiva 0.026%, reinicios, menos opciones 0.609%] (Knuth: ~14.9 h) | máximo colocado 56 de 64 | hilos 8 de 12
    ... 140.0 s | grupo 1/6 | 142006381 nodos | revisado 0.026%, faltan ~6 días [menos opciones 0.016%, menos opciones + pieza menos restrictiva 0.026%, reinicios, menos opciones 0.616%] (Knuth: ~14.9 h) | máximo colocado 56 de 64 | hilos 8 de 12
    ... 142.0 s | grupo 1/6 | 144065838 nodos | revisado 0.026%, faltan ~6 días [menos opciones 0.016%, menos opciones + pieza menos restrictiva 0.026%, reinicios, menos opciones 0.669%] (Knuth: ~14.9 h) | máximo colocado 56 de 64 | hilos 8 de 12
    ... 144.0 s | grupo 1/6 | 146133253 nodos | revisado 0.027%, faltan ~6 días [menos opciones 0.016%, menos opciones + pieza menos restrictiva 0.027%, reinicios, menos opciones 0.674%] (Knuth: ~14.9 h) | máximo colocado 56 de 64 | hilos 8 de 12
    ... 146.0 s | grupo 1/6 | 148176977 nodos | revisado 0.027%, faltan ~6 días [menos opciones 0.017%, menos opciones + pieza menos restrictiva 0.027%, reinicios, menos opciones 0.680%] (Knuth: ~14.9 h) | máximo colocado 56 de 64 | hilos 8 de 12
    ... 148.0 s | grupo 1/6 | 150220123 nodos | revisado 0.027%, faltan ~6 días [menos opciones 0.017%, menos opciones + pieza menos restrictiva 0.027%, reinicios, menos opciones 0.690%] (Knuth: ~14.9 h) | máximo colocado 56 de 64 | hilos 8 de 12
    ... 150.0 s | grupo 1/6 | 152287998 nodos | revisado 0.028%, faltan ~6 días [menos opciones 0.017%, menos opciones + pieza menos restrictiva 0.028%, reinicios, menos opciones 0.706%] (Knuth: ~14.9 h) | máximo colocado 56 de 64 | hilos 8 de 12
    ... 152.0 s | grupo 1/6 | 154328753 nodos | revisado 0.028%, faltan ~6 días [menos opciones 0.017%, menos opciones + pieza menos restrictiva 0.028%, reinicios, menos opciones 0.713%] (Knuth: ~14.9 h) | máximo colocado 56 de 64 | hilos 8 de 12
    ... 154.0 s | grupo 1/6 | 156361500 nodos | revisado 0.028%, faltan ~6 días [menos opciones 0.017%, menos opciones + pieza menos restrictiva 0.028%, reinicios, menos opciones 0.718%] (Knuth: ~14.9 h) | máximo colocado 56 de 64 | hilos 8 de 12
    ... 156.0 s | grupo 1/6 | 158421651 nodos | revisado 0.029%, faltan ~6 días [menos opciones 0.017%, menos opciones + pieza menos restrictiva 0.029%, reinicios, menos opciones 0.722%] (Knuth: ~14.9 h) | máximo colocado 56 de 64 | hilos 8 de 12
    ... 158.0 s | grupo 1/6 | 160461565 nodos | revisado 0.029%, faltan ~6 días [menos opciones 0.017%, menos opciones + pieza menos restrictiva 0.029%, reinicios, menos opciones 0.729%] (Knuth: ~14.9 h) | máximo colocado 56 de 64 | hilos 8 de 12
    ... 160.0 s | grupo 1/6 | 162525288 nodos | revisado 0.029%, faltan ~6 días [menos opciones 0.017%, menos opciones + pieza menos restrictiva 0.029%, reinicios, menos opciones 0.735%] (Knuth: ~14.9 h) | máximo colocado 56 de 64 | hilos 8 de 12
    ... 162.0 s | grupo 1/6 | 164633202 nodos | revisado 0.029%, faltan ~6 días [menos opciones 0.018%, menos opciones + pieza menos restrictiva 0.029%, reinicios, menos opciones 0.742%] (Knuth: ~14.9 h) | máximo colocado 56 de 64 | hilos 8 de 12
    portafolio: encontró la solución el equipo "menos opciones" (nodos: menos opciones 60619284, menos opciones + pieza menos restrictiva 46232576, reinicios, menos opciones 59750400)
[4] Grupo 1: SOLUCIÓN. Verificación: OK
[5] Tiempo total: 3 min
RESULTADO resuelto=1 ms=163972.0 marcos=0 nodos=166602260 grupos=1/6 hilos=12 t_marcos=0.000 t_interior=160.279 lados=0 unificado=1 max_colocadas=64
