[0] Tablero 8x8, 11 colores, 12 hilos
[1] Esquina fija (1,4). 6 grupos, orden por coste: 1.26e+17 1.26e+17 1.26e+17 1.26e+17 1.28e+17 1.28e+17
    grupo 1, orden menos opciones: estimado 2.28e+11 nodos
    grupo 1, orden interior primero: estimado 2.09e+11 nodos
    grupo 2, orden menos opciones: estimado 2.78e+11 nodos
    grupo 2, orden interior primero: estimado 1.55e+11 nodos
    grupo 3, orden menos opciones: estimado 4.66e+11 nodos
    grupo 3, orden interior primero: estimado 1.35e+12 nodos
    grupo 4, orden menos opciones: estimado 2.43e+11 nodos
    grupo 4, orden interior primero: estimado 1.93e+11 nodos
    grupo 5, orden menos opciones: estimado 2.04e+11 nodos
    grupo 5, orden interior primero: estimado 3.06e+11 nodos
    grupo 6, orden menos opciones: estimado 2.42e+11 nodos
    grupo 6, orden interior primero: estimado 1.79e+11 nodos
[1] Estimado de Knuth por grupo (nodos): 2.28e+11 2.78e+11 4.66e+11 2.43e+11 2.04e+11 2.42e+11   (i) = interior primero
[2] Grupo 1/6: ruta unificada (mapas por lado), orden: PORTAFOLIO de 4 equipos (2 órdenes, normal y al azar)
    ... 5.7 s | grupo 1/6 | 2224650 nodos | revisado 6.68e-04%, faltan ~3 días [menos opciones 6.68e-04%, menos opciones + pieza menos restrictiva 2.83e-05%, reinicios, menos opciones 4.05e-03%] (Knuth: ~2 días) | máximo colocado 52 de 64 | hilos 8 de 12
    ... 7.7 s | grupo 1/6 | 4420691 nodos | revisado 1.30e-03%, faltan ~4 días [menos opciones 1.30e-03%, menos opciones + pieza menos restrictiva 6.68e-05%, reinicios, menos opciones 6.19e-03%] (Knuth: ~2 días) | máximo colocado 52 de 64 | hilos 8 de 12
    ... 9.7 s | grupo 1/6 | 6578177 nodos | revisado 1.40e-03%, faltan ~5 días [menos opciones 1.40e-03%, menos opciones + pieza menos restrictiva 9.40e-05%, reinicios, menos opciones 0.016%] (Knuth: ~2 días) | máximo colocado 52 de 64 | hilos 8 de 12
    ... 11.7 s | grupo 1/6 | 8763921 nodos | revisado 1.64e-03%, faltan ~6 días [menos opciones 1.64e-03%, menos opciones + pieza menos restrictiva 1.15e-04%, reinicios, menos opciones 0.020%] (Knuth: ~2 días) | máximo colocado 52 de 64 | hilos 8 de 12
    ... 13.7 s | grupo 1/6 | 10959804 nodos | revisado 2.12e-03%, faltan ~5 días [menos opciones 2.12e-03%, menos opciones + pieza menos restrictiva 1.58e-04%, reinicios, menos opciones 0.024%] (Knuth: ~2 días) | máximo colocado 52 de 64 | hilos 8 de 12
    ... 15.7 s | grupo 1/6 | 13154582 nodos | revisado 2.56e-03%, faltan ~5 días [menos opciones 2.56e-03%, menos opciones + pieza menos restrictiva 2.15e-04%, reinicios, menos opciones 0.025%] (Knuth: ~2 días) | máximo colocado 52 de 64 | hilos 8 de 12
    ... 17.7 s | grupo 1/6 | 15335892 nodos | revisado 2.80e-03%, faltan ~6 días [menos opciones 2.80e-03%, menos opciones + pieza menos restrictiva 2.55e-04%, reinicios, menos opciones 0.026%] (Knuth: ~2 días) | máximo colocado 52 de 64 | hilos 8 de 12
    ... 19.7 s | grupo 1/6 | 17511271 nodos | revisado 3.03e-03%, faltan ~6 días [menos opciones 3.03e-03%, menos opciones + pieza menos restrictiva 2.88e-04%, reinicios, menos opciones 0.028%] (Knuth: ~2 días) | máximo colocado 52 de 64 | hilos 8 de 12
    ... 21.7 s | grupo 1/6 | 19687927 nodos | revisado 3.11e-03%, faltan ~7 días [menos opciones 3.11e-03%, menos opciones + pieza menos restrictiva 3.23e-04%, reinicios, menos opciones 0.030%] (Knuth: ~2 días) | máximo colocado 52 de 64 | hilos 8 de 12
    ... 23.7 s | grupo 1/6 | 21879975 nodos | revisado 3.33e-03%, faltan ~7 días [menos opciones 3.33e-03%, menos opciones + pieza menos restrictiva 3.56e-04%, reinicios, menos opciones 0.036%] (Knuth: ~2 días) | máximo colocado 52 de 64 | hilos 8 de 12
    ... 25.7 s | grupo 1/6 | 24077879 nodos | revisado 3.70e-03%, faltan ~7 días [menos opciones 3.70e-03%, menos opciones + pieza menos restrictiva 4.06e-04%, reinicios, menos opciones 0.040%] (Knuth: ~2 días) | máximo colocado 52 de 64 | hilos 8 de 12
    ... 27.7 s | grupo 1/6 | 26268923 nodos | revisado 3.93e-03%, faltan ~7 días [menos opciones 3.93e-03%, menos opciones + pieza menos restrictiva 4.21e-04%, reinicios, menos opciones 0.042%] (Knuth: ~2 días) | máximo colocado 52 de 64 | hilos 8 de 12
    ... 29.7 s | grupo 1/6 | 28474311 nodos | revisado 4.08e-03%, faltan ~7 días [menos opciones 4.08e-03%, menos opciones + pieza menos restrictiva 4.53e-04%, reinicios, menos opciones 0.044%] (Knuth: ~2 días) | máximo colocado 52 de 64 | hilos 8 de 12
    ... 31.7 s | grupo 1/6 | 30669108 nodos | revisado 4.36e-03%, faltan ~7 días [menos opciones 4.36e-03%, menos opciones + pieza menos restrictiva 4.81e-04%, reinicios, menos opciones 0.049%] (Knuth: ~2 días) | máximo colocado 52 de 64 | hilos 8 de 12
    ... 33.7 s | grupo 1/6 | 32860445 nodos | revisado 4.80e-03%, faltan ~7 días [menos opciones 4.80e-03%, menos opciones + pieza menos restrictiva 5.25e-04%, reinicios, menos opciones 0.052%] (Knuth: ~2 días) | máximo colocado 52 de 64 | hilos 8 de 12
    ... 35.7 s | grupo 1/6 | 35066710 nodos | revisado 5.93e-03%, faltan ~6 días [menos opciones 5.93e-03%, menos opciones + pieza menos restrictiva 6.14e-04%, reinicios, menos opciones 0.055%] (Knuth: ~2 días) | máximo colocado 52 de 64 | hilos 8 de 12
    ... 37.7 s | grupo 1/6 | 37250766 nodos | revisado 6.77e-03%, faltan ~6 días [menos opciones 6.77e-03%, menos opciones + pieza menos restrictiva 6.68e-04%, reinicios, menos opciones 0.056%] (Knuth: ~2 días) | máximo colocado 53 de 64 | hilos 8 de 12
    ... 39.7 s | grupo 1/6 | 39399015 nodos | revisado 6.88e-03%, faltan ~6 días [menos opciones 6.88e-03%, menos opciones + pieza menos restrictiva 7.12e-04%, reinicios, menos opciones 0.057%] (Knuth: ~2 días) | máximo colocado 53 de 64 | hilos 8 de 12
    ... 41.7 s | grupo 1/6 | 41575778 nodos | revisado 7.30e-03%, faltan ~6 días [menos opciones 7.30e-03%, menos opciones + pieza menos restrictiva 7.39e-04%, reinicios, menos opciones 0.061%] (Knuth: ~2 días) | máximo colocado 53 de 64 | hilos 8 de 12
    ... 43.7 s | grupo 1/6 | 43761834 nodos | revisado 7.68e-03%, faltan ~6 días [menos opciones 7.68e-03%, menos opciones + pieza menos restrictiva 7.95e-04%, reinicios, menos opciones 0.062%] (Knuth: ~2 días) | máximo colocado 53 de 64 | hilos 8 de 12
    ... 45.7 s | grupo 1/6 | 45939189 nodos | revisado 8.14e-03%, faltan ~6 días [menos opciones 8.14e-03%, menos opciones + pieza menos restrictiva 8.25e-04%, reinicios, menos opciones 0.066%] (Knuth: ~2 días) | máximo colocado 53 de 64 | hilos 8 de 12
    ... 47.8 s | grupo 1/6 | 48156162 nodos | revisado 8.55e-03%, faltan ~6 días [menos opciones 8.55e-03%, menos opciones + pieza menos restrictiva 8.75e-04%, reinicios, menos opciones 0.071%] (Knuth: ~2 días) | máximo colocado 53 de 64 | hilos 8 de 12
    ... 49.8 s | grupo 1/6 | 50338224 nodos | revisado 8.80e-03%, faltan ~6 días [menos opciones 8.80e-03%, menos opciones + pieza menos restrictiva 9.32e-04%, reinicios, menos opciones 0.075%] (Knuth: ~2 días) | máximo colocado 53 de 64 | hilos 8 de 12
    ... 51.8 s | grupo 1/6 | 52507383 nodos | revisado 8.94e-03%, faltan ~6 días [menos opciones 8.94e-03%, menos opciones + pieza menos restrictiva 9.84e-04%, reinicios, menos opciones 0.082%] (Knuth: ~2 días) | máximo colocado 53 de 64 | hilos 8 de 12
    ... 53.8 s | grupo 1/6 | 54696978 nodos | revisado 9.15e-03%, faltan ~6 días [menos opciones 9.15e-03%, menos opciones + pieza menos restrictiva 1.04e-03%, reinicios, menos opciones 0.084%] (Knuth: ~2 días) | máximo colocado 53 de 64 | hilos 8 de 12
    ... 55.8 s | grupo 1/6 | 56857827 nodos | revisado 9.34e-03%, faltan ~6 días [menos opciones 9.34e-03%, menos opciones + pieza menos restrictiva 1.08e-03%, reinicios, menos opciones 0.085%] (Knuth: ~2 días) | máximo colocado 53 de 64 | hilos 8 de 12
    ... 57.8 s | grupo 1/6 | 59064158 nodos | revisado 9.47e-03%, faltan ~7 días [menos opciones 9.47e-03%, menos opciones + pieza menos restrictiva 1.13e-03%, reinicios, menos opciones 0.087%] (Knuth: ~2 días) | máximo colocado 53 de 64 | hilos 8 de 12
    ... 59.8 s | grupo 1/6 | 61267319 nodos | revisado 9.68e-03%, faltan ~7 días [menos opciones 9.68e-03%, menos opciones + pieza menos restrictiva 1.18e-03%, reinicios, menos opciones 0.094%] (Knuth: ~2 días) | máximo colocado 53 de 64 | hilos 8 de 12
    ... 61.8 s | grupo 1/6 | 63486259 nodos | revisado 0.010%, faltan ~7 días [menos opciones 0.010%, menos opciones + pieza menos restrictiva 1.20e-03%, reinicios, menos opciones 0.096%] (Knuth: ~2 días) | máximo colocado 53 de 64 | hilos 8 de 12
    ... 63.8 s | grupo 1/6 | 65726110 nodos | revisado 0.011%, faltan ~6 días [menos opciones 0.011%, menos opciones + pieza menos restrictiva 1.25e-03%, reinicios, menos opciones 0.099%] (Knuth: ~2 días) | máximo colocado 53 de 64 | hilos 8 de 12
    ... 65.8 s | grupo 1/6 | 67948297 nodos | revisado 0.012%, faltan ~6 días [menos opciones 0.012%, menos opciones + pieza menos restrictiva 1.30e-03%, reinicios, menos opciones 0.100%] (Knuth: ~2 días) | máximo colocado 53 de 64 | hilos 8 de 12
    ... 67.8 s | grupo 1/6 | 70134748 nodos | revisado 0.012%, faltan ~6 días [menos opciones 0.012%, menos opciones + pieza menos restrictiva 1.35e-03%, reinicios, menos opciones 0.105%] (Knuth: ~2 días) | máximo colocado 53 de 64 | hilos 8 de 12
    ... 69.8 s | grupo 1/6 | 72338796 nodos | revisado 0.013%, faltan ~6 días [menos opciones 0.013%, menos opciones + pieza menos restrictiva 1.47e-03%, reinicios, menos opciones 0.107%] (Knuth: ~2 días) | máximo colocado 53 de 64 | hilos 8 de 12
    ... 71.8 s | grupo 1/6 | 74564010 nodos | revisado 0.013%, faltan ~6 días [menos opciones 0.013%, menos opciones + pieza menos restrictiva 1.55e-03%, reinicios, menos opciones 0.108%] (Knuth: ~2 días) | máximo colocado 53 de 64 | hilos 8 de 12
    ... 73.8 s | grupo 1/6 | 76774781 nodos | revisado 0.013%, faltan ~6 días [menos opciones 0.013%, menos opciones + pieza menos restrictiva 1.58e-03%, reinicios, menos opciones 0.111%] (Knuth: ~2 días) | máximo colocado 53 de 64 | hilos 8 de 12
    ... 75.8 s | grupo 1/6 | 79003363 nodos | revisado 0.013%, faltan ~6 días [menos opciones 0.013%, menos opciones + pieza menos restrictiva 1.61e-03%, reinicios, menos opciones 0.113%] (Knuth: ~2 días) | máximo colocado 53 de 64 | hilos 8 de 12
    ... 77.8 s | grupo 1/6 | 81210622 nodos | revisado 0.013%, faltan ~7 días [menos opciones 0.013%, menos opciones + pieza menos restrictiva 1.65e-03%, reinicios, menos opciones 0.115%] (Knuth: ~2 días) | máximo colocado 53 de 64 | hilos 8 de 12
    ... 79.8 s | grupo 1/6 | 83435335 nodos | revisado 0.013%, faltan ~7 días [menos opciones 0.013%, menos opciones + pieza menos restrictiva 1.69e-03%, reinicios, menos opciones 0.116%] (Knuth: ~2 días) | máximo colocado 53 de 64 | hilos 8 de 12
    ... 81.8 s | grupo 1/6 | 85648195 nodos | revisado 0.014%, faltan ~7 días [menos opciones 0.014%, menos opciones + pieza menos restrictiva 1.73e-03%, reinicios, menos opciones 0.119%] (Knuth: ~2 días) | máximo colocado 53 de 64 | hilos 8 de 12
    ... 83.8 s | grupo 1/6 | 87851851 nodos | revisado 0.014%, faltan ~7 días [menos opciones 0.014%, menos opciones + pieza menos restrictiva 1.78e-03%, reinicios, menos opciones 0.123%] (Knuth: ~2 días) | máximo colocado 53 de 64 | hilos 8 de 12
    ... 85.8 s | grupo 1/6 | 90061508 nodos | revisado 0.014%, faltan ~7 días [menos opciones 0.014%, menos opciones + pieza menos restrictiva 1.85e-03%, reinicios, menos opciones 0.125%] (Knuth: ~2 días) | máximo colocado 53 de 64 | hilos 8 de 12
    ... 87.8 s | grupo 1/6 | 92287772 nodos | revisado 0.015%, faltan ~7 días [menos opciones 0.015%, menos opciones + pieza menos restrictiva 1.89e-03%, reinicios, menos opciones 0.127%] (Knuth: ~2 días) | máximo colocado 53 de 64 | hilos 8 de 12
    ... 89.8 s | grupo 1/6 | 94485590 nodos | revisado 0.015%, faltan ~7 días [menos opciones 0.015%, menos opciones + pieza menos restrictiva 1.95e-03%, reinicios, menos opciones 0.131%] (Knuth: ~2 días) | máximo colocado 53 de 64 | hilos 8 de 12
    ... 91.9 s | grupo 1/6 | 96673688 nodos | revisado 0.015%, faltan ~7 días [menos opciones 0.015%, menos opciones + pieza menos restrictiva 2.04e-03%, reinicios, menos opciones 0.133%] (Knuth: ~2 días) | máximo colocado 53 de 64 | hilos 8 de 12
    ... 93.9 s | grupo 1/6 | 98874944 nodos | revisado 0.015%, faltan ~7 días [menos opciones 0.015%, menos opciones + pieza menos restrictiva 2.11e-03%, reinicios, menos opciones 0.137%] (Knuth: ~2 días) | máximo colocado 53 de 64 | hilos 8 de 12
    ... 95.9 s | grupo 1/6 | 101092491 nodos | revisado 0.015%, faltan ~7 días [menos opciones 0.015%, menos opciones + pieza menos restrictiva 2.16e-03%, reinicios, menos opciones 0.139%] (Knuth: ~2 días) | máximo colocado 53 de 64 | hilos 8 de 12
    ... 97.9 s | grupo 1/6 | 103239439 nodos | revisado 0.016%, faltan ~7 días [menos opciones 0.016%, menos opciones + pieza menos restrictiva 2.20e-03%, reinicios, menos opciones 0.140%] (Knuth: ~2 días) | máximo colocado 53 de 64 | hilos 8 de 12
    ... 99.9 s | grupo 1/6 | 105457204 nodos | revisado 0.017%, faltan ~7 días [menos opciones 0.017%, menos opciones + pieza menos restrictiva 2.23e-03%, reinicios, menos opciones 0.142%] (Knuth: ~2 días) | máximo colocado 53 de 64 | hilos 8 de 12
    ... 101.9 s | grupo 1/6 | 107690115 nodos | revisado 0.017%, faltan ~7 días [menos opciones 0.017%, menos opciones + pieza menos restrictiva 2.28e-03%, reinicios, menos opciones 0.146%] (Knuth: ~2 días) | máximo colocado 53 de 64 | hilos 8 de 12
    ... 103.9 s | grupo 1/6 | 109905441 nodos | revisado 0.018%, faltan ~6 días [menos opciones 0.018%, menos opciones + pieza menos restrictiva 2.31e-03%, reinicios, menos opciones 0.147%] (Knuth: ~2 días) | máximo colocado 53 de 64 | hilos 8 de 12
    ... 105.9 s | grupo 1/6 | 112163679 nodos | revisado 0.018%, faltan ~7 días [menos opciones 0.018%, menos opciones + pieza menos restrictiva 2.35e-03%, reinicios, menos opciones 0.149%] (Knuth: ~2 días) | máximo colocado 53 de 64 | hilos 8 de 12
    ... 107.9 s | grupo 1/6 | 114393293 nodos | revisado 0.018%, faltan ~7 días [menos opciones 0.018%, menos opciones + pieza menos restrictiva 2.40e-03%, reinicios, menos opciones 0.152%] (Knuth: ~2 días) | máximo colocado 53 de 64 | hilos 8 de 12
    ... 109.9 s | grupo 1/6 | 116640945 nodos | revisado 0.019%, faltan ~7 días [menos opciones 0.019%, menos opciones + pieza menos restrictiva 2.44e-03%, reinicios, menos opciones 0.154%] (Knuth: ~2 días) | máximo colocado 53 de 64 | hilos 8 de 12
    ... 111.9 s | grupo 1/6 | 118865720 nodos | revisado 0.019%, faltan ~7 días [menos opciones 0.019%, menos opciones + pieza menos restrictiva 2.50e-03%, reinicios, menos opciones 0.156%] (Knuth: ~2 días) | máximo colocado 53 de 64 | hilos 8 de 12
    ... 113.9 s | grupo 1/6 | 121097049 nodos | revisado 0.020%, faltan ~6 días [menos opciones 0.020%, menos opciones + pieza menos restrictiva 2.55e-03%, reinicios, menos opciones 0.158%] (Knuth: ~2 días) | máximo colocado 53 de 64 | hilos 8 de 12
    ... 115.9 s | grupo 1/6 | 123340985 nodos | revisado 0.021%, faltan ~6 días [menos opciones 0.021%, menos opciones + pieza menos restrictiva 2.61e-03%, reinicios, menos opciones 0.158%] (Knuth: ~2 días) | máximo colocado 54 de 64 | hilos 8 de 12
    ... 117.9 s | grupo 1/6 | 125585579 nodos | revisado 0.022%, faltan ~6 días [menos opciones 0.022%, menos opciones + pieza menos restrictiva 2.70e-03%, reinicios, menos opciones 0.159%] (Knuth: ~2 días) | máximo colocado 54 de 64 | hilos 8 de 12
    ... 119.9 s | grupo 1/6 | 127781832 nodos | revisado 0.022%, faltan ~6 días [menos opciones 0.022%, menos opciones + pieza menos restrictiva 2.77e-03%, reinicios, menos opciones 0.160%] (Knuth: ~2 días) | máximo colocado 54 de 64 | hilos 8 de 12
    ... 121.9 s | grupo 1/6 | 129963763 nodos | revisado 0.022%, faltan ~6 días [menos opciones 0.022%, menos opciones + pieza menos restrictiva 2.82e-03%, reinicios, menos opciones 0.169%] (Knuth: ~2 días) | máximo colocado 54 de 64 | hilos 8 de 12
    ... 123.9 s | grupo 1/6 | 132209085 nodos | revisado 0.022%, faltan ~6 días [menos opciones 0.022%, menos opciones + pieza menos restrictiva 2.88e-03%, reinicios, menos opciones 0.172%] (Knuth: ~2 días) | máximo colocado 54 de 64 | hilos 8 de 12
    ... 125.9 s | grupo 1/6 | 134470730 nodos | revisado 0.022%, faltan ~6 días [menos opciones 0.022%, menos opciones + pieza menos restrictiva 2.96e-03%, reinicios, menos opciones 0.177%] (Knuth: ~2 días) | máximo colocado 54 de 64 | hilos 8 de 12
    ... 127.9 s | grupo 1/6 | 136677536 nodos | revisado 0.023%, faltan ~6 días [menos opciones 0.023%, menos opciones + pieza menos restrictiva 3.03e-03%, reinicios, menos opciones 0.184%] (Knuth: ~2 días) | máximo colocado 54 de 64 | hilos 8 de 12
    ... 129.9 s | grupo 1/6 | 138895956 nodos | revisado 0.023%, faltan ~6 días [menos opciones 0.023%, menos opciones + pieza menos restrictiva 3.13e-03%, reinicios, menos opciones 0.186%] (Knuth: ~2 días) | máximo colocado 54 de 64 | hilos 8 de 12
    ... 131.9 s | grupo 1/6 | 141114026 nodos | revisado 0.023%, faltan ~6 días [menos opciones 0.023%, menos opciones + pieza menos restrictiva 3.34e-03%, reinicios, menos opciones 0.189%] (Knuth: ~2 días) | máximo colocado 54 de 64 | hilos 8 de 12
    ... 133.9 s | grupo 1/6 | 143360254 nodos | revisado 0.023%, faltan ~6 días [menos opciones 0.023%, menos opciones + pieza menos restrictiva 3.59e-03%, reinicios, menos opciones 0.191%] (Knuth: ~2 días) | máximo colocado 54 de 64 | hilos 8 de 12
    ... 135.9 s | grupo 1/6 | 145585499 nodos | revisado 0.024%, faltan ~6 días [menos opciones 0.024%, menos opciones + pieza menos restrictiva 3.82e-03%, reinicios, menos opciones 0.193%] (Knuth: ~2 días) | máximo colocado 54 de 64 | hilos 8 de 12
    ... 138.0 s | grupo 1/6 | 147823309 nodos | revisado 0.024%, faltan ~6 días [menos opciones 0.024%, menos opciones + pieza menos restrictiva 3.91e-03%, reinicios, menos opciones 0.203%] (Knuth: ~2 días) | máximo colocado 54 de 64 | hilos 8 de 12
    ... 140.0 s | grupo 1/6 | 150043556 nodos | revisado 0.024%, faltan ~6 días [menos opciones 0.024%, menos opciones + pieza menos restrictiva 4.02e-03%, reinicios, menos opciones 0.206%] (Knuth: ~2 días) | máximo colocado 54 de 64 | hilos 8 de 12
    ... 142.0 s | grupo 1/6 | 152274333 nodos | revisado 0.025%, faltan ~6 días [menos opciones 0.025%, menos opciones + pieza menos restrictiva 4.17e-03%, reinicios, menos opciones 0.212%] (Knuth: ~2 días) | máximo colocado 54 de 64 | hilos 8 de 12
    ... 144.0 s | grupo 1/6 | 154477143 nodos | revisado 0.025%, faltan ~6 días [menos opciones 0.025%, menos opciones + pieza menos restrictiva 4.32e-03%, reinicios, menos opciones 0.214%] (Knuth: ~2 días) | máximo colocado 54 de 64 | hilos 8 de 12
    ... 146.0 s | grupo 1/6 | 156668155 nodos | revisado 0.026%, faltan ~6 días [menos opciones 0.026%, menos opciones + pieza menos restrictiva 4.67e-03%, reinicios, menos opciones 0.215%] (Knuth: ~2 días) | máximo colocado 54 de 64 | hilos 8 de 12
    ... 148.0 s | grupo 1/6 | 158846100 nodos | revisado 0.026%, faltan ~6 días [menos opciones 0.026%, menos opciones + pieza menos restrictiva 5.51e-03%, reinicios, menos opciones 0.215%] (Knuth: ~2 días) | máximo colocado 54 de 64 | hilos 8 de 12
    ... 150.0 s | grupo 1/6 | 161030082 nodos | revisado 0.027%, faltan ~6 días [menos opciones 0.027%, menos opciones + pieza menos restrictiva 5.86e-03%, reinicios, menos opciones 0.217%] (Knuth: ~2 días) | máximo colocado 54 de 64 | hilos 8 de 12
    ... 152.0 s | grupo 1/6 | 163141895 nodos | revisado 0.027%, faltan ~6 días [menos opciones 0.027%, menos opciones + pieza menos restrictiva 6.01e-03%, reinicios, menos opciones 0.217%] (Knuth: ~2 días) | máximo colocado 54 de 64 | hilos 8 de 12
    ... 154.0 s | grupo 1/6 | 165360067 nodos | revisado 0.028%, faltan ~6 días [menos opciones 0.028%, menos opciones + pieza menos restrictiva 6.15e-03%, reinicios, menos opciones 0.221%] (Knuth: ~2 días) | máximo colocado 54 de 64 | hilos 8 de 12
    ... 156.0 s | grupo 1/6 | 167628347 nodos | revisado 0.029%, faltan ~6 días [menos opciones 0.029%, menos opciones + pieza menos restrictiva 6.27e-03%, reinicios, menos opciones 0.229%] (Knuth: ~2 días) | máximo colocado 54 de 64 | hilos 8 de 12
    ... 158.0 s | grupo 1/6 | 169884584 nodos | revisado 0.031%, faltan ~6 días [menos opciones 0.031%, menos opciones + pieza menos restrictiva 6.43e-03%, reinicios, menos opciones 0.231%] (Knuth: ~2 días) | máximo colocado 54 de 64 | hilos 8 de 12
    ... 160.0 s | grupo 1/6 | 172149805 nodos | revisado 0.031%, faltan ~6 días [menos opciones 0.031%, menos opciones + pieza menos restrictiva 6.56e-03%, reinicios, menos opciones 0.233%] (Knuth: ~2 días) | máximo colocado 54 de 64 | hilos 8 de 12
    ... 162.0 s | grupo 1/6 | 174418851 nodos | revisado 0.032%, faltan ~6 días [menos opciones 0.032%, menos opciones + pieza menos restrictiva 6.72e-03%, reinicios, menos opciones 0.242%] (Knuth: ~2 días) | máximo colocado 54 de 64 | hilos 8 de 12
    ... 164.0 s | grupo 1/6 | 176688227 nodos | revisado 0.033%, faltan ~6 días [menos opciones 0.033%, menos opciones + pieza menos restrictiva 6.86e-03%, reinicios, menos opciones 0.244%] (Knuth: ~2 días) | máximo colocado 54 de 64 | hilos 8 de 12
    ... 166.0 s | grupo 1/6 | 178892244 nodos | revisado 0.033%, faltan ~6 días [menos opciones 0.033%, menos opciones + pieza menos restrictiva 6.96e-03%, reinicios, menos opciones 0.245%] (Knuth: ~2 días) | máximo colocado 54 de 64 | hilos 8 de 12
    ... 168.0 s | grupo 1/6 | 181138486 nodos | revisado 0.034%, faltan ~6 días [menos opciones 0.034%, menos opciones + pieza menos restrictiva 7.01e-03%, reinicios, menos opciones 0.247%] (Knuth: ~2 días) | máximo colocado 54 de 64 | hilos 8 de 12
    ... 170.0 s | grupo 1/6 | 183374033 nodos | revisado 0.034%, faltan ~6 días [menos opciones 0.034%, menos opciones + pieza menos restrictiva 7.14e-03%, reinicios, menos opciones 0.250%] (Knuth: ~2 días) | máximo colocado 54 de 64 | hilos 8 de 12
    ... 172.0 s | grupo 1/6 | 185626815 nodos | revisado 0.034%, faltan ~6 días [menos opciones 0.034%, menos opciones + pieza menos restrictiva 7.34e-03%, reinicios, menos opciones 0.253%] (Knuth: ~2 días) | máximo colocado 54 de 64 | hilos 8 de 12
    ... 174.0 s | grupo 1/6 | 187846763 nodos | revisado 0.035%, faltan ~6 días [menos opciones 0.035%, menos opciones + pieza menos restrictiva 7.44e-03%, reinicios, menos opciones 0.255%] (Knuth: ~2 días) | máximo colocado 54 de 64 | hilos 8 de 12
    ... 176.0 s | grupo 1/6 | 190067016 nodos | revisado 0.035%, faltan ~6 días [menos opciones 0.035%, menos opciones + pieza menos restrictiva 7.60e-03%, reinicios, menos opciones 0.256%] (Knuth: ~2 días) | máximo colocado 54 de 64 | hilos 8 de 12
    ... 178.0 s | grupo 1/6 | 192333652 nodos | revisado 0.035%, faltan ~6 días [menos opciones 0.035%, menos opciones + pieza menos restrictiva 7.73e-03%, reinicios, menos opciones 0.260%] (Knuth: ~2 días) | máximo colocado 54 de 64 | hilos 8 de 12
    ... 180.0 s | grupo 1/6 | 194565810 nodos | revisado 0.036%, faltan ~6 días [menos opciones 0.036%, menos opciones + pieza menos restrictiva 7.94e-03%, reinicios, menos opciones 0.261%] (Knuth: ~2 días) | máximo colocado 54 de 64 | hilos 8 de 12
    ... 182.1 s | grupo 1/6 | 196762852 nodos | revisado 0.036%, faltan ~6 días [menos opciones 0.036%, menos opciones + pieza menos restrictiva 8.13e-03%, reinicios, menos opciones 0.261%] (Knuth: ~2 días) | máximo colocado 54 de 64 | hilos 8 de 12
    ... 184.1 s | grupo 1/6 | 198950095 nodos | revisado 0.036%, faltan ~6 días [menos opciones 0.036%, menos opciones + pieza menos restrictiva 8.31e-03%, reinicios, menos opciones 0.262%] (Knuth: ~2 días) | máximo colocado 54 de 64 | hilos 8 de 12
    ... 186.1 s | grupo 1/6 | 201127192 nodos | revisado 0.036%, faltan ~6 días [menos opciones 0.036%, menos opciones + pieza menos restrictiva 8.40e-03%, reinicios, menos opciones 0.263%] (Knuth: ~2 días) | máximo colocado 54 de 64 | hilos 8 de 12
    ... 188.1 s | grupo 1/6 | 203299065 nodos | revisado 0.037%, faltan ~6 días [menos opciones 0.037%, menos opciones + pieza menos restrictiva 8.47e-03%, reinicios, menos opciones 0.266%] (Knuth: ~2 días) | máximo colocado 54 de 64 | hilos 8 de 12
    ... 190.1 s | grupo 1/6 | 205512922 nodos | revisado 0.037%, faltan ~6 días [menos opciones 0.037%, menos opciones + pieza menos restrictiva 8.62e-03%, reinicios, menos opciones 0.269%] (Knuth: ~2 días) | máximo colocado 54 de 64 | hilos 8 de 12
    ... 192.1 s | grupo 1/6 | 207728823 nodos | revisado 0.038%, faltan ~6 días [menos opciones 0.038%, menos opciones + pieza menos restrictiva 8.73e-03%, reinicios, menos opciones 0.270%] (Knuth: ~2 días) | máximo colocado 54 de 64 | hilos 8 de 12
    ... 194.1 s | grupo 1/6 | 209907512 nodos | revisado 0.039%, faltan ~6 días [menos opciones 0.039%, menos opciones + pieza menos restrictiva 8.83e-03%, reinicios, menos opciones 0.273%] (Knuth: ~2 días) | máximo colocado 54 de 64 | hilos 8 de 12
    ... 196.1 s | grupo 1/6 | 212113997 nodos | revisado 0.039%, faltan ~6 días [menos opciones 0.039%, menos opciones + pieza menos restrictiva 8.96e-03%, reinicios, menos opciones 0.286%] (Knuth: ~2 días) | máximo colocado 54 de 64 | hilos 8 de 12
    ... 198.1 s | grupo 1/6 | 214317702 nodos | revisado 0.040%, faltan ~6 días [menos opciones 0.040%, menos opciones + pieza menos restrictiva 9.07e-03%, reinicios, menos opciones 0.287%] (Knuth: ~2 días) | máximo colocado 54 de 64 | hilos 8 de 12
    ... 200.1 s | grupo 1/6 | 216552865 nodos | revisado 0.040%, faltan ~6 días [menos opciones 0.040%, menos opciones + pieza menos restrictiva 9.21e-03%, reinicios, menos opciones 0.288%] (Knuth: ~2 días) | máximo colocado 54 de 64 | hilos 8 de 12
    ... 202.1 s | grupo 1/6 | 218789522 nodos | revisado 0.041%, faltan ~6 días [menos opciones 0.041%, menos opciones + pieza menos restrictiva 9.33e-03%, reinicios, menos opciones 0.291%] (Knuth: ~2 días) | máximo colocado 54 de 64 | hilos 8 de 12
    ... 204.1 s | grupo 1/6 | 221014234 nodos | revisado 0.041%, faltan ~6 días [menos opciones 0.041%, menos opciones + pieza menos restrictiva 9.47e-03%, reinicios, menos opciones 0.292%] (Knuth: ~2 días) | máximo colocado 54 de 64 | hilos 8 de 12
    ... 206.1 s | grupo 1/6 | 223189048 nodos | revisado 0.041%, faltan ~6 días [menos opciones 0.041%, menos opciones + pieza menos restrictiva 9.52e-03%, reinicios, menos opciones 0.293%] (Knuth: ~2 días) | máximo colocado 54 de 64 | hilos 8 de 12
    ... 208.1 s | grupo 1/6 | 225379712 nodos | revisado 0.041%, faltan ~6 días [menos opciones 0.041%, menos opciones + pieza menos restrictiva 9.57e-03%, reinicios, menos opciones 0.295%] (Knuth: ~2 días) | máximo colocado 54 de 64 | hilos 8 de 12
    ... 210.1 s | grupo 1/6 | 227493501 nodos | revisado 0.042%, faltan ~6 días [menos opciones 0.042%, menos opciones + pieza menos restrictiva 9.66e-03%, reinicios, menos opciones 0.304%] (Knuth: ~2 días) | máximo colocado 54 de 64 | hilos 8 de 12
    ... 212.1 s | grupo 1/6 | 229654079 nodos | revisado 0.042%, faltan ~6 días [menos opciones 0.042%, menos opciones + pieza menos restrictiva 9.76e-03%, reinicios, menos opciones 0.306%] (Knuth: ~2 días) | máximo colocado 54 de 64 | hilos 8 de 12
    ... 214.1 s | grupo 1/6 | 231838948 nodos | revisado 0.043%, faltan ~6 días [menos opciones 0.043%, menos opciones + pieza menos restrictiva 9.80e-03%, reinicios, menos opciones 0.313%] (Knuth: ~2 días) | máximo colocado 54 de 64 | hilos 8 de 12
    ... 216.1 s | grupo 1/6 | 234070295 nodos | revisado 0.044%, faltan ~6 días [menos opciones 0.044%, menos opciones + pieza menos restrictiva 9.86e-03%, reinicios, menos opciones 0.314%] (Knuth: ~2 días) | máximo colocado 54 de 64 | hilos 8 de 12
    ... 218.1 s | grupo 1/6 | 236285378 nodos | revisado 0.044%, faltan ~6 días [menos opciones 0.044%, menos opciones + pieza menos restrictiva 0.010%, reinicios, menos opciones 0.314%] (Knuth: ~2 días) | máximo colocado 54 de 64 | hilos 8 de 12
    ... 220.1 s | grupo 1/6 | 238533530 nodos | revisado 0.045%, faltan ~6 días [menos opciones 0.045%, menos opciones + pieza menos restrictiva 0.010%, reinicios, menos opciones 0.316%] (Knuth: ~2 días) | máximo colocado 54 de 64 | hilos 8 de 12
    ... 222.1 s | grupo 1/6 | 240753091 nodos | revisado 0.045%, faltan ~6 días [menos opciones 0.045%, menos opciones + pieza menos restrictiva 0.010%, reinicios, menos opciones 0.317%] (Knuth: ~2 días) | máximo colocado 54 de 64 | hilos 8 de 12
    ... 224.1 s | grupo 1/6 | 242987781 nodos | revisado 0.045%, faltan ~6 días [menos opciones 0.045%, menos opciones + pieza menos restrictiva 0.010%, reinicios, menos opciones 0.319%] (Knuth: ~2 días) | máximo colocado 54 de 64 | hilos 8 de 12
    ... 226.2 s | grupo 1/6 | 245259476 nodos | revisado 0.046%, faltan ~6 días [menos opciones 0.046%, menos opciones + pieza menos restrictiva 0.010%, reinicios, menos opciones 0.323%] (Knuth: ~2 días) | máximo colocado 54 de 64 | hilos 8 de 12
    ... 228.2 s | grupo 1/6 | 247537169 nodos | revisado 0.047%, faltan ~6 días [menos opciones 0.047%, menos opciones + pieza menos restrictiva 0.010%, reinicios, menos opciones 0.330%] (Knuth: ~2 días) | máximo colocado 54 de 64 | hilos 8 de 12
    ... 230.2 s | grupo 1/6 | 249827395 nodos | revisado 0.047%, faltan ~6 días [menos opciones 0.047%, menos opciones + pieza menos restrictiva 0.011%, reinicios, menos opciones 0.333%] (Knuth: ~2 días) | máximo colocado 54 de 64 | hilos 8 de 12
    ... 232.2 s | grupo 1/6 | 252143481 nodos | revisado 0.047%, faltan ~6 días [menos opciones 0.047%, menos opciones + pieza menos restrictiva 0.011%, reinicios, menos opciones 0.334%] (Knuth: ~2 días) | máximo colocado 54 de 64 | hilos 8 de 12
    ... 234.2 s | grupo 1/6 | 254439886 nodos | revisado 0.048%, faltan ~6 días [menos opciones 0.048%, menos opciones + pieza menos restrictiva 0.011%, reinicios, menos opciones 0.336%] (Knuth: ~2 días) | máximo colocado 54 de 64 | hilos 8 de 12
    ... 236.2 s | grupo 1/6 | 256673594 nodos | revisado 0.048%, faltan ~6 días [menos opciones 0.048%, menos opciones + pieza menos restrictiva 0.011%, reinicios, menos opciones 0.344%] (Knuth: ~2 días) | máximo colocado 54 de 64 | hilos 8 de 12
    ... 238.2 s | grupo 1/6 | 258948427 nodos | revisado 0.049%, faltan ~6 días [menos opciones 0.049%, menos opciones + pieza menos restrictiva 0.011%, reinicios, menos opciones 0.349%] (Knuth: ~2 días) | máximo colocado 54 de 64 | hilos 8 de 12
    ... 240.2 s | grupo 1/6 | 261204221 nodos | revisado 0.049%, faltan ~6 días [menos opciones 0.049%, menos opciones + pieza menos restrictiva 0.011%, reinicios, menos opciones 0.357%] (Knuth: ~2 días) | máximo colocado 54 de 64 | hilos 8 de 12
    ... 242.2 s | grupo 1/6 | 263468838 nodos | revisado 0.050%, faltan ~6 días [menos opciones 0.050%, menos opciones + pieza menos restrictiva 0.012%, reinicios, menos opciones 0.364%] (Knuth: ~2 días) | máximo colocado 54 de 64 | hilos 8 de 12
    ... 244.2 s | grupo 1/6 | 265729553 nodos | revisado 0.051%, faltan ~5 días [menos opciones 0.051%, menos opciones + pieza menos restrictiva 0.012%, reinicios, menos opciones 0.373%] (Knuth: ~2 días) | máximo colocado 54 de 64 | hilos 8 de 12
    ... 246.2 s | grupo 1/6 | 267956621 nodos | revisado 0.051%, faltan ~5 días [menos opciones 0.051%, menos opciones + pieza menos restrictiva 0.012%, reinicios, menos opciones 0.377%] (Knuth: ~2 días) | máximo colocado 54 de 64 | hilos 8 de 12
    ... 248.2 s | grupo 1/6 | 270147986 nodos | revisado 0.053%, faltan ~5 días [menos opciones 0.053%, menos opciones + pieza menos restrictiva 0.012%, reinicios, menos opciones 0.381%] (Knuth: ~2 días) | máximo colocado 54 de 64 | hilos 8 de 12
    ... 250.2 s | grupo 1/6 | 272401431 nodos | revisado 0.054%, faltan ~5 días [menos opciones 0.054%, menos opciones + pieza menos restrictiva 0.012%, reinicios, menos opciones 0.387%] (Knuth: ~2 días) | máximo colocado 54 de 64 | hilos 8 de 12
    ... 252.2 s | grupo 1/6 | 274623861 nodos | revisado 0.055%, faltan ~5 días [menos opciones 0.055%, menos opciones + pieza menos restrictiva 0.012%, reinicios, menos opciones 0.391%] (Knuth: ~2 días) | máximo colocado 54 de 64 | hilos 8 de 12
    ... 254.2 s | grupo 1/6 | 276901882 nodos | revisado 0.056%, faltan ~5 días [menos opciones 0.056%, menos opciones + pieza menos restrictiva 0.012%, reinicios, menos opciones 0.393%] (Knuth: ~2 días) | máximo colocado 54 de 64 | hilos 8 de 12
    ... 256.2 s | grupo 1/6 | 279158117 nodos | revisado 0.056%, faltan ~5 días [menos opciones 0.056%, menos opciones + pieza menos restrictiva 0.012%, reinicios, menos opciones 0.395%] (Knuth: ~2 días) | máximo colocado 54 de 64 | hilos 8 de 12
    ... 258.2 s | grupo 1/6 | 281405179 nodos | revisado 0.056%, faltan ~5 días [menos opciones 0.056%, menos opciones + pieza menos restrictiva 0.013%, reinicios, menos opciones 0.397%] (Knuth: ~2 días) | máximo colocado 54 de 64 | hilos 8 de 12
    ... 260.2 s | grupo 1/6 | 283666954 nodos | revisado 0.057%, faltan ~5 días [menos opciones 0.057%, menos opciones + pieza menos restrictiva 0.013%, reinicios, menos opciones 0.399%] (Knuth: ~2 días) | máximo colocado 54 de 64 | hilos 8 de 12
    ... 262.2 s | grupo 1/6 | 285900239 nodos | revisado 0.058%, faltan ~5 días [menos opciones 0.058%, menos opciones + pieza menos restrictiva 0.013%, reinicios, menos opciones 0.400%] (Knuth: ~2 días) | máximo colocado 54 de 64 | hilos 8 de 12
    ... 264.2 s | grupo 1/6 | 288173197 nodos | revisado 0.058%, faltan ~5 días [menos opciones 0.058%, menos opciones + pieza menos restrictiva 0.013%, reinicios, menos opciones 0.401%] (Knuth: ~2 días) | máximo colocado 54 de 64 | hilos 8 de 12
    ... 266.2 s | grupo 1/6 | 290434386 nodos | revisado 0.058%, faltan ~5 días [menos opciones 0.058%, menos opciones + pieza menos restrictiva 0.013%, reinicios, menos opciones 0.404%] (Knuth: ~2 días) | máximo colocado 54 de 64 | hilos 8 de 12
    ... 268.2 s | grupo 1/6 | 292635545 nodos | revisado 0.059%, faltan ~5 días [menos opciones 0.059%, menos opciones + pieza menos restrictiva 0.013%, reinicios, menos opciones 0.407%] (Knuth: ~2 días) | máximo colocado 54 de 64 | hilos 8 de 12
    ... 270.3 s | grupo 1/6 | 294894093 nodos | revisado 0.060%, faltan ~5 días [menos opciones 0.060%, menos opciones + pieza menos restrictiva 0.013%, reinicios, menos opciones 0.410%] (Knuth: ~2 días) | máximo colocado 54 de 64 | hilos 8 de 12
    ... 272.3 s | grupo 1/6 | 297127419 nodos | revisado 0.060%, faltan ~5 días [menos opciones 0.060%, menos opciones + pieza menos restrictiva 0.014%, reinicios, menos opciones 0.412%] (Knuth: ~2 días) | máximo colocado 54 de 64 | hilos 8 de 12
    ... 274.3 s | grupo 1/6 | 299368220 nodos | revisado 0.061%, faltan ~5 días [menos opciones 0.061%, menos opciones + pieza menos restrictiva 0.014%, reinicios, menos opciones 0.421%] (Knuth: ~2 días) | máximo colocado 54 de 64 | hilos 8 de 12
    ... 276.3 s | grupo 1/6 | 301630672 nodos | revisado 0.062%, faltan ~5 días [menos opciones 0.062%, menos opciones + pieza menos restrictiva 0.015%, reinicios, menos opciones 0.425%] (Knuth: ~2 días) | máximo colocado 54 de 64 | hilos 8 de 12
    ... 278.3 s | grupo 1/6 | 303869261 nodos | revisado 0.062%, faltan ~5 días [menos opciones 0.062%, menos opciones + pieza menos restrictiva 0.015%, reinicios, menos opciones 0.428%] (Knuth: ~2 días) | máximo colocado 54 de 64 | hilos 8 de 12
    ... 280.3 s | grupo 1/6 | 306092848 nodos | revisado 0.062%, faltan ~5 días [menos opciones 0.062%, menos opciones + pieza menos restrictiva 0.015%, reinicios, menos opciones 0.435%] (Knuth: ~2 días) | máximo colocado 54 de 64 | hilos 8 de 12
    ... 282.3 s | grupo 1/6 | 308323587 nodos | revisado 0.064%, faltan ~5 días [menos opciones 0.064%, menos opciones + pieza menos restrictiva 0.016%, reinicios, menos opciones 0.438%] (Knuth: ~2 días) | máximo colocado 54 de 64 | hilos 8 de 12
    ... 284.3 s | grupo 1/6 | 310568742 nodos | revisado 0.064%, faltan ~5 días [menos opciones 0.064%, menos opciones + pieza menos restrictiva 0.016%, reinicios, menos opciones 0.441%] (Knuth: ~2 días) | máximo colocado 54 de 64 | hilos 8 de 12
    ... 286.3 s | grupo 1/6 | 312791748 nodos | revisado 0.065%, faltan ~5 días [menos opciones 0.065%, menos opciones + pieza menos restrictiva 0.017%, reinicios, menos opciones 0.444%] (Knuth: ~2 días) | máximo colocado 54 de 64 | hilos 8 de 12
    ... 288.3 s | grupo 1/6 | 314979590 nodos | revisado 0.065%, faltan ~5 días [menos opciones 0.065%, menos opciones + pieza menos restrictiva 0.018%, reinicios, menos opciones 0.447%] (Knuth: ~2 días) | máximo colocado 54 de 64 | hilos 8 de 12
    ... 290.3 s | grupo 1/6 | 317198559 nodos | revisado 0.065%, faltan ~5 días [menos opciones 0.065%, menos opciones + pieza menos restrictiva 0.018%, reinicios, menos opciones 0.448%] (Knuth: ~2 días) | máximo colocado 54 de 64 | hilos 8 de 12
    ... 292.3 s | grupo 1/6 | 319405440 nodos | revisado 0.066%, faltan ~5 días [menos opciones 0.066%, menos opciones + pieza menos restrictiva 0.019%, reinicios, menos opciones 0.450%] (Knuth: ~2 días) | máximo colocado 54 de 64 | hilos 8 de 12
    ... 294.3 s | grupo 1/6 | 321592980 nodos | revisado 0.066%, faltan ~5 días [menos opciones 0.066%, menos opciones + pieza menos restrictiva 0.019%, reinicios, menos opciones 0.450%] (Knuth: ~2 días) | máximo colocado 54 de 64 | hilos 8 de 12
    ... 296.3 s | grupo 1/6 | 323824951 nodos | revisado 0.066%, faltan ~5 días [menos opciones 0.066%, menos opciones + pieza menos restrictiva 0.020%, reinicios, menos opciones 0.451%] (Knuth: ~2 días) | máximo colocado 54 de 64 | hilos 8 de 12
    ... 298.3 s | grupo 1/6 | 326043135 nodos | revisado 0.067%, faltan ~5 días [menos opciones 0.067%, menos opciones + pieza menos restrictiva 0.020%, reinicios, menos opciones 0.451%] (Knuth: ~2 días) | máximo colocado 54 de 64 | hilos 8 de 12
[4] Grupo 1: cortado por límite de tiempo
[5] Tiempo total: 5 min
RESULTADO resuelto=0 ms=300023.5 marcos=0 nodos=327867392 grupos=1/6 hilos=12 t_marcos=0.000 t_interior=296.373 lados=0 unificado=1 max_colocadas=54 motivo=limite
