[0] Tablero 8x8, 11 colores, 12 hilos
[1] Esquina fija (3,1). 6 grupos, orden por coste: 2.09e+18 2.09e+18 2.09e+18 2.09e+18 2.09e+18 2.09e+18
    grupo 1, orden menos opciones: estimado 4.91e+11 nodos
    grupo 1, orden interior primero: estimado 3.29e+11 nodos
    grupo 2, orden menos opciones: estimado 6.81e+11 nodos
    grupo 2, orden interior primero: estimado 2.17e+11 nodos
    grupo 3, orden menos opciones: estimado 4.99e+11 nodos
    grupo 3, orden interior primero: estimado 2.74e+11 nodos
    grupo 4, orden menos opciones: estimado 5.29e+11 nodos
    grupo 4, orden interior primero: estimado 6.67e+11 nodos
    grupo 5, orden menos opciones: estimado 4.73e+11 nodos
    grupo 5, orden interior primero: estimado 2.42e+11 nodos
    grupo 6, orden menos opciones: estimado 5.55e+11 nodos
    grupo 6, orden interior primero: estimado 3.64e+11 nodos
[1] Estimado de Knuth por grupo (nodos): 4.91e+11 2.17e+11(i) 4.99e+11 5.29e+11 4.73e+11 5.55e+11   (i) = interior primero
[2] Grupo 1/6: ruta unificada (mapas por lado), orden: PORTAFOLIO de 4 equipos (2 órdenes, normal y al azar)
    ... 5.7 s | grupo 1/6 | 2311994 nodos | revisado 2.49e-04%, faltan ~9 días [menos opciones 2.49e-04%, menos opciones + pieza menos restrictiva 3.97e-05%, reinicios, menos opciones 2.75e-03%] (Knuth: ~5 días) | máximo colocado 52 de 64 | hilos 8 de 12
    ... 7.7 s | grupo 1/6 | 4689050 nodos | revisado 4.44e-04%, faltan ~10 días [menos opciones 4.44e-04%, menos opciones + pieza menos restrictiva 9.37e-05%, reinicios, menos opciones 7.57e-03%] (Knuth: ~5 días) | máximo colocado 52 de 64 | hilos 8 de 12
    ... 9.7 s | grupo 1/6 | 7023064 nodos | revisado 6.32e-04%, faltan ~11 días [menos opciones 6.32e-04%, menos opciones + pieza menos restrictiva 1.41e-04%, reinicios, menos opciones 9.08e-03%] (Knuth: ~5 días) | máximo colocado 53 de 64 | hilos 8 de 12
    ... 11.7 s | grupo 1/6 | 9350482 nodos | revisado 8.20e-04%, faltan ~11 días [menos opciones 8.20e-04%, menos opciones + pieza menos restrictiva 1.99e-04%, reinicios, menos opciones 0.015%] (Knuth: ~5 días) | máximo colocado 53 de 64 | hilos 8 de 12
    ... 13.7 s | grupo 1/6 | 11690226 nodos | revisado 9.15e-04%, faltan ~13 días [menos opciones 9.15e-04%, menos opciones + pieza menos restrictiva 2.60e-04%, reinicios, menos opciones 0.016%] (Knuth: ~5 días) | máximo colocado 53 de 64 | hilos 8 de 12
    ... 15.7 s | grupo 1/6 | 14026749 nodos | revisado 1.14e-03%, faltan ~12 días [menos opciones 1.14e-03%, menos opciones + pieza menos restrictiva 3.00e-04%, reinicios, menos opciones 0.016%] (Knuth: ~5 días) | máximo colocado 53 de 64 | hilos 8 de 12
    ... 17.7 s | grupo 1/6 | 16379260 nodos | revisado 1.21e-03%, faltan ~13 días [menos opciones 1.21e-03%, menos opciones + pieza menos restrictiva 3.60e-04%, reinicios, menos opciones 0.018%] (Knuth: ~5 días) | máximo colocado 53 de 64 | hilos 8 de 12
    ... 19.7 s | grupo 1/6 | 18764645 nodos | revisado 1.35e-03%, faltan ~14 días [menos opciones 1.35e-03%, menos opciones + pieza menos restrictiva 4.16e-04%, reinicios, menos opciones 0.020%] (Knuth: ~5 días) | máximo colocado 53 de 64 | hilos 8 de 12
    ... 21.7 s | grupo 1/6 | 21132079 nodos | revisado 1.45e-03%, faltan ~14 días [menos opciones 1.45e-03%, menos opciones + pieza menos restrictiva 4.52e-04%, reinicios, menos opciones 0.023%] (Knuth: ~5 días) | máximo colocado 53 de 64 | hilos 8 de 12
    ... 23.7 s | grupo 1/6 | 23481501 nodos | revisado 1.51e-03%, faltan ~15 días [menos opciones 1.51e-03%, menos opciones + pieza menos restrictiva 5.21e-04%, reinicios, menos opciones 0.025%] (Knuth: ~5 días) | máximo colocado 53 de 64 | hilos 8 de 12
    ... 25.7 s | grupo 1/6 | 25817806 nodos | revisado 1.57e-03%, faltan ~16 días [menos opciones 1.57e-03%, menos opciones + pieza menos restrictiva 6.35e-04%, reinicios, menos opciones 0.031%] (Knuth: ~5 días) | máximo colocado 53 de 64 | hilos 8 de 12
    ... 27.7 s | grupo 1/6 | 28166520 nodos | revisado 1.66e-03%, faltan ~17 días [menos opciones 1.66e-03%, menos opciones + pieza menos restrictiva 6.82e-04%, reinicios, menos opciones 0.033%] (Knuth: ~5 días) | máximo colocado 53 de 64 | hilos 8 de 12
    ... 29.7 s | grupo 1/6 | 30561148 nodos | revisado 1.72e-03%, faltan ~18 días [menos opciones 1.72e-03%, menos opciones + pieza menos restrictiva 7.42e-04%, reinicios, menos opciones 0.036%] (Knuth: ~5 días) | máximo colocado 53 de 64 | hilos 8 de 12
    ... 31.7 s | grupo 1/6 | 32943941 nodos | revisado 1.80e-03%, faltan ~18 días [menos opciones 1.80e-03%, menos opciones + pieza menos restrictiva 8.26e-04%, reinicios, menos opciones 0.037%] (Knuth: ~5 días) | máximo colocado 53 de 64 | hilos 8 de 12
    ... 33.7 s | grupo 1/6 | 35265719 nodos | revisado 1.84e-03%, faltan ~19 días [menos opciones 1.84e-03%, menos opciones + pieza menos restrictiva 9.12e-04%, reinicios, menos opciones 0.038%] (Knuth: ~5 días) | máximo colocado 53 de 64 | hilos 8 de 12
    ... 35.7 s | grupo 1/6 | 37586427 nodos | revisado 1.90e-03%, faltan ~20 días [menos opciones 1.90e-03%, menos opciones + pieza menos restrictiva 9.91e-04%, reinicios, menos opciones 0.039%] (Knuth: ~5 días) | máximo colocado 53 de 64 | hilos 8 de 12
    ... 37.7 s | grupo 1/6 | 39902392 nodos | revisado 1.98e-03%, faltan ~20 días [menos opciones 1.98e-03%, menos opciones + pieza menos restrictiva 1.10e-03%, reinicios, menos opciones 0.041%] (Knuth: ~5 días) | máximo colocado 53 de 64 | hilos 8 de 12
    ... 39.7 s | grupo 1/6 | 42218223 nodos | revisado 2.13e-03%, faltan ~20 días [menos opciones 2.13e-03%, menos opciones + pieza menos restrictiva 1.24e-03%, reinicios, menos opciones 0.043%] (Knuth: ~5 días) | máximo colocado 53 de 64 | hilos 8 de 12
    ... 41.7 s | grupo 1/6 | 44525927 nodos | revisado 2.32e-03%, faltan ~19 días [menos opciones 2.32e-03%, menos opciones + pieza menos restrictiva 1.36e-03%, reinicios, menos opciones 0.048%] (Knuth: ~5 días) | máximo colocado 53 de 64 | hilos 8 de 12
    ... 43.8 s | grupo 1/6 | 46880451 nodos | revisado 2.48e-03%, faltan ~19 días [menos opciones 2.48e-03%, menos opciones + pieza menos restrictiva 1.42e-03%, reinicios, menos opciones 0.050%] (Knuth: ~5 días) | máximo colocado 53 de 64 | hilos 8 de 12
    ... 45.8 s | grupo 1/6 | 49205037 nodos | revisado 2.63e-03%, faltan ~19 días [menos opciones 2.63e-03%, menos opciones + pieza menos restrictiva 1.50e-03%, reinicios, menos opciones 0.051%] (Knuth: ~5 días) | máximo colocado 53 de 64 | hilos 8 de 12
    ... 47.8 s | grupo 1/6 | 51497870 nodos | revisado 2.72e-03%, faltan ~19 días [menos opciones 2.72e-03%, menos opciones + pieza menos restrictiva 1.58e-03%, reinicios, menos opciones 0.052%] (Knuth: ~5 días) | máximo colocado 53 de 64 | hilos 8 de 12
    ... 49.8 s | grupo 1/6 | 53853815 nodos | revisado 2.85e-03%, faltan ~19 días [menos opciones 2.85e-03%, menos opciones + pieza menos restrictiva 1.61e-03%, reinicios, menos opciones 0.055%] (Knuth: ~5 días) | máximo colocado 54 de 64 | hilos 8 de 12
    ... 51.8 s | grupo 1/6 | 56211204 nodos | revisado 2.99e-03%, faltan ~19 días [menos opciones 2.99e-03%, menos opciones + pieza menos restrictiva 1.67e-03%, reinicios, menos opciones 0.056%] (Knuth: ~5 días) | máximo colocado 54 de 64 | hilos 8 de 12
    ... 53.8 s | grupo 1/6 | 58521982 nodos | revisado 3.12e-03%, faltan ~19 días [menos opciones 3.12e-03%, menos opciones + pieza menos restrictiva 1.73e-03%, reinicios, menos opciones 0.059%] (Knuth: ~5 días) | máximo colocado 54 de 64 | hilos 8 de 12
    ... 55.8 s | grupo 1/6 | 60860780 nodos | revisado 3.22e-03%, faltan ~19 días [menos opciones 3.22e-03%, menos opciones + pieza menos restrictiva 1.78e-03%, reinicios, menos opciones 0.061%] (Knuth: ~5 días) | máximo colocado 54 de 64 | hilos 8 de 12
    ... 57.8 s | grupo 1/6 | 63226757 nodos | revisado 3.38e-03%, faltan ~19 días [menos opciones 3.38e-03%, menos opciones + pieza menos restrictiva 1.82e-03%, reinicios, menos opciones 0.062%] (Knuth: ~5 días) | máximo colocado 54 de 64 | hilos 8 de 12
    ... 59.8 s | grupo 1/6 | 65611919 nodos | revisado 3.53e-03%, faltan ~18 días [menos opciones 3.53e-03%, menos opciones + pieza menos restrictiva 1.85e-03%, reinicios, menos opciones 0.065%] (Knuth: ~5 días) | máximo colocado 56 de 64 | hilos 8 de 12
    ... 61.8 s | grupo 1/6 | 67982742 nodos | revisado 3.74e-03%, faltan ~18 días [menos opciones 3.74e-03%, menos opciones + pieza menos restrictiva 1.87e-03%, reinicios, menos opciones 0.066%] (Knuth: ~5 días) | máximo colocado 56 de 64 | hilos 8 de 12
    ... 63.8 s | grupo 1/6 | 70344698 nodos | revisado 3.94e-03%, faltan ~18 días [menos opciones 3.94e-03%, menos opciones + pieza menos restrictiva 1.90e-03%, reinicios, menos opciones 0.071%] (Knuth: ~5 días) | máximo colocado 56 de 64 | hilos 8 de 12
    ... 65.8 s | grupo 1/6 | 72725929 nodos | revisado 4.05e-03%, faltan ~18 días [menos opciones 4.05e-03%, menos opciones + pieza menos restrictiva 1.95e-03%, reinicios, menos opciones 0.078%] (Knuth: ~5 días) | máximo colocado 56 de 64 | hilos 8 de 12
    ... 67.8 s | grupo 1/6 | 75124620 nodos | revisado 4.12e-03%, faltan ~18 días [menos opciones 4.12e-03%, menos opciones + pieza menos restrictiva 2.02e-03%, reinicios, menos opciones 0.083%] (Knuth: ~5 días) | máximo colocado 56 de 64 | hilos 8 de 12
    ... 69.8 s | grupo 1/6 | 77528236 nodos | revisado 4.27e-03%, faltan ~18 días [menos opciones 4.27e-03%, menos opciones + pieza menos restrictiva 2.07e-03%, reinicios, menos opciones 0.085%] (Knuth: ~5 días) | máximo colocado 56 de 64 | hilos 8 de 12
    ... 71.8 s | grupo 1/6 | 79910687 nodos | revisado 4.50e-03%, faltan ~18 días [menos opciones 4.50e-03%, menos opciones + pieza menos restrictiva 2.12e-03%, reinicios, menos opciones 0.086%] (Knuth: ~5 días) | máximo colocado 56 de 64 | hilos 8 de 12
    ... 73.8 s | grupo 1/6 | 82311470 nodos | revisado 4.61e-03%, faltan ~18 días [menos opciones 4.61e-03%, menos opciones + pieza menos restrictiva 2.15e-03%, reinicios, menos opciones 0.087%] (Knuth: ~5 días) | máximo colocado 56 de 64 | hilos 8 de 12
    ... 75.8 s | grupo 1/6 | 84678084 nodos | revisado 4.81e-03%, faltan ~17 días [menos opciones 4.81e-03%, menos opciones + pieza menos restrictiva 2.22e-03%, reinicios, menos opciones 0.088%] (Knuth: ~5 días) | máximo colocado 56 de 64 | hilos 8 de 12
    ... 77.8 s | grupo 1/6 | 87014530 nodos | revisado 5.21e-03%, faltan ~16 días [menos opciones 5.21e-03%, menos opciones + pieza menos restrictiva 2.32e-03%, reinicios, menos opciones 0.093%] (Knuth: ~5 días) | máximo colocado 56 de 64 | hilos 8 de 12
    ... 79.8 s | grupo 1/6 | 89405890 nodos | revisado 5.34e-03%, faltan ~16 días [menos opciones 5.34e-03%, menos opciones + pieza menos restrictiva 2.38e-03%, reinicios, menos opciones 0.096%] (Knuth: ~5 días) | máximo colocado 56 de 64 | hilos 8 de 12
    ... 81.8 s | grupo 1/6 | 91801363 nodos | revisado 5.57e-03%, faltan ~16 días [menos opciones 5.57e-03%, menos opciones + pieza menos restrictiva 2.47e-03%, reinicios, menos opciones 0.097%] (Knuth: ~5 días) | máximo colocado 56 de 64 | hilos 8 de 12
    ... 83.8 s | grupo 1/6 | 94136031 nodos | revisado 5.86e-03%, faltan ~16 días [menos opciones 5.86e-03%, menos opciones + pieza menos restrictiva 2.50e-03%, reinicios, menos opciones 0.099%] (Knuth: ~5 días) | máximo colocado 56 de 64 | hilos 8 de 12
    ... 85.8 s | grupo 1/6 | 96529824 nodos | revisado 6.30e-03%, faltan ~15 días [menos opciones 6.30e-03%, menos opciones + pieza menos restrictiva 2.55e-03%, reinicios, menos opciones 0.103%] (Knuth: ~5 días) | máximo colocado 56 de 64 | hilos 8 de 12
    ... 87.9 s | grupo 1/6 | 98926280 nodos | revisado 6.49e-03%, faltan ~15 días [menos opciones 6.49e-03%, menos opciones + pieza menos restrictiva 2.59e-03%, reinicios, menos opciones 0.105%] (Knuth: ~5 días) | máximo colocado 56 de 64 | hilos 8 de 12
    ... 89.9 s | grupo 1/6 | 101278727 nodos | revisado 6.99e-03%, faltan ~14 días [menos opciones 6.99e-03%, menos opciones + pieza menos restrictiva 2.62e-03%, reinicios, menos opciones 0.107%] (Knuth: ~5 días) | máximo colocado 56 de 64 | hilos 8 de 12
    ... 91.9 s | grupo 1/6 | 103620211 nodos | revisado 7.12e-03%, faltan ~14 días [menos opciones 7.12e-03%, menos opciones + pieza menos restrictiva 2.66e-03%, reinicios, menos opciones 0.112%] (Knuth: ~5 días) | máximo colocado 56 de 64 | hilos 8 de 12
    ... 93.9 s | grupo 1/6 | 105941098 nodos | revisado 7.30e-03%, faltan ~14 días [menos opciones 7.30e-03%, menos opciones + pieza menos restrictiva 2.69e-03%, reinicios, menos opciones 0.116%] (Knuth: ~5 días) | máximo colocado 56 de 64 | hilos 8 de 12
    ... 95.9 s | grupo 1/6 | 108288963 nodos | revisado 7.37e-03%, faltan ~14 días [menos opciones 7.37e-03%, menos opciones + pieza menos restrictiva 2.73e-03%, reinicios, menos opciones 0.123%] (Knuth: ~5 días) | máximo colocado 56 de 64 | hilos 8 de 12
    ... 97.9 s | grupo 1/6 | 110654469 nodos | revisado 7.52e-03%, faltan ~15 días [menos opciones 7.52e-03%, menos opciones + pieza menos restrictiva 2.76e-03%, reinicios, menos opciones 0.128%] (Knuth: ~5 días) | máximo colocado 56 de 64 | hilos 8 de 12
    ... 99.9 s | grupo 1/6 | 112988545 nodos | revisado 7.73e-03%, faltan ~14 días [menos opciones 7.73e-03%, menos opciones + pieza menos restrictiva 2.80e-03%, reinicios, menos opciones 0.132%] (Knuth: ~5 días) | máximo colocado 56 de 64 | hilos 8 de 12
    ... 101.9 s | grupo 1/6 | 115355844 nodos | revisado 7.86e-03%, faltan ~14 días [menos opciones 7.86e-03%, menos opciones + pieza menos restrictiva 2.91e-03%, reinicios, menos opciones 0.133%] (Knuth: ~5 días) | máximo colocado 56 de 64 | hilos 8 de 12
    ... 103.9 s | grupo 1/6 | 117695680 nodos | revisado 8.11e-03%, faltan ~14 días [menos opciones 8.11e-03%, menos opciones + pieza menos restrictiva 3.04e-03%, reinicios, menos opciones 0.139%] (Knuth: ~5 días) | máximo colocado 56 de 64 | hilos 8 de 12
    portafolio: encontró la solución el equipo "reinicios, menos opciones" (nodos: menos opciones 43108352, menos opciones + pieza menos restrictiva 30290944, reinicios, menos opciones 45866937)
[4] Grupo 1: SOLUCIÓN. Verificación: OK
[5] Tiempo total: 105 s
RESULTADO resuelto=1 ms=105224.7 marcos=0 nodos=119266233 grupos=1/6 hilos=12 t_marcos=0.000 t_interior=101.568 lados=0 unificado=1 max_colocadas=64
