[0] Tablero 8x8, 10 colores, 12 hilos
[1] Esquina fija (2,1). 6 grupos, orden por coste: 2.63e+25 2.63e+25 2.63e+25 2.63e+25 2.63e+25 2.63e+25
    grupo 1, orden menos opciones: estimado 4.11e+12 nodos
    grupo 1, orden interior primero: estimado 1.37e+11 nodos
    grupo 2, orden menos opciones: estimado 3.2e+12 nodos
    grupo 2, orden interior primero: estimado 1.52e+11 nodos
    grupo 3, orden menos opciones: estimado 3.77e+12 nodos
    grupo 3, orden interior primero: estimado 3.96e+11 nodos
    grupo 4, orden menos opciones: estimado 3.79e+12 nodos
    grupo 4, orden interior primero: estimado 1.45e+11 nodos
    grupo 5, orden menos opciones: estimado 3.7e+12 nodos
    grupo 5, orden interior primero: estimado 1.29e+11 nodos
    grupo 6, orden menos opciones: estimado 2.71e+12 nodos
    grupo 6, orden interior primero: estimado 3.03e+11 nodos
[1] Estimado de Knuth por grupo (nodos): 1.37e+11(i) 1.52e+11(i) 3.96e+11(i) 1.45e+11(i) 1.29e+11(i) 3.03e+11(i)   (i) = interior primero
[2] Grupo 1/6: ruta unificada (mapas por lado), orden: PORTAFOLIO de 4 equipos (2 órdenes, normal y al azar)
    ... 5.7 s | grupo 1/6 | 2120371 nodos | revisado 5.7%, faltan ~33 s [interior primero 5.0%, interior primero + pieza menos restrictiva 5.7%, reinicios, interior primero 7.91e-04%] (Knuth: ~36.0 h) | máximo colocado 50 de 64 | hilos 8 de 12
    ... 7.7 s | grupo 1/6 | 4217615 nodos | revisado 5.7%, faltan ~66 s [interior primero 5.0%, interior primero + pieza menos restrictiva 5.7%, reinicios, interior primero 1.96e-03%] (Knuth: ~36.2 h) | máximo colocado 50 de 64 | hilos 8 de 12
    ... 9.7 s | grupo 1/6 | 6329380 nodos | revisado 5.7%, faltan ~99 s [interior primero 5.0%, interior primero + pieza menos restrictiva 5.7%, reinicios, interior primero 8.77e-03%] (Knuth: ~36.2 h) | máximo colocado 51 de 64 | hilos 8 de 12
    ... 11.7 s | grupo 1/6 | 8422916 nodos | revisado 5.7%, faltan ~2 min [interior primero 5.0%, interior primero + pieza menos restrictiva 5.7%, reinicios, interior primero 9.68e-03%] (Knuth: ~36.3 h) | máximo colocado 53 de 64 | hilos 8 de 12
    ... 13.7 s | grupo 1/6 | 10511439 nodos | revisado 5.7%, faltan ~3 min [interior primero 5.0%, interior primero + pieza menos restrictiva 5.7%, reinicios, interior primero 0.011%] (Knuth: ~36.3 h) | máximo colocado 53 de 64 | hilos 8 de 12
    ... 15.7 s | grupo 1/6 | 12684929 nodos | revisado 5.7%, faltan ~3 min [interior primero 5.0%, interior primero + pieza menos restrictiva 5.7%, reinicios, interior primero 0.012%] (Knuth: ~36.1 h) | máximo colocado 53 de 64 | hilos 8 de 12
    ... 17.7 s | grupo 1/6 | 14809925 nodos | revisado 5.7%, faltan ~4 min [interior primero 5.0%, interior primero + pieza menos restrictiva 5.7%, reinicios, interior primero 0.013%] (Knuth: ~36.1 h) | máximo colocado 53 de 64 | hilos 8 de 12
    ... 19.7 s | grupo 1/6 | 16973894 nodos | revisado 5.7%, faltan ~4 min [interior primero 5.0%, interior primero + pieza menos restrictiva 5.7%, reinicios, interior primero 0.014%] (Knuth: ~36.0 h) | máximo colocado 53 de 64 | hilos 8 de 12
    ... 21.7 s | grupo 1/6 | 19119421 nodos | revisado 5.7%, faltan ~5 min [interior primero 5.0%, interior primero + pieza menos restrictiva 5.7%, reinicios, interior primero 0.014%] (Knuth: ~36.0 h) | máximo colocado 53 de 64 | hilos 8 de 12
    ... 23.7 s | grupo 1/6 | 21217331 nodos | revisado 5.7%, faltan ~6 min [interior primero 5.0%, interior primero + pieza menos restrictiva 5.7%, reinicios, interior primero 0.015%] (Knuth: ~36.0 h) | máximo colocado 53 de 64 | hilos 8 de 12
    ... 25.7 s | grupo 1/6 | 23366185 nodos | revisado 5.7%, faltan ~6 min [interior primero 5.0%, interior primero + pieza menos restrictiva 5.7%, reinicios, interior primero 0.018%] (Knuth: ~36.0 h) | máximo colocado 53 de 64 | hilos 8 de 12
    ... 27.7 s | grupo 1/6 | 25489423 nodos | revisado 5.7%, faltan ~7 min [interior primero 5.0%, interior primero + pieza menos restrictiva 5.7%, reinicios, interior primero 0.019%] (Knuth: ~36.0 h) | máximo colocado 53 de 64 | hilos 8 de 12
    ... 29.7 s | grupo 1/6 | 27616978 nodos | revisado 5.7%, faltan ~7 min [interior primero 5.0%, interior primero + pieza menos restrictiva 5.7%, reinicios, interior primero 0.020%] (Knuth: ~36.0 h) | máximo colocado 53 de 64 | hilos 8 de 12
    ... 31.7 s | grupo 1/6 | 29742599 nodos | revisado 5.7%, faltan ~8 min [interior primero 5.0%, interior primero + pieza menos restrictiva 5.7%, reinicios, interior primero 0.020%] (Knuth: ~36.0 h) | máximo colocado 53 de 64 | hilos 8 de 12
    ... 33.7 s | grupo 1/6 | 31879233 nodos | revisado 5.7%, faltan ~8 min [interior primero 5.0%, interior primero + pieza menos restrictiva 5.7%, reinicios, interior primero 0.021%] (Knuth: ~35.9 h) | máximo colocado 53 de 64 | hilos 8 de 12
    ... 35.7 s | grupo 1/6 | 33997449 nodos | revisado 5.7%, faltan ~9 min [interior primero 5.0%, interior primero + pieza menos restrictiva 5.7%, reinicios, interior primero 0.023%] (Knuth: ~36.0 h) | máximo colocado 53 de 64 | hilos 8 de 12
    ... 37.7 s | grupo 1/6 | 36104383 nodos | revisado 5.7%, faltan ~9 min [interior primero 5.0%, interior primero + pieza menos restrictiva 5.7%, reinicios, interior primero 0.024%] (Knuth: ~36.0 h) | máximo colocado 53 de 64 | hilos 8 de 12
    ... 39.7 s | grupo 1/6 | 38243118 nodos | revisado 5.7%, faltan ~10 min [interior primero 5.0%, interior primero + pieza menos restrictiva 5.7%, reinicios, interior primero 0.024%] (Knuth: ~36.0 h) | máximo colocado 53 de 64 | hilos 8 de 12
    ... 41.7 s | grupo 1/6 | 40369924 nodos | revisado 5.7%, faltan ~10 min [interior primero 5.0%, interior primero + pieza menos restrictiva 5.7%, reinicios, interior primero 0.024%] (Knuth: ~36.0 h) | máximo colocado 53 de 64 | hilos 8 de 12
    ... 43.7 s | grupo 1/6 | 42475625 nodos | revisado 5.7%, faltan ~11 min [interior primero 5.0%, interior primero + pieza menos restrictiva 5.7%, reinicios, interior primero 0.025%] (Knuth: ~36.0 h) | máximo colocado 53 de 64 | hilos 8 de 12
    ... 45.7 s | grupo 1/6 | 44603546 nodos | revisado 5.7%, faltan ~12 min [interior primero 5.0%, interior primero + pieza menos restrictiva 5.7%, reinicios, interior primero 0.026%] (Knuth: ~36.0 h) | máximo colocado 53 de 64 | hilos 8 de 12
    ... 47.7 s | grupo 1/6 | 46718318 nodos | revisado 5.7%, faltan ~12 min [interior primero 5.0%, interior primero + pieza menos restrictiva 5.7%, reinicios, interior primero 0.028%] (Knuth: ~36.0 h) | máximo colocado 53 de 64 | hilos 8 de 12
    ... 49.8 s | grupo 1/6 | 48844418 nodos | revisado 5.7%, faltan ~13 min [interior primero 5.0%, interior primero + pieza menos restrictiva 5.7%, reinicios, interior primero 0.030%] (Knuth: ~36.0 h) | máximo colocado 53 de 64 | hilos 8 de 12
    ... 51.8 s | grupo 1/6 | 50997921 nodos | revisado 5.7%, faltan ~13 min [interior primero 5.0%, interior primero + pieza menos restrictiva 5.7%, reinicios, interior primero 0.031%] (Knuth: ~35.9 h) | máximo colocado 53 de 64 | hilos 8 de 12
    ... 53.8 s | grupo 1/6 | 53135900 nodos | revisado 5.7%, faltan ~14 min [interior primero 5.0%, interior primero + pieza menos restrictiva 5.7%, reinicios, interior primero 0.032%] (Knuth: ~35.9 h) | máximo colocado 53 de 64 | hilos 8 de 12
    ... 55.8 s | grupo 1/6 | 55280560 nodos | revisado 5.7%, faltan ~14 min [interior primero 5.0%, interior primero + pieza menos restrictiva 5.7%, reinicios, interior primero 0.033%] (Knuth: ~35.9 h) | máximo colocado 53 de 64 | hilos 8 de 12
    ... 57.8 s | grupo 1/6 | 57404257 nodos | revisado 5.7%, faltan ~15 min [interior primero 5.0%, interior primero + pieza menos restrictiva 5.7%, reinicios, interior primero 0.033%] (Knuth: ~35.9 h) | máximo colocado 53 de 64 | hilos 8 de 12
    ... 59.8 s | grupo 1/6 | 59520117 nodos | revisado 5.7%, faltan ~15 min [interior primero 5.0%, interior primero + pieza menos restrictiva 5.7%, reinicios, interior primero 0.035%] (Knuth: ~35.9 h) | máximo colocado 53 de 64 | hilos 8 de 12
    ... 61.8 s | grupo 1/6 | 61616651 nodos | revisado 5.7%, faltan ~16 min [interior primero 5.0%, interior primero + pieza menos restrictiva 5.7%, reinicios, interior primero 0.039%] (Knuth: ~35.9 h) | máximo colocado 53 de 64 | hilos 8 de 12
    ... 63.8 s | grupo 1/6 | 63725153 nodos | revisado 5.7%, faltan ~17 min [interior primero 5.0%, interior primero + pieza menos restrictiva 5.7%, reinicios, interior primero 0.040%] (Knuth: ~36.0 h) | máximo colocado 53 de 64 | hilos 8 de 12
    ... 65.8 s | grupo 1/6 | 65828168 nodos | revisado 5.7%, faltan ~17 min [interior primero 5.0%, interior primero + pieza menos restrictiva 5.7%, reinicios, interior primero 0.042%] (Knuth: ~36.0 h) | máximo colocado 53 de 64 | hilos 8 de 12
    ... 67.8 s | grupo 1/6 | 67935350 nodos | revisado 5.7%, faltan ~18 min [interior primero 5.0%, interior primero + pieza menos restrictiva 5.7%, reinicios, interior primero 0.043%] (Knuth: ~36.0 h) | máximo colocado 53 de 64 | hilos 8 de 12
    ... 69.8 s | grupo 1/6 | 70090595 nodos | revisado 5.7%, faltan ~18 min [interior primero 5.0%, interior primero + pieza menos restrictiva 5.7%, reinicios, interior primero 0.044%] (Knuth: ~36.0 h) | máximo colocado 53 de 64 | hilos 8 de 12
    ... 71.8 s | grupo 1/6 | 72217655 nodos | revisado 5.7%, faltan ~19 min [interior primero 5.0%, interior primero + pieza menos restrictiva 5.7%, reinicios, interior primero 0.047%] (Knuth: ~36.0 h) | máximo colocado 53 de 64 | hilos 8 de 12
    ... 73.8 s | grupo 1/6 | 74341312 nodos | revisado 5.7%, faltan ~19 min [interior primero 5.0%, interior primero + pieza menos restrictiva 5.7%, reinicios, interior primero 0.049%] (Knuth: ~36.0 h) | máximo colocado 53 de 64 | hilos 8 de 12
    ... 75.8 s | grupo 1/6 | 76495454 nodos | revisado 5.7%, faltan ~20 min [interior primero 5.0%, interior primero + pieza menos restrictiva 5.7%, reinicios, interior primero 0.051%] (Knuth: ~35.9 h) | máximo colocado 53 de 64 | hilos 8 de 12
    ... 77.8 s | grupo 1/6 | 78625753 nodos | revisado 5.7%, faltan ~20 min [interior primero 5.0%, interior primero + pieza menos restrictiva 5.7%, reinicios, interior primero 0.053%] (Knuth: ~35.9 h) | máximo colocado 53 de 64 | hilos 8 de 12
    ... 79.8 s | grupo 1/6 | 80776566 nodos | revisado 5.7%, faltan ~21 min [interior primero 5.0%, interior primero + pieza menos restrictiva 5.7%, reinicios, interior primero 0.054%] (Knuth: ~35.9 h) | máximo colocado 53 de 64 | hilos 8 de 12
    ... 81.8 s | grupo 1/6 | 82909166 nodos | revisado 5.7%, faltan ~21 min [interior primero 5.0%, interior primero + pieza menos restrictiva 5.7%, reinicios, interior primero 0.056%] (Knuth: ~35.9 h) | máximo colocado 53 de 64 | hilos 8 de 12
    ... 83.8 s | grupo 1/6 | 85016960 nodos | revisado 5.7%, faltan ~22 min [interior primero 5.0%, interior primero + pieza menos restrictiva 5.7%, reinicios, interior primero 0.056%] (Knuth: ~35.9 h) | máximo colocado 53 de 64 | hilos 8 de 12
    ... 85.8 s | grupo 1/6 | 87144433 nodos | revisado 5.7%, faltan ~23 min [interior primero 5.0%, interior primero + pieza menos restrictiva 5.7%, reinicios, interior primero 0.057%] (Knuth: ~35.9 h) | máximo colocado 53 de 64 | hilos 8 de 12
    ... 87.8 s | grupo 1/6 | 89250038 nodos | revisado 5.7%, faltan ~23 min [interior primero 5.0%, interior primero + pieza menos restrictiva 5.7%, reinicios, interior primero 0.058%] (Knuth: ~35.9 h) | máximo colocado 53 de 64 | hilos 8 de 12
    ... 89.8 s | grupo 1/6 | 91365890 nodos | revisado 5.7%, faltan ~24 min [interior primero 5.0%, interior primero + pieza menos restrictiva 5.7%, reinicios, interior primero 0.058%] (Knuth: ~35.9 h) | máximo colocado 53 de 64 | hilos 8 de 12
    ... 91.9 s | grupo 1/6 | 93464565 nodos | revisado 5.7%, faltan ~24 min [interior primero 5.0%, interior primero + pieza menos restrictiva 5.7%, reinicios, interior primero 0.059%] (Knuth: ~36.0 h) | máximo colocado 53 de 64 | hilos 8 de 12
    ... 93.9 s | grupo 1/6 | 95588468 nodos | revisado 5.7%, faltan ~25 min [interior primero 5.0%, interior primero + pieza menos restrictiva 5.7%, reinicios, interior primero 0.059%] (Knuth: ~36.0 h) | máximo colocado 53 de 64 | hilos 8 de 12
    ... 95.9 s | grupo 1/6 | 97709006 nodos | revisado 5.7%, faltan ~25 min [interior primero 5.0%, interior primero + pieza menos restrictiva 5.7%, reinicios, interior primero 0.060%] (Knuth: ~36.0 h) | máximo colocado 53 de 64 | hilos 8 de 12
    ... 97.9 s | grupo 1/6 | 99830813 nodos | revisado 5.7%, faltan ~26 min [interior primero 5.0%, interior primero + pieza menos restrictiva 5.7%, reinicios, interior primero 0.062%] (Knuth: ~36.0 h) | máximo colocado 53 de 64 | hilos 8 de 12
    ... 99.9 s | grupo 1/6 | 101921506 nodos | revisado 5.7%, faltan ~26 min [interior primero 5.0%, interior primero + pieza menos restrictiva 5.7%, reinicios, interior primero 0.065%] (Knuth: ~36.0 h) | máximo colocado 53 de 64 | hilos 8 de 12
    ... 101.9 s | grupo 1/6 | 104044253 nodos | revisado 5.7%, faltan ~27 min [interior primero 5.0%, interior primero + pieza menos restrictiva 5.7%, reinicios, interior primero 0.066%] (Knuth: ~36.0 h) | máximo colocado 53 de 64 | hilos 8 de 12
    ... 103.9 s | grupo 1/6 | 106156817 nodos | revisado 5.7%, faltan ~28 min [interior primero 5.0%, interior primero + pieza menos restrictiva 5.7%, reinicios, interior primero 0.067%] (Knuth: ~36.0 h) | máximo colocado 53 de 64 | hilos 8 de 12
    ... 105.9 s | grupo 1/6 | 108198039 nodos | revisado 5.7%, faltan ~28 min [interior primero 5.0%, interior primero + pieza menos restrictiva 5.7%, reinicios, interior primero 0.068%] (Knuth: ~36.0 h) | máximo colocado 53 de 64 | hilos 8 de 12
    ... 107.9 s | grupo 1/6 | 110299472 nodos | revisado 5.7%, faltan ~29 min [interior primero 5.0%, interior primero + pieza menos restrictiva 5.7%, reinicios, interior primero 0.070%] (Knuth: ~36.0 h) | máximo colocado 53 de 64 | hilos 8 de 12
    ... 109.9 s | grupo 1/6 | 112430854 nodos | revisado 5.7%, faltan ~29 min [interior primero 5.0%, interior primero + pieza menos restrictiva 5.7%, reinicios, interior primero 0.071%] (Knuth: ~36.0 h) | máximo colocado 53 de 64 | hilos 8 de 12
    ... 111.9 s | grupo 1/6 | 114571178 nodos | revisado 5.7%, faltan ~30 min [interior primero 5.0%, interior primero + pieza menos restrictiva 5.7%, reinicios, interior primero 0.072%] (Knuth: ~36.0 h) | máximo colocado 53 de 64 | hilos 8 de 12
    ... 113.9 s | grupo 1/6 | 116680350 nodos | revisado 5.7%, faltan ~30 min [interior primero 5.0%, interior primero + pieza menos restrictiva 5.7%, reinicios, interior primero 0.073%] (Knuth: ~36.0 h) | máximo colocado 53 de 64 | hilos 8 de 12
    ... 115.9 s | grupo 1/6 | 118803617 nodos | revisado 5.7%, faltan ~31 min [interior primero 5.0%, interior primero + pieza menos restrictiva 5.7%, reinicios, interior primero 0.075%] (Knuth: ~36.0 h) | máximo colocado 53 de 64 | hilos 8 de 12
    ... 117.9 s | grupo 1/6 | 120943191 nodos | revisado 5.7%, faltan ~31 min [interior primero 5.0%, interior primero + pieza menos restrictiva 5.7%, reinicios, interior primero 0.076%] (Knuth: ~36.0 h) | máximo colocado 53 de 64 | hilos 8 de 12
    ... 119.9 s | grupo 1/6 | 123041824 nodos | revisado 5.7%, faltan ~32 min [interior primero 5.0%, interior primero + pieza menos restrictiva 5.7%, reinicios, interior primero 0.077%] (Knuth: ~36.0 h) | máximo colocado 53 de 64 | hilos 8 de 12
    ... 121.9 s | grupo 1/6 | 125151380 nodos | revisado 5.7%, faltan ~33 min [interior primero 5.0%, interior primero + pieza menos restrictiva 5.7%, reinicios, interior primero 0.078%] (Knuth: ~36.0 h) | máximo colocado 53 de 64 | hilos 8 de 12
    ... 123.9 s | grupo 1/6 | 127258401 nodos | revisado 5.7%, faltan ~33 min [interior primero 5.0%, interior primero + pieza menos restrictiva 5.7%, reinicios, interior primero 0.079%] (Knuth: ~36.0 h) | máximo colocado 53 de 64 | hilos 8 de 12
    ... 125.9 s | grupo 1/6 | 129348937 nodos | revisado 5.7%, faltan ~34 min [interior primero 5.0%, interior primero + pieza menos restrictiva 5.7%, reinicios, interior primero 0.080%] (Knuth: ~36.0 h) | máximo colocado 53 de 64 | hilos 8 de 12
    ... 127.9 s | grupo 1/6 | 131452400 nodos | revisado 5.7%, faltan ~34 min [interior primero 5.0%, interior primero + pieza menos restrictiva 5.7%, reinicios, interior primero 0.081%] (Knuth: ~36.0 h) | máximo colocado 53 de 64 | hilos 8 de 12
    ... 129.9 s | grupo 1/6 | 133538517 nodos | revisado 5.7%, faltan ~35 min [interior primero 5.0%, interior primero + pieza menos restrictiva 5.7%, reinicios, interior primero 0.084%] (Knuth: ~36.0 h) | máximo colocado 53 de 64 | hilos 8 de 12
    ... 132.0 s | grupo 1/6 | 135627721 nodos | revisado 5.7%, faltan ~35 min [interior primero 5.0%, interior primero + pieza menos restrictiva 5.7%, reinicios, interior primero 0.085%] (Knuth: ~36.0 h) | máximo colocado 53 de 64 | hilos 8 de 12
    ... 134.0 s | grupo 1/6 | 137742322 nodos | revisado 5.7%, faltan ~36 min [interior primero 5.0%, interior primero + pieza menos restrictiva 5.7%, reinicios, interior primero 0.086%] (Knuth: ~36.0 h) | máximo colocado 53 de 64 | hilos 8 de 12
    ... 136.0 s | grupo 1/6 | 139863410 nodos | revisado 5.7%, faltan ~36 min [interior primero 5.0%, interior primero + pieza menos restrictiva 5.7%, reinicios, interior primero 0.087%] (Knuth: ~36.0 h) | máximo colocado 53 de 64 | hilos 8 de 12
    ... 138.0 s | grupo 1/6 | 141935150 nodos | revisado 5.7%, faltan ~37 min [interior primero 5.0%, interior primero + pieza menos restrictiva 5.7%, reinicios, interior primero 0.088%] (Knuth: ~36.0 h) | máximo colocado 53 de 64 | hilos 8 de 12
    ... 140.0 s | grupo 1/6 | 143989734 nodos | revisado 5.7%, faltan ~37 min [interior primero 5.0%, interior primero + pieza menos restrictiva 5.7%, reinicios, interior primero 0.089%] (Knuth: ~36.1 h) | máximo colocado 53 de 64 | hilos 8 de 12
    ... 142.0 s | grupo 1/6 | 146102259 nodos | revisado 5.7%, faltan ~38 min [interior primero 5.0%, interior primero + pieza menos restrictiva 5.7%, reinicios, interior primero 0.092%] (Knuth: ~36.1 h) | máximo colocado 53 de 64 | hilos 8 de 12
    ... 144.0 s | grupo 1/6 | 148204088 nodos | revisado 5.7%, faltan ~39 min [interior primero 5.0%, interior primero + pieza menos restrictiva 5.7%, reinicios, interior primero 0.093%] (Knuth: ~36.1 h) | máximo colocado 53 de 64 | hilos 8 de 12
    ... 146.0 s | grupo 1/6 | 150320257 nodos | revisado 5.7%, faltan ~39 min [interior primero 5.0%, interior primero + pieza menos restrictiva 5.7%, reinicios, interior primero 0.094%] (Knuth: ~36.1 h) | máximo colocado 53 de 64 | hilos 8 de 12
    ... 148.0 s | grupo 1/6 | 152453834 nodos | revisado 5.7%, faltan ~40 min [interior primero 5.0%, interior primero + pieza menos restrictiva 5.7%, reinicios, interior primero 0.096%] (Knuth: ~36.1 h) | máximo colocado 53 de 64 | hilos 8 de 12
    ... 150.0 s | grupo 1/6 | 154534925 nodos | revisado 5.7%, faltan ~40 min [interior primero 5.0%, interior primero + pieza menos restrictiva 5.7%, reinicios, interior primero 0.098%] (Knuth: ~36.1 h) | máximo colocado 53 de 64 | hilos 8 de 12
    ... 152.0 s | grupo 1/6 | 156633261 nodos | revisado 5.7%, faltan ~41 min [interior primero 5.0%, interior primero + pieza menos restrictiva 5.7%, reinicios, interior primero 0.099%] (Knuth: ~36.1 h) | máximo colocado 53 de 64 | hilos 8 de 12
    ... 154.0 s | grupo 1/6 | 158749657 nodos | revisado 5.7%, faltan ~41 min [interior primero 5.0%, interior primero + pieza menos restrictiva 5.7%, reinicios, interior primero 0.101%] (Knuth: ~36.1 h) | máximo colocado 53 de 64 | hilos 8 de 12
    ... 156.0 s | grupo 1/6 | 160846246 nodos | revisado 5.7%, faltan ~42 min [interior primero 5.0%, interior primero + pieza menos restrictiva 5.7%, reinicios, interior primero 0.105%] (Knuth: ~36.1 h) | máximo colocado 53 de 64 | hilos 8 de 12
    ... 158.0 s | grupo 1/6 | 162923227 nodos | revisado 5.7%, faltan ~42 min [interior primero 5.0%, interior primero + pieza menos restrictiva 5.7%, reinicios, interior primero 0.106%] (Knuth: ~36.1 h) | máximo colocado 53 de 64 | hilos 8 de 12
    ... 160.0 s | grupo 1/6 | 165026807 nodos | revisado 5.7%, faltan ~43 min [interior primero 5.0%, interior primero + pieza menos restrictiva 5.7%, reinicios, interior primero 0.106%] (Knuth: ~36.1 h) | máximo colocado 53 de 64 | hilos 8 de 12
    ... 162.0 s | grupo 1/6 | 167114267 nodos | revisado 5.7%, faltan ~44 min [interior primero 5.0%, interior primero + pieza menos restrictiva 5.7%, reinicios, interior primero 0.107%] (Knuth: ~36.1 h) | máximo colocado 53 de 64 | hilos 8 de 12
    ... 164.0 s | grupo 1/6 | 169218478 nodos | revisado 5.7%, faltan ~44 min [interior primero 5.0%, interior primero + pieza menos restrictiva 5.7%, reinicios, interior primero 0.108%] (Knuth: ~36.1 h) | máximo colocado 53 de 64 | hilos 8 de 12
    ... 166.0 s | grupo 1/6 | 171331757 nodos | revisado 5.7%, faltan ~45 min [interior primero 5.0%, interior primero + pieza menos restrictiva 5.7%, reinicios, interior primero 0.109%] (Knuth: ~36.1 h) | máximo colocado 53 de 64 | hilos 8 de 12
    ... 168.0 s | grupo 1/6 | 173454042 nodos | revisado 5.7%, faltan ~45 min [interior primero 5.0%, interior primero + pieza menos restrictiva 5.7%, reinicios, interior primero 0.109%] (Knuth: ~36.1 h) | máximo colocado 53 de 64 | hilos 8 de 12
    ... 170.1 s | grupo 1/6 | 175556226 nodos | revisado 5.7%, faltan ~46 min [interior primero 5.0%, interior primero + pieza menos restrictiva 5.7%, reinicios, interior primero 0.110%] (Knuth: ~36.1 h) | máximo colocado 53 de 64 | hilos 8 de 12
    ... 172.1 s | grupo 1/6 | 177643865 nodos | revisado 5.7%, faltan ~46 min [interior primero 5.0%, interior primero + pieza menos restrictiva 5.7%, reinicios, interior primero 0.110%] (Knuth: ~36.1 h) | máximo colocado 53 de 64 | hilos 8 de 12
    ... 174.1 s | grupo 1/6 | 179715118 nodos | revisado 5.7%, faltan ~47 min [interior primero 5.0%, interior primero + pieza menos restrictiva 5.7%, reinicios, interior primero 0.110%] (Knuth: ~36.1 h) | máximo colocado 53 de 64 | hilos 8 de 12
    ... 176.1 s | grupo 1/6 | 181814069 nodos | revisado 5.7%, faltan ~47 min [interior primero 5.0%, interior primero + pieza menos restrictiva 5.7%, reinicios, interior primero 0.110%] (Knuth: ~36.1 h) | máximo colocado 53 de 64 | hilos 8 de 12
    ... 178.1 s | grupo 1/6 | 183892059 nodos | revisado 5.7%, faltan ~48 min [interior primero 5.0%, interior primero + pieza menos restrictiva 5.7%, reinicios, interior primero 0.111%] (Knuth: ~36.1 h) | máximo colocado 53 de 64 | hilos 8 de 12
    ... 180.1 s | grupo 1/6 | 185996813 nodos | revisado 5.7%, faltan ~48 min [interior primero 5.0%, interior primero + pieza menos restrictiva 5.7%, reinicios, interior primero 0.111%] (Knuth: ~36.1 h) | máximo colocado 53 de 64 | hilos 8 de 12
    ... 182.1 s | grupo 1/6 | 188104815 nodos | revisado 5.7%, faltan ~49 min [interior primero 5.0%, interior primero + pieza menos restrictiva 5.7%, reinicios, interior primero 0.111%] (Knuth: ~36.1 h) | máximo colocado 53 de 64 | hilos 8 de 12
    ... 184.1 s | grupo 1/6 | 190189492 nodos | revisado 5.7%, faltan ~50 min [interior primero 5.0%, interior primero + pieza menos restrictiva 5.7%, reinicios, interior primero 0.111%] (Knuth: ~36.1 h) | máximo colocado 53 de 64 | hilos 8 de 12
    ... 186.1 s | grupo 1/6 | 192302276 nodos | revisado 5.7%, faltan ~50 min [interior primero 5.0%, interior primero + pieza menos restrictiva 5.7%, reinicios, interior primero 0.112%] (Knuth: ~36.1 h) | máximo colocado 53 de 64 | hilos 8 de 12
    ... 188.1 s | grupo 1/6 | 194416805 nodos | revisado 5.7%, faltan ~51 min [interior primero 5.0%, interior primero + pieza menos restrictiva 5.7%, reinicios, interior primero 0.112%] (Knuth: ~36.1 h) | máximo colocado 53 de 64 | hilos 8 de 12
    ... 190.1 s | grupo 1/6 | 196519230 nodos | revisado 5.7%, faltan ~51 min [interior primero 5.0%, interior primero + pieza menos restrictiva 5.7%, reinicios, interior primero 0.112%] (Knuth: ~36.1 h) | máximo colocado 53 de 64 | hilos 8 de 12
    ... 192.1 s | grupo 1/6 | 198616826 nodos | revisado 5.7%, faltan ~52 min [interior primero 5.0%, interior primero + pieza menos restrictiva 5.7%, reinicios, interior primero 0.113%] (Knuth: ~36.1 h) | máximo colocado 53 de 64 | hilos 8 de 12
    ... 194.1 s | grupo 1/6 | 200725972 nodos | revisado 5.7%, faltan ~52 min [interior primero 5.0%, interior primero + pieza menos restrictiva 5.7%, reinicios, interior primero 0.113%] (Knuth: ~36.1 h) | máximo colocado 53 de 64 | hilos 8 de 12
    ... 196.1 s | grupo 1/6 | 202829749 nodos | revisado 5.7%, faltan ~53 min [interior primero 5.0%, interior primero + pieza menos restrictiva 5.7%, reinicios, interior primero 0.113%] (Knuth: ~36.1 h) | máximo colocado 53 de 64 | hilos 8 de 12
    ... 198.1 s | grupo 1/6 | 204919125 nodos | revisado 5.7%, faltan ~53 min [interior primero 5.0%, interior primero + pieza menos restrictiva 5.7%, reinicios, interior primero 0.125%] (Knuth: ~36.1 h) | máximo colocado 53 de 64 | hilos 8 de 12
    ... 200.1 s | grupo 1/6 | 207016726 nodos | revisado 5.7%, faltan ~54 min [interior primero 5.0%, interior primero + pieza menos restrictiva 5.7%, reinicios, interior primero 0.126%] (Knuth: ~36.1 h) | máximo colocado 53 de 64 | hilos 8 de 12
    ... 202.1 s | grupo 1/6 | 209108872 nodos | revisado 5.7%, faltan ~55 min [interior primero 5.0%, interior primero + pieza menos restrictiva 5.7%, reinicios, interior primero 0.126%] (Knuth: ~36.1 h) | máximo colocado 53 de 64 | hilos 8 de 12
    ... 204.1 s | grupo 1/6 | 211189678 nodos | revisado 5.7%, faltan ~55 min [interior primero 5.0%, interior primero + pieza menos restrictiva 5.7%, reinicios, interior primero 0.127%] (Knuth: ~36.1 h) | máximo colocado 53 de 64 | hilos 8 de 12
    ... 206.1 s | grupo 1/6 | 213309600 nodos | revisado 5.7%, faltan ~56 min [interior primero 5.0%, interior primero + pieza menos restrictiva 5.7%, reinicios, interior primero 0.128%] (Knuth: ~36.1 h) | máximo colocado 53 de 64 | hilos 8 de 12
    ... 208.1 s | grupo 1/6 | 215410216 nodos | revisado 5.7%, faltan ~56 min [interior primero 5.0%, interior primero + pieza menos restrictiva 5.7%, reinicios, interior primero 0.130%] (Knuth: ~36.1 h) | máximo colocado 53 de 64 | hilos 8 de 12
    ... 210.1 s | grupo 1/6 | 217497382 nodos | revisado 5.7%, faltan ~57 min [interior primero 5.0%, interior primero + pieza menos restrictiva 5.7%, reinicios, interior primero 0.131%] (Knuth: ~36.1 h) | máximo colocado 53 de 64 | hilos 8 de 12
    ... 212.1 s | grupo 1/6 | 219585007 nodos | revisado 5.7%, faltan ~57 min [interior primero 5.0%, interior primero + pieza menos restrictiva 5.7%, reinicios, interior primero 0.132%] (Knuth: ~36.1 h) | máximo colocado 53 de 64 | hilos 8 de 12
    ... 214.2 s | grupo 1/6 | 221688423 nodos | revisado 5.7%, faltan ~58 min [interior primero 5.0%, interior primero + pieza menos restrictiva 5.7%, reinicios, interior primero 0.133%] (Knuth: ~36.1 h) | máximo colocado 53 de 64 | hilos 8 de 12
    ... 216.2 s | grupo 1/6 | 223795315 nodos | revisado 5.7%, faltan ~58 min [interior primero 5.0%, interior primero + pieza menos restrictiva 5.7%, reinicios, interior primero 0.134%] (Knuth: ~36.1 h) | máximo colocado 53 de 64 | hilos 8 de 12
    ... 218.2 s | grupo 1/6 | 225916726 nodos | revisado 5.7%, faltan ~59 min [interior primero 5.0%, interior primero + pieza menos restrictiva 5.7%, reinicios, interior primero 0.134%] (Knuth: ~36.1 h) | máximo colocado 53 de 64 | hilos 8 de 12
    ... 220.2 s | grupo 1/6 | 228016359 nodos | revisado 5.7%, faltan ~59 min [interior primero 5.0%, interior primero + pieza menos restrictiva 5.7%, reinicios, interior primero 0.136%] (Knuth: ~36.1 h) | máximo colocado 53 de 64 | hilos 8 de 12
    ... 222.2 s | grupo 1/6 | 230117070 nodos | revisado 5.7%, faltan ~60 min [interior primero 5.0%, interior primero + pieza menos restrictiva 5.7%, reinicios, interior primero 0.137%] (Knuth: ~36.1 h) | máximo colocado 53 de 64 | hilos 8 de 12
    ... 224.2 s | grupo 1/6 | 232218495 nodos | revisado 5.7%, faltan ~61 min [interior primero 5.0%, interior primero + pieza menos restrictiva 5.7%, reinicios, interior primero 0.138%] (Knuth: ~36.1 h) | máximo colocado 53 de 64 | hilos 8 de 12
    ... 226.2 s | grupo 1/6 | 234316070 nodos | revisado 5.7%, faltan ~61 min [interior primero 5.0%, interior primero + pieza menos restrictiva 5.7%, reinicios, interior primero 0.139%] (Knuth: ~36.1 h) | máximo colocado 53 de 64 | hilos 8 de 12
    ... 228.2 s | grupo 1/6 | 236384106 nodos | revisado 5.7%, faltan ~62 min [interior primero 5.0%, interior primero + pieza menos restrictiva 5.7%, reinicios, interior primero 0.139%] (Knuth: ~36.1 h) | máximo colocado 53 de 64 | hilos 8 de 12
    ... 230.2 s | grupo 1/6 | 238489726 nodos | revisado 5.7%, faltan ~62 min [interior primero 5.0%, interior primero + pieza menos restrictiva 5.7%, reinicios, interior primero 0.140%] (Knuth: ~36.1 h) | máximo colocado 53 de 64 | hilos 8 de 12
    ... 232.2 s | grupo 1/6 | 240579497 nodos | revisado 5.7%, faltan ~63 min [interior primero 5.0%, interior primero + pieza menos restrictiva 5.7%, reinicios, interior primero 0.140%] (Knuth: ~36.2 h) | máximo colocado 53 de 64 | hilos 8 de 12
    ... 234.2 s | grupo 1/6 | 242648070 nodos | revisado 5.7%, faltan ~63 min [interior primero 5.0%, interior primero + pieza menos restrictiva 5.7%, reinicios, interior primero 0.141%] (Knuth: ~36.2 h) | máximo colocado 53 de 64 | hilos 8 de 12
    ... 236.2 s | grupo 1/6 | 244756242 nodos | revisado 5.7%, faltan ~64 min [interior primero 5.0%, interior primero + pieza menos restrictiva 5.7%, reinicios, interior primero 0.141%] (Knuth: ~36.2 h) | máximo colocado 53 de 64 | hilos 8 de 12
    ... 238.2 s | grupo 1/6 | 246829102 nodos | revisado 5.7%, faltan ~64 min [interior primero 5.0%, interior primero + pieza menos restrictiva 5.7%, reinicios, interior primero 0.142%] (Knuth: ~36.2 h) | máximo colocado 53 de 64 | hilos 8 de 12
    ... 240.2 s | grupo 1/6 | 248867450 nodos | revisado 5.7%, faltan ~65 min [interior primero 5.0%, interior primero + pieza menos restrictiva 5.7%, reinicios, interior primero 0.143%] (Knuth: ~36.2 h) | máximo colocado 53 de 64 | hilos 8 de 12
    ... 242.2 s | grupo 1/6 | 250983171 nodos | revisado 5.7%, faltan ~66 min [interior primero 5.0%, interior primero + pieza menos restrictiva 5.7%, reinicios, interior primero 0.150%] (Knuth: ~36.2 h) | máximo colocado 54 de 64 | hilos 8 de 12
    ... 244.2 s | grupo 1/6 | 253069503 nodos | revisado 5.7%, faltan ~66 min [interior primero 5.0%, interior primero + pieza menos restrictiva 5.7%, reinicios, interior primero 0.153%] (Knuth: ~36.2 h) | máximo colocado 54 de 64 | hilos 8 de 12
    ... 246.2 s | grupo 1/6 | 255172121 nodos | revisado 5.7%, faltan ~67 min [interior primero 5.0%, interior primero + pieza menos restrictiva 5.7%, reinicios, interior primero 0.154%] (Knuth: ~36.2 h) | máximo colocado 54 de 64 | hilos 8 de 12
    ... 248.2 s | grupo 1/6 | 257283924 nodos | revisado 5.7%, faltan ~67 min [interior primero 5.0%, interior primero + pieza menos restrictiva 5.7%, reinicios, interior primero 0.156%] (Knuth: ~36.2 h) | máximo colocado 54 de 64 | hilos 8 de 12
    ... 250.2 s | grupo 1/6 | 259366738 nodos | revisado 5.7%, faltan ~68 min [interior primero 5.0%, interior primero + pieza menos restrictiva 5.7%, reinicios, interior primero 0.157%] (Knuth: ~36.2 h) | máximo colocado 54 de 64 | hilos 8 de 12
    ... 252.2 s | grupo 1/6 | 261448578 nodos | revisado 5.7%, faltan ~68 min [interior primero 5.0%, interior primero + pieza menos restrictiva 5.7%, reinicios, interior primero 0.158%] (Knuth: ~36.2 h) | máximo colocado 54 de 64 | hilos 8 de 12
    ... 254.2 s | grupo 1/6 | 263526143 nodos | revisado 5.7%, faltan ~69 min [interior primero 5.0%, interior primero + pieza menos restrictiva 5.7%, reinicios, interior primero 0.159%] (Knuth: ~36.2 h) | máximo colocado 54 de 64 | hilos 8 de 12
    ... 256.2 s | grupo 1/6 | 265626685 nodos | revisado 5.7%, faltan ~69 min [interior primero 5.0%, interior primero + pieza menos restrictiva 5.7%, reinicios, interior primero 0.162%] (Knuth: ~36.2 h) | máximo colocado 54 de 64 | hilos 8 de 12
    ... 258.2 s | grupo 1/6 | 267702508 nodos | revisado 5.7%, faltan ~70 min [interior primero 5.0%, interior primero + pieza menos restrictiva 5.7%, reinicios, interior primero 0.163%] (Knuth: ~36.2 h) | máximo colocado 54 de 64 | hilos 8 de 12
    ... 260.3 s | grupo 1/6 | 269810632 nodos | revisado 5.7%, faltan ~71 min [interior primero 5.0%, interior primero + pieza menos restrictiva 5.7%, reinicios, interior primero 0.164%] (Knuth: ~36.2 h) | máximo colocado 54 de 64 | hilos 8 de 12
    ... 262.3 s | grupo 1/6 | 271900892 nodos | revisado 5.7%, faltan ~71 min [interior primero 5.0%, interior primero + pieza menos restrictiva 5.7%, reinicios, interior primero 0.165%] (Knuth: ~36.2 h) | máximo colocado 54 de 64 | hilos 8 de 12
    ... 264.3 s | grupo 1/6 | 273994272 nodos | revisado 5.7%, faltan ~72 min [interior primero 5.0%, interior primero + pieza menos restrictiva 5.7%, reinicios, interior primero 0.166%] (Knuth: ~36.2 h) | máximo colocado 54 de 64 | hilos 8 de 12
    ... 266.3 s | grupo 1/6 | 276108456 nodos | revisado 5.7%, faltan ~72 min [interior primero 5.0%, interior primero + pieza menos restrictiva 5.7%, reinicios, interior primero 0.167%] (Knuth: ~36.2 h) | máximo colocado 54 de 64 | hilos 8 de 12
    ... 268.3 s | grupo 1/6 | 278183554 nodos | revisado 5.7%, faltan ~73 min [interior primero 5.0%, interior primero + pieza menos restrictiva 5.7%, reinicios, interior primero 0.167%] (Knuth: ~36.2 h) | máximo colocado 54 de 64 | hilos 8 de 12
    ... 270.3 s | grupo 1/6 | 280260038 nodos | revisado 5.7%, faltan ~73 min [interior primero 5.0%, interior primero + pieza menos restrictiva 5.7%, reinicios, interior primero 0.168%] (Knuth: ~36.2 h) | máximo colocado 54 de 64 | hilos 8 de 12
    ... 272.3 s | grupo 1/6 | 282377464 nodos | revisado 5.7%, faltan ~74 min [interior primero 5.0%, interior primero + pieza menos restrictiva 5.7%, reinicios, interior primero 0.169%] (Knuth: ~36.2 h) | máximo colocado 54 de 64 | hilos 8 de 12
    ... 274.3 s | grupo 1/6 | 284498535 nodos | revisado 5.7%, faltan ~74 min [interior primero 5.0%, interior primero + pieza menos restrictiva 5.7%, reinicios, interior primero 0.169%] (Knuth: ~36.2 h) | máximo colocado 54 de 64 | hilos 8 de 12
    ... 276.3 s | grupo 1/6 | 286590246 nodos | revisado 5.7%, faltan ~75 min [interior primero 5.0%, interior primero + pieza menos restrictiva 5.7%, reinicios, interior primero 0.169%] (Knuth: ~36.2 h) | máximo colocado 54 de 64 | hilos 8 de 12
    ... 278.3 s | grupo 1/6 | 288697715 nodos | revisado 5.7%, faltan ~75 min [interior primero 5.0%, interior primero + pieza menos restrictiva 5.7%, reinicios, interior primero 0.170%] (Knuth: ~36.2 h) | máximo colocado 54 de 64 | hilos 8 de 12
    ... 280.3 s | grupo 1/6 | 290779231 nodos | revisado 5.7%, faltan ~76 min [interior primero 5.0%, interior primero + pieza menos restrictiva 5.7%, reinicios, interior primero 0.170%] (Knuth: ~36.2 h) | máximo colocado 54 de 64 | hilos 8 de 12
    ... 282.3 s | grupo 1/6 | 292860551 nodos | revisado 5.7%, faltan ~77 min [interior primero 5.0%, interior primero + pieza menos restrictiva 5.7%, reinicios, interior primero 0.170%] (Knuth: ~36.2 h) | máximo colocado 54 de 64 | hilos 8 de 12
    ... 284.3 s | grupo 1/6 | 294954146 nodos | revisado 5.7%, faltan ~77 min [interior primero 5.0%, interior primero + pieza menos restrictiva 5.7%, reinicios, interior primero 0.171%] (Knuth: ~36.2 h) | máximo colocado 54 de 64 | hilos 8 de 12
    ... 286.3 s | grupo 1/6 | 297044846 nodos | revisado 5.7%, faltan ~78 min [interior primero 5.0%, interior primero + pieza menos restrictiva 5.7%, reinicios, interior primero 0.171%] (Knuth: ~36.2 h) | máximo colocado 54 de 64 | hilos 8 de 12
    ... 288.3 s | grupo 1/6 | 299147914 nodos | revisado 5.7%, faltan ~78 min [interior primero 5.0%, interior primero + pieza menos restrictiva 5.7%, reinicios, interior primero 0.171%] (Knuth: ~36.2 h) | máximo colocado 54 de 64 | hilos 8 de 12
    ... 290.3 s | grupo 1/6 | 301219199 nodos | revisado 5.7%, faltan ~79 min [interior primero 5.0%, interior primero + pieza menos restrictiva 5.7%, reinicios, interior primero 0.173%] (Knuth: ~36.2 h) | máximo colocado 54 de 64 | hilos 8 de 12
    ... 292.3 s | grupo 1/6 | 303309228 nodos | revisado 5.7%, faltan ~79 min [interior primero 5.0%, interior primero + pieza menos restrictiva 5.7%, reinicios, interior primero 0.174%] (Knuth: ~36.2 h) | máximo colocado 54 de 64 | hilos 8 de 12
    ... 294.3 s | grupo 1/6 | 305409126 nodos | revisado 5.7%, faltan ~80 min [interior primero 5.0%, interior primero + pieza menos restrictiva 5.7%, reinicios, interior primero 0.176%] (Knuth: ~36.2 h) | máximo colocado 54 de 64 | hilos 8 de 12
    ... 296.3 s | grupo 1/6 | 307492326 nodos | revisado 5.7%, faltan ~80 min [interior primero 5.0%, interior primero + pieza menos restrictiva 5.7%, reinicios, interior primero 0.177%] (Knuth: ~36.2 h) | máximo colocado 54 de 64 | hilos 8 de 12
    ... 298.3 s | grupo 1/6 | 309570730 nodos | revisado 5.7%, faltan ~81 min [interior primero 5.0%, interior primero + pieza menos restrictiva 5.7%, reinicios, interior primero 0.178%] (Knuth: ~36.2 h) | máximo colocado 54 de 64 | hilos 8 de 12
[4] Grupo 1: cortado por límite de tiempo
[5] Tiempo total: 5 min
RESULTADO resuelto=0 ms=300011.4 marcos=0 nodos=311281664 grupos=1/6 hilos=12 t_marcos=0.000 t_interior=296.360 lados=0 unificado=1 max_colocadas=54 motivo=limite
