[0] Tablero 8x8, 10 colores, 12 hilos
[1] Esquina fija (1,2). 6 grupos, orden por coste: 4.97e+24 4.97e+24 4.97e+24 4.97e+24 4.97e+24 4.97e+24
    grupo 1, orden menos opciones: estimado 6.93e+13 nodos
    grupo 1, orden interior primero: estimado 2.32e+11 nodos
    grupo 2, orden menos opciones: estimado 2.41e+14 nodos
    grupo 2, orden interior primero: estimado 2.75e+11 nodos
    grupo 3, orden menos opciones: estimado 1.31e+14 nodos
    grupo 3, orden interior primero: estimado 2.59e+11 nodos
    grupo 4, orden menos opciones: estimado 1.17e+14 nodos
    grupo 4, orden interior primero: estimado 1.97e+11 nodos
    grupo 5, orden menos opciones: estimado 4.77e+13 nodos
    grupo 5, orden interior primero: estimado 3.21e+11 nodos
    grupo 6, orden menos opciones: estimado 1.52e+14 nodos
    grupo 6, orden interior primero: estimado 2.53e+11 nodos
[1] Estimado de Knuth por grupo (nodos): 2.32e+11(i) 2.75e+11(i) 2.59e+11(i) 1.97e+11(i) 3.21e+11(i) 2.53e+11(i)   (i) = interior primero
[2] Grupo 1/6: ruta unificada (mapas por lado), orden: PORTAFOLIO de 4 equipos (2 órdenes, normal y al azar)
    ... 5.7 s | grupo 1/6 | 1988808 nodos | revisado 1.4%, faltan ~2 min [interior primero 1.4%, interior primero + pieza menos restrictiva 1.4%, reinicios, interior primero 5.41e-04%] (Knuth: ~3 días) | máximo colocado 49 de 64 | hilos 8 de 12
    ... 7.7 s | grupo 1/6 | 3956361 nodos | revisado 1.4%, faltan ~5 min [interior primero 1.4%, interior primero + pieza menos restrictiva 1.4%, reinicios, interior primero 2.2%] (Knuth: ~3 días) | máximo colocado 49 de 64 | hilos 8 de 12
    ... 9.7 s | grupo 1/6 | 5937007 nodos | revisado 1.4%, faltan ~7 min [interior primero 1.4%, interior primero + pieza menos restrictiva 1.4%, reinicios, interior primero 2.2%] (Knuth: ~3 días) | máximo colocado 49 de 64 | hilos 8 de 12
    ... 11.7 s | grupo 1/6 | 7890616 nodos | revisado 1.4%, faltan ~9 min [interior primero 1.4%, interior primero + pieza menos restrictiva 1.4%, reinicios, interior primero 2.9%] (Knuth: ~3 días) | máximo colocado 51 de 64 | hilos 8 de 12
    ... 13.7 s | grupo 1/6 | 9858980 nodos | revisado 1.4%, faltan ~11 min [interior primero 1.4%, interior primero + pieza menos restrictiva 1.4%, reinicios, interior primero 2.9%] (Knuth: ~3 días) | máximo colocado 51 de 64 | hilos 8 de 12
    ... 15.7 s | grupo 1/6 | 11847824 nodos | revisado 1.4%, faltan ~14 min [interior primero 1.4%, interior primero + pieza menos restrictiva 1.4%, reinicios, interior primero 2.9%] (Knuth: ~3 días) | máximo colocado 51 de 64 | hilos 8 de 12
    ... 17.7 s | grupo 1/6 | 13841249 nodos | revisado 1.4%, faltan ~16 min [interior primero 1.4%, interior primero + pieza menos restrictiva 1.4%, reinicios, interior primero 2.9%] (Knuth: ~3 días) | máximo colocado 51 de 64 | hilos 8 de 12
    ... 19.7 s | grupo 1/6 | 15837097 nodos | revisado 1.5%, faltan ~18 min [interior primero 1.5%, interior primero + pieza menos restrictiva 1.4%, reinicios, interior primero 2.9%] (Knuth: ~3 días) | máximo colocado 51 de 64 | hilos 8 de 12
    ... 21.7 s | grupo 1/6 | 17828938 nodos | revisado 1.5%, faltan ~20 min [interior primero 1.5%, interior primero + pieza menos restrictiva 1.4%, reinicios, interior primero 4.4%] (Knuth: ~3 días) | máximo colocado 51 de 64 | hilos 8 de 12
    ... 23.7 s | grupo 1/6 | 19805806 nodos | revisado 1.5%, faltan ~23 min [interior primero 1.5%, interior primero + pieza menos restrictiva 1.4%, reinicios, interior primero 6.5%] (Knuth: ~3 días) | máximo colocado 51 de 64 | hilos 8 de 12
    ... 25.7 s | grupo 1/6 | 21783944 nodos | revisado 1.5%, faltan ~25 min [interior primero 1.5%, interior primero + pieza menos restrictiva 1.4%, reinicios, interior primero 6.5%] (Knuth: ~3 días) | máximo colocado 51 de 64 | hilos 8 de 12
    ... 27.7 s | grupo 1/6 | 23762062 nodos | revisado 1.5%, faltan ~27 min [interior primero 1.5%, interior primero + pieza menos restrictiva 1.4%, reinicios, interior primero 8.0%] (Knuth: ~3 días) | máximo colocado 51 de 64 | hilos 8 de 12
    ... 29.8 s | grupo 1/6 | 25732681 nodos | revisado 1.5%, faltan ~30 min [interior primero 1.5%, interior primero + pieza menos restrictiva 1.4%, reinicios, interior primero 8.7%] (Knuth: ~3 días) | máximo colocado 51 de 64 | hilos 8 de 12
    ... 31.8 s | grupo 1/6 | 27697865 nodos | revisado 1.5%, faltan ~32 min [interior primero 1.5%, interior primero + pieza menos restrictiva 1.4%, reinicios, interior primero 8.7%] (Knuth: ~3 días) | máximo colocado 51 de 64 | hilos 8 de 12
    ... 33.8 s | grupo 1/6 | 29634913 nodos | revisado 1.5%, faltan ~34 min [interior primero 1.5%, interior primero + pieza menos restrictiva 1.4%, reinicios, interior primero 8.7%] (Knuth: ~3 días) | máximo colocado 51 de 64 | hilos 8 de 12
    ... 35.8 s | grupo 1/6 | 31594517 nodos | revisado 1.5%, faltan ~36 min [interior primero 1.5%, interior primero + pieza menos restrictiva 1.4%, reinicios, interior primero 8.7%] (Knuth: ~3 días) | máximo colocado 51 de 64 | hilos 8 de 12
    ... 37.8 s | grupo 1/6 | 33563794 nodos | revisado 1.5%, faltan ~39 min [interior primero 1.5%, interior primero + pieza menos restrictiva 1.4%, reinicios, interior primero 8.7%] (Knuth: ~3 días) | máximo colocado 51 de 64 | hilos 8 de 12
    ... 39.8 s | grupo 1/6 | 35522973 nodos | revisado 1.5%, faltan ~41 min [interior primero 1.5%, interior primero + pieza menos restrictiva 1.4%, reinicios, interior primero 8.7%] (Knuth: ~3 días) | máximo colocado 51 de 64 | hilos 8 de 12
    ... 41.8 s | grupo 1/6 | 37460833 nodos | revisado 1.5%, faltan ~43 min [interior primero 1.5%, interior primero + pieza menos restrictiva 1.4%, reinicios, interior primero 8.7%] (Knuth: ~3 días) | máximo colocado 51 de 64 | hilos 8 de 12
    ... 43.8 s | grupo 1/6 | 39431390 nodos | revisado 1.5%, faltan ~45 min [interior primero 1.5%, interior primero + pieza menos restrictiva 1.4%, reinicios, interior primero 8.7%] (Knuth: ~3 días) | máximo colocado 51 de 64 | hilos 8 de 12
    ... 45.8 s | grupo 1/6 | 41394328 nodos | revisado 1.5%, faltan ~48 min [interior primero 1.5%, interior primero + pieza menos restrictiva 1.4%, reinicios, interior primero 9.4%] (Knuth: ~3 días) | máximo colocado 51 de 64 | hilos 8 de 12
    ... 47.8 s | grupo 1/6 | 43270858 nodos | revisado 1.5%, faltan ~50 min [interior primero 1.5%, interior primero + pieza menos restrictiva 1.4%, reinicios, interior primero 9.4%] (Knuth: ~3 días) | máximo colocado 51 de 64 | hilos 8 de 12
    ... 49.8 s | grupo 1/6 | 45250281 nodos | revisado 1.5%, faltan ~52 min [interior primero 1.5%, interior primero + pieza menos restrictiva 1.4%, reinicios, interior primero 9.4%] (Knuth: ~3 días) | máximo colocado 51 de 64 | hilos 8 de 12
    ... 51.8 s | grupo 1/6 | 47235174 nodos | revisado 1.5%, faltan ~54 min [interior primero 1.5%, interior primero + pieza menos restrictiva 1.5%, reinicios, interior primero 9.4%] (Knuth: ~3 días) | máximo colocado 51 de 64 | hilos 8 de 12
    ... 53.8 s | grupo 1/6 | 49228939 nodos | revisado 1.5%, faltan ~57 min [interior primero 1.5%, interior primero + pieza menos restrictiva 1.5%, reinicios, interior primero 10.2%] (Knuth: ~3 días) | máximo colocado 51 de 64 | hilos 8 de 12
    ... 55.8 s | grupo 1/6 | 51208459 nodos | revisado 1.5%, faltan ~59 min [interior primero 1.5%, interior primero + pieza menos restrictiva 1.5%, reinicios, interior primero 10.2%] (Knuth: ~3 días) | máximo colocado 51 de 64 | hilos 8 de 12
    ... 57.8 s | grupo 1/6 | 53187923 nodos | revisado 1.5%, faltan ~61 min [interior primero 1.5%, interior primero + pieza menos restrictiva 1.5%, reinicios, interior primero 10.2%] (Knuth: ~3 días) | máximo colocado 51 de 64 | hilos 8 de 12
    ... 59.8 s | grupo 1/6 | 55146649 nodos | revisado 1.5%, faltan ~63 min [interior primero 1.5%, interior primero + pieza menos restrictiva 1.5%, reinicios, interior primero 10.2%] (Knuth: ~3 días) | máximo colocado 51 de 64 | hilos 8 de 12
    ... 61.8 s | grupo 1/6 | 57123923 nodos | revisado 1.5%, faltan ~66 min [interior primero 1.5%, interior primero + pieza menos restrictiva 1.5%, reinicios, interior primero 10.2%] (Knuth: ~3 días) | máximo colocado 51 de 64 | hilos 8 de 12
    ... 63.8 s | grupo 1/6 | 59104159 nodos | revisado 1.5%, faltan ~68 min [interior primero 1.5%, interior primero + pieza menos restrictiva 1.5%, reinicios, interior primero 10.9%] (Knuth: ~3 días) | máximo colocado 51 de 64 | hilos 8 de 12
    ... 65.8 s | grupo 1/6 | 61081869 nodos | revisado 1.5%, faltan ~70 min [interior primero 1.5%, interior primero + pieza menos restrictiva 1.5%, reinicios, interior primero 11.6%] (Knuth: ~3 días) | máximo colocado 51 de 64 | hilos 8 de 12
    ... 67.8 s | grupo 1/6 | 63083211 nodos | revisado 1.5%, faltan ~72 min [interior primero 1.5%, interior primero + pieza menos restrictiva 1.5%, reinicios, interior primero 11.6%] (Knuth: ~3 días) | máximo colocado 51 de 64 | hilos 8 de 12
    ... 69.8 s | grupo 1/6 | 65084283 nodos | revisado 1.5%, faltan ~75 min [interior primero 1.5%, interior primero + pieza menos restrictiva 1.5%, reinicios, interior primero 11.6%] (Knuth: ~3 días) | máximo colocado 51 de 64 | hilos 8 de 12
    ... 71.8 s | grupo 1/6 | 67062548 nodos | revisado 1.5%, faltan ~77 min [interior primero 1.5%, interior primero + pieza menos restrictiva 1.5%, reinicios, interior primero 12.3%] (Knuth: ~3 días) | máximo colocado 51 de 64 | hilos 8 de 12
    ... 73.9 s | grupo 1/6 | 69071933 nodos | revisado 1.5%, faltan ~79 min [interior primero 1.5%, interior primero + pieza menos restrictiva 1.5%, reinicios, interior primero 12.3%] (Knuth: ~3 días) | máximo colocado 51 de 64 | hilos 8 de 12
    ... 75.9 s | grupo 1/6 | 71050101 nodos | revisado 1.5%, faltan ~81 min [interior primero 1.5%, interior primero + pieza menos restrictiva 1.5%, reinicios, interior primero 13.1%] (Knuth: ~3 días) | máximo colocado 51 de 64 | hilos 8 de 12
    ... 77.9 s | grupo 1/6 | 72987953 nodos | revisado 1.5%, faltan ~84 min [interior primero 1.5%, interior primero + pieza menos restrictiva 1.5%, reinicios, interior primero 13.1%] (Knuth: ~3 días) | máximo colocado 51 de 64 | hilos 8 de 12
    ... 79.9 s | grupo 1/6 | 74932001 nodos | revisado 1.5%, faltan ~86 min [interior primero 1.5%, interior primero + pieza menos restrictiva 1.5%, reinicios, interior primero 13.1%] (Knuth: ~3 días) | máximo colocado 51 de 64 | hilos 8 de 12
    ... 81.9 s | grupo 1/6 | 76897691 nodos | revisado 1.5%, faltan ~88 min [interior primero 1.5%, interior primero + pieza menos restrictiva 1.5%, reinicios, interior primero 13.1%] (Knuth: ~3 días) | máximo colocado 51 de 64 | hilos 8 de 12
    ... 83.9 s | grupo 1/6 | 78870000 nodos | revisado 1.5%, faltan ~90 min [interior primero 1.5%, interior primero + pieza menos restrictiva 1.5%, reinicios, interior primero 13.1%] (Knuth: ~3 días) | máximo colocado 51 de 64 | hilos 8 de 12
    ... 85.9 s | grupo 1/6 | 80853410 nodos | revisado 1.5%, faltan ~93 min [interior primero 1.5%, interior primero + pieza menos restrictiva 1.5%, reinicios, interior primero 13.1%] (Knuth: ~3 días) | máximo colocado 53 de 64 | hilos 8 de 12
    ... 87.9 s | grupo 1/6 | 82822912 nodos | revisado 1.5%, faltan ~95 min [interior primero 1.5%, interior primero + pieza menos restrictiva 1.5%, reinicios, interior primero 13.1%] (Knuth: ~3 días) | máximo colocado 53 de 64 | hilos 8 de 12
    ... 89.9 s | grupo 1/6 | 84775458 nodos | revisado 1.5%, faltan ~97 min [interior primero 1.5%, interior primero + pieza menos restrictiva 1.5%, reinicios, interior primero 13.1%] (Knuth: ~3 días) | máximo colocado 53 de 64 | hilos 8 de 12
    ... 91.9 s | grupo 1/6 | 86728209 nodos | revisado 1.5%, faltan ~100 min [interior primero 1.5%, interior primero + pieza menos restrictiva 1.5%, reinicios, interior primero 13.1%] (Knuth: ~3 días) | máximo colocado 53 de 64 | hilos 8 de 12
    ... 93.9 s | grupo 1/6 | 88697516 nodos | revisado 1.5%, faltan ~102 min [interior primero 1.5%, interior primero + pieza menos restrictiva 1.5%, reinicios, interior primero 13.1%] (Knuth: ~3 días) | máximo colocado 53 de 64 | hilos 8 de 12
    ... 95.9 s | grupo 1/6 | 90648110 nodos | revisado 1.5%, faltan ~104 min [interior primero 1.5%, interior primero + pieza menos restrictiva 1.5%, reinicios, interior primero 13.1%] (Knuth: ~3 días) | máximo colocado 53 de 64 | hilos 8 de 12
    ... 97.9 s | grupo 1/6 | 92612027 nodos | revisado 1.5%, faltan ~106 min [interior primero 1.5%, interior primero + pieza menos restrictiva 1.5%, reinicios, interior primero 13.1%] (Knuth: ~3 días) | máximo colocado 53 de 64 | hilos 8 de 12
    ... 99.9 s | grupo 1/6 | 94573314 nodos | revisado 1.5%, faltan ~108 min [interior primero 1.5%, interior primero + pieza menos restrictiva 1.5%, reinicios, interior primero 13.8%] (Knuth: ~3 días) | máximo colocado 53 de 64 | hilos 8 de 12
    ... 101.9 s | grupo 1/6 | 96538180 nodos | revisado 1.5%, faltan ~111 min [interior primero 1.5%, interior primero + pieza menos restrictiva 1.5%, reinicios, interior primero 13.8%] (Knuth: ~3 días) | máximo colocado 53 de 64 | hilos 8 de 12
    ... 103.9 s | grupo 1/6 | 98510157 nodos | revisado 1.5%, faltan ~113 min [interior primero 1.5%, interior primero + pieza menos restrictiva 1.5%, reinicios, interior primero 14.5%] (Knuth: ~3 días) | máximo colocado 53 de 64 | hilos 8 de 12
    ... 105.9 s | grupo 1/6 | 100463697 nodos | revisado 1.5%, faltan ~115 min [interior primero 1.5%, interior primero + pieza menos restrictiva 1.5%, reinicios, interior primero 14.5%] (Knuth: ~3 días) | máximo colocado 53 de 64 | hilos 8 de 12
    ... 107.9 s | grupo 1/6 | 102408603 nodos | revisado 1.5%, faltan ~117 min [interior primero 1.5%, interior primero + pieza menos restrictiva 1.5%, reinicios, interior primero 14.5%] (Knuth: ~3 días) | máximo colocado 53 de 64 | hilos 8 de 12
    ... 109.9 s | grupo 1/6 | 104362776 nodos | revisado 1.5%, faltan ~120 min [interior primero 1.5%, interior primero + pieza menos restrictiva 1.5%, reinicios, interior primero 14.5%] (Knuth: ~3 días) | máximo colocado 53 de 64 | hilos 8 de 12
    ... 111.9 s | grupo 1/6 | 106326962 nodos | revisado 1.5%, faltan ~2.0 h [interior primero 1.5%, interior primero + pieza menos restrictiva 1.5%, reinicios, interior primero 14.5%] (Knuth: ~3 días) | máximo colocado 53 de 64 | hilos 8 de 12
    ... 113.9 s | grupo 1/6 | 108288776 nodos | revisado 1.5%, faltan ~2.1 h [interior primero 1.5%, interior primero + pieza menos restrictiva 1.5%, reinicios, interior primero 14.5%] (Knuth: ~3 días) | máximo colocado 53 de 64 | hilos 8 de 12
    ... 116.0 s | grupo 1/6 | 110255415 nodos | revisado 1.5%, faltan ~2.1 h [interior primero 1.5%, interior primero + pieza menos restrictiva 1.5%, reinicios, interior primero 14.5%] (Knuth: ~3 días) | máximo colocado 53 de 64 | hilos 8 de 12
    ... 118.0 s | grupo 1/6 | 112198306 nodos | revisado 1.5%, faltan ~2.1 h [interior primero 1.5%, interior primero + pieza menos restrictiva 1.5%, reinicios, interior primero 15.2%] (Knuth: ~3 días) | máximo colocado 53 de 64 | hilos 8 de 12
    ... 120.0 s | grupo 1/6 | 114132110 nodos | revisado 1.5%, faltan ~2.2 h [interior primero 1.5%, interior primero + pieza menos restrictiva 1.5%, reinicios, interior primero 16.0%] (Knuth: ~3 días) | máximo colocado 53 de 64 | hilos 8 de 12
    ... 122.0 s | grupo 1/6 | 116084264 nodos | revisado 1.5%, faltan ~2.2 h [interior primero 1.5%, interior primero + pieza menos restrictiva 1.5%, reinicios, interior primero 16.7%] (Knuth: ~3 días) | máximo colocado 53 de 64 | hilos 8 de 12
    ... 124.0 s | grupo 1/6 | 118038443 nodos | revisado 1.5%, faltan ~2.3 h [interior primero 1.5%, interior primero + pieza menos restrictiva 1.5%, reinicios, interior primero 17.4%] (Knuth: ~3 días) | máximo colocado 53 de 64 | hilos 8 de 12
    ... 126.0 s | grupo 1/6 | 119994617 nodos | revisado 1.5%, faltan ~2.3 h [interior primero 1.5%, interior primero + pieza menos restrictiva 1.5%, reinicios, interior primero 17.4%] (Knuth: ~3 días) | máximo colocado 53 de 64 | hilos 8 de 12
    ... 128.0 s | grupo 1/6 | 121980435 nodos | revisado 1.5%, faltan ~2.3 h [interior primero 1.5%, interior primero + pieza menos restrictiva 1.5%, reinicios, interior primero 17.4%] (Knuth: ~3 días) | máximo colocado 53 de 64 | hilos 8 de 12
    ... 130.0 s | grupo 1/6 | 123954055 nodos | revisado 1.5%, faltan ~2.4 h [interior primero 1.5%, interior primero + pieza menos restrictiva 1.5%, reinicios, interior primero 17.4%] (Knuth: ~3 días) | máximo colocado 53 de 64 | hilos 8 de 12
    ... 132.0 s | grupo 1/6 | 125912660 nodos | revisado 1.5%, faltan ~2.4 h [interior primero 1.5%, interior primero + pieza menos restrictiva 1.5%, reinicios, interior primero 17.4%] (Knuth: ~3 días) | máximo colocado 53 de 64 | hilos 8 de 12
    ... 134.0 s | grupo 1/6 | 127872025 nodos | revisado 1.5%, faltan ~2.4 h [interior primero 1.5%, interior primero + pieza menos restrictiva 1.5%, reinicios, interior primero 17.4%] (Knuth: ~3 días) | máximo colocado 53 de 64 | hilos 8 de 12
    ... 136.0 s | grupo 1/6 | 129841028 nodos | revisado 1.5%, faltan ~2.5 h [interior primero 1.5%, interior primero + pieza menos restrictiva 1.5%, reinicios, interior primero 18.9%] (Knuth: ~3 días) | máximo colocado 53 de 64 | hilos 8 de 12
    ... 138.0 s | grupo 1/6 | 131827464 nodos | revisado 1.5%, faltan ~2.5 h [interior primero 1.5%, interior primero + pieza menos restrictiva 1.5%, reinicios, interior primero 18.9%] (Knuth: ~3 días) | máximo colocado 53 de 64 | hilos 8 de 12
    ... 140.0 s | grupo 1/6 | 133798229 nodos | revisado 1.5%, faltan ~2.6 h [interior primero 1.5%, interior primero + pieza menos restrictiva 1.5%, reinicios, interior primero 18.9%] (Knuth: ~3 días) | máximo colocado 53 de 64 | hilos 8 de 12
    ... 142.0 s | grupo 1/6 | 135772313 nodos | revisado 1.5%, faltan ~2.6 h [interior primero 1.5%, interior primero + pieza menos restrictiva 1.5%, reinicios, interior primero 18.9%] (Knuth: ~3 días) | máximo colocado 53 de 64 | hilos 8 de 12
    ... 144.0 s | grupo 1/6 | 137739887 nodos | revisado 1.5%, faltan ~2.6 h [interior primero 1.5%, interior primero + pieza menos restrictiva 1.5%, reinicios, interior primero 18.9%] (Knuth: ~3 días) | máximo colocado 53 de 64 | hilos 8 de 12
    ... 146.0 s | grupo 1/6 | 139745392 nodos | revisado 1.5%, faltan ~2.7 h [interior primero 1.5%, interior primero + pieza menos restrictiva 1.5%, reinicios, interior primero 18.9%] (Knuth: ~3 días) | máximo colocado 53 de 64 | hilos 8 de 12
    ... 148.0 s | grupo 1/6 | 141727772 nodos | revisado 1.5%, faltan ~2.7 h [interior primero 1.5%, interior primero + pieza menos restrictiva 1.5%, reinicios, interior primero 18.9%] (Knuth: ~3 días) | máximo colocado 53 de 64 | hilos 8 de 12
    ... 150.0 s | grupo 1/6 | 143707788 nodos | revisado 1.5%, faltan ~2.7 h [interior primero 1.5%, interior primero + pieza menos restrictiva 1.5%, reinicios, interior primero 18.9%] (Knuth: ~3 días) | máximo colocado 53 de 64 | hilos 8 de 12
    ... 152.0 s | grupo 1/6 | 145716920 nodos | revisado 1.5%, faltan ~2.8 h [interior primero 1.5%, interior primero + pieza menos restrictiva 1.5%, reinicios, interior primero 19.6%] (Knuth: ~3 días) | máximo colocado 53 de 64 | hilos 8 de 12
    ... 154.0 s | grupo 1/6 | 147716424 nodos | revisado 1.5%, faltan ~2.8 h [interior primero 1.5%, interior primero + pieza menos restrictiva 1.5%, reinicios, interior primero 19.6%] (Knuth: ~3 días) | máximo colocado 53 de 64 | hilos 8 de 12
    ... 156.1 s | grupo 1/6 | 149715883 nodos | revisado 1.5%, faltan ~2.9 h [interior primero 1.5%, interior primero + pieza menos restrictiva 1.5%, reinicios, interior primero 19.6%] (Knuth: ~3 días) | máximo colocado 53 de 64 | hilos 8 de 12
    ... 158.1 s | grupo 1/6 | 151711134 nodos | revisado 1.5%, faltan ~2.9 h [interior primero 1.5%, interior primero + pieza menos restrictiva 1.5%, reinicios, interior primero 19.6%] (Knuth: ~3 días) | máximo colocado 53 de 64 | hilos 8 de 12
    ... 160.1 s | grupo 1/6 | 153703774 nodos | revisado 1.5%, faltan ~2.9 h [interior primero 1.5%, interior primero + pieza menos restrictiva 1.5%, reinicios, interior primero 19.6%] (Knuth: ~3 días) | máximo colocado 53 de 64 | hilos 8 de 12
    ... 162.1 s | grupo 1/6 | 155689321 nodos | revisado 1.5%, faltan ~3.0 h [interior primero 1.5%, interior primero + pieza menos restrictiva 1.5%, reinicios, interior primero 19.6%] (Knuth: ~3 días) | máximo colocado 53 de 64 | hilos 8 de 12
    ... 164.1 s | grupo 1/6 | 157689735 nodos | revisado 1.5%, faltan ~3.0 h [interior primero 1.5%, interior primero + pieza menos restrictiva 1.5%, reinicios, interior primero 19.6%] (Knuth: ~3 días) | máximo colocado 53 de 64 | hilos 8 de 12
    ... 166.1 s | grupo 1/6 | 159672943 nodos | revisado 1.5%, faltan ~3.0 h [interior primero 1.5%, interior primero + pieza menos restrictiva 1.5%, reinicios, interior primero 19.6%] (Knuth: ~3 días) | máximo colocado 53 de 64 | hilos 8 de 12
    ... 168.1 s | grupo 1/6 | 161668452 nodos | revisado 1.5%, faltan ~3.1 h [interior primero 1.5%, interior primero + pieza menos restrictiva 1.5%, reinicios, interior primero 19.6%] (Knuth: ~3 días) | máximo colocado 53 de 64 | hilos 8 de 12
    ... 170.1 s | grupo 1/6 | 163648557 nodos | revisado 1.5%, faltan ~3.1 h [interior primero 1.5%, interior primero + pieza menos restrictiva 1.5%, reinicios, interior primero 19.6%] (Knuth: ~3 días) | máximo colocado 53 de 64 | hilos 8 de 12
    ... 172.1 s | grupo 1/6 | 165605391 nodos | revisado 1.5%, faltan ~3.1 h [interior primero 1.5%, interior primero + pieza menos restrictiva 1.5%, reinicios, interior primero 19.6%] (Knuth: ~3 días) | máximo colocado 53 de 64 | hilos 8 de 12
    ... 174.1 s | grupo 1/6 | 167564805 nodos | revisado 1.5%, faltan ~3.2 h [interior primero 1.5%, interior primero + pieza menos restrictiva 1.5%, reinicios, interior primero 19.6%] (Knuth: ~3 días) | máximo colocado 53 de 64 | hilos 8 de 12
    ... 176.1 s | grupo 1/6 | 169527784 nodos | revisado 1.5%, faltan ~3.2 h [interior primero 1.5%, interior primero + pieza menos restrictiva 1.5%, reinicios, interior primero 19.6%] (Knuth: ~3 días) | máximo colocado 53 de 64 | hilos 8 de 12
    ... 178.1 s | grupo 1/6 | 171462395 nodos | revisado 1.5%, faltan ~3.3 h [interior primero 1.5%, interior primero + pieza menos restrictiva 1.5%, reinicios, interior primero 19.6%] (Knuth: ~3 días) | máximo colocado 53 de 64 | hilos 8 de 12
    ... 180.1 s | grupo 1/6 | 173391547 nodos | revisado 1.5%, faltan ~3.3 h [interior primero 1.5%, interior primero + pieza menos restrictiva 1.5%, reinicios, interior primero 19.6%] (Knuth: ~3 días) | máximo colocado 53 de 64 | hilos 8 de 12
    ... 182.1 s | grupo 1/6 | 175332855 nodos | revisado 1.5%, faltan ~3.3 h [interior primero 1.5%, interior primero + pieza menos restrictiva 1.5%, reinicios, interior primero 19.6%] (Knuth: ~3 días) | máximo colocado 53 de 64 | hilos 8 de 12
    ... 184.1 s | grupo 1/6 | 177278701 nodos | revisado 1.5%, faltan ~3.4 h [interior primero 1.5%, interior primero + pieza menos restrictiva 1.5%, reinicios, interior primero 19.6%] (Knuth: ~3 días) | máximo colocado 53 de 64 | hilos 8 de 12
    ... 186.1 s | grupo 1/6 | 179219379 nodos | revisado 1.5%, faltan ~3.4 h [interior primero 1.5%, interior primero + pieza menos restrictiva 1.5%, reinicios, interior primero 19.6%] (Knuth: ~3 días) | máximo colocado 53 de 64 | hilos 8 de 12
    ... 188.1 s | grupo 1/6 | 181152823 nodos | revisado 1.5%, faltan ~3.4 h [interior primero 1.5%, interior primero + pieza menos restrictiva 1.5%, reinicios, interior primero 19.6%] (Knuth: ~3 días) | máximo colocado 53 de 64 | hilos 8 de 12
    ... 190.1 s | grupo 1/6 | 183072506 nodos | revisado 1.5%, faltan ~3.5 h [interior primero 1.5%, interior primero + pieza menos restrictiva 1.5%, reinicios, interior primero 19.6%] (Knuth: ~3 días) | máximo colocado 53 de 64 | hilos 8 de 12
    ... 192.1 s | grupo 1/6 | 184997217 nodos | revisado 1.5%, faltan ~3.5 h [interior primero 1.5%, interior primero + pieza menos restrictiva 1.5%, reinicios, interior primero 20.3%] (Knuth: ~3 días) | máximo colocado 53 de 64 | hilos 8 de 12
    ... 194.1 s | grupo 1/6 | 186955287 nodos | revisado 1.5%, faltan ~3.6 h [interior primero 1.5%, interior primero + pieza menos restrictiva 1.5%, reinicios, interior primero 20.3%] (Knuth: ~3 días) | máximo colocado 53 de 64 | hilos 8 de 12
    ... 196.1 s | grupo 1/6 | 188888274 nodos | revisado 1.5%, faltan ~3.6 h [interior primero 1.5%, interior primero + pieza menos restrictiva 1.5%, reinicios, interior primero 20.3%] (Knuth: ~3 días) | máximo colocado 53 de 64 | hilos 8 de 12
    ... 198.1 s | grupo 1/6 | 190831388 nodos | revisado 1.5%, faltan ~3.6 h [interior primero 1.5%, interior primero + pieza menos restrictiva 1.5%, reinicios, interior primero 20.3%] (Knuth: ~3 días) | máximo colocado 53 de 64 | hilos 8 de 12
    ... 200.2 s | grupo 1/6 | 192793339 nodos | revisado 1.5%, faltan ~3.7 h [interior primero 1.5%, interior primero + pieza menos restrictiva 1.5%, reinicios, interior primero 20.3%] (Knuth: ~3 días) | máximo colocado 53 de 64 | hilos 8 de 12
    ... 202.2 s | grupo 1/6 | 194758348 nodos | revisado 1.5%, faltan ~3.7 h [interior primero 1.5%, interior primero + pieza menos restrictiva 1.5%, reinicios, interior primero 20.3%] (Knuth: ~3 días) | máximo colocado 53 de 64 | hilos 8 de 12
    ... 204.2 s | grupo 1/6 | 196711364 nodos | revisado 1.5%, faltan ~3.7 h [interior primero 1.5%, interior primero + pieza menos restrictiva 1.5%, reinicios, interior primero 20.3%] (Knuth: ~3 días) | máximo colocado 53 de 64 | hilos 8 de 12
    ... 206.2 s | grupo 1/6 | 198666557 nodos | revisado 1.5%, faltan ~3.8 h [interior primero 1.5%, interior primero + pieza menos restrictiva 1.5%, reinicios, interior primero 20.3%] (Knuth: ~3 días) | máximo colocado 53 de 64 | hilos 8 de 12
    ... 208.2 s | grupo 1/6 | 200607374 nodos | revisado 1.5%, faltan ~3.8 h [interior primero 1.5%, interior primero + pieza menos restrictiva 1.5%, reinicios, interior primero 20.3%] (Knuth: ~3 días) | máximo colocado 53 de 64 | hilos 8 de 12
    ... 210.2 s | grupo 1/6 | 202554190 nodos | revisado 1.5%, faltan ~3.9 h [interior primero 1.5%, interior primero + pieza menos restrictiva 1.5%, reinicios, interior primero 20.3%] (Knuth: ~3 días) | máximo colocado 53 de 64 | hilos 8 de 12
    ... 212.2 s | grupo 1/6 | 204508646 nodos | revisado 1.5%, faltan ~3.9 h [interior primero 1.5%, interior primero + pieza menos restrictiva 1.5%, reinicios, interior primero 20.3%] (Knuth: ~3 días) | máximo colocado 53 de 64 | hilos 8 de 12
    ... 214.2 s | grupo 1/6 | 206481037 nodos | revisado 1.5%, faltan ~3.9 h [interior primero 1.5%, interior primero + pieza menos restrictiva 1.5%, reinicios, interior primero 20.3%] (Knuth: ~3 días) | máximo colocado 53 de 64 | hilos 8 de 12
    ... 216.2 s | grupo 1/6 | 208470550 nodos | revisado 1.5%, faltan ~4.0 h [interior primero 1.5%, interior primero + pieza menos restrictiva 1.5%, reinicios, interior primero 21.1%] (Knuth: ~3 días) | máximo colocado 53 de 64 | hilos 8 de 12
    ... 218.2 s | grupo 1/6 | 210437371 nodos | revisado 1.5%, faltan ~4.0 h [interior primero 1.5%, interior primero + pieza menos restrictiva 1.5%, reinicios, interior primero 21.8%] (Knuth: ~3 días) | máximo colocado 53 de 64 | hilos 8 de 12
    ... 220.2 s | grupo 1/6 | 212435170 nodos | revisado 1.5%, faltan ~4.0 h [interior primero 1.5%, interior primero + pieza menos restrictiva 1.5%, reinicios, interior primero 23.2%] (Knuth: ~3 días) | máximo colocado 53 de 64 | hilos 8 de 12
    ... 222.2 s | grupo 1/6 | 214424023 nodos | revisado 1.5%, faltan ~4.1 h [interior primero 1.5%, interior primero + pieza menos restrictiva 1.5%, reinicios, interior primero 23.2%] (Knuth: ~3 días) | máximo colocado 53 de 64 | hilos 8 de 12
    ... 224.2 s | grupo 1/6 | 216381985 nodos | revisado 1.5%, faltan ~4.1 h [interior primero 1.5%, interior primero + pieza menos restrictiva 1.5%, reinicios, interior primero 24.0%] (Knuth: ~3 días) | máximo colocado 53 de 64 | hilos 8 de 12
    ... 226.2 s | grupo 1/6 | 218322815 nodos | revisado 1.5%, faltan ~4.1 h [interior primero 1.5%, interior primero + pieza menos restrictiva 1.5%, reinicios, interior primero 24.0%] (Knuth: ~3 días) | máximo colocado 53 de 64 | hilos 8 de 12
    ... 228.2 s | grupo 1/6 | 220270702 nodos | revisado 1.5%, faltan ~4.2 h [interior primero 1.5%, interior primero + pieza menos restrictiva 1.5%, reinicios, interior primero 24.0%] (Knuth: ~3 días) | máximo colocado 53 de 64 | hilos 8 de 12
    ... 230.2 s | grupo 1/6 | 222222703 nodos | revisado 1.5%, faltan ~4.2 h [interior primero 1.5%, interior primero + pieza menos restrictiva 1.5%, reinicios, interior primero 24.0%] (Knuth: ~3 días) | máximo colocado 53 de 64 | hilos 8 de 12
    ... 232.2 s | grupo 1/6 | 224173361 nodos | revisado 1.5%, faltan ~4.3 h [interior primero 1.5%, interior primero + pieza menos restrictiva 1.5%, reinicios, interior primero 24.0%] (Knuth: ~3 días) | máximo colocado 53 de 64 | hilos 8 de 12
    ... 234.2 s | grupo 1/6 | 226122630 nodos | revisado 1.5%, faltan ~4.3 h [interior primero 1.5%, interior primero + pieza menos restrictiva 1.5%, reinicios, interior primero 24.0%] (Knuth: ~3 días) | máximo colocado 53 de 64 | hilos 8 de 12
    ... 236.2 s | grupo 1/6 | 228101967 nodos | revisado 1.5%, faltan ~4.3 h [interior primero 1.5%, interior primero + pieza menos restrictiva 1.5%, reinicios, interior primero 25.4%] (Knuth: ~3 días) | máximo colocado 53 de 64 | hilos 8 de 12
    ... 238.2 s | grupo 1/6 | 230059573 nodos | revisado 1.5%, faltan ~4.4 h [interior primero 1.5%, interior primero + pieza menos restrictiva 1.5%, reinicios, interior primero 25.4%] (Knuth: ~3 días) | máximo colocado 53 de 64 | hilos 8 de 12
    ... 240.2 s | grupo 1/6 | 232016131 nodos | revisado 1.5%, faltan ~4.4 h [interior primero 1.5%, interior primero + pieza menos restrictiva 1.5%, reinicios, interior primero 25.4%] (Knuth: ~3 días) | máximo colocado 53 de 64 | hilos 8 de 12
    ... 242.2 s | grupo 1/6 | 233973179 nodos | revisado 1.5%, faltan ~4.4 h [interior primero 1.5%, interior primero + pieza menos restrictiva 1.5%, reinicios, interior primero 25.4%] (Knuth: ~3 días) | máximo colocado 53 de 64 | hilos 8 de 12
    ... 244.3 s | grupo 1/6 | 235927062 nodos | revisado 1.5%, faltan ~4.5 h [interior primero 1.5%, interior primero + pieza menos restrictiva 1.5%, reinicios, interior primero 25.4%] (Knuth: ~3 días) | máximo colocado 53 de 64 | hilos 8 de 12
    ... 246.3 s | grupo 1/6 | 237898946 nodos | revisado 1.5%, faltan ~4.5 h [interior primero 1.5%, interior primero + pieza menos restrictiva 1.5%, reinicios, interior primero 25.4%] (Knuth: ~3 días) | máximo colocado 53 de 64 | hilos 8 de 12
    ... 248.3 s | grupo 1/6 | 239840436 nodos | revisado 1.5%, faltan ~4.6 h [interior primero 1.5%, interior primero + pieza menos restrictiva 1.5%, reinicios, interior primero 25.4%] (Knuth: ~3 días) | máximo colocado 53 de 64 | hilos 8 de 12
    ... 250.3 s | grupo 1/6 | 241785982 nodos | revisado 1.5%, faltan ~4.6 h [interior primero 1.5%, interior primero + pieza menos restrictiva 1.5%, reinicios, interior primero 25.4%] (Knuth: ~3 días) | máximo colocado 53 de 64 | hilos 8 de 12
    ... 252.3 s | grupo 1/6 | 243764966 nodos | revisado 1.5%, faltan ~4.6 h [interior primero 1.5%, interior primero + pieza menos restrictiva 1.5%, reinicios, interior primero 25.4%] (Knuth: ~3 días) | máximo colocado 53 de 64 | hilos 8 de 12
    ... 254.3 s | grupo 1/6 | 245757956 nodos | revisado 1.5%, faltan ~4.7 h [interior primero 1.5%, interior primero + pieza menos restrictiva 1.5%, reinicios, interior primero 26.1%] (Knuth: ~3 días) | máximo colocado 53 de 64 | hilos 8 de 12
    ... 256.3 s | grupo 1/6 | 247714589 nodos | revisado 1.5%, faltan ~4.7 h [interior primero 1.5%, interior primero + pieza menos restrictiva 1.5%, reinicios, interior primero 26.9%] (Knuth: ~3 días) | máximo colocado 53 de 64 | hilos 8 de 12
    ... 258.3 s | grupo 1/6 | 249583838 nodos | revisado 1.5%, faltan ~4.7 h [interior primero 1.5%, interior primero + pieza menos restrictiva 1.5%, reinicios, interior primero 27.6%] (Knuth: ~3 días) | máximo colocado 53 de 64 | hilos 8 de 12
    ... 260.3 s | grupo 1/6 | 251557239 nodos | revisado 1.5%, faltan ~4.8 h [interior primero 1.5%, interior primero + pieza menos restrictiva 1.5%, reinicios, interior primero 29.8%] (Knuth: ~3 días) | máximo colocado 53 de 64 | hilos 8 de 12
    ... 262.3 s | grupo 1/6 | 253528712 nodos | revisado 1.5%, faltan ~4.8 h [interior primero 1.5%, interior primero + pieza menos restrictiva 1.5%, reinicios, interior primero 29.8%] (Knuth: ~3 días) | máximo colocado 53 de 64 | hilos 8 de 12
    ... 264.3 s | grupo 1/6 | 255517425 nodos | revisado 1.5%, faltan ~4.8 h [interior primero 1.5%, interior primero + pieza menos restrictiva 1.5%, reinicios, interior primero 30.5%] (Knuth: ~3 días) | máximo colocado 53 de 64 | hilos 8 de 12
    ... 266.3 s | grupo 1/6 | 257506779 nodos | revisado 1.5%, faltan ~4.9 h [interior primero 1.5%, interior primero + pieza menos restrictiva 1.5%, reinicios, interior primero 30.5%] (Knuth: ~3 días) | máximo colocado 53 de 64 | hilos 8 de 12
    ... 268.3 s | grupo 1/6 | 259446322 nodos | revisado 1.5%, faltan ~4.9 h [interior primero 1.5%, interior primero + pieza menos restrictiva 1.5%, reinicios, interior primero 30.5%] (Knuth: ~3 días) | máximo colocado 53 de 64 | hilos 8 de 12
    ... 270.3 s | grupo 1/6 | 261400057 nodos | revisado 1.5%, faltan ~5.0 h [interior primero 1.5%, interior primero + pieza menos restrictiva 1.5%, reinicios, interior primero 30.5%] (Knuth: ~3 días) | máximo colocado 53 de 64 | hilos 8 de 12
    ... 272.3 s | grupo 1/6 | 263345447 nodos | revisado 1.5%, faltan ~5.0 h [interior primero 1.5%, interior primero + pieza menos restrictiva 1.5%, reinicios, interior primero 31.2%] (Knuth: ~3 días) | máximo colocado 53 de 64 | hilos 8 de 12
    ... 274.3 s | grupo 1/6 | 265324195 nodos | revisado 1.5%, faltan ~5.0 h [interior primero 1.5%, interior primero + pieza menos restrictiva 1.5%, reinicios, interior primero 31.9%] (Knuth: ~3 días) | máximo colocado 53 de 64 | hilos 8 de 12
    ... 276.3 s | grupo 1/6 | 267308572 nodos | revisado 1.5%, faltan ~5.1 h [interior primero 1.5%, interior primero + pieza menos restrictiva 1.5%, reinicios, interior primero 31.9%] (Knuth: ~3 días) | máximo colocado 53 de 64 | hilos 8 de 12
    ... 278.3 s | grupo 1/6 | 269271951 nodos | revisado 1.5%, faltan ~5.1 h [interior primero 1.5%, interior primero + pieza menos restrictiva 1.5%, reinicios, interior primero 32.7%] (Knuth: ~3 días) | máximo colocado 53 de 64 | hilos 8 de 12
    ... 280.3 s | grupo 1/6 | 271233681 nodos | revisado 1.5%, faltan ~5.1 h [interior primero 1.5%, interior primero + pieza menos restrictiva 1.5%, reinicios, interior primero 34.1%] (Knuth: ~3 días) | máximo colocado 53 de 64 | hilos 8 de 12
    ... 282.3 s | grupo 1/6 | 273200750 nodos | revisado 1.5%, faltan ~5.2 h [interior primero 1.5%, interior primero + pieza menos restrictiva 1.5%, reinicios, interior primero 35.6%] (Knuth: ~3 días) | máximo colocado 53 de 64 | hilos 8 de 12
    ... 284.3 s | grupo 1/6 | 275162548 nodos | revisado 1.5%, faltan ~5.2 h [interior primero 1.5%, interior primero + pieza menos restrictiva 1.5%, reinicios, interior primero 36.3%] (Knuth: ~3 días) | máximo colocado 53 de 64 | hilos 8 de 12
    ... 286.3 s | grupo 1/6 | 277119565 nodos | revisado 1.5%, faltan ~5.3 h [interior primero 1.5%, interior primero + pieza menos restrictiva 1.5%, reinicios, interior primero 37.0%] (Knuth: ~3 días) | máximo colocado 57 de 64 | hilos 8 de 12
    ... 288.4 s | grupo 1/6 | 279091717 nodos | revisado 1.5%, faltan ~5.3 h [interior primero 1.5%, interior primero + pieza menos restrictiva 1.5%, reinicios, interior primero 37.0%] (Knuth: ~3 días) | máximo colocado 57 de 64 | hilos 8 de 12
    portafolio: encontró la solución el equipo "reinicios, interior primero" (nodos: interior primero 101040128, interior primero + pieza menos restrictiva 71649280, reinicios, interior primero 107800845)
[4] Grupo 1: SOLUCIÓN. Verificación: OK
[5] Tiempo total: 5 min
RESULTADO resuelto=1 ms=289773.5 marcos=0 nodos=280490253 grupos=1/6 hilos=12 t_marcos=0.000 t_interior=286.086 lados=0 unificado=1 max_colocadas=64
