[0] Tablero 8x8, 10 colores, 12 hilos
[1] Esquina fija (1,1). 6 grupos, orden por coste: 1.36e+20 1.36e+20 1.36e+20 1.36e+20 1.36e+20 1.36e+20
    grupo 1, orden menos opciones: estimado 2.86e+12 nodos
    grupo 1, orden interior primero: estimado 1.32e+12 nodos
    grupo 2, orden menos opciones: estimado 1.14e+13 nodos
    grupo 2, orden interior primero: estimado 2.44e+12 nodos
    grupo 3, orden menos opciones: estimado 5.86e+12 nodos
    grupo 3, orden interior primero: estimado 1.11e+12 nodos
    grupo 4, orden menos opciones: estimado 1.09e+13 nodos
    grupo 4, orden interior primero: estimado 8.89e+11 nodos
    grupo 5, orden menos opciones: estimado 1.08e+13 nodos
    grupo 5, orden interior primero: estimado 1.93e+12 nodos
    grupo 6, orden menos opciones: estimado 1.25e+13 nodos
    grupo 6, orden interior primero: estimado 1.48e+12 nodos
[1] Estimado de Knuth por grupo (nodos): 2.86e+12 2.44e+12(i) 1.11e+12(i) 8.89e+11(i) 1.93e+12(i) 1.48e+12(i)   (i) = interior primero
[2] Grupo 1/6: ruta unificada (mapas por lado), orden: menos opciones; grupo grande: 3 estrategias a la vez (normal, pieza menos restrictiva, reinicios)
    ... 5.7 s | grupo 1/6 | 2141493 nodos | revisado 1.54e-05%, faltan ~151 días [menos opciones 1.54e-05%, menos opciones + pieza menos restrictiva 7.98e-07%, reinicios, menos opciones 5.22e-04%] (Knuth: ~31 días) | máximo colocado 49 de 64 | hilos 8 de 12
    ... 7.7 s | grupo 1/6 | 4326691 nodos | revisado 3.73e-05%, faltan ~124 días [menos opciones 3.73e-05%, menos opciones + pieza menos restrictiva 2.40e-06%, reinicios, menos opciones 1.23e-03%] (Knuth: ~31 días) | máximo colocado 49 de 64 | hilos 8 de 12
    ... 9.7 s | grupo 1/6 | 6533330 nodos | revisado 7.74e-05%, faltan ~90 días [menos opciones 7.74e-05%, menos opciones + pieza menos restrictiva 3.31e-06%, reinicios, menos opciones 1.46e-03%] (Knuth: ~31 días) | máximo colocado 50 de 64 | hilos 8 de 12
    ... 11.7 s | grupo 1/6 | 8721713 nodos | revisado 9.56e-05%, faltan ~97 días [menos opciones 9.56e-05%, menos opciones + pieza menos restrictiva 3.65e-06%, reinicios, menos opciones 1.72e-03%] (Knuth: ~30 días) | máximo colocado 50 de 64 | hilos 8 de 12
    ... 13.7 s | grupo 1/6 | 10924020 nodos | revisado 1.24e-04%, faltan ~94 días [menos opciones 1.24e-04%, menos opciones + pieza menos restrictiva 3.96e-06%, reinicios, menos opciones 2.96e-03%] (Knuth: ~30 días) | máximo colocado 50 de 64 | hilos 8 de 12
    ... 15.7 s | grupo 1/6 | 13116471 nodos | revisado 1.52e-04%, faltan ~91 días [menos opciones 1.52e-04%, menos opciones + pieza menos restrictiva 5.21e-06%, reinicios, menos opciones 3.45e-03%] (Knuth: ~30 días) | máximo colocado 50 de 64 | hilos 8 de 12
    ... 17.7 s | grupo 1/6 | 15307113 nodos | revisado 1.78e-04%, faltan ~91 días [menos opciones 1.78e-04%, menos opciones + pieza menos restrictiva 6.32e-06%, reinicios, menos opciones 3.79e-03%] (Knuth: ~30 días) | máximo colocado 50 de 64 | hilos 8 de 12
    ... 19.7 s | grupo 1/6 | 17517337 nodos | revisado 2.12e-04%, faltan ~88 días [menos opciones 2.12e-04%, menos opciones + pieza menos restrictiva 7.89e-06%, reinicios, menos opciones 4.22e-03%] (Knuth: ~30 días) | máximo colocado 50 de 64 | hilos 8 de 12
    ... 21.7 s | grupo 1/6 | 19731699 nodos | revisado 2.62e-04%, faltan ~80 días [menos opciones 2.62e-04%, menos opciones + pieza menos restrictiva 9.25e-06%, reinicios, menos opciones 4.60e-03%] (Knuth: ~30 días) | máximo colocado 50 de 64 | hilos 8 de 12
    ... 23.7 s | grupo 1/6 | 21956006 nodos | revisado 3.33e-04%, faltan ~70 días [menos opciones 3.33e-04%, menos opciones + pieza menos restrictiva 9.86e-06%, reinicios, menos opciones 4.85e-03%] (Knuth: ~30 días) | máximo colocado 52 de 64 | hilos 8 de 12
    ... 25.7 s | grupo 1/6 | 24123503 nodos | revisado 3.69e-04%, faltan ~69 días [menos opciones 3.69e-04%, menos opciones + pieza menos restrictiva 1.04e-05%, reinicios, menos opciones 4.96e-03%] (Knuth: ~30 días) | máximo colocado 52 de 64 | hilos 8 de 12
    ... 27.7 s | grupo 1/6 | 26294707 nodos | revisado 4.06e-04%, faltan ~69 días [menos opciones 4.06e-04%, menos opciones + pieza menos restrictiva 1.08e-05%, reinicios, menos opciones 5.24e-03%] (Knuth: ~30 días) | máximo colocado 52 de 64 | hilos 8 de 12
    ... 29.7 s | grupo 1/6 | 28425873 nodos | revisado 4.23e-04%, faltan ~71 días [menos opciones 4.23e-04%, menos opciones + pieza menos restrictiva 1.13e-05%, reinicios, menos opciones 5.37e-03%] (Knuth: ~30 días) | máximo colocado 52 de 64 | hilos 8 de 12
    ... 31.7 s | grupo 1/6 | 30580712 nodos | revisado 4.35e-04%, faltan ~75 días [menos opciones 4.35e-04%, menos opciones + pieza menos restrictiva 1.22e-05%, reinicios, menos opciones 5.73e-03%] (Knuth: ~30 días) | máximo colocado 52 de 64 | hilos 8 de 12
    ... 33.7 s | grupo 1/6 | 32752150 nodos | revisado 4.48e-04%, faltan ~78 días [menos opciones 4.48e-04%, menos opciones + pieza menos restrictiva 1.29e-05%, reinicios, menos opciones 5.78e-03%] (Knuth: ~30 días) | máximo colocado 52 de 64 | hilos 8 de 12
    ... 35.8 s | grupo 1/6 | 34938929 nodos | revisado 4.61e-04%, faltan ~81 días [menos opciones 4.61e-04%, menos opciones + pieza menos restrictiva 1.40e-05%, reinicios, menos opciones 5.79e-03%] (Knuth: ~30 días) | máximo colocado 52 de 64 | hilos 8 de 12
    ... 37.8 s | grupo 1/6 | 37130172 nodos | revisado 4.71e-04%, faltan ~84 días [menos opciones 4.71e-04%, menos opciones + pieza menos restrictiva 1.53e-05%, reinicios, menos opciones 5.84e-03%] (Knuth: ~30 días) | máximo colocado 52 de 64 | hilos 8 de 12
    ... 39.8 s | grupo 1/6 | 39338173 nodos | revisado 4.77e-04%, faltan ~88 días [menos opciones 4.77e-04%, menos opciones + pieza menos restrictiva 1.69e-05%, reinicios, menos opciones 5.95e-03%] (Knuth: ~30 días) | máximo colocado 52 de 64 | hilos 8 de 12
    ... 41.8 s | grupo 1/6 | 41543006 nodos | revisado 4.96e-04%, faltan ~89 días [menos opciones 4.96e-04%, menos opciones + pieza menos restrictiva 1.88e-05%, reinicios, menos opciones 6.17e-03%] (Knuth: ~30 días) | máximo colocado 52 de 64 | hilos 8 de 12
    ... 43.8 s | grupo 1/6 | 43753481 nodos | revisado 5.13e-04%, faltan ~91 días [menos opciones 5.13e-04%, menos opciones + pieza menos restrictiva 2.06e-05%, reinicios, menos opciones 6.57e-03%] (Knuth: ~30 días) | máximo colocado 52 de 64 | hilos 8 de 12
    ... 45.8 s | grupo 1/6 | 45949712 nodos | revisado 5.37e-04%, faltan ~91 días [menos opciones 5.37e-04%, menos opciones + pieza menos restrictiva 2.14e-05%, reinicios, menos opciones 7.02e-03%] (Knuth: ~30 días) | máximo colocado 52 de 64 | hilos 8 de 12
    ... 47.8 s | grupo 1/6 | 48143320 nodos | revisado 5.53e-04%, faltan ~92 días [menos opciones 5.53e-04%, menos opciones + pieza menos restrictiva 2.30e-05%, reinicios, menos opciones 7.19e-03%] (Knuth: ~30 días) | máximo colocado 52 de 64 | hilos 8 de 12
    ... 49.8 s | grupo 1/6 | 50359035 nodos | revisado 5.68e-04%, faltan ~94 días [menos opciones 5.68e-04%, menos opciones + pieza menos restrictiva 2.46e-05%, reinicios, menos opciones 7.44e-03%] (Knuth: ~30 días) | máximo colocado 52 de 64 | hilos 8 de 12
    ... 51.8 s | grupo 1/6 | 52557090 nodos | revisado 5.74e-04%, faltan ~97 días [menos opciones 5.74e-04%, menos opciones + pieza menos restrictiva 3.01e-05%, reinicios, menos opciones 7.60e-03%] (Knuth: ~30 días) | máximo colocado 52 de 64 | hilos 8 de 12
    ... 53.8 s | grupo 1/6 | 54747513 nodos | revisado 5.81e-04%, faltan ~100 días [menos opciones 5.81e-04%, menos opciones + pieza menos restrictiva 3.36e-05%, reinicios, menos opciones 7.75e-03%] (Knuth: ~30 días) | máximo colocado 52 de 64 | hilos 8 de 12
    ... 55.8 s | grupo 1/6 | 56943386 nodos | revisado 5.92e-04%, faltan ~102 días [menos opciones 5.92e-04%, menos opciones + pieza menos restrictiva 3.59e-05%, reinicios, menos opciones 8.93e-03%] (Knuth: ~30 días) | máximo colocado 52 de 64 | hilos 8 de 12
    ... 57.8 s | grupo 1/6 | 59147086 nodos | revisado 6.06e-04%, faltan ~103 días [menos opciones 6.06e-04%, menos opciones + pieza menos restrictiva 3.89e-05%, reinicios, menos opciones 9.08e-03%] (Knuth: ~30 días) | máximo colocado 52 de 64 | hilos 8 de 12
    ... 59.9 s | grupo 1/6 | 61356622 nodos | revisado 6.19e-04%, faltan ~105 días [menos opciones 6.19e-04%, menos opciones + pieza menos restrictiva 4.19e-05%, reinicios, menos opciones 9.18e-03%] (Knuth: ~30 días) | máximo colocado 52 de 64 | hilos 8 de 12
    ... 61.9 s | grupo 1/6 | 63575979 nodos | revisado 6.38e-04%, faltan ~106 días [menos opciones 6.38e-04%, menos opciones + pieza menos restrictiva 4.26e-05%, reinicios, menos opciones 9.76e-03%] (Knuth: ~30 días) | máximo colocado 52 de 64 | hilos 8 de 12
    ... 63.9 s | grupo 1/6 | 65779041 nodos | revisado 6.65e-04%, faltan ~105 días [menos opciones 6.65e-04%, menos opciones + pieza menos restrictiva 4.41e-05%, reinicios, menos opciones 9.94e-03%] (Knuth: ~30 días) | máximo colocado 52 de 64 | hilos 8 de 12
    ... 65.9 s | grupo 1/6 | 67963399 nodos | revisado 7.43e-04%, faltan ~97 días [menos opciones 7.43e-04%, menos opciones + pieza menos restrictiva 4.52e-05%, reinicios, menos opciones 0.010%] (Knuth: ~30 días) | máximo colocado 52 de 64 | hilos 8 de 12
    ... 67.9 s | grupo 1/6 | 70172743 nodos | revisado 7.89e-04%, faltan ~94 días [menos opciones 7.89e-04%, menos opciones + pieza menos restrictiva 4.60e-05%, reinicios, menos opciones 0.010%] (Knuth: ~30 días) | máximo colocado 52 de 64 | hilos 8 de 12
    ... 69.9 s | grupo 1/6 | 72381579 nodos | revisado 8.51e-04%, faltan ~90 días [menos opciones 8.51e-04%, menos opciones + pieza menos restrictiva 4.97e-05%, reinicios, menos opciones 0.010%] (Knuth: ~30 días) | máximo colocado 52 de 64 | hilos 8 de 12
    ... 71.9 s | grupo 1/6 | 74580636 nodos | revisado 9.15e-04%, faltan ~86 días [menos opciones 9.15e-04%, menos opciones + pieza menos restrictiva 5.05e-05%, reinicios, menos opciones 0.011%] (Knuth: ~30 días) | máximo colocado 52 de 64 | hilos 8 de 12
    ... 73.9 s | grupo 1/6 | 76794736 nodos | revisado 9.25e-04%, faltan ~88 días [menos opciones 9.25e-04%, menos opciones + pieza menos restrictiva 5.21e-05%, reinicios, menos opciones 0.011%] (Knuth: ~30 días) | máximo colocado 52 de 64 | hilos 8 de 12
    ... 75.9 s | grupo 1/6 | 78968137 nodos | revisado 9.40e-04%, faltan ~89 días [menos opciones 9.40e-04%, menos opciones + pieza menos restrictiva 5.28e-05%, reinicios, menos opciones 0.011%] (Knuth: ~30 días) | máximo colocado 52 de 64 | hilos 8 de 12
    ... 77.9 s | grupo 1/6 | 81142221 nodos | revisado 9.58e-04%, faltan ~90 días [menos opciones 9.58e-04%, menos opciones + pieza menos restrictiva 5.40e-05%, reinicios, menos opciones 0.011%] (Knuth: ~30 días) | máximo colocado 52 de 64 | hilos 8 de 12
    ... 79.9 s | grupo 1/6 | 83317792 nodos | revisado 9.74e-04%, faltan ~91 días [menos opciones 9.74e-04%, menos opciones + pieza menos restrictiva 5.51e-05%, reinicios, menos opciones 0.011%] (Knuth: ~30 días) | máximo colocado 52 de 64 | hilos 8 de 12
    ... 82.0 s | grupo 1/6 | 85538356 nodos | revisado 1.01e-03%, faltan ~90 días [menos opciones 1.01e-03%, menos opciones + pieza menos restrictiva 5.65e-05%, reinicios, menos opciones 0.011%] (Knuth: ~30 días) | máximo colocado 52 de 64 | hilos 8 de 12
    ... 84.0 s | grupo 1/6 | 87726648 nodos | revisado 1.05e-03%, faltan ~88 días [menos opciones 1.05e-03%, menos opciones + pieza menos restrictiva 6.05e-05%, reinicios, menos opciones 0.011%] (Knuth: ~30 días) | máximo colocado 52 de 64 | hilos 8 de 12
    ... 86.0 s | grupo 1/6 | 89926234 nodos | revisado 1.09e-03%, faltan ~87 días [menos opciones 1.09e-03%, menos opciones + pieza menos restrictiva 6.60e-05%, reinicios, menos opciones 0.011%] (Knuth: ~30 días) | máximo colocado 52 de 64 | hilos 8 de 12
    ... 88.0 s | grupo 1/6 | 92117906 nodos | revisado 1.16e-03%, faltan ~84 días [menos opciones 1.16e-03%, menos opciones + pieza menos restrictiva 6.79e-05%, reinicios, menos opciones 0.011%] (Knuth: ~30 días) | máximo colocado 52 de 64 | hilos 8 de 12
    ... 90.0 s | grupo 1/6 | 94328814 nodos | revisado 1.19e-03%, faltan ~84 días [menos opciones 1.19e-03%, menos opciones + pieza menos restrictiva 6.95e-05%, reinicios, menos opciones 0.012%] (Knuth: ~30 días) | máximo colocado 52 de 64 | hilos 8 de 12
    ... 92.0 s | grupo 1/6 | 96536344 nodos | revisado 1.22e-03%, faltan ~83 días [menos opciones 1.22e-03%, menos opciones + pieza menos restrictiva 7.23e-05%, reinicios, menos opciones 0.013%] (Knuth: ~30 días) | máximo colocado 52 de 64 | hilos 8 de 12
    ... 94.0 s | grupo 1/6 | 98730654 nodos | revisado 1.25e-03%, faltan ~84 días [menos opciones 1.25e-03%, menos opciones + pieza menos restrictiva 7.38e-05%, reinicios, menos opciones 0.013%] (Knuth: ~30 días) | máximo colocado 52 de 64 | hilos 8 de 12
    ... 96.0 s | grupo 1/6 | 100897712 nodos | revisado 1.28e-03%, faltan ~84 días [menos opciones 1.28e-03%, menos opciones + pieza menos restrictiva 7.53e-05%, reinicios, menos opciones 0.013%] (Knuth: ~30 días) | máximo colocado 52 de 64 | hilos 8 de 12
    ... 98.0 s | grupo 1/6 | 103085257 nodos | revisado 1.32e-03%, faltan ~83 días [menos opciones 1.32e-03%, menos opciones + pieza menos restrictiva 7.70e-05%, reinicios, menos opciones 0.013%] (Knuth: ~30 días) | máximo colocado 52 de 64 | hilos 8 de 12
    ... 100.0 s | grupo 1/6 | 105270390 nodos | revisado 1.37e-03%, faltan ~82 días [menos opciones 1.37e-03%, menos opciones + pieza menos restrictiva 7.93e-05%, reinicios, menos opciones 0.013%] (Knuth: ~30 días) | máximo colocado 52 de 64 | hilos 8 de 12
    ... 102.1 s | grupo 1/6 | 107473765 nodos | revisado 1.40e-03%, faltan ~81 días [menos opciones 1.40e-03%, menos opciones + pieza menos restrictiva 8.06e-05%, reinicios, menos opciones 0.014%] (Knuth: ~30 días) | máximo colocado 52 de 64 | hilos 8 de 12
    ... 104.1 s | grupo 1/6 | 109666718 nodos | revisado 1.43e-03%, faltan ~81 días [menos opciones 1.43e-03%, menos opciones + pieza menos restrictiva 8.16e-05%, reinicios, menos opciones 0.015%] (Knuth: ~30 días) | máximo colocado 52 de 64 | hilos 8 de 12
    ... 106.1 s | grupo 1/6 | 111853355 nodos | revisado 1.45e-03%, faltan ~82 días [menos opciones 1.45e-03%, menos opciones + pieza menos restrictiva 8.43e-05%, reinicios, menos opciones 0.015%] (Knuth: ~30 días) | máximo colocado 52 de 64 | hilos 8 de 12
    ... 108.1 s | grupo 1/6 | 114027156 nodos | revisado 1.47e-03%, faltan ~82 días [menos opciones 1.47e-03%, menos opciones + pieza menos restrictiva 8.73e-05%, reinicios, menos opciones 0.015%] (Knuth: ~30 días) | máximo colocado 52 de 64 | hilos 8 de 12
    ... 110.1 s | grupo 1/6 | 116231716 nodos | revisado 1.48e-03%, faltan ~83 días [menos opciones 1.48e-03%, menos opciones + pieza menos restrictiva 9.05e-05%, reinicios, menos opciones 0.015%] (Knuth: ~30 días) | máximo colocado 52 de 64 | hilos 8 de 12
    ... 112.1 s | grupo 1/6 | 118404413 nodos | revisado 1.50e-03%, faltan ~84 días [menos opciones 1.50e-03%, menos opciones + pieza menos restrictiva 9.52e-05%, reinicios, menos opciones 0.016%] (Knuth: ~30 días) | máximo colocado 52 de 64 | hilos 8 de 12
    ... 114.1 s | grupo 1/6 | 120579284 nodos | revisado 1.51e-03%, faltan ~84 días [menos opciones 1.51e-03%, menos opciones + pieza menos restrictiva 9.69e-05%, reinicios, menos opciones 0.017%] (Knuth: ~30 días) | máximo colocado 52 de 64 | hilos 8 de 12
    ... 116.1 s | grupo 1/6 | 122757176 nodos | revisado 1.53e-03%, faltan ~85 días [menos opciones 1.53e-03%, menos opciones + pieza menos restrictiva 9.80e-05%, reinicios, menos opciones 0.017%] (Knuth: ~30 días) | máximo colocado 52 de 64 | hilos 8 de 12
    ... 118.1 s | grupo 1/6 | 124929491 nodos | revisado 1.56e-03%, faltan ~85 días [menos opciones 1.56e-03%, menos opciones + pieza menos restrictiva 9.89e-05%, reinicios, menos opciones 0.017%] (Knuth: ~30 días) | máximo colocado 52 de 64 | hilos 8 de 12
    ... 120.2 s | grupo 1/6 | 127127474 nodos | revisado 1.60e-03%, faltan ~84 días [menos opciones 1.60e-03%, menos opciones + pieza menos restrictiva 1.00e-04%, reinicios, menos opciones 0.017%] (Knuth: ~30 días) | máximo colocado 52 de 64 | hilos 8 de 12
    ... 122.2 s | grupo 1/6 | 129357937 nodos | revisado 1.65e-03%, faltan ~83 días [menos opciones 1.65e-03%, menos opciones + pieza menos restrictiva 1.01e-04%, reinicios, menos opciones 0.017%] (Knuth: ~30 días) | máximo colocado 52 de 64 | hilos 8 de 12
    ... 124.2 s | grupo 1/6 | 131543276 nodos | revisado 1.68e-03%, faltan ~83 días [menos opciones 1.68e-03%, menos opciones + pieza menos restrictiva 1.03e-04%, reinicios, menos opciones 0.018%] (Knuth: ~30 días) | máximo colocado 52 de 64 | hilos 8 de 12
    ... 126.2 s | grupo 1/6 | 133779557 nodos | revisado 1.71e-03%, faltan ~83 días [menos opciones 1.71e-03%, menos opciones + pieza menos restrictiva 1.06e-04%, reinicios, menos opciones 0.018%] (Knuth: ~30 días) | máximo colocado 52 de 64 | hilos 8 de 12
    ... 128.2 s | grupo 1/6 | 135996801 nodos | revisado 1.75e-03%, faltan ~83 días [menos opciones 1.75e-03%, menos opciones + pieza menos restrictiva 1.07e-04%, reinicios, menos opciones 0.018%] (Knuth: ~30 días) | máximo colocado 52 de 64 | hilos 8 de 12
    ... 130.2 s | grupo 1/6 | 138197215 nodos | revisado 1.79e-03%, faltan ~82 días [menos opciones 1.79e-03%, menos opciones + pieza menos restrictiva 1.10e-04%, reinicios, menos opciones 0.018%] (Knuth: ~30 días) | máximo colocado 52 de 64 | hilos 8 de 12
    ... 132.2 s | grupo 1/6 | 140337235 nodos | revisado 1.81e-03%, faltan ~82 días [menos opciones 1.81e-03%, menos opciones + pieza menos restrictiva 1.12e-04%, reinicios, menos opciones 0.019%] (Knuth: ~30 días) | máximo colocado 52 de 64 | hilos 8 de 12
    ... 134.2 s | grupo 1/6 | 142442684 nodos | revisado 1.83e-03%, faltan ~83 días [menos opciones 1.83e-03%, menos opciones + pieza menos restrictiva 1.19e-04%, reinicios, menos opciones 0.019%] (Knuth: ~30 días) | máximo colocado 52 de 64 | hilos 8 de 12
    ... 136.2 s | grupo 1/6 | 144584978 nodos | revisado 1.86e-03%, faltan ~83 días [menos opciones 1.86e-03%, menos opciones + pieza menos restrictiva 1.22e-04%, reinicios, menos opciones 0.020%] (Knuth: ~30 días) | máximo colocado 52 de 64 | hilos 8 de 12
    ... 138.2 s | grupo 1/6 | 146692358 nodos | revisado 1.88e-03%, faltan ~83 días [menos opciones 1.88e-03%, menos opciones + pieza menos restrictiva 1.24e-04%, reinicios, menos opciones 0.020%] (Knuth: ~30 días) | máximo colocado 52 de 64 | hilos 8 de 12
    ... 140.3 s | grupo 1/6 | 148877232 nodos | revisado 1.91e-03%, faltan ~83 días [menos opciones 1.91e-03%, menos opciones + pieza menos restrictiva 1.26e-04%, reinicios, menos opciones 0.020%] (Knuth: ~30 días) | máximo colocado 53 de 64 | hilos 8 de 12
    ... 142.3 s | grupo 1/6 | 151065065 nodos | revisado 1.93e-03%, faltan ~83 días [menos opciones 1.93e-03%, menos opciones + pieza menos restrictiva 1.31e-04%, reinicios, menos opciones 0.021%] (Knuth: ~30 días) | máximo colocado 53 de 64 | hilos 8 de 12
    ... 144.3 s | grupo 1/6 | 153186738 nodos | revisado 1.98e-03%, faltan ~82 días [menos opciones 1.98e-03%, menos opciones + pieza menos restrictiva 1.33e-04%, reinicios, menos opciones 0.021%] (Knuth: ~30 días) | máximo colocado 53 de 64 | hilos 8 de 12
    ... 146.3 s | grupo 1/6 | 155379825 nodos | revisado 2.01e-03%, faltan ~82 días [menos opciones 2.01e-03%, menos opciones + pieza menos restrictiva 1.36e-04%, reinicios, menos opciones 0.021%] (Knuth: ~30 días) | máximo colocado 53 de 64 | hilos 8 de 12
    ... 148.3 s | grupo 1/6 | 157565492 nodos | revisado 2.05e-03%, faltan ~82 días [menos opciones 2.05e-03%, menos opciones + pieza menos restrictiva 1.38e-04%, reinicios, menos opciones 0.022%] (Knuth: ~30 días) | máximo colocado 53 de 64 | hilos 8 de 12
    ... 150.3 s | grupo 1/6 | 159726516 nodos | revisado 2.08e-03%, faltan ~82 días [menos opciones 2.08e-03%, menos opciones + pieza menos restrictiva 1.39e-04%, reinicios, menos opciones 0.023%] (Knuth: ~30 días) | máximo colocado 53 de 64 | hilos 8 de 12
    ... 152.3 s | grupo 1/6 | 161857356 nodos | revisado 2.10e-03%, faltan ~82 días [menos opciones 2.10e-03%, menos opciones + pieza menos restrictiva 1.42e-04%, reinicios, menos opciones 0.023%] (Knuth: ~30 días) | máximo colocado 53 de 64 | hilos 8 de 12
    ... 154.4 s | grupo 1/6 | 163930531 nodos | revisado 2.15e-03%, faltan ~81 días [menos opciones 2.15e-03%, menos opciones + pieza menos restrictiva 1.45e-04%, reinicios, menos opciones 0.024%] (Knuth: ~30 días) | máximo colocado 53 de 64 | hilos 8 de 12
    ... 156.4 s | grupo 1/6 | 166094363 nodos | revisado 2.28e-03%, faltan ~77 días [menos opciones 2.28e-03%, menos opciones + pieza menos restrictiva 1.49e-04%, reinicios, menos opciones 0.024%] (Knuth: ~30 días) | máximo colocado 53 de 64 | hilos 8 de 12
    ... 158.4 s | grupo 1/6 | 168268238 nodos | revisado 2.36e-03%, faltan ~76 días [menos opciones 2.36e-03%, menos opciones + pieza menos restrictiva 1.50e-04%, reinicios, menos opciones 0.024%] (Knuth: ~30 días) | máximo colocado 53 de 64 | hilos 8 de 12
    ... 160.4 s | grupo 1/6 | 170409580 nodos | revisado 2.40e-03%, faltan ~76 días [menos opciones 2.40e-03%, menos opciones + pieza menos restrictiva 1.51e-04%, reinicios, menos opciones 0.024%] (Knuth: ~30 días) | máximo colocado 53 de 64 | hilos 8 de 12
    ... 162.4 s | grupo 1/6 | 172554462 nodos | revisado 2.45e-03%, faltan ~75 días [menos opciones 2.45e-03%, menos opciones + pieza menos restrictiva 1.53e-04%, reinicios, menos opciones 0.025%] (Knuth: ~30 días) | máximo colocado 53 de 64 | hilos 8 de 12
    ... 164.4 s | grupo 1/6 | 174646683 nodos | revisado 2.49e-03%, faltan ~75 días [menos opciones 2.49e-03%, menos opciones + pieza menos restrictiva 1.56e-04%, reinicios, menos opciones 0.025%] (Knuth: ~30 días) | máximo colocado 53 de 64 | hilos 8 de 12
    ... 166.4 s | grupo 1/6 | 176825118 nodos | revisado 2.53e-03%, faltan ~74 días [menos opciones 2.53e-03%, menos opciones + pieza menos restrictiva 1.58e-04%, reinicios, menos opciones 0.025%] (Knuth: ~30 días) | máximo colocado 53 de 64 | hilos 8 de 12
    ... 168.5 s | grupo 1/6 | 178987872 nodos | revisado 2.57e-03%, faltan ~74 días [menos opciones 2.57e-03%, menos opciones + pieza menos restrictiva 1.63e-04%, reinicios, menos opciones 0.025%] (Knuth: ~30 días) | máximo colocado 53 de 64 | hilos 8 de 12
    ... 170.5 s | grupo 1/6 | 181128009 nodos | revisado 2.61e-03%, faltan ~74 días [menos opciones 2.61e-03%, menos opciones + pieza menos restrictiva 1.65e-04%, reinicios, menos opciones 0.025%] (Knuth: ~30 días) | máximo colocado 53 de 64 | hilos 8 de 12
    ... 172.5 s | grupo 1/6 | 183319461 nodos | revisado 2.65e-03%, faltan ~74 días [menos opciones 2.65e-03%, menos opciones + pieza menos restrictiva 1.68e-04%, reinicios, menos opciones 0.025%] (Knuth: ~30 días) | máximo colocado 53 de 64 | hilos 8 de 12
    ... 174.5 s | grupo 1/6 | 185492502 nodos | revisado 2.69e-03%, faltan ~74 días [menos opciones 2.69e-03%, menos opciones + pieza menos restrictiva 1.68e-04%, reinicios, menos opciones 0.025%] (Knuth: ~30 días) | máximo colocado 53 de 64 | hilos 8 de 12
    ... 176.5 s | grupo 1/6 | 187681618 nodos | revisado 2.77e-03%, faltan ~72 días [menos opciones 2.77e-03%, menos opciones + pieza menos restrictiva 1.70e-04%, reinicios, menos opciones 0.025%] (Knuth: ~30 días) | máximo colocado 53 de 64 | hilos 8 de 12
    ... 178.5 s | grupo 1/6 | 189867266 nodos | revisado 2.81e-03%, faltan ~72 días [menos opciones 2.81e-03%, menos opciones + pieza menos restrictiva 1.71e-04%, reinicios, menos opciones 0.026%] (Knuth: ~30 días) | máximo colocado 53 de 64 | hilos 8 de 12
    ... 180.5 s | grupo 1/6 | 192023576 nodos | revisado 2.82e-03%, faltan ~73 días [menos opciones 2.82e-03%, menos opciones + pieza menos restrictiva 1.72e-04%, reinicios, menos opciones 0.026%] (Knuth: ~30 días) | máximo colocado 53 de 64 | hilos 8 de 12
    ... 182.5 s | grupo 1/6 | 194197760 nodos | revisado 2.84e-03%, faltan ~73 días [menos opciones 2.84e-03%, menos opciones + pieza menos restrictiva 1.74e-04%, reinicios, menos opciones 0.026%] (Knuth: ~30 días) | máximo colocado 53 de 64 | hilos 8 de 12
    ... 184.5 s | grupo 1/6 | 196360022 nodos | revisado 2.85e-03%, faltan ~73 días [menos opciones 2.85e-03%, menos opciones + pieza menos restrictiva 1.78e-04%, reinicios, menos opciones 0.026%] (Knuth: ~30 días) | máximo colocado 53 de 64 | hilos 8 de 12
    ... 186.5 s | grupo 1/6 | 198528487 nodos | revisado 2.86e-03%, faltan ~74 días [menos opciones 2.86e-03%, menos opciones + pieza menos restrictiva 1.82e-04%, reinicios, menos opciones 0.026%] (Knuth: ~30 días) | máximo colocado 53 de 64 | hilos 8 de 12
    ... 188.6 s | grupo 1/6 | 200696140 nodos | revisado 2.87e-03%, faltan ~75 días [menos opciones 2.87e-03%, menos opciones + pieza menos restrictiva 1.86e-04%, reinicios, menos opciones 0.026%] (Knuth: ~30 días) | máximo colocado 53 de 64 | hilos 8 de 12
    ... 190.6 s | grupo 1/6 | 202897048 nodos | revisado 2.89e-03%, faltan ~75 días [menos opciones 2.89e-03%, menos opciones + pieza menos restrictiva 1.93e-04%, reinicios, menos opciones 0.026%] (Knuth: ~30 días) | máximo colocado 53 de 64 | hilos 8 de 12
    ... 192.6 s | grupo 1/6 | 205080649 nodos | revisado 2.90e-03%, faltan ~75 días [menos opciones 2.90e-03%, menos opciones + pieza menos restrictiva 1.97e-04%, reinicios, menos opciones 0.026%] (Knuth: ~30 días) | máximo colocado 53 de 64 | hilos 8 de 12
    ... 194.6 s | grupo 1/6 | 207189324 nodos | revisado 2.91e-03%, faltan ~76 días [menos opciones 2.91e-03%, menos opciones + pieza menos restrictiva 1.99e-04%, reinicios, menos opciones 0.026%] (Knuth: ~30 días) | máximo colocado 53 de 64 | hilos 8 de 12
    ... 196.6 s | grupo 1/6 | 209353880 nodos | revisado 2.92e-03%, faltan ~77 días [menos opciones 2.92e-03%, menos opciones + pieza menos restrictiva 2.00e-04%, reinicios, menos opciones 0.026%] (Knuth: ~30 días) | máximo colocado 53 de 64 | hilos 8 de 12
    ... 198.6 s | grupo 1/6 | 211520280 nodos | revisado 2.93e-03%, faltan ~77 días [menos opciones 2.93e-03%, menos opciones + pieza menos restrictiva 2.01e-04%, reinicios, menos opciones 0.027%] (Knuth: ~30 días) | máximo colocado 53 de 64 | hilos 8 de 12
    ... 200.6 s | grupo 1/6 | 213674947 nodos | revisado 2.95e-03%, faltan ~77 días [menos opciones 2.95e-03%, menos opciones + pieza menos restrictiva 2.02e-04%, reinicios, menos opciones 0.028%] (Knuth: ~30 días) | máximo colocado 53 de 64 | hilos 8 de 12
    ... 202.6 s | grupo 1/6 | 215846487 nodos | revisado 2.98e-03%, faltan ~77 días [menos opciones 2.98e-03%, menos opciones + pieza menos restrictiva 2.05e-04%, reinicios, menos opciones 0.028%] (Knuth: ~31 días) | máximo colocado 53 de 64 | hilos 8 de 12
    ... 204.6 s | grupo 1/6 | 218019267 nodos | revisado 2.99e-03%, faltan ~78 días [menos opciones 2.99e-03%, menos opciones + pieza menos restrictiva 2.08e-04%, reinicios, menos opciones 0.028%] (Knuth: ~31 días) | máximo colocado 53 de 64 | hilos 8 de 12
    ... 206.6 s | grupo 1/6 | 220209404 nodos | revisado 3.00e-03%, faltan ~78 días [menos opciones 3.00e-03%, menos opciones + pieza menos restrictiva 2.09e-04%, reinicios, menos opciones 0.028%] (Knuth: ~30 días) | máximo colocado 53 de 64 | hilos 8 de 12
    ... 208.7 s | grupo 1/6 | 222388057 nodos | revisado 3.02e-03%, faltan ~79 días [menos opciones 3.02e-03%, menos opciones + pieza menos restrictiva 2.10e-04%, reinicios, menos opciones 0.029%] (Knuth: ~30 días) | máximo colocado 53 de 64 | hilos 8 de 12
    ... 210.7 s | grupo 1/6 | 224518192 nodos | revisado 3.09e-03%, faltan ~78 días [menos opciones 3.09e-03%, menos opciones + pieza menos restrictiva 2.11e-04%, reinicios, menos opciones 0.029%] (Knuth: ~31 días) | máximo colocado 53 de 64 | hilos 8 de 12
    ... 212.7 s | grupo 1/6 | 226697022 nodos | revisado 3.11e-03%, faltan ~78 días [menos opciones 3.11e-03%, menos opciones + pieza menos restrictiva 2.13e-04%, reinicios, menos opciones 0.029%] (Knuth: ~31 días) | máximo colocado 53 de 64 | hilos 8 de 12
    ... 214.7 s | grupo 1/6 | 228900529 nodos | revisado 3.12e-03%, faltan ~78 días [menos opciones 3.12e-03%, menos opciones + pieza menos restrictiva 2.15e-04%, reinicios, menos opciones 0.029%] (Knuth: ~31 días) | máximo colocado 53 de 64 | hilos 8 de 12
    ... 216.7 s | grupo 1/6 | 231074118 nodos | revisado 3.14e-03%, faltan ~79 días [menos opciones 3.14e-03%, menos opciones + pieza menos restrictiva 2.17e-04%, reinicios, menos opciones 0.029%] (Knuth: ~31 días) | máximo colocado 53 de 64 | hilos 8 de 12
    ... 218.7 s | grupo 1/6 | 233209801 nodos | revisado 3.15e-03%, faltan ~79 días [menos opciones 3.15e-03%, menos opciones + pieza menos restrictiva 2.19e-04%, reinicios, menos opciones 0.029%] (Knuth: ~31 días) | máximo colocado 53 de 64 | hilos 8 de 12
    ... 220.7 s | grupo 1/6 | 235400217 nodos | revisado 3.17e-03%, faltan ~79 días [menos opciones 3.17e-03%, menos opciones + pieza menos restrictiva 2.21e-04%, reinicios, menos opciones 0.031%] (Knuth: ~31 días) | máximo colocado 53 de 64 | hilos 8 de 12
    ... 222.7 s | grupo 1/6 | 237602327 nodos | revisado 3.21e-03%, faltan ~79 días [menos opciones 3.21e-03%, menos opciones + pieza menos restrictiva 2.25e-04%, reinicios, menos opciones 0.031%] (Knuth: ~31 días) | máximo colocado 53 de 64 | hilos 8 de 12
    ... 224.8 s | grupo 1/6 | 239769104 nodos | revisado 3.23e-03%, faltan ~79 días [menos opciones 3.23e-03%, menos opciones + pieza menos restrictiva 2.30e-04%, reinicios, menos opciones 0.031%] (Knuth: ~31 días) | máximo colocado 53 de 64 | hilos 8 de 12
    ... 226.8 s | grupo 1/6 | 241938870 nodos | revisado 3.25e-03%, faltan ~80 días [menos opciones 3.25e-03%, menos opciones + pieza menos restrictiva 2.33e-04%, reinicios, menos opciones 0.031%] (Knuth: ~31 días) | máximo colocado 53 de 64 | hilos 8 de 12
    ... 228.8 s | grupo 1/6 | 244114470 nodos | revisado 3.29e-03%, faltan ~79 días [menos opciones 3.29e-03%, menos opciones + pieza menos restrictiva 2.35e-04%, reinicios, menos opciones 0.032%] (Knuth: ~31 días) | máximo colocado 53 de 64 | hilos 8 de 12
    ... 230.8 s | grupo 1/6 | 246298344 nodos | revisado 3.30e-03%, faltan ~80 días [menos opciones 3.30e-03%, menos opciones + pieza menos restrictiva 2.37e-04%, reinicios, menos opciones 0.032%] (Knuth: ~31 días) | máximo colocado 53 de 64 | hilos 8 de 12
    ... 232.8 s | grupo 1/6 | 248486171 nodos | revisado 3.35e-03%, faltan ~79 días [menos opciones 3.35e-03%, menos opciones + pieza menos restrictiva 2.39e-04%, reinicios, menos opciones 0.032%] (Knuth: ~31 días) | máximo colocado 53 de 64 | hilos 8 de 12
    ... 234.8 s | grupo 1/6 | 250635265 nodos | revisado 3.37e-03%, faltan ~79 días [menos opciones 3.37e-03%, menos opciones + pieza menos restrictiva 2.42e-04%, reinicios, menos opciones 0.032%] (Knuth: ~31 días) | máximo colocado 53 de 64 | hilos 8 de 12
    ... 236.8 s | grupo 1/6 | 252817581 nodos | revisado 3.38e-03%, faltan ~80 días [menos opciones 3.38e-03%, menos opciones + pieza menos restrictiva 2.46e-04%, reinicios, menos opciones 0.032%] (Knuth: ~31 días) | máximo colocado 53 de 64 | hilos 8 de 12
    ... 238.8 s | grupo 1/6 | 254994308 nodos | revisado 3.39e-03%, faltan ~80 días [menos opciones 3.39e-03%, menos opciones + pieza menos restrictiva 2.49e-04%, reinicios, menos opciones 0.032%] (Knuth: ~31 días) | máximo colocado 53 de 64 | hilos 8 de 12
    ... 240.8 s | grupo 1/6 | 257157443 nodos | revisado 3.40e-03%, faltan ~81 días [menos opciones 3.40e-03%, menos opciones + pieza menos restrictiva 2.53e-04%, reinicios, menos opciones 0.032%] (Knuth: ~31 días) | máximo colocado 53 de 64 | hilos 8 de 12
    ... 242.9 s | grupo 1/6 | 259321518 nodos | revisado 3.42e-03%, faltan ~81 días [menos opciones 3.42e-03%, menos opciones + pieza menos restrictiva 2.56e-04%, reinicios, menos opciones 0.033%] (Knuth: ~31 días) | máximo colocado 53 de 64 | hilos 8 de 12
    ... 244.9 s | grupo 1/6 | 261505617 nodos | revisado 3.43e-03%, faltan ~81 días [menos opciones 3.43e-03%, menos opciones + pieza menos restrictiva 2.67e-04%, reinicios, menos opciones 0.033%] (Knuth: ~31 días) | máximo colocado 53 de 64 | hilos 8 de 12
    ... 246.9 s | grupo 1/6 | 263692705 nodos | revisado 3.46e-03%, faltan ~81 días [menos opciones 3.46e-03%, menos opciones + pieza menos restrictiva 2.73e-04%, reinicios, menos opciones 0.033%] (Knuth: ~31 días) | máximo colocado 53 de 64 | hilos 8 de 12
    ... 248.9 s | grupo 1/6 | 265882037 nodos | revisado 3.47e-03%, faltan ~82 días [menos opciones 3.47e-03%, menos opciones + pieza menos restrictiva 2.78e-04%, reinicios, menos opciones 0.033%] (Knuth: ~31 días) | máximo colocado 53 de 64 | hilos 8 de 12
    ... 250.9 s | grupo 1/6 | 268085363 nodos | revisado 3.48e-03%, faltan ~82 días [menos opciones 3.48e-03%, menos opciones + pieza menos restrictiva 2.85e-04%, reinicios, menos opciones 0.033%] (Knuth: ~31 días) | máximo colocado 53 de 64 | hilos 8 de 12
    ... 252.9 s | grupo 1/6 | 270262937 nodos | revisado 3.49e-03%, faltan ~83 días [menos opciones 3.49e-03%, menos opciones + pieza menos restrictiva 3.00e-04%, reinicios, menos opciones 0.034%] (Knuth: ~31 días) | máximo colocado 53 de 64 | hilos 8 de 12
    ... 254.9 s | grupo 1/6 | 272426993 nodos | revisado 3.54e-03%, faltan ~82 días [menos opciones 3.54e-03%, menos opciones + pieza menos restrictiva 3.18e-04%, reinicios, menos opciones 0.034%] (Knuth: ~31 días) | máximo colocado 53 de 64 | hilos 8 de 12
    ... 256.9 s | grupo 1/6 | 274590443 nodos | revisado 3.56e-03%, faltan ~82 días [menos opciones 3.56e-03%, menos opciones + pieza menos restrictiva 3.25e-04%, reinicios, menos opciones 0.034%] (Knuth: ~31 días) | máximo colocado 53 de 64 | hilos 8 de 12
    ... 258.9 s | grupo 1/6 | 276722762 nodos | revisado 3.59e-03%, faltan ~82 días [menos opciones 3.59e-03%, menos opciones + pieza menos restrictiva 3.35e-04%, reinicios, menos opciones 0.034%] (Knuth: ~31 días) | máximo colocado 53 de 64 | hilos 8 de 12
    ... 260.9 s | grupo 1/6 | 278889815 nodos | revisado 3.63e-03%, faltan ~82 días [menos opciones 3.63e-03%, menos opciones + pieza menos restrictiva 3.48e-04%, reinicios, menos opciones 0.034%] (Knuth: ~31 días) | máximo colocado 53 de 64 | hilos 8 de 12
    ... 262.9 s | grupo 1/6 | 281097289 nodos | revisado 3.66e-03%, faltan ~82 días [menos opciones 3.66e-03%, menos opciones + pieza menos restrictiva 3.57e-04%, reinicios, menos opciones 0.034%] (Knuth: ~31 días) | máximo colocado 53 de 64 | hilos 8 de 12
    ... 265.0 s | grupo 1/6 | 283296925 nodos | revisado 3.68e-03%, faltan ~82 días [menos opciones 3.68e-03%, menos opciones + pieza menos restrictiva 3.70e-04%, reinicios, menos opciones 0.035%] (Knuth: ~31 días) | máximo colocado 53 de 64 | hilos 8 de 12
    ... 267.0 s | grupo 1/6 | 285472179 nodos | revisado 3.72e-03%, faltan ~82 días [menos opciones 3.72e-03%, menos opciones + pieza menos restrictiva 3.80e-04%, reinicios, menos opciones 0.035%] (Knuth: ~31 días) | máximo colocado 53 de 64 | hilos 8 de 12
    ... 269.0 s | grupo 1/6 | 287680819 nodos | revisado 3.77e-03%, faltan ~82 días [menos opciones 3.77e-03%, menos opciones + pieza menos restrictiva 4.01e-04%, reinicios, menos opciones 0.035%] (Knuth: ~31 días) | máximo colocado 53 de 64 | hilos 8 de 12
    ... 271.0 s | grupo 1/6 | 289875324 nodos | revisado 3.81e-03%, faltan ~81 días [menos opciones 3.81e-03%, menos opciones + pieza menos restrictiva 4.11e-04%, reinicios, menos opciones 0.035%] (Knuth: ~31 días) | máximo colocado 53 de 64 | hilos 8 de 12
    ... 273.0 s | grupo 1/6 | 292073540 nodos | revisado 3.83e-03%, faltan ~81 días [menos opciones 3.83e-03%, menos opciones + pieza menos restrictiva 4.13e-04%, reinicios, menos opciones 0.035%] (Knuth: ~31 días) | máximo colocado 53 de 64 | hilos 8 de 12
    ... 275.0 s | grupo 1/6 | 294261395 nodos | revisado 3.87e-03%, faltan ~81 días [menos opciones 3.87e-03%, menos opciones + pieza menos restrictiva 4.14e-04%, reinicios, menos opciones 0.035%] (Knuth: ~31 días) | máximo colocado 53 de 64 | hilos 8 de 12
    ... 277.0 s | grupo 1/6 | 296432555 nodos | revisado 3.95e-03%, faltan ~80 días [menos opciones 3.95e-03%, menos opciones + pieza menos restrictiva 4.16e-04%, reinicios, menos opciones 0.036%] (Knuth: ~31 días) | máximo colocado 53 de 64 | hilos 8 de 12
    ... 279.0 s | grupo 1/6 | 298600003 nodos | revisado 4.00e-03%, faltan ~80 días [menos opciones 4.00e-03%, menos opciones + pieza menos restrictiva 4.19e-04%, reinicios, menos opciones 0.036%] (Knuth: ~31 días) | máximo colocado 53 de 64 | hilos 8 de 12
    ... 281.0 s | grupo 1/6 | 300757658 nodos | revisado 4.05e-03%, faltan ~79 días [menos opciones 4.05e-03%, menos opciones + pieza menos restrictiva 4.22e-04%, reinicios, menos opciones 0.036%] (Knuth: ~31 días) | máximo colocado 53 de 64 | hilos 8 de 12
    ... 283.0 s | grupo 1/6 | 302929091 nodos | revisado 4.09e-03%, faltan ~79 días [menos opciones 4.09e-03%, menos opciones + pieza menos restrictiva 4.24e-04%, reinicios, menos opciones 0.036%] (Knuth: ~31 días) | máximo colocado 53 de 64 | hilos 8 de 12
    ... 285.1 s | grupo 1/6 | 305108811 nodos | revisado 4.10e-03%, faltan ~79 días [menos opciones 4.10e-03%, menos opciones + pieza menos restrictiva 4.28e-04%, reinicios, menos opciones 0.036%] (Knuth: ~31 días) | máximo colocado 53 de 64 | hilos 8 de 12
    ... 287.1 s | grupo 1/6 | 307307073 nodos | revisado 4.12e-03%, faltan ~80 días [menos opciones 4.12e-03%, menos opciones + pieza menos restrictiva 4.32e-04%, reinicios, menos opciones 0.037%] (Knuth: ~31 días) | máximo colocado 53 de 64 | hilos 8 de 12
    ... 289.1 s | grupo 1/6 | 309490376 nodos | revisado 4.14e-03%, faltan ~80 días [menos opciones 4.14e-03%, menos opciones + pieza menos restrictiva 4.35e-04%, reinicios, menos opciones 0.038%] (Knuth: ~31 días) | máximo colocado 53 de 64 | hilos 8 de 12
    ... 291.1 s | grupo 1/6 | 311669439 nodos | revisado 4.14e-03%, faltan ~80 días [menos opciones 4.14e-03%, menos opciones + pieza menos restrictiva 4.38e-04%, reinicios, menos opciones 0.038%] (Knuth: ~31 días) | máximo colocado 53 de 64 | hilos 8 de 12
    ... 293.1 s | grupo 1/6 | 313861717 nodos | revisado 4.16e-03%, faltan ~80 días [menos opciones 4.16e-03%, menos opciones + pieza menos restrictiva 4.41e-04%, reinicios, menos opciones 0.039%] (Knuth: ~31 días) | máximo colocado 53 de 64 | hilos 8 de 12
    ... 295.1 s | grupo 1/6 | 316042062 nodos | revisado 4.17e-03%, faltan ~81 días [menos opciones 4.17e-03%, menos opciones + pieza menos restrictiva 4.51e-04%, reinicios, menos opciones 0.040%] (Knuth: ~31 días) | máximo colocado 53 de 64 | hilos 8 de 12
    ... 297.1 s | grupo 1/6 | 318228204 nodos | revisado 4.19e-03%, faltan ~81 días [menos opciones 4.19e-03%, menos opciones + pieza menos restrictiva 4.63e-04%, reinicios, menos opciones 0.040%] (Knuth: ~31 días) | máximo colocado 53 de 64 | hilos 8 de 12
    ... 299.1 s | grupo 1/6 | 320407248 nodos | revisado 4.22e-03%, faltan ~81 días [menos opciones 4.22e-03%, menos opciones + pieza menos restrictiva 4.74e-04%, reinicios, menos opciones 0.040%] (Knuth: ~31 días) | máximo colocado 53 de 64 | hilos 8 de 12
[4] Grupo 1: cortado por límite de tiempo
[5] Tiempo total: 5 min
RESULTADO resuelto=0 ms=300026.1 marcos=0 nodos=321341440 grupos=1/6 hilos=12 t_marcos=0.000 t_interior=296.372 lados=0 unificado=1 max_colocadas=53 motivo=limite
