[0] Tablero 8x8, 11 colores, 12 hilos
[1] Esquina fija (3,4). 6 grupos, orden por coste: 6.6e+16 6.6e+16 6.67e+16 6.67e+16 6.67e+16 6.67e+16
    grupo 1, orden menos opciones: estimado 1.12e+12 nodos
    grupo 1, orden interior primero: estimado 6.94e+11 nodos
    grupo 2, orden menos opciones: estimado 1.3e+12 nodos
    grupo 2, orden interior primero: estimado 9.42e+11 nodos
    grupo 3, orden menos opciones: estimado 1.7e+12 nodos
    grupo 3, orden interior primero: estimado 6.17e+11 nodos
    grupo 4, orden menos opciones: estimado 1.42e+12 nodos
    grupo 4, orden interior primero: estimado 8.38e+11 nodos
    grupo 5, orden menos opciones: estimado 1.44e+12 nodos
    grupo 5, orden interior primero: estimado 5.86e+11 nodos
    grupo 6, orden menos opciones: estimado 9.52e+11 nodos
    grupo 6, orden interior primero: estimado 9.26e+11 nodos
[1] Estimado de Knuth por grupo (nodos): 1.12e+12 1.3e+12 1.7e+12 1.42e+12 1.44e+12 9.52e+11   (i) = interior primero
[2] Grupo 1/6: ruta unificada (mapas por lado), orden: menos opciones; grupo grande: 3 estrategias a la vez (normal, pieza menos restrictiva, reinicios)
    ... 5.7 s | grupo 1/6 | 2055425 nodos | revisado 3.99e-04%, faltan ~6 días [menos opciones 3.99e-04%, menos opciones + pieza menos restrictiva 4.41e-06%, reinicios, menos opciones 1.80e-03%] (Knuth: ~13 días) | máximo colocado 50 de 64 | hilos 8 de 12
    ... 7.7 s | grupo 1/6 | 4140945 nodos | revisado 5.00e-04%, faltan ~9 días [menos opciones 5.00e-04%, menos opciones + pieza menos restrictiva 9.71e-06%, reinicios, menos opciones 2.53e-03%] (Knuth: ~13 días) | máximo colocado 50 de 64 | hilos 8 de 12
    ... 9.8 s | grupo 1/6 | 6222720 nodos | revisado 5.70e-04%, faltan ~12 días [menos opciones 5.70e-04%, menos opciones + pieza menos restrictiva 1.72e-05%, reinicios, menos opciones 3.16e-03%] (Knuth: ~13 días) | máximo colocado 50 de 64 | hilos 8 de 12
    ... 11.8 s | grupo 1/6 | 8302449 nodos | revisado 6.21e-04%, faltan ~15 días [menos opciones 6.21e-04%, menos opciones + pieza menos restrictiva 2.47e-05%, reinicios, menos opciones 3.44e-03%] (Knuth: ~13 días) | máximo colocado 50 de 64 | hilos 8 de 12
    ... 13.8 s | grupo 1/6 | 10406671 nodos | revisado 6.74e-04%, faltan ~17 días [menos opciones 6.74e-04%, menos opciones + pieza menos restrictiva 3.80e-05%, reinicios, menos opciones 6.15e-03%] (Knuth: ~13 días) | máximo colocado 51 de 64 | hilos 8 de 12
    ... 15.8 s | grupo 1/6 | 12506469 nodos | revisado 7.43e-04%, faltan ~19 días [menos opciones 7.43e-04%, menos opciones + pieza menos restrictiva 5.11e-05%, reinicios, menos opciones 7.76e-03%] (Knuth: ~13 días) | máximo colocado 51 de 64 | hilos 8 de 12
    ... 17.8 s | grupo 1/6 | 14567234 nodos | revisado 8.18e-04%, faltan ~20 días [menos opciones 8.18e-04%, menos opciones + pieza menos restrictiva 6.09e-05%, reinicios, menos opciones 8.47e-03%] (Knuth: ~13 días) | máximo colocado 51 de 64 | hilos 8 de 12
    ... 19.8 s | grupo 1/6 | 16607498 nodos | revisado 1.09e-03%, faltan ~17 días [menos opciones 1.09e-03%, menos opciones + pieza menos restrictiva 6.85e-05%, reinicios, menos opciones 0.010%] (Knuth: ~13 días) | máximo colocado 51 de 64 | hilos 8 de 12
    ... 21.8 s | grupo 1/6 | 18641834 nodos | revisado 1.18e-03%, faltan ~18 días [menos opciones 1.18e-03%, menos opciones + pieza menos restrictiva 7.74e-05%, reinicios, menos opciones 0.010%] (Knuth: ~13 días) | máximo colocado 51 de 64 | hilos 8 de 12
    ... 23.8 s | grupo 1/6 | 20691057 nodos | revisado 1.21e-03%, faltan ~19 días [menos opciones 1.21e-03%, menos opciones + pieza menos restrictiva 8.61e-05%, reinicios, menos opciones 0.011%] (Knuth: ~13 días) | máximo colocado 51 de 64 | hilos 8 de 12
    ... 25.8 s | grupo 1/6 | 22795579 nodos | revisado 1.25e-03%, faltan ~20 días [menos opciones 1.25e-03%, menos opciones + pieza menos restrictiva 1.05e-04%, reinicios, menos opciones 0.011%] (Knuth: ~13 días) | máximo colocado 52 de 64 | hilos 8 de 12
    ... 27.8 s | grupo 1/6 | 24771544 nodos | revisado 1.33e-03%, faltan ~21 días [menos opciones 1.33e-03%, menos opciones + pieza menos restrictiva 1.27e-04%, reinicios, menos opciones 0.017%] (Knuth: ~13 días) | máximo colocado 52 de 64 | hilos 8 de 12
    ... 29.8 s | grupo 1/6 | 26837893 nodos | revisado 1.36e-03%, faltan ~22 días [menos opciones 1.36e-03%, menos opciones + pieza menos restrictiva 1.38e-04%, reinicios, menos opciones 0.020%] (Knuth: ~13 días) | máximo colocado 52 de 64 | hilos 8 de 12
    ... 31.8 s | grupo 1/6 | 28810265 nodos | revisado 1.39e-03%, faltan ~23 días [menos opciones 1.39e-03%, menos opciones + pieza menos restrictiva 1.62e-04%, reinicios, menos opciones 0.020%] (Knuth: ~13 días) | máximo colocado 52 de 64 | hilos 8 de 12
    ... 33.8 s | grupo 1/6 | 30806257 nodos | revisado 1.42e-03%, faltan ~25 días [menos opciones 1.42e-03%, menos opciones + pieza menos restrictiva 1.77e-04%, reinicios, menos opciones 0.021%] (Knuth: ~13 días) | máximo colocado 52 de 64 | hilos 8 de 12
    ... 35.9 s | grupo 1/6 | 32840186 nodos | revisado 1.45e-03%, faltan ~26 días [menos opciones 1.45e-03%, menos opciones + pieza menos restrictiva 1.89e-04%, reinicios, menos opciones 0.021%] (Knuth: ~13 días) | máximo colocado 52 de 64 | hilos 8 de 12
    ... 37.9 s | grupo 1/6 | 34874377 nodos | revisado 1.47e-03%, faltan ~27 días [menos opciones 1.47e-03%, menos opciones + pieza menos restrictiva 2.05e-04%, reinicios, menos opciones 0.022%] (Knuth: ~13 días) | máximo colocado 52 de 64 | hilos 8 de 12
    ... 39.9 s | grupo 1/6 | 36933411 nodos | revisado 1.49e-03%, faltan ~28 días [menos opciones 1.49e-03%, menos opciones + pieza menos restrictiva 2.32e-04%, reinicios, menos opciones 0.023%] (Knuth: ~13 días) | máximo colocado 52 de 64 | hilos 8 de 12
    ... 41.9 s | grupo 1/6 | 39015748 nodos | revisado 1.50e-03%, faltan ~29 días [menos opciones 1.50e-03%, menos opciones + pieza menos restrictiva 2.39e-04%, reinicios, menos opciones 0.023%] (Knuth: ~13 días) | máximo colocado 52 de 64 | hilos 8 de 12
    ... 43.9 s | grupo 1/6 | 41115427 nodos | revisado 1.51e-03%, faltan ~31 días [menos opciones 1.51e-03%, menos opciones + pieza menos restrictiva 2.42e-04%, reinicios, menos opciones 0.023%] (Knuth: ~13 días) | máximo colocado 52 de 64 | hilos 8 de 12
    ... 45.9 s | grupo 1/6 | 43226527 nodos | revisado 1.53e-03%, faltan ~32 días [menos opciones 1.53e-03%, menos opciones + pieza menos restrictiva 2.59e-04%, reinicios, menos opciones 0.024%] (Knuth: ~13 días) | máximo colocado 52 de 64 | hilos 8 de 12
    ... 47.9 s | grupo 1/6 | 45334784 nodos | revisado 1.55e-03%, faltan ~33 días [menos opciones 1.55e-03%, menos opciones + pieza menos restrictiva 2.71e-04%, reinicios, menos opciones 0.025%] (Knuth: ~13 días) | máximo colocado 52 de 64 | hilos 8 de 12
    ... 49.9 s | grupo 1/6 | 47438487 nodos | revisado 1.61e-03%, faltan ~33 días [menos opciones 1.61e-03%, menos opciones + pieza menos restrictiva 2.79e-04%, reinicios, menos opciones 0.026%] (Knuth: ~13 días) | máximo colocado 52 de 64 | hilos 8 de 12
    ... 51.9 s | grupo 1/6 | 49505760 nodos | revisado 1.62e-03%, faltan ~34 días [menos opciones 1.62e-03%, menos opciones + pieza menos restrictiva 2.88e-04%, reinicios, menos opciones 0.026%] (Knuth: ~13 días) | máximo colocado 52 de 64 | hilos 8 de 12
    ... 54.0 s | grupo 1/6 | 51589030 nodos | revisado 1.63e-03%, faltan ~36 días [menos opciones 1.63e-03%, menos opciones + pieza menos restrictiva 3.00e-04%, reinicios, menos opciones 0.027%] (Knuth: ~13 días) | máximo colocado 52 de 64 | hilos 8 de 12
    ... 56.0 s | grupo 1/6 | 53663892 nodos | revisado 1.64e-03%, faltan ~37 días [menos opciones 1.64e-03%, menos opciones + pieza menos restrictiva 3.08e-04%, reinicios, menos opciones 0.029%] (Knuth: ~13 días) | máximo colocado 52 de 64 | hilos 8 de 12
    ... 58.0 s | grupo 1/6 | 55455507 nodos | revisado 1.67e-03%, faltan ~38 días [menos opciones 1.67e-03%, menos opciones + pieza menos restrictiva 3.22e-04%, reinicios, menos opciones 0.030%] (Knuth: ~13 días) | máximo colocado 52 de 64 | hilos 8 de 12
    ... 60.0 s | grupo 1/6 | 57301239 nodos | revisado 1.68e-03%, faltan ~39 días [menos opciones 1.68e-03%, menos opciones + pieza menos restrictiva 3.35e-04%, reinicios, menos opciones 0.031%] (Knuth: ~13 días) | máximo colocado 52 de 64 | hilos 8 de 12
    ... 62.0 s | grupo 1/6 | 59342357 nodos | revisado 1.71e-03%, faltan ~40 días [menos opciones 1.71e-03%, menos opciones + pieza menos restrictiva 3.53e-04%, reinicios, menos opciones 0.033%] (Knuth: ~13 días) | máximo colocado 52 de 64 | hilos 8 de 12
    ... 64.0 s | grupo 1/6 | 61371260 nodos | revisado 1.73e-03%, faltan ~40 días [menos opciones 1.73e-03%, menos opciones + pieza menos restrictiva 3.60e-04%, reinicios, menos opciones 0.035%] (Knuth: ~13 días) | máximo colocado 52 de 64 | hilos 8 de 12
    ... 66.0 s | grupo 1/6 | 63438152 nodos | revisado 1.75e-03%, faltan ~41 días [menos opciones 1.75e-03%, menos opciones + pieza menos restrictiva 3.69e-04%, reinicios, menos opciones 0.036%] (Knuth: ~13 días) | máximo colocado 52 de 64 | hilos 8 de 12
    ... 68.0 s | grupo 1/6 | 65525360 nodos | revisado 1.77e-03%, faltan ~42 días [menos opciones 1.77e-03%, menos opciones + pieza menos restrictiva 3.84e-04%, reinicios, menos opciones 0.037%] (Knuth: ~13 días) | máximo colocado 52 de 64 | hilos 8 de 12
    ... 70.0 s | grupo 1/6 | 67615201 nodos | revisado 1.80e-03%, faltan ~43 días [menos opciones 1.80e-03%, menos opciones + pieza menos restrictiva 3.87e-04%, reinicios, menos opciones 0.038%] (Knuth: ~13 días) | máximo colocado 52 de 64 | hilos 8 de 12
    ... 72.0 s | grupo 1/6 | 69707147 nodos | revisado 1.84e-03%, faltan ~43 días [menos opciones 1.84e-03%, menos opciones + pieza menos restrictiva 3.90e-04%, reinicios, menos opciones 0.039%] (Knuth: ~13 días) | máximo colocado 52 de 64 | hilos 8 de 12
    ... 74.0 s | grupo 1/6 | 71809514 nodos | revisado 1.85e-03%, faltan ~44 días [menos opciones 1.85e-03%, menos opciones + pieza menos restrictiva 3.97e-04%, reinicios, menos opciones 0.040%] (Knuth: ~13 días) | máximo colocado 52 de 64 | hilos 8 de 12
    ... 76.0 s | grupo 1/6 | 73872719 nodos | revisado 1.88e-03%, faltan ~44 días [menos opciones 1.88e-03%, menos opciones + pieza menos restrictiva 4.03e-04%, reinicios, menos opciones 0.041%] (Knuth: ~13 días) | máximo colocado 53 de 64 | hilos 8 de 12
    ... 78.0 s | grupo 1/6 | 75943666 nodos | revisado 1.90e-03%, faltan ~45 días [menos opciones 1.90e-03%, menos opciones + pieza menos restrictiva 4.10e-04%, reinicios, menos opciones 0.042%] (Knuth: ~13 días) | máximo colocado 53 de 64 | hilos 8 de 12
    ... 80.0 s | grupo 1/6 | 78051696 nodos | revisado 1.95e-03%, faltan ~45 días [menos opciones 1.95e-03%, menos opciones + pieza menos restrictiva 4.22e-04%, reinicios, menos opciones 0.042%] (Knuth: ~13 días) | máximo colocado 53 de 64 | hilos 8 de 12
    ... 82.0 s | grupo 1/6 | 80121740 nodos | revisado 2.01e-03%, faltan ~45 días [menos opciones 2.01e-03%, menos opciones + pieza menos restrictiva 4.31e-04%, reinicios, menos opciones 0.043%] (Knuth: ~13 días) | máximo colocado 53 de 64 | hilos 8 de 12
    ... 84.1 s | grupo 1/6 | 82217975 nodos | revisado 2.10e-03%, faltan ~44 días [menos opciones 2.10e-03%, menos opciones + pieza menos restrictiva 4.41e-04%, reinicios, menos opciones 0.043%] (Knuth: ~13 días) | máximo colocado 53 de 64 | hilos 8 de 12
    ... 86.1 s | grupo 1/6 | 84271419 nodos | revisado 2.20e-03%, faltan ~43 días [menos opciones 2.20e-03%, menos opciones + pieza menos restrictiva 4.48e-04%, reinicios, menos opciones 0.043%] (Knuth: ~13 días) | máximo colocado 53 de 64 | hilos 8 de 12
    ... 88.1 s | grupo 1/6 | 86305910 nodos | revisado 2.29e-03%, faltan ~43 días [menos opciones 2.29e-03%, menos opciones + pieza menos restrictiva 4.56e-04%, reinicios, menos opciones 0.043%] (Knuth: ~13 días) | máximo colocado 53 de 64 | hilos 8 de 12
    ... 90.1 s | grupo 1/6 | 88336900 nodos | revisado 2.43e-03%, faltan ~41 días [menos opciones 2.43e-03%, menos opciones + pieza menos restrictiva 4.60e-04%, reinicios, menos opciones 0.044%] (Knuth: ~13 días) | máximo colocado 53 de 64 | hilos 8 de 12
    ... 92.1 s | grupo 1/6 | 90372564 nodos | revisado 2.54e-03%, faltan ~40 días [menos opciones 2.54e-03%, menos opciones + pieza menos restrictiva 4.67e-04%, reinicios, menos opciones 0.044%] (Knuth: ~13 días) | máximo colocado 54 de 64 | hilos 8 de 12
    ... 94.1 s | grupo 1/6 | 92426291 nodos | revisado 2.68e-03%, faltan ~39 días [menos opciones 2.68e-03%, menos opciones + pieza menos restrictiva 4.72e-04%, reinicios, menos opciones 0.044%] (Knuth: ~13 días) | máximo colocado 54 de 64 | hilos 8 de 12
    ... 96.1 s | grupo 1/6 | 94467801 nodos | revisado 2.74e-03%, faltan ~39 días [menos opciones 2.74e-03%, menos opciones + pieza menos restrictiva 4.83e-04%, reinicios, menos opciones 0.045%] (Knuth: ~13 días) | máximo colocado 54 de 64 | hilos 8 de 12
    ... 98.1 s | grupo 1/6 | 96550110 nodos | revisado 2.87e-03%, faltan ~38 días [menos opciones 2.87e-03%, menos opciones + pieza menos restrictiva 4.89e-04%, reinicios, menos opciones 0.045%] (Knuth: ~13 días) | máximo colocado 54 de 64 | hilos 8 de 12
    ... 100.1 s | grupo 1/6 | 98610293 nodos | revisado 2.92e-03%, faltan ~38 días [menos opciones 2.92e-03%, menos opciones + pieza menos restrictiva 4.95e-04%, reinicios, menos opciones 0.048%] (Knuth: ~13 días) | máximo colocado 54 de 64 | hilos 8 de 12
    ... 102.1 s | grupo 1/6 | 100689160 nodos | revisado 2.96e-03%, faltan ~38 días [menos opciones 2.96e-03%, menos opciones + pieza menos restrictiva 5.04e-04%, reinicios, menos opciones 0.049%] (Knuth: ~13 días) | máximo colocado 54 de 64 | hilos 8 de 12
    ... 104.1 s | grupo 1/6 | 102782087 nodos | revisado 3.02e-03%, faltan ~39 días [menos opciones 3.02e-03%, menos opciones + pieza menos restrictiva 5.15e-04%, reinicios, menos opciones 0.050%] (Knuth: ~13 días) | máximo colocado 54 de 64 | hilos 8 de 12
    ... 106.1 s | grupo 1/6 | 104875437 nodos | revisado 3.12e-03%, faltan ~38 días [menos opciones 3.12e-03%, menos opciones + pieza menos restrictiva 5.26e-04%, reinicios, menos opciones 0.051%] (Knuth: ~13 días) | máximo colocado 54 de 64 | hilos 8 de 12
    ... 108.1 s | grupo 1/6 | 106949846 nodos | revisado 3.23e-03%, faltan ~37 días [menos opciones 3.23e-03%, menos opciones + pieza menos restrictiva 5.33e-04%, reinicios, menos opciones 0.053%] (Knuth: ~13 días) | máximo colocado 54 de 64 | hilos 8 de 12
    ... 110.1 s | grupo 1/6 | 109034919 nodos | revisado 3.31e-03%, faltan ~37 días [menos opciones 3.31e-03%, menos opciones + pieza menos restrictiva 5.43e-04%, reinicios, menos opciones 0.053%] (Knuth: ~13 días) | máximo colocado 54 de 64 | hilos 8 de 12
    ... 112.2 s | grupo 1/6 | 111129768 nodos | revisado 3.39e-03%, faltan ~37 días [menos opciones 3.39e-03%, menos opciones + pieza menos restrictiva 5.54e-04%, reinicios, menos opciones 0.054%] (Knuth: ~13 días) | máximo colocado 54 de 64 | hilos 8 de 12
    ... 114.2 s | grupo 1/6 | 113231517 nodos | revisado 3.43e-03%, faltan ~37 días [menos opciones 3.43e-03%, menos opciones + pieza menos restrictiva 5.67e-04%, reinicios, menos opciones 0.054%] (Knuth: ~13 días) | máximo colocado 54 de 64 | hilos 8 de 12
    ... 116.2 s | grupo 1/6 | 115326267 nodos | revisado 3.49e-03%, faltan ~37 días [menos opciones 3.49e-03%, menos opciones + pieza menos restrictiva 5.86e-04%, reinicios, menos opciones 0.055%] (Knuth: ~13 días) | máximo colocado 54 de 64 | hilos 8 de 12
    ... 118.2 s | grupo 1/6 | 117425365 nodos | revisado 3.53e-03%, faltan ~38 días [menos opciones 3.53e-03%, menos opciones + pieza menos restrictiva 5.97e-04%, reinicios, menos opciones 0.056%] (Knuth: ~13 días) | máximo colocado 54 de 64 | hilos 8 de 12
    ... 120.2 s | grupo 1/6 | 119519232 nodos | revisado 3.56e-03%, faltan ~38 días [menos opciones 3.56e-03%, menos opciones + pieza menos restrictiva 6.07e-04%, reinicios, menos opciones 0.057%] (Knuth: ~13 días) | máximo colocado 54 de 64 | hilos 8 de 12
    ... 122.2 s | grupo 1/6 | 121616817 nodos | revisado 3.60e-03%, faltan ~38 días [menos opciones 3.60e-03%, menos opciones + pieza menos restrictiva 6.18e-04%, reinicios, menos opciones 0.057%] (Knuth: ~13 días) | máximo colocado 54 de 64 | hilos 8 de 12
    ... 124.2 s | grupo 1/6 | 123720700 nodos | revisado 3.65e-03%, faltan ~38 días [menos opciones 3.65e-03%, menos opciones + pieza menos restrictiva 6.29e-04%, reinicios, menos opciones 0.058%] (Knuth: ~13 días) | máximo colocado 54 de 64 | hilos 8 de 12
    ... 126.2 s | grupo 1/6 | 125796267 nodos | revisado 3.68e-03%, faltan ~39 días [menos opciones 3.68e-03%, menos opciones + pieza menos restrictiva 6.39e-04%, reinicios, menos opciones 0.059%] (Knuth: ~13 días) | máximo colocado 54 de 64 | hilos 8 de 12
    ... 128.2 s | grupo 1/6 | 127903588 nodos | revisado 3.75e-03%, faltan ~38 días [menos opciones 3.75e-03%, menos opciones + pieza menos restrictiva 6.59e-04%, reinicios, menos opciones 0.060%] (Knuth: ~13 días) | máximo colocado 54 de 64 | hilos 8 de 12
    ... 130.2 s | grupo 1/6 | 129988003 nodos | revisado 3.76e-03%, faltan ~39 días [menos opciones 3.76e-03%, menos opciones + pieza menos restrictiva 6.81e-04%, reinicios, menos opciones 0.066%] (Knuth: ~13 días) | máximo colocado 54 de 64 | hilos 8 de 12
    ... 132.3 s | grupo 1/6 | 132064506 nodos | revisado 3.78e-03%, faltan ~39 días [menos opciones 3.78e-03%, menos opciones + pieza menos restrictiva 7.01e-04%, reinicios, menos opciones 0.067%] (Knuth: ~13 días) | máximo colocado 54 de 64 | hilos 8 de 12
    ... 134.3 s | grupo 1/6 | 134171926 nodos | revisado 3.79e-03%, faltan ~40 días [menos opciones 3.79e-03%, menos opciones + pieza menos restrictiva 7.20e-04%, reinicios, menos opciones 0.067%] (Knuth: ~13 días) | máximo colocado 54 de 64 | hilos 8 de 12
    ... 136.3 s | grupo 1/6 | 136250799 nodos | revisado 3.80e-03%, faltan ~40 días [menos opciones 3.80e-03%, menos opciones + pieza menos restrictiva 7.46e-04%, reinicios, menos opciones 0.068%] (Knuth: ~13 días) | máximo colocado 54 de 64 | hilos 8 de 12
    ... 138.3 s | grupo 1/6 | 138319949 nodos | revisado 3.81e-03%, faltan ~41 días [menos opciones 3.81e-03%, menos opciones + pieza menos restrictiva 7.73e-04%, reinicios, menos opciones 0.069%] (Knuth: ~13 días) | máximo colocado 54 de 64 | hilos 8 de 12
    ... 140.3 s | grupo 1/6 | 140387549 nodos | revisado 3.84e-03%, faltan ~41 días [menos opciones 3.84e-03%, menos opciones + pieza menos restrictiva 8.03e-04%, reinicios, menos opciones 0.071%] (Knuth: ~13 días) | máximo colocado 54 de 64 | hilos 8 de 12
    ... 142.3 s | grupo 1/6 | 142442666 nodos | revisado 3.86e-03%, faltan ~42 días [menos opciones 3.86e-03%, menos opciones + pieza menos restrictiva 8.25e-04%, reinicios, menos opciones 0.071%] (Knuth: ~13 días) | máximo colocado 54 de 64 | hilos 8 de 12
    ... 144.3 s | grupo 1/6 | 144537068 nodos | revisado 3.89e-03%, faltan ~42 días [menos opciones 3.89e-03%, menos opciones + pieza menos restrictiva 8.46e-04%, reinicios, menos opciones 0.071%] (Knuth: ~13 días) | máximo colocado 54 de 64 | hilos 8 de 12
    ... 146.3 s | grupo 1/6 | 146639195 nodos | revisado 3.91e-03%, faltan ~42 días [menos opciones 3.91e-03%, menos opciones + pieza menos restrictiva 8.66e-04%, reinicios, menos opciones 0.072%] (Knuth: ~13 días) | máximo colocado 54 de 64 | hilos 8 de 12
    ... 148.3 s | grupo 1/6 | 148709984 nodos | revisado 3.93e-03%, faltan ~43 días [menos opciones 3.93e-03%, menos opciones + pieza menos restrictiva 8.77e-04%, reinicios, menos opciones 0.073%] (Knuth: ~13 días) | máximo colocado 54 de 64 | hilos 8 de 12
    ... 150.3 s | grupo 1/6 | 150787211 nodos | revisado 3.96e-03%, faltan ~43 días [menos opciones 3.96e-03%, menos opciones + pieza menos restrictiva 9.04e-04%, reinicios, menos opciones 0.074%] (Knuth: ~13 días) | máximo colocado 54 de 64 | hilos 8 de 12
    ... 152.4 s | grupo 1/6 | 152859081 nodos | revisado 3.98e-03%, faltan ~43 días [menos opciones 3.98e-03%, menos opciones + pieza menos restrictiva 9.33e-04%, reinicios, menos opciones 0.075%] (Knuth: ~13 días) | máximo colocado 54 de 64 | hilos 8 de 12
    ... 154.4 s | grupo 1/6 | 154916671 nodos | revisado 4.01e-03%, faltan ~43 días [menos opciones 4.01e-03%, menos opciones + pieza menos restrictiva 9.44e-04%, reinicios, menos opciones 0.076%] (Knuth: ~13 días) | máximo colocado 54 de 64 | hilos 8 de 12
    ... 156.4 s | grupo 1/6 | 156959035 nodos | revisado 4.03e-03%, faltan ~44 días [menos opciones 4.03e-03%, menos opciones + pieza menos restrictiva 9.63e-04%, reinicios, menos opciones 0.077%] (Knuth: ~13 días) | máximo colocado 54 de 64 | hilos 8 de 12
    ... 158.4 s | grupo 1/6 | 158914960 nodos | revisado 4.05e-03%, faltan ~44 días [menos opciones 4.05e-03%, menos opciones + pieza menos restrictiva 9.75e-04%, reinicios, menos opciones 0.077%] (Knuth: ~13 días) | máximo colocado 54 de 64 | hilos 8 de 12
    ... 160.4 s | grupo 1/6 | 160969891 nodos | revisado 4.10e-03%, faltan ~44 días [menos opciones 4.10e-03%, menos opciones + pieza menos restrictiva 9.84e-04%, reinicios, menos opciones 0.077%] (Knuth: ~13 días) | máximo colocado 54 de 64 | hilos 8 de 12
    ... 162.4 s | grupo 1/6 | 163062555 nodos | revisado 4.12e-03%, faltan ~45 días [menos opciones 4.12e-03%, menos opciones + pieza menos restrictiva 1.01e-03%, reinicios, menos opciones 0.078%] (Knuth: ~13 días) | máximo colocado 54 de 64 | hilos 8 de 12
    ... 164.4 s | grupo 1/6 | 165167839 nodos | revisado 4.14e-03%, faltan ~45 días [menos opciones 4.14e-03%, menos opciones + pieza menos restrictiva 1.02e-03%, reinicios, menos opciones 0.078%] (Knuth: ~13 días) | máximo colocado 54 de 64 | hilos 8 de 12
    ... 166.4 s | grupo 1/6 | 167257913 nodos | revisado 4.17e-03%, faltan ~45 días [menos opciones 4.17e-03%, menos opciones + pieza menos restrictiva 1.02e-03%, reinicios, menos opciones 0.083%] (Knuth: ~13 días) | máximo colocado 54 de 64 | hilos 8 de 12
    ... 168.4 s | grupo 1/6 | 169366688 nodos | revisado 4.24e-03%, faltan ~45 días [menos opciones 4.24e-03%, menos opciones + pieza menos restrictiva 1.04e-03%, reinicios, menos opciones 0.084%] (Knuth: ~13 días) | máximo colocado 54 de 64 | hilos 8 de 12
    ... 170.4 s | grupo 1/6 | 171496115 nodos | revisado 4.29e-03%, faltan ~45 días [menos opciones 4.29e-03%, menos opciones + pieza menos restrictiva 1.06e-03%, reinicios, menos opciones 0.085%] (Knuth: ~13 días) | máximo colocado 54 de 64 | hilos 8 de 12
    ... 172.5 s | grupo 1/6 | 173591601 nodos | revisado 4.32e-03%, faltan ~45 días [menos opciones 4.32e-03%, menos opciones + pieza menos restrictiva 1.07e-03%, reinicios, menos opciones 0.085%] (Knuth: ~13 días) | máximo colocado 54 de 64 | hilos 8 de 12
    ... 174.5 s | grupo 1/6 | 175681335 nodos | revisado 4.34e-03%, faltan ~46 días [menos opciones 4.34e-03%, menos opciones + pieza menos restrictiva 1.09e-03%, reinicios, menos opciones 0.086%] (Knuth: ~13 días) | máximo colocado 54 de 64 | hilos 8 de 12
    ... 176.5 s | grupo 1/6 | 177709092 nodos | revisado 4.39e-03%, faltan ~46 días [menos opciones 4.39e-03%, menos opciones + pieza menos restrictiva 1.11e-03%, reinicios, menos opciones 0.086%] (Knuth: ~13 días) | máximo colocado 54 de 64 | hilos 8 de 12
    ... 178.5 s | grupo 1/6 | 179758386 nodos | revisado 4.43e-03%, faltan ~46 días [menos opciones 4.43e-03%, menos opciones + pieza menos restrictiva 1.13e-03%, reinicios, menos opciones 0.086%] (Knuth: ~13 días) | máximo colocado 54 de 64 | hilos 8 de 12
    ... 180.5 s | grupo 1/6 | 181826631 nodos | revisado 4.55e-03%, faltan ~45 días [menos opciones 4.55e-03%, menos opciones + pieza menos restrictiva 1.15e-03%, reinicios, menos opciones 0.086%] (Knuth: ~13 días) | máximo colocado 54 de 64 | hilos 8 de 12
    ... 182.5 s | grupo 1/6 | 183899136 nodos | revisado 4.85e-03%, faltan ~43 días [menos opciones 4.85e-03%, menos opciones + pieza menos restrictiva 1.16e-03%, reinicios, menos opciones 0.088%] (Knuth: ~13 días) | máximo colocado 54 de 64 | hilos 8 de 12
    ... 184.5 s | grupo 1/6 | 185926500 nodos | revisado 4.89e-03%, faltan ~43 días [menos opciones 4.89e-03%, menos opciones + pieza menos restrictiva 1.18e-03%, reinicios, menos opciones 0.088%] (Knuth: ~13 días) | máximo colocado 54 de 64 | hilos 8 de 12
    ... 186.5 s | grupo 1/6 | 187977261 nodos | revisado 4.98e-03%, faltan ~42 días [menos opciones 4.98e-03%, menos opciones + pieza menos restrictiva 1.19e-03%, reinicios, menos opciones 0.088%] (Knuth: ~13 días) | máximo colocado 54 de 64 | hilos 8 de 12
    ... 188.5 s | grupo 1/6 | 190061219 nodos | revisado 5.04e-03%, faltan ~42 días [menos opciones 5.04e-03%, menos opciones + pieza menos restrictiva 1.20e-03%, reinicios, menos opciones 0.088%] (Knuth: ~13 días) | máximo colocado 54 de 64 | hilos 8 de 12
    ... 190.5 s | grupo 1/6 | 192079482 nodos | revisado 5.07e-03%, faltan ~43 días [menos opciones 5.07e-03%, menos opciones + pieza menos restrictiva 1.22e-03%, reinicios, menos opciones 0.089%] (Knuth: ~13 días) | máximo colocado 54 de 64 | hilos 8 de 12
    ... 192.6 s | grupo 1/6 | 194169341 nodos | revisado 5.13e-03%, faltan ~43 días [menos opciones 5.13e-03%, menos opciones + pieza menos restrictiva 1.24e-03%, reinicios, menos opciones 0.089%] (Knuth: ~13 días) | máximo colocado 54 de 64 | hilos 8 de 12
    ... 194.6 s | grupo 1/6 | 196257085 nodos | revisado 5.30e-03%, faltan ~42 días [menos opciones 5.30e-03%, menos opciones + pieza menos restrictiva 1.28e-03%, reinicios, menos opciones 0.090%] (Knuth: ~13 días) | máximo colocado 54 de 64 | hilos 8 de 12
    ... 196.6 s | grupo 1/6 | 198316952 nodos | revisado 5.45e-03%, faltan ~41 días [menos opciones 5.45e-03%, menos opciones + pieza menos restrictiva 1.29e-03%, reinicios, menos opciones 0.090%] (Knuth: ~13 días) | máximo colocado 54 de 64 | hilos 8 de 12
    ... 198.6 s | grupo 1/6 | 200391561 nodos | revisado 5.46e-03%, faltan ~41 días [menos opciones 5.46e-03%, menos opciones + pieza menos restrictiva 1.30e-03%, reinicios, menos opciones 0.090%] (Knuth: ~13 días) | máximo colocado 54 de 64 | hilos 8 de 12
    ... 200.6 s | grupo 1/6 | 202436946 nodos | revisado 5.49e-03%, faltan ~42 días [menos opciones 5.49e-03%, menos opciones + pieza menos restrictiva 1.32e-03%, reinicios, menos opciones 0.090%] (Knuth: ~13 días) | máximo colocado 54 de 64 | hilos 8 de 12
    ... 202.6 s | grupo 1/6 | 204466647 nodos | revisado 5.52e-03%, faltan ~42 días [menos opciones 5.52e-03%, menos opciones + pieza menos restrictiva 1.33e-03%, reinicios, menos opciones 0.090%] (Knuth: ~13 días) | máximo colocado 54 de 64 | hilos 8 de 12
    ... 204.6 s | grupo 1/6 | 206556628 nodos | revisado 5.53e-03%, faltan ~42 días [menos opciones 5.53e-03%, menos opciones + pieza menos restrictiva 1.34e-03%, reinicios, menos opciones 0.091%] (Knuth: ~13 días) | máximo colocado 54 de 64 | hilos 8 de 12
    ... 206.6 s | grupo 1/6 | 208630776 nodos | revisado 5.57e-03%, faltan ~42 días [menos opciones 5.57e-03%, menos opciones + pieza menos restrictiva 1.36e-03%, reinicios, menos opciones 0.091%] (Knuth: ~13 días) | máximo colocado 54 de 64 | hilos 8 de 12
    ... 208.6 s | grupo 1/6 | 210725105 nodos | revisado 5.58e-03%, faltan ~43 días [menos opciones 5.58e-03%, menos opciones + pieza menos restrictiva 1.38e-03%, reinicios, menos opciones 0.093%] (Knuth: ~13 días) | máximo colocado 54 de 64 | hilos 8 de 12
    ... 210.6 s | grupo 1/6 | 212798008 nodos | revisado 5.60e-03%, faltan ~43 días [menos opciones 5.60e-03%, menos opciones + pieza menos restrictiva 1.40e-03%, reinicios, menos opciones 0.094%] (Knuth: ~13 días) | máximo colocado 54 de 64 | hilos 8 de 12
    ... 212.6 s | grupo 1/6 | 214853158 nodos | revisado 5.61e-03%, faltan ~43 días [menos opciones 5.61e-03%, menos opciones + pieza menos restrictiva 1.41e-03%, reinicios, menos opciones 0.094%] (Knuth: ~13 días) | máximo colocado 54 de 64 | hilos 8 de 12
    ... 214.6 s | grupo 1/6 | 216900716 nodos | revisado 5.63e-03%, faltan ~43 días [menos opciones 5.63e-03%, menos opciones + pieza menos restrictiva 1.42e-03%, reinicios, menos opciones 0.095%] (Knuth: ~13 días) | máximo colocado 54 de 64 | hilos 8 de 12
    ... 216.6 s | grupo 1/6 | 218928486 nodos | revisado 5.64e-03%, faltan ~44 días [menos opciones 5.64e-03%, menos opciones + pieza menos restrictiva 1.43e-03%, reinicios, menos opciones 0.095%] (Knuth: ~13 días) | máximo colocado 54 de 64 | hilos 8 de 12
    ... 218.6 s | grupo 1/6 | 220997357 nodos | revisado 5.69e-03%, faltan ~44 días [menos opciones 5.69e-03%, menos opciones + pieza menos restrictiva 1.44e-03%, reinicios, menos opciones 0.096%] (Knuth: ~13 días) | máximo colocado 54 de 64 | hilos 8 de 12
    ... 220.6 s | grupo 1/6 | 223075898 nodos | revisado 5.70e-03%, faltan ~44 días [menos opciones 5.70e-03%, menos opciones + pieza menos restrictiva 1.44e-03%, reinicios, menos opciones 0.097%] (Knuth: ~13 días) | máximo colocado 54 de 64 | hilos 8 de 12
    ... 222.6 s | grupo 1/6 | 225149019 nodos | revisado 5.71e-03%, faltan ~44 días [menos opciones 5.71e-03%, menos opciones + pieza menos restrictiva 1.45e-03%, reinicios, menos opciones 0.098%] (Knuth: ~13 días) | máximo colocado 54 de 64 | hilos 8 de 12
    ... 224.6 s | grupo 1/6 | 227223925 nodos | revisado 5.73e-03%, faltan ~45 días [menos opciones 5.73e-03%, menos opciones + pieza menos restrictiva 1.46e-03%, reinicios, menos opciones 0.099%] (Knuth: ~13 días) | máximo colocado 54 de 64 | hilos 8 de 12
    ... 226.7 s | grupo 1/6 | 229267492 nodos | revisado 5.76e-03%, faltan ~45 días [menos opciones 5.76e-03%, menos opciones + pieza menos restrictiva 1.47e-03%, reinicios, menos opciones 0.099%] (Knuth: ~13 días) | máximo colocado 54 de 64 | hilos 8 de 12
    ... 228.7 s | grupo 1/6 | 231318465 nodos | revisado 5.78e-03%, faltan ~45 días [menos opciones 5.78e-03%, menos opciones + pieza menos restrictiva 1.48e-03%, reinicios, menos opciones 0.100%] (Knuth: ~13 días) | máximo colocado 54 de 64 | hilos 8 de 12
    ... 230.7 s | grupo 1/6 | 233382660 nodos | revisado 5.81e-03%, faltan ~45 días [menos opciones 5.81e-03%, menos opciones + pieza menos restrictiva 1.49e-03%, reinicios, menos opciones 0.100%] (Knuth: ~13 días) | máximo colocado 54 de 64 | hilos 8 de 12
    ... 232.7 s | grupo 1/6 | 235401024 nodos | revisado 5.84e-03%, faltan ~45 días [menos opciones 5.84e-03%, menos opciones + pieza menos restrictiva 1.50e-03%, reinicios, menos opciones 0.101%] (Knuth: ~13 días) | máximo colocado 54 de 64 | hilos 8 de 12
    ... 234.7 s | grupo 1/6 | 237425178 nodos | revisado 5.87e-03%, faltan ~46 días [menos opciones 5.87e-03%, menos opciones + pieza menos restrictiva 1.52e-03%, reinicios, menos opciones 0.102%] (Knuth: ~13 días) | máximo colocado 54 de 64 | hilos 8 de 12
    ... 236.7 s | grupo 1/6 | 239394878 nodos | revisado 5.93e-03%, faltan ~45 días [menos opciones 5.93e-03%, menos opciones + pieza menos restrictiva 1.55e-03%, reinicios, menos opciones 0.104%] (Knuth: ~13 días) | máximo colocado 54 de 64 | hilos 8 de 12
    ... 238.7 s | grupo 1/6 | 241436409 nodos | revisado 5.96e-03%, faltan ~46 días [menos opciones 5.96e-03%, menos opciones + pieza menos restrictiva 1.56e-03%, reinicios, menos opciones 0.105%] (Knuth: ~13 días) | máximo colocado 54 de 64 | hilos 8 de 12
    ... 240.7 s | grupo 1/6 | 243503159 nodos | revisado 5.97e-03%, faltan ~46 días [menos opciones 5.97e-03%, menos opciones + pieza menos restrictiva 1.57e-03%, reinicios, menos opciones 0.105%] (Knuth: ~13 días) | máximo colocado 55 de 64 | hilos 8 de 12
    ... 242.7 s | grupo 1/6 | 245584208 nodos | revisado 6.00e-03%, faltan ~46 días [menos opciones 6.00e-03%, menos opciones + pieza menos restrictiva 1.58e-03%, reinicios, menos opciones 0.106%] (Knuth: ~13 días) | máximo colocado 55 de 64 | hilos 8 de 12
    portafolio: encontró la solución el equipo "reinicios, menos opciones" (nodos: menos opciones 87259136, menos opciones + pieza menos restrictiva 68965376, reinicios, menos opciones 91244332)
[4] Grupo 1: SOLUCIÓN. Verificación: OK
[5] Tiempo total: 4 min
RESULTADO resuelto=1 ms=244541.2 marcos=0 nodos=247468844 grupos=1/6 hilos=12 t_marcos=0.000 t_interior=240.847 lados=0 unificado=1 max_colocadas=64
