[0] Tablero 8x8, 11 colores, 12 hilos
[1] Esquina fija (1,4). 6 grupos, orden por coste: 2.19e+16 2.19e+16 2.38e+16 2.38e+16 2.44e+16 2.44e+16
    grupo 1, orden menos opciones: estimado 8.26e+11 nodos
    grupo 1, orden interior primero: estimado 5.76e+11 nodos
    grupo 2, orden menos opciones: estimado 8.56e+11 nodos
    grupo 2, orden interior primero: estimado 5.8e+11 nodos
    grupo 3, orden menos opciones: estimado 1.07e+12 nodos
    grupo 3, orden interior primero: estimado 5.68e+11 nodos
    grupo 4, orden menos opciones: estimado 8.26e+11 nodos
    grupo 4, orden interior primero: estimado 1.38e+12 nodos
    grupo 5, orden menos opciones: estimado 7.84e+11 nodos
    grupo 5, orden interior primero: estimado 9.17e+11 nodos
    grupo 6, orden menos opciones: estimado 8.21e+11 nodos
    grupo 6, orden interior primero: estimado 3.71e+11 nodos
[1] Estimado de Knuth por grupo (nodos): 8.26e+11 8.56e+11 1.07e+12 8.26e+11 7.84e+11 8.21e+11   (i) = interior primero
[2] Grupo 1/6: ruta unificada (mapas por lado), orden: menos opciones; grupo grande: 3 estrategias a la vez (normal, pieza menos restrictiva, reinicios)
    ... 5.7 s | grupo 1/6 | 2341323 nodos | revisado 8.54e-05%, faltan ~27 días [menos opciones 8.54e-05%, menos opciones + pieza menos restrictiva 3.28e-05%, reinicios, menos opciones 0.013%] (Knuth: ~8 días) | máximo colocado 51 de 64 | hilos 8 de 12
    ... 7.8 s | grupo 1/6 | 4654482 nodos | revisado 1.60e-04%, faltan ~29 días [menos opciones 1.60e-04%, menos opciones + pieza menos restrictiva 8.50e-05%, reinicios, menos opciones 0.014%] (Knuth: ~8 días) | máximo colocado 51 de 64 | hilos 8 de 12
    ... 9.8 s | grupo 1/6 | 7028498 nodos | revisado 2.22e-04%, faltan ~32 días [menos opciones 2.22e-04%, menos opciones + pieza menos restrictiva 1.37e-04%, reinicios, menos opciones 0.030%] (Knuth: ~8 días) | máximo colocado 52 de 64 | hilos 8 de 12
    ... 11.8 s | grupo 1/6 | 9357354 nodos | revisado 2.93e-04%, faltan ~32 días [menos opciones 2.93e-04%, menos opciones + pieza menos restrictiva 1.86e-04%, reinicios, menos opciones 0.031%] (Knuth: ~8 días) | máximo colocado 52 de 64 | hilos 8 de 12
    ... 13.8 s | grupo 1/6 | 11680937 nodos | revisado 3.33e-04%, faltan ~35 días [menos opciones 3.33e-04%, menos opciones + pieza menos restrictiva 2.19e-04%, reinicios, menos opciones 0.038%] (Knuth: ~8 días) | máximo colocado 52 de 64 | hilos 8 de 12
    ... 15.8 s | grupo 1/6 | 14016387 nodos | revisado 3.61e-04%, faltan ~39 días [menos opciones 3.61e-04%, menos opciones + pieza menos restrictiva 2.71e-04%, reinicios, menos opciones 0.038%] (Knuth: ~8 días) | máximo colocado 52 de 64 | hilos 8 de 12
    ... 17.8 s | grupo 1/6 | 16365979 nodos | revisado 4.18e-04%, faltan ~39 días [menos opciones 4.18e-04%, menos opciones + pieza menos restrictiva 3.11e-04%, reinicios, menos opciones 0.038%] (Knuth: ~8 días) | máximo colocado 52 de 64 | hilos 8 de 12
    ... 19.8 s | grupo 1/6 | 18719718 nodos | revisado 4.51e-04%, faltan ~41 días [menos opciones 4.51e-04%, menos opciones + pieza menos restrictiva 3.58e-04%, reinicios, menos opciones 0.146%] (Knuth: ~8 días) | máximo colocado 52 de 64 | hilos 8 de 12
    ... 21.8 s | grupo 1/6 | 21047560 nodos | revisado 5.11e-04%, faltan ~41 días [menos opciones 5.11e-04%, menos opciones + pieza menos restrictiva 4.01e-04%, reinicios, menos opciones 0.162%] (Knuth: ~8 días) | máximo colocado 52 de 64 | hilos 8 de 12
    ... 23.8 s | grupo 1/6 | 23365375 nodos | revisado 5.48e-04%, faltan ~42 días [menos opciones 5.48e-04%, menos opciones + pieza menos restrictiva 4.43e-04%, reinicios, menos opciones 0.252%] (Knuth: ~8 días) | máximo colocado 52 de 64 | hilos 8 de 12
    ... 25.8 s | grupo 1/6 | 25701287 nodos | revisado 6.30e-04%, faltan ~41 días [menos opciones 6.30e-04%, menos opciones + pieza menos restrictiva 5.13e-04%, reinicios, menos opciones 0.253%] (Knuth: ~8 días) | máximo colocado 52 de 64 | hilos 8 de 12
    ... 27.8 s | grupo 1/6 | 28049268 nodos | revisado 7.13e-04%, faltan ~39 días [menos opciones 7.13e-04%, menos opciones + pieza menos restrictiva 5.83e-04%, reinicios, menos opciones 0.270%] (Knuth: ~8 días) | máximo colocado 52 de 64 | hilos 8 de 12
    ... 29.9 s | grupo 1/6 | 30402491 nodos | revisado 7.95e-04%, faltan ~38 días [menos opciones 7.95e-04%, menos opciones + pieza menos restrictiva 7.68e-04%, reinicios, menos opciones 0.272%] (Knuth: ~8 días) | máximo colocado 52 de 64 | hilos 8 de 12
    ... 31.9 s | grupo 1/6 | 32763411 nodos | revisado 9.47e-04%, faltan ~34 días [menos opciones 8.50e-04%, menos opciones + pieza menos restrictiva 9.47e-04%, reinicios, menos opciones 0.272%] (Knuth: ~8 días) | máximo colocado 52 de 64 | hilos 8 de 12
    ... 33.9 s | grupo 1/6 | 35142860 nodos | revisado 1.03e-03%, faltan ~34 días [menos opciones 9.37e-04%, menos opciones + pieza menos restrictiva 1.03e-03%, reinicios, menos opciones 0.278%] (Knuth: ~8 días) | máximo colocado 52 de 64 | hilos 8 de 12
    ... 35.9 s | grupo 1/6 | 37503210 nodos | revisado 1.05e-03%, faltan ~36 días [menos opciones 1.03e-03%, menos opciones + pieza menos restrictiva 1.05e-03%, reinicios, menos opciones 0.278%] (Knuth: ~8 días) | máximo colocado 52 de 64 | hilos 8 de 12
    ... 37.9 s | grupo 1/6 | 39844632 nodos | revisado 1.10e-03%, faltan ~36 días [menos opciones 1.08e-03%, menos opciones + pieza menos restrictiva 1.10e-03%, reinicios, menos opciones 0.278%] (Knuth: ~8 días) | máximo colocado 52 de 64 | hilos 8 de 12
    ... 39.9 s | grupo 1/6 | 42188703 nodos | revisado 1.20e-03%, faltan ~35 días [menos opciones 1.16e-03%, menos opciones + pieza menos restrictiva 1.20e-03%, reinicios, menos opciones 0.278%] (Knuth: ~8 días) | máximo colocado 52 de 64 | hilos 8 de 12
    ... 41.9 s | grupo 1/6 | 44527511 nodos | revisado 1.28e-03%, faltan ~35 días [menos opciones 1.22e-03%, menos opciones + pieza menos restrictiva 1.28e-03%, reinicios, menos opciones 0.279%] (Knuth: ~8 días) | máximo colocado 52 de 64 | hilos 8 de 12
    ... 43.9 s | grupo 1/6 | 46849052 nodos | revisado 1.39e-03%, faltan ~33 días [menos opciones 1.26e-03%, menos opciones + pieza menos restrictiva 1.39e-03%, reinicios, menos opciones 0.280%] (Knuth: ~8 días) | máximo colocado 52 de 64 | hilos 8 de 12
    ... 46.0 s | grupo 1/6 | 49230691 nodos | revisado 1.43e-03%, faltan ~34 días [menos opciones 1.30e-03%, menos opciones + pieza menos restrictiva 1.43e-03%, reinicios, menos opciones 0.280%] (Knuth: ~8 días) | máximo colocado 52 de 64 | hilos 8 de 12
    ... 48.0 s | grupo 1/6 | 51552525 nodos | revisado 1.47e-03%, faltan ~35 días [menos opciones 1.35e-03%, menos opciones + pieza menos restrictiva 1.47e-03%, reinicios, menos opciones 0.281%] (Knuth: ~8 días) | máximo colocado 52 de 64 | hilos 8 de 12
    ... 50.0 s | grupo 1/6 | 53840268 nodos | revisado 1.52e-03%, faltan ~35 días [menos opciones 1.40e-03%, menos opciones + pieza menos restrictiva 1.52e-03%, reinicios, menos opciones 0.281%] (Knuth: ~8 días) | máximo colocado 52 de 64 | hilos 8 de 12
    ... 52.0 s | grupo 1/6 | 56155261 nodos | revisado 1.60e-03%, faltan ~35 días [menos opciones 1.44e-03%, menos opciones + pieza menos restrictiva 1.60e-03%, reinicios, menos opciones 0.282%] (Knuth: ~8 días) | máximo colocado 52 de 64 | hilos 8 de 12
    ... 54.0 s | grupo 1/6 | 58483548 nodos | revisado 1.69e-03%, faltan ~34 días [menos opciones 1.50e-03%, menos opciones + pieza menos restrictiva 1.69e-03%, reinicios, menos opciones 0.285%] (Knuth: ~8 días) | máximo colocado 52 de 64 | hilos 8 de 12
    ... 56.0 s | grupo 1/6 | 60808920 nodos | revisado 1.84e-03%, faltan ~33 días [menos opciones 1.53e-03%, menos opciones + pieza menos restrictiva 1.84e-03%, reinicios, menos opciones 0.286%] (Knuth: ~8 días) | máximo colocado 52 de 64 | hilos 8 de 12
    ... 58.0 s | grupo 1/6 | 63150419 nodos | revisado 1.87e-03%, faltan ~34 días [menos opciones 1.56e-03%, menos opciones + pieza menos restrictiva 1.87e-03%, reinicios, menos opciones 0.286%] (Knuth: ~8 días) | máximo colocado 52 de 64 | hilos 8 de 12
    ... 60.0 s | grupo 1/6 | 65496194 nodos | revisado 1.94e-03%, faltan ~34 días [menos opciones 1.60e-03%, menos opciones + pieza menos restrictiva 1.94e-03%, reinicios, menos opciones 0.287%] (Knuth: ~8 días) | máximo colocado 52 de 64 | hilos 8 de 12
    ... 62.0 s | grupo 1/6 | 67830057 nodos | revisado 1.98e-03%, faltan ~34 días [menos opciones 1.64e-03%, menos opciones + pieza menos restrictiva 1.98e-03%, reinicios, menos opciones 0.287%] (Knuth: ~8 días) | máximo colocado 52 de 64 | hilos 8 de 12
    ... 64.0 s | grupo 1/6 | 70197952 nodos | revisado 2.03e-03%, faltan ~34 días [menos opciones 1.67e-03%, menos opciones + pieza menos restrictiva 2.03e-03%, reinicios, menos opciones 0.288%] (Knuth: ~8 días) | máximo colocado 52 de 64 | hilos 8 de 12
    ... 66.0 s | grupo 1/6 | 72574338 nodos | revisado 2.08e-03%, faltan ~35 días [menos opciones 1.70e-03%, menos opciones + pieza menos restrictiva 2.08e-03%, reinicios, menos opciones 0.288%] (Knuth: ~8 días) | máximo colocado 52 de 64 | hilos 8 de 12
    ... 68.0 s | grupo 1/6 | 74946750 nodos | revisado 2.15e-03%, faltan ~35 días [menos opciones 1.74e-03%, menos opciones + pieza menos restrictiva 2.15e-03%, reinicios, menos opciones 0.289%] (Knuth: ~8 días) | máximo colocado 52 de 64 | hilos 8 de 12
    ... 70.1 s | grupo 1/6 | 77354746 nodos | revisado 2.22e-03%, faltan ~35 días [menos opciones 1.77e-03%, menos opciones + pieza menos restrictiva 2.22e-03%, reinicios, menos opciones 0.289%] (Knuth: ~8 días) | máximo colocado 52 de 64 | hilos 8 de 12
    ... 72.1 s | grupo 1/6 | 79725020 nodos | revisado 2.29e-03%, faltan ~35 días [menos opciones 1.85e-03%, menos opciones + pieza menos restrictiva 2.29e-03%, reinicios, menos opciones 0.307%] (Knuth: ~8 días) | máximo colocado 52 de 64 | hilos 8 de 12
    ... 74.1 s | grupo 1/6 | 82044870 nodos | revisado 2.36e-03%, faltan ~34 días [menos opciones 1.98e-03%, menos opciones + pieza menos restrictiva 2.36e-03%, reinicios, menos opciones 0.307%] (Knuth: ~8 días) | máximo colocado 52 de 64 | hilos 8 de 12
    ... 76.1 s | grupo 1/6 | 84410172 nodos | revisado 2.39e-03%, faltan ~35 días [menos opciones 2.06e-03%, menos opciones + pieza menos restrictiva 2.39e-03%, reinicios, menos opciones 0.308%] (Knuth: ~8 días) | máximo colocado 52 de 64 | hilos 8 de 12
    ... 78.1 s | grupo 1/6 | 86757587 nodos | revisado 2.66e-03%, faltan ~32 días [menos opciones 2.66e-03%, menos opciones + pieza menos restrictiva 2.43e-03%, reinicios, menos opciones 0.308%] (Knuth: ~8 días) | máximo colocado 52 de 64 | hilos 8 de 12
    ... 80.1 s | grupo 1/6 | 89123015 nodos | revisado 2.74e-03%, faltan ~32 días [menos opciones 2.74e-03%, menos opciones + pieza menos restrictiva 2.52e-03%, reinicios, menos opciones 0.308%] (Knuth: ~8 días) | máximo colocado 52 de 64 | hilos 8 de 12
    ... 82.1 s | grupo 1/6 | 91471195 nodos | revisado 2.83e-03%, faltan ~32 días [menos opciones 2.83e-03%, menos opciones + pieza menos restrictiva 2.61e-03%, reinicios, menos opciones 0.308%] (Knuth: ~8 días) | máximo colocado 52 de 64 | hilos 8 de 12
    ... 84.1 s | grupo 1/6 | 93810046 nodos | revisado 2.95e-03%, faltan ~32 días [menos opciones 2.95e-03%, menos opciones + pieza menos restrictiva 2.72e-03%, reinicios, menos opciones 0.309%] (Knuth: ~8 días) | máximo colocado 52 de 64 | hilos 8 de 12
    ... 86.1 s | grupo 1/6 | 96135153 nodos | revisado 3.28e-03%, faltan ~29 días [menos opciones 3.28e-03%, menos opciones + pieza menos restrictiva 2.84e-03%, reinicios, menos opciones 0.309%] (Knuth: ~8 días) | máximo colocado 52 de 64 | hilos 8 de 12
    ... 88.1 s | grupo 1/6 | 98479918 nodos | revisado 3.51e-03%, faltan ~28 días [menos opciones 3.51e-03%, menos opciones + pieza menos restrictiva 2.92e-03%, reinicios, menos opciones 0.310%] (Knuth: ~8 días) | máximo colocado 52 de 64 | hilos 8 de 12
    ... 90.1 s | grupo 1/6 | 100789010 nodos | revisado 3.59e-03%, faltan ~28 días [menos opciones 3.59e-03%, menos opciones + pieza menos restrictiva 3.02e-03%, reinicios, menos opciones 0.311%] (Knuth: ~8 días) | máximo colocado 52 de 64 | hilos 8 de 12
    ... 92.1 s | grupo 1/6 | 103139143 nodos | revisado 3.69e-03%, faltan ~28 días [menos opciones 3.69e-03%, menos opciones + pieza menos restrictiva 3.08e-03%, reinicios, menos opciones 0.359%] (Knuth: ~8 días) | máximo colocado 52 de 64 | hilos 8 de 12
    ... 94.1 s | grupo 1/6 | 105524406 nodos | revisado 3.73e-03%, faltan ~28 días [menos opciones 3.73e-03%, menos opciones + pieza menos restrictiva 3.13e-03%, reinicios, menos opciones 0.360%] (Knuth: ~8 días) | máximo colocado 52 de 64 | hilos 8 de 12
    ... 96.1 s | grupo 1/6 | 107888309 nodos | revisado 3.77e-03%, faltan ~28 días [menos opciones 3.77e-03%, menos opciones + pieza menos restrictiva 3.23e-03%, reinicios, menos opciones 0.363%] (Knuth: ~8 días) | máximo colocado 52 de 64 | hilos 8 de 12
    ... 98.2 s | grupo 1/6 | 110263044 nodos | revisado 3.88e-03%, faltan ~28 días [menos opciones 3.88e-03%, menos opciones + pieza menos restrictiva 3.38e-03%, reinicios, menos opciones 0.364%] (Knuth: ~8 días) | máximo colocado 52 de 64 | hilos 8 de 12
    ... 100.2 s | grupo 1/6 | 112633791 nodos | revisado 4.00e-03%, faltan ~28 días [menos opciones 4.00e-03%, menos opciones + pieza menos restrictiva 3.43e-03%, reinicios, menos opciones 0.537%] (Knuth: ~8 días) | máximo colocado 52 de 64 | hilos 8 de 12
    ... 102.2 s | grupo 1/6 | 114992634 nodos | revisado 4.12e-03%, faltan ~28 días [menos opciones 4.12e-03%, menos opciones + pieza menos restrictiva 3.45e-03%, reinicios, menos opciones 0.539%] (Knuth: ~8 días) | máximo colocado 52 de 64 | hilos 8 de 12
    ... 104.2 s | grupo 1/6 | 117358378 nodos | revisado 4.21e-03%, faltan ~28 días [menos opciones 4.21e-03%, menos opciones + pieza menos restrictiva 3.47e-03%, reinicios, menos opciones 0.539%] (Knuth: ~8 días) | máximo colocado 52 de 64 | hilos 8 de 12
    ... 106.2 s | grupo 1/6 | 119763640 nodos | revisado 4.29e-03%, faltan ~28 días [menos opciones 4.29e-03%, menos opciones + pieza menos restrictiva 3.58e-03%, reinicios, menos opciones 0.539%] (Knuth: ~8 días) | máximo colocado 52 de 64 | hilos 8 de 12
    ... 108.2 s | grupo 1/6 | 122156624 nodos | revisado 4.38e-03%, faltan ~28 días [menos opciones 4.38e-03%, menos opciones + pieza menos restrictiva 3.68e-03%, reinicios, menos opciones 0.587%] (Knuth: ~8 días) | máximo colocado 52 de 64 | hilos 8 de 12
    ... 110.2 s | grupo 1/6 | 124560803 nodos | revisado 4.73e-03%, faltan ~26 días [menos opciones 4.73e-03%, menos opciones + pieza menos restrictiva 3.74e-03%, reinicios, menos opciones 0.588%] (Knuth: ~8 días) | máximo colocado 52 de 64 | hilos 8 de 12
    ... 112.2 s | grupo 1/6 | 126980120 nodos | revisado 4.79e-03%, faltan ~26 días [menos opciones 4.79e-03%, menos opciones + pieza menos restrictiva 3.81e-03%, reinicios, menos opciones 0.588%] (Knuth: ~8 días) | máximo colocado 52 de 64 | hilos 8 de 12
    ... 114.2 s | grupo 1/6 | 129343367 nodos | revisado 4.90e-03%, faltan ~26 días [menos opciones 4.90e-03%, menos opciones + pieza menos restrictiva 3.88e-03%, reinicios, menos opciones 0.589%] (Knuth: ~8 días) | máximo colocado 52 de 64 | hilos 8 de 12
    ... 116.2 s | grupo 1/6 | 131745684 nodos | revisado 5.09e-03%, faltan ~26 días [menos opciones 5.09e-03%, menos opciones + pieza menos restrictiva 3.90e-03%, reinicios, menos opciones 0.590%] (Knuth: ~8 días) | máximo colocado 52 de 64 | hilos 8 de 12
    ... 118.2 s | grupo 1/6 | 134123147 nodos | revisado 5.19e-03%, faltan ~26 días [menos opciones 5.19e-03%, menos opciones + pieza menos restrictiva 3.93e-03%, reinicios, menos opciones 0.607%] (Knuth: ~8 días) | máximo colocado 52 de 64 | hilos 8 de 12
    ... 120.2 s | grupo 1/6 | 136499514 nodos | revisado 5.24e-03%, faltan ~26 días [menos opciones 5.24e-03%, menos opciones + pieza menos restrictiva 3.95e-03%, reinicios, menos opciones 0.608%] (Knuth: ~8 días) | máximo colocado 52 de 64 | hilos 8 de 12
    ... 122.2 s | grupo 1/6 | 138890693 nodos | revisado 5.31e-03%, faltan ~26 días [menos opciones 5.31e-03%, menos opciones + pieza menos restrictiva 3.99e-03%, reinicios, menos opciones 0.608%] (Knuth: ~8 días) | máximo colocado 52 de 64 | hilos 8 de 12
    ... 124.3 s | grupo 1/6 | 141299377 nodos | revisado 5.39e-03%, faltan ~26 días [menos opciones 5.39e-03%, menos opciones + pieza menos restrictiva 4.02e-03%, reinicios, menos opciones 0.608%] (Knuth: ~8 días) | máximo colocado 54 de 64 | hilos 8 de 12
    ... 126.3 s | grupo 1/6 | 143718512 nodos | revisado 5.48e-03%, faltan ~26 días [menos opciones 5.48e-03%, menos opciones + pieza menos restrictiva 4.08e-03%, reinicios, menos opciones 0.655%] (Knuth: ~8 días) | máximo colocado 54 de 64 | hilos 8 de 12
    ... 128.3 s | grupo 1/6 | 146104560 nodos | revisado 5.58e-03%, faltan ~26 días [menos opciones 5.58e-03%, menos opciones + pieza menos restrictiva 4.11e-03%, reinicios, menos opciones 0.810%] (Knuth: ~8 días) | máximo colocado 54 de 64 | hilos 8 de 12
    ... 130.3 s | grupo 1/6 | 148485637 nodos | revisado 5.67e-03%, faltan ~26 días [menos opciones 5.67e-03%, menos opciones + pieza menos restrictiva 4.15e-03%, reinicios, menos opciones 1.0%] (Knuth: ~8 días) | máximo colocado 54 de 64 | hilos 8 de 12
    ... 132.3 s | grupo 1/6 | 150882178 nodos | revisado 5.80e-03%, faltan ~26 días [menos opciones 5.80e-03%, menos opciones + pieza menos restrictiva 4.21e-03%, reinicios, menos opciones 1.0%] (Knuth: ~8 días) | máximo colocado 54 de 64 | hilos 8 de 12
    ... 134.3 s | grupo 1/6 | 153224155 nodos | revisado 5.90e-03%, faltan ~26 días [menos opciones 5.90e-03%, menos opciones + pieza menos restrictiva 4.26e-03%, reinicios, menos opciones 1.0%] (Knuth: ~8 días) | máximo colocado 54 de 64 | hilos 8 de 12
    ... 136.3 s | grupo 1/6 | 155576966 nodos | revisado 5.94e-03%, faltan ~26 días [menos opciones 5.94e-03%, menos opciones + pieza menos restrictiva 4.27e-03%, reinicios, menos opciones 1.0%] (Knuth: ~8 días) | máximo colocado 54 de 64 | hilos 8 de 12
    ... 138.3 s | grupo 1/6 | 157949560 nodos | revisado 6.00e-03%, faltan ~26 días [menos opciones 6.00e-03%, menos opciones + pieza menos restrictiva 4.30e-03%, reinicios, menos opciones 1.0%] (Knuth: ~8 días) | máximo colocado 54 de 64 | hilos 8 de 12
    ... 140.3 s | grupo 1/6 | 160292096 nodos | revisado 6.05e-03%, faltan ~26 días [menos opciones 6.05e-03%, menos opciones + pieza menos restrictiva 4.32e-03%, reinicios, menos opciones 1.0%] (Knuth: ~8 días) | máximo colocado 54 de 64 | hilos 8 de 12
    ... 142.3 s | grupo 1/6 | 162693344 nodos | revisado 6.13e-03%, faltan ~26 días [menos opciones 6.13e-03%, menos opciones + pieza menos restrictiva 4.38e-03%, reinicios, menos opciones 1.1%] (Knuth: ~8 días) | máximo colocado 54 de 64 | hilos 8 de 12
    ... 144.3 s | grupo 1/6 | 165080346 nodos | revisado 6.22e-03%, faltan ~26 días [menos opciones 6.22e-03%, menos opciones + pieza menos restrictiva 4.42e-03%, reinicios, menos opciones 1.1%] (Knuth: ~8 días) | máximo colocado 54 de 64 | hilos 8 de 12
    ... 146.4 s | grupo 1/6 | 167476397 nodos | revisado 6.29e-03%, faltan ~26 días [menos opciones 6.29e-03%, menos opciones + pieza menos restrictiva 4.45e-03%, reinicios, menos opciones 1.1%] (Knuth: ~8 días) | máximo colocado 54 de 64 | hilos 8 de 12
    ... 148.4 s | grupo 1/6 | 169847577 nodos | revisado 6.39e-03%, faltan ~26 días [menos opciones 6.39e-03%, menos opciones + pieza menos restrictiva 4.48e-03%, reinicios, menos opciones 1.1%] (Knuth: ~8 días) | máximo colocado 54 de 64 | hilos 8 de 12
    ... 150.4 s | grupo 1/6 | 172207675 nodos | revisado 6.46e-03%, faltan ~26 días [menos opciones 6.46e-03%, menos opciones + pieza menos restrictiva 4.57e-03%, reinicios, menos opciones 1.1%] (Knuth: ~8 días) | máximo colocado 54 de 64 | hilos 8 de 12
    ... 152.4 s | grupo 1/6 | 174566559 nodos | revisado 6.57e-03%, faltan ~26 días [menos opciones 6.57e-03%, menos opciones + pieza menos restrictiva 4.60e-03%, reinicios, menos opciones 1.1%] (Knuth: ~8 días) | máximo colocado 54 de 64 | hilos 8 de 12
    ... 154.4 s | grupo 1/6 | 176970811 nodos | revisado 6.71e-03%, faltan ~26 días [menos opciones 6.71e-03%, menos opciones + pieza menos restrictiva 4.64e-03%, reinicios, menos opciones 1.1%] (Knuth: ~8 días) | máximo colocado 54 de 64 | hilos 8 de 12
    ... 156.4 s | grupo 1/6 | 179361271 nodos | revisado 6.79e-03%, faltan ~26 días [menos opciones 6.79e-03%, menos opciones + pieza menos restrictiva 4.69e-03%, reinicios, menos opciones 1.1%] (Knuth: ~8 días) | máximo colocado 54 de 64 | hilos 8 de 12
    ... 158.4 s | grupo 1/6 | 181733878 nodos | revisado 6.90e-03%, faltan ~26 días [menos opciones 6.90e-03%, menos opciones + pieza menos restrictiva 4.77e-03%, reinicios, menos opciones 1.1%] (Knuth: ~8 días) | máximo colocado 54 de 64 | hilos 8 de 12
    ... 160.4 s | grupo 1/6 | 184119434 nodos | revisado 7.00e-03%, faltan ~26 días [menos opciones 7.00e-03%, menos opciones + pieza menos restrictiva 4.78e-03%, reinicios, menos opciones 1.1%] (Knuth: ~8 días) | máximo colocado 54 de 64 | hilos 8 de 12
    ... 162.4 s | grupo 1/6 | 186507452 nodos | revisado 7.05e-03%, faltan ~26 días [menos opciones 7.05e-03%, menos opciones + pieza menos restrictiva 4.79e-03%, reinicios, menos opciones 1.1%] (Knuth: ~8 días) | máximo colocado 54 de 64 | hilos 8 de 12
    ... 164.4 s | grupo 1/6 | 188848842 nodos | revisado 7.11e-03%, faltan ~26 días [menos opciones 7.11e-03%, menos opciones + pieza menos restrictiva 4.80e-03%, reinicios, menos opciones 1.1%] (Knuth: ~8 días) | máximo colocado 54 de 64 | hilos 8 de 12
    ... 166.4 s | grupo 1/6 | 191241217 nodos | revisado 7.18e-03%, faltan ~26 días [menos opciones 7.18e-03%, menos opciones + pieza menos restrictiva 4.82e-03%, reinicios, menos opciones 1.1%] (Knuth: ~8 días) | máximo colocado 54 de 64 | hilos 8 de 12
    ... 168.4 s | grupo 1/6 | 193652487 nodos | revisado 7.24e-03%, faltan ~26 días [menos opciones 7.24e-03%, menos opciones + pieza menos restrictiva 4.83e-03%, reinicios, menos opciones 1.1%] (Knuth: ~8 días) | máximo colocado 54 de 64 | hilos 8 de 12
    ... 170.4 s | grupo 1/6 | 196029936 nodos | revisado 7.30e-03%, faltan ~26 días [menos opciones 7.30e-03%, menos opciones + pieza menos restrictiva 4.86e-03%, reinicios, menos opciones 1.1%] (Knuth: ~8 días) | máximo colocado 54 de 64 | hilos 8 de 12
    ... 172.4 s | grupo 1/6 | 198446705 nodos | revisado 7.36e-03%, faltan ~27 días [menos opciones 7.36e-03%, menos opciones + pieza menos restrictiva 4.88e-03%, reinicios, menos opciones 1.1%] (Knuth: ~8 días) | máximo colocado 54 de 64 | hilos 8 de 12
    ... 174.5 s | grupo 1/6 | 200846362 nodos | revisado 7.41e-03%, faltan ~27 días [menos opciones 7.41e-03%, menos opciones + pieza menos restrictiva 4.91e-03%, reinicios, menos opciones 1.2%] (Knuth: ~8 días) | máximo colocado 54 de 64 | hilos 8 de 12
    ... 176.5 s | grupo 1/6 | 203260747 nodos | revisado 7.45e-03%, faltan ~27 días [menos opciones 7.45e-03%, menos opciones + pieza menos restrictiva 4.93e-03%, reinicios, menos opciones 1.2%] (Knuth: ~8 días) | máximo colocado 54 de 64 | hilos 8 de 12
    ... 178.5 s | grupo 1/6 | 205645515 nodos | revisado 9.53e-03%, faltan ~21 días [menos opciones 9.53e-03%, menos opciones + pieza menos restrictiva 4.96e-03%, reinicios, menos opciones 1.2%] (Knuth: ~8 días) | máximo colocado 54 de 64 | hilos 8 de 12
    ... 180.5 s | grupo 1/6 | 208001095 nodos | revisado 9.63e-03%, faltan ~21 días [menos opciones 9.63e-03%, menos opciones + pieza menos restrictiva 4.97e-03%, reinicios, menos opciones 1.2%] (Knuth: ~8 días) | máximo colocado 54 de 64 | hilos 8 de 12
    ... 182.5 s | grupo 1/6 | 210379753 nodos | revisado 9.69e-03%, faltan ~21 días [menos opciones 9.69e-03%, menos opciones + pieza menos restrictiva 5.00e-03%, reinicios, menos opciones 1.2%] (Knuth: ~8 días) | máximo colocado 54 de 64 | hilos 8 de 12
    ... 184.5 s | grupo 1/6 | 212765535 nodos | revisado 9.72e-03%, faltan ~22 días [menos opciones 9.72e-03%, menos opciones + pieza menos restrictiva 5.02e-03%, reinicios, menos opciones 1.2%] (Knuth: ~8 días) | máximo colocado 55 de 64 | hilos 8 de 12
    ... 186.5 s | grupo 1/6 | 215129055 nodos | revisado 9.78e-03%, faltan ~22 días [menos opciones 9.78e-03%, menos opciones + pieza menos restrictiva 5.05e-03%, reinicios, menos opciones 1.2%] (Knuth: ~8 días) | máximo colocado 55 de 64 | hilos 8 de 12
    ... 188.5 s | grupo 1/6 | 217486098 nodos | revisado 9.82e-03%, faltan ~22 días [menos opciones 9.82e-03%, menos opciones + pieza menos restrictiva 5.08e-03%, reinicios, menos opciones 1.2%] (Knuth: ~8 días) | máximo colocado 55 de 64 | hilos 8 de 12
    ... 190.5 s | grupo 1/6 | 219825512 nodos | revisado 9.85e-03%, faltan ~22 días [menos opciones 9.85e-03%, menos opciones + pieza menos restrictiva 5.10e-03%, reinicios, menos opciones 1.2%] (Knuth: ~8 días) | máximo colocado 55 de 64 | hilos 8 de 12
    ... 192.5 s | grupo 1/6 | 222146632 nodos | revisado 9.87e-03%, faltan ~22 días [menos opciones 9.87e-03%, menos opciones + pieza menos restrictiva 5.22e-03%, reinicios, menos opciones 1.2%] (Knuth: ~8 días) | máximo colocado 55 de 64 | hilos 8 de 12
    ... 194.5 s | grupo 1/6 | 224481215 nodos | revisado 9.92e-03%, faltan ~22 días [menos opciones 9.92e-03%, menos opciones + pieza menos restrictiva 5.24e-03%, reinicios, menos opciones 1.2%] (Knuth: ~8 días) | máximo colocado 55 de 64 | hilos 8 de 12
    ... 196.6 s | grupo 1/6 | 226807239 nodos | revisado 9.95e-03%, faltan ~22 días [menos opciones 9.95e-03%, menos opciones + pieza menos restrictiva 5.26e-03%, reinicios, menos opciones 1.2%] (Knuth: ~8 días) | máximo colocado 55 de 64 | hilos 8 de 12
    ... 198.6 s | grupo 1/6 | 229132693 nodos | revisado 9.99e-03%, faltan ~23 días [menos opciones 9.99e-03%, menos opciones + pieza menos restrictiva 5.27e-03%, reinicios, menos opciones 1.2%] (Knuth: ~8 días) | máximo colocado 55 de 64 | hilos 8 de 12
    ... 200.6 s | grupo 1/6 | 231449130 nodos | revisado 0.010%, faltan ~23 días [menos opciones 0.010%, menos opciones + pieza menos restrictiva 5.28e-03%, reinicios, menos opciones 1.2%] (Knuth: ~8 días) | máximo colocado 55 de 64 | hilos 8 de 12
    ... 202.6 s | grupo 1/6 | 233767381 nodos | revisado 0.010%, faltan ~23 días [menos opciones 0.010%, menos opciones + pieza menos restrictiva 5.29e-03%, reinicios, menos opciones 1.2%] (Knuth: ~8 días) | máximo colocado 55 de 64 | hilos 8 de 12
    ... 204.6 s | grupo 1/6 | 236104934 nodos | revisado 0.010%, faltan ~23 días [menos opciones 0.010%, menos opciones + pieza menos restrictiva 5.30e-03%, reinicios, menos opciones 1.2%] (Knuth: ~8 días) | máximo colocado 55 de 64 | hilos 8 de 12
    ... 206.6 s | grupo 1/6 | 238503166 nodos | revisado 0.010%, faltan ~23 días [menos opciones 0.010%, menos opciones + pieza menos restrictiva 5.32e-03%, reinicios, menos opciones 1.2%] (Knuth: ~8 días) | máximo colocado 55 de 64 | hilos 8 de 12
    ... 208.6 s | grupo 1/6 | 240890781 nodos | revisado 0.010%, faltan ~23 días [menos opciones 0.010%, menos opciones + pieza menos restrictiva 5.35e-03%, reinicios, menos opciones 1.2%] (Knuth: ~8 días) | máximo colocado 55 de 64 | hilos 8 de 12
    ... 210.6 s | grupo 1/6 | 243242529 nodos | revisado 0.010%, faltan ~23 días [menos opciones 0.010%, menos opciones + pieza menos restrictiva 5.38e-03%, reinicios, menos opciones 1.3%] (Knuth: ~8 días) | máximo colocado 55 de 64 | hilos 8 de 12
    ... 212.6 s | grupo 1/6 | 245574400 nodos | revisado 0.010%, faltan ~23 días [menos opciones 0.010%, menos opciones + pieza menos restrictiva 5.40e-03%, reinicios, menos opciones 1.3%] (Knuth: ~8 días) | máximo colocado 55 de 64 | hilos 8 de 12
    ... 214.6 s | grupo 1/6 | 247951186 nodos | revisado 0.011%, faltan ~23 días [menos opciones 0.011%, menos opciones + pieza menos restrictiva 5.41e-03%, reinicios, menos opciones 1.3%] (Knuth: ~8 días) | máximo colocado 55 de 64 | hilos 8 de 12
    ... 216.6 s | grupo 1/6 | 250320108 nodos | revisado 0.011%, faltan ~23 días [menos opciones 0.011%, menos opciones + pieza menos restrictiva 5.43e-03%, reinicios, menos opciones 1.3%] (Knuth: ~8 días) | máximo colocado 55 de 64 | hilos 8 de 12
    ... 218.7 s | grupo 1/6 | 252669954 nodos | revisado 0.011%, faltan ~23 días [menos opciones 0.011%, menos opciones + pieza menos restrictiva 5.47e-03%, reinicios, menos opciones 1.5%] (Knuth: ~8 días) | máximo colocado 55 de 64 | hilos 8 de 12
    ... 220.7 s | grupo 1/6 | 255048248 nodos | revisado 0.011%, faltan ~23 días [menos opciones 0.011%, menos opciones + pieza menos restrictiva 5.56e-03%, reinicios, menos opciones 1.5%] (Knuth: ~8 días) | máximo colocado 55 de 64 | hilos 8 de 12
    ... 222.7 s | grupo 1/6 | 257377015 nodos | revisado 0.011%, faltan ~23 días [menos opciones 0.011%, menos opciones + pieza menos restrictiva 5.59e-03%, reinicios, menos opciones 1.5%] (Knuth: ~8 días) | máximo colocado 55 de 64 | hilos 8 de 12
    ... 224.7 s | grupo 1/6 | 259711557 nodos | revisado 0.011%, faltan ~24 días [menos opciones 0.011%, menos opciones + pieza menos restrictiva 5.61e-03%, reinicios, menos opciones 1.5%] (Knuth: ~8 días) | máximo colocado 55 de 64 | hilos 8 de 12
    ... 226.7 s | grupo 1/6 | 262101550 nodos | revisado 0.011%, faltan ~24 días [menos opciones 0.011%, menos opciones + pieza menos restrictiva 5.62e-03%, reinicios, menos opciones 1.5%] (Knuth: ~8 días) | máximo colocado 55 de 64 | hilos 8 de 12
    ... 228.7 s | grupo 1/6 | 264452353 nodos | revisado 0.011%, faltan ~24 días [menos opciones 0.011%, menos opciones + pieza menos restrictiva 5.66e-03%, reinicios, menos opciones 1.5%] (Knuth: ~8 días) | máximo colocado 55 de 64 | hilos 8 de 12
    ... 230.7 s | grupo 1/6 | 266788027 nodos | revisado 0.011%, faltan ~24 días [menos opciones 0.011%, menos opciones + pieza menos restrictiva 5.68e-03%, reinicios, menos opciones 1.5%] (Knuth: ~8 días) | máximo colocado 55 de 64 | hilos 8 de 12
    ... 232.7 s | grupo 1/6 | 269148923 nodos | revisado 0.011%, faltan ~24 días [menos opciones 0.011%, menos opciones + pieza menos restrictiva 5.69e-03%, reinicios, menos opciones 1.5%] (Knuth: ~8 días) | máximo colocado 55 de 64 | hilos 8 de 12
    ... 234.7 s | grupo 1/6 | 271496334 nodos | revisado 0.011%, faltan ~24 días [menos opciones 0.011%, menos opciones + pieza menos restrictiva 5.72e-03%, reinicios, menos opciones 1.5%] (Knuth: ~8 días) | máximo colocado 55 de 64 | hilos 8 de 12
    ... 236.7 s | grupo 1/6 | 273864903 nodos | revisado 0.011%, faltan ~24 días [menos opciones 0.011%, menos opciones + pieza menos restrictiva 5.75e-03%, reinicios, menos opciones 1.6%] (Knuth: ~8 días) | máximo colocado 55 de 64 | hilos 8 de 12
    ... 238.7 s | grupo 1/6 | 276240778 nodos | revisado 0.011%, faltan ~24 días [menos opciones 0.011%, menos opciones + pieza menos restrictiva 5.78e-03%, reinicios, menos opciones 1.6%] (Knuth: ~8 días) | máximo colocado 55 de 64 | hilos 8 de 12
    ... 240.7 s | grupo 1/6 | 278567904 nodos | revisado 0.011%, faltan ~24 días [menos opciones 0.011%, menos opciones + pieza menos restrictiva 5.82e-03%, reinicios, menos opciones 1.7%] (Knuth: ~8 días) | máximo colocado 55 de 64 | hilos 8 de 12
    ... 242.7 s | grupo 1/6 | 280890278 nodos | revisado 0.011%, faltan ~24 días [menos opciones 0.011%, menos opciones + pieza menos restrictiva 5.84e-03%, reinicios, menos opciones 1.7%] (Knuth: ~8 días) | máximo colocado 55 de 64 | hilos 8 de 12
    ... 244.7 s | grupo 1/6 | 283239981 nodos | revisado 0.011%, faltan ~25 días [menos opciones 0.011%, menos opciones + pieza menos restrictiva 5.86e-03%, reinicios, menos opciones 1.7%] (Knuth: ~8 días) | máximo colocado 55 de 64 | hilos 8 de 12
    ... 246.8 s | grupo 1/6 | 285560487 nodos | revisado 0.011%, faltan ~25 días [menos opciones 0.011%, menos opciones + pieza menos restrictiva 5.90e-03%, reinicios, menos opciones 1.9%] (Knuth: ~8 días) | máximo colocado 55 de 64 | hilos 8 de 12
    ... 248.8 s | grupo 1/6 | 287902471 nodos | revisado 0.011%, faltan ~25 días [menos opciones 0.011%, menos opciones + pieza menos restrictiva 5.91e-03%, reinicios, menos opciones 1.9%] (Knuth: ~8 días) | máximo colocado 55 de 64 | hilos 8 de 12
    ... 250.8 s | grupo 1/6 | 290250699 nodos | revisado 0.011%, faltan ~25 días [menos opciones 0.011%, menos opciones + pieza menos restrictiva 5.93e-03%, reinicios, menos opciones 1.9%] (Knuth: ~8 días) | máximo colocado 55 de 64 | hilos 8 de 12
    ... 252.8 s | grupo 1/6 | 292585322 nodos | revisado 0.011%, faltan ~25 días [menos opciones 0.011%, menos opciones + pieza menos restrictiva 5.95e-03%, reinicios, menos opciones 1.9%] (Knuth: ~8 días) | máximo colocado 55 de 64 | hilos 8 de 12
    ... 254.8 s | grupo 1/6 | 294868868 nodos | revisado 0.011%, faltan ~25 días [menos opciones 0.011%, menos opciones + pieza menos restrictiva 5.97e-03%, reinicios, menos opciones 1.9%] (Knuth: ~8 días) | máximo colocado 55 de 64 | hilos 8 de 12
    ... 256.8 s | grupo 1/6 | 297190440 nodos | revisado 0.012%, faltan ~25 días [menos opciones 0.012%, menos opciones + pieza menos restrictiva 6.00e-03%, reinicios, menos opciones 1.9%] (Knuth: ~8 días) | máximo colocado 55 de 64 | hilos 8 de 12
    ... 258.8 s | grupo 1/6 | 299536558 nodos | revisado 0.012%, faltan ~26 días [menos opciones 0.012%, menos opciones + pieza menos restrictiva 6.04e-03%, reinicios, menos opciones 1.9%] (Knuth: ~8 días) | máximo colocado 55 de 64 | hilos 8 de 12
    ... 260.8 s | grupo 1/6 | 301859094 nodos | revisado 0.012%, faltan ~26 días [menos opciones 0.012%, menos opciones + pieza menos restrictiva 6.07e-03%, reinicios, menos opciones 2.2%] (Knuth: ~8 días) | máximo colocado 55 de 64 | hilos 8 de 12
    ... 262.8 s | grupo 1/6 | 304232140 nodos | revisado 0.012%, faltan ~26 días [menos opciones 0.012%, menos opciones + pieza menos restrictiva 6.14e-03%, reinicios, menos opciones 2.2%] (Knuth: ~8 días) | máximo colocado 55 de 64 | hilos 8 de 12
    ... 264.8 s | grupo 1/6 | 306560090 nodos | revisado 0.012%, faltan ~26 días [menos opciones 0.012%, menos opciones + pieza menos restrictiva 6.17e-03%, reinicios, menos opciones 2.3%] (Knuth: ~8 días) | máximo colocado 55 de 64 | hilos 8 de 12
    ... 266.9 s | grupo 1/6 | 308907431 nodos | revisado 0.012%, faltan ~26 días [menos opciones 0.012%, menos opciones + pieza menos restrictiva 6.18e-03%, reinicios, menos opciones 2.3%] (Knuth: ~8 días) | máximo colocado 55 de 64 | hilos 8 de 12
    ... 268.9 s | grupo 1/6 | 311246798 nodos | revisado 0.012%, faltan ~26 días [menos opciones 0.012%, menos opciones + pieza menos restrictiva 6.20e-03%, reinicios, menos opciones 2.3%] (Knuth: ~8 días) | máximo colocado 55 de 64 | hilos 8 de 12
    ... 270.9 s | grupo 1/6 | 313550146 nodos | revisado 0.012%, faltan ~26 días [menos opciones 0.012%, menos opciones + pieza menos restrictiva 6.21e-03%, reinicios, menos opciones 2.3%] (Knuth: ~8 días) | máximo colocado 55 de 64 | hilos 8 de 12
    ... 272.9 s | grupo 1/6 | 315862015 nodos | revisado 0.012%, faltan ~26 días [menos opciones 0.012%, menos opciones + pieza menos restrictiva 6.23e-03%, reinicios, menos opciones 2.3%] (Knuth: ~8 días) | máximo colocado 55 de 64 | hilos 8 de 12
    ... 274.9 s | grupo 1/6 | 318176674 nodos | revisado 0.012%, faltan ~27 días [menos opciones 0.012%, menos opciones + pieza menos restrictiva 6.25e-03%, reinicios, menos opciones 2.3%] (Knuth: ~8 días) | máximo colocado 55 de 64 | hilos 8 de 12
    ... 276.9 s | grupo 1/6 | 320504019 nodos | revisado 0.012%, faltan ~27 días [menos opciones 0.012%, menos opciones + pieza menos restrictiva 6.27e-03%, reinicios, menos opciones 2.3%] (Knuth: ~8 días) | máximo colocado 55 de 64 | hilos 8 de 12
    ... 278.9 s | grupo 1/6 | 322847904 nodos | revisado 0.012%, faltan ~27 días [menos opciones 0.012%, menos opciones + pieza menos restrictiva 6.29e-03%, reinicios, menos opciones 2.3%] (Knuth: ~8 días) | máximo colocado 55 de 64 | hilos 8 de 12
    ... 280.9 s | grupo 1/6 | 325191950 nodos | revisado 0.012%, faltan ~27 días [menos opciones 0.012%, menos opciones + pieza menos restrictiva 6.31e-03%, reinicios, menos opciones 2.4%] (Knuth: ~8 días) | máximo colocado 55 de 64 | hilos 8 de 12
    ... 282.9 s | grupo 1/6 | 327506534 nodos | revisado 0.012%, faltan ~27 días [menos opciones 0.012%, menos opciones + pieza menos restrictiva 6.35e-03%, reinicios, menos opciones 2.4%] (Knuth: ~8 días) | máximo colocado 55 de 64 | hilos 8 de 12
    ... 284.9 s | grupo 1/6 | 329844603 nodos | revisado 0.012%, faltan ~27 días [menos opciones 0.012%, menos opciones + pieza menos restrictiva 6.39e-03%, reinicios, menos opciones 2.4%] (Knuth: ~8 días) | máximo colocado 55 de 64 | hilos 8 de 12
    ... 286.9 s | grupo 1/6 | 332199741 nodos | revisado 0.012%, faltan ~27 días [menos opciones 0.012%, menos opciones + pieza menos restrictiva 6.41e-03%, reinicios, menos opciones 2.5%] (Knuth: ~8 días) | máximo colocado 55 de 64 | hilos 8 de 12
    ... 288.9 s | grupo 1/6 | 334532957 nodos | revisado 0.012%, faltan ~27 días [menos opciones 0.012%, menos opciones + pieza menos restrictiva 6.45e-03%, reinicios, menos opciones 2.5%] (Knuth: ~8 días) | máximo colocado 55 de 64 | hilos 8 de 12
    ... 290.9 s | grupo 1/6 | 336853615 nodos | revisado 0.012%, faltan ~27 días [menos opciones 0.012%, menos opciones + pieza menos restrictiva 6.49e-03%, reinicios, menos opciones 2.5%] (Knuth: ~8 días) | máximo colocado 55 de 64 | hilos 8 de 12
    ... 292.9 s | grupo 1/6 | 339178534 nodos | revisado 0.012%, faltan ~27 días [menos opciones 0.012%, menos opciones + pieza menos restrictiva 6.52e-03%, reinicios, menos opciones 2.6%] (Knuth: ~8 días) | máximo colocado 55 de 64 | hilos 8 de 12
    ... 294.9 s | grupo 1/6 | 341520343 nodos | revisado 0.012%, faltan ~27 días [menos opciones 0.012%, menos opciones + pieza menos restrictiva 6.53e-03%, reinicios, menos opciones 2.6%] (Knuth: ~8 días) | máximo colocado 55 de 64 | hilos 8 de 12
    ... 297.0 s | grupo 1/6 | 343855480 nodos | revisado 0.012%, faltan ~27 días [menos opciones 0.012%, menos opciones + pieza menos restrictiva 6.58e-03%, reinicios, menos opciones 2.6%] (Knuth: ~8 días) | máximo colocado 55 de 64 | hilos 8 de 12
    ... 299.0 s | grupo 1/6 | 346194907 nodos | revisado 0.012%, faltan ~27 días [menos opciones 0.012%, menos opciones + pieza menos restrictiva 6.62e-03%, reinicios, menos opciones 2.8%] (Knuth: ~8 días) | máximo colocado 55 de 64 | hilos 8 de 12
[4] Grupo 1: cortado por límite de tiempo
[5] Tiempo total: 5 min
RESULTADO resuelto=0 ms=300017.4 marcos=0 nodos=347412480 grupos=1/6 hilos=12 t_marcos=0.000 t_interior=296.286 lados=0 unificado=1 max_colocadas=55 motivo=limite
