[0] Tablero 8x8, 11 colores, 12 hilos
[1] Esquina fija (1,2). 6 grupos, orden por coste: 1.83e+17 1.83e+17 1.84e+17 1.84e+17 1.84e+17 1.84e+17
    grupo 1, orden menos opciones: estimado 2.18e+12 nodos
    grupo 1, orden interior primero: estimado 1.48e+12 nodos
    grupo 2, orden menos opciones: estimado 2e+12 nodos
    grupo 2, orden interior primero: estimado 2.03e+12 nodos
    grupo 3, orden menos opciones: estimado 1.89e+12 nodos
    grupo 3, orden interior primero: estimado 2.03e+12 nodos
    grupo 4, orden menos opciones: estimado 1.52e+12 nodos
    grupo 4, orden interior primero: estimado 3.7e+12 nodos
    grupo 5, orden menos opciones: estimado 1.9e+12 nodos
    grupo 5, orden interior primero: estimado 1.24e+12 nodos
    grupo 6, orden menos opciones: estimado 2.11e+12 nodos
    grupo 6, orden interior primero: estimado 1.72e+12 nodos
[1] Estimado de Knuth por grupo (nodos): 2.18e+12 2e+12 1.89e+12 1.52e+12 1.9e+12 2.11e+12   (i) = interior primero
[2] Grupo 1/6: ruta unificada (mapas por lado), orden: menos opciones; grupo grande: 3 estrategias a la vez (normal, pieza menos restrictiva, reinicios)
    ... 5.8 s | grupo 1/6 | 2140670 nodos | revisado 2.22e-04%, faltan ~11 días [menos opciones 2.22e-04%, menos opciones + pieza menos restrictiva 6.14e-07%, reinicios, menos opciones 3.95e-04%] (Knuth: ~24 días) | máximo colocado 51 de 64 | hilos 8 de 12
    ... 7.8 s | grupo 1/6 | 4248048 nodos | revisado 4.68e-04%, faltan ~10 días [menos opciones 4.68e-04%, menos opciones + pieza menos restrictiva 2.70e-06%, reinicios, menos opciones 8.82e-04%] (Knuth: ~24 días) | máximo colocado 51 de 64 | hilos 8 de 12
    ... 9.8 s | grupo 1/6 | 6353403 nodos | revisado 5.73e-04%, faltan ~12 días [menos opciones 5.73e-04%, menos opciones + pieza menos restrictiva 3.79e-06%, reinicios, menos opciones 1.13e-03%] (Knuth: ~24 días) | máximo colocado 51 de 64 | hilos 8 de 12
    ... 11.8 s | grupo 1/6 | 8484520 nodos | revisado 7.45e-04%, faltan ~12 días [menos opciones 7.45e-04%, menos opciones + pieza menos restrictiva 6.75e-06%, reinicios, menos opciones 1.62e-03%] (Knuth: ~24 días) | máximo colocado 51 de 64 | hilos 8 de 12
    ... 13.8 s | grupo 1/6 | 10610266 nodos | revisado 8.75e-04%, faltan ~13 días [menos opciones 8.75e-04%, menos opciones + pieza menos restrictiva 8.72e-06%, reinicios, menos opciones 9.54e-03%] (Knuth: ~24 días) | máximo colocado 53 de 64 | hilos 8 de 12
    ... 15.8 s | grupo 1/6 | 12717738 nodos | revisado 1.07e-03%, faltan ~13 días [menos opciones 1.07e-03%, menos opciones + pieza menos restrictiva 1.04e-05%, reinicios, menos opciones 9.76e-03%] (Knuth: ~24 días) | máximo colocado 53 de 64 | hilos 8 de 12
    ... 17.8 s | grupo 1/6 | 14832054 nodos | revisado 1.32e-03%, faltan ~12 días [menos opciones 1.32e-03%, menos opciones + pieza menos restrictiva 1.24e-05%, reinicios, menos opciones 9.89e-03%] (Knuth: ~24 días) | máximo colocado 53 de 64 | hilos 8 de 12
    ... 19.8 s | grupo 1/6 | 16950556 nodos | revisado 1.41e-03%, faltan ~13 días [menos opciones 1.41e-03%, menos opciones + pieza menos restrictiva 1.36e-05%, reinicios, menos opciones 0.010%] (Knuth: ~24 días) | máximo colocado 53 de 64 | hilos 8 de 12
    ... 21.8 s | grupo 1/6 | 19037696 nodos | revisado 1.54e-03%, faltan ~14 días [menos opciones 1.54e-03%, menos opciones + pieza menos restrictiva 1.59e-05%, reinicios, menos opciones 0.010%] (Knuth: ~24 días) | máximo colocado 53 de 64 | hilos 8 de 12
    ... 23.8 s | grupo 1/6 | 21160707 nodos | revisado 1.69e-03%, faltan ~14 días [menos opciones 1.69e-03%, menos opciones + pieza menos restrictiva 1.70e-05%, reinicios, menos opciones 0.012%] (Knuth: ~24 días) | máximo colocado 53 de 64 | hilos 8 de 12
    ... 25.8 s | grupo 1/6 | 23268639 nodos | revisado 1.89e-03%, faltan ~14 días [menos opciones 1.89e-03%, menos opciones + pieza menos restrictiva 2.18e-05%, reinicios, menos opciones 0.012%] (Knuth: ~24 días) | máximo colocado 53 de 64 | hilos 8 de 12
    ... 27.8 s | grupo 1/6 | 25371640 nodos | revisado 1.98e-03%, faltan ~14 días [menos opciones 1.98e-03%, menos opciones + pieza menos restrictiva 2.39e-05%, reinicios, menos opciones 0.013%] (Knuth: ~24 días) | máximo colocado 53 de 64 | hilos 8 de 12
    ... 29.9 s | grupo 1/6 | 27494497 nodos | revisado 2.05e-03%, faltan ~15 días [menos opciones 2.05e-03%, menos opciones + pieza menos restrictiva 2.89e-05%, reinicios, menos opciones 0.013%] (Knuth: ~24 días) | máximo colocado 53 de 64 | hilos 8 de 12
    ... 31.9 s | grupo 1/6 | 29581645 nodos | revisado 2.27e-03%, faltan ~14 días [menos opciones 2.27e-03%, menos opciones + pieza menos restrictiva 3.30e-05%, reinicios, menos opciones 0.013%] (Knuth: ~24 días) | máximo colocado 53 de 64 | hilos 8 de 12
    ... 33.9 s | grupo 1/6 | 31695565 nodos | revisado 2.43e-03%, faltan ~14 días [menos opciones 2.43e-03%, menos opciones + pieza menos restrictiva 3.77e-05%, reinicios, menos opciones 0.013%] (Knuth: ~24 días) | máximo colocado 53 de 64 | hilos 8 de 12
    ... 35.9 s | grupo 1/6 | 33793113 nodos | revisado 2.45e-03%, faltan ~15 días [menos opciones 2.45e-03%, menos opciones + pieza menos restrictiva 4.12e-05%, reinicios, menos opciones 0.013%] (Knuth: ~24 días) | máximo colocado 53 de 64 | hilos 8 de 12
    ... 37.9 s | grupo 1/6 | 35859363 nodos | revisado 2.47e-03%, faltan ~16 días [menos opciones 2.47e-03%, menos opciones + pieza menos restrictiva 4.35e-05%, reinicios, menos opciones 0.014%] (Knuth: ~24 días) | máximo colocado 53 de 64 | hilos 8 de 12
    ... 39.9 s | grupo 1/6 | 37938090 nodos | revisado 2.51e-03%, faltan ~17 días [menos opciones 2.51e-03%, menos opciones + pieza menos restrictiva 4.47e-05%, reinicios, menos opciones 0.015%] (Knuth: ~24 días) | máximo colocado 53 de 64 | hilos 8 de 12
    ... 41.9 s | grupo 1/6 | 40049700 nodos | revisado 2.53e-03%, faltan ~17 días [menos opciones 2.53e-03%, menos opciones + pieza menos restrictiva 4.65e-05%, reinicios, menos opciones 0.015%] (Knuth: ~24 días) | máximo colocado 53 de 64 | hilos 8 de 12
    ... 43.9 s | grupo 1/6 | 42167035 nodos | revisado 2.61e-03%, faltan ~18 días [menos opciones 2.61e-03%, menos opciones + pieza menos restrictiva 4.81e-05%, reinicios, menos opciones 0.015%] (Knuth: ~24 días) | máximo colocado 53 de 64 | hilos 8 de 12
    ... 45.9 s | grupo 1/6 | 44252666 nodos | revisado 2.71e-03%, faltan ~18 días [menos opciones 2.71e-03%, menos opciones + pieza menos restrictiva 5.07e-05%, reinicios, menos opciones 0.016%] (Knuth: ~24 días) | máximo colocado 53 de 64 | hilos 8 de 12
    ... 47.9 s | grupo 1/6 | 46349813 nodos | revisado 2.79e-03%, faltan ~18 días [menos opciones 2.79e-03%, menos opciones + pieza menos restrictiva 5.35e-05%, reinicios, menos opciones 0.016%] (Knuth: ~24 días) | máximo colocado 53 de 64 | hilos 8 de 12
    ... 49.9 s | grupo 1/6 | 48470751 nodos | revisado 2.82e-03%, faltan ~19 días [menos opciones 2.82e-03%, menos opciones + pieza menos restrictiva 5.55e-05%, reinicios, menos opciones 0.016%] (Knuth: ~24 días) | máximo colocado 53 de 64 | hilos 8 de 12
    ... 51.9 s | grupo 1/6 | 50561493 nodos | revisado 2.92e-03%, faltan ~19 días [menos opciones 2.92e-03%, menos opciones + pieza menos restrictiva 5.78e-05%, reinicios, menos opciones 0.016%] (Knuth: ~24 días) | máximo colocado 53 de 64 | hilos 8 de 12
    ... 54.0 s | grupo 1/6 | 52677692 nodos | revisado 2.97e-03%, faltan ~20 días [menos opciones 2.97e-03%, menos opciones + pieza menos restrictiva 5.85e-05%, reinicios, menos opciones 0.017%] (Knuth: ~24 días) | máximo colocado 53 de 64 | hilos 8 de 12
    ... 56.0 s | grupo 1/6 | 54800871 nodos | revisado 3.02e-03%, faltan ~20 días [menos opciones 3.02e-03%, menos opciones + pieza menos restrictiva 6.02e-05%, reinicios, menos opciones 0.017%] (Knuth: ~24 días) | máximo colocado 53 de 64 | hilos 8 de 12
    ... 58.0 s | grupo 1/6 | 56884052 nodos | revisado 3.13e-03%, faltan ~20 días [menos opciones 3.13e-03%, menos opciones + pieza menos restrictiva 6.13e-05%, reinicios, menos opciones 0.017%] (Knuth: ~24 días) | máximo colocado 53 de 64 | hilos 8 de 12
    ... 60.0 s | grupo 1/6 | 58980965 nodos | revisado 3.21e-03%, faltan ~20 días [menos opciones 3.21e-03%, menos opciones + pieza menos restrictiva 6.19e-05%, reinicios, menos opciones 0.017%] (Knuth: ~24 días) | máximo colocado 53 de 64 | hilos 8 de 12
    ... 62.0 s | grupo 1/6 | 61093578 nodos | revisado 3.23e-03%, faltan ~21 días [menos opciones 3.23e-03%, menos opciones + pieza menos restrictiva 6.66e-05%, reinicios, menos opciones 0.018%] (Knuth: ~24 días) | máximo colocado 53 de 64 | hilos 8 de 12
    ... 64.0 s | grupo 1/6 | 63176629 nodos | revisado 3.25e-03%, faltan ~21 días [menos opciones 3.25e-03%, menos opciones + pieza menos restrictiva 6.82e-05%, reinicios, menos opciones 0.019%] (Knuth: ~24 días) | máximo colocado 53 de 64 | hilos 8 de 12
    ... 66.0 s | grupo 1/6 | 65261938 nodos | revisado 3.33e-03%, faltan ~22 días [menos opciones 3.33e-03%, menos opciones + pieza menos restrictiva 7.17e-05%, reinicios, menos opciones 0.019%] (Knuth: ~24 días) | máximo colocado 53 de 64 | hilos 8 de 12
    ... 68.0 s | grupo 1/6 | 67327712 nodos | revisado 3.46e-03%, faltan ~22 días [menos opciones 3.46e-03%, menos opciones + pieza menos restrictiva 7.41e-05%, reinicios, menos opciones 0.019%] (Knuth: ~24 días) | máximo colocado 53 de 64 | hilos 8 de 12
    ... 70.0 s | grupo 1/6 | 69428905 nodos | revisado 3.51e-03%, faltan ~22 días [menos opciones 3.51e-03%, menos opciones + pieza menos restrictiva 7.70e-05%, reinicios, menos opciones 0.019%] (Knuth: ~24 días) | máximo colocado 53 de 64 | hilos 8 de 12
    ... 72.0 s | grupo 1/6 | 71527687 nodos | revisado 3.54e-03%, faltan ~22 días [menos opciones 3.54e-03%, menos opciones + pieza menos restrictiva 8.11e-05%, reinicios, menos opciones 0.020%] (Knuth: ~24 días) | máximo colocado 53 de 64 | hilos 8 de 12
    ... 74.0 s | grupo 1/6 | 73625185 nodos | revisado 3.64e-03%, faltan ~22 días [menos opciones 3.64e-03%, menos opciones + pieza menos restrictiva 8.26e-05%, reinicios, menos opciones 0.020%] (Knuth: ~24 días) | máximo colocado 53 de 64 | hilos 8 de 12
    ... 76.0 s | grupo 1/6 | 75712904 nodos | revisado 3.86e-03%, faltan ~22 días [menos opciones 3.86e-03%, menos opciones + pieza menos restrictiva 8.45e-05%, reinicios, menos opciones 0.020%] (Knuth: ~24 días) | máximo colocado 53 de 64 | hilos 8 de 12
    ... 78.0 s | grupo 1/6 | 77849037 nodos | revisado 3.99e-03%, faltan ~22 días [menos opciones 3.99e-03%, menos opciones + pieza menos restrictiva 8.66e-05%, reinicios, menos opciones 0.020%] (Knuth: ~24 días) | máximo colocado 53 de 64 | hilos 8 de 12
    ... 80.0 s | grupo 1/6 | 79990937 nodos | revisado 4.07e-03%, faltan ~22 días [menos opciones 4.07e-03%, menos opciones + pieza menos restrictiva 8.80e-05%, reinicios, menos opciones 0.020%] (Knuth: ~24 días) | máximo colocado 53 de 64 | hilos 8 de 12
    ... 82.0 s | grupo 1/6 | 82105883 nodos | revisado 4.14e-03%, faltan ~22 días [menos opciones 4.14e-03%, menos opciones + pieza menos restrictiva 9.08e-05%, reinicios, menos opciones 0.020%] (Knuth: ~24 días) | máximo colocado 53 de 64 | hilos 8 de 12
    ... 84.0 s | grupo 1/6 | 84224109 nodos | revisado 4.17e-03%, faltan ~22 días [menos opciones 4.17e-03%, menos opciones + pieza menos restrictiva 9.78e-05%, reinicios, menos opciones 0.020%] (Knuth: ~24 días) | máximo colocado 53 de 64 | hilos 8 de 12
    ... 86.0 s | grupo 1/6 | 86333908 nodos | revisado 4.20e-03%, faltan ~23 días [menos opciones 4.20e-03%, menos opciones + pieza menos restrictiva 1.00e-04%, reinicios, menos opciones 0.020%] (Knuth: ~24 días) | máximo colocado 53 de 64 | hilos 8 de 12
    ... 88.1 s | grupo 1/6 | 88447713 nodos | revisado 4.25e-03%, faltan ~23 días [menos opciones 4.25e-03%, menos opciones + pieza menos restrictiva 1.02e-04%, reinicios, menos opciones 0.021%] (Knuth: ~24 días) | máximo colocado 53 de 64 | hilos 8 de 12
    ... 90.1 s | grupo 1/6 | 90558782 nodos | revisado 4.31e-03%, faltan ~23 días [menos opciones 4.31e-03%, menos opciones + pieza menos restrictiva 1.04e-04%, reinicios, menos opciones 0.021%] (Knuth: ~24 días) | máximo colocado 53 de 64 | hilos 8 de 12
    ... 92.1 s | grupo 1/6 | 92647289 nodos | revisado 4.36e-03%, faltan ~23 días [menos opciones 4.36e-03%, menos opciones + pieza menos restrictiva 1.07e-04%, reinicios, menos opciones 0.021%] (Knuth: ~24 días) | máximo colocado 53 de 64 | hilos 8 de 12
    ... 94.1 s | grupo 1/6 | 94751557 nodos | revisado 4.39e-03%, faltan ~24 días [menos opciones 4.39e-03%, menos opciones + pieza menos restrictiva 1.11e-04%, reinicios, menos opciones 0.021%] (Knuth: ~24 días) | máximo colocado 53 de 64 | hilos 8 de 12
    ... 96.1 s | grupo 1/6 | 96848301 nodos | revisado 4.46e-03%, faltan ~24 días [menos opciones 4.46e-03%, menos opciones + pieza menos restrictiva 1.15e-04%, reinicios, menos opciones 0.022%] (Knuth: ~24 días) | máximo colocado 53 de 64 | hilos 8 de 12
    ... 98.1 s | grupo 1/6 | 98948475 nodos | revisado 4.52e-03%, faltan ~24 días [menos opciones 4.52e-03%, menos opciones + pieza menos restrictiva 1.17e-04%, reinicios, menos opciones 0.023%] (Knuth: ~24 días) | máximo colocado 53 de 64 | hilos 8 de 12
    ... 100.1 s | grupo 1/6 | 101052215 nodos | revisado 4.72e-03%, faltan ~24 días [menos opciones 4.72e-03%, menos opciones + pieza menos restrictiva 1.19e-04%, reinicios, menos opciones 0.024%] (Knuth: ~24 días) | máximo colocado 53 de 64 | hilos 8 de 12
    ... 102.1 s | grupo 1/6 | 103167585 nodos | revisado 4.83e-03%, faltan ~24 días [menos opciones 4.83e-03%, menos opciones + pieza menos restrictiva 1.24e-04%, reinicios, menos opciones 0.024%] (Knuth: ~24 días) | máximo colocado 53 de 64 | hilos 8 de 12
    ... 104.1 s | grupo 1/6 | 105253787 nodos | revisado 5.01e-03%, faltan ~23 días [menos opciones 5.01e-03%, menos opciones + pieza menos restrictiva 1.31e-04%, reinicios, menos opciones 0.024%] (Knuth: ~24 días) | máximo colocado 53 de 64 | hilos 8 de 12
    ... 106.1 s | grupo 1/6 | 107336908 nodos | revisado 5.17e-03%, faltan ~23 días [menos opciones 5.17e-03%, menos opciones + pieza menos restrictiva 1.38e-04%, reinicios, menos opciones 0.024%] (Knuth: ~24 días) | máximo colocado 53 de 64 | hilos 8 de 12
    ... 108.1 s | grupo 1/6 | 109461449 nodos | revisado 5.20e-03%, faltan ~23 días [menos opciones 5.20e-03%, menos opciones + pieza menos restrictiva 1.43e-04%, reinicios, menos opciones 0.024%] (Knuth: ~24 días) | máximo colocado 53 de 64 | hilos 8 de 12
    ... 110.1 s | grupo 1/6 | 111577468 nodos | revisado 5.28e-03%, faltan ~23 días [menos opciones 5.28e-03%, menos opciones + pieza menos restrictiva 1.44e-04%, reinicios, menos opciones 0.025%] (Knuth: ~24 días) | máximo colocado 53 de 64 | hilos 8 de 12
    ... 112.1 s | grupo 1/6 | 113686471 nodos | revisado 5.35e-03%, faltan ~23 días [menos opciones 5.35e-03%, menos opciones + pieza menos restrictiva 1.46e-04%, reinicios, menos opciones 0.025%] (Knuth: ~24 días) | máximo colocado 53 de 64 | hilos 8 de 12
    ... 114.1 s | grupo 1/6 | 115759940 nodos | revisado 5.38e-03%, faltan ~24 días [menos opciones 5.38e-03%, menos opciones + pieza menos restrictiva 1.48e-04%, reinicios, menos opciones 0.027%] (Knuth: ~24 días) | máximo colocado 53 de 64 | hilos 8 de 12
    ... 116.2 s | grupo 1/6 | 117895337 nodos | revisado 5.42e-03%, faltan ~24 días [menos opciones 5.42e-03%, menos opciones + pieza menos restrictiva 1.50e-04%, reinicios, menos opciones 0.027%] (Knuth: ~24 días) | máximo colocado 53 de 64 | hilos 8 de 12
    ... 118.2 s | grupo 1/6 | 120011103 nodos | revisado 5.43e-03%, faltan ~24 días [menos opciones 5.43e-03%, menos opciones + pieza menos restrictiva 1.53e-04%, reinicios, menos opciones 0.028%] (Knuth: ~24 días) | máximo colocado 53 de 64 | hilos 8 de 12
    ... 120.2 s | grupo 1/6 | 122114796 nodos | revisado 5.46e-03%, faltan ~25 días [menos opciones 5.46e-03%, menos opciones + pieza menos restrictiva 1.58e-04%, reinicios, menos opciones 0.028%] (Knuth: ~24 días) | máximo colocado 53 de 64 | hilos 8 de 12
    ... 122.2 s | grupo 1/6 | 124180061 nodos | revisado 5.48e-03%, faltan ~25 días [menos opciones 5.48e-03%, menos opciones + pieza menos restrictiva 1.61e-04%, reinicios, menos opciones 0.028%] (Knuth: ~24 días) | máximo colocado 53 de 64 | hilos 8 de 12
    ... 124.2 s | grupo 1/6 | 126284351 nodos | revisado 5.54e-03%, faltan ~25 días [menos opciones 5.54e-03%, menos opciones + pieza menos restrictiva 1.67e-04%, reinicios, menos opciones 0.028%] (Knuth: ~24 días) | máximo colocado 53 de 64 | hilos 8 de 12
    ... 126.2 s | grupo 1/6 | 128377384 nodos | revisado 5.57e-03%, faltan ~25 días [menos opciones 5.57e-03%, menos opciones + pieza menos restrictiva 1.68e-04%, reinicios, menos opciones 0.028%] (Knuth: ~24 días) | máximo colocado 53 de 64 | hilos 8 de 12
    ... 128.2 s | grupo 1/6 | 130471144 nodos | revisado 5.63e-03%, faltan ~26 días [menos opciones 5.63e-03%, menos opciones + pieza menos restrictiva 1.70e-04%, reinicios, menos opciones 0.029%] (Knuth: ~24 días) | máximo colocado 53 de 64 | hilos 8 de 12
    ... 130.2 s | grupo 1/6 | 132585073 nodos | revisado 5.67e-03%, faltan ~26 días [menos opciones 5.67e-03%, menos opciones + pieza menos restrictiva 1.71e-04%, reinicios, menos opciones 0.030%] (Knuth: ~24 días) | máximo colocado 53 de 64 | hilos 8 de 12
    ... 132.2 s | grupo 1/6 | 134706186 nodos | revisado 5.71e-03%, faltan ~26 días [menos opciones 5.71e-03%, menos opciones + pieza menos restrictiva 1.72e-04%, reinicios, menos opciones 0.031%] (Knuth: ~24 días) | máximo colocado 53 de 64 | hilos 8 de 12
    ... 134.2 s | grupo 1/6 | 136849443 nodos | revisado 5.74e-03%, faltan ~26 días [menos opciones 5.74e-03%, menos opciones + pieza menos restrictiva 1.74e-04%, reinicios, menos opciones 0.032%] (Knuth: ~24 días) | máximo colocado 53 de 64 | hilos 8 de 12
    ... 136.2 s | grupo 1/6 | 138974744 nodos | revisado 5.85e-03%, faltan ~26 días [menos opciones 5.85e-03%, menos opciones + pieza menos restrictiva 1.77e-04%, reinicios, menos opciones 0.033%] (Knuth: ~24 días) | máximo colocado 53 de 64 | hilos 8 de 12
    ... 138.2 s | grupo 1/6 | 141092456 nodos | revisado 5.93e-03%, faltan ~26 días [menos opciones 5.93e-03%, menos opciones + pieza menos restrictiva 1.82e-04%, reinicios, menos opciones 0.033%] (Knuth: ~24 días) | máximo colocado 53 de 64 | hilos 8 de 12
    ... 140.2 s | grupo 1/6 | 143200502 nodos | revisado 5.98e-03%, faltan ~26 días [menos opciones 5.98e-03%, menos opciones + pieza menos restrictiva 1.86e-04%, reinicios, menos opciones 0.035%] (Knuth: ~24 días) | máximo colocado 53 de 64 | hilos 8 de 12
    ... 142.2 s | grupo 1/6 | 145297753 nodos | revisado 6.05e-03%, faltan ~27 días [menos opciones 6.05e-03%, menos opciones + pieza menos restrictiva 1.93e-04%, reinicios, menos opciones 0.035%] (Knuth: ~24 días) | máximo colocado 53 de 64 | hilos 8 de 12
    ... 144.3 s | grupo 1/6 | 147423949 nodos | revisado 6.13e-03%, faltan ~27 días [menos opciones 6.13e-03%, menos opciones + pieza menos restrictiva 2.04e-04%, reinicios, menos opciones 0.036%] (Knuth: ~24 días) | máximo colocado 53 de 64 | hilos 8 de 12
    ... 146.3 s | grupo 1/6 | 149544577 nodos | revisado 6.18e-03%, faltan ~27 días [menos opciones 6.18e-03%, menos opciones + pieza menos restrictiva 2.10e-04%, reinicios, menos opciones 0.037%] (Knuth: ~24 días) | máximo colocado 53 de 64 | hilos 8 de 12
    ... 148.3 s | grupo 1/6 | 151647340 nodos | revisado 6.24e-03%, faltan ~27 días [menos opciones 6.24e-03%, menos opciones + pieza menos restrictiva 2.14e-04%, reinicios, menos opciones 0.038%] (Knuth: ~24 días) | máximo colocado 53 de 64 | hilos 8 de 12
    ... 150.3 s | grupo 1/6 | 153751827 nodos | revisado 6.30e-03%, faltan ~27 días [menos opciones 6.30e-03%, menos opciones + pieza menos restrictiva 2.17e-04%, reinicios, menos opciones 0.038%] (Knuth: ~24 días) | máximo colocado 53 de 64 | hilos 8 de 12
    ... 152.3 s | grupo 1/6 | 155846107 nodos | revisado 6.35e-03%, faltan ~27 días [menos opciones 6.35e-03%, menos opciones + pieza menos restrictiva 2.19e-04%, reinicios, menos opciones 0.039%] (Knuth: ~24 días) | máximo colocado 53 de 64 | hilos 8 de 12
    ... 154.3 s | grupo 1/6 | 157911068 nodos | revisado 6.41e-03%, faltan ~27 días [menos opciones 6.41e-03%, menos opciones + pieza menos restrictiva 2.22e-04%, reinicios, menos opciones 0.039%] (Knuth: ~24 días) | máximo colocado 53 de 64 | hilos 8 de 12
    ... 156.3 s | grupo 1/6 | 159982238 nodos | revisado 6.48e-03%, faltan ~27 días [menos opciones 6.48e-03%, menos opciones + pieza menos restrictiva 2.25e-04%, reinicios, menos opciones 0.039%] (Knuth: ~24 días) | máximo colocado 53 de 64 | hilos 8 de 12
    ... 158.3 s | grupo 1/6 | 162015554 nodos | revisado 6.58e-03%, faltan ~27 días [menos opciones 6.58e-03%, menos opciones + pieza menos restrictiva 2.26e-04%, reinicios, menos opciones 0.039%] (Knuth: ~24 días) | máximo colocado 53 de 64 | hilos 8 de 12
    ... 160.3 s | grupo 1/6 | 164055556 nodos | revisado 6.61e-03%, faltan ~27 días [menos opciones 6.61e-03%, menos opciones + pieza menos restrictiva 2.28e-04%, reinicios, menos opciones 0.039%] (Knuth: ~24 días) | máximo colocado 53 de 64 | hilos 8 de 12
    ... 162.3 s | grupo 1/6 | 166109264 nodos | revisado 6.63e-03%, faltan ~28 días [menos opciones 6.63e-03%, menos opciones + pieza menos restrictiva 2.35e-04%, reinicios, menos opciones 0.039%] (Knuth: ~24 días) | máximo colocado 53 de 64 | hilos 8 de 12
    ... 164.3 s | grupo 1/6 | 168201283 nodos | revisado 6.69e-03%, faltan ~28 días [menos opciones 6.69e-03%, menos opciones + pieza menos restrictiva 2.40e-04%, reinicios, menos opciones 0.040%] (Knuth: ~24 días) | máximo colocado 53 de 64 | hilos 8 de 12
    ... 166.3 s | grupo 1/6 | 170317711 nodos | revisado 6.72e-03%, faltan ~28 días [menos opciones 6.72e-03%, menos opciones + pieza menos restrictiva 2.43e-04%, reinicios, menos opciones 0.040%] (Knuth: ~24 días) | máximo colocado 53 de 64 | hilos 8 de 12
    ... 168.4 s | grupo 1/6 | 172403049 nodos | revisado 6.75e-03%, faltan ~28 días [menos opciones 6.75e-03%, menos opciones + pieza menos restrictiva 2.48e-04%, reinicios, menos opciones 0.040%] (Knuth: ~24 días) | máximo colocado 53 de 64 | hilos 8 de 12
    ... 170.4 s | grupo 1/6 | 174476089 nodos | revisado 6.81e-03%, faltan ~28 días [menos opciones 6.81e-03%, menos opciones + pieza menos restrictiva 2.51e-04%, reinicios, menos opciones 0.040%] (Knuth: ~24 días) | máximo colocado 53 de 64 | hilos 8 de 12
    ... 172.4 s | grupo 1/6 | 176533766 nodos | revisado 6.89e-03%, faltan ~28 días [menos opciones 6.89e-03%, menos opciones + pieza menos restrictiva 2.58e-04%, reinicios, menos opciones 0.041%] (Knuth: ~24 días) | máximo colocado 53 de 64 | hilos 8 de 12
    ... 174.4 s | grupo 1/6 | 178641675 nodos | revisado 7.05e-03%, faltan ~28 días [menos opciones 7.05e-03%, menos opciones + pieza menos restrictiva 2.61e-04%, reinicios, menos opciones 0.042%] (Knuth: ~24 días) | máximo colocado 53 de 64 | hilos 8 de 12
    ... 176.4 s | grupo 1/6 | 180771938 nodos | revisado 7.40e-03%, faltan ~27 días [menos opciones 7.40e-03%, menos opciones + pieza menos restrictiva 2.72e-04%, reinicios, menos opciones 0.042%] (Knuth: ~24 días) | máximo colocado 53 de 64 | hilos 8 de 12
    ... 178.4 s | grupo 1/6 | 182876216 nodos | revisado 7.57e-03%, faltan ~27 días [menos opciones 7.57e-03%, menos opciones + pieza menos restrictiva 2.79e-04%, reinicios, menos opciones 0.043%] (Knuth: ~24 días) | máximo colocado 53 de 64 | hilos 8 de 12
    ... 180.4 s | grupo 1/6 | 184956789 nodos | revisado 7.70e-03%, faltan ~27 días [menos opciones 7.70e-03%, menos opciones + pieza menos restrictiva 2.85e-04%, reinicios, menos opciones 0.043%] (Knuth: ~24 días) | máximo colocado 53 de 64 | hilos 8 de 12
    ... 182.4 s | grupo 1/6 | 186999232 nodos | revisado 7.73e-03%, faltan ~27 días [menos opciones 7.73e-03%, menos opciones + pieza menos restrictiva 2.89e-04%, reinicios, menos opciones 0.043%] (Knuth: ~24 días) | máximo colocado 53 de 64 | hilos 8 de 12
    ... 184.4 s | grupo 1/6 | 189060307 nodos | revisado 7.80e-03%, faltan ~27 días [menos opciones 7.80e-03%, menos opciones + pieza menos restrictiva 2.91e-04%, reinicios, menos opciones 0.043%] (Knuth: ~24 días) | máximo colocado 53 de 64 | hilos 8 de 12
    ... 186.4 s | grupo 1/6 | 191106586 nodos | revisado 7.84e-03%, faltan ~27 días [menos opciones 7.84e-03%, menos opciones + pieza menos restrictiva 2.94e-04%, reinicios, menos opciones 0.043%] (Knuth: ~24 días) | máximo colocado 53 de 64 | hilos 8 de 12
    ... 188.5 s | grupo 1/6 | 193154840 nodos | revisado 7.87e-03%, faltan ~27 días [menos opciones 7.87e-03%, menos opciones + pieza menos restrictiva 2.98e-04%, reinicios, menos opciones 0.044%] (Knuth: ~24 días) | máximo colocado 53 de 64 | hilos 8 de 12
    ... 190.5 s | grupo 1/6 | 195183768 nodos | revisado 7.90e-03%, faltan ~27 días [menos opciones 7.90e-03%, menos opciones + pieza menos restrictiva 3.00e-04%, reinicios, menos opciones 0.044%] (Knuth: ~24 días) | máximo colocado 53 de 64 | hilos 8 de 12
    ... 192.5 s | grupo 1/6 | 197270424 nodos | revisado 7.91e-03%, faltan ~28 días [menos opciones 7.91e-03%, menos opciones + pieza menos restrictiva 3.05e-04%, reinicios, menos opciones 0.044%] (Knuth: ~24 días) | máximo colocado 53 de 64 | hilos 8 de 12
    ... 194.5 s | grupo 1/6 | 199324724 nodos | revisado 7.95e-03%, faltan ~28 días [menos opciones 7.95e-03%, menos opciones + pieza menos restrictiva 3.08e-04%, reinicios, menos opciones 0.044%] (Knuth: ~24 días) | máximo colocado 53 de 64 | hilos 8 de 12
    ... 196.5 s | grupo 1/6 | 201387495 nodos | revisado 7.97e-03%, faltan ~28 días [menos opciones 7.97e-03%, menos opciones + pieza menos restrictiva 3.11e-04%, reinicios, menos opciones 0.044%] (Knuth: ~24 días) | máximo colocado 53 de 64 | hilos 8 de 12
    ... 198.5 s | grupo 1/6 | 203467022 nodos | revisado 8.03e-03%, faltan ~28 días [menos opciones 8.03e-03%, menos opciones + pieza menos restrictiva 3.15e-04%, reinicios, menos opciones 0.044%] (Knuth: ~24 días) | máximo colocado 53 de 64 | hilos 8 de 12
    ... 200.5 s | grupo 1/6 | 205559112 nodos | revisado 8.46e-03%, faltan ~27 días [menos opciones 8.46e-03%, menos opciones + pieza menos restrictiva 3.22e-04%, reinicios, menos opciones 0.045%] (Knuth: ~24 días) | máximo colocado 53 de 64 | hilos 8 de 12
    ... 202.5 s | grupo 1/6 | 207639227 nodos | revisado 8.60e-03%, faltan ~27 días [menos opciones 8.60e-03%, menos opciones + pieza menos restrictiva 3.27e-04%, reinicios, menos opciones 0.045%] (Knuth: ~24 días) | máximo colocado 53 de 64 | hilos 8 de 12
    ... 204.5 s | grupo 1/6 | 209738220 nodos | revisado 8.74e-03%, faltan ~27 días [menos opciones 8.74e-03%, menos opciones + pieza menos restrictiva 3.30e-04%, reinicios, menos opciones 0.046%] (Knuth: ~24 días) | máximo colocado 53 de 64 | hilos 8 de 12
    ... 206.5 s | grupo 1/6 | 211821267 nodos | revisado 8.82e-03%, faltan ~27 días [menos opciones 8.82e-03%, menos opciones + pieza menos restrictiva 3.35e-04%, reinicios, menos opciones 0.046%] (Knuth: ~24 días) | máximo colocado 53 de 64 | hilos 8 de 12
    ... 208.5 s | grupo 1/6 | 213897456 nodos | revisado 8.85e-03%, faltan ~27 días [menos opciones 8.85e-03%, menos opciones + pieza menos restrictiva 3.36e-04%, reinicios, menos opciones 0.046%] (Knuth: ~24 días) | máximo colocado 53 de 64 | hilos 8 de 12
    ... 210.5 s | grupo 1/6 | 215991789 nodos | revisado 8.89e-03%, faltan ~27 días [menos opciones 8.89e-03%, menos opciones + pieza menos restrictiva 3.41e-04%, reinicios, menos opciones 0.047%] (Knuth: ~24 días) | máximo colocado 53 de 64 | hilos 8 de 12
    ... 212.6 s | grupo 1/6 | 218062564 nodos | revisado 8.96e-03%, faltan ~27 días [menos opciones 8.96e-03%, menos opciones + pieza menos restrictiva 3.44e-04%, reinicios, menos opciones 0.048%] (Knuth: ~24 días) | máximo colocado 53 de 64 | hilos 8 de 12
    ... 214.6 s | grupo 1/6 | 220068003 nodos | revisado 9.00e-03%, faltan ~27 días [menos opciones 9.00e-03%, menos opciones + pieza menos restrictiva 3.50e-04%, reinicios, menos opciones 0.048%] (Knuth: ~24 días) | máximo colocado 53 de 64 | hilos 8 de 12
    ... 216.6 s | grupo 1/6 | 222106834 nodos | revisado 9.14e-03%, faltan ~27 días [menos opciones 9.14e-03%, menos opciones + pieza menos restrictiva 3.53e-04%, reinicios, menos opciones 0.051%] (Knuth: ~24 días) | máximo colocado 53 de 64 | hilos 8 de 12
    ... 218.6 s | grupo 1/6 | 224181727 nodos | revisado 9.41e-03%, faltan ~26 días [menos opciones 9.41e-03%, menos opciones + pieza menos restrictiva 3.56e-04%, reinicios, menos opciones 0.056%] (Knuth: ~24 días) | máximo colocado 53 de 64 | hilos 8 de 12
    ... 220.6 s | grupo 1/6 | 226244715 nodos | revisado 9.49e-03%, faltan ~26 días [menos opciones 9.49e-03%, menos opciones + pieza menos restrictiva 3.57e-04%, reinicios, menos opciones 0.057%] (Knuth: ~24 días) | máximo colocado 53 de 64 | hilos 8 de 12
    ... 222.6 s | grupo 1/6 | 228323878 nodos | revisado 9.60e-03%, faltan ~26 días [menos opciones 9.60e-03%, menos opciones + pieza menos restrictiva 3.61e-04%, reinicios, menos opciones 0.057%] (Knuth: ~24 días) | máximo colocado 53 de 64 | hilos 8 de 12
    ... 224.6 s | grupo 1/6 | 230387685 nodos | revisado 9.76e-03%, faltan ~26 días [menos opciones 9.76e-03%, menos opciones + pieza menos restrictiva 3.64e-04%, reinicios, menos opciones 0.058%] (Knuth: ~24 días) | máximo colocado 53 de 64 | hilos 8 de 12
    ... 226.6 s | grupo 1/6 | 232453962 nodos | revisado 9.86e-03%, faltan ~26 días [menos opciones 9.86e-03%, menos opciones + pieza menos restrictiva 3.68e-04%, reinicios, menos opciones 0.058%] (Knuth: ~24 días) | máximo colocado 53 de 64 | hilos 8 de 12
    ... 228.6 s | grupo 1/6 | 234525239 nodos | revisado 9.96e-03%, faltan ~26 días [menos opciones 9.96e-03%, menos opciones + pieza menos restrictiva 3.76e-04%, reinicios, menos opciones 0.058%] (Knuth: ~24 días) | máximo colocado 53 de 64 | hilos 8 de 12
    ... 230.6 s | grupo 1/6 | 236581159 nodos | revisado 0.010%, faltan ~26 días [menos opciones 0.010%, menos opciones + pieza menos restrictiva 3.82e-04%, reinicios, menos opciones 0.059%] (Knuth: ~24 días) | máximo colocado 53 de 64 | hilos 8 de 12
    ... 232.6 s | grupo 1/6 | 238657717 nodos | revisado 0.010%, faltan ~26 días [menos opciones 0.010%, menos opciones + pieza menos restrictiva 3.84e-04%, reinicios, menos opciones 0.059%] (Knuth: ~24 días) | máximo colocado 53 de 64 | hilos 8 de 12
    ... 234.6 s | grupo 1/6 | 240733314 nodos | revisado 0.010%, faltan ~26 días [menos opciones 0.010%, menos opciones + pieza menos restrictiva 3.87e-04%, reinicios, menos opciones 0.060%] (Knuth: ~24 días) | máximo colocado 53 de 64 | hilos 8 de 12
    ... 236.6 s | grupo 1/6 | 242780679 nodos | revisado 0.010%, faltan ~26 días [menos opciones 0.010%, menos opciones + pieza menos restrictiva 3.90e-04%, reinicios, menos opciones 0.060%] (Knuth: ~24 días) | máximo colocado 53 de 64 | hilos 8 de 12
    ... 238.6 s | grupo 1/6 | 244836114 nodos | revisado 0.011%, faltan ~26 días [menos opciones 0.011%, menos opciones + pieza menos restrictiva 3.93e-04%, reinicios, menos opciones 0.060%] (Knuth: ~24 días) | máximo colocado 53 de 64 | hilos 8 de 12
    ... 240.6 s | grupo 1/6 | 246887119 nodos | revisado 0.011%, faltan ~26 días [menos opciones 0.011%, menos opciones + pieza menos restrictiva 4.02e-04%, reinicios, menos opciones 0.060%] (Knuth: ~24 días) | máximo colocado 53 de 64 | hilos 8 de 12
    ... 242.7 s | grupo 1/6 | 248922691 nodos | revisado 0.011%, faltan ~26 días [menos opciones 0.011%, menos opciones + pieza menos restrictiva 4.04e-04%, reinicios, menos opciones 0.061%] (Knuth: ~24 días) | máximo colocado 53 de 64 | hilos 8 de 12
    ... 244.7 s | grupo 1/6 | 250993092 nodos | revisado 0.011%, faltan ~26 días [menos opciones 0.011%, menos opciones + pieza menos restrictiva 4.11e-04%, reinicios, menos opciones 0.062%] (Knuth: ~24 días) | máximo colocado 53 de 64 | hilos 8 de 12
    ... 246.7 s | grupo 1/6 | 253061965 nodos | revisado 0.011%, faltan ~26 días [menos opciones 0.011%, menos opciones + pieza menos restrictiva 4.18e-04%, reinicios, menos opciones 0.063%] (Knuth: ~24 días) | máximo colocado 53 de 64 | hilos 8 de 12
    ... 248.7 s | grupo 1/6 | 255136955 nodos | revisado 0.011%, faltan ~26 días [menos opciones 0.011%, menos opciones + pieza menos restrictiva 4.29e-04%, reinicios, menos opciones 0.065%] (Knuth: ~24 días) | máximo colocado 54 de 64 | hilos 8 de 12
    ... 250.7 s | grupo 1/6 | 257199884 nodos | revisado 0.011%, faltan ~26 días [menos opciones 0.011%, menos opciones + pieza menos restrictiva 4.35e-04%, reinicios, menos opciones 0.073%] (Knuth: ~24 días) | máximo colocado 54 de 64 | hilos 8 de 12
    ... 252.7 s | grupo 1/6 | 259301454 nodos | revisado 0.011%, faltan ~26 días [menos opciones 0.011%, menos opciones + pieza menos restrictiva 4.42e-04%, reinicios, menos opciones 0.073%] (Knuth: ~24 días) | máximo colocado 54 de 64 | hilos 8 de 12
    ... 254.7 s | grupo 1/6 | 261335776 nodos | revisado 0.011%, faltan ~27 días [menos opciones 0.011%, menos opciones + pieza menos restrictiva 4.48e-04%, reinicios, menos opciones 0.074%] (Knuth: ~24 días) | máximo colocado 54 de 64 | hilos 8 de 12
    ... 256.7 s | grupo 1/6 | 263405183 nodos | revisado 0.011%, faltan ~27 días [menos opciones 0.011%, menos opciones + pieza menos restrictiva 4.59e-04%, reinicios, menos opciones 0.074%] (Knuth: ~24 días) | máximo colocado 54 de 64 | hilos 8 de 12
    ... 258.7 s | grupo 1/6 | 265475580 nodos | revisado 0.011%, faltan ~27 días [menos opciones 0.011%, menos opciones + pieza menos restrictiva 4.63e-04%, reinicios, menos opciones 0.075%] (Knuth: ~24 días) | máximo colocado 54 de 64 | hilos 8 de 12
    ... 260.7 s | grupo 1/6 | 267552837 nodos | revisado 0.011%, faltan ~27 días [menos opciones 0.011%, menos opciones + pieza menos restrictiva 4.72e-04%, reinicios, menos opciones 0.075%] (Knuth: ~24 días) | máximo colocado 54 de 64 | hilos 8 de 12
    ... 262.7 s | grupo 1/6 | 269635716 nodos | revisado 0.011%, faltan ~27 días [menos opciones 0.011%, menos opciones + pieza menos restrictiva 4.77e-04%, reinicios, menos opciones 0.076%] (Knuth: ~24 días) | máximo colocado 54 de 64 | hilos 8 de 12
    ... 264.7 s | grupo 1/6 | 271648907 nodos | revisado 0.011%, faltan ~27 días [menos opciones 0.011%, menos opciones + pieza menos restrictiva 4.79e-04%, reinicios, menos opciones 0.076%] (Knuth: ~24 días) | máximo colocado 54 de 64 | hilos 8 de 12
    ... 266.7 s | grupo 1/6 | 273692902 nodos | revisado 0.011%, faltan ~27 días [menos opciones 0.011%, menos opciones + pieza menos restrictiva 4.80e-04%, reinicios, menos opciones 0.076%] (Knuth: ~24 días) | máximo colocado 54 de 64 | hilos 8 de 12
    ... 268.7 s | grupo 1/6 | 275752996 nodos | revisado 0.011%, faltan ~27 días [menos opciones 0.011%, menos opciones + pieza menos restrictiva 4.82e-04%, reinicios, menos opciones 0.077%] (Knuth: ~24 días) | máximo colocado 54 de 64 | hilos 8 de 12
    ... 270.8 s | grupo 1/6 | 277821852 nodos | revisado 0.011%, faltan ~27 días [menos opciones 0.011%, menos opciones + pieza menos restrictiva 4.83e-04%, reinicios, menos opciones 0.077%] (Knuth: ~24 días) | máximo colocado 54 de 64 | hilos 8 de 12
    ... 272.8 s | grupo 1/6 | 279895843 nodos | revisado 0.011%, faltan ~27 días [menos opciones 0.011%, menos opciones + pieza menos restrictiva 4.87e-04%, reinicios, menos opciones 0.078%] (Knuth: ~24 días) | máximo colocado 54 de 64 | hilos 8 de 12
    ... 274.8 s | grupo 1/6 | 281987909 nodos | revisado 0.011%, faltan ~27 días [menos opciones 0.011%, menos opciones + pieza menos restrictiva 4.90e-04%, reinicios, menos opciones 0.078%] (Knuth: ~24 días) | máximo colocado 54 de 64 | hilos 8 de 12
    ... 276.8 s | grupo 1/6 | 284052420 nodos | revisado 0.011%, faltan ~28 días [menos opciones 0.011%, menos opciones + pieza menos restrictiva 4.91e-04%, reinicios, menos opciones 0.078%] (Knuth: ~24 días) | máximo colocado 54 de 64 | hilos 8 de 12
    ... 278.8 s | grupo 1/6 | 286123799 nodos | revisado 0.011%, faltan ~28 días [menos opciones 0.011%, menos opciones + pieza menos restrictiva 4.95e-04%, reinicios, menos opciones 0.078%] (Knuth: ~24 días) | máximo colocado 56 de 64 | hilos 8 de 12
    ... 280.8 s | grupo 1/6 | 288179710 nodos | revisado 0.011%, faltan ~28 días [menos opciones 0.011%, menos opciones + pieza menos restrictiva 4.97e-04%, reinicios, menos opciones 0.079%] (Knuth: ~24 días) | máximo colocado 56 de 64 | hilos 8 de 12
    ... 282.8 s | grupo 1/6 | 290259028 nodos | revisado 0.011%, faltan ~28 días [menos opciones 0.011%, menos opciones + pieza menos restrictiva 5.01e-04%, reinicios, menos opciones 0.079%] (Knuth: ~24 días) | máximo colocado 56 de 64 | hilos 8 de 12
    ... 284.8 s | grupo 1/6 | 292339038 nodos | revisado 0.011%, faltan ~28 días [menos opciones 0.011%, menos opciones + pieza menos restrictiva 5.04e-04%, reinicios, menos opciones 0.079%] (Knuth: ~24 días) | máximo colocado 56 de 64 | hilos 8 de 12
    ... 286.9 s | grupo 1/6 | 294405407 nodos | revisado 0.011%, faltan ~29 días [menos opciones 0.011%, menos opciones + pieza menos restrictiva 5.12e-04%, reinicios, menos opciones 0.080%] (Knuth: ~24 días) | máximo colocado 56 de 64 | hilos 8 de 12
    ... 288.9 s | grupo 1/6 | 296479131 nodos | revisado 0.011%, faltan ~29 días [menos opciones 0.011%, menos opciones + pieza menos restrictiva 5.17e-04%, reinicios, menos opciones 0.081%] (Knuth: ~24 días) | máximo colocado 56 de 64 | hilos 8 de 12
    ... 290.9 s | grupo 1/6 | 298550971 nodos | revisado 0.011%, faltan ~29 días [menos opciones 0.011%, menos opciones + pieza menos restrictiva 5.20e-04%, reinicios, menos opciones 0.082%] (Knuth: ~24 días) | máximo colocado 56 de 64 | hilos 8 de 12
    ... 292.9 s | grupo 1/6 | 300636271 nodos | revisado 0.012%, faltan ~29 días [menos opciones 0.012%, menos opciones + pieza menos restrictiva 5.24e-04%, reinicios, menos opciones 0.084%] (Knuth: ~24 días) | máximo colocado 56 de 64 | hilos 8 de 12
    ... 294.9 s | grupo 1/6 | 302726056 nodos | revisado 0.012%, faltan ~29 días [menos opciones 0.012%, menos opciones + pieza menos restrictiva 5.27e-04%, reinicios, menos opciones 0.086%] (Knuth: ~24 días) | máximo colocado 56 de 64 | hilos 8 de 12
    ... 296.9 s | grupo 1/6 | 304785596 nodos | revisado 0.012%, faltan ~29 días [menos opciones 0.012%, menos opciones + pieza menos restrictiva 5.29e-04%, reinicios, menos opciones 0.087%] (Knuth: ~24 días) | máximo colocado 56 de 64 | hilos 8 de 12
    ... 298.9 s | grupo 1/6 | 306846137 nodos | revisado 0.012%, faltan ~30 días [menos opciones 0.012%, menos opciones + pieza menos restrictiva 5.31e-04%, reinicios, menos opciones 0.089%] (Knuth: ~24 días) | máximo colocado 56 de 64 | hilos 8 de 12
[4] Grupo 1: cortado por límite de tiempo
[5] Tiempo total: 5 min
RESULTADO resuelto=0 ms=300027.6 marcos=0 nodos=307970048 grupos=1/6 hilos=12 t_marcos=0.000 t_interior=296.267 lados=0 unificado=1 max_colocadas=56 motivo=limite
