[0] Tablero 8x8, 10 colores, 12 hilos
[1] Esquina fija (1,1). 6 grupos, orden por coste: 5.2e+24 5.2e+24 5.2e+24 5.2e+24 5.2e+24 5.2e+24
    grupo 1, orden menos opciones: estimado 1.44e+12 nodos
    grupo 1, orden interior primero: estimado 3.33e+10 nodos
    grupo 2, orden menos opciones: estimado 1.61e+12 nodos
    grupo 2, orden interior primero: estimado 2.78e+10 nodos
    grupo 3, orden menos opciones: estimado 1.1e+12 nodos
    grupo 3, orden interior primero: estimado 3.35e+10 nodos
    grupo 4, orden menos opciones: estimado 2.02e+12 nodos
    grupo 4, orden interior primero: estimado 2.53e+10 nodos
    grupo 5, orden menos opciones: estimado 1.07e+12 nodos
    grupo 5, orden interior primero: estimado 4.99e+10 nodos
    grupo 6, orden menos opciones: estimado 3.8e+11 nodos
    grupo 6, orden interior primero: estimado 2.71e+10 nodos
[1] Estimado de Knuth por grupo (nodos): 3.33e+10(i) 2.78e+10(i) 3.35e+10(i) 2.53e+10(i) 4.99e+10(i) 2.71e+10(i)   (i) = interior primero
[2] Grupo 1/6: ruta unificada (mapas por lado), orden: interior primero; grupo grande: 3 estrategias a la vez (normal, pieza menos restrictiva, reinicios)
    ... 5.7 s | grupo 1/6 | 2237524 nodos | revisado 13.1%, faltan ~13 s [interior primero 13.1%, interior primero + pieza menos restrictiva 9.2%, reinicios, interior primero 5.61e-03%] (Knuth: ~8.3 h) | máximo colocado 48 de 64 | hilos 8 de 12
    ... 7.7 s | grupo 1/6 | 4481468 nodos | revisado 13.1%, faltan ~27 s [interior primero 13.1%, interior primero + pieza menos restrictiva 9.2%, reinicios, interior primero 0.011%] (Knuth: ~8.3 h) | máximo colocado 49 de 64 | hilos 8 de 12
    ... 9.7 s | grupo 1/6 | 6761130 nodos | revisado 13.1%, faltan ~40 s [interior primero 13.1%, interior primero + pieza menos restrictiva 9.2%, reinicios, interior primero 0.015%] (Knuth: ~8.2 h) | máximo colocado 50 de 64 | hilos 8 de 12
    ... 11.7 s | grupo 1/6 | 9024639 nodos | revisado 13.1%, faltan ~53 s [interior primero 13.1%, interior primero + pieza menos restrictiva 9.2%, reinicios, interior primero 0.018%] (Knuth: ~8.2 h) | máximo colocado 50 de 64 | hilos 8 de 12
    ... 13.7 s | grupo 1/6 | 11267312 nodos | revisado 13.1%, faltan ~67 s [interior primero 13.1%, interior primero + pieza menos restrictiva 9.2%, reinicios, interior primero 0.022%] (Knuth: ~8.2 h) | máximo colocado 53 de 64 | hilos 8 de 12
    ... 15.7 s | grupo 1/6 | 13541888 nodos | revisado 13.1%, faltan ~80 s [interior primero 13.1%, interior primero + pieza menos restrictiva 9.2%, reinicios, interior primero 0.025%] (Knuth: ~8.2 h) | máximo colocado 53 de 64 | hilos 8 de 12
    ... 17.7 s | grupo 1/6 | 15810410 nodos | revisado 13.1%, faltan ~94 s [interior primero 13.1%, interior primero + pieza menos restrictiva 9.2%, reinicios, interior primero 0.026%] (Knuth: ~8.2 h) | máximo colocado 53 de 64 | hilos 8 de 12
    ... 19.8 s | grupo 1/6 | 18077398 nodos | revisado 13.1%, faltan ~107 s [interior primero 13.1%, interior primero + pieza menos restrictiva 9.2%, reinicios, interior primero 0.027%] (Knuth: ~8.2 h) | máximo colocado 53 de 64 | hilos 8 de 12
    ... 21.8 s | grupo 1/6 | 20324172 nodos | revisado 13.1%, faltan ~2 min [interior primero 13.1%, interior primero + pieza menos restrictiva 9.2%, reinicios, interior primero 0.040%] (Knuth: ~8.2 h) | máximo colocado 53 de 64 | hilos 8 de 12
    ... 23.8 s | grupo 1/6 | 22566186 nodos | revisado 13.1%, faltan ~2 min [interior primero 13.1%, interior primero + pieza menos restrictiva 9.2%, reinicios, interior primero 0.044%] (Knuth: ~8.2 h) | máximo colocado 53 de 64 | hilos 8 de 12
    ... 25.8 s | grupo 1/6 | 24796278 nodos | revisado 13.1%, faltan ~2 min [interior primero 13.1%, interior primero + pieza menos restrictiva 9.2%, reinicios, interior primero 0.048%] (Knuth: ~8.2 h) | máximo colocado 53 de 64 | hilos 8 de 12
    ... 27.8 s | grupo 1/6 | 27061400 nodos | revisado 13.1%, faltan ~3 min [interior primero 13.1%, interior primero + pieza menos restrictiva 9.2%, reinicios, interior primero 0.053%] (Knuth: ~8.2 h) | máximo colocado 53 de 64 | hilos 8 de 12
    ... 29.8 s | grupo 1/6 | 29335869 nodos | revisado 13.1%, faltan ~3 min [interior primero 13.1%, interior primero + pieza menos restrictiva 9.2%, reinicios, interior primero 0.055%] (Knuth: ~8.2 h) | máximo colocado 53 de 64 | hilos 8 de 12
    ... 31.8 s | grupo 1/6 | 31546623 nodos | revisado 13.1%, faltan ~3 min [interior primero 13.1%, interior primero + pieza menos restrictiva 9.2%, reinicios, interior primero 0.057%] (Knuth: ~8.2 h) | máximo colocado 53 de 64 | hilos 8 de 12
    ... 33.8 s | grupo 1/6 | 33794322 nodos | revisado 13.1%, faltan ~3 min [interior primero 13.1%, interior primero + pieza menos restrictiva 9.2%, reinicios, interior primero 0.060%] (Knuth: ~8.2 h) | máximo colocado 53 de 64 | hilos 8 de 12
    ... 35.8 s | grupo 1/6 | 36032270 nodos | revisado 13.1%, faltan ~4 min [interior primero 13.1%, interior primero + pieza menos restrictiva 9.2%, reinicios, interior primero 0.062%] (Knuth: ~8.2 h) | máximo colocado 53 de 64 | hilos 8 de 12
    ... 37.8 s | grupo 1/6 | 38295505 nodos | revisado 13.1%, faltan ~4 min [interior primero 13.1%, interior primero + pieza menos restrictiva 9.2%, reinicios, interior primero 0.064%] (Knuth: ~8.2 h) | máximo colocado 53 de 64 | hilos 8 de 12
    ... 39.8 s | grupo 1/6 | 40534758 nodos | revisado 13.1%, faltan ~4 min [interior primero 13.1%, interior primero + pieza menos restrictiva 9.2%, reinicios, interior primero 0.067%] (Knuth: ~8.2 h) | máximo colocado 53 de 64 | hilos 8 de 12
    ... 41.8 s | grupo 1/6 | 42759401 nodos | revisado 13.1%, faltan ~4 min [interior primero 13.1%, interior primero + pieza menos restrictiva 9.2%, reinicios, interior primero 0.071%] (Knuth: ~8.2 h) | máximo colocado 53 de 64 | hilos 8 de 12
    ... 43.9 s | grupo 1/6 | 44959993 nodos | revisado 13.1%, faltan ~4 min [interior primero 13.1%, interior primero + pieza menos restrictiva 9.2%, reinicios, interior primero 0.072%] (Knuth: ~8.3 h) | máximo colocado 53 de 64 | hilos 8 de 12
    ... 45.9 s | grupo 1/6 | 47184070 nodos | revisado 13.1%, faltan ~5 min [interior primero 13.1%, interior primero + pieza menos restrictiva 9.2%, reinicios, interior primero 0.088%] (Knuth: ~8.3 h) | máximo colocado 53 de 64 | hilos 8 de 12
    ... 47.9 s | grupo 1/6 | 49407010 nodos | revisado 13.1%, faltan ~5 min [interior primero 13.1%, interior primero + pieza menos restrictiva 9.2%, reinicios, interior primero 0.091%] (Knuth: ~8.3 h) | máximo colocado 53 de 64 | hilos 8 de 12
    ... 49.9 s | grupo 1/6 | 51627543 nodos | revisado 13.1%, faltan ~5 min [interior primero 13.1%, interior primero + pieza menos restrictiva 9.2%, reinicios, interior primero 0.094%] (Knuth: ~8.3 h) | máximo colocado 53 de 64 | hilos 8 de 12
    ... 51.9 s | grupo 1/6 | 53869318 nodos | revisado 13.1%, faltan ~5 min [interior primero 13.1%, interior primero + pieza menos restrictiva 9.2%, reinicios, interior primero 0.096%] (Knuth: ~8.3 h) | máximo colocado 53 de 64 | hilos 8 de 12
    ... 53.9 s | grupo 1/6 | 56061768 nodos | revisado 13.1%, faltan ~6 min [interior primero 13.1%, interior primero + pieza menos restrictiva 9.2%, reinicios, interior primero 0.101%] (Knuth: ~8.3 h) | máximo colocado 53 de 64 | hilos 8 de 12
    ... 55.9 s | grupo 1/6 | 58291058 nodos | revisado 13.1%, faltan ~6 min [interior primero 13.1%, interior primero + pieza menos restrictiva 9.2%, reinicios, interior primero 0.106%] (Knuth: ~8.3 h) | máximo colocado 53 de 64 | hilos 8 de 12
    ... 57.9 s | grupo 1/6 | 60562257 nodos | revisado 13.1%, faltan ~6 min [interior primero 13.1%, interior primero + pieza menos restrictiva 9.2%, reinicios, interior primero 0.116%] (Knuth: ~8.3 h) | máximo colocado 53 de 64 | hilos 8 de 12
    ... 59.9 s | grupo 1/6 | 62824606 nodos | revisado 13.1%, faltan ~6 min [interior primero 13.1%, interior primero + pieza menos restrictiva 9.2%, reinicios, interior primero 0.117%] (Knuth: ~8.3 h) | máximo colocado 53 de 64 | hilos 8 de 12
    ... 61.9 s | grupo 1/6 | 65084333 nodos | revisado 13.1%, faltan ~6 min [interior primero 13.1%, interior primero + pieza menos restrictiva 9.2%, reinicios, interior primero 0.122%] (Knuth: ~8.3 h) | máximo colocado 53 de 64 | hilos 8 de 12
    ... 63.9 s | grupo 1/6 | 67363044 nodos | revisado 13.1%, faltan ~7 min [interior primero 13.1%, interior primero + pieza menos restrictiva 9.2%, reinicios, interior primero 0.126%] (Knuth: ~8.2 h) | máximo colocado 53 de 64 | hilos 8 de 12
    ... 65.9 s | grupo 1/6 | 69613973 nodos | revisado 13.1%, faltan ~7 min [interior primero 13.1%, interior primero + pieza menos restrictiva 9.2%, reinicios, interior primero 0.137%] (Knuth: ~8.2 h) | máximo colocado 53 de 64 | hilos 8 de 12
    ... 67.9 s | grupo 1/6 | 71841548 nodos | revisado 13.1%, faltan ~7 min [interior primero 13.1%, interior primero + pieza menos restrictiva 9.2%, reinicios, interior primero 0.144%] (Knuth: ~8.2 h) | máximo colocado 53 de 64 | hilos 8 de 12
    ... 69.9 s | grupo 1/6 | 74118723 nodos | revisado 13.1%, faltan ~7 min [interior primero 13.1%, interior primero + pieza menos restrictiva 9.2%, reinicios, interior primero 0.149%] (Knuth: ~8.2 h) | máximo colocado 53 de 64 | hilos 8 de 12
    ... 71.9 s | grupo 1/6 | 76365753 nodos | revisado 13.1%, faltan ~8 min [interior primero 13.1%, interior primero + pieza menos restrictiva 9.2%, reinicios, interior primero 0.153%] (Knuth: ~8.2 h) | máximo colocado 53 de 64 | hilos 8 de 12
    ... 74.0 s | grupo 1/6 | 78658944 nodos | revisado 13.1%, faltan ~8 min [interior primero 13.1%, interior primero + pieza menos restrictiva 9.2%, reinicios, interior primero 0.155%] (Knuth: ~8.2 h) | máximo colocado 53 de 64 | hilos 8 de 12
    ... 76.0 s | grupo 1/6 | 80955254 nodos | revisado 13.1%, faltan ~8 min [interior primero 13.1%, interior primero + pieza menos restrictiva 9.2%, reinicios, interior primero 0.158%] (Knuth: ~8.2 h) | máximo colocado 53 de 64 | hilos 8 de 12
    ... 78.0 s | grupo 1/6 | 83214792 nodos | revisado 13.1%, faltan ~8 min [interior primero 13.1%, interior primero + pieza menos restrictiva 9.2%, reinicios, interior primero 0.160%] (Knuth: ~8.2 h) | máximo colocado 53 de 64 | hilos 8 de 12
    ... 80.0 s | grupo 1/6 | 85507032 nodos | revisado 13.1%, faltan ~8 min [interior primero 13.1%, interior primero + pieza menos restrictiva 9.2%, reinicios, interior primero 0.162%] (Knuth: ~8.2 h) | máximo colocado 53 de 64 | hilos 8 de 12
    ... 82.0 s | grupo 1/6 | 87770536 nodos | revisado 13.1%, faltan ~9 min [interior primero 13.1%, interior primero + pieza menos restrictiva 9.2%, reinicios, interior primero 0.163%] (Knuth: ~8.2 h) | máximo colocado 53 de 64 | hilos 8 de 12
    ... 84.0 s | grupo 1/6 | 90032054 nodos | revisado 13.1%, faltan ~9 min [interior primero 13.1%, interior primero + pieza menos restrictiva 9.2%, reinicios, interior primero 0.163%] (Knuth: ~8.2 h) | máximo colocado 53 de 64 | hilos 8 de 12
    ... 86.0 s | grupo 1/6 | 92252800 nodos | revisado 13.1%, faltan ~9 min [interior primero 13.1%, interior primero + pieza menos restrictiva 9.2%, reinicios, interior primero 0.166%] (Knuth: ~8.2 h) | máximo colocado 53 de 64 | hilos 8 de 12
    ... 88.0 s | grupo 1/6 | 94517221 nodos | revisado 13.1%, faltan ~9 min [interior primero 13.1%, interior primero + pieza menos restrictiva 9.2%, reinicios, interior primero 0.171%] (Knuth: ~8.2 h) | máximo colocado 53 de 64 | hilos 8 de 12
    ... 90.0 s | grupo 1/6 | 96760777 nodos | revisado 13.1%, faltan ~10 min [interior primero 13.1%, interior primero + pieza menos restrictiva 9.2%, reinicios, interior primero 0.176%] (Knuth: ~8.2 h) | máximo colocado 53 de 64 | hilos 8 de 12
    ... 92.0 s | grupo 1/6 | 99008316 nodos | revisado 13.1%, faltan ~10 min [interior primero 13.1%, interior primero + pieza menos restrictiva 9.2%, reinicios, interior primero 0.178%] (Knuth: ~8.2 h) | máximo colocado 53 de 64 | hilos 8 de 12
    ... 94.0 s | grupo 1/6 | 101268889 nodos | revisado 13.1%, faltan ~10 min [interior primero 13.1%, interior primero + pieza menos restrictiva 9.2%, reinicios, interior primero 0.182%] (Knuth: ~8.2 h) | máximo colocado 53 de 64 | hilos 8 de 12
    ... 96.0 s | grupo 1/6 | 103522499 nodos | revisado 13.1%, faltan ~10 min [interior primero 13.1%, interior primero + pieza menos restrictiva 9.2%, reinicios, interior primero 0.183%] (Knuth: ~8.2 h) | máximo colocado 53 de 64 | hilos 8 de 12
    ... 98.0 s | grupo 1/6 | 105775166 nodos | revisado 13.1%, faltan ~10 min [interior primero 13.1%, interior primero + pieza menos restrictiva 9.2%, reinicios, interior primero 0.184%] (Knuth: ~8.2 h) | máximo colocado 53 de 64 | hilos 8 de 12
    ... 100.0 s | grupo 1/6 | 108044354 nodos | revisado 13.1%, faltan ~11 min [interior primero 13.1%, interior primero + pieza menos restrictiva 9.2%, reinicios, interior primero 0.186%] (Knuth: ~8.2 h) | máximo colocado 53 de 64 | hilos 8 de 12
    ... 102.0 s | grupo 1/6 | 110309774 nodos | revisado 13.1%, faltan ~11 min [interior primero 13.1%, interior primero + pieza menos restrictiva 9.2%, reinicios, interior primero 0.189%] (Knuth: ~8.2 h) | máximo colocado 53 de 64 | hilos 8 de 12
    ... 104.0 s | grupo 1/6 | 112551655 nodos | revisado 13.1%, faltan ~11 min [interior primero 13.1%, interior primero + pieza menos restrictiva 9.2%, reinicios, interior primero 0.193%] (Knuth: ~8.2 h) | máximo colocado 53 de 64 | hilos 8 de 12
    ... 106.0 s | grupo 1/6 | 114827144 nodos | revisado 13.1%, faltan ~11 min [interior primero 13.1%, interior primero + pieza menos restrictiva 9.2%, reinicios, interior primero 0.197%] (Knuth: ~8.2 h) | máximo colocado 53 de 64 | hilos 8 de 12
    ... 108.1 s | grupo 1/6 | 117089230 nodos | revisado 13.1%, faltan ~12 min [interior primero 13.1%, interior primero + pieza menos restrictiva 9.2%, reinicios, interior primero 0.200%] (Knuth: ~8.2 h) | máximo colocado 53 de 64 | hilos 8 de 12
    ... 110.1 s | grupo 1/6 | 119361437 nodos | revisado 13.1%, faltan ~12 min [interior primero 13.1%, interior primero + pieza menos restrictiva 9.2%, reinicios, interior primero 0.202%] (Knuth: ~8.2 h) | máximo colocado 53 de 64 | hilos 8 de 12
    ... 112.1 s | grupo 1/6 | 121625154 nodos | revisado 13.1%, faltan ~12 min [interior primero 13.1%, interior primero + pieza menos restrictiva 9.2%, reinicios, interior primero 0.204%] (Knuth: ~8.2 h) | máximo colocado 53 de 64 | hilos 8 de 12
    ... 114.1 s | grupo 1/6 | 123881277 nodos | revisado 13.1%, faltan ~12 min [interior primero 13.1%, interior primero + pieza menos restrictiva 9.2%, reinicios, interior primero 0.206%] (Knuth: ~8.2 h) | máximo colocado 53 de 64 | hilos 8 de 12
    ... 116.1 s | grupo 1/6 | 126121405 nodos | revisado 13.1%, faltan ~12 min [interior primero 13.1%, interior primero + pieza menos restrictiva 9.2%, reinicios, interior primero 0.207%] (Knuth: ~8.2 h) | máximo colocado 53 de 64 | hilos 8 de 12
    ... 118.1 s | grupo 1/6 | 128365543 nodos | revisado 13.1%, faltan ~13 min [interior primero 13.1%, interior primero + pieza menos restrictiva 9.2%, reinicios, interior primero 0.211%] (Knuth: ~8.2 h) | máximo colocado 53 de 64 | hilos 8 de 12
    ... 120.1 s | grupo 1/6 | 130634929 nodos | revisado 13.1%, faltan ~13 min [interior primero 13.1%, interior primero + pieza menos restrictiva 9.2%, reinicios, interior primero 0.212%] (Knuth: ~8.2 h) | máximo colocado 53 de 64 | hilos 8 de 12
    ... 122.1 s | grupo 1/6 | 132911029 nodos | revisado 13.1%, faltan ~13 min [interior primero 13.1%, interior primero + pieza menos restrictiva 9.2%, reinicios, interior primero 0.215%] (Knuth: ~8.2 h) | máximo colocado 53 de 64 | hilos 8 de 12
    ... 124.1 s | grupo 1/6 | 135144357 nodos | revisado 13.1%, faltan ~13 min [interior primero 13.1%, interior primero + pieza menos restrictiva 9.2%, reinicios, interior primero 0.220%] (Knuth: ~8.2 h) | máximo colocado 53 de 64 | hilos 8 de 12
    ... 126.2 s | grupo 1/6 | 137410053 nodos | revisado 13.1%, faltan ~14 min [interior primero 13.1%, interior primero + pieza menos restrictiva 9.2%, reinicios, interior primero 0.224%] (Knuth: ~8.2 h) | máximo colocado 53 de 64 | hilos 8 de 12
    ... 128.2 s | grupo 1/6 | 139654602 nodos | revisado 13.1%, faltan ~14 min [interior primero 13.1%, interior primero + pieza menos restrictiva 9.2%, reinicios, interior primero 0.239%] (Knuth: ~8.2 h) | máximo colocado 53 de 64 | hilos 8 de 12
    ... 130.2 s | grupo 1/6 | 141952042 nodos | revisado 13.1%, faltan ~14 min [interior primero 13.1%, interior primero + pieza menos restrictiva 9.2%, reinicios, interior primero 0.243%] (Knuth: ~8.2 h) | máximo colocado 53 de 64 | hilos 8 de 12
    ... 132.2 s | grupo 1/6 | 144195502 nodos | revisado 13.1%, faltan ~14 min [interior primero 13.1%, interior primero + pieza menos restrictiva 9.2%, reinicios, interior primero 0.251%] (Knuth: ~8.2 h) | máximo colocado 53 de 64 | hilos 8 de 12
    ... 134.2 s | grupo 1/6 | 146463728 nodos | revisado 13.1%, faltan ~14 min [interior primero 13.1%, interior primero + pieza menos restrictiva 9.2%, reinicios, interior primero 0.258%] (Knuth: ~8.2 h) | máximo colocado 53 de 64 | hilos 8 de 12
    ... 136.2 s | grupo 1/6 | 148733439 nodos | revisado 13.1%, faltan ~15 min [interior primero 13.1%, interior primero + pieza menos restrictiva 9.2%, reinicios, interior primero 0.260%] (Knuth: ~8.2 h) | máximo colocado 53 de 64 | hilos 8 de 12
    ... 138.2 s | grupo 1/6 | 150974713 nodos | revisado 13.1%, faltan ~15 min [interior primero 13.1%, interior primero + pieza menos restrictiva 9.2%, reinicios, interior primero 0.263%] (Knuth: ~8.2 h) | máximo colocado 53 de 64 | hilos 8 de 12
    ... 140.2 s | grupo 1/6 | 153218710 nodos | revisado 13.1%, faltan ~15 min [interior primero 13.1%, interior primero + pieza menos restrictiva 9.2%, reinicios, interior primero 0.264%] (Knuth: ~8.2 h) | máximo colocado 53 de 64 | hilos 8 de 12
    ... 142.2 s | grupo 1/6 | 155447144 nodos | revisado 13.1%, faltan ~15 min [interior primero 13.1%, interior primero + pieza menos restrictiva 9.2%, reinicios, interior primero 0.265%] (Knuth: ~8.2 h) | máximo colocado 53 de 64 | hilos 8 de 12
    ... 144.2 s | grupo 1/6 | 157677690 nodos | revisado 13.1%, faltan ~15 min [interior primero 13.1%, interior primero + pieza menos restrictiva 9.2%, reinicios, interior primero 0.268%] (Knuth: ~8.2 h) | máximo colocado 53 de 64 | hilos 8 de 12
    ... 146.2 s | grupo 1/6 | 159918781 nodos | revisado 13.1%, faltan ~16 min [interior primero 13.1%, interior primero + pieza menos restrictiva 9.2%, reinicios, interior primero 0.272%] (Knuth: ~8.2 h) | máximo colocado 53 de 64 | hilos 8 de 12
    ... 148.2 s | grupo 1/6 | 162179244 nodos | revisado 13.1%, faltan ~16 min [interior primero 13.1%, interior primero + pieza menos restrictiva 9.2%, reinicios, interior primero 0.277%] (Knuth: ~8.2 h) | máximo colocado 53 de 64 | hilos 8 de 12
    ... 150.2 s | grupo 1/6 | 164408951 nodos | revisado 13.1%, faltan ~16 min [interior primero 13.1%, interior primero + pieza menos restrictiva 9.2%, reinicios, interior primero 0.279%] (Knuth: ~8.2 h) | máximo colocado 53 de 64 | hilos 8 de 12
    portafolio: encontró la solución el equipo "reinicios, interior primero" (nodos: interior primero 62561280, interior primero + pieza menos restrictiva 42613760, reinicios, interior primero 60259676)
[4] Grupo 1: SOLUCIÓN. Verificación: OK
[5] Tiempo total: 3 min
RESULTADO resuelto=1 ms=151164.7 marcos=0 nodos=165434716 grupos=1/6 hilos=12 t_marcos=0.000 t_interior=147.504 lados=0 unificado=1 max_colocadas=64
