[0] Tablero 8x8, 10 colores, 12 hilos
[1] Esquina fija (2,1). 3 grupos, orden por coste: 4.97e+24 4.97e+24 4.97e+24
    grupo 1, orden menos opciones: estimado 5.08e+12 nodos
    grupo 1, orden interior primero: estimado 2.22e+11 nodos
    grupo 2, orden menos opciones: estimado 8.59e+12 nodos
    grupo 2, orden interior primero: estimado 1.83e+11 nodos
    grupo 3, orden menos opciones: estimado 3.28e+12 nodos
    grupo 3, orden interior primero: estimado 2.04e+11 nodos
[1] Estimado de Knuth por grupo (nodos): 2.22e+11(i) 1.83e+11(i) 2.04e+11(i)   (i) = interior primero
[2] Grupo 1/3: ruta unificada (mapas por lado), orden: interior primero; grupo grande: 3 estrategias a la vez (normal, pieza menos restrictiva, reinicios)
    ... 5.1 s | grupo 1/3 | 2137414 nodos | revisado 2.9%, faltan ~67 s [interior primero 1.5%, interior primero + pieza menos restrictiva 2.9%, reinicios, interior primero 0.019%] (Knuth: ~2 días) | máximo colocado 49 de 64 | hilos 8 de 12
    ... 7.1 s | grupo 1/3 | 4292906 nodos | revisado 2.9%, faltan ~2 min [interior primero 1.5%, interior primero + pieza menos restrictiva 2.9%, reinicios, interior primero 0.021%] (Knuth: ~2 días) | máximo colocado 49 de 64 | hilos 8 de 12
    ... 9.1 s | grupo 1/3 | 6474361 nodos | revisado 2.9%, faltan ~3 min [interior primero 1.5%, interior primero + pieza menos restrictiva 2.9%, reinicios, interior primero 0.022%] (Knuth: ~2 días) | máximo colocado 49 de 64 | hilos 8 de 12
    ... 11.1 s | grupo 1/3 | 8618411 nodos | revisado 2.9%, faltan ~4 min [interior primero 1.5%, interior primero + pieza menos restrictiva 2.9%, reinicios, interior primero 0.024%] (Knuth: ~2 días) | máximo colocado 51 de 64 | hilos 8 de 12
    ... 13.1 s | grupo 1/3 | 10754786 nodos | revisado 2.9%, faltan ~6 min [interior primero 1.5%, interior primero + pieza menos restrictiva 2.9%, reinicios, interior primero 0.749%] (Knuth: ~2 días) | máximo colocado 51 de 64 | hilos 8 de 12
    ... 15.1 s | grupo 1/3 | 12902621 nodos | revisado 2.9%, faltan ~7 min [interior primero 1.5%, interior primero + pieza menos restrictiva 2.9%, reinicios, interior primero 0.750%] (Knuth: ~2 días) | máximo colocado 51 de 64 | hilos 8 de 12
    ... 17.1 s | grupo 1/3 | 15048476 nodos | revisado 2.9%, faltan ~8 min [interior primero 1.5%, interior primero + pieza menos restrictiva 2.9%, reinicios, interior primero 0.751%] (Knuth: ~2 días) | máximo colocado 51 de 64 | hilos 8 de 12
    ... 19.2 s | grupo 1/3 | 17210734 nodos | revisado 2.9%, faltan ~9 min [interior primero 1.5%, interior primero + pieza menos restrictiva 2.9%, reinicios, interior primero 0.752%] (Knuth: ~2 días) | máximo colocado 51 de 64 | hilos 8 de 12
    ... 21.2 s | grupo 1/3 | 19373574 nodos | revisado 2.9%, faltan ~10 min [interior primero 1.5%, interior primero + pieza menos restrictiva 2.9%, reinicios, interior primero 0.753%] (Knuth: ~2 días) | máximo colocado 51 de 64 | hilos 8 de 12
    ... 23.2 s | grupo 1/3 | 21536967 nodos | revisado 2.9%, faltan ~11 min [interior primero 1.5%, interior primero + pieza menos restrictiva 2.9%, reinicios, interior primero 0.758%] (Knuth: ~2 días) | máximo colocado 51 de 64 | hilos 8 de 12
    ... 25.2 s | grupo 1/3 | 23650270 nodos | revisado 2.9%, faltan ~12 min [interior primero 1.5%, interior primero + pieza menos restrictiva 2.9%, reinicios, interior primero 0.760%] (Knuth: ~2 días) | máximo colocado 51 de 64 | hilos 8 de 12
    ... 27.2 s | grupo 1/3 | 25781844 nodos | revisado 2.9%, faltan ~13 min [interior primero 1.5%, interior primero + pieza menos restrictiva 2.9%, reinicios, interior primero 1.5%] (Knuth: ~2 días) | máximo colocado 51 de 64 | hilos 8 de 12
    ... 29.2 s | grupo 1/3 | 27969290 nodos | revisado 2.9%, faltan ~15 min [interior primero 1.5%, interior primero + pieza menos restrictiva 2.9%, reinicios, interior primero 1.5%] (Knuth: ~2 días) | máximo colocado 51 de 64 | hilos 8 de 12
    ... 31.2 s | grupo 1/3 | 30126855 nodos | revisado 2.9%, faltan ~16 min [interior primero 1.5%, interior primero + pieza menos restrictiva 2.9%, reinicios, interior primero 1.5%] (Knuth: ~2 días) | máximo colocado 51 de 64 | hilos 8 de 12
    ... 33.2 s | grupo 1/3 | 32268031 nodos | revisado 2.9%, faltan ~17 min [interior primero 1.5%, interior primero + pieza menos restrictiva 2.9%, reinicios, interior primero 1.5%] (Knuth: ~2 días) | máximo colocado 51 de 64 | hilos 8 de 12
    ... 35.2 s | grupo 1/3 | 34448560 nodos | revisado 2.9%, faltan ~18 min [interior primero 1.5%, interior primero + pieza menos restrictiva 2.9%, reinicios, interior primero 1.5%] (Knuth: ~2 días) | máximo colocado 51 de 64 | hilos 8 de 12
    ... 37.2 s | grupo 1/3 | 36593975 nodos | revisado 2.9%, faltan ~19 min [interior primero 1.5%, interior primero + pieza menos restrictiva 2.9%, reinicios, interior primero 1.5%] (Knuth: ~2 días) | máximo colocado 51 de 64 | hilos 8 de 12
    ... 39.2 s | grupo 1/3 | 38740679 nodos | revisado 2.9%, faltan ~20 min [interior primero 1.5%, interior primero + pieza menos restrictiva 2.9%, reinicios, interior primero 1.5%] (Knuth: ~2 días) | máximo colocado 51 de 64 | hilos 8 de 12
    ... 41.3 s | grupo 1/3 | 40903423 nodos | revisado 2.9%, faltan ~21 min [interior primero 1.5%, interior primero + pieza menos restrictiva 2.9%, reinicios, interior primero 1.5%] (Knuth: ~2 días) | máximo colocado 51 de 64 | hilos 8 de 12
    ... 43.3 s | grupo 1/3 | 43043795 nodos | revisado 2.9%, faltan ~22 min [interior primero 1.5%, interior primero + pieza menos restrictiva 2.9%, reinicios, interior primero 1.5%] (Knuth: ~2 días) | máximo colocado 51 de 64 | hilos 8 de 12
    ... 45.3 s | grupo 1/3 | 45160523 nodos | revisado 2.9%, faltan ~24 min [interior primero 1.5%, interior primero + pieza menos restrictiva 2.9%, reinicios, interior primero 1.5%] (Knuth: ~2 días) | máximo colocado 51 de 64 | hilos 8 de 12
    ... 47.3 s | grupo 1/3 | 47318368 nodos | revisado 2.9%, faltan ~25 min [interior primero 1.5%, interior primero + pieza menos restrictiva 2.9%, reinicios, interior primero 2.2%] (Knuth: ~2 días) | máximo colocado 51 de 64 | hilos 8 de 12
    ... 49.3 s | grupo 1/3 | 49466103 nodos | revisado 2.9%, faltan ~26 min [interior primero 1.5%, interior primero + pieza menos restrictiva 2.9%, reinicios, interior primero 2.2%] (Knuth: ~2 días) | máximo colocado 51 de 64 | hilos 8 de 12
    ... 51.3 s | grupo 1/3 | 51634739 nodos | revisado 2.9%, faltan ~27 min [interior primero 1.5%, interior primero + pieza menos restrictiva 2.9%, reinicios, interior primero 2.2%] (Knuth: ~2 días) | máximo colocado 51 de 64 | hilos 8 de 12
    ... 53.3 s | grupo 1/3 | 53809054 nodos | revisado 2.9%, faltan ~28 min [interior primero 1.5%, interior primero + pieza menos restrictiva 2.9%, reinicios, interior primero 3.0%] (Knuth: ~2 días) | máximo colocado 51 de 64 | hilos 8 de 12
    ... 55.3 s | grupo 1/3 | 55927003 nodos | revisado 2.9%, faltan ~29 min [interior primero 1.5%, interior primero + pieza menos restrictiva 2.9%, reinicios, interior primero 3.7%] (Knuth: ~2 días) | máximo colocado 51 de 64 | hilos 8 de 12
    ... 57.3 s | grupo 1/3 | 58058789 nodos | revisado 2.9%, faltan ~30 min [interior primero 1.5%, interior primero + pieza menos restrictiva 2.9%, reinicios, interior primero 3.7%] (Knuth: ~2 días) | máximo colocado 51 de 64 | hilos 8 de 12
    ... 59.3 s | grupo 1/3 | 60219224 nodos | revisado 2.9%, faltan ~31 min [interior primero 1.5%, interior primero + pieza menos restrictiva 2.9%, reinicios, interior primero 4.4%] (Knuth: ~2 días) | máximo colocado 51 de 64 | hilos 8 de 12
    ... 61.3 s | grupo 1/3 | 62342700 nodos | revisado 2.9%, faltan ~33 min [interior primero 1.5%, interior primero + pieza menos restrictiva 2.9%, reinicios, interior primero 4.4%] (Knuth: ~2 días) | máximo colocado 51 de 64 | hilos 8 de 12
    ... 63.3 s | grupo 1/3 | 64497120 nodos | revisado 2.9%, faltan ~34 min [interior primero 1.5%, interior primero + pieza menos restrictiva 2.9%, reinicios, interior primero 4.4%] (Knuth: ~2 días) | máximo colocado 51 de 64 | hilos 8 de 12
    ... 65.4 s | grupo 1/3 | 66680929 nodos | revisado 2.9%, faltan ~35 min [interior primero 1.5%, interior primero + pieza menos restrictiva 2.9%, reinicios, interior primero 5.1%] (Knuth: ~2 días) | máximo colocado 51 de 64 | hilos 8 de 12
    ... 67.4 s | grupo 1/3 | 68859057 nodos | revisado 2.9%, faltan ~36 min [interior primero 1.5%, interior primero + pieza menos restrictiva 2.9%, reinicios, interior primero 5.1%] (Knuth: ~2 días) | máximo colocado 51 de 64 | hilos 8 de 12
    ... 69.4 s | grupo 1/3 | 71061075 nodos | revisado 2.9%, faltan ~37 min [interior primero 1.5%, interior primero + pieza menos restrictiva 2.9%, reinicios, interior primero 5.1%] (Knuth: ~2 días) | máximo colocado 51 de 64 | hilos 8 de 12
    ... 71.4 s | grupo 1/3 | 73240348 nodos | revisado 2.9%, faltan ~38 min [interior primero 1.5%, interior primero + pieza menos restrictiva 2.9%, reinicios, interior primero 5.1%] (Knuth: ~2 días) | máximo colocado 51 de 64 | hilos 8 de 12
    ... 73.4 s | grupo 1/3 | 75420026 nodos | revisado 2.9%, faltan ~39 min [interior primero 1.5%, interior primero + pieza menos restrictiva 2.9%, reinicios, interior primero 5.1%] (Knuth: ~2 días) | máximo colocado 51 de 64 | hilos 8 de 12
    ... 75.4 s | grupo 1/3 | 77593313 nodos | revisado 2.9%, faltan ~40 min [interior primero 1.5%, interior primero + pieza menos restrictiva 2.9%, reinicios, interior primero 5.1%] (Knuth: ~2 días) | máximo colocado 51 de 64 | hilos 8 de 12
    ... 77.4 s | grupo 1/3 | 79786693 nodos | revisado 2.9%, faltan ~42 min [interior primero 1.5%, interior primero + pieza menos restrictiva 2.9%, reinicios, interior primero 5.1%] (Knuth: ~2 días) | máximo colocado 51 de 64 | hilos 8 de 12
    ... 79.4 s | grupo 1/3 | 81985709 nodos | revisado 2.9%, faltan ~43 min [interior primero 1.5%, interior primero + pieza menos restrictiva 2.9%, reinicios, interior primero 5.1%] (Knuth: ~2 días) | máximo colocado 51 de 64 | hilos 8 de 12
    ... 81.4 s | grupo 1/3 | 84194098 nodos | revisado 2.9%, faltan ~44 min [interior primero 1.5%, interior primero + pieza menos restrictiva 2.9%, reinicios, interior primero 5.1%] (Knuth: ~2 días) | máximo colocado 51 de 64 | hilos 8 de 12
    ... 83.4 s | grupo 1/3 | 86402267 nodos | revisado 2.9%, faltan ~45 min [interior primero 1.5%, interior primero + pieza menos restrictiva 2.9%, reinicios, interior primero 5.1%] (Knuth: ~2 días) | máximo colocado 51 de 64 | hilos 8 de 12
    ... 85.5 s | grupo 1/3 | 88583882 nodos | revisado 2.9%, faltan ~46 min [interior primero 1.5%, interior primero + pieza menos restrictiva 2.9%, reinicios, interior primero 5.1%] (Knuth: ~2 días) | máximo colocado 51 de 64 | hilos 8 de 12
    ... 87.5 s | grupo 1/3 | 90770841 nodos | revisado 2.9%, faltan ~47 min [interior primero 1.5%, interior primero + pieza menos restrictiva 2.9%, reinicios, interior primero 5.2%] (Knuth: ~2 días) | máximo colocado 51 de 64 | hilos 8 de 12
    ... 89.5 s | grupo 1/3 | 92891690 nodos | revisado 2.9%, faltan ~48 min [interior primero 1.5%, interior primero + pieza menos restrictiva 2.9%, reinicios, interior primero 5.2%] (Knuth: ~2 días) | máximo colocado 51 de 64 | hilos 8 de 12
    ... 91.5 s | grupo 1/3 | 95054401 nodos | revisado 2.9%, faltan ~49 min [interior primero 1.5%, interior primero + pieza menos restrictiva 2.9%, reinicios, interior primero 5.2%] (Knuth: ~2 días) | máximo colocado 51 de 64 | hilos 8 de 12
    ... 93.5 s | grupo 1/3 | 97197493 nodos | revisado 2.9%, faltan ~50 min [interior primero 1.5%, interior primero + pieza menos restrictiva 2.9%, reinicios, interior primero 5.2%] (Knuth: ~2 días) | máximo colocado 51 de 64 | hilos 8 de 12
    ... 95.5 s | grupo 1/3 | 99370747 nodos | revisado 2.9%, faltan ~52 min [interior primero 1.5%, interior primero + pieza menos restrictiva 2.9%, reinicios, interior primero 5.9%] (Knuth: ~2 días) | máximo colocado 51 de 64 | hilos 8 de 12
    ... 97.5 s | grupo 1/3 | 101553730 nodos | revisado 2.9%, faltan ~53 min [interior primero 1.5%, interior primero + pieza menos restrictiva 2.9%, reinicios, interior primero 5.9%] (Knuth: ~2 días) | máximo colocado 51 de 64 | hilos 8 de 12
    ... 99.5 s | grupo 1/3 | 103714894 nodos | revisado 2.9%, faltan ~54 min [interior primero 1.5%, interior primero + pieza menos restrictiva 2.9%, reinicios, interior primero 5.9%] (Knuth: ~2 días) | máximo colocado 51 de 64 | hilos 8 de 12
    ... 101.5 s | grupo 1/3 | 105909106 nodos | revisado 2.9%, faltan ~55 min [interior primero 1.5%, interior primero + pieza menos restrictiva 2.9%, reinicios, interior primero 5.9%] (Knuth: ~2 días) | máximo colocado 51 de 64 | hilos 8 de 12
    ... 103.5 s | grupo 1/3 | 108094641 nodos | revisado 2.9%, faltan ~56 min [interior primero 1.5%, interior primero + pieza menos restrictiva 2.9%, reinicios, interior primero 5.9%] (Knuth: ~2 días) | máximo colocado 51 de 64 | hilos 8 de 12
    ... 105.5 s | grupo 1/3 | 110235207 nodos | revisado 2.9%, faltan ~57 min [interior primero 1.5%, interior primero + pieza menos restrictiva 2.9%, reinicios, interior primero 5.9%] (Knuth: ~2 días) | máximo colocado 51 de 64 | hilos 8 de 12
    ... 107.6 s | grupo 1/3 | 112401708 nodos | revisado 2.9%, faltan ~58 min [interior primero 1.5%, interior primero + pieza menos restrictiva 2.9%, reinicios, interior primero 5.9%] (Knuth: ~2 días) | máximo colocado 51 de 64 | hilos 8 de 12
    ... 109.6 s | grupo 1/3 | 114577701 nodos | revisado 2.9%, faltan ~59 min [interior primero 1.5%, interior primero + pieza menos restrictiva 2.9%, reinicios, interior primero 5.9%] (Knuth: ~2 días) | máximo colocado 51 de 64 | hilos 8 de 12
    ... 111.6 s | grupo 1/3 | 116757081 nodos | revisado 2.9%, faltan ~61 min [interior primero 1.5%, interior primero + pieza menos restrictiva 2.9%, reinicios, interior primero 5.9%] (Knuth: ~2 días) | máximo colocado 51 de 64 | hilos 8 de 12
    ... 113.6 s | grupo 1/3 | 118926965 nodos | revisado 2.9%, faltan ~62 min [interior primero 1.5%, interior primero + pieza menos restrictiva 2.9%, reinicios, interior primero 5.9%] (Knuth: ~2 días) | máximo colocado 51 de 64 | hilos 8 de 12
    ... 115.6 s | grupo 1/3 | 121080862 nodos | revisado 2.9%, faltan ~63 min [interior primero 1.5%, interior primero + pieza menos restrictiva 2.9%, reinicios, interior primero 6.6%] (Knuth: ~2 días) | máximo colocado 51 de 64 | hilos 8 de 12
    ... 117.6 s | grupo 1/3 | 123230197 nodos | revisado 2.9%, faltan ~64 min [interior primero 1.5%, interior primero + pieza menos restrictiva 2.9%, reinicios, interior primero 7.3%] (Knuth: ~2 días) | máximo colocado 51 de 64 | hilos 8 de 12
    ... 119.6 s | grupo 1/3 | 125392080 nodos | revisado 2.9%, faltan ~65 min [interior primero 1.5%, interior primero + pieza menos restrictiva 2.9%, reinicios, interior primero 8.1%] (Knuth: ~2 días) | máximo colocado 51 de 64 | hilos 8 de 12
    ... 121.6 s | grupo 1/3 | 127538753 nodos | revisado 2.9%, faltan ~66 min [interior primero 1.5%, interior primero + pieza menos restrictiva 2.9%, reinicios, interior primero 8.1%] (Knuth: ~2 días) | máximo colocado 51 de 64 | hilos 8 de 12
    ... 123.6 s | grupo 1/3 | 129709551 nodos | revisado 2.9%, faltan ~67 min [interior primero 1.5%, interior primero + pieza menos restrictiva 2.9%, reinicios, interior primero 8.1%] (Knuth: ~2 días) | máximo colocado 51 de 64 | hilos 8 de 12
    ... 125.6 s | grupo 1/3 | 131866560 nodos | revisado 2.9%, faltan ~68 min [interior primero 1.5%, interior primero + pieza menos restrictiva 2.9%, reinicios, interior primero 8.1%] (Knuth: ~2 días) | máximo colocado 51 de 64 | hilos 8 de 12
    ... 127.6 s | grupo 1/3 | 134021631 nodos | revisado 2.9%, faltan ~70 min [interior primero 1.5%, interior primero + pieza menos restrictiva 2.9%, reinicios, interior primero 8.1%] (Knuth: ~2 días) | máximo colocado 51 de 64 | hilos 8 de 12
    ... 129.6 s | grupo 1/3 | 136146752 nodos | revisado 2.9%, faltan ~71 min [interior primero 1.5%, interior primero + pieza menos restrictiva 2.9%, reinicios, interior primero 8.1%] (Knuth: ~2 días) | máximo colocado 51 de 64 | hilos 8 de 12
    ... 131.6 s | grupo 1/3 | 138272391 nodos | revisado 2.9%, faltan ~72 min [interior primero 1.5%, interior primero + pieza menos restrictiva 2.9%, reinicios, interior primero 8.1%] (Knuth: ~2 días) | máximo colocado 51 de 64 | hilos 8 de 12
    ... 133.6 s | grupo 1/3 | 140415502 nodos | revisado 2.9%, faltan ~73 min [interior primero 1.5%, interior primero + pieza menos restrictiva 2.9%, reinicios, interior primero 8.1%] (Knuth: ~2 días) | máximo colocado 51 de 64 | hilos 8 de 12
    ... 135.6 s | grupo 1/3 | 142547299 nodos | revisado 2.9%, faltan ~74 min [interior primero 1.5%, interior primero + pieza menos restrictiva 2.9%, reinicios, interior primero 8.1%] (Knuth: ~2 días) | máximo colocado 51 de 64 | hilos 8 de 12
    ... 137.6 s | grupo 1/3 | 144700691 nodos | revisado 2.9%, faltan ~75 min [interior primero 1.5%, interior primero + pieza menos restrictiva 2.9%, reinicios, interior primero 8.1%] (Knuth: ~2 días) | máximo colocado 51 de 64 | hilos 8 de 12
    ... 139.6 s | grupo 1/3 | 146843612 nodos | revisado 2.9%, faltan ~76 min [interior primero 1.5%, interior primero + pieza menos restrictiva 2.9%, reinicios, interior primero 8.1%] (Knuth: ~2 días) | máximo colocado 51 de 64 | hilos 8 de 12
    ... 141.6 s | grupo 1/3 | 148952548 nodos | revisado 2.9%, faltan ~77 min [interior primero 1.5%, interior primero + pieza menos restrictiva 2.9%, reinicios, interior primero 8.8%] (Knuth: ~2 días) | máximo colocado 51 de 64 | hilos 8 de 12
    ... 143.6 s | grupo 1/3 | 151097302 nodos | revisado 2.9%, faltan ~78 min [interior primero 1.5%, interior primero + pieza menos restrictiva 2.9%, reinicios, interior primero 8.8%] (Knuth: ~2 días) | máximo colocado 51 de 64 | hilos 8 de 12
    ... 145.7 s | grupo 1/3 | 153214324 nodos | revisado 2.9%, faltan ~80 min [interior primero 1.5%, interior primero + pieza menos restrictiva 2.9%, reinicios, interior primero 9.5%] (Knuth: ~2 días) | máximo colocado 51 de 64 | hilos 8 de 12
    ... 147.7 s | grupo 1/3 | 155364145 nodos | revisado 2.9%, faltan ~81 min [interior primero 1.5%, interior primero + pieza menos restrictiva 2.9%, reinicios, interior primero 10.3%] (Knuth: ~2 días) | máximo colocado 51 de 64 | hilos 8 de 12
    ... 149.7 s | grupo 1/3 | 157517620 nodos | revisado 2.9%, faltan ~82 min [interior primero 1.5%, interior primero + pieza menos restrictiva 2.9%, reinicios, interior primero 10.3%] (Knuth: ~2 días) | máximo colocado 51 de 64 | hilos 8 de 12
    ... 151.7 s | grupo 1/3 | 159684522 nodos | revisado 2.9%, faltan ~83 min [interior primero 1.5%, interior primero + pieza menos restrictiva 2.9%, reinicios, interior primero 10.3%] (Knuth: ~2 días) | máximo colocado 51 de 64 | hilos 8 de 12
    ... 153.7 s | grupo 1/3 | 161834455 nodos | revisado 2.9%, faltan ~84 min [interior primero 1.5%, interior primero + pieza menos restrictiva 2.9%, reinicios, interior primero 10.3%] (Knuth: ~2 días) | máximo colocado 51 de 64 | hilos 8 de 12
    ... 155.7 s | grupo 1/3 | 163991572 nodos | revisado 2.9%, faltan ~85 min [interior primero 1.5%, interior primero + pieza menos restrictiva 2.9%, reinicios, interior primero 10.3%] (Knuth: ~2 días) | máximo colocado 51 de 64 | hilos 8 de 12
    ... 157.7 s | grupo 1/3 | 166125414 nodos | revisado 2.9%, faltan ~86 min [interior primero 1.5%, interior primero + pieza menos restrictiva 2.9%, reinicios, interior primero 11.0%] (Knuth: ~2 días) | máximo colocado 51 de 64 | hilos 8 de 12
    ... 159.7 s | grupo 1/3 | 168301515 nodos | revisado 2.9%, faltan ~87 min [interior primero 1.5%, interior primero + pieza menos restrictiva 2.9%, reinicios, interior primero 11.7%] (Knuth: ~2 días) | máximo colocado 51 de 64 | hilos 8 de 12
    ... 161.7 s | grupo 1/3 | 170477567 nodos | revisado 2.9%, faltan ~89 min [interior primero 1.5%, interior primero + pieza menos restrictiva 2.9%, reinicios, interior primero 11.7%] (Knuth: ~2 días) | máximo colocado 51 de 64 | hilos 8 de 12
    ... 163.7 s | grupo 1/3 | 172661249 nodos | revisado 2.9%, faltan ~90 min [interior primero 1.5%, interior primero + pieza menos restrictiva 2.9%, reinicios, interior primero 11.7%] (Knuth: ~2 días) | máximo colocado 51 de 64 | hilos 8 de 12
    ... 165.7 s | grupo 1/3 | 174818876 nodos | revisado 2.9%, faltan ~91 min [interior primero 1.5%, interior primero + pieza menos restrictiva 2.9%, reinicios, interior primero 11.7%] (Knuth: ~2 días) | máximo colocado 51 de 64 | hilos 8 de 12
    ... 167.7 s | grupo 1/3 | 176995226 nodos | revisado 2.9%, faltan ~92 min [interior primero 1.5%, interior primero + pieza menos restrictiva 2.9%, reinicios, interior primero 11.7%] (Knuth: ~2 días) | máximo colocado 51 de 64 | hilos 8 de 12
    ... 169.7 s | grupo 1/3 | 179183561 nodos | revisado 2.9%, faltan ~93 min [interior primero 1.5%, interior primero + pieza menos restrictiva 2.9%, reinicios, interior primero 11.7%] (Knuth: ~2 días) | máximo colocado 51 de 64 | hilos 8 de 12
    ... 171.7 s | grupo 1/3 | 181356848 nodos | revisado 2.9%, faltan ~94 min [interior primero 1.5%, interior primero + pieza menos restrictiva 2.9%, reinicios, interior primero 11.7%] (Knuth: ~2 días) | máximo colocado 51 de 64 | hilos 8 de 12
    ... 173.7 s | grupo 1/3 | 183579570 nodos | revisado 2.9%, faltan ~95 min [interior primero 1.5%, interior primero + pieza menos restrictiva 2.9%, reinicios, interior primero 11.7%] (Knuth: ~2 días) | máximo colocado 51 de 64 | hilos 8 de 12
    ... 175.7 s | grupo 1/3 | 185757583 nodos | revisado 2.9%, faltan ~96 min [interior primero 1.5%, interior primero + pieza menos restrictiva 2.9%, reinicios, interior primero 11.7%] (Knuth: ~2 días) | máximo colocado 51 de 64 | hilos 8 de 12
    ... 177.7 s | grupo 1/3 | 187931523 nodos | revisado 2.9%, faltan ~97 min [interior primero 1.5%, interior primero + pieza menos restrictiva 2.9%, reinicios, interior primero 11.7%] (Knuth: ~2 días) | máximo colocado 51 de 64 | hilos 8 de 12
    ... 179.8 s | grupo 1/3 | 190111188 nodos | revisado 2.9%, faltan ~99 min [interior primero 1.5%, interior primero + pieza menos restrictiva 2.9%, reinicios, interior primero 11.7%] (Knuth: ~2 días) | máximo colocado 52 de 64 | hilos 8 de 12
    ... 181.8 s | grupo 1/3 | 192267354 nodos | revisado 2.9%, faltan ~100 min [interior primero 1.5%, interior primero + pieza menos restrictiva 2.9%, reinicios, interior primero 11.7%] (Knuth: ~2 días) | máximo colocado 52 de 64 | hilos 8 de 12
    ... 183.8 s | grupo 1/3 | 194404441 nodos | revisado 2.9%, faltan ~101 min [interior primero 1.5%, interior primero + pieza menos restrictiva 2.9%, reinicios, interior primero 11.7%] (Knuth: ~2 días) | máximo colocado 52 de 64 | hilos 8 de 12
    ... 185.8 s | grupo 1/3 | 196577516 nodos | revisado 2.9%, faltan ~102 min [interior primero 1.5%, interior primero + pieza menos restrictiva 2.9%, reinicios, interior primero 11.7%] (Knuth: ~2 días) | máximo colocado 52 de 64 | hilos 8 de 12
    ... 187.8 s | grupo 1/3 | 198714611 nodos | revisado 2.9%, faltan ~103 min [interior primero 1.5%, interior primero + pieza menos restrictiva 2.9%, reinicios, interior primero 11.7%] (Knuth: ~2 días) | máximo colocado 52 de 64 | hilos 8 de 12
    ... 189.8 s | grupo 1/3 | 200845685 nodos | revisado 2.9%, faltan ~104 min [interior primero 1.5%, interior primero + pieza menos restrictiva 2.9%, reinicios, interior primero 11.7%] (Knuth: ~2 días) | máximo colocado 52 de 64 | hilos 8 de 12
    ... 191.8 s | grupo 1/3 | 203008318 nodos | revisado 2.9%, faltan ~105 min [interior primero 1.5%, interior primero + pieza menos restrictiva 2.9%, reinicios, interior primero 11.7%] (Knuth: ~2 días) | máximo colocado 52 de 64 | hilos 8 de 12
    ... 193.8 s | grupo 1/3 | 205136266 nodos | revisado 2.9%, faltan ~106 min [interior primero 1.5%, interior primero + pieza menos restrictiva 2.9%, reinicios, interior primero 11.7%] (Knuth: ~2 días) | máximo colocado 52 de 64 | hilos 8 de 12
    ... 195.8 s | grupo 1/3 | 207304497 nodos | revisado 2.9%, faltan ~108 min [interior primero 1.5%, interior primero + pieza menos restrictiva 2.9%, reinicios, interior primero 11.7%] (Knuth: ~2 días) | máximo colocado 52 de 64 | hilos 8 de 12
    ... 197.8 s | grupo 1/3 | 209474194 nodos | revisado 2.9%, faltan ~109 min [interior primero 1.5%, interior primero + pieza menos restrictiva 2.9%, reinicios, interior primero 11.7%] (Knuth: ~2 días) | máximo colocado 52 de 64 | hilos 8 de 12
    ... 199.8 s | grupo 1/3 | 211614219 nodos | revisado 2.9%, faltan ~110 min [interior primero 1.5%, interior primero + pieza menos restrictiva 2.9%, reinicios, interior primero 11.7%] (Knuth: ~2 días) | máximo colocado 52 de 64 | hilos 8 de 12
    ... 201.8 s | grupo 1/3 | 213784243 nodos | revisado 2.9%, faltan ~111 min [interior primero 1.5%, interior primero + pieza menos restrictiva 2.9%, reinicios, interior primero 11.7%] (Knuth: ~2 días) | máximo colocado 52 de 64 | hilos 8 de 12
    ... 203.9 s | grupo 1/3 | 215965234 nodos | revisado 2.9%, faltan ~112 min [interior primero 1.5%, interior primero + pieza menos restrictiva 2.9%, reinicios, interior primero 11.7%] (Knuth: ~2 días) | máximo colocado 52 de 64 | hilos 8 de 12
    ... 205.9 s | grupo 1/3 | 218117021 nodos | revisado 2.9%, faltan ~113 min [interior primero 1.5%, interior primero + pieza menos restrictiva 2.9%, reinicios, interior primero 11.7%] (Knuth: ~2 días) | máximo colocado 52 de 64 | hilos 8 de 12
    ... 207.9 s | grupo 1/3 | 220225172 nodos | revisado 2.9%, faltan ~114 min [interior primero 1.5%, interior primero + pieza menos restrictiva 2.9%, reinicios, interior primero 11.7%] (Knuth: ~2 días) | máximo colocado 52 de 64 | hilos 8 de 12
    ... 209.9 s | grupo 1/3 | 222359216 nodos | revisado 2.9%, faltan ~115 min [interior primero 1.5%, interior primero + pieza menos restrictiva 2.9%, reinicios, interior primero 11.7%] (Knuth: ~2 días) | máximo colocado 52 de 64 | hilos 8 de 12
    ... 211.9 s | grupo 1/3 | 224494118 nodos | revisado 2.9%, faltan ~116 min [interior primero 1.5%, interior primero + pieza menos restrictiva 2.9%, reinicios, interior primero 11.7%] (Knuth: ~2 días) | máximo colocado 52 de 64 | hilos 8 de 12
    ... 213.9 s | grupo 1/3 | 226620628 nodos | revisado 2.9%, faltan ~118 min [interior primero 1.5%, interior primero + pieza menos restrictiva 2.9%, reinicios, interior primero 11.7%] (Knuth: ~2 días) | máximo colocado 52 de 64 | hilos 8 de 12
    ... 215.9 s | grupo 1/3 | 228733893 nodos | revisado 2.9%, faltan ~119 min [interior primero 1.5%, interior primero + pieza menos restrictiva 2.9%, reinicios, interior primero 11.7%] (Knuth: ~2 días) | máximo colocado 52 de 64 | hilos 8 de 12
    ... 217.9 s | grupo 1/3 | 230849374 nodos | revisado 2.9%, faltan ~120 min [interior primero 1.5%, interior primero + pieza menos restrictiva 2.9%, reinicios, interior primero 11.8%] (Knuth: ~2 días) | máximo colocado 52 de 64 | hilos 8 de 12
    ... 219.9 s | grupo 1/3 | 232966627 nodos | revisado 2.9%, faltan ~2.0 h [interior primero 1.5%, interior primero + pieza menos restrictiva 2.9%, reinicios, interior primero 11.8%] (Knuth: ~2 días) | máximo colocado 52 de 64 | hilos 8 de 12
    ... 221.9 s | grupo 1/3 | 235128771 nodos | revisado 2.9%, faltan ~2.0 h [interior primero 1.5%, interior primero + pieza menos restrictiva 2.9%, reinicios, interior primero 11.8%] (Knuth: ~2 días) | máximo colocado 52 de 64 | hilos 8 de 12
    ... 223.9 s | grupo 1/3 | 237293513 nodos | revisado 2.9%, faltan ~2.1 h [interior primero 1.5%, interior primero + pieza menos restrictiva 2.9%, reinicios, interior primero 11.8%] (Knuth: ~2 días) | máximo colocado 52 de 64 | hilos 8 de 12
    ... 225.9 s | grupo 1/3 | 239440336 nodos | revisado 2.9%, faltan ~2.1 h [interior primero 1.5%, interior primero + pieza menos restrictiva 2.9%, reinicios, interior primero 11.8%] (Knuth: ~2 días) | máximo colocado 52 de 64 | hilos 8 de 12
    ... 227.9 s | grupo 1/3 | 241582605 nodos | revisado 2.9%, faltan ~2.1 h [interior primero 1.5%, interior primero + pieza menos restrictiva 2.9%, reinicios, interior primero 11.8%] (Knuth: ~2 días) | máximo colocado 52 de 64 | hilos 8 de 12
    ... 229.9 s | grupo 1/3 | 243724099 nodos | revisado 2.9%, faltan ~2.1 h [interior primero 1.5%, interior primero + pieza menos restrictiva 2.9%, reinicios, interior primero 12.5%] (Knuth: ~2 días) | máximo colocado 52 de 64 | hilos 8 de 12
    ... 231.9 s | grupo 1/3 | 245879514 nodos | revisado 2.9%, faltan ~2.1 h [interior primero 1.5%, interior primero + pieza menos restrictiva 2.9%, reinicios, interior primero 12.5%] (Knuth: ~2 días) | máximo colocado 52 de 64 | hilos 8 de 12
    ... 233.9 s | grupo 1/3 | 248083049 nodos | revisado 2.9%, faltan ~2.1 h [interior primero 1.5%, interior primero + pieza menos restrictiva 2.9%, reinicios, interior primero 13.2%] (Knuth: ~2 días) | máximo colocado 52 de 64 | hilos 8 de 12
    ... 236.0 s | grupo 1/3 | 250257055 nodos | revisado 2.9%, faltan ~2.2 h [interior primero 1.5%, interior primero + pieza menos restrictiva 2.9%, reinicios, interior primero 13.2%] (Knuth: ~2 días) | máximo colocado 52 de 64 | hilos 8 de 12
    ... 238.0 s | grupo 1/3 | 252418093 nodos | revisado 2.9%, faltan ~2.2 h [interior primero 1.5%, interior primero + pieza menos restrictiva 2.9%, reinicios, interior primero 13.2%] (Knuth: ~2 días) | máximo colocado 52 de 64 | hilos 8 de 12
    ... 240.0 s | grupo 1/3 | 254566097 nodos | revisado 2.9%, faltan ~2.2 h [interior primero 1.5%, interior primero + pieza menos restrictiva 2.9%, reinicios, interior primero 14.0%] (Knuth: ~2 días) | máximo colocado 52 de 64 | hilos 8 de 12
    ... 242.0 s | grupo 1/3 | 256701048 nodos | revisado 2.9%, faltan ~2.2 h [interior primero 1.5%, interior primero + pieza menos restrictiva 2.9%, reinicios, interior primero 14.0%] (Knuth: ~2 días) | máximo colocado 52 de 64 | hilos 8 de 12
    ... 244.0 s | grupo 1/3 | 258860109 nodos | revisado 2.9%, faltan ~2.2 h [interior primero 1.5%, interior primero + pieza menos restrictiva 2.9%, reinicios, interior primero 14.0%] (Knuth: ~2 días) | máximo colocado 52 de 64 | hilos 8 de 12
    ... 246.0 s | grupo 1/3 | 261047246 nodos | revisado 2.9%, faltan ~2.3 h [interior primero 1.5%, interior primero + pieza menos restrictiva 2.9%, reinicios, interior primero 14.7%] (Knuth: ~2 días) | máximo colocado 52 de 64 | hilos 8 de 12
    ... 248.0 s | grupo 1/3 | 263177740 nodos | revisado 2.9%, faltan ~2.3 h [interior primero 1.5%, interior primero + pieza menos restrictiva 2.9%, reinicios, interior primero 14.7%] (Knuth: ~2 días) | máximo colocado 52 de 64 | hilos 8 de 12
    ... 250.0 s | grupo 1/3 | 265327305 nodos | revisado 2.9%, faltan ~2.3 h [interior primero 1.5%, interior primero + pieza menos restrictiva 2.9%, reinicios, interior primero 14.7%] (Knuth: ~2 días) | máximo colocado 52 de 64 | hilos 8 de 12
    ... 252.0 s | grupo 1/3 | 267458333 nodos | revisado 2.9%, faltan ~2.3 h [interior primero 1.5%, interior primero + pieza menos restrictiva 2.9%, reinicios, interior primero 15.4%] (Knuth: ~2 días) | máximo colocado 52 de 64 | hilos 8 de 12
    ... 254.0 s | grupo 1/3 | 269581674 nodos | revisado 2.9%, faltan ~2.3 h [interior primero 1.5%, interior primero + pieza menos restrictiva 2.9%, reinicios, interior primero 15.4%] (Knuth: ~2 días) | máximo colocado 52 de 64 | hilos 8 de 12
    ... 256.0 s | grupo 1/3 | 271705290 nodos | revisado 2.9%, faltan ~2.4 h [interior primero 1.5%, interior primero + pieza menos restrictiva 2.9%, reinicios, interior primero 15.4%] (Knuth: ~2 días) | máximo colocado 52 de 64 | hilos 8 de 12
    ... 258.1 s | grupo 1/3 | 273854325 nodos | revisado 2.9%, faltan ~2.4 h [interior primero 1.5%, interior primero + pieza menos restrictiva 2.9%, reinicios, interior primero 16.9%] (Knuth: ~2 días) | máximo colocado 52 de 64 | hilos 8 de 12
    ... 260.1 s | grupo 1/3 | 275988290 nodos | revisado 2.9%, faltan ~2.4 h [interior primero 1.5%, interior primero + pieza menos restrictiva 2.9%, reinicios, interior primero 16.9%] (Knuth: ~2 días) | máximo colocado 52 de 64 | hilos 8 de 12
    ... 262.1 s | grupo 1/3 | 278152676 nodos | revisado 2.9%, faltan ~2.4 h [interior primero 1.5%, interior primero + pieza menos restrictiva 2.9%, reinicios, interior primero 16.9%] (Knuth: ~2 días) | máximo colocado 52 de 64 | hilos 8 de 12
    ... 264.1 s | grupo 1/3 | 280353144 nodos | revisado 2.9%, faltan ~2.4 h [interior primero 1.5%, interior primero + pieza menos restrictiva 2.9%, reinicios, interior primero 16.9%] (Knuth: ~2 días) | máximo colocado 52 de 64 | hilos 8 de 12
    ... 266.1 s | grupo 1/3 | 282506473 nodos | revisado 2.9%, faltan ~2.4 h [interior primero 1.5%, interior primero + pieza menos restrictiva 2.9%, reinicios, interior primero 17.6%] (Knuth: ~2 días) | máximo colocado 52 de 64 | hilos 8 de 12
    ... 268.1 s | grupo 1/3 | 284644861 nodos | revisado 2.9%, faltan ~2.5 h [interior primero 1.5%, interior primero + pieza menos restrictiva 2.9%, reinicios, interior primero 18.3%] (Knuth: ~2 días) | máximo colocado 52 de 64 | hilos 8 de 12
    ... 270.1 s | grupo 1/3 | 286790655 nodos | revisado 2.9%, faltan ~2.5 h [interior primero 1.5%, interior primero + pieza menos restrictiva 2.9%, reinicios, interior primero 18.3%] (Knuth: ~2 días) | máximo colocado 52 de 64 | hilos 8 de 12
    ... 272.1 s | grupo 1/3 | 288911096 nodos | revisado 2.9%, faltan ~2.5 h [interior primero 1.5%, interior primero + pieza menos restrictiva 2.9%, reinicios, interior primero 18.3%] (Knuth: ~2 días) | máximo colocado 52 de 64 | hilos 8 de 12
    ... 274.1 s | grupo 1/3 | 291022937 nodos | revisado 2.9%, faltan ~2.5 h [interior primero 1.5%, interior primero + pieza menos restrictiva 2.9%, reinicios, interior primero 18.3%] (Knuth: ~2 días) | máximo colocado 52 de 64 | hilos 8 de 12
    ... 276.1 s | grupo 1/3 | 293180419 nodos | revisado 2.9%, faltan ~2.5 h [interior primero 1.5%, interior primero + pieza menos restrictiva 2.9%, reinicios, interior primero 18.3%] (Knuth: ~2 días) | máximo colocado 52 de 64 | hilos 8 de 12
    ... 278.1 s | grupo 1/3 | 295347119 nodos | revisado 2.9%, faltan ~2.6 h [interior primero 1.5%, interior primero + pieza menos restrictiva 2.9%, reinicios, interior primero 18.3%] (Knuth: ~2 días) | máximo colocado 52 de 64 | hilos 8 de 12
    ... 280.1 s | grupo 1/3 | 297520486 nodos | revisado 2.9%, faltan ~2.6 h [interior primero 1.5%, interior primero + pieza menos restrictiva 2.9%, reinicios, interior primero 18.3%] (Knuth: ~2 días) | máximo colocado 52 de 64 | hilos 8 de 12
    ... 282.1 s | grupo 1/3 | 299695319 nodos | revisado 2.9%, faltan ~2.6 h [interior primero 1.5%, interior primero + pieza menos restrictiva 2.9%, reinicios, interior primero 18.3%] (Knuth: ~2 días) | máximo colocado 52 de 64 | hilos 8 de 12
    ... 284.1 s | grupo 1/3 | 301860913 nodos | revisado 2.9%, faltan ~2.6 h [interior primero 1.5%, interior primero + pieza menos restrictiva 2.9%, reinicios, interior primero 18.3%] (Knuth: ~2 días) | máximo colocado 52 de 64 | hilos 8 de 12
    ... 286.2 s | grupo 1/3 | 304026523 nodos | revisado 2.9%, faltan ~2.6 h [interior primero 1.5%, interior primero + pieza menos restrictiva 2.9%, reinicios, interior primero 18.3%] (Knuth: ~2 días) | máximo colocado 52 de 64 | hilos 8 de 12
    ... 288.2 s | grupo 1/3 | 306207266 nodos | revisado 2.9%, faltan ~2.6 h [interior primero 1.5%, interior primero + pieza menos restrictiva 2.9%, reinicios, interior primero 18.3%] (Knuth: ~2 días) | máximo colocado 52 de 64 | hilos 8 de 12
    ... 290.2 s | grupo 1/3 | 308364226 nodos | revisado 2.9%, faltan ~2.7 h [interior primero 1.5%, interior primero + pieza menos restrictiva 2.9%, reinicios, interior primero 18.3%] (Knuth: ~2 días) | máximo colocado 52 de 64 | hilos 8 de 12
    ... 292.2 s | grupo 1/3 | 310546248 nodos | revisado 2.9%, faltan ~2.7 h [interior primero 1.5%, interior primero + pieza menos restrictiva 2.9%, reinicios, interior primero 18.3%] (Knuth: ~2 días) | máximo colocado 52 de 64 | hilos 8 de 12
    ... 294.2 s | grupo 1/3 | 312725208 nodos | revisado 2.9%, faltan ~2.7 h [interior primero 1.5%, interior primero + pieza menos restrictiva 2.9%, reinicios, interior primero 18.3%] (Knuth: ~2 días) | máximo colocado 52 de 64 | hilos 8 de 12
    ... 296.2 s | grupo 1/3 | 314875714 nodos | revisado 2.9%, faltan ~2.7 h [interior primero 1.5%, interior primero + pieza menos restrictiva 2.9%, reinicios, interior primero 18.3%] (Knuth: ~2 días) | máximo colocado 52 de 64 | hilos 8 de 12
    ... 298.2 s | grupo 1/3 | 317017907 nodos | revisado 2.9%, faltan ~2.7 h [interior primero 1.5%, interior primero + pieza menos restrictiva 2.9%, reinicios, interior primero 18.3%] (Knuth: ~2 días) | máximo colocado 52 de 64 | hilos 8 de 12
[4] Grupo 1: cortado por límite de tiempo
[5] Tiempo total: 5 min
RESULTADO resuelto=0 ms=300010.8 marcos=0 nodos=318937088 grupos=1/3 hilos=12 t_marcos=0.000 t_interior=296.950 lados=0 unificado=1 max_colocadas=52 motivo=limite
