[0] Tablero 8x8, 10 colores, 12 hilos
[1] Esquina fija (3,2). 3 grupos, orden por coste: 2.04e+22 2.04e+22 2.04e+22
    grupo 1, orden menos opciones: estimado 4.39e+13 nodos
    grupo 1, orden interior primero: estimado 1.4e+13 nodos
    grupo 2, orden menos opciones: estimado 4.25e+13 nodos
    grupo 2, orden interior primero: estimado 1.95e+13 nodos
    grupo 3, orden menos opciones: estimado 1.72e+13 nodos
    grupo 3, orden interior primero: estimado 1.85e+13 nodos
[1] Estimado de Knuth por grupo (nodos): 1.4e+13(i) 4.25e+13 1.72e+13   (i) = interior primero
[2] Grupo 1/3: ruta unificada (mapas por lado), orden: interior primero; grupo grande: 3 estrategias a la vez (normal, pieza menos restrictiva, reinicios)
    ... 5.1 s | grupo 1/3 | 2305464 nodos | revisado 9.75e-06%, faltan ~239 días [interior primero 9.75e-06%, interior primero + pieza menos restrictiva 1.78e-07%, reinicios, interior primero 1.7%] (Knuth: ~141 días) | máximo colocado 52 de 64 | hilos 8 de 12
    ... 7.1 s | grupo 1/3 | 4588302 nodos | revisado 1.42e-05%, faltan ~328 días [interior primero 1.42e-05%, interior primero + pieza menos restrictiva 2.87e-07%, reinicios, interior primero 1.7%] (Knuth: ~142 días) | máximo colocado 52 de 64 | hilos 8 de 12
    ... 9.1 s | grupo 1/3 | 6911861 nodos | revisado 2.31e-05%, faltan ~303 días [interior primero 2.31e-05%, interior primero + pieza menos restrictiva 4.02e-07%, reinicios, interior primero 2.6%] (Knuth: ~141 días) | máximo colocado 52 de 64 | hilos 8 de 12
    ... 11.1 s | grupo 1/3 | 9209939 nodos | revisado 3.24e-05%, faltan ~288 días [interior primero 3.24e-05%, interior primero + pieza menos restrictiva 5.18e-07%, reinicios, interior primero 2.6%] (Knuth: ~141 días) | máximo colocado 53 de 64 | hilos 8 de 12
    ... 13.1 s | grupo 1/3 | 11469916 nodos | revisado 3.77e-05%, faltan ~309 días [interior primero 3.77e-05%, interior primero + pieza menos restrictiva 7.16e-07%, reinicios, interior primero 4.3%] (Knuth: ~142 días) | máximo colocado 53 de 64 | hilos 8 de 12
    ... 15.1 s | grupo 1/3 | 13794918 nodos | revisado 4.08e-05%, faltan ~342 días [interior primero 4.08e-05%, interior primero + pieza menos restrictiva 8.77e-07%, reinicios, interior primero 4.3%] (Knuth: ~141 días) | máximo colocado 53 de 64 | hilos 8 de 12
    ... 17.1 s | grupo 1/3 | 16084735 nodos | revisado 4.70e-05%, faltan ~346 días [interior primero 4.70e-05%, interior primero + pieza menos restrictiva 9.73e-07%, reinicios, interior primero 4.3%] (Knuth: ~141 días) | máximo colocado 53 de 64 | hilos 8 de 12
    ... 19.1 s | grupo 1/3 | 18375720 nodos | revisado 7.78e-05%, faltan ~239 días [interior primero 7.78e-05%, interior primero + pieza menos restrictiva 1.10e-06%, reinicios, interior primero 4.3%] (Knuth: ~141 días) | máximo colocado 53 de 64 | hilos 8 de 12
    ... 21.1 s | grupo 1/3 | 20660129 nodos | revisado 9.18e-05%, faltan ~228 días [interior primero 9.18e-05%, interior primero + pieza menos restrictiva 1.20e-06%, reinicios, interior primero 4.3%] (Knuth: ~141 días) | máximo colocado 53 de 64 | hilos 8 de 12
    ... 23.1 s | grupo 1/3 | 22930723 nodos | revisado 9.63e-05%, faltan ~241 días [interior primero 9.63e-05%, interior primero + pieza menos restrictiva 1.28e-06%, reinicios, interior primero 5.1%] (Knuth: ~141 días) | máximo colocado 53 de 64 | hilos 8 de 12
    ... 25.2 s | grupo 1/3 | 25189732 nodos | revisado 1.26e-04%, faltan ~202 días [interior primero 1.26e-04%, interior primero + pieza menos restrictiva 1.41e-06%, reinicios, interior primero 6.8%] (Knuth: ~142 días) | máximo colocado 53 de 64 | hilos 8 de 12
    ... 27.2 s | grupo 1/3 | 27451691 nodos | revisado 1.30e-04%, faltan ~214 días [interior primero 1.30e-04%, interior primero + pieza menos restrictiva 1.48e-06%, reinicios, interior primero 6.8%] (Knuth: ~142 días) | máximo colocado 53 de 64 | hilos 8 de 12
    ... 29.2 s | grupo 1/3 | 29692590 nodos | revisado 1.37e-04%, faltan ~220 días [interior primero 1.37e-04%, interior primero + pieza menos restrictiva 1.58e-06%, reinicios, interior primero 7.7%] (Knuth: ~142 días) | máximo colocado 53 de 64 | hilos 8 de 12
    ... 31.2 s | grupo 1/3 | 31925775 nodos | revisado 1.44e-04%, faltan ~226 días [interior primero 1.44e-04%, interior primero + pieza menos restrictiva 1.67e-06%, reinicios, interior primero 8.6%] (Knuth: ~142 días) | máximo colocado 53 de 64 | hilos 8 de 12
    ... 33.2 s | grupo 1/3 | 34171714 nodos | revisado 1.52e-04%, faltan ~230 días [interior primero 1.52e-04%, interior primero + pieza menos restrictiva 1.76e-06%, reinicios, interior primero 10.3%] (Knuth: ~142 días) | máximo colocado 53 de 64 | hilos 8 de 12
    ... 35.2 s | grupo 1/3 | 36436469 nodos | revisado 1.57e-04%, faltan ~237 días [interior primero 1.57e-04%, interior primero + pieza menos restrictiva 2.02e-06%, reinicios, interior primero 10.3%] (Knuth: ~142 días) | máximo colocado 53 de 64 | hilos 8 de 12
    ... 37.2 s | grupo 1/3 | 38691794 nodos | revisado 1.63e-04%, faltan ~243 días [interior primero 1.63e-04%, interior primero + pieza menos restrictiva 2.62e-06%, reinicios, interior primero 10.3%] (Knuth: ~143 días) | máximo colocado 53 de 64 | hilos 8 de 12
    ... 39.2 s | grupo 1/3 | 40942613 nodos | revisado 1.68e-04%, faltan ~249 días [interior primero 1.68e-04%, interior primero + pieza menos restrictiva 2.76e-06%, reinicios, interior primero 11.1%] (Knuth: ~143 días) | máximo colocado 53 de 64 | hilos 8 de 12
    ... 41.2 s | grupo 1/3 | 43176203 nodos | revisado 2.01e-04%, faltan ~219 días [interior primero 2.01e-04%, interior primero + pieza menos restrictiva 3.01e-06%, reinicios, interior primero 11.1%] (Knuth: ~143 días) | máximo colocado 53 de 64 | hilos 8 de 12
    ... 43.2 s | grupo 1/3 | 45407365 nodos | revisado 2.09e-04%, faltan ~222 días [interior primero 2.09e-04%, interior primero + pieza menos restrictiva 3.40e-06%, reinicios, interior primero 11.1%] (Knuth: ~143 días) | máximo colocado 53 de 64 | hilos 8 de 12
    ... 45.3 s | grupo 1/3 | 47690690 nodos | revisado 2.14e-04%, faltan ~228 días [interior primero 2.14e-04%, interior primero + pieza menos restrictiva 3.71e-06%, reinicios, interior primero 12.8%] (Knuth: ~143 días) | máximo colocado 53 de 64 | hilos 8 de 12
    ... 47.3 s | grupo 1/3 | 49966570 nodos | revisado 2.19e-04%, faltan ~234 días [interior primero 2.19e-04%, interior primero + pieza menos restrictiva 3.90e-06%, reinicios, interior primero 12.8%] (Knuth: ~143 días) | máximo colocado 53 de 64 | hilos 8 de 12
    ... 49.3 s | grupo 1/3 | 52226640 nodos | revisado 2.28e-04%, faltan ~235 días [interior primero 2.28e-04%, interior primero + pieza menos restrictiva 4.20e-06%, reinicios, interior primero 13.7%] (Knuth: ~143 días) | máximo colocado 53 de 64 | hilos 8 de 12
    ... 51.3 s | grupo 1/3 | 54515702 nodos | revisado 2.34e-04%, faltan ~238 días [interior primero 2.34e-04%, interior primero + pieza menos restrictiva 4.49e-06%, reinicios, interior primero 15.4%] (Knuth: ~143 días) | máximo colocado 53 de 64 | hilos 8 de 12
    ... 53.3 s | grupo 1/3 | 56795782 nodos | revisado 2.38e-04%, faltan ~244 días [interior primero 2.38e-04%, interior primero + pieza menos restrictiva 5.33e-06%, reinicios, interior primero 15.4%] (Knuth: ~143 días) | máximo colocado 54 de 64 | hilos 8 de 12
    ... 55.3 s | grupo 1/3 | 59034625 nodos | revisado 2.42e-04%, faltan ~250 días [interior primero 2.42e-04%, interior primero + pieza menos restrictiva 5.72e-06%, reinicios, interior primero 16.3%] (Knuth: ~143 días) | máximo colocado 54 de 64 | hilos 8 de 12
    ... 57.3 s | grupo 1/3 | 61323719 nodos | revisado 2.45e-04%, faltan ~256 días [interior primero 2.45e-04%, interior primero + pieza menos restrictiva 6.14e-06%, reinicios, interior primero 16.3%] (Knuth: ~143 días) | máximo colocado 54 de 64 | hilos 8 de 12
    ... 59.3 s | grupo 1/3 | 63580706 nodos | revisado 2.48e-04%, faltan ~263 días [interior primero 2.48e-04%, interior primero + pieza menos restrictiva 6.72e-06%, reinicios, interior primero 16.3%] (Knuth: ~143 días) | máximo colocado 54 de 64 | hilos 8 de 12
    ... 61.3 s | grupo 1/3 | 65846540 nodos | revisado 2.50e-04%, faltan ~270 días [interior primero 2.50e-04%, interior primero + pieza menos restrictiva 7.04e-06%, reinicios, interior primero 17.1%] (Knuth: ~143 días) | máximo colocado 54 de 64 | hilos 8 de 12
    ... 63.3 s | grupo 1/3 | 68122284 nodos | revisado 2.53e-04%, faltan ~276 días [interior primero 2.53e-04%, interior primero + pieza menos restrictiva 7.27e-06%, reinicios, interior primero 17.1%] (Knuth: ~143 días) | máximo colocado 54 de 64 | hilos 8 de 12
    ... 65.3 s | grupo 1/3 | 70404286 nodos | revisado 2.56e-04%, faltan ~281 días [interior primero 2.56e-04%, interior primero + pieza menos restrictiva 7.64e-06%, reinicios, interior primero 18.0%] (Knuth: ~143 días) | máximo colocado 54 de 64 | hilos 8 de 12
    ... 67.4 s | grupo 1/3 | 72671565 nodos | revisado 2.83e-04%, faltan ~263 días [interior primero 2.83e-04%, interior primero + pieza menos restrictiva 7.86e-06%, reinicios, interior primero 20.5%] (Knuth: ~143 días) | máximo colocado 54 de 64 | hilos 8 de 12
    ... 69.4 s | grupo 1/3 | 74925280 nodos | revisado 2.85e-04%, faltan ~269 días [interior primero 2.85e-04%, interior primero + pieza menos restrictiva 8.05e-06%, reinicios, interior primero 20.5%] (Knuth: ~143 días) | máximo colocado 54 de 64 | hilos 8 de 12
    ... 71.4 s | grupo 1/3 | 77185771 nodos | revisado 2.89e-04%, faltan ~274 días [interior primero 2.89e-04%, interior primero + pieza menos restrictiva 8.25e-06%, reinicios, interior primero 21.4%] (Knuth: ~143 días) | máximo colocado 54 de 64 | hilos 8 de 12
    ... 73.4 s | grupo 1/3 | 79448031 nodos | revisado 2.90e-04%, faltan ~280 días [interior primero 2.90e-04%, interior primero + pieza menos restrictiva 9.27e-06%, reinicios, interior primero 21.4%] (Knuth: ~143 días) | máximo colocado 54 de 64 | hilos 8 de 12
    ... 75.4 s | grupo 1/3 | 81738778 nodos | revisado 3.00e-04%, faltan ~279 días [interior primero 3.00e-04%, interior primero + pieza menos restrictiva 9.34e-06%, reinicios, interior primero 21.4%] (Knuth: ~143 días) | máximo colocado 54 de 64 | hilos 8 de 12
    ... 77.4 s | grupo 1/3 | 84012610 nodos | revisado 3.07e-04%, faltan ~280 días [interior primero 3.07e-04%, interior primero + pieza menos restrictiva 9.43e-06%, reinicios, interior primero 21.4%] (Knuth: ~143 días) | máximo colocado 54 de 64 | hilos 8 de 12
    ... 79.4 s | grupo 1/3 | 86272637 nodos | revisado 3.11e-04%, faltan ~284 días [interior primero 3.11e-04%, interior primero + pieza menos restrictiva 9.49e-06%, reinicios, interior primero 21.4%] (Knuth: ~143 días) | máximo colocado 54 de 64 | hilos 8 de 12
    ... 81.4 s | grupo 1/3 | 88555307 nodos | revisado 3.13e-04%, faltan ~290 días [interior primero 3.13e-04%, interior primero + pieza menos restrictiva 9.56e-06%, reinicios, interior primero 21.4%] (Knuth: ~143 días) | máximo colocado 54 de 64 | hilos 8 de 12
    ... 83.4 s | grupo 1/3 | 90697155 nodos | revisado 3.15e-04%, faltan ~296 días [interior primero 3.15e-04%, interior primero + pieza menos restrictiva 9.71e-06%, reinicios, interior primero 21.4%] (Knuth: ~143 días) | máximo colocado 54 de 64 | hilos 8 de 12
    ... 85.4 s | grupo 1/3 | 92917702 nodos | revisado 3.17e-04%, faltan ~301 días [interior primero 3.17e-04%, interior primero + pieza menos restrictiva 9.87e-06%, reinicios, interior primero 21.4%] (Knuth: ~143 días) | máximo colocado 54 de 64 | hilos 8 de 12
    ... 87.4 s | grupo 1/3 | 95111152 nodos | revisado 3.18e-04%, faltan ~307 días [interior primero 3.18e-04%, interior primero + pieza menos restrictiva 9.92e-06%, reinicios, interior primero 21.4%] (Knuth: ~143 días) | máximo colocado 54 de 64 | hilos 8 de 12
    ... 89.5 s | grupo 1/3 | 97306715 nodos | revisado 3.21e-04%, faltan ~312 días [interior primero 3.21e-04%, interior primero + pieza menos restrictiva 9.95e-06%, reinicios, interior primero 21.4%] (Knuth: ~143 días) | máximo colocado 54 de 64 | hilos 8 de 12
    ... 91.5 s | grupo 1/3 | 99528146 nodos | revisado 3.22e-04%, faltan ~318 días [interior primero 3.22e-04%, interior primero + pieza menos restrictiva 9.99e-06%, reinicios, interior primero 21.4%] (Knuth: ~143 días) | máximo colocado 54 de 64 | hilos 8 de 12
    ... 93.5 s | grupo 1/3 | 101778032 nodos | revisado 3.25e-04%, faltan ~322 días [interior primero 3.25e-04%, interior primero + pieza menos restrictiva 1.02e-05%, reinicios, interior primero 21.4%] (Knuth: ~143 días) | máximo colocado 54 de 64 | hilos 8 de 12
    ... 95.5 s | grupo 1/3 | 103970349 nodos | revisado 3.28e-04%, faltan ~326 días [interior primero 3.28e-04%, interior primero + pieza menos restrictiva 1.03e-05%, reinicios, interior primero 21.4%] (Knuth: ~144 días) | máximo colocado 54 de 64 | hilos 8 de 12
    ... 97.5 s | grupo 1/3 | 106184655 nodos | revisado 3.30e-04%, faltan ~331 días [interior primero 3.30e-04%, interior primero + pieza menos restrictiva 1.05e-05%, reinicios, interior primero 22.2%] (Knuth: ~144 días) | máximo colocado 54 de 64 | hilos 8 de 12
    ... 99.5 s | grupo 1/3 | 108436986 nodos | revisado 4.44e-04%, faltan ~251 días [interior primero 4.44e-04%, interior primero + pieza menos restrictiva 1.06e-05%, reinicios, interior primero 22.2%] (Knuth: ~144 días) | máximo colocado 54 de 64 | hilos 8 de 12
    ... 101.5 s | grupo 1/3 | 110651202 nodos | revisado 4.47e-04%, faltan ~255 días [interior primero 4.47e-04%, interior primero + pieza menos restrictiva 1.07e-05%, reinicios, interior primero 22.2%] (Knuth: ~144 días) | máximo colocado 54 de 64 | hilos 8 de 12
    ... 103.5 s | grupo 1/3 | 112864810 nodos | revisado 4.49e-04%, faltan ~259 días [interior primero 4.49e-04%, interior primero + pieza menos restrictiva 1.08e-05%, reinicios, interior primero 23.1%] (Knuth: ~144 días) | máximo colocado 54 de 64 | hilos 8 de 12
    ... 105.5 s | grupo 1/3 | 115096620 nodos | revisado 4.52e-04%, faltan ~262 días [interior primero 4.52e-04%, interior primero + pieza menos restrictiva 1.09e-05%, reinicios, interior primero 23.1%] (Knuth: ~144 días) | máximo colocado 54 de 64 | hilos 8 de 12
    ... 107.5 s | grupo 1/3 | 117323210 nodos | revisado 4.54e-04%, faltan ~266 días [interior primero 4.54e-04%, interior primero + pieza menos restrictiva 1.10e-05%, reinicios, interior primero 23.1%] (Knuth: ~144 días) | máximo colocado 54 de 64 | hilos 8 de 12
    ... 109.5 s | grupo 1/3 | 119550789 nodos | revisado 4.56e-04%, faltan ~270 días [interior primero 4.56e-04%, interior primero + pieza menos restrictiva 1.10e-05%, reinicios, interior primero 23.9%] (Knuth: ~144 días) | máximo colocado 54 de 64 | hilos 8 de 12
    ... 111.5 s | grupo 1/3 | 121818074 nodos | revisado 4.60e-04%, faltan ~273 días [interior primero 4.60e-04%, interior primero + pieza menos restrictiva 1.11e-05%, reinicios, interior primero 25.7%] (Knuth: ~144 días) | máximo colocado 54 de 64 | hilos 8 de 12
    ... 113.5 s | grupo 1/3 | 124055057 nodos | revisado 4.66e-04%, faltan ~274 días [interior primero 4.66e-04%, interior primero + pieza menos restrictiva 1.12e-05%, reinicios, interior primero 26.5%] (Knuth: ~144 días) | máximo colocado 54 de 64 | hilos 8 de 12
    ... 115.5 s | grupo 1/3 | 126252606 nodos | revisado 4.70e-04%, faltan ~277 días [interior primero 4.70e-04%, interior primero + pieza menos restrictiva 1.13e-05%, reinicios, interior primero 27.4%] (Knuth: ~144 días) | máximo colocado 54 de 64 | hilos 8 de 12
    ... 117.5 s | grupo 1/3 | 128507286 nodos | revisado 4.74e-04%, faltan ~279 días [interior primero 4.74e-04%, interior primero + pieza menos restrictiva 1.14e-05%, reinicios, interior primero 28.2%] (Knuth: ~144 días) | máximo colocado 54 de 64 | hilos 8 de 12
    ... 119.5 s | grupo 1/3 | 130708549 nodos | revisado 4.79e-04%, faltan ~282 días [interior primero 4.79e-04%, interior primero + pieza menos restrictiva 1.15e-05%, reinicios, interior primero 28.3%] (Knuth: ~144 días) | máximo colocado 54 de 64 | hilos 8 de 12
    ... 121.5 s | grupo 1/3 | 132912785 nodos | revisado 4.83e-04%, faltan ~284 días [interior primero 4.83e-04%, interior primero + pieza menos restrictiva 1.16e-05%, reinicios, interior primero 28.3%] (Knuth: ~144 días) | máximo colocado 54 de 64 | hilos 8 de 12
    ... 123.6 s | grupo 1/3 | 135184633 nodos | revisado 4.85e-04%, faltan ~287 días [interior primero 4.85e-04%, interior primero + pieza menos restrictiva 1.17e-05%, reinicios, interior primero 30.0%] (Knuth: ~144 días) | máximo colocado 54 de 64 | hilos 8 de 12
    ... 125.6 s | grupo 1/3 | 137428416 nodos | revisado 4.89e-04%, faltan ~290 días [interior primero 4.89e-04%, interior primero + pieza menos restrictiva 1.17e-05%, reinicios, interior primero 30.0%] (Knuth: ~144 días) | máximo colocado 54 de 64 | hilos 8 de 12
    ... 127.6 s | grupo 1/3 | 139634789 nodos | revisado 7.75e-04%, faltan ~186 días [interior primero 7.75e-04%, interior primero + pieza menos restrictiva 1.18e-05%, reinicios, interior primero 30.0%] (Knuth: ~144 días) | máximo colocado 54 de 64 | hilos 8 de 12
    ... 129.6 s | grupo 1/3 | 141851931 nodos | revisado 7.78e-04%, faltan ~188 días [interior primero 7.78e-04%, interior primero + pieza menos restrictiva 1.18e-05%, reinicios, interior primero 30.0%] (Knuth: ~144 días) | máximo colocado 54 de 64 | hilos 8 de 12
    ... 131.6 s | grupo 1/3 | 144071039 nodos | revisado 7.82e-04%, faltan ~190 días [interior primero 7.82e-04%, interior primero + pieza menos restrictiva 1.20e-05%, reinicios, interior primero 30.0%] (Knuth: ~144 días) | máximo colocado 54 de 64 | hilos 8 de 12
    ... 133.6 s | grupo 1/3 | 146269468 nodos | revisado 7.97e-04%, faltan ~190 días [interior primero 7.97e-04%, interior primero + pieza menos restrictiva 1.21e-05%, reinicios, interior primero 30.0%] (Knuth: ~144 días) | máximo colocado 54 de 64 | hilos 8 de 12
    ... 135.6 s | grupo 1/3 | 148495620 nodos | revisado 8.12e-04%, faltan ~189 días [interior primero 8.12e-04%, interior primero + pieza menos restrictiva 1.23e-05%, reinicios, interior primero 30.0%] (Knuth: ~144 días) | máximo colocado 54 de 64 | hilos 8 de 12
    ... 137.6 s | grupo 1/3 | 150715638 nodos | revisado 8.23e-04%, faltan ~189 días [interior primero 8.23e-04%, interior primero + pieza menos restrictiva 1.24e-05%, reinicios, interior primero 30.9%] (Knuth: ~144 días) | máximo colocado 54 de 64 | hilos 8 de 12
    ... 139.6 s | grupo 1/3 | 152907119 nodos | revisado 8.31e-04%, faltan ~190 días [interior primero 8.31e-04%, interior primero + pieza menos restrictiva 1.26e-05%, reinicios, interior primero 30.9%] (Knuth: ~144 días) | máximo colocado 54 de 64 | hilos 8 de 12
    ... 141.6 s | grupo 1/3 | 155150236 nodos | revisado 8.48e-04%, faltan ~189 días [interior primero 8.48e-04%, interior primero + pieza menos restrictiva 1.27e-05%, reinicios, interior primero 30.9%] (Knuth: ~144 días) | máximo colocado 54 de 64 | hilos 8 de 12
    ... 143.6 s | grupo 1/3 | 157422945 nodos | revisado 8.53e-04%, faltan ~191 días [interior primero 8.53e-04%, interior primero + pieza menos restrictiva 1.27e-05%, reinicios, interior primero 30.9%] (Knuth: ~144 días) | máximo colocado 54 de 64 | hilos 8 de 12
    ... 145.7 s | grupo 1/3 | 159664019 nodos | revisado 8.57e-04%, faltan ~192 días [interior primero 8.57e-04%, interior primero + pieza menos restrictiva 1.28e-05%, reinicios, interior primero 30.9%] (Knuth: ~144 días) | máximo colocado 54 de 64 | hilos 8 de 12
    ... 147.7 s | grupo 1/3 | 161910987 nodos | revisado 8.73e-04%, faltan ~192 días [interior primero 8.73e-04%, interior primero + pieza menos restrictiva 1.29e-05%, reinicios, interior primero 30.9%] (Knuth: ~144 días) | máximo colocado 54 de 64 | hilos 8 de 12
    ... 149.7 s | grupo 1/3 | 164146020 nodos | revisado 8.86e-04%, faltan ~191 días [interior primero 8.86e-04%, interior primero + pieza menos restrictiva 1.29e-05%, reinicios, interior primero 30.9%] (Knuth: ~144 días) | máximo colocado 54 de 64 | hilos 8 de 12
    ... 151.7 s | grupo 1/3 | 166391689 nodos | revisado 8.96e-04%, faltan ~192 días [interior primero 8.96e-04%, interior primero + pieza menos restrictiva 1.31e-05%, reinicios, interior primero 30.9%] (Knuth: ~144 días) | máximo colocado 54 de 64 | hilos 8 de 12
    ... 153.7 s | grupo 1/3 | 168603732 nodos | revisado 9.02e-04%, faltan ~193 días [interior primero 9.02e-04%, interior primero + pieza menos restrictiva 1.31e-05%, reinicios, interior primero 31.7%] (Knuth: ~144 días) | máximo colocado 54 de 64 | hilos 8 de 12
    ... 155.7 s | grupo 1/3 | 170825428 nodos | revisado 9.10e-04%, faltan ~194 días [interior primero 9.10e-04%, interior primero + pieza menos restrictiva 1.32e-05%, reinicios, interior primero 32.6%] (Knuth: ~144 días) | máximo colocado 54 de 64 | hilos 8 de 12
    ... 157.7 s | grupo 1/3 | 173089253 nodos | revisado 9.13e-04%, faltan ~196 días [interior primero 9.13e-04%, interior primero + pieza menos restrictiva 1.33e-05%, reinicios, interior primero 32.6%] (Knuth: ~144 días) | máximo colocado 54 de 64 | hilos 8 de 12
    ... 159.7 s | grupo 1/3 | 175363130 nodos | revisado 9.14e-04%, faltan ~198 días [interior primero 9.14e-04%, interior primero + pieza menos restrictiva 1.33e-05%, reinicios, interior primero 32.6%] (Knuth: ~144 días) | máximo colocado 54 de 64 | hilos 8 de 12
    ... 161.7 s | grupo 1/3 | 177617464 nodos | revisado 9.18e-04%, faltan ~200 días [interior primero 9.18e-04%, interior primero + pieza menos restrictiva 1.35e-05%, reinicios, interior primero 32.6%] (Knuth: ~144 días) | máximo colocado 54 de 64 | hilos 8 de 12
    ... 163.7 s | grupo 1/3 | 179885809 nodos | revisado 9.20e-04%, faltan ~202 días [interior primero 9.20e-04%, interior primero + pieza menos restrictiva 1.36e-05%, reinicios, interior primero 32.6%] (Knuth: ~144 días) | máximo colocado 54 de 64 | hilos 8 de 12
    ... 165.7 s | grupo 1/3 | 182137089 nodos | revisado 9.22e-04%, faltan ~204 días [interior primero 9.22e-04%, interior primero + pieza menos restrictiva 1.38e-05%, reinicios, interior primero 32.6%] (Knuth: ~144 días) | máximo colocado 54 de 64 | hilos 8 de 12
    ... 167.7 s | grupo 1/3 | 184433125 nodos | revisado 9.26e-04%, faltan ~206 días [interior primero 9.26e-04%, interior primero + pieza menos restrictiva 1.41e-05%, reinicios, interior primero 32.6%] (Knuth: ~144 días) | máximo colocado 54 de 64 | hilos 8 de 12
    ... 169.8 s | grupo 1/3 | 186666935 nodos | revisado 9.27e-04%, faltan ~208 días [interior primero 9.27e-04%, interior primero + pieza menos restrictiva 1.41e-05%, reinicios, interior primero 32.6%] (Knuth: ~144 días) | máximo colocado 54 de 64 | hilos 8 de 12
    ... 171.8 s | grupo 1/3 | 188921859 nodos | revisado 9.28e-04%, faltan ~210 días [interior primero 9.28e-04%, interior primero + pieza menos restrictiva 1.42e-05%, reinicios, interior primero 32.6%] (Knuth: ~144 días) | máximo colocado 54 de 64 | hilos 8 de 12
    ... 173.8 s | grupo 1/3 | 191199414 nodos | revisado 9.30e-04%, faltan ~212 días [interior primero 9.30e-04%, interior primero + pieza menos restrictiva 1.43e-05%, reinicios, interior primero 32.6%] (Knuth: ~144 días) | máximo colocado 54 de 64 | hilos 8 de 12
    ... 175.8 s | grupo 1/3 | 193476024 nodos | revisado 9.33e-04%, faltan ~214 días [interior primero 9.33e-04%, interior primero + pieza menos restrictiva 1.44e-05%, reinicios, interior primero 32.6%] (Knuth: ~144 días) | máximo colocado 54 de 64 | hilos 8 de 12
    ... 177.8 s | grupo 1/3 | 195771084 nodos | revisado 9.37e-04%, faltan ~216 días [interior primero 9.37e-04%, interior primero + pieza menos restrictiva 1.45e-05%, reinicios, interior primero 32.6%] (Knuth: ~144 días) | máximo colocado 54 de 64 | hilos 8 de 12
    ... 179.8 s | grupo 1/3 | 198033449 nodos | revisado 9.41e-04%, faltan ~217 días [interior primero 9.41e-04%, interior primero + pieza menos restrictiva 1.46e-05%, reinicios, interior primero 32.6%] (Knuth: ~144 días) | máximo colocado 54 de 64 | hilos 8 de 12
    ... 181.8 s | grupo 1/3 | 200294376 nodos | revisado 9.44e-04%, faltan ~219 días [interior primero 9.44e-04%, interior primero + pieza menos restrictiva 1.47e-05%, reinicios, interior primero 32.6%] (Knuth: ~144 días) | máximo colocado 54 de 64 | hilos 8 de 12
    ... 183.8 s | grupo 1/3 | 202568603 nodos | revisado 9.48e-04%, faltan ~221 días [interior primero 9.48e-04%, interior primero + pieza menos restrictiva 1.48e-05%, reinicios, interior primero 32.6%] (Knuth: ~144 días) | máximo colocado 54 de 64 | hilos 8 de 12
    ... 185.8 s | grupo 1/3 | 204735295 nodos | revisado 9.54e-04%, faltan ~222 días [interior primero 9.54e-04%, interior primero + pieza menos restrictiva 1.50e-05%, reinicios, interior primero 32.6%] (Knuth: ~144 días) | máximo colocado 54 de 64 | hilos 8 de 12
    ... 187.8 s | grupo 1/3 | 207000111 nodos | revisado 9.56e-04%, faltan ~224 días [interior primero 9.56e-04%, interior primero + pieza menos restrictiva 1.54e-05%, reinicios, interior primero 32.6%] (Knuth: ~144 días) | máximo colocado 54 de 64 | hilos 8 de 12
    ... 189.8 s | grupo 1/3 | 209256759 nodos | revisado 9.61e-04%, faltan ~225 días [interior primero 9.61e-04%, interior primero + pieza menos restrictiva 1.55e-05%, reinicios, interior primero 32.6%] (Knuth: ~144 días) | máximo colocado 54 de 64 | hilos 8 de 12
    ... 191.9 s | grupo 1/3 | 211518060 nodos | revisado 9.63e-04%, faltan ~227 días [interior primero 9.63e-04%, interior primero + pieza menos restrictiva 1.56e-05%, reinicios, interior primero 32.6%] (Knuth: ~144 días) | máximo colocado 54 de 64 | hilos 8 de 12
    ... 193.9 s | grupo 1/3 | 213768913 nodos | revisado 9.67e-04%, faltan ~228 días [interior primero 9.67e-04%, interior primero + pieza menos restrictiva 1.58e-05%, reinicios, interior primero 32.6%] (Knuth: ~144 días) | máximo colocado 54 de 64 | hilos 8 de 12
    ... 195.9 s | grupo 1/3 | 215995787 nodos | revisado 9.69e-04%, faltan ~230 días [interior primero 9.69e-04%, interior primero + pieza menos restrictiva 1.62e-05%, reinicios, interior primero 32.6%] (Knuth: ~144 días) | máximo colocado 54 de 64 | hilos 8 de 12
    ... 197.9 s | grupo 1/3 | 218225141 nodos | revisado 9.70e-04%, faltan ~232 días [interior primero 9.70e-04%, interior primero + pieza menos restrictiva 1.72e-05%, reinicios, interior primero 32.6%] (Knuth: ~144 días) | máximo colocado 54 de 64 | hilos 8 de 12
    ... 199.9 s | grupo 1/3 | 220462581 nodos | revisado 9.71e-04%, faltan ~235 días [interior primero 9.71e-04%, interior primero + pieza menos restrictiva 1.73e-05%, reinicios, interior primero 32.6%] (Knuth: ~144 días) | máximo colocado 54 de 64 | hilos 8 de 12
    ... 201.9 s | grupo 1/3 | 222684521 nodos | revisado 9.73e-04%, faltan ~237 días [interior primero 9.73e-04%, interior primero + pieza menos restrictiva 1.73e-05%, reinicios, interior primero 32.6%] (Knuth: ~144 días) | máximo colocado 54 de 64 | hilos 8 de 12
    ... 203.9 s | grupo 1/3 | 224919117 nodos | revisado 9.76e-04%, faltan ~238 días [interior primero 9.76e-04%, interior primero + pieza menos restrictiva 1.74e-05%, reinicios, interior primero 32.6%] (Knuth: ~144 días) | máximo colocado 54 de 64 | hilos 8 de 12
    ... 205.9 s | grupo 1/3 | 227144594 nodos | revisado 9.78e-04%, faltan ~240 días [interior primero 9.78e-04%, interior primero + pieza menos restrictiva 1.75e-05%, reinicios, interior primero 32.6%] (Knuth: ~144 días) | máximo colocado 54 de 64 | hilos 8 de 12
    ... 207.9 s | grupo 1/3 | 229413772 nodos | revisado 9.79e-04%, faltan ~242 días [interior primero 9.79e-04%, interior primero + pieza menos restrictiva 1.77e-05%, reinicios, interior primero 32.6%] (Knuth: ~144 días) | máximo colocado 54 de 64 | hilos 8 de 12
    ... 209.9 s | grupo 1/3 | 231668540 nodos | revisado 9.82e-04%, faltan ~244 días [interior primero 9.82e-04%, interior primero + pieza menos restrictiva 1.77e-05%, reinicios, interior primero 32.6%] (Knuth: ~144 días) | máximo colocado 54 de 64 | hilos 8 de 12
    ... 212.0 s | grupo 1/3 | 233935436 nodos | revisado 9.85e-04%, faltan ~245 días [interior primero 9.85e-04%, interior primero + pieza menos restrictiva 1.78e-05%, reinicios, interior primero 32.6%] (Knuth: ~144 días) | máximo colocado 54 de 64 | hilos 8 de 12
    ... 214.0 s | grupo 1/3 | 236188781 nodos | revisado 9.87e-04%, faltan ~247 días [interior primero 9.87e-04%, interior primero + pieza menos restrictiva 1.78e-05%, reinicios, interior primero 32.6%] (Knuth: ~144 días) | máximo colocado 54 de 64 | hilos 8 de 12
    ... 216.0 s | grupo 1/3 | 238438644 nodos | revisado 9.90e-04%, faltan ~249 días [interior primero 9.90e-04%, interior primero + pieza menos restrictiva 1.79e-05%, reinicios, interior primero 33.4%] (Knuth: ~144 días) | máximo colocado 54 de 64 | hilos 8 de 12
    ... 218.0 s | grupo 1/3 | 240661045 nodos | revisado 9.95e-04%, faltan ~250 días [interior primero 9.95e-04%, interior primero + pieza menos restrictiva 1.80e-05%, reinicios, interior primero 33.4%] (Knuth: ~144 días) | máximo colocado 54 de 64 | hilos 8 de 12
    ... 220.0 s | grupo 1/3 | 242912945 nodos | revisado 1.00e-03%, faltan ~251 días [interior primero 1.00e-03%, interior primero + pieza menos restrictiva 1.81e-05%, reinicios, interior primero 34.3%] (Knuth: ~144 días) | máximo colocado 54 de 64 | hilos 8 de 12
    ... 222.0 s | grupo 1/3 | 245124654 nodos | revisado 1.01e-03%, faltan ~251 días [interior primero 1.01e-03%, interior primero + pieza menos restrictiva 1.81e-05%, reinicios, interior primero 36.0%] (Knuth: ~144 días) | máximo colocado 54 de 64 | hilos 8 de 12
    ... 224.0 s | grupo 1/3 | 247411153 nodos | revisado 1.01e-03%, faltan ~253 días [interior primero 1.01e-03%, interior primero + pieza menos restrictiva 1.82e-05%, reinicios, interior primero 36.0%] (Knuth: ~144 días) | máximo colocado 54 de 64 | hilos 8 de 12
    ... 226.0 s | grupo 1/3 | 249673881 nodos | revisado 1.01e-03%, faltan ~255 días [interior primero 1.01e-03%, interior primero + pieza menos restrictiva 1.83e-05%, reinicios, interior primero 36.0%] (Knuth: ~144 días) | máximo colocado 54 de 64 | hilos 8 de 12
    ... 228.0 s | grupo 1/3 | 251910409 nodos | revisado 1.02e-03%, faltan ~256 días [interior primero 1.02e-03%, interior primero + pieza menos restrictiva 1.84e-05%, reinicios, interior primero 36.9%] (Knuth: ~144 días) | máximo colocado 54 de 64 | hilos 8 de 12
    ... 230.0 s | grupo 1/3 | 254145628 nodos | revisado 1.03e-03%, faltan ~254 días [interior primero 1.03e-03%, interior primero + pieza menos restrictiva 1.85e-05%, reinicios, interior primero 36.9%] (Knuth: ~144 días) | máximo colocado 54 de 64 | hilos 8 de 12
    ... 232.0 s | grupo 1/3 | 256385879 nodos | revisado 1.04e-03%, faltan ~256 días [interior primero 1.04e-03%, interior primero + pieza menos restrictiva 1.90e-05%, reinicios, interior primero 37.7%] (Knuth: ~144 días) | máximo colocado 54 de 64 | hilos 8 de 12
    ... 234.0 s | grupo 1/3 | 258672263 nodos | revisado 1.04e-03%, faltan ~257 días [interior primero 1.04e-03%, interior primero + pieza menos restrictiva 1.92e-05%, reinicios, interior primero 37.7%] (Knuth: ~144 días) | máximo colocado 54 de 64 | hilos 8 de 12
    ... 236.1 s | grupo 1/3 | 260966715 nodos | revisado 1.04e-03%, faltan ~259 días [interior primero 1.04e-03%, interior primero + pieza menos restrictiva 1.94e-05%, reinicios, interior primero 38.6%] (Knuth: ~144 días) | máximo colocado 54 de 64 | hilos 8 de 12
    ... 238.1 s | grupo 1/3 | 263245754 nodos | revisado 1.05e-03%, faltan ~259 días [interior primero 1.05e-03%, interior primero + pieza menos restrictiva 1.96e-05%, reinicios, interior primero 39.4%] (Knuth: ~144 días) | máximo colocado 54 de 64 | hilos 8 de 12
    ... 240.1 s | grupo 1/3 | 265488081 nodos | revisado 1.06e-03%, faltan ~260 días [interior primero 1.06e-03%, interior primero + pieza menos restrictiva 1.99e-05%, reinicios, interior primero 39.4%] (Knuth: ~144 días) | máximo colocado 54 de 64 | hilos 8 de 12
    ... 242.1 s | grupo 1/3 | 267731433 nodos | revisado 1.06e-03%, faltan ~261 días [interior primero 1.06e-03%, interior primero + pieza menos restrictiva 2.01e-05%, reinicios, interior primero 39.4%] (Knuth: ~144 días) | máximo colocado 54 de 64 | hilos 8 de 12
    ... 244.1 s | grupo 1/3 | 269985324 nodos | revisado 1.06e-03%, faltan ~262 días [interior primero 1.06e-03%, interior primero + pieza menos restrictiva 2.03e-05%, reinicios, interior primero 39.4%] (Knuth: ~144 días) | máximo colocado 54 de 64 | hilos 8 de 12
    ... 246.1 s | grupo 1/3 | 272223292 nodos | revisado 1.07e-03%, faltan ~264 días [interior primero 1.07e-03%, interior primero + pieza menos restrictiva 2.04e-05%, reinicios, interior primero 39.4%] (Knuth: ~144 días) | máximo colocado 54 de 64 | hilos 8 de 12
    ... 248.1 s | grupo 1/3 | 274472453 nodos | revisado 1.07e-03%, faltan ~265 días [interior primero 1.07e-03%, interior primero + pieza menos restrictiva 2.06e-05%, reinicios, interior primero 39.4%] (Knuth: ~144 días) | máximo colocado 54 de 64 | hilos 8 de 12
    ... 250.1 s | grupo 1/3 | 276731129 nodos | revisado 1.07e-03%, faltan ~267 días [interior primero 1.07e-03%, interior primero + pieza menos restrictiva 2.08e-05%, reinicios, interior primero 40.3%] (Knuth: ~144 días) | máximo colocado 54 de 64 | hilos 8 de 12
    ... 252.1 s | grupo 1/3 | 278980444 nodos | revisado 1.08e-03%, faltan ~268 días [interior primero 1.08e-03%, interior primero + pieza menos restrictiva 2.10e-05%, reinicios, interior primero 42.0%] (Knuth: ~144 días) | máximo colocado 54 de 64 | hilos 8 de 12
    ... 254.1 s | grupo 1/3 | 281210529 nodos | revisado 1.08e-03%, faltan ~269 días [interior primero 1.08e-03%, interior primero + pieza menos restrictiva 2.15e-05%, reinicios, interior primero 42.0%] (Knuth: ~144 días) | máximo colocado 54 de 64 | hilos 8 de 12
    ... 256.1 s | grupo 1/3 | 283469323 nodos | revisado 1.08e-03%, faltan ~271 días [interior primero 1.08e-03%, interior primero + pieza menos restrictiva 2.18e-05%, reinicios, interior primero 42.0%] (Knuth: ~144 días) | máximo colocado 54 de 64 | hilos 8 de 12
    ... 258.1 s | grupo 1/3 | 285717485 nodos | revisado 1.09e-03%, faltan ~272 días [interior primero 1.09e-03%, interior primero + pieza menos restrictiva 2.19e-05%, reinicios, interior primero 43.8%] (Knuth: ~144 días) | máximo colocado 54 de 64 | hilos 8 de 12
    ... 260.1 s | grupo 1/3 | 287965852 nodos | revisado 1.09e-03%, faltan ~274 días [interior primero 1.09e-03%, interior primero + pieza menos restrictiva 2.23e-05%, reinicios, interior primero 43.8%] (Knuth: ~144 días) | máximo colocado 54 de 64 | hilos 8 de 12
    ... 262.1 s | grupo 1/3 | 290189142 nodos | revisado 1.09e-03%, faltan ~275 días [interior primero 1.09e-03%, interior primero + pieza menos restrictiva 2.27e-05%, reinicios, interior primero 44.0%] (Knuth: ~144 días) | máximo colocado 54 de 64 | hilos 8 de 12
    ... 264.1 s | grupo 1/3 | 292458820 nodos | revisado 1.20e-03%, faltan ~252 días [interior primero 1.20e-03%, interior primero + pieza menos restrictiva 2.30e-05%, reinicios, interior primero 44.0%] (Knuth: ~144 días) | máximo colocado 54 de 64 | hilos 8 de 12
    ... 266.2 s | grupo 1/3 | 294720938 nodos | revisado 1.20e-03%, faltan ~253 días [interior primero 1.20e-03%, interior primero + pieza menos restrictiva 2.31e-05%, reinicios, interior primero 44.0%] (Knuth: ~144 días) | máximo colocado 54 de 64 | hilos 8 de 12
    ... 268.2 s | grupo 1/3 | 296969909 nodos | revisado 1.20e-03%, faltan ~255 días [interior primero 1.20e-03%, interior primero + pieza menos restrictiva 2.32e-05%, reinicios, interior primero 44.0%] (Knuth: ~144 días) | máximo colocado 54 de 64 | hilos 8 de 12
    ... 270.2 s | grupo 1/3 | 299206996 nodos | revisado 1.21e-03%, faltan ~256 días [interior primero 1.21e-03%, interior primero + pieza menos restrictiva 2.34e-05%, reinicios, interior primero 44.0%] (Knuth: ~144 días) | máximo colocado 54 de 64 | hilos 8 de 12
    portafolio: encontró la solución el equipo "reinicios, interior primero" (nodos: interior primero 111620096, interior primero + pieza menos restrictiva 82154496, reinicios, interior primero 106930155)
[4] Grupo 1: SOLUCIÓN. Verificación: OK
[5] Tiempo total: 5 min
RESULTADO resuelto=1 ms=271535.8 marcos=0 nodos=300704747 grupos=1/3 hilos=12 t_marcos=0.000 t_interior=268.474 lados=0 unificado=1 max_colocadas=64
