[0] Tablero 8x8, 10 colores, 12 hilos
[1] Esquina fija (1,1). 6 grupos, orden por coste: 1.39e+20 1.4e+20 1.4e+20 1.4e+20 1.4e+20 1.41e+20
    grupo 1, orden menos opciones: estimado 7.03e+13 nodos
    grupo 1, orden interior primero: estimado 1e+13 nodos
    grupo 2, orden menos opciones: estimado 1.72e+14 nodos
    grupo 2, orden interior primero: estimado 1.66e+13 nodos
    grupo 3, orden menos opciones: estimado 2.58e+14 nodos
    grupo 3, orden interior primero: estimado 2.01e+13 nodos
    grupo 4, orden menos opciones: estimado 8.78e+13 nodos
    grupo 4, orden interior primero: estimado 9.4e+12 nodos
    grupo 5, orden menos opciones: estimado 6.79e+13 nodos
    grupo 5, orden interior primero: estimado 7.95e+12 nodos
    grupo 6, orden menos opciones: estimado 1.39e+14 nodos
    grupo 6, orden interior primero: estimado 1.74e+13 nodos
[1] Estimado de Knuth por grupo (nodos): 1e+13(i) 1.66e+13(i) 2.01e+13(i) 9.4e+12(i) 7.95e+12(i) 1.74e+13(i)   (i) = interior primero
[2] Grupo 1/6: ruta unificada (mapas por lado), orden: interior primero; grupo grande: 3 estrategias a la vez (normal, pieza menos restrictiva, reinicios)
    ... 5.8 s | grupo 1/6 | 2184730 nodos | revisado 5.0%, faltan ~38 s [interior primero 5.0%, interior primero + pieza menos restrictiva 2.9%, reinicios, interior primero 1.54e-05%] (Knuth: ~107 días) | máximo colocado 51 de 64 | hilos 8 de 12
    ... 7.9 s | grupo 1/6 | 4385287 nodos | revisado 5.0%, faltan ~77 s [interior primero 5.0%, interior primero + pieza menos restrictiva 2.9%, reinicios, interior primero 5.06e-05%] (Knuth: ~106 días) | máximo colocado 51 de 64 | hilos 8 de 12
    ... 9.9 s | grupo 1/6 | 6584650 nodos | revisado 5.0%, faltan ~115 s [interior primero 5.0%, interior primero + pieza menos restrictiva 2.9%, reinicios, interior primero 6.49e-05%] (Knuth: ~106 días) | máximo colocado 51 de 64 | hilos 8 de 12
    ... 11.9 s | grupo 1/6 | 8797553 nodos | revisado 5.0%, faltan ~3 min [interior primero 5.0%, interior primero + pieza menos restrictiva 2.9%, reinicios, interior primero 7.52e-05%] (Knuth: ~106 días) | máximo colocado 51 de 64 | hilos 8 de 12
    portafolio: encontró la solución el equipo "reinicios, interior primero" (nodos: interior primero 3562496, interior primero + pieza menos restrictiva 2580480, reinicios, interior primero 3462366)
[4] Grupo 1: SOLUCIÓN. Verificación: OK
[5] Tiempo total: 13 s
RESULTADO resuelto=1 ms=12636.4 marcos=0 nodos=9605342 grupos=1/6 hilos=12 t_marcos=0.000 t_interior=8.810 lados=0 unificado=1 max_colocadas=64
