[0] Tablero 8x8, 10 colores, 12 hilos
[1] Esquina fija (2,3). 6 grupos, orden por coste: 6.13e+19 6.13e+19 6.14e+19 6.14e+19 6.14e+19 6.14e+19
    grupo 1, orden menos opciones: estimado 6.82e+13 nodos
    grupo 1, orden interior primero: estimado 8.17e+12 nodos
    grupo 2, orden menos opciones: estimado 2.64e+13 nodos
    grupo 2, orden interior primero: estimado 4.8e+12 nodos
    grupo 3, orden menos opciones: estimado 3.14e+13 nodos
    grupo 3, orden interior primero: estimado 4.57e+12 nodos
    grupo 4, orden menos opciones: estimado 2.24e+13 nodos
    grupo 4, orden interior primero: estimado 6.28e+12 nodos
    grupo 5, orden menos opciones: estimado 2.72e+13 nodos
    grupo 5, orden interior primero: estimado 8.01e+12 nodos
    grupo 6, orden menos opciones: estimado 1.94e+13 nodos
    grupo 6, orden interior primero: estimado 6.76e+12 nodos
[1] Estimado de Knuth por grupo (nodos): 8.17e+12(i) 4.8e+12(i) 4.57e+12(i) 6.28e+12(i) 8.01e+12(i) 1.94e+13   (i) = interior primero
[2] Grupo 1/6: ruta unificada (mapas por lado), orden: interior primero; grupo grande: 3 estrategias a la vez (normal, pieza menos restrictiva, reinicios)
    ... 5.7 s | grupo 1/6 | 2276963 nodos | revisado 3.7%, faltan ~53 s [interior primero 0.735%, interior primero + pieza menos restrictiva 3.7%, reinicios, interior primero 1.20e-04%] (Knuth: ~83 días) | máximo colocado 49 de 64 | hilos 8 de 12
    ... 7.7 s | grupo 1/6 | 4602903 nodos | revisado 3.7%, faltan ~105 s [interior primero 0.735%, interior primero + pieza menos restrictiva 3.7%, reinicios, interior primero 1.49e-04%] (Knuth: ~83 días) | máximo colocado 52 de 64 | hilos 8 de 12
    ... 9.7 s | grupo 1/6 | 6951773 nodos | revisado 3.7%, faltan ~3 min [interior primero 0.735%, interior primero + pieza menos restrictiva 3.7%, reinicios, interior primero 1.82e-04%] (Knuth: ~82 días) | máximo colocado 52 de 64 | hilos 8 de 12
    ... 11.7 s | grupo 1/6 | 9277508 nodos | revisado 3.7%, faltan ~4 min [interior primero 0.735%, interior primero + pieza menos restrictiva 3.7%, reinicios, interior primero 2.92e-04%] (Knuth: ~82 días) | máximo colocado 52 de 64 | hilos 8 de 12
    ... 13.7 s | grupo 1/6 | 11580302 nodos | revisado 3.7%, faltan ~4 min [interior primero 0.735%, interior primero + pieza menos restrictiva 3.7%, reinicios, interior primero 2.67e-03%] (Knuth: ~82 días) | máximo colocado 52 de 64 | hilos 8 de 12
    ... 15.7 s | grupo 1/6 | 13908595 nodos | revisado 3.7%, faltan ~5 min [interior primero 0.735%, interior primero + pieza menos restrictiva 3.7%, reinicios, interior primero 2.70e-03%] (Knuth: ~82 días) | máximo colocado 52 de 64 | hilos 8 de 12
    ... 17.8 s | grupo 1/6 | 16193205 nodos | revisado 3.7%, faltan ~6 min [interior primero 0.735%, interior primero + pieza menos restrictiva 3.7%, reinicios, interior primero 2.73e-03%] (Knuth: ~82 días) | máximo colocado 55 de 64 | hilos 8 de 12
    ... 19.8 s | grupo 1/6 | 18516074 nodos | revisado 3.7%, faltan ~7 min [interior primero 0.735%, interior primero + pieza menos restrictiva 3.7%, reinicios, interior primero 2.78e-03%] (Knuth: ~82 días) | máximo colocado 55 de 64 | hilos 8 de 12
    ... 21.8 s | grupo 1/6 | 20833889 nodos | revisado 3.7%, faltan ~8 min [interior primero 0.735%, interior primero + pieza menos restrictiva 3.7%, reinicios, interior primero 2.87e-03%] (Knuth: ~82 días) | máximo colocado 55 de 64 | hilos 8 de 12
    ... 23.8 s | grupo 1/6 | 23137341 nodos | revisado 3.7%, faltan ~9 min [interior primero 0.735%, interior primero + pieza menos restrictiva 3.7%, reinicios, interior primero 3.04e-03%] (Knuth: ~82 días) | máximo colocado 55 de 64 | hilos 8 de 12
    ... 25.8 s | grupo 1/6 | 25434346 nodos | revisado 3.7%, faltan ~10 min [interior primero 0.735%, interior primero + pieza menos restrictiva 3.7%, reinicios, interior primero 3.06e-03%] (Knuth: ~82 días) | máximo colocado 55 de 64 | hilos 8 de 12
    ... 27.8 s | grupo 1/6 | 27787766 nodos | revisado 3.7%, faltan ~11 min [interior primero 0.735%, interior primero + pieza menos restrictiva 3.7%, reinicios, interior primero 3.09e-03%] (Knuth: ~82 días) | máximo colocado 55 de 64 | hilos 8 de 12
    ... 29.8 s | grupo 1/6 | 30111557 nodos | revisado 3.7%, faltan ~11 min [interior primero 0.735%, interior primero + pieza menos restrictiva 3.7%, reinicios, interior primero 3.13e-03%] (Knuth: ~82 días) | máximo colocado 55 de 64 | hilos 8 de 12
    ... 31.8 s | grupo 1/6 | 32401227 nodos | revisado 3.7%, faltan ~12 min [interior primero 0.735%, interior primero + pieza menos restrictiva 3.7%, reinicios, interior primero 3.45e-03%] (Knuth: ~82 días) | máximo colocado 55 de 64 | hilos 8 de 12
    ... 33.8 s | grupo 1/6 | 34697769 nodos | revisado 3.7%, faltan ~13 min [interior primero 0.735%, interior primero + pieza menos restrictiva 3.7%, reinicios, interior primero 3.64e-03%] (Knuth: ~82 días) | máximo colocado 55 de 64 | hilos 8 de 12
    ... 35.8 s | grupo 1/6 | 37010876 nodos | revisado 3.7%, faltan ~14 min [interior primero 0.735%, interior primero + pieza menos restrictiva 3.7%, reinicios, interior primero 3.64e-03%] (Knuth: ~82 días) | máximo colocado 55 de 64 | hilos 8 de 12
    ... 37.8 s | grupo 1/6 | 39331303 nodos | revisado 3.7%, faltan ~15 min [interior primero 0.735%, interior primero + pieza menos restrictiva 3.7%, reinicios, interior primero 3.65e-03%] (Knuth: ~82 días) | máximo colocado 55 de 64 | hilos 8 de 12
    ... 39.8 s | grupo 1/6 | 41681880 nodos | revisado 3.7%, faltan ~16 min [interior primero 0.735%, interior primero + pieza menos restrictiva 3.7%, reinicios, interior primero 3.69e-03%] (Knuth: ~82 días) | máximo colocado 55 de 64 | hilos 8 de 12
    ... 41.9 s | grupo 1/6 | 44003009 nodos | revisado 3.7%, faltan ~17 min [interior primero 0.735%, interior primero + pieza menos restrictiva 3.7%, reinicios, interior primero 3.79e-03%] (Knuth: ~82 días) | máximo colocado 55 de 64 | hilos 8 de 12
    ... 43.9 s | grupo 1/6 | 46292970 nodos | revisado 3.7%, faltan ~18 min [interior primero 0.735%, interior primero + pieza menos restrictiva 3.7%, reinicios, interior primero 3.84e-03%] (Knuth: ~82 días) | máximo colocado 55 de 64 | hilos 8 de 12
    ... 45.9 s | grupo 1/6 | 48597504 nodos | revisado 3.7%, faltan ~18 min [interior primero 0.735%, interior primero + pieza menos restrictiva 3.7%, reinicios, interior primero 4.01e-03%] (Knuth: ~82 días) | máximo colocado 55 de 64 | hilos 8 de 12
    ... 47.9 s | grupo 1/6 | 50872962 nodos | revisado 3.7%, faltan ~19 min [interior primero 0.735%, interior primero + pieza menos restrictiva 3.7%, reinicios, interior primero 4.31e-03%] (Knuth: ~82 días) | máximo colocado 55 de 64 | hilos 8 de 12
    ... 49.9 s | grupo 1/6 | 53177655 nodos | revisado 3.7%, faltan ~20 min [interior primero 0.736%, interior primero + pieza menos restrictiva 3.7%, reinicios, interior primero 4.33e-03%] (Knuth: ~82 días) | máximo colocado 55 de 64 | hilos 8 de 12
    ... 51.9 s | grupo 1/6 | 55439484 nodos | revisado 3.7%, faltan ~21 min [interior primero 0.736%, interior primero + pieza menos restrictiva 3.7%, reinicios, interior primero 4.34e-03%] (Knuth: ~82 días) | máximo colocado 55 de 64 | hilos 8 de 12
    ... 53.9 s | grupo 1/6 | 57751763 nodos | revisado 3.7%, faltan ~22 min [interior primero 0.736%, interior primero + pieza menos restrictiva 3.7%, reinicios, interior primero 4.40e-03%] (Knuth: ~82 días) | máximo colocado 55 de 64 | hilos 8 de 12
    ... 55.9 s | grupo 1/6 | 60064071 nodos | revisado 3.7%, faltan ~23 min [interior primero 0.736%, interior primero + pieza menos restrictiva 3.7%, reinicios, interior primero 4.43e-03%] (Knuth: ~82 días) | máximo colocado 55 de 64 | hilos 8 de 12
    ... 57.9 s | grupo 1/6 | 62398437 nodos | revisado 3.7%, faltan ~24 min [interior primero 0.736%, interior primero + pieza menos restrictiva 3.7%, reinicios, interior primero 4.45e-03%] (Knuth: ~82 días) | máximo colocado 55 de 64 | hilos 8 de 12
    ... 59.9 s | grupo 1/6 | 64714135 nodos | revisado 3.7%, faltan ~25 min [interior primero 0.736%, interior primero + pieza menos restrictiva 3.7%, reinicios, interior primero 4.50e-03%] (Knuth: ~82 días) | máximo colocado 55 de 64 | hilos 8 de 12
    ... 61.9 s | grupo 1/6 | 66996127 nodos | revisado 3.7%, faltan ~25 min [interior primero 0.736%, interior primero + pieza menos restrictiva 3.7%, reinicios, interior primero 4.53e-03%] (Knuth: ~82 días) | máximo colocado 55 de 64 | hilos 8 de 12
    ... 63.9 s | grupo 1/6 | 69343305 nodos | revisado 3.7%, faltan ~26 min [interior primero 0.736%, interior primero + pieza menos restrictiva 3.7%, reinicios, interior primero 4.55e-03%] (Knuth: ~82 días) | máximo colocado 55 de 64 | hilos 8 de 12
    ... 65.9 s | grupo 1/6 | 71685178 nodos | revisado 3.7%, faltan ~27 min [interior primero 0.736%, interior primero + pieza menos restrictiva 3.7%, reinicios, interior primero 4.59e-03%] (Knuth: ~82 días) | máximo colocado 55 de 64 | hilos 8 de 12
    ... 68.0 s | grupo 1/6 | 73995033 nodos | revisado 3.7%, faltan ~28 min [interior primero 0.736%, interior primero + pieza menos restrictiva 3.7%, reinicios, interior primero 4.61e-03%] (Knuth: ~82 días) | máximo colocado 55 de 64 | hilos 8 de 12
    ... 70.0 s | grupo 1/6 | 76348580 nodos | revisado 3.7%, faltan ~29 min [interior primero 0.736%, interior primero + pieza menos restrictiva 3.7%, reinicios, interior primero 4.64e-03%] (Knuth: ~82 días) | máximo colocado 55 de 64 | hilos 8 de 12
    ... 72.0 s | grupo 1/6 | 78688522 nodos | revisado 3.7%, faltan ~30 min [interior primero 0.736%, interior primero + pieza menos restrictiva 3.7%, reinicios, interior primero 4.67e-03%] (Knuth: ~82 días) | máximo colocado 55 de 64 | hilos 8 de 12
    ... 74.0 s | grupo 1/6 | 81022762 nodos | revisado 3.7%, faltan ~31 min [interior primero 0.736%, interior primero + pieza menos restrictiva 3.7%, reinicios, interior primero 4.69e-03%] (Knuth: ~82 días) | máximo colocado 55 de 64 | hilos 8 de 12
    ... 76.0 s | grupo 1/6 | 83336787 nodos | revisado 3.7%, faltan ~32 min [interior primero 0.736%, interior primero + pieza menos restrictiva 3.7%, reinicios, interior primero 4.71e-03%] (Knuth: ~82 días) | máximo colocado 55 de 64 | hilos 8 de 12
    ... 78.0 s | grupo 1/6 | 85673684 nodos | revisado 3.7%, faltan ~32 min [interior primero 0.736%, interior primero + pieza menos restrictiva 3.7%, reinicios, interior primero 4.72e-03%] (Knuth: ~82 días) | máximo colocado 55 de 64 | hilos 8 de 12
    ... 80.0 s | grupo 1/6 | 87993084 nodos | revisado 3.7%, faltan ~33 min [interior primero 0.736%, interior primero + pieza menos restrictiva 3.7%, reinicios, interior primero 4.74e-03%] (Knuth: ~82 días) | máximo colocado 55 de 64 | hilos 8 de 12
    ... 82.0 s | grupo 1/6 | 90270408 nodos | revisado 3.7%, faltan ~34 min [interior primero 0.736%, interior primero + pieza menos restrictiva 3.7%, reinicios, interior primero 4.81e-03%] (Knuth: ~82 días) | máximo colocado 55 de 64 | hilos 8 de 12
    ... 84.0 s | grupo 1/6 | 92531524 nodos | revisado 3.7%, faltan ~35 min [interior primero 0.736%, interior primero + pieza menos restrictiva 3.7%, reinicios, interior primero 4.93e-03%] (Knuth: ~82 días) | máximo colocado 55 de 64 | hilos 8 de 12
    ... 86.0 s | grupo 1/6 | 94816260 nodos | revisado 3.7%, faltan ~36 min [interior primero 0.736%, interior primero + pieza menos restrictiva 3.7%, reinicios, interior primero 4.94e-03%] (Knuth: ~82 días) | máximo colocado 55 de 64 | hilos 8 de 12
    ... 88.0 s | grupo 1/6 | 97122685 nodos | revisado 3.7%, faltan ~37 min [interior primero 0.736%, interior primero + pieza menos restrictiva 3.7%, reinicios, interior primero 5.01e-03%] (Knuth: ~82 días) | máximo colocado 55 de 64 | hilos 8 de 12
    ... 90.0 s | grupo 1/6 | 99433324 nodos | revisado 3.7%, faltan ~38 min [interior primero 0.736%, interior primero + pieza menos restrictiva 3.7%, reinicios, interior primero 5.06e-03%] (Knuth: ~82 días) | máximo colocado 55 de 64 | hilos 8 de 12
    ... 92.0 s | grupo 1/6 | 101747638 nodos | revisado 3.7%, faltan ~39 min [interior primero 0.736%, interior primero + pieza menos restrictiva 3.7%, reinicios, interior primero 5.10e-03%] (Knuth: ~82 días) | máximo colocado 55 de 64 | hilos 8 de 12
    ... 94.1 s | grupo 1/6 | 104058581 nodos | revisado 3.7%, faltan ~39 min [interior primero 0.736%, interior primero + pieza menos restrictiva 3.7%, reinicios, interior primero 5.12e-03%] (Knuth: ~82 días) | máximo colocado 55 de 64 | hilos 8 de 12
    ... 96.1 s | grupo 1/6 | 106375303 nodos | revisado 3.7%, faltan ~40 min [interior primero 0.736%, interior primero + pieza menos restrictiva 3.7%, reinicios, interior primero 5.19e-03%] (Knuth: ~82 días) | máximo colocado 55 de 64 | hilos 8 de 12
    ... 98.1 s | grupo 1/6 | 108689753 nodos | revisado 3.7%, faltan ~41 min [interior primero 0.736%, interior primero + pieza menos restrictiva 3.7%, reinicios, interior primero 5.25e-03%] (Knuth: ~82 días) | máximo colocado 55 de 64 | hilos 8 de 12
    ... 100.1 s | grupo 1/6 | 111009942 nodos | revisado 3.7%, faltan ~42 min [interior primero 0.736%, interior primero + pieza menos restrictiva 3.7%, reinicios, interior primero 5.30e-03%] (Knuth: ~82 días) | máximo colocado 55 de 64 | hilos 8 de 12
    ... 102.1 s | grupo 1/6 | 113335886 nodos | revisado 3.7%, faltan ~43 min [interior primero 0.736%, interior primero + pieza menos restrictiva 3.7%, reinicios, interior primero 5.38e-03%] (Knuth: ~82 días) | máximo colocado 55 de 64 | hilos 8 de 12
    ... 104.1 s | grupo 1/6 | 115646976 nodos | revisado 3.7%, faltan ~44 min [interior primero 0.736%, interior primero + pieza menos restrictiva 3.7%, reinicios, interior primero 5.46e-03%] (Knuth: ~82 días) | máximo colocado 55 de 64 | hilos 8 de 12
    ... 106.1 s | grupo 1/6 | 117977695 nodos | revisado 3.7%, faltan ~45 min [interior primero 0.736%, interior primero + pieza menos restrictiva 3.7%, reinicios, interior primero 5.52e-03%] (Knuth: ~82 días) | máximo colocado 55 de 64 | hilos 8 de 12
    ... 108.1 s | grupo 1/6 | 120294426 nodos | revisado 3.7%, faltan ~46 min [interior primero 0.736%, interior primero + pieza menos restrictiva 3.7%, reinicios, interior primero 5.58e-03%] (Knuth: ~82 días) | máximo colocado 55 de 64 | hilos 8 de 12
    ... 110.1 s | grupo 1/6 | 122515565 nodos | revisado 3.7%, faltan ~46 min [interior primero 0.736%, interior primero + pieza menos restrictiva 3.7%, reinicios, interior primero 5.62e-03%] (Knuth: ~82 días) | máximo colocado 55 de 64 | hilos 8 de 12
    ... 112.1 s | grupo 1/6 | 124814780 nodos | revisado 3.7%, faltan ~47 min [interior primero 0.736%, interior primero + pieza menos restrictiva 3.7%, reinicios, interior primero 5.65e-03%] (Knuth: ~82 días) | máximo colocado 55 de 64 | hilos 8 de 12
    ... 114.1 s | grupo 1/6 | 127116597 nodos | revisado 3.7%, faltan ~48 min [interior primero 0.736%, interior primero + pieza menos restrictiva 3.7%, reinicios, interior primero 5.74e-03%] (Knuth: ~82 días) | máximo colocado 55 de 64 | hilos 8 de 12
    ... 116.1 s | grupo 1/6 | 129422778 nodos | revisado 3.7%, faltan ~49 min [interior primero 0.736%, interior primero + pieza menos restrictiva 3.7%, reinicios, interior primero 5.76e-03%] (Knuth: ~82 días) | máximo colocado 55 de 64 | hilos 8 de 12
    ... 118.2 s | grupo 1/6 | 131723555 nodos | revisado 3.7%, faltan ~50 min [interior primero 0.736%, interior primero + pieza menos restrictiva 3.7%, reinicios, interior primero 5.79e-03%] (Knuth: ~82 días) | máximo colocado 55 de 64 | hilos 8 de 12
    ... 120.2 s | grupo 1/6 | 133984302 nodos | revisado 3.7%, faltan ~51 min [interior primero 0.736%, interior primero + pieza menos restrictiva 3.7%, reinicios, interior primero 5.81e-03%] (Knuth: ~82 días) | máximo colocado 55 de 64 | hilos 8 de 12
    ... 122.2 s | grupo 1/6 | 136242564 nodos | revisado 3.7%, faltan ~52 min [interior primero 0.736%, interior primero + pieza menos restrictiva 3.7%, reinicios, interior primero 5.85e-03%] (Knuth: ~82 días) | máximo colocado 55 de 64 | hilos 8 de 12
    ... 124.2 s | grupo 1/6 | 138522445 nodos | revisado 3.7%, faltan ~53 min [interior primero 0.736%, interior primero + pieza menos restrictiva 3.7%, reinicios, interior primero 5.95e-03%] (Knuth: ~82 días) | máximo colocado 55 de 64 | hilos 8 de 12
    ... 126.2 s | grupo 1/6 | 140817833 nodos | revisado 3.7%, faltan ~53 min [interior primero 0.736%, interior primero + pieza menos restrictiva 3.7%, reinicios, interior primero 5.97e-03%] (Knuth: ~82 días) | máximo colocado 55 de 64 | hilos 8 de 12
    ... 128.2 s | grupo 1/6 | 143125270 nodos | revisado 3.7%, faltan ~54 min [interior primero 0.736%, interior primero + pieza menos restrictiva 3.7%, reinicios, interior primero 6.06e-03%] (Knuth: ~82 días) | máximo colocado 55 de 64 | hilos 8 de 12
    ... 130.2 s | grupo 1/6 | 145450880 nodos | revisado 3.7%, faltan ~55 min [interior primero 0.736%, interior primero + pieza menos restrictiva 3.7%, reinicios, interior primero 6.09e-03%] (Knuth: ~82 días) | máximo colocado 55 de 64 | hilos 8 de 12
    ... 132.2 s | grupo 1/6 | 147778428 nodos | revisado 3.7%, faltan ~56 min [interior primero 0.736%, interior primero + pieza menos restrictiva 3.7%, reinicios, interior primero 6.16e-03%] (Knuth: ~82 días) | máximo colocado 55 de 64 | hilos 8 de 12
    ... 134.2 s | grupo 1/6 | 150130792 nodos | revisado 3.7%, faltan ~57 min [interior primero 0.736%, interior primero + pieza menos restrictiva 3.7%, reinicios, interior primero 6.25e-03%] (Knuth: ~82 días) | máximo colocado 55 de 64 | hilos 8 de 12
    ... 136.2 s | grupo 1/6 | 152455495 nodos | revisado 3.7%, faltan ~58 min [interior primero 0.736%, interior primero + pieza menos restrictiva 3.7%, reinicios, interior primero 6.31e-03%] (Knuth: ~82 días) | máximo colocado 55 de 64 | hilos 8 de 12
    ... 138.2 s | grupo 1/6 | 154754951 nodos | revisado 3.7%, faltan ~59 min [interior primero 0.736%, interior primero + pieza menos restrictiva 3.7%, reinicios, interior primero 6.33e-03%] (Knuth: ~82 días) | máximo colocado 55 de 64 | hilos 8 de 12
    ... 140.2 s | grupo 1/6 | 157107821 nodos | revisado 3.7%, faltan ~60 min [interior primero 0.736%, interior primero + pieza menos restrictiva 3.7%, reinicios, interior primero 6.40e-03%] (Knuth: ~82 días) | máximo colocado 55 de 64 | hilos 8 de 12
    portafolio: encontró la solución el equipo "reinicios, interior primero" (nodos: interior primero 58188800, interior primero + pieza menos restrictiva 40806400, reinicios, interior primero 60264795)
[4] Grupo 1: SOLUCIÓN. Verificación: OK
[5] Tiempo total: 2 min
RESULTADO resuelto=1 ms=142110.6 marcos=0 nodos=159259995 grupos=1/6 hilos=12 t_marcos=0.000 t_interior=138.438 lados=0 unificado=1 max_colocadas=64
