[0] Tablero 8x8, 11 colores, 12 hilos
[1] Esquina fija (4,1). 6 grupos, orden por coste: 2.17e+16 2.17e+16 2.17e+16 2.17e+16 2.17e+16 2.17e+16
    grupo 1, orden menos opciones: estimado 5.52e+10 nodos
    grupo 1, orden interior primero: estimado 2.26e+11 nodos
    grupo 2, orden menos opciones: estimado 4.05e+10 nodos
    grupo 2, orden interior primero: estimado 1.28e+11 nodos
    grupo 3, orden menos opciones: estimado 5.28e+10 nodos
    grupo 3, orden interior primero: estimado 1.61e+11 nodos
    grupo 4, orden menos opciones: estimado 8.57e+10 nodos
    grupo 4, orden interior primero: estimado 4.46e+11 nodos
    grupo 5, orden menos opciones: estimado 5.65e+10 nodos
    grupo 5, orden interior primero: estimado 3.34e+11 nodos
    grupo 6, orden menos opciones: estimado 5.23e+10 nodos
    grupo 6, orden interior primero: estimado 3.38e+11 nodos
[1] Estimado de Knuth por grupo (nodos): 5.52e+10 4.05e+10 5.28e+10 8.57e+10 5.65e+10 5.23e+10   (i) = interior primero
[2] Grupo 1/6: ruta unificada (mapas por lado), orden: menos opciones; grupo grande: 3 estrategias a la vez (normal, pieza menos restrictiva, reinicios)
    ... 5.7 s | grupo 1/6 | 2114964 nodos | revisado 5.49e-04%, faltan ~4 días [menos opciones 2.64e-04%, menos opciones + pieza menos restrictiva 5.49e-04%, reinicios, menos opciones 0.013%] (Knuth: ~14.5 h) | máximo colocado 52 de 64 | hilos 8 de 12
    ... 7.7 s | grupo 1/6 | 4234502 nodos | revisado 1.08e-03%, faltan ~4 días [menos opciones 4.34e-04%, menos opciones + pieza menos restrictiva 1.08e-03%, reinicios, menos opciones 0.020%] (Knuth: ~14.5 h) | máximo colocado 52 de 64 | hilos 8 de 12
    ... 9.7 s | grupo 1/6 | 6381424 nodos | revisado 2.03e-03%, faltan ~3 días [menos opciones 6.42e-04%, menos opciones + pieza menos restrictiva 2.03e-03%, reinicios, menos opciones 0.039%] (Knuth: ~14.5 h) | máximo colocado 53 de 64 | hilos 8 de 12
    ... 11.7 s | grupo 1/6 | 8506949 nodos | revisado 2.19e-03%, faltan ~4 días [menos opciones 1.10e-03%, menos opciones + pieza menos restrictiva 2.19e-03%, reinicios, menos opciones 0.051%] (Knuth: ~14.5 h) | máximo colocado 53 de 64 | hilos 8 de 12
    ... 13.7 s | grupo 1/6 | 10622884 nodos | revisado 2.48e-03%, faltan ~5 días [menos opciones 1.61e-03%, menos opciones + pieza menos restrictiva 2.48e-03%, reinicios, menos opciones 0.084%] (Knuth: ~14.5 h) | máximo colocado 53 de 64 | hilos 8 de 12
    ... 15.7 s | grupo 1/6 | 12751021 nodos | revisado 2.74e-03%, faltan ~5 días [menos opciones 2.00e-03%, menos opciones + pieza menos restrictiva 2.74e-03%, reinicios, menos opciones 0.096%] (Knuth: ~14.5 h) | máximo colocado 53 de 64 | hilos 8 de 12
    ... 17.7 s | grupo 1/6 | 14944609 nodos | revisado 2.87e-03%, faltan ~6 días [menos opciones 2.51e-03%, menos opciones + pieza menos restrictiva 2.87e-03%, reinicios, menos opciones 0.100%] (Knuth: ~14.4 h) | máximo colocado 53 de 64 | hilos 8 de 12
    ... 19.7 s | grupo 1/6 | 17085458 nodos | revisado 3.01e-03%, faltan ~6 días [menos opciones 2.66e-03%, menos opciones + pieza menos restrictiva 3.01e-03%, reinicios, menos opciones 0.104%] (Knuth: ~14.4 h) | máximo colocado 53 de 64 | hilos 8 de 12
    ... 21.7 s | grupo 1/6 | 19198439 nodos | revisado 3.08e-03%, faltan ~7 días [menos opciones 2.80e-03%, menos opciones + pieza menos restrictiva 3.08e-03%, reinicios, menos opciones 0.110%] (Knuth: ~14.4 h) | máximo colocado 53 de 64 | hilos 8 de 12
    ... 23.7 s | grupo 1/6 | 21303438 nodos | revisado 3.29e-03%, faltan ~7 días [menos opciones 2.89e-03%, menos opciones + pieza menos restrictiva 3.29e-03%, reinicios, menos opciones 0.120%] (Knuth: ~14.5 h) | máximo colocado 53 de 64 | hilos 8 de 12
    ... 25.7 s | grupo 1/6 | 23398734 nodos | revisado 3.43e-03%, faltan ~7 días [menos opciones 3.05e-03%, menos opciones + pieza menos restrictiva 3.43e-03%, reinicios, menos opciones 0.132%] (Knuth: ~14.5 h) | máximo colocado 53 de 64 | hilos 8 de 12
    ... 27.8 s | grupo 1/6 | 25508914 nodos | revisado 3.65e-03%, faltan ~8 días [menos opciones 3.30e-03%, menos opciones + pieza menos restrictiva 3.65e-03%, reinicios, menos opciones 0.149%] (Knuth: ~14.5 h) | máximo colocado 54 de 64 | hilos 8 de 12
    ... 29.8 s | grupo 1/6 | 27627652 nodos | revisado 3.93e-03%, faltan ~8 días [menos opciones 3.57e-03%, menos opciones + pieza menos restrictiva 3.93e-03%, reinicios, menos opciones 0.158%] (Knuth: ~14.5 h) | máximo colocado 54 de 64 | hilos 8 de 12
    ... 31.8 s | grupo 1/6 | 29765493 nodos | revisado 4.06e-03%, faltan ~8 días [menos opciones 3.65e-03%, menos opciones + pieza menos restrictiva 4.06e-03%, reinicios, menos opciones 0.170%] (Knuth: ~14.5 h) | máximo colocado 54 de 64 | hilos 8 de 12
    ... 33.8 s | grupo 1/6 | 31895012 nodos | revisado 4.22e-03%, faltan ~8 días [menos opciones 3.81e-03%, menos opciones + pieza menos restrictiva 4.22e-03%, reinicios, menos opciones 0.177%] (Knuth: ~14.5 h) | máximo colocado 54 de 64 | hilos 8 de 12
    ... 35.8 s | grupo 1/6 | 34031631 nodos | revisado 4.36e-03%, faltan ~9 días [menos opciones 4.06e-03%, menos opciones + pieza menos restrictiva 4.36e-03%, reinicios, menos opciones 0.189%] (Knuth: ~14.5 h) | máximo colocado 54 de 64 | hilos 8 de 12
    ... 37.8 s | grupo 1/6 | 36137608 nodos | revisado 4.55e-03%, faltan ~9 días [menos opciones 4.18e-03%, menos opciones + pieza menos restrictiva 4.55e-03%, reinicios, menos opciones 0.195%] (Knuth: ~14.5 h) | máximo colocado 54 de 64 | hilos 8 de 12
    ... 39.8 s | grupo 1/6 | 38238911 nodos | revisado 4.66e-03%, faltan ~9 días [menos opciones 4.27e-03%, menos opciones + pieza menos restrictiva 4.66e-03%, reinicios, menos opciones 0.202%] (Knuth: ~14.5 h) | máximo colocado 54 de 64 | hilos 8 de 12
    ... 41.8 s | grupo 1/6 | 40363003 nodos | revisado 4.73e-03%, faltan ~9 días [menos opciones 4.46e-03%, menos opciones + pieza menos restrictiva 4.73e-03%, reinicios, menos opciones 0.210%] (Knuth: ~14.5 h) | máximo colocado 54 de 64 | hilos 8 de 12
    ... 43.8 s | grupo 1/6 | 42460381 nodos | revisado 4.93e-03%, faltan ~9 días [menos opciones 4.84e-03%, menos opciones + pieza menos restrictiva 4.93e-03%, reinicios, menos opciones 0.218%] (Knuth: ~14.5 h) | máximo colocado 56 de 64 | hilos 8 de 12
    ... 45.8 s | grupo 1/6 | 44552378 nodos | revisado 5.47e-03%, faltan ~9 días [menos opciones 4.95e-03%, menos opciones + pieza menos restrictiva 5.47e-03%, reinicios, menos opciones 0.222%] (Knuth: ~14.5 h) | máximo colocado 56 de 64 | hilos 8 de 12
    ... 47.8 s | grupo 1/6 | 46663718 nodos | revisado 6.21e-03%, faltan ~8 días [menos opciones 5.09e-03%, menos opciones + pieza menos restrictiva 6.21e-03%, reinicios, menos opciones 0.231%] (Knuth: ~14.5 h) | máximo colocado 56 de 64 | hilos 8 de 12
    ... 49.8 s | grupo 1/6 | 48800694 nodos | revisado 6.71e-03%, faltan ~8 días [menos opciones 5.29e-03%, menos opciones + pieza menos restrictiva 6.71e-03%, reinicios, menos opciones 0.235%] (Knuth: ~14.5 h) | máximo colocado 56 de 64 | hilos 8 de 12
    ... 51.8 s | grupo 1/6 | 50932611 nodos | revisado 7.01e-03%, faltan ~8 días [menos opciones 5.43e-03%, menos opciones + pieza menos restrictiva 7.01e-03%, reinicios, menos opciones 0.241%] (Knuth: ~14.5 h) | máximo colocado 56 de 64 | hilos 8 de 12
    ... 53.9 s | grupo 1/6 | 53082768 nodos | revisado 7.30e-03%, faltan ~8 días [menos opciones 5.74e-03%, menos opciones + pieza menos restrictiva 7.30e-03%, reinicios, menos opciones 0.250%] (Knuth: ~14.5 h) | máximo colocado 56 de 64 | hilos 8 de 12
    ... 55.9 s | grupo 1/6 | 55206161 nodos | revisado 7.34e-03%, faltan ~8 días [menos opciones 6.05e-03%, menos opciones + pieza menos restrictiva 7.34e-03%, reinicios, menos opciones 0.261%] (Knuth: ~14.5 h) | máximo colocado 56 de 64 | hilos 8 de 12
    ... 57.9 s | grupo 1/6 | 57316592 nodos | revisado 7.42e-03%, faltan ~8 días [menos opciones 6.27e-03%, menos opciones + pieza menos restrictiva 7.42e-03%, reinicios, menos opciones 0.264%] (Knuth: ~14.5 h) | máximo colocado 56 de 64 | hilos 8 de 12
    ... 59.9 s | grupo 1/6 | 59441076 nodos | revisado 7.55e-03%, faltan ~9 días [menos opciones 6.67e-03%, menos opciones + pieza menos restrictiva 7.55e-03%, reinicios, menos opciones 0.270%] (Knuth: ~14.5 h) | máximo colocado 56 de 64 | hilos 8 de 12
    ... 61.9 s | grupo 1/6 | 61524181 nodos | revisado 7.69e-03%, faltan ~9 días [menos opciones 7.35e-03%, menos opciones + pieza menos restrictiva 7.69e-03%, reinicios, menos opciones 0.278%] (Knuth: ~14.5 h) | máximo colocado 56 de 64 | hilos 8 de 12
    ... 63.9 s | grupo 1/6 | 63621385 nodos | revisado 8.09e-03%, faltan ~9 días [menos opciones 7.78e-03%, menos opciones + pieza menos restrictiva 8.09e-03%, reinicios, menos opciones 0.289%] (Knuth: ~14.5 h) | máximo colocado 56 de 64 | hilos 8 de 12
    ... 65.9 s | grupo 1/6 | 65767086 nodos | revisado 8.41e-03%, faltan ~9 días [menos opciones 8.04e-03%, menos opciones + pieza menos restrictiva 8.41e-03%, reinicios, menos opciones 0.296%] (Knuth: ~14.5 h) | máximo colocado 56 de 64 | hilos 8 de 12
    ... 67.9 s | grupo 1/6 | 67901296 nodos | revisado 9.46e-03%, faltan ~8 días [menos opciones 8.48e-03%, menos opciones + pieza menos restrictiva 9.46e-03%, reinicios, menos opciones 0.307%] (Knuth: ~14.5 h) | máximo colocado 56 de 64 | hilos 8 de 12
    ... 69.9 s | grupo 1/6 | 70050383 nodos | revisado 0.010%, faltan ~7 días [menos opciones 8.73e-03%, menos opciones + pieza menos restrictiva 0.010%, reinicios, menos opciones 0.313%] (Knuth: ~14.5 h) | máximo colocado 56 de 64 | hilos 8 de 12
    ... 71.9 s | grupo 1/6 | 72174701 nodos | revisado 0.011%, faltan ~7 días [menos opciones 9.16e-03%, menos opciones + pieza menos restrictiva 0.011%, reinicios, menos opciones 0.334%] (Knuth: ~14.5 h) | máximo colocado 56 de 64 | hilos 8 de 12
    ... 73.9 s | grupo 1/6 | 74274554 nodos | revisado 0.011%, faltan ~7 días [menos opciones 9.86e-03%, menos opciones + pieza menos restrictiva 0.011%, reinicios, menos opciones 0.340%] (Knuth: ~14.5 h) | máximo colocado 56 de 64 | hilos 8 de 12
    ... 75.9 s | grupo 1/6 | 76395724 nodos | revisado 0.012%, faltan ~7 días [menos opciones 0.010%, menos opciones + pieza menos restrictiva 0.012%, reinicios, menos opciones 0.352%] (Knuth: ~14.5 h) | máximo colocado 56 de 64 | hilos 8 de 12
    ... 77.9 s | grupo 1/6 | 78511949 nodos | revisado 0.012%, faltan ~7 días [menos opciones 0.010%, menos opciones + pieza menos restrictiva 0.012%, reinicios, menos opciones 0.357%] (Knuth: ~14.5 h) | máximo colocado 56 de 64 | hilos 8 de 12
    ... 79.9 s | grupo 1/6 | 80590608 nodos | revisado 0.012%, faltan ~7 días [menos opciones 0.010%, menos opciones + pieza menos restrictiva 0.012%, reinicios, menos opciones 0.359%] (Knuth: ~14.5 h) | máximo colocado 56 de 64 | hilos 8 de 12
    ... 81.9 s | grupo 1/6 | 82656500 nodos | revisado 0.013%, faltan ~7 días [menos opciones 0.011%, menos opciones + pieza menos restrictiva 0.013%, reinicios, menos opciones 0.362%] (Knuth: ~14.5 h) | máximo colocado 56 de 64 | hilos 8 de 12
    ... 83.9 s | grupo 1/6 | 84749747 nodos | revisado 0.013%, faltan ~7 días [menos opciones 0.011%, menos opciones + pieza menos restrictiva 0.013%, reinicios, menos opciones 0.365%] (Knuth: ~14.5 h) | máximo colocado 56 de 64 | hilos 8 de 12
    ... 86.0 s | grupo 1/6 | 86801419 nodos | revisado 0.013%, faltan ~7 días [menos opciones 0.011%, menos opciones + pieza menos restrictiva 0.013%, reinicios, menos opciones 0.371%] (Knuth: ~14.5 h) | máximo colocado 56 de 64 | hilos 8 de 12
    ... 88.0 s | grupo 1/6 | 88876605 nodos | revisado 0.014%, faltan ~7 días [menos opciones 0.011%, menos opciones + pieza menos restrictiva 0.014%, reinicios, menos opciones 0.373%] (Knuth: ~14.5 h) | máximo colocado 56 de 64 | hilos 8 de 12
    ... 90.0 s | grupo 1/6 | 90935906 nodos | revisado 0.014%, faltan ~7 días [menos opciones 0.012%, menos opciones + pieza menos restrictiva 0.014%, reinicios, menos opciones 0.374%] (Knuth: ~14.5 h) | máximo colocado 56 de 64 | hilos 8 de 12
    ... 92.0 s | grupo 1/6 | 93000723 nodos | revisado 0.014%, faltan ~7 días [menos opciones 0.012%, menos opciones + pieza menos restrictiva 0.014%, reinicios, menos opciones 0.376%] (Knuth: ~14.5 h) | máximo colocado 56 de 64 | hilos 8 de 12
    ... 94.0 s | grupo 1/6 | 95068380 nodos | revisado 0.014%, faltan ~7 días [menos opciones 0.012%, menos opciones + pieza menos restrictiva 0.014%, reinicios, menos opciones 0.381%] (Knuth: ~14.5 h) | máximo colocado 56 de 64 | hilos 8 de 12
    ... 96.0 s | grupo 1/6 | 97173693 nodos | revisado 0.014%, faltan ~7 días [menos opciones 0.013%, menos opciones + pieza menos restrictiva 0.014%, reinicios, menos opciones 0.383%] (Knuth: ~14.5 h) | máximo colocado 56 de 64 | hilos 8 de 12
    ... 98.0 s | grupo 1/6 | 99280026 nodos | revisado 0.015%, faltan ~7 días [menos opciones 0.013%, menos opciones + pieza menos restrictiva 0.015%, reinicios, menos opciones 0.385%] (Knuth: ~14.6 h) | máximo colocado 56 de 64 | hilos 8 de 12
    ... 100.0 s | grupo 1/6 | 101375759 nodos | revisado 0.015%, faltan ~7 días [menos opciones 0.013%, menos opciones + pieza menos restrictiva 0.015%, reinicios, menos opciones 0.391%] (Knuth: ~14.6 h) | máximo colocado 56 de 64 | hilos 8 de 12
    ... 102.0 s | grupo 1/6 | 103447492 nodos | revisado 0.015%, faltan ~7 días [menos opciones 0.013%, menos opciones + pieza menos restrictiva 0.015%, reinicios, menos opciones 0.410%] (Knuth: ~14.6 h) | máximo colocado 56 de 64 | hilos 8 de 12
    ... 104.0 s | grupo 1/6 | 105509261 nodos | revisado 0.016%, faltan ~7 días [menos opciones 0.014%, menos opciones + pieza menos restrictiva 0.016%, reinicios, menos opciones 0.418%] (Knuth: ~14.6 h) | máximo colocado 56 de 64 | hilos 8 de 12
    ... 106.0 s | grupo 1/6 | 107589536 nodos | revisado 0.016%, faltan ~7 días [menos opciones 0.014%, menos opciones + pieza menos restrictiva 0.016%, reinicios, menos opciones 0.440%] (Knuth: ~14.6 h) | máximo colocado 56 de 64 | hilos 8 de 12
    ... 108.0 s | grupo 1/6 | 109688400 nodos | revisado 0.017%, faltan ~7 días [menos opciones 0.014%, menos opciones + pieza menos restrictiva 0.017%, reinicios, menos opciones 0.459%] (Knuth: ~14.6 h) | máximo colocado 56 de 64 | hilos 8 de 12
    ... 110.0 s | grupo 1/6 | 111792039 nodos | revisado 0.017%, faltan ~7 días [menos opciones 0.014%, menos opciones + pieza menos restrictiva 0.017%, reinicios, menos opciones 0.467%] (Knuth: ~14.6 h) | máximo colocado 56 de 64 | hilos 8 de 12
    ... 112.0 s | grupo 1/6 | 113867182 nodos | revisado 0.018%, faltan ~7 días [menos opciones 0.014%, menos opciones + pieza menos restrictiva 0.018%, reinicios, menos opciones 0.526%] (Knuth: ~14.6 h) | máximo colocado 56 de 64 | hilos 8 de 12
    ... 114.0 s | grupo 1/6 | 115969162 nodos | revisado 0.018%, faltan ~7 días [menos opciones 0.014%, menos opciones + pieza menos restrictiva 0.018%, reinicios, menos opciones 0.530%] (Knuth: ~14.6 h) | máximo colocado 56 de 64 | hilos 8 de 12
    ... 116.0 s | grupo 1/6 | 118068588 nodos | revisado 0.018%, faltan ~7 días [menos opciones 0.014%, menos opciones + pieza menos restrictiva 0.018%, reinicios, menos opciones 0.538%] (Knuth: ~14.6 h) | máximo colocado 56 de 64 | hilos 8 de 12
    ... 118.1 s | grupo 1/6 | 120188762 nodos | revisado 0.019%, faltan ~7 días [menos opciones 0.015%, menos opciones + pieza menos restrictiva 0.019%, reinicios, menos opciones 0.549%] (Knuth: ~14.6 h) | máximo colocado 56 de 64 | hilos 8 de 12
    ... 120.1 s | grupo 1/6 | 122277525 nodos | revisado 0.019%, faltan ~7 días [menos opciones 0.015%, menos opciones + pieza menos restrictiva 0.019%, reinicios, menos opciones 0.555%] (Knuth: ~14.6 h) | máximo colocado 56 de 64 | hilos 8 de 12
    ... 122.1 s | grupo 1/6 | 124353906 nodos | revisado 0.020%, faltan ~7 días [menos opciones 0.015%, menos opciones + pieza menos restrictiva 0.020%, reinicios, menos opciones 0.565%] (Knuth: ~14.6 h) | máximo colocado 56 de 64 | hilos 8 de 12
    ... 124.1 s | grupo 1/6 | 126474175 nodos | revisado 0.020%, faltan ~7 días [menos opciones 0.015%, menos opciones + pieza menos restrictiva 0.020%, reinicios, menos opciones 0.581%] (Knuth: ~14.6 h) | máximo colocado 56 de 64 | hilos 8 de 12
    ... 126.1 s | grupo 1/6 | 128619562 nodos | revisado 0.020%, faltan ~7 días [menos opciones 0.015%, menos opciones + pieza menos restrictiva 0.020%, reinicios, menos opciones 0.600%] (Knuth: ~14.6 h) | máximo colocado 56 de 64 | hilos 8 de 12
    ... 128.1 s | grupo 1/6 | 130741970 nodos | revisado 0.022%, faltan ~6 días [menos opciones 0.015%, menos opciones + pieza menos restrictiva 0.022%, reinicios, menos opciones 0.610%] (Knuth: ~14.6 h) | máximo colocado 56 de 64 | hilos 8 de 12
    ... 130.1 s | grupo 1/6 | 132832520 nodos | revisado 0.023%, faltan ~6 días [menos opciones 0.016%, menos opciones + pieza menos restrictiva 0.023%, reinicios, menos opciones 0.615%] (Knuth: ~14.6 h) | máximo colocado 56 de 64 | hilos 8 de 12
    ... 132.1 s | grupo 1/6 | 134944088 nodos | revisado 0.023%, faltan ~6 días [menos opciones 0.016%, menos opciones + pieza menos restrictiva 0.023%, reinicios, menos opciones 0.618%] (Knuth: ~14.6 h) | máximo colocado 56 de 64 | hilos 8 de 12
    ... 134.1 s | grupo 1/6 | 137058245 nodos | revisado 0.024%, faltan ~6 días [menos opciones 0.016%, menos opciones + pieza menos restrictiva 0.024%, reinicios, menos opciones 0.627%] (Knuth: ~14.6 h) | máximo colocado 56 de 64 | hilos 8 de 12
    ... 136.1 s | grupo 1/6 | 139160453 nodos | revisado 0.025%, faltan ~6 días [menos opciones 0.016%, menos opciones + pieza menos restrictiva 0.025%, reinicios, menos opciones 0.636%] (Knuth: ~14.6 h) | máximo colocado 56 de 64 | hilos 8 de 12
    ... 138.1 s | grupo 1/6 | 141228777 nodos | revisado 0.025%, faltan ~6 días [menos opciones 0.016%, menos opciones + pieza menos restrictiva 0.025%, reinicios, menos opciones 0.655%] (Knuth: ~14.6 h) | máximo colocado 56 de 64 | hilos 8 de 12
    ... 140.1 s | grupo 1/6 | 143297429 nodos | revisado 0.025%, faltan ~6 días [menos opciones 0.016%, menos opciones + pieza menos restrictiva 0.025%, reinicios, menos opciones 0.657%] (Knuth: ~14.6 h) | máximo colocado 56 de 64 | hilos 8 de 12
    ... 142.1 s | grupo 1/6 | 145413673 nodos | revisado 0.026%, faltan ~6 días [menos opciones 0.016%, menos opciones + pieza menos restrictiva 0.026%, reinicios, menos opciones 0.661%] (Knuth: ~14.6 h) | máximo colocado 56 de 64 | hilos 8 de 12
    ... 144.1 s | grupo 1/6 | 147528634 nodos | revisado 0.026%, faltan ~6 días [menos opciones 0.016%, menos opciones + pieza menos restrictiva 0.026%, reinicios, menos opciones 0.679%] (Knuth: ~14.6 h) | máximo colocado 56 de 64 | hilos 8 de 12
    ... 146.1 s | grupo 1/6 | 149631934 nodos | revisado 0.026%, faltan ~6 días [menos opciones 0.017%, menos opciones + pieza menos restrictiva 0.026%, reinicios, menos opciones 0.686%] (Knuth: ~14.6 h) | máximo colocado 56 de 64 | hilos 8 de 12
    ... 148.2 s | grupo 1/6 | 151748623 nodos | revisado 0.026%, faltan ~6 días [menos opciones 0.017%, menos opciones + pieza menos restrictiva 0.026%, reinicios, menos opciones 0.692%] (Knuth: ~14.6 h) | máximo colocado 56 de 64 | hilos 8 de 12
    portafolio: encontró la solución el equipo "menos opciones" (nodos: menos opciones 55236116, menos opciones + pieza menos restrictiva 40497152, reinicios, menos opciones 57558016)
[4] Grupo 1: SOLUCIÓN. Verificación: OK
[5] Tiempo total: 2 min
RESULTADO resuelto=1 ms=149621.4 marcos=0 nodos=153291284 grupos=1/6 hilos=12 t_marcos=0.000 t_interior=145.967 lados=0 unificado=1 max_colocadas=64
