[0] Tablero 8x8, 11 colores, 12 hilos
[1] Esquina fija (1,4). 6 grupos, orden por coste: 1.26e+17 1.26e+17 1.26e+17 1.26e+17 1.28e+17 1.28e+17
    grupo 1, orden menos opciones: estimado 2.27e+11 nodos
    grupo 1, orden interior primero: estimado 2.04e+11 nodos
    grupo 2, orden menos opciones: estimado 2.96e+11 nodos
    grupo 2, orden interior primero: estimado 1.37e+11 nodos
    grupo 3, orden menos opciones: estimado 4.83e+11 nodos
    grupo 3, orden interior primero: estimado 1.35e+12 nodos
    grupo 4, orden menos opciones: estimado 2.48e+11 nodos
    grupo 4, orden interior primero: estimado 1.9e+11 nodos
    grupo 5, orden menos opciones: estimado 2.19e+11 nodos
    grupo 5, orden interior primero: estimado 3.03e+11 nodos
    grupo 6, orden menos opciones: estimado 2.48e+11 nodos
    grupo 6, orden interior primero: estimado 1.75e+11 nodos
[1] Estimado de Knuth por grupo (nodos): 2.27e+11 2.96e+11 4.83e+11 2.48e+11 2.19e+11 2.48e+11   (i) = interior primero
[2] Grupo 1/6: ruta unificada (mapas por lado), orden: menos opciones; grupo grande: 3 estrategias a la vez (normal, pieza menos restrictiva, reinicios)
    ... 5.7 s | grupo 1/6 | 2242884 nodos | revisado 5.09e-04%, faltan ~5 días [menos opciones 5.09e-04%, menos opciones + pieza menos restrictiva 2.79e-05%, reinicios, menos opciones 4.31e-03%] (Knuth: ~2 días) | máximo colocado 50 de 64 | hilos 8 de 12
    ... 7.7 s | grupo 1/6 | 4447206 nodos | revisado 1.23e-03%, faltan ~4 días [menos opciones 1.23e-03%, menos opciones + pieza menos restrictiva 6.20e-05%, reinicios, menos opciones 6.52e-03%] (Knuth: ~2 días) | máximo colocado 52 de 64 | hilos 8 de 12
    ... 9.7 s | grupo 1/6 | 6636453 nodos | revisado 1.39e-03%, faltan ~5 días [menos opciones 1.39e-03%, menos opciones + pieza menos restrictiva 8.95e-05%, reinicios, menos opciones 0.018%] (Knuth: ~2 días) | máximo colocado 52 de 64 | hilos 8 de 12
    ... 11.7 s | grupo 1/6 | 8852657 nodos | revisado 1.52e-03%, faltan ~6 días [menos opciones 1.52e-03%, menos opciones + pieza menos restrictiva 1.06e-04%, reinicios, menos opciones 0.023%] (Knuth: ~2 días) | máximo colocado 52 de 64 | hilos 8 de 12
    ... 13.7 s | grupo 1/6 | 11072028 nodos | revisado 1.78e-03%, faltan ~7 días [menos opciones 1.78e-03%, menos opciones + pieza menos restrictiva 1.48e-04%, reinicios, menos opciones 0.025%] (Knuth: ~2 días) | máximo colocado 52 de 64 | hilos 8 de 12
    ... 15.7 s | grupo 1/6 | 13306895 nodos | revisado 2.12e-03%, faltan ~7 días [menos opciones 2.12e-03%, menos opciones + pieza menos restrictiva 1.95e-04%, reinicios, menos opciones 0.026%] (Knuth: ~2 días) | máximo colocado 52 de 64 | hilos 8 de 12
    ... 17.7 s | grupo 1/6 | 15505834 nodos | revisado 2.47e-03%, faltan ~7 días [menos opciones 2.47e-03%, menos opciones + pieza menos restrictiva 2.44e-04%, reinicios, menos opciones 0.026%] (Knuth: ~2 días) | máximo colocado 52 de 64 | hilos 8 de 12
    ... 19.7 s | grupo 1/6 | 17684769 nodos | revisado 2.83e-03%, faltan ~7 días [menos opciones 2.83e-03%, menos opciones + pieza menos restrictiva 2.73e-04%, reinicios, menos opciones 0.030%] (Knuth: ~2 días) | máximo colocado 52 de 64 | hilos 8 de 12
    ... 21.7 s | grupo 1/6 | 19882036 nodos | revisado 3.03e-03%, faltan ~7 días [menos opciones 3.03e-03%, menos opciones + pieza menos restrictiva 3.20e-04%, reinicios, menos opciones 0.034%] (Knuth: ~2 días) | máximo colocado 52 de 64 | hilos 8 de 12
    ... 23.7 s | grupo 1/6 | 22039816 nodos | revisado 3.35e-03%, faltan ~7 días [menos opciones 3.35e-03%, menos opciones + pieza menos restrictiva 3.52e-04%, reinicios, menos opciones 0.039%] (Knuth: ~2 días) | máximo colocado 52 de 64 | hilos 8 de 12
    ... 25.7 s | grupo 1/6 | 24228603 nodos | revisado 3.61e-03%, faltan ~7 días [menos opciones 3.61e-03%, menos opciones + pieza menos restrictiva 4.07e-04%, reinicios, menos opciones 0.040%] (Knuth: ~2 días) | máximo colocado 52 de 64 | hilos 8 de 12
    ... 27.7 s | grupo 1/6 | 26407624 nodos | revisado 3.89e-03%, faltan ~7 días [menos opciones 3.89e-03%, menos opciones + pieza menos restrictiva 4.26e-04%, reinicios, menos opciones 0.043%] (Knuth: ~2 días) | máximo colocado 52 de 64 | hilos 8 de 12
    ... 29.7 s | grupo 1/6 | 28568193 nodos | revisado 4.00e-03%, faltan ~8 días [menos opciones 4.00e-03%, menos opciones + pieza menos restrictiva 4.64e-04%, reinicios, menos opciones 0.045%] (Knuth: ~2 días) | máximo colocado 52 de 64 | hilos 8 de 12
    ... 31.8 s | grupo 1/6 | 30758729 nodos | revisado 4.12e-03%, faltan ~8 días [menos opciones 4.12e-03%, menos opciones + pieza menos restrictiva 4.97e-04%, reinicios, menos opciones 0.051%] (Knuth: ~2 días) | máximo colocado 52 de 64 | hilos 8 de 12
    ... 33.8 s | grupo 1/6 | 32935377 nodos | revisado 4.33e-03%, faltan ~8 días [menos opciones 4.33e-03%, menos opciones + pieza menos restrictiva 5.50e-04%, reinicios, menos opciones 0.053%] (Knuth: ~2 días) | máximo colocado 52 de 64 | hilos 8 de 12
    ... 35.8 s | grupo 1/6 | 35147968 nodos | revisado 4.73e-03%, faltan ~8 días [menos opciones 4.73e-03%, menos opciones + pieza menos restrictiva 6.62e-04%, reinicios, menos opciones 0.055%] (Knuth: ~2 días) | máximo colocado 52 de 64 | hilos 8 de 12
    ... 37.8 s | grupo 1/6 | 37349561 nodos | revisado 5.83e-03%, faltan ~7 días [menos opciones 5.83e-03%, menos opciones + pieza menos restrictiva 7.12e-04%, reinicios, menos opciones 0.056%] (Knuth: ~2 días) | máximo colocado 53 de 64 | hilos 8 de 12
    ... 39.8 s | grupo 1/6 | 39542687 nodos | revisado 6.80e-03%, faltan ~6 días [menos opciones 6.80e-03%, menos opciones + pieza menos restrictiva 7.43e-04%, reinicios, menos opciones 0.057%] (Knuth: ~2 días) | máximo colocado 53 de 64 | hilos 8 de 12
    ... 41.8 s | grupo 1/6 | 41694314 nodos | revisado 7.09e-03%, faltan ~6 días [menos opciones 7.09e-03%, menos opciones + pieza menos restrictiva 7.77e-04%, reinicios, menos opciones 0.060%] (Knuth: ~2 días) | máximo colocado 53 de 64 | hilos 8 de 12
    ... 43.8 s | grupo 1/6 | 43887731 nodos | revisado 7.49e-03%, faltan ~6 días [menos opciones 7.49e-03%, menos opciones + pieza menos restrictiva 8.52e-04%, reinicios, menos opciones 0.060%] (Knuth: ~2 días) | máximo colocado 53 de 64 | hilos 8 de 12
    ... 45.8 s | grupo 1/6 | 46067576 nodos | revisado 7.82e-03%, faltan ~6 días [menos opciones 7.82e-03%, menos opciones + pieza menos restrictiva 8.96e-04%, reinicios, menos opciones 0.063%] (Knuth: ~2 días) | máximo colocado 53 de 64 | hilos 8 de 12
    ... 47.8 s | grupo 1/6 | 48261727 nodos | revisado 8.18e-03%, faltan ~6 días [menos opciones 8.18e-03%, menos opciones + pieza menos restrictiva 9.76e-04%, reinicios, menos opciones 0.067%] (Knuth: ~2 días) | máximo colocado 53 de 64 | hilos 8 de 12
    ... 49.8 s | grupo 1/6 | 50461473 nodos | revisado 8.54e-03%, faltan ~6 días [menos opciones 8.54e-03%, menos opciones + pieza menos restrictiva 1.02e-03%, reinicios, menos opciones 0.074%] (Knuth: ~2 días) | máximo colocado 53 de 64 | hilos 8 de 12
    ... 51.8 s | grupo 1/6 | 52637408 nodos | revisado 8.91e-03%, faltan ~6 días [menos opciones 8.91e-03%, menos opciones + pieza menos restrictiva 1.07e-03%, reinicios, menos opciones 0.077%] (Knuth: ~2 días) | máximo colocado 53 de 64 | hilos 8 de 12
    ... 53.8 s | grupo 1/6 | 54796307 nodos | revisado 9.04e-03%, faltan ~6 días [menos opciones 9.04e-03%, menos opciones + pieza menos restrictiva 1.15e-03%, reinicios, menos opciones 0.081%] (Knuth: ~2 días) | máximo colocado 53 de 64 | hilos 8 de 12
    ... 55.8 s | grupo 1/6 | 56960840 nodos | revisado 9.34e-03%, faltan ~6 días [menos opciones 9.34e-03%, menos opciones + pieza menos restrictiva 1.21e-03%, reinicios, menos opciones 0.083%] (Knuth: ~2 días) | máximo colocado 53 de 64 | hilos 8 de 12
    ... 57.8 s | grupo 1/6 | 59057854 nodos | revisado 9.40e-03%, faltan ~7 días [menos opciones 9.40e-03%, menos opciones + pieza menos restrictiva 1.33e-03%, reinicios, menos opciones 0.087%] (Knuth: ~2 días) | máximo colocado 53 de 64 | hilos 8 de 12
    ... 59.9 s | grupo 1/6 | 61241003 nodos | revisado 9.56e-03%, faltan ~7 días [menos opciones 9.56e-03%, menos opciones + pieza menos restrictiva 1.41e-03%, reinicios, menos opciones 0.089%] (Knuth: ~2 días) | máximo colocado 53 de 64 | hilos 8 de 12
    ... 61.9 s | grupo 1/6 | 63432726 nodos | revisado 9.81e-03%, faltan ~7 días [menos opciones 9.81e-03%, menos opciones + pieza menos restrictiva 1.43e-03%, reinicios, menos opciones 0.092%] (Knuth: ~2 días) | máximo colocado 53 de 64 | hilos 8 de 12
    ... 63.9 s | grupo 1/6 | 65636223 nodos | revisado 0.010%, faltan ~7 días [menos opciones 0.010%, menos opciones + pieza menos restrictiva 1.48e-03%, reinicios, menos opciones 0.093%] (Knuth: ~2 días) | máximo colocado 53 de 64 | hilos 8 de 12
    ... 65.9 s | grupo 1/6 | 67854786 nodos | revisado 0.011%, faltan ~7 días [menos opciones 0.011%, menos opciones + pieza menos restrictiva 1.53e-03%, reinicios, menos opciones 0.103%] (Knuth: ~2 días) | máximo colocado 53 de 64 | hilos 8 de 12
    ... 67.9 s | grupo 1/6 | 70086635 nodos | revisado 0.012%, faltan ~6 días [menos opciones 0.012%, menos opciones + pieza menos restrictiva 1.56e-03%, reinicios, menos opciones 0.104%] (Knuth: ~2 días) | máximo colocado 53 de 64 | hilos 8 de 12
    ... 69.9 s | grupo 1/6 | 72315800 nodos | revisado 0.012%, faltan ~6 días [menos opciones 0.012%, menos opciones + pieza menos restrictiva 1.66e-03%, reinicios, menos opciones 0.111%] (Knuth: ~2 días) | máximo colocado 53 de 64 | hilos 8 de 12
    ... 71.9 s | grupo 1/6 | 74532976 nodos | revisado 0.013%, faltan ~6 días [menos opciones 0.013%, menos opciones + pieza menos restrictiva 1.71e-03%, reinicios, menos opciones 0.113%] (Knuth: ~2 días) | máximo colocado 53 de 64 | hilos 8 de 12
    ... 73.9 s | grupo 1/6 | 76742941 nodos | revisado 0.013%, faltan ~6 días [menos opciones 0.013%, menos opciones + pieza menos restrictiva 1.75e-03%, reinicios, menos opciones 0.115%] (Knuth: ~2 días) | máximo colocado 53 de 64 | hilos 8 de 12
    ... 75.9 s | grupo 1/6 | 78939358 nodos | revisado 0.013%, faltan ~6 días [menos opciones 0.013%, menos opciones + pieza menos restrictiva 1.78e-03%, reinicios, menos opciones 0.118%] (Knuth: ~2 días) | máximo colocado 53 de 64 | hilos 8 de 12
    ... 77.9 s | grupo 1/6 | 81149400 nodos | revisado 0.013%, faltan ~7 días [menos opciones 0.013%, menos opciones + pieza menos restrictiva 1.82e-03%, reinicios, menos opciones 0.119%] (Knuth: ~2 días) | máximo colocado 53 de 64 | hilos 8 de 12
    ... 79.9 s | grupo 1/6 | 83329040 nodos | revisado 0.013%, faltan ~7 días [menos opciones 0.013%, menos opciones + pieza menos restrictiva 1.85e-03%, reinicios, menos opciones 0.120%] (Knuth: ~2 días) | máximo colocado 53 de 64 | hilos 8 de 12
    ... 81.9 s | grupo 1/6 | 85518658 nodos | revisado 0.014%, faltan ~7 días [menos opciones 0.014%, menos opciones + pieza menos restrictiva 1.88e-03%, reinicios, menos opciones 0.120%] (Knuth: ~2 días) | máximo colocado 53 de 64 | hilos 8 de 12
    ... 84.0 s | grupo 1/6 | 87709541 nodos | revisado 0.014%, faltan ~7 días [menos opciones 0.014%, menos opciones + pieza menos restrictiva 1.93e-03%, reinicios, menos opciones 0.122%] (Knuth: ~2 días) | máximo colocado 53 de 64 | hilos 8 de 12
    ... 86.0 s | grupo 1/6 | 89944661 nodos | revisado 0.014%, faltan ~7 días [menos opciones 0.014%, menos opciones + pieza menos restrictiva 1.99e-03%, reinicios, menos opciones 0.123%] (Knuth: ~2 días) | máximo colocado 53 de 64 | hilos 8 de 12
    ... 88.0 s | grupo 1/6 | 92183800 nodos | revisado 0.014%, faltan ~7 días [menos opciones 0.014%, menos opciones + pieza menos restrictiva 2.05e-03%, reinicios, menos opciones 0.123%] (Knuth: ~2 días) | máximo colocado 53 de 64 | hilos 8 de 12
    ... 90.0 s | grupo 1/6 | 94391394 nodos | revisado 0.015%, faltan ~7 días [menos opciones 0.015%, menos opciones + pieza menos restrictiva 2.14e-03%, reinicios, menos opciones 0.125%] (Knuth: ~2 días) | máximo colocado 53 de 64 | hilos 8 de 12
    ... 92.0 s | grupo 1/6 | 96609030 nodos | revisado 0.015%, faltan ~7 días [menos opciones 0.015%, menos opciones + pieza menos restrictiva 2.24e-03%, reinicios, menos opciones 0.128%] (Knuth: ~2 días) | máximo colocado 53 de 64 | hilos 8 de 12
    ... 94.0 s | grupo 1/6 | 98850578 nodos | revisado 0.015%, faltan ~7 días [menos opciones 0.015%, menos opciones + pieza menos restrictiva 2.33e-03%, reinicios, menos opciones 0.129%] (Knuth: ~2 días) | máximo colocado 53 de 64 | hilos 8 de 12
    ... 96.0 s | grupo 1/6 | 101060677 nodos | revisado 0.015%, faltan ~7 días [menos opciones 0.015%, menos opciones + pieza menos restrictiva 2.39e-03%, reinicios, menos opciones 0.130%] (Knuth: ~2 días) | máximo colocado 53 de 64 | hilos 8 de 12
    ... 98.0 s | grupo 1/6 | 103289053 nodos | revisado 0.015%, faltan ~7 días [menos opciones 0.015%, menos opciones + pieza menos restrictiva 2.46e-03%, reinicios, menos opciones 0.132%] (Knuth: ~2 días) | máximo colocado 53 de 64 | hilos 8 de 12
    ... 100.1 s | grupo 1/6 | 105586243 nodos | revisado 0.016%, faltan ~7 días [menos opciones 0.016%, menos opciones + pieza menos restrictiva 2.52e-03%, reinicios, menos opciones 0.134%] (Knuth: ~2 días) | máximo colocado 53 de 64 | hilos 8 de 12
    ... 102.1 s | grupo 1/6 | 107847916 nodos | revisado 0.017%, faltan ~7 días [menos opciones 0.017%, menos opciones + pieza menos restrictiva 2.57e-03%, reinicios, menos opciones 0.136%] (Knuth: ~2 días) | máximo colocado 53 de 64 | hilos 8 de 12
    ... 104.1 s | grupo 1/6 | 110098088 nodos | revisado 0.017%, faltan ~7 días [menos opciones 0.017%, menos opciones + pieza menos restrictiva 2.61e-03%, reinicios, menos opciones 0.137%] (Knuth: ~2 días) | máximo colocado 53 de 64 | hilos 8 de 12
    ... 106.1 s | grupo 1/6 | 112356725 nodos | revisado 0.018%, faltan ~7 días [menos opciones 0.018%, menos opciones + pieza menos restrictiva 2.67e-03%, reinicios, menos opciones 0.143%] (Knuth: ~2 días) | máximo colocado 53 de 64 | hilos 8 de 12
    ... 108.1 s | grupo 1/6 | 114600997 nodos | revisado 0.018%, faltan ~7 días [menos opciones 0.018%, menos opciones + pieza menos restrictiva 2.72e-03%, reinicios, menos opciones 0.145%] (Knuth: ~2 días) | máximo colocado 53 de 64 | hilos 8 de 12
    ... 110.1 s | grupo 1/6 | 116835281 nodos | revisado 0.019%, faltan ~7 días [menos opciones 0.019%, menos opciones + pieza menos restrictiva 2.75e-03%, reinicios, menos opciones 0.148%] (Knuth: ~2 días) | máximo colocado 53 de 64 | hilos 8 de 12
    ... 112.1 s | grupo 1/6 | 119069262 nodos | revisado 0.019%, faltan ~7 días [menos opciones 0.019%, menos opciones + pieza menos restrictiva 2.80e-03%, reinicios, menos opciones 0.150%] (Knuth: ~2 días) | máximo colocado 53 de 64 | hilos 8 de 12
    ... 114.1 s | grupo 1/6 | 121321676 nodos | revisado 0.020%, faltan ~7 días [menos opciones 0.020%, menos opciones + pieza menos restrictiva 2.84e-03%, reinicios, menos opciones 0.151%] (Knuth: ~2 días) | máximo colocado 53 de 64 | hilos 8 de 12
    ... 116.1 s | grupo 1/6 | 123558783 nodos | revisado 0.020%, faltan ~6 días [menos opciones 0.020%, menos opciones + pieza menos restrictiva 3.22e-03%, reinicios, menos opciones 0.154%] (Knuth: ~2 días) | máximo colocado 53 de 64 | hilos 8 de 12
    ... 118.2 s | grupo 1/6 | 125746470 nodos | revisado 0.021%, faltan ~6 días [menos opciones 0.021%, menos opciones + pieza menos restrictiva 3.88e-03%, reinicios, menos opciones 0.163%] (Knuth: ~2 días) | máximo colocado 53 de 64 | hilos 8 de 12
    ... 120.2 s | grupo 1/6 | 127828959 nodos | revisado 0.022%, faltan ~6 días [menos opciones 0.022%, menos opciones + pieza menos restrictiva 3.97e-03%, reinicios, menos opciones 0.166%] (Knuth: ~2 días) | máximo colocado 53 de 64 | hilos 8 de 12
    ... 122.2 s | grupo 1/6 | 129795573 nodos | revisado 0.022%, faltan ~6 días [menos opciones 0.022%, menos opciones + pieza menos restrictiva 4.04e-03%, reinicios, menos opciones 0.169%] (Knuth: ~2 días) | máximo colocado 53 de 64 | hilos 8 de 12
    ... 124.2 s | grupo 1/6 | 131751343 nodos | revisado 0.022%, faltan ~6 días [menos opciones 0.022%, menos opciones + pieza menos restrictiva 4.12e-03%, reinicios, menos opciones 0.176%] (Knuth: ~2 días) | máximo colocado 53 de 64 | hilos 8 de 12
    ... 126.2 s | grupo 1/6 | 133734105 nodos | revisado 0.022%, faltan ~6 días [menos opciones 0.022%, menos opciones + pieza menos restrictiva 4.16e-03%, reinicios, menos opciones 0.178%] (Knuth: ~2 días) | máximo colocado 53 de 64 | hilos 8 de 12
    ... 128.2 s | grupo 1/6 | 135725921 nodos | revisado 0.022%, faltan ~6 días [menos opciones 0.022%, menos opciones + pieza menos restrictiva 4.25e-03%, reinicios, menos opciones 0.179%] (Knuth: ~2 días) | máximo colocado 54 de 64 | hilos 8 de 12
    ... 130.2 s | grupo 1/6 | 137880929 nodos | revisado 0.023%, faltan ~6 días [menos opciones 0.023%, menos opciones + pieza menos restrictiva 4.35e-03%, reinicios, menos opciones 0.184%] (Knuth: ~2 días) | máximo colocado 54 de 64 | hilos 8 de 12
    ... 132.2 s | grupo 1/6 | 140085819 nodos | revisado 0.023%, faltan ~6 días [menos opciones 0.023%, menos opciones + pieza menos restrictiva 4.47e-03%, reinicios, menos opciones 0.187%] (Knuth: ~2 días) | máximo colocado 54 de 64 | hilos 8 de 12
    ... 134.2 s | grupo 1/6 | 142330760 nodos | revisado 0.024%, faltan ~6 días [menos opciones 0.024%, menos opciones + pieza menos restrictiva 4.50e-03%, reinicios, menos opciones 0.189%] (Knuth: ~2 días) | máximo colocado 54 de 64 | hilos 8 de 12
    ... 136.2 s | grupo 1/6 | 144551838 nodos | revisado 0.024%, faltan ~6 días [menos opciones 0.024%, menos opciones + pieza menos restrictiva 4.60e-03%, reinicios, menos opciones 0.191%] (Knuth: ~2 días) | máximo colocado 54 de 64 | hilos 8 de 12
    ... 138.2 s | grupo 1/6 | 146784706 nodos | revisado 0.024%, faltan ~6 días [menos opciones 0.024%, menos opciones + pieza menos restrictiva 4.82e-03%, reinicios, menos opciones 0.195%] (Knuth: ~2 días) | máximo colocado 54 de 64 | hilos 8 de 12
    ... 140.2 s | grupo 1/6 | 149051894 nodos | revisado 0.025%, faltan ~6 días [menos opciones 0.025%, menos opciones + pieza menos restrictiva 5.10e-03%, reinicios, menos opciones 0.198%] (Knuth: ~2 días) | máximo colocado 54 de 64 | hilos 8 de 12
    ... 142.2 s | grupo 1/6 | 151307970 nodos | revisado 0.025%, faltan ~6 días [menos opciones 0.025%, menos opciones + pieza menos restrictiva 5.29e-03%, reinicios, menos opciones 0.200%] (Knuth: ~2 días) | máximo colocado 54 de 64 | hilos 8 de 12
    ... 144.3 s | grupo 1/6 | 153546434 nodos | revisado 0.026%, faltan ~6 días [menos opciones 0.026%, menos opciones + pieza menos restrictiva 5.50e-03%, reinicios, menos opciones 0.203%] (Knuth: ~2 días) | máximo colocado 54 de 64 | hilos 8 de 12
    ... 146.3 s | grupo 1/6 | 155840966 nodos | revisado 0.026%, faltan ~6 días [menos opciones 0.026%, menos opciones + pieza menos restrictiva 5.64e-03%, reinicios, menos opciones 0.205%] (Knuth: ~2 días) | máximo colocado 54 de 64 | hilos 8 de 12
    ... 148.3 s | grupo 1/6 | 158114512 nodos | revisado 0.027%, faltan ~6 días [menos opciones 0.027%, menos opciones + pieza menos restrictiva 5.77e-03%, reinicios, menos opciones 0.209%] (Knuth: ~2 días) | máximo colocado 54 de 64 | hilos 8 de 12
    ... 150.3 s | grupo 1/6 | 160402437 nodos | revisado 0.027%, faltan ~6 días [menos opciones 0.027%, menos opciones + pieza menos restrictiva 5.95e-03%, reinicios, menos opciones 0.217%] (Knuth: ~2 días) | máximo colocado 54 de 64 | hilos 8 de 12
    ... 152.3 s | grupo 1/6 | 162648780 nodos | revisado 0.028%, faltan ~6 días [menos opciones 0.028%, menos opciones + pieza menos restrictiva 6.05e-03%, reinicios, menos opciones 0.222%] (Knuth: ~2 días) | máximo colocado 54 de 64 | hilos 8 de 12
    ... 154.3 s | grupo 1/6 | 164885570 nodos | revisado 0.028%, faltan ~6 días [menos opciones 0.028%, menos opciones + pieza menos restrictiva 6.31e-03%, reinicios, menos opciones 0.223%] (Knuth: ~2 días) | máximo colocado 54 de 64 | hilos 8 de 12
    ... 156.3 s | grupo 1/6 | 167131691 nodos | revisado 0.029%, faltan ~6 días [menos opciones 0.029%, menos opciones + pieza menos restrictiva 6.51e-03%, reinicios, menos opciones 0.224%] (Knuth: ~2 días) | máximo colocado 54 de 64 | hilos 8 de 12
    ... 158.4 s | grupo 1/6 | 169409036 nodos | revisado 0.030%, faltan ~6 días [menos opciones 0.030%, menos opciones + pieza menos restrictiva 6.60e-03%, reinicios, menos opciones 0.226%] (Knuth: ~2 días) | máximo colocado 54 de 64 | hilos 8 de 12
    ... 160.4 s | grupo 1/6 | 171677368 nodos | revisado 0.031%, faltan ~6 días [menos opciones 0.031%, menos opciones + pieza menos restrictiva 6.71e-03%, reinicios, menos opciones 0.230%] (Knuth: ~2 días) | máximo colocado 54 de 64 | hilos 8 de 12
    ... 162.4 s | grupo 1/6 | 173950868 nodos | revisado 0.032%, faltan ~6 días [menos opciones 0.032%, menos opciones + pieza menos restrictiva 6.84e-03%, reinicios, menos opciones 0.232%] (Knuth: ~2 días) | máximo colocado 54 de 64 | hilos 8 de 12
    ... 164.4 s | grupo 1/6 | 176122640 nodos | revisado 0.033%, faltan ~6 días [menos opciones 0.033%, menos opciones + pieza menos restrictiva 6.97e-03%, reinicios, menos opciones 0.234%] (Knuth: ~2 días) | máximo colocado 54 de 64 | hilos 8 de 12
    ... 166.4 s | grupo 1/6 | 178394059 nodos | revisado 0.034%, faltan ~6 días [menos opciones 0.034%, menos opciones + pieza menos restrictiva 7.06e-03%, reinicios, menos opciones 0.235%] (Knuth: ~2 días) | máximo colocado 54 de 64 | hilos 8 de 12
    ... 168.4 s | grupo 1/6 | 180604926 nodos | revisado 0.034%, faltan ~6 días [menos opciones 0.034%, menos opciones + pieza menos restrictiva 7.20e-03%, reinicios, menos opciones 0.235%] (Knuth: ~2 días) | máximo colocado 54 de 64 | hilos 8 de 12
    ... 170.4 s | grupo 1/6 | 182804204 nodos | revisado 0.035%, faltan ~6 días [menos opciones 0.035%, menos opciones + pieza menos restrictiva 7.29e-03%, reinicios, menos opciones 0.238%] (Knuth: ~2 días) | máximo colocado 54 de 64 | hilos 8 de 12
    ... 172.4 s | grupo 1/6 | 185006198 nodos | revisado 0.035%, faltan ~6 días [menos opciones 0.035%, menos opciones + pieza menos restrictiva 7.42e-03%, reinicios, menos opciones 0.238%] (Knuth: ~2 días) | máximo colocado 54 de 64 | hilos 8 de 12
    ... 174.4 s | grupo 1/6 | 187225053 nodos | revisado 0.035%, faltan ~6 días [menos opciones 0.035%, menos opciones + pieza menos restrictiva 7.46e-03%, reinicios, menos opciones 0.242%] (Knuth: ~2 días) | máximo colocado 54 de 64 | hilos 8 de 12
    ... 176.4 s | grupo 1/6 | 189351483 nodos | revisado 0.035%, faltan ~6 días [menos opciones 0.035%, menos opciones + pieza menos restrictiva 7.54e-03%, reinicios, menos opciones 0.243%] (Knuth: ~2 días) | máximo colocado 54 de 64 | hilos 8 de 12
    ... 178.4 s | grupo 1/6 | 191500009 nodos | revisado 0.036%, faltan ~6 días [menos opciones 0.036%, menos opciones + pieza menos restrictiva 7.61e-03%, reinicios, menos opciones 0.244%] (Knuth: ~2 días) | máximo colocado 54 de 64 | hilos 8 de 12
    ... 180.4 s | grupo 1/6 | 193662548 nodos | revisado 0.036%, faltan ~6 días [menos opciones 0.036%, menos opciones + pieza menos restrictiva 7.76e-03%, reinicios, menos opciones 0.247%] (Knuth: ~2 días) | máximo colocado 54 de 64 | hilos 8 de 12
    ... 182.4 s | grupo 1/6 | 195795240 nodos | revisado 0.036%, faltan ~6 días [menos opciones 0.036%, menos opciones + pieza menos restrictiva 7.93e-03%, reinicios, menos opciones 0.248%] (Knuth: ~2 días) | máximo colocado 54 de 64 | hilos 8 de 12
    ... 184.4 s | grupo 1/6 | 197968366 nodos | revisado 0.037%, faltan ~6 días [menos opciones 0.037%, menos opciones + pieza menos restrictiva 8.07e-03%, reinicios, menos opciones 0.249%] (Knuth: ~2 días) | máximo colocado 54 de 64 | hilos 8 de 12
    ... 186.4 s | grupo 1/6 | 200192920 nodos | revisado 0.038%, faltan ~6 días [menos opciones 0.038%, menos opciones + pieza menos restrictiva 8.15e-03%, reinicios, menos opciones 0.256%] (Knuth: ~2 días) | máximo colocado 54 de 64 | hilos 8 de 12
    ... 188.4 s | grupo 1/6 | 202421189 nodos | revisado 0.039%, faltan ~6 días [menos opciones 0.039%, menos opciones + pieza menos restrictiva 8.27e-03%, reinicios, menos opciones 0.257%] (Knuth: ~2 días) | máximo colocado 54 de 64 | hilos 8 de 12
    ... 190.5 s | grupo 1/6 | 204670191 nodos | revisado 0.039%, faltan ~6 días [menos opciones 0.039%, menos opciones + pieza menos restrictiva 8.32e-03%, reinicios, menos opciones 0.257%] (Knuth: ~2 días) | máximo colocado 54 de 64 | hilos 8 de 12
    ... 192.5 s | grupo 1/6 | 206878204 nodos | revisado 0.040%, faltan ~5 días [menos opciones 0.040%, menos opciones + pieza menos restrictiva 8.42e-03%, reinicios, menos opciones 0.258%] (Knuth: ~2 días) | máximo colocado 54 de 64 | hilos 8 de 12
    ... 194.5 s | grupo 1/6 | 209065118 nodos | revisado 0.040%, faltan ~5 días [menos opciones 0.040%, menos opciones + pieza menos restrictiva 8.59e-03%, reinicios, menos opciones 0.258%] (Knuth: ~2 días) | máximo colocado 54 de 64 | hilos 8 de 12
    ... 196.5 s | grupo 1/6 | 211287930 nodos | revisado 0.040%, faltan ~6 días [menos opciones 0.040%, menos opciones + pieza menos restrictiva 8.71e-03%, reinicios, menos opciones 0.258%] (Knuth: ~2 días) | máximo colocado 54 de 64 | hilos 8 de 12
    ... 198.5 s | grupo 1/6 | 213500192 nodos | revisado 0.040%, faltan ~6 días [menos opciones 0.040%, menos opciones + pieza menos restrictiva 8.77e-03%, reinicios, menos opciones 0.259%] (Knuth: ~2 días) | máximo colocado 54 de 64 | hilos 8 de 12
    ... 200.5 s | grupo 1/6 | 215702129 nodos | revisado 0.041%, faltan ~6 días [menos opciones 0.041%, menos opciones + pieza menos restrictiva 8.88e-03%, reinicios, menos opciones 0.260%] (Knuth: ~2 días) | máximo colocado 54 de 64 | hilos 8 de 12
    ... 202.5 s | grupo 1/6 | 217865071 nodos | revisado 0.041%, faltan ~6 días [menos opciones 0.041%, menos opciones + pieza menos restrictiva 8.98e-03%, reinicios, menos opciones 0.261%] (Knuth: ~2 días) | máximo colocado 54 de 64 | hilos 8 de 12
    ... 204.5 s | grupo 1/6 | 220045003 nodos | revisado 0.042%, faltan ~6 días [menos opciones 0.042%, menos opciones + pieza menos restrictiva 9.07e-03%, reinicios, menos opciones 0.263%] (Knuth: ~2 días) | máximo colocado 54 de 64 | hilos 8 de 12
    ... 206.5 s | grupo 1/6 | 222222895 nodos | revisado 0.043%, faltan ~5 días [menos opciones 0.043%, menos opciones + pieza menos restrictiva 9.16e-03%, reinicios, menos opciones 0.264%] (Knuth: ~2 días) | máximo colocado 54 de 64 | hilos 8 de 12
    ... 208.5 s | grupo 1/6 | 224451457 nodos | revisado 0.044%, faltan ~5 días [menos opciones 0.044%, menos opciones + pieza menos restrictiva 9.28e-03%, reinicios, menos opciones 0.266%] (Knuth: ~2 días) | máximo colocado 54 de 64 | hilos 8 de 12
    ... 210.5 s | grupo 1/6 | 226689603 nodos | revisado 0.044%, faltan ~5 días [menos opciones 0.044%, menos opciones + pieza menos restrictiva 9.41e-03%, reinicios, menos opciones 0.266%] (Knuth: ~2 días) | máximo colocado 54 de 64 | hilos 8 de 12
    ... 212.5 s | grupo 1/6 | 228908671 nodos | revisado 0.044%, faltan ~5 días [menos opciones 0.044%, menos opciones + pieza menos restrictiva 9.56e-03%, reinicios, menos opciones 0.268%] (Knuth: ~2 días) | máximo colocado 54 de 64 | hilos 8 de 12
    ... 214.5 s | grupo 1/6 | 231152166 nodos | revisado 0.045%, faltan ~5 días [menos opciones 0.045%, menos opciones + pieza menos restrictiva 9.74e-03%, reinicios, menos opciones 0.274%] (Knuth: ~2 días) | máximo colocado 54 de 64 | hilos 8 de 12
    ... 216.5 s | grupo 1/6 | 233381663 nodos | revisado 0.046%, faltan ~5 días [menos opciones 0.046%, menos opciones + pieza menos restrictiva 9.83e-03%, reinicios, menos opciones 0.276%] (Knuth: ~2 días) | máximo colocado 54 de 64 | hilos 8 de 12
    ... 218.6 s | grupo 1/6 | 235612956 nodos | revisado 0.046%, faltan ~5 días [menos opciones 0.046%, menos opciones + pieza menos restrictiva 9.93e-03%, reinicios, menos opciones 0.281%] (Knuth: ~2 días) | máximo colocado 54 de 64 | hilos 8 de 12
    ... 220.6 s | grupo 1/6 | 237865311 nodos | revisado 0.047%, faltan ~5 días [menos opciones 0.047%, menos opciones + pieza menos restrictiva 9.99e-03%, reinicios, menos opciones 0.282%] (Knuth: ~2 días) | máximo colocado 54 de 64 | hilos 8 de 12
    ... 222.6 s | grupo 1/6 | 240139034 nodos | revisado 0.047%, faltan ~5 días [menos opciones 0.047%, menos opciones + pieza menos restrictiva 0.010%, reinicios, menos opciones 0.285%] (Knuth: ~2 días) | máximo colocado 54 de 64 | hilos 8 de 12
    ... 224.6 s | grupo 1/6 | 242411978 nodos | revisado 0.047%, faltan ~5 días [menos opciones 0.047%, menos opciones + pieza menos restrictiva 0.011%, reinicios, menos opciones 0.288%] (Knuth: ~2 días) | máximo colocado 54 de 64 | hilos 8 de 12
    ... 226.6 s | grupo 1/6 | 244688452 nodos | revisado 0.048%, faltan ~5 días [menos opciones 0.048%, menos opciones + pieza menos restrictiva 0.011%, reinicios, menos opciones 0.290%] (Knuth: ~2 días) | máximo colocado 54 de 64 | hilos 8 de 12
    ... 228.6 s | grupo 1/6 | 246924588 nodos | revisado 0.048%, faltan ~5 días [menos opciones 0.048%, menos opciones + pieza menos restrictiva 0.012%, reinicios, menos opciones 0.296%] (Knuth: ~2 días) | máximo colocado 54 de 64 | hilos 8 de 12
    ... 230.6 s | grupo 1/6 | 249182520 nodos | revisado 0.049%, faltan ~5 días [menos opciones 0.049%, menos opciones + pieza menos restrictiva 0.012%, reinicios, menos opciones 0.298%] (Knuth: ~2 días) | máximo colocado 54 de 64 | hilos 8 de 12
    ... 232.6 s | grupo 1/6 | 251484815 nodos | revisado 0.049%, faltan ~5 días [menos opciones 0.049%, menos opciones + pieza menos restrictiva 0.012%, reinicios, menos opciones 0.302%] (Knuth: ~2 días) | máximo colocado 54 de 64 | hilos 8 de 12
    ... 234.6 s | grupo 1/6 | 253784450 nodos | revisado 0.050%, faltan ~5 días [menos opciones 0.050%, menos opciones + pieza menos restrictiva 0.013%, reinicios, menos opciones 0.327%] (Knuth: ~2 días) | máximo colocado 54 de 64 | hilos 8 de 12
    ... 236.6 s | grupo 1/6 | 256075449 nodos | revisado 0.051%, faltan ~5 días [menos opciones 0.051%, menos opciones + pieza menos restrictiva 0.013%, reinicios, menos opciones 0.328%] (Knuth: ~2 días) | máximo colocado 54 de 64 | hilos 8 de 12
    ... 238.6 s | grupo 1/6 | 258360355 nodos | revisado 0.053%, faltan ~5 días [menos opciones 0.053%, menos opciones + pieza menos restrictiva 0.013%, reinicios, menos opciones 0.334%] (Knuth: ~2 días) | máximo colocado 54 de 64 | hilos 8 de 12
    ... 240.6 s | grupo 1/6 | 260625293 nodos | revisado 0.054%, faltan ~5 días [menos opciones 0.054%, menos opciones + pieza menos restrictiva 0.014%, reinicios, menos opciones 0.338%] (Knuth: ~2 días) | máximo colocado 54 de 64 | hilos 8 de 12
    ... 242.7 s | grupo 1/6 | 262934928 nodos | revisado 0.055%, faltan ~5 días [menos opciones 0.055%, menos opciones + pieza menos restrictiva 0.014%, reinicios, menos opciones 0.344%] (Knuth: ~2 días) | máximo colocado 54 de 64 | hilos 8 de 12
    ... 244.7 s | grupo 1/6 | 265181735 nodos | revisado 0.055%, faltan ~5 días [menos opciones 0.055%, menos opciones + pieza menos restrictiva 0.015%, reinicios, menos opciones 0.347%] (Knuth: ~2 días) | máximo colocado 54 de 64 | hilos 8 de 12
    ... 246.7 s | grupo 1/6 | 267421508 nodos | revisado 0.056%, faltan ~5 días [menos opciones 0.056%, menos opciones + pieza menos restrictiva 0.015%, reinicios, menos opciones 0.351%] (Knuth: ~2 días) | máximo colocado 54 de 64 | hilos 8 de 12
    ... 248.7 s | grupo 1/6 | 269623890 nodos | revisado 0.056%, faltan ~5 días [menos opciones 0.056%, menos opciones + pieza menos restrictiva 0.015%, reinicios, menos opciones 0.358%] (Knuth: ~2 días) | máximo colocado 54 de 64 | hilos 8 de 12
    ... 250.7 s | grupo 1/6 | 271831552 nodos | revisado 0.057%, faltan ~5 días [menos opciones 0.057%, menos opciones + pieza menos restrictiva 0.015%, reinicios, menos opciones 0.359%] (Knuth: ~2 días) | máximo colocado 54 de 64 | hilos 8 de 12
    ... 252.7 s | grupo 1/6 | 274028860 nodos | revisado 0.057%, faltan ~5 días [menos opciones 0.057%, menos opciones + pieza menos restrictiva 0.016%, reinicios, menos opciones 0.367%] (Knuth: ~2 días) | máximo colocado 54 de 64 | hilos 8 de 12
    ... 254.7 s | grupo 1/6 | 276223639 nodos | revisado 0.058%, faltan ~5 días [menos opciones 0.058%, menos opciones + pieza menos restrictiva 0.016%, reinicios, menos opciones 0.370%] (Knuth: ~2 días) | máximo colocado 54 de 64 | hilos 8 de 12
    ... 256.7 s | grupo 1/6 | 278453705 nodos | revisado 0.059%, faltan ~5 días [menos opciones 0.059%, menos opciones + pieza menos restrictiva 0.016%, reinicios, menos opciones 0.374%] (Knuth: ~2 días) | máximo colocado 54 de 64 | hilos 8 de 12
    ... 258.7 s | grupo 1/6 | 280663953 nodos | revisado 0.060%, faltan ~5 días [menos opciones 0.060%, menos opciones + pieza menos restrictiva 0.016%, reinicios, menos opciones 0.376%] (Knuth: ~2 días) | máximo colocado 54 de 64 | hilos 8 de 12
    ... 260.7 s | grupo 1/6 | 282877836 nodos | revisado 0.060%, faltan ~5 días [menos opciones 0.060%, menos opciones + pieza menos restrictiva 0.017%, reinicios, menos opciones 0.379%] (Knuth: ~2 días) | máximo colocado 54 de 64 | hilos 8 de 12
    ... 262.7 s | grupo 1/6 | 285072415 nodos | revisado 0.061%, faltan ~5 días [menos opciones 0.061%, menos opciones + pieza menos restrictiva 0.017%, reinicios, menos opciones 0.384%] (Knuth: ~2 días) | máximo colocado 54 de 64 | hilos 8 de 12
    ... 264.7 s | grupo 1/6 | 287273547 nodos | revisado 0.062%, faltan ~5 días [menos opciones 0.062%, menos opciones + pieza menos restrictiva 0.017%, reinicios, menos opciones 0.387%] (Knuth: ~2 días) | máximo colocado 54 de 64 | hilos 8 de 12
    ... 266.7 s | grupo 1/6 | 289490440 nodos | revisado 0.062%, faltan ~5 días [menos opciones 0.062%, menos opciones + pieza menos restrictiva 0.017%, reinicios, menos opciones 0.390%] (Knuth: ~2 días) | máximo colocado 54 de 64 | hilos 8 de 12
    ... 268.8 s | grupo 1/6 | 291731832 nodos | revisado 0.064%, faltan ~5 días [menos opciones 0.064%, menos opciones + pieza menos restrictiva 0.018%, reinicios, menos opciones 0.392%] (Knuth: ~2 días) | máximo colocado 54 de 64 | hilos 8 de 12
    ... 270.8 s | grupo 1/6 | 293873523 nodos | revisado 0.064%, faltan ~5 días [menos opciones 0.064%, menos opciones + pieza menos restrictiva 0.018%, reinicios, menos opciones 0.395%] (Knuth: ~2 días) | máximo colocado 54 de 64 | hilos 8 de 12
    ... 272.8 s | grupo 1/6 | 296079975 nodos | revisado 0.064%, faltan ~5 días [menos opciones 0.064%, menos opciones + pieza menos restrictiva 0.018%, reinicios, menos opciones 0.397%] (Knuth: ~2 días) | máximo colocado 54 de 64 | hilos 8 de 12
    ... 274.8 s | grupo 1/6 | 298310469 nodos | revisado 0.065%, faltan ~5 días [menos opciones 0.065%, menos opciones + pieza menos restrictiva 0.018%, reinicios, menos opciones 0.400%] (Knuth: ~2 días) | máximo colocado 54 de 64 | hilos 8 de 12
    ... 276.8 s | grupo 1/6 | 300512298 nodos | revisado 0.065%, faltan ~5 días [menos opciones 0.065%, menos opciones + pieza menos restrictiva 0.019%, reinicios, menos opciones 0.402%] (Knuth: ~2 días) | máximo colocado 54 de 64 | hilos 8 de 12
    ... 278.8 s | grupo 1/6 | 302699097 nodos | revisado 0.065%, faltan ~5 días [menos opciones 0.065%, menos opciones + pieza menos restrictiva 0.019%, reinicios, menos opciones 0.403%] (Knuth: ~2 días) | máximo colocado 54 de 64 | hilos 8 de 12
    ... 280.8 s | grupo 1/6 | 304927574 nodos | revisado 0.066%, faltan ~5 días [menos opciones 0.066%, menos opciones + pieza menos restrictiva 0.019%, reinicios, menos opciones 0.404%] (Knuth: ~2 días) | máximo colocado 54 de 64 | hilos 8 de 12
    ... 282.8 s | grupo 1/6 | 307153000 nodos | revisado 0.066%, faltan ~5 días [menos opciones 0.066%, menos opciones + pieza menos restrictiva 0.020%, reinicios, menos opciones 0.405%] (Knuth: ~2 días) | máximo colocado 54 de 64 | hilos 8 de 12
    ... 284.8 s | grupo 1/6 | 309379986 nodos | revisado 0.066%, faltan ~5 días [menos opciones 0.066%, menos opciones + pieza menos restrictiva 0.020%, reinicios, menos opciones 0.406%] (Knuth: ~2 días) | máximo colocado 54 de 64 | hilos 8 de 12
    ... 286.8 s | grupo 1/6 | 311605882 nodos | revisado 0.066%, faltan ~5 días [menos opciones 0.066%, menos opciones + pieza menos restrictiva 0.020%, reinicios, menos opciones 0.408%] (Knuth: ~2 días) | máximo colocado 54 de 64 | hilos 8 de 12
    ... 288.8 s | grupo 1/6 | 313807954 nodos | revisado 0.067%, faltan ~5 días [menos opciones 0.067%, menos opciones + pieza menos restrictiva 0.020%, reinicios, menos opciones 0.410%] (Knuth: ~2 días) | máximo colocado 54 de 64 | hilos 8 de 12
    ... 290.8 s | grupo 1/6 | 316009186 nodos | revisado 0.067%, faltan ~5 días [menos opciones 0.067%, menos opciones + pieza menos restrictiva 0.021%, reinicios, menos opciones 0.411%] (Knuth: ~2 días) | máximo colocado 54 de 64 | hilos 8 de 12
    ... 292.8 s | grupo 1/6 | 318212513 nodos | revisado 0.067%, faltan ~5 días [menos opciones 0.067%, menos opciones + pieza menos restrictiva 0.021%, reinicios, menos opciones 0.411%] (Knuth: ~2 días) | máximo colocado 54 de 64 | hilos 8 de 12
    ... 294.8 s | grupo 1/6 | 320396215 nodos | revisado 0.067%, faltan ~5 días [menos opciones 0.067%, menos opciones + pieza menos restrictiva 0.021%, reinicios, menos opciones 0.411%] (Knuth: ~2 días) | máximo colocado 54 de 64 | hilos 8 de 12
    ... 296.8 s | grupo 1/6 | 322614928 nodos | revisado 0.067%, faltan ~5 días [menos opciones 0.067%, menos opciones + pieza menos restrictiva 0.022%, reinicios, menos opciones 0.412%] (Knuth: ~2 días) | máximo colocado 54 de 64 | hilos 8 de 12
    ... 298.9 s | grupo 1/6 | 324819122 nodos | revisado 0.067%, faltan ~5 días [menos opciones 0.067%, menos opciones + pieza menos restrictiva 0.022%, reinicios, menos opciones 0.414%] (Knuth: ~2 días) | máximo colocado 54 de 64 | hilos 8 de 12
[4] Grupo 1: cortado por límite de tiempo
[5] Tiempo total: 5 min
RESULTADO resuelto=0 ms=300027.6 marcos=0 nodos=326060032 grupos=1/6 hilos=12 t_marcos=0.000 t_interior=296.373 lados=0 unificado=1 max_colocadas=54 motivo=limite
