[0] Tablero 8x8, 11 colores, 12 hilos
[1] Esquina fija (3,1). 6 grupos, orden por coste: 2.09e+18 2.09e+18 2.09e+18 2.09e+18 2.09e+18 2.09e+18
    grupo 1, orden menos opciones: estimado 5.02e+11 nodos
    grupo 1, orden interior primero: estimado 3.23e+11 nodos
    grupo 2, orden menos opciones: estimado 6.53e+11 nodos
    grupo 2, orden interior primero: estimado 2.43e+11 nodos
    grupo 3, orden menos opciones: estimado 4.33e+11 nodos
    grupo 3, orden interior primero: estimado 2.1e+11 nodos
    grupo 4, orden menos opciones: estimado 5.13e+11 nodos
    grupo 4, orden interior primero: estimado 6.28e+11 nodos
    grupo 5, orden menos opciones: estimado 4.57e+11 nodos
    grupo 5, orden interior primero: estimado 2.52e+11 nodos
    grupo 6, orden menos opciones: estimado 5.48e+11 nodos
    grupo 6, orden interior primero: estimado 3.51e+11 nodos
[1] Estimado de Knuth por grupo (nodos): 5.02e+11 6.53e+11 4.33e+11 5.13e+11 4.57e+11 5.48e+11   (i) = interior primero
[2] Grupo 1/6: ruta unificada (mapas por lado), orden: menos opciones; grupo grande: 3 estrategias a la vez (normal, pieza menos restrictiva, reinicios)
    ... 5.7 s | grupo 1/6 | 2334399 nodos | revisado 2.62e-04%, faltan ~9 días [menos opciones 2.62e-04%, menos opciones + pieza menos restrictiva 4.09e-05%, reinicios, menos opciones 2.42e-03%] (Knuth: ~5 días) | máximo colocado 52 de 64 | hilos 8 de 12
    ... 7.7 s | grupo 1/6 | 4726595 nodos | revisado 4.64e-04%, faltan ~10 días [menos opciones 4.64e-04%, menos opciones + pieza menos restrictiva 9.60e-05%, reinicios, menos opciones 7.44e-03%] (Knuth: ~5 días) | máximo colocado 52 de 64 | hilos 8 de 12
    ... 9.7 s | grupo 1/6 | 7055368 nodos | revisado 7.04e-04%, faltan ~10 días [menos opciones 7.04e-04%, menos opciones + pieza menos restrictiva 1.45e-04%, reinicios, menos opciones 8.93e-03%] (Knuth: ~5 días) | máximo colocado 53 de 64 | hilos 8 de 12
    ... 11.7 s | grupo 1/6 | 9391511 nodos | revisado 8.77e-04%, faltan ~11 días [menos opciones 8.77e-04%, menos opciones + pieza menos restrictiva 2.30e-04%, reinicios, menos opciones 0.010%] (Knuth: ~5 días) | máximo colocado 53 de 64 | hilos 8 de 12
    ... 13.7 s | grupo 1/6 | 11716725 nodos | revisado 1.04e-03%, faltan ~11 días [menos opciones 1.04e-03%, menos opciones + pieza menos restrictiva 2.74e-04%, reinicios, menos opciones 0.015%] (Knuth: ~5 días) | máximo colocado 53 de 64 | hilos 8 de 12
    ... 15.7 s | grupo 1/6 | 14054531 nodos | revisado 1.22e-03%, faltan ~11 días [menos opciones 1.22e-03%, menos opciones + pieza menos restrictiva 3.13e-04%, reinicios, menos opciones 0.016%] (Knuth: ~5 días) | máximo colocado 53 de 64 | hilos 8 de 12
    ... 17.7 s | grupo 1/6 | 16440281 nodos | revisado 1.40e-03%, faltan ~12 días [menos opciones 1.40e-03%, menos opciones + pieza menos restrictiva 3.57e-04%, reinicios, menos opciones 0.017%] (Knuth: ~5 días) | máximo colocado 53 de 64 | hilos 8 de 12
    ... 19.7 s | grupo 1/6 | 18820814 nodos | revisado 1.48e-03%, faltan ~13 días [menos opciones 1.48e-03%, menos opciones + pieza menos restrictiva 4.24e-04%, reinicios, menos opciones 0.018%] (Knuth: ~5 días) | máximo colocado 53 de 64 | hilos 8 de 12
    ... 21.7 s | grupo 1/6 | 21153955 nodos | revisado 1.54e-03%, faltan ~14 días [menos opciones 1.54e-03%, menos opciones + pieza menos restrictiva 5.13e-04%, reinicios, menos opciones 0.019%] (Knuth: ~5 días) | máximo colocado 53 de 64 | hilos 8 de 12
    ... 23.7 s | grupo 1/6 | 23516115 nodos | revisado 1.59e-03%, faltan ~15 días [menos opciones 1.59e-03%, menos opciones + pieza menos restrictiva 6.01e-04%, reinicios, menos opciones 0.021%] (Knuth: ~5 días) | máximo colocado 53 de 64 | hilos 8 de 12
    ... 25.8 s | grupo 1/6 | 25879990 nodos | revisado 1.67e-03%, faltan ~15 días [menos opciones 1.67e-03%, menos opciones + pieza menos restrictiva 7.09e-04%, reinicios, menos opciones 0.023%] (Knuth: ~5 días) | máximo colocado 53 de 64 | hilos 8 de 12
    ... 27.8 s | grupo 1/6 | 28216964 nodos | revisado 1.77e-03%, faltan ~16 días [menos opciones 1.77e-03%, menos opciones + pieza menos restrictiva 7.45e-04%, reinicios, menos opciones 0.026%] (Knuth: ~5 días) | máximo colocado 53 de 64 | hilos 8 de 12
    ... 29.8 s | grupo 1/6 | 30558672 nodos | revisado 1.85e-03%, faltan ~16 días [menos opciones 1.85e-03%, menos opciones + pieza menos restrictiva 7.89e-04%, reinicios, menos opciones 0.026%] (Knuth: ~5 días) | máximo colocado 53 de 64 | hilos 8 de 12
    ... 31.8 s | grupo 1/6 | 32941292 nodos | revisado 1.92e-03%, faltan ~17 días [menos opciones 1.92e-03%, menos opciones + pieza menos restrictiva 8.61e-04%, reinicios, menos opciones 0.032%] (Knuth: ~5 días) | máximo colocado 53 de 64 | hilos 8 de 12
    ... 33.8 s | grupo 1/6 | 35309374 nodos | revisado 1.99e-03%, faltan ~18 días [menos opciones 1.99e-03%, menos opciones + pieza menos restrictiva 9.90e-04%, reinicios, menos opciones 0.035%] (Knuth: ~5 días) | máximo colocado 53 de 64 | hilos 8 de 12
    ... 35.8 s | grupo 1/6 | 37667905 nodos | revisado 2.03e-03%, faltan ~18 días [menos opciones 2.03e-03%, menos opciones + pieza menos restrictiva 1.10e-03%, reinicios, menos opciones 0.037%] (Knuth: ~5 días) | máximo colocado 53 de 64 | hilos 8 de 12
    ... 37.8 s | grupo 1/6 | 40033107 nodos | revisado 2.14e-03%, faltan ~18 días [menos opciones 2.14e-03%, menos opciones + pieza menos restrictiva 1.12e-03%, reinicios, menos opciones 0.038%] (Knuth: ~5 días) | máximo colocado 53 de 64 | hilos 8 de 12
    ... 39.8 s | grupo 1/6 | 42411856 nodos | revisado 2.34e-03%, faltan ~18 días [menos opciones 2.34e-03%, menos opciones + pieza menos restrictiva 1.17e-03%, reinicios, menos opciones 0.039%] (Knuth: ~5 días) | máximo colocado 53 de 64 | hilos 8 de 12
    ... 41.8 s | grupo 1/6 | 44798775 nodos | revisado 2.54e-03%, faltan ~17 días [menos opciones 2.54e-03%, menos opciones + pieza menos restrictiva 1.26e-03%, reinicios, menos opciones 0.040%] (Knuth: ~5 días) | máximo colocado 54 de 64 | hilos 8 de 12
    ... 43.8 s | grupo 1/6 | 47159268 nodos | revisado 2.80e-03%, faltan ~17 días [menos opciones 2.80e-03%, menos opciones + pieza menos restrictiva 1.33e-03%, reinicios, menos opciones 0.042%] (Knuth: ~5 días) | máximo colocado 54 de 64 | hilos 8 de 12
    ... 45.8 s | grupo 1/6 | 49517016 nodos | revisado 2.92e-03%, faltan ~17 días [menos opciones 2.92e-03%, menos opciones + pieza menos restrictiva 1.44e-03%, reinicios, menos opciones 0.043%] (Knuth: ~5 días) | máximo colocado 54 de 64 | hilos 8 de 12
    ... 47.9 s | grupo 1/6 | 51837179 nodos | revisado 3.03e-03%, faltan ~17 días [menos opciones 3.03e-03%, menos opciones + pieza menos restrictiva 1.54e-03%, reinicios, menos opciones 0.046%] (Knuth: ~5 días) | máximo colocado 54 de 64 | hilos 8 de 12
    ... 49.9 s | grupo 1/6 | 54215756 nodos | revisado 3.13e-03%, faltan ~17 días [menos opciones 3.13e-03%, menos opciones + pieza menos restrictiva 1.60e-03%, reinicios, menos opciones 0.049%] (Knuth: ~5 días) | máximo colocado 54 de 64 | hilos 8 de 12
    ... 51.9 s | grupo 1/6 | 56575553 nodos | revisado 3.23e-03%, faltan ~17 días [menos opciones 3.23e-03%, menos opciones + pieza menos restrictiva 1.65e-03%, reinicios, menos opciones 0.050%] (Knuth: ~5 días) | máximo colocado 54 de 64 | hilos 8 de 12
    ... 53.9 s | grupo 1/6 | 58917276 nodos | revisado 3.36e-03%, faltan ~17 días [menos opciones 3.36e-03%, menos opciones + pieza menos restrictiva 1.69e-03%, reinicios, menos opciones 0.051%] (Knuth: ~5 días) | máximo colocado 54 de 64 | hilos 8 de 12
    ... 55.9 s | grupo 1/6 | 61273350 nodos | revisado 3.54e-03%, faltan ~17 días [menos opciones 3.54e-03%, menos opciones + pieza menos restrictiva 1.73e-03%, reinicios, menos opciones 0.055%] (Knuth: ~5 días) | máximo colocado 56 de 64 | hilos 8 de 12
    ... 57.9 s | grupo 1/6 | 63657407 nodos | revisado 3.65e-03%, faltan ~17 días [menos opciones 3.65e-03%, menos opciones + pieza menos restrictiva 1.77e-03%, reinicios, menos opciones 0.057%] (Knuth: ~5 días) | máximo colocado 56 de 64 | hilos 8 de 12
    ... 59.9 s | grupo 1/6 | 65952092 nodos | revisado 3.77e-03%, faltan ~17 días [menos opciones 3.77e-03%, menos opciones + pieza menos restrictiva 1.81e-03%, reinicios, menos opciones 0.067%] (Knuth: ~5 días) | máximo colocado 56 de 64 | hilos 8 de 12
    ... 61.9 s | grupo 1/6 | 68340064 nodos | revisado 3.99e-03%, faltan ~17 días [menos opciones 3.99e-03%, menos opciones + pieza menos restrictiva 1.84e-03%, reinicios, menos opciones 0.069%] (Knuth: ~5 días) | máximo colocado 56 de 64 | hilos 8 de 12
    ... 63.9 s | grupo 1/6 | 70605092 nodos | revisado 4.16e-03%, faltan ~17 días [menos opciones 4.16e-03%, menos opciones + pieza menos restrictiva 1.87e-03%, reinicios, menos opciones 0.074%] (Knuth: ~5 días) | máximo colocado 56 de 64 | hilos 8 de 12
    ... 65.9 s | grupo 1/6 | 72941225 nodos | revisado 4.39e-03%, faltan ~16 días [menos opciones 4.39e-03%, menos opciones + pieza menos restrictiva 1.90e-03%, reinicios, menos opciones 0.076%] (Knuth: ~5 días) | máximo colocado 56 de 64 | hilos 8 de 12
    ... 67.9 s | grupo 1/6 | 75306387 nodos | revisado 4.86e-03%, faltan ~15 días [menos opciones 4.86e-03%, menos opciones + pieza menos restrictiva 2.01e-03%, reinicios, menos opciones 0.078%] (Knuth: ~5 días) | máximo colocado 56 de 64 | hilos 8 de 12
    ... 69.9 s | grupo 1/6 | 77620685 nodos | revisado 5.17e-03%, faltan ~15 días [menos opciones 5.17e-03%, menos opciones + pieza menos restrictiva 2.08e-03%, reinicios, menos opciones 0.080%] (Knuth: ~5 días) | máximo colocado 56 de 64 | hilos 8 de 12
    ... 71.9 s | grupo 1/6 | 79808548 nodos | revisado 5.63e-03%, faltan ~14 días [menos opciones 5.63e-03%, menos opciones + pieza menos restrictiva 2.13e-03%, reinicios, menos opciones 0.082%] (Knuth: ~5 días) | máximo colocado 56 de 64 | hilos 8 de 12
    ... 73.9 s | grupo 1/6 | 82042401 nodos | revisado 5.93e-03%, faltan ~14 días [menos opciones 5.93e-03%, menos opciones + pieza menos restrictiva 2.15e-03%, reinicios, menos opciones 0.088%] (Knuth: ~5 días) | máximo colocado 56 de 64 | hilos 8 de 12
    ... 75.9 s | grupo 1/6 | 84333475 nodos | revisado 6.09e-03%, faltan ~14 días [menos opciones 6.09e-03%, menos opciones + pieza menos restrictiva 2.19e-03%, reinicios, menos opciones 0.091%] (Knuth: ~5 días) | máximo colocado 56 de 64 | hilos 8 de 12
    ... 77.9 s | grupo 1/6 | 86685127 nodos | revisado 6.25e-03%, faltan ~14 días [menos opciones 6.25e-03%, menos opciones + pieza menos restrictiva 2.30e-03%, reinicios, menos opciones 0.092%] (Knuth: ~5 días) | máximo colocado 56 de 64 | hilos 8 de 12
    ... 79.9 s | grupo 1/6 | 89037582 nodos | revisado 6.55e-03%, faltan ~13 días [menos opciones 6.55e-03%, menos opciones + pieza menos restrictiva 2.34e-03%, reinicios, menos opciones 0.094%] (Knuth: ~5 días) | máximo colocado 56 de 64 | hilos 8 de 12
    ... 82.0 s | grupo 1/6 | 91371418 nodos | revisado 6.91e-03%, faltan ~13 días [menos opciones 6.91e-03%, menos opciones + pieza menos restrictiva 2.38e-03%, reinicios, menos opciones 0.097%] (Knuth: ~5 días) | máximo colocado 56 de 64 | hilos 8 de 12
    ... 84.0 s | grupo 1/6 | 93673400 nodos | revisado 7.03e-03%, faltan ~13 días [menos opciones 7.03e-03%, menos opciones + pieza menos restrictiva 2.41e-03%, reinicios, menos opciones 0.098%] (Knuth: ~5 días) | máximo colocado 56 de 64 | hilos 8 de 12
    ... 86.0 s | grupo 1/6 | 96055281 nodos | revisado 7.16e-03%, faltan ~13 días [menos opciones 7.16e-03%, menos opciones + pieza menos restrictiva 2.45e-03%, reinicios, menos opciones 0.098%] (Knuth: ~5 días) | máximo colocado 56 de 64 | hilos 8 de 12
    ... 88.0 s | grupo 1/6 | 98380813 nodos | revisado 7.27e-03%, faltan ~13 días [menos opciones 7.27e-03%, menos opciones + pieza menos restrictiva 2.51e-03%, reinicios, menos opciones 0.101%] (Knuth: ~5 días) | máximo colocado 56 de 64 | hilos 8 de 12
    ... 90.0 s | grupo 1/6 | 100693264 nodos | revisado 7.42e-03%, faltan ~13 días [menos opciones 7.42e-03%, menos opciones + pieza menos restrictiva 2.53e-03%, reinicios, menos opciones 0.102%] (Knuth: ~5 días) | máximo colocado 56 de 64 | hilos 8 de 12
    ... 92.0 s | grupo 1/6 | 103057606 nodos | revisado 7.57e-03%, faltan ~14 días [menos opciones 7.57e-03%, menos opciones + pieza menos restrictiva 2.56e-03%, reinicios, menos opciones 0.104%] (Knuth: ~5 días) | máximo colocado 56 de 64 | hilos 8 de 12
    ... 94.0 s | grupo 1/6 | 105328375 nodos | revisado 7.86e-03%, faltan ~13 días [menos opciones 7.86e-03%, menos opciones + pieza menos restrictiva 2.60e-03%, reinicios, menos opciones 0.105%] (Knuth: ~5 días) | máximo colocado 56 de 64 | hilos 8 de 12
    ... 96.0 s | grupo 1/6 | 107678584 nodos | revisado 8.00e-03%, faltan ~13 días [menos opciones 8.00e-03%, menos opciones + pieza menos restrictiva 2.64e-03%, reinicios, menos opciones 0.106%] (Knuth: ~5 días) | máximo colocado 56 de 64 | hilos 8 de 12
    ... 98.0 s | grupo 1/6 | 110067073 nodos | revisado 8.10e-03%, faltan ~13 días [menos opciones 8.10e-03%, menos opciones + pieza menos restrictiva 2.71e-03%, reinicios, menos opciones 0.108%] (Knuth: ~5 días) | máximo colocado 56 de 64 | hilos 8 de 12
    ... 100.0 s | grupo 1/6 | 112450548 nodos | revisado 8.32e-03%, faltan ~13 días [menos opciones 8.32e-03%, menos opciones + pieza menos restrictiva 2.76e-03%, reinicios, menos opciones 0.110%] (Knuth: ~5 días) | máximo colocado 56 de 64 | hilos 8 de 12
    portafolio: encontró la solución el equipo "reinicios, menos opciones" (nodos: menos opciones 44384256, menos opciones + pieza menos restrictiva 29815808, reinicios, menos opciones 39025593)
[4] Grupo 1: SOLUCIÓN. Verificación: OK
[5] Tiempo total: 101 s
RESULTADO resuelto=1 ms=100679.7 marcos=0 nodos=113225657 grupos=1/6 hilos=12 t_marcos=0.000 t_interior=97.027 lados=0 unificado=1 max_colocadas=64
