[0] Tablero 8x8, 10 colores, 12 hilos
[1] Esquina fija (2,1). 6 grupos, orden por coste: 2.63e+25 2.63e+25 2.63e+25 2.63e+25 2.63e+25 2.63e+25
    grupo 1, orden menos opciones: estimado 4.25e+12 nodos
    grupo 1, orden interior primero: estimado 1.42e+11 nodos
    grupo 2, orden menos opciones: estimado 3.29e+12 nodos
    grupo 2, orden interior primero: estimado 1.45e+11 nodos
    grupo 3, orden menos opciones: estimado 3.8e+12 nodos
    grupo 3, orden interior primero: estimado 3.83e+11 nodos
    grupo 4, orden menos opciones: estimado 3.8e+12 nodos
    grupo 4, orden interior primero: estimado 1.46e+11 nodos
    grupo 5, orden menos opciones: estimado 3.54e+12 nodos
    grupo 5, orden interior primero: estimado 1.31e+11 nodos
    grupo 6, orden menos opciones: estimado 2.93e+12 nodos
    grupo 6, orden interior primero: estimado 3.4e+11 nodos
[1] Estimado de Knuth por grupo (nodos): 1.42e+11(i) 1.45e+11(i) 3.83e+11(i) 1.46e+11(i) 1.31e+11(i) 3.4e+11(i)   (i) = interior primero
[2] Grupo 1/6: ruta unificada (mapas por lado), orden: interior primero; grupo grande: 3 estrategias a la vez (normal, pieza menos restrictiva, reinicios)
    ... 5.7 s | grupo 1/6 | 2116083 nodos | revisado 5.7%, faltan ~33 s [interior primero 5.0%, interior primero + pieza menos restrictiva 5.7%, reinicios, interior primero 7.80e-04%] (Knuth: ~37.3 h) | máximo colocado 50 de 64 | hilos 8 de 12
    ... 7.7 s | grupo 1/6 | 4225740 nodos | revisado 5.7%, faltan ~66 s [interior primero 5.0%, interior primero + pieza menos restrictiva 5.7%, reinicios, interior primero 1.91e-03%] (Knuth: ~37.4 h) | máximo colocado 50 de 64 | hilos 8 de 12
    ... 9.7 s | grupo 1/6 | 6342366 nodos | revisado 5.7%, faltan ~99 s [interior primero 5.0%, interior primero + pieza menos restrictiva 5.7%, reinicios, interior primero 8.74e-03%] (Knuth: ~37.4 h) | máximo colocado 51 de 64 | hilos 8 de 12
    ... 11.7 s | grupo 1/6 | 8455109 nodos | revisado 5.7%, faltan ~2 min [interior primero 5.0%, interior primero + pieza menos restrictiva 5.7%, reinicios, interior primero 9.80e-03%] (Knuth: ~37.5 h) | máximo colocado 53 de 64 | hilos 8 de 12
    ... 13.7 s | grupo 1/6 | 10562524 nodos | revisado 5.7%, faltan ~3 min [interior primero 5.0%, interior primero + pieza menos restrictiva 5.7%, reinicios, interior primero 0.011%] (Knuth: ~37.5 h) | máximo colocado 53 de 64 | hilos 8 de 12
    ... 15.7 s | grupo 1/6 | 12716218 nodos | revisado 5.7%, faltan ~3 min [interior primero 5.0%, interior primero + pieza menos restrictiva 5.7%, reinicios, interior primero 0.013%] (Knuth: ~37.3 h) | máximo colocado 53 de 64 | hilos 8 de 12
    ... 17.7 s | grupo 1/6 | 14841195 nodos | revisado 5.7%, faltan ~4 min [interior primero 5.0%, interior primero + pieza menos restrictiva 5.7%, reinicios, interior primero 0.013%] (Knuth: ~37.3 h) | máximo colocado 53 de 64 | hilos 8 de 12
    ... 19.7 s | grupo 1/6 | 16997312 nodos | revisado 5.7%, faltan ~4 min [interior primero 5.0%, interior primero + pieza menos restrictiva 5.7%, reinicios, interior primero 0.014%] (Knuth: ~37.2 h) | máximo colocado 53 de 64 | hilos 8 de 12
    ... 21.7 s | grupo 1/6 | 19138662 nodos | revisado 5.7%, faltan ~5 min [interior primero 5.0%, interior primero + pieza menos restrictiva 5.7%, reinicios, interior primero 0.014%] (Knuth: ~37.2 h) | máximo colocado 53 de 64 | hilos 8 de 12
    ... 23.7 s | grupo 1/6 | 21294800 nodos | revisado 5.7%, faltan ~6 min [interior primero 5.0%, interior primero + pieza menos restrictiva 5.7%, reinicios, interior primero 0.015%] (Knuth: ~37.2 h) | máximo colocado 53 de 64 | hilos 8 de 12
    ... 25.7 s | grupo 1/6 | 23448640 nodos | revisado 5.7%, faltan ~6 min [interior primero 5.0%, interior primero + pieza menos restrictiva 5.7%, reinicios, interior primero 0.016%] (Knuth: ~37.1 h) | máximo colocado 53 de 64 | hilos 8 de 12
    ... 27.8 s | grupo 1/6 | 25567411 nodos | revisado 5.7%, faltan ~7 min [interior primero 5.0%, interior primero + pieza menos restrictiva 5.7%, reinicios, interior primero 0.018%] (Knuth: ~37.1 h) | máximo colocado 53 de 64 | hilos 8 de 12
    ... 29.8 s | grupo 1/6 | 27722387 nodos | revisado 5.7%, faltan ~7 min [interior primero 5.0%, interior primero + pieza menos restrictiva 5.7%, reinicios, interior primero 0.019%] (Knuth: ~37.1 h) | máximo colocado 53 de 64 | hilos 8 de 12
    ... 31.8 s | grupo 1/6 | 29883428 nodos | revisado 5.7%, faltan ~8 min [interior primero 5.0%, interior primero + pieza menos restrictiva 5.7%, reinicios, interior primero 0.020%] (Knuth: ~37.1 h) | máximo colocado 53 de 64 | hilos 8 de 12
    ... 33.8 s | grupo 1/6 | 32000988 nodos | revisado 5.7%, faltan ~8 min [interior primero 5.0%, interior primero + pieza menos restrictiva 5.7%, reinicios, interior primero 0.021%] (Knuth: ~37.1 h) | máximo colocado 53 de 64 | hilos 8 de 12
    ... 35.8 s | grupo 1/6 | 34129923 nodos | revisado 5.7%, faltan ~9 min [interior primero 5.0%, interior primero + pieza menos restrictiva 5.7%, reinicios, interior primero 0.023%] (Knuth: ~37.1 h) | máximo colocado 53 de 64 | hilos 8 de 12
    ... 37.8 s | grupo 1/6 | 36282457 nodos | revisado 5.7%, faltan ~9 min [interior primero 5.0%, interior primero + pieza menos restrictiva 5.7%, reinicios, interior primero 0.023%] (Knuth: ~37.1 h) | máximo colocado 53 de 64 | hilos 8 de 12
    ... 39.8 s | grupo 1/6 | 38435466 nodos | revisado 5.7%, faltan ~10 min [interior primero 5.0%, interior primero + pieza menos restrictiva 5.7%, reinicios, interior primero 0.024%] (Knuth: ~37.1 h) | máximo colocado 53 de 64 | hilos 8 de 12
    ... 41.8 s | grupo 1/6 | 40546625 nodos | revisado 5.7%, faltan ~10 min [interior primero 5.0%, interior primero + pieza menos restrictiva 5.7%, reinicios, interior primero 0.024%] (Knuth: ~37.1 h) | máximo colocado 53 de 64 | hilos 8 de 12
    ... 43.8 s | grupo 1/6 | 42689669 nodos | revisado 5.7%, faltan ~11 min [interior primero 5.0%, interior primero + pieza menos restrictiva 5.7%, reinicios, interior primero 0.025%] (Knuth: ~37.1 h) | máximo colocado 53 de 64 | hilos 8 de 12
    ... 45.8 s | grupo 1/6 | 44828528 nodos | revisado 5.7%, faltan ~12 min [interior primero 5.0%, interior primero + pieza menos restrictiva 5.7%, reinicios, interior primero 0.026%] (Knuth: ~37.1 h) | máximo colocado 53 de 64 | hilos 8 de 12
    ... 47.8 s | grupo 1/6 | 46973583 nodos | revisado 5.7%, faltan ~12 min [interior primero 5.0%, interior primero + pieza menos restrictiva 5.7%, reinicios, interior primero 0.026%] (Knuth: ~37.1 h) | máximo colocado 53 de 64 | hilos 8 de 12
    ... 49.9 s | grupo 1/6 | 49113957 nodos | revisado 5.7%, faltan ~13 min [interior primero 5.0%, interior primero + pieza menos restrictiva 5.7%, reinicios, interior primero 0.027%] (Knuth: ~37.1 h) | máximo colocado 53 de 64 | hilos 8 de 12
    ... 51.9 s | grupo 1/6 | 51268021 nodos | revisado 5.7%, faltan ~13 min [interior primero 5.0%, interior primero + pieza menos restrictiva 5.7%, reinicios, interior primero 0.028%] (Knuth: ~37.0 h) | máximo colocado 53 de 64 | hilos 8 de 12
    ... 53.9 s | grupo 1/6 | 53416215 nodos | revisado 5.7%, faltan ~14 min [interior primero 5.0%, interior primero + pieza menos restrictiva 5.7%, reinicios, interior primero 0.030%] (Knuth: ~37.0 h) | máximo colocado 53 de 64 | hilos 8 de 12
    ... 55.9 s | grupo 1/6 | 55548373 nodos | revisado 5.7%, faltan ~14 min [interior primero 5.0%, interior primero + pieza menos restrictiva 5.7%, reinicios, interior primero 0.033%] (Knuth: ~37.0 h) | máximo colocado 53 de 64 | hilos 8 de 12
    ... 57.9 s | grupo 1/6 | 57660362 nodos | revisado 5.7%, faltan ~15 min [interior primero 5.0%, interior primero + pieza menos restrictiva 5.7%, reinicios, interior primero 0.036%] (Knuth: ~37.0 h) | máximo colocado 53 de 64 | hilos 8 de 12
    ... 59.9 s | grupo 1/6 | 59789376 nodos | revisado 5.7%, faltan ~15 min [interior primero 5.0%, interior primero + pieza menos restrictiva 5.7%, reinicios, interior primero 0.038%] (Knuth: ~37.1 h) | máximo colocado 53 de 64 | hilos 8 de 12
    ... 61.9 s | grupo 1/6 | 61915397 nodos | revisado 5.7%, faltan ~16 min [interior primero 5.0%, interior primero + pieza menos restrictiva 5.7%, reinicios, interior primero 0.039%] (Knuth: ~37.1 h) | máximo colocado 53 de 64 | hilos 8 de 12
    ... 63.9 s | grupo 1/6 | 64040213 nodos | revisado 5.7%, faltan ~17 min [interior primero 5.0%, interior primero + pieza menos restrictiva 5.7%, reinicios, interior primero 0.039%] (Knuth: ~37.1 h) | máximo colocado 53 de 64 | hilos 8 de 12
    ... 65.9 s | grupo 1/6 | 66204516 nodos | revisado 5.7%, faltan ~17 min [interior primero 5.0%, interior primero + pieza menos restrictiva 5.7%, reinicios, interior primero 0.041%] (Knuth: ~37.0 h) | máximo colocado 53 de 64 | hilos 8 de 12
    ... 67.9 s | grupo 1/6 | 68337636 nodos | revisado 5.7%, faltan ~18 min [interior primero 5.0%, interior primero + pieza menos restrictiva 5.7%, reinicios, interior primero 0.042%] (Knuth: ~37.0 h) | máximo colocado 53 de 64 | hilos 8 de 12
    ... 69.9 s | grupo 1/6 | 70475842 nodos | revisado 5.7%, faltan ~18 min [interior primero 5.0%, interior primero + pieza menos restrictiva 5.7%, reinicios, interior primero 0.043%] (Knuth: ~37.0 h) | máximo colocado 53 de 64 | hilos 8 de 12
    ... 71.9 s | grupo 1/6 | 72645001 nodos | revisado 5.7%, faltan ~19 min [interior primero 5.0%, interior primero + pieza menos restrictiva 5.7%, reinicios, interior primero 0.045%] (Knuth: ~37.0 h) | máximo colocado 53 de 64 | hilos 8 de 12
    ... 73.9 s | grupo 1/6 | 74808546 nodos | revisado 5.7%, faltan ~19 min [interior primero 5.0%, interior primero + pieza menos restrictiva 5.7%, reinicios, interior primero 0.046%] (Knuth: ~37.0 h) | máximo colocado 53 de 64 | hilos 8 de 12
    ... 75.9 s | grupo 1/6 | 76941925 nodos | revisado 5.7%, faltan ~20 min [interior primero 5.0%, interior primero + pieza menos restrictiva 5.7%, reinicios, interior primero 0.049%] (Knuth: ~37.0 h) | máximo colocado 53 de 64 | hilos 8 de 12
    ... 78.0 s | grupo 1/6 | 79018372 nodos | revisado 5.7%, faltan ~20 min [interior primero 5.0%, interior primero + pieza menos restrictiva 5.7%, reinicios, interior primero 0.050%] (Knuth: ~37.0 h) | máximo colocado 53 de 64 | hilos 8 de 12
    ... 80.0 s | grupo 1/6 | 81157136 nodos | revisado 5.7%, faltan ~21 min [interior primero 5.0%, interior primero + pieza menos restrictiva 5.7%, reinicios, interior primero 0.051%] (Knuth: ~37.0 h) | máximo colocado 53 de 64 | hilos 8 de 12
    ... 82.0 s | grupo 1/6 | 83314641 nodos | revisado 5.7%, faltan ~22 min [interior primero 5.0%, interior primero + pieza menos restrictiva 5.7%, reinicios, interior primero 0.052%] (Knuth: ~37.0 h) | máximo colocado 53 de 64 | hilos 8 de 12
    ... 84.0 s | grupo 1/6 | 85479673 nodos | revisado 5.7%, faltan ~22 min [interior primero 5.0%, interior primero + pieza menos restrictiva 5.7%, reinicios, interior primero 0.053%] (Knuth: ~37.0 h) | máximo colocado 53 de 64 | hilos 8 de 12
    ... 86.0 s | grupo 1/6 | 87619001 nodos | revisado 5.7%, faltan ~23 min [interior primero 5.0%, interior primero + pieza menos restrictiva 5.7%, reinicios, interior primero 0.054%] (Knuth: ~37.0 h) | máximo colocado 53 de 64 | hilos 8 de 12
    ... 88.0 s | grupo 1/6 | 89744639 nodos | revisado 5.7%, faltan ~23 min [interior primero 5.0%, interior primero + pieza menos restrictiva 5.7%, reinicios, interior primero 0.056%] (Knuth: ~37.0 h) | máximo colocado 53 de 64 | hilos 8 de 12
    ... 90.0 s | grupo 1/6 | 91882084 nodos | revisado 5.7%, faltan ~24 min [interior primero 5.0%, interior primero + pieza menos restrictiva 5.7%, reinicios, interior primero 0.056%] (Knuth: ~37.0 h) | máximo colocado 53 de 64 | hilos 8 de 12
    ... 92.0 s | grupo 1/6 | 94028394 nodos | revisado 5.7%, faltan ~24 min [interior primero 5.0%, interior primero + pieza menos restrictiva 5.7%, reinicios, interior primero 0.057%] (Knuth: ~37.0 h) | máximo colocado 53 de 64 | hilos 8 de 12
    ... 94.0 s | grupo 1/6 | 96187339 nodos | revisado 5.7%, faltan ~25 min [interior primero 5.0%, interior primero + pieza menos restrictiva 5.7%, reinicios, interior primero 0.059%] (Knuth: ~37.0 h) | máximo colocado 53 de 64 | hilos 8 de 12
    ... 96.0 s | grupo 1/6 | 98314155 nodos | revisado 5.7%, faltan ~25 min [interior primero 5.0%, interior primero + pieza menos restrictiva 5.7%, reinicios, interior primero 0.060%] (Knuth: ~37.0 h) | máximo colocado 53 de 64 | hilos 8 de 12
    ... 98.1 s | grupo 1/6 | 100442836 nodos | revisado 5.7%, faltan ~26 min [interior primero 5.0%, interior primero + pieza menos restrictiva 5.7%, reinicios, interior primero 0.061%] (Knuth: ~37.0 h) | máximo colocado 53 de 64 | hilos 8 de 12
    ... 100.1 s | grupo 1/6 | 102578632 nodos | revisado 5.7%, faltan ~27 min [interior primero 5.0%, interior primero + pieza menos restrictiva 5.7%, reinicios, interior primero 0.063%] (Knuth: ~37.0 h) | máximo colocado 53 de 64 | hilos 8 de 12
    ... 102.1 s | grupo 1/6 | 104689507 nodos | revisado 5.7%, faltan ~27 min [interior primero 5.0%, interior primero + pieza menos restrictiva 5.7%, reinicios, interior primero 0.065%] (Knuth: ~37.0 h) | máximo colocado 53 de 64 | hilos 8 de 12
    ... 104.1 s | grupo 1/6 | 106816386 nodos | revisado 5.7%, faltan ~28 min [interior primero 5.0%, interior primero + pieza menos restrictiva 5.7%, reinicios, interior primero 0.066%] (Knuth: ~37.0 h) | máximo colocado 53 de 64 | hilos 8 de 12
    ... 106.1 s | grupo 1/6 | 108931899 nodos | revisado 5.7%, faltan ~28 min [interior primero 5.0%, interior primero + pieza menos restrictiva 5.7%, reinicios, interior primero 0.067%] (Knuth: ~37.0 h) | máximo colocado 53 de 64 | hilos 8 de 12
    ... 108.1 s | grupo 1/6 | 111077825 nodos | revisado 5.7%, faltan ~29 min [interior primero 5.0%, interior primero + pieza menos restrictiva 5.7%, reinicios, interior primero 0.068%] (Knuth: ~37.0 h) | máximo colocado 53 de 64 | hilos 8 de 12
    ... 110.1 s | grupo 1/6 | 113227476 nodos | revisado 5.7%, faltan ~29 min [interior primero 5.0%, interior primero + pieza menos restrictiva 5.7%, reinicios, interior primero 0.069%] (Knuth: ~37.0 h) | máximo colocado 53 de 64 | hilos 8 de 12
    ... 112.1 s | grupo 1/6 | 115390455 nodos | revisado 5.7%, faltan ~30 min [interior primero 5.0%, interior primero + pieza menos restrictiva 5.7%, reinicios, interior primero 0.070%] (Knuth: ~37.0 h) | máximo colocado 53 de 64 | hilos 8 de 12
    ... 114.1 s | grupo 1/6 | 117518419 nodos | revisado 5.7%, faltan ~30 min [interior primero 5.0%, interior primero + pieza menos restrictiva 5.7%, reinicios, interior primero 0.071%] (Knuth: ~37.0 h) | máximo colocado 53 de 64 | hilos 8 de 12
    ... 116.1 s | grupo 1/6 | 119639430 nodos | revisado 5.7%, faltan ~31 min [interior primero 5.0%, interior primero + pieza menos restrictiva 5.7%, reinicios, interior primero 0.073%] (Knuth: ~37.0 h) | máximo colocado 53 de 64 | hilos 8 de 12
    ... 118.1 s | grupo 1/6 | 121780376 nodos | revisado 5.7%, faltan ~31 min [interior primero 5.0%, interior primero + pieza menos restrictiva 5.7%, reinicios, interior primero 0.074%] (Knuth: ~37.0 h) | máximo colocado 53 de 64 | hilos 8 de 12
    ... 120.1 s | grupo 1/6 | 123902868 nodos | revisado 5.7%, faltan ~32 min [interior primero 5.0%, interior primero + pieza menos restrictiva 5.7%, reinicios, interior primero 0.075%] (Knuth: ~37.0 h) | máximo colocado 53 de 64 | hilos 8 de 12
    ... 122.2 s | grupo 1/6 | 126044499 nodos | revisado 5.7%, faltan ~33 min [interior primero 5.0%, interior primero + pieza menos restrictiva 5.7%, reinicios, interior primero 0.076%] (Knuth: ~37.0 h) | máximo colocado 53 de 64 | hilos 8 de 12
    ... 124.2 s | grupo 1/6 | 128185165 nodos | revisado 5.7%, faltan ~33 min [interior primero 5.0%, interior primero + pieza menos restrictiva 5.7%, reinicios, interior primero 0.077%] (Knuth: ~37.0 h) | máximo colocado 53 de 64 | hilos 8 de 12
    ... 126.2 s | grupo 1/6 | 130336090 nodos | revisado 5.7%, faltan ~34 min [interior primero 5.0%, interior primero + pieza menos restrictiva 5.7%, reinicios, interior primero 0.077%] (Knuth: ~37.0 h) | máximo colocado 53 de 64 | hilos 8 de 12
    ... 128.2 s | grupo 1/6 | 132483334 nodos | revisado 5.7%, faltan ~34 min [interior primero 5.0%, interior primero + pieza menos restrictiva 5.7%, reinicios, interior primero 0.080%] (Knuth: ~37.0 h) | máximo colocado 53 de 64 | hilos 8 de 12
    ... 130.2 s | grupo 1/6 | 134621020 nodos | revisado 5.7%, faltan ~35 min [interior primero 5.0%, interior primero + pieza menos restrictiva 5.7%, reinicios, interior primero 0.081%] (Knuth: ~37.0 h) | máximo colocado 53 de 64 | hilos 8 de 12
    ... 132.2 s | grupo 1/6 | 136756766 nodos | revisado 5.7%, faltan ~35 min [interior primero 5.0%, interior primero + pieza menos restrictiva 5.7%, reinicios, interior primero 0.083%] (Knuth: ~37.0 h) | máximo colocado 53 de 64 | hilos 8 de 12
    ... 134.2 s | grupo 1/6 | 138886245 nodos | revisado 5.7%, faltan ~36 min [interior primero 5.0%, interior primero + pieza menos restrictiva 5.7%, reinicios, interior primero 0.084%] (Knuth: ~37.0 h) | máximo colocado 53 de 64 | hilos 8 de 12
    ... 136.2 s | grupo 1/6 | 140996705 nodos | revisado 5.7%, faltan ~36 min [interior primero 5.0%, interior primero + pieza menos restrictiva 5.7%, reinicios, interior primero 0.085%] (Knuth: ~37.0 h) | máximo colocado 53 de 64 | hilos 8 de 12
    ... 138.2 s | grupo 1/6 | 143130707 nodos | revisado 5.7%, faltan ~37 min [interior primero 5.0%, interior primero + pieza menos restrictiva 5.7%, reinicios, interior primero 0.089%] (Knuth: ~37.0 h) | máximo colocado 53 de 64 | hilos 8 de 12
    ... 140.2 s | grupo 1/6 | 145285317 nodos | revisado 5.7%, faltan ~38 min [interior primero 5.0%, interior primero + pieza menos restrictiva 5.7%, reinicios, interior primero 0.090%] (Knuth: ~37.0 h) | máximo colocado 53 de 64 | hilos 8 de 12
    ... 142.2 s | grupo 1/6 | 147431222 nodos | revisado 5.7%, faltan ~38 min [interior primero 5.0%, interior primero + pieza menos restrictiva 5.7%, reinicios, interior primero 0.092%] (Knuth: ~37.0 h) | máximo colocado 53 de 64 | hilos 8 de 12
    ... 144.3 s | grupo 1/6 | 149593866 nodos | revisado 5.7%, faltan ~39 min [interior primero 5.0%, interior primero + pieza menos restrictiva 5.7%, reinicios, interior primero 0.093%] (Knuth: ~37.0 h) | máximo colocado 53 de 64 | hilos 8 de 12
    ... 146.3 s | grupo 1/6 | 151741883 nodos | revisado 5.7%, faltan ~39 min [interior primero 5.0%, interior primero + pieza menos restrictiva 5.7%, reinicios, interior primero 0.094%] (Knuth: ~37.0 h) | máximo colocado 53 de 64 | hilos 8 de 12
    ... 148.3 s | grupo 1/6 | 153896348 nodos | revisado 5.7%, faltan ~40 min [interior primero 5.0%, interior primero + pieza menos restrictiva 5.7%, reinicios, interior primero 0.095%] (Knuth: ~37.0 h) | máximo colocado 53 de 64 | hilos 8 de 12
    ... 150.3 s | grupo 1/6 | 156008047 nodos | revisado 5.7%, faltan ~40 min [interior primero 5.0%, interior primero + pieza menos restrictiva 5.7%, reinicios, interior primero 0.097%] (Knuth: ~37.0 h) | máximo colocado 53 de 64 | hilos 8 de 12
    ... 152.3 s | grupo 1/6 | 158139563 nodos | revisado 5.7%, faltan ~41 min [interior primero 5.0%, interior primero + pieza menos restrictiva 5.7%, reinicios, interior primero 0.099%] (Knuth: ~37.0 h) | máximo colocado 53 de 64 | hilos 8 de 12
    ... 154.3 s | grupo 1/6 | 160267890 nodos | revisado 5.7%, faltan ~41 min [interior primero 5.0%, interior primero + pieza menos restrictiva 5.7%, reinicios, interior primero 0.100%] (Knuth: ~37.0 h) | máximo colocado 53 de 64 | hilos 8 de 12
    ... 156.3 s | grupo 1/6 | 162407768 nodos | revisado 5.7%, faltan ~42 min [interior primero 5.0%, interior primero + pieza menos restrictiva 5.7%, reinicios, interior primero 0.101%] (Knuth: ~37.0 h) | máximo colocado 53 de 64 | hilos 8 de 12
    ... 158.3 s | grupo 1/6 | 164562044 nodos | revisado 5.7%, faltan ~43 min [interior primero 5.0%, interior primero + pieza menos restrictiva 5.7%, reinicios, interior primero 0.103%] (Knuth: ~37.0 h) | máximo colocado 53 de 64 | hilos 8 de 12
    ... 160.3 s | grupo 1/6 | 166693710 nodos | revisado 5.7%, faltan ~43 min [interior primero 5.0%, interior primero + pieza menos restrictiva 5.7%, reinicios, interior primero 0.103%] (Knuth: ~37.0 h) | máximo colocado 53 de 64 | hilos 8 de 12
    ... 162.3 s | grupo 1/6 | 168825576 nodos | revisado 5.7%, faltan ~44 min [interior primero 5.0%, interior primero + pieza menos restrictiva 5.7%, reinicios, interior primero 0.104%] (Knuth: ~37.0 h) | máximo colocado 53 de 64 | hilos 8 de 12
    ... 164.3 s | grupo 1/6 | 170961728 nodos | revisado 5.7%, faltan ~44 min [interior primero 5.0%, interior primero + pieza menos restrictiva 5.7%, reinicios, interior primero 0.104%] (Knuth: ~37.0 h) | máximo colocado 53 de 64 | hilos 8 de 12
    ... 166.3 s | grupo 1/6 | 173082353 nodos | revisado 5.7%, faltan ~45 min [interior primero 5.0%, interior primero + pieza menos restrictiva 5.7%, reinicios, interior primero 0.104%] (Knuth: ~37.0 h) | máximo colocado 53 de 64 | hilos 8 de 12
    ... 168.3 s | grupo 1/6 | 175254608 nodos | revisado 5.7%, faltan ~45 min [interior primero 5.0%, interior primero + pieza menos restrictiva 5.7%, reinicios, interior primero 0.105%] (Knuth: ~37.0 h) | máximo colocado 53 de 64 | hilos 8 de 12
    ... 170.3 s | grupo 1/6 | 177398837 nodos | revisado 5.7%, faltan ~46 min [interior primero 5.0%, interior primero + pieza menos restrictiva 5.7%, reinicios, interior primero 0.105%] (Knuth: ~37.0 h) | máximo colocado 53 de 64 | hilos 8 de 12
    ... 172.3 s | grupo 1/6 | 179552883 nodos | revisado 5.7%, faltan ~46 min [interior primero 5.0%, interior primero + pieza menos restrictiva 5.7%, reinicios, interior primero 0.105%] (Knuth: ~37.0 h) | máximo colocado 53 de 64 | hilos 8 de 12
    ... 174.3 s | grupo 1/6 | 181683930 nodos | revisado 5.7%, faltan ~47 min [interior primero 5.0%, interior primero + pieza menos restrictiva 5.7%, reinicios, interior primero 0.106%] (Knuth: ~37.0 h) | máximo colocado 53 de 64 | hilos 8 de 12
    ... 176.3 s | grupo 1/6 | 183795502 nodos | revisado 5.7%, faltan ~47 min [interior primero 5.0%, interior primero + pieza menos restrictiva 5.7%, reinicios, interior primero 0.107%] (Knuth: ~37.0 h) | máximo colocado 53 de 64 | hilos 8 de 12
    ... 178.4 s | grupo 1/6 | 185927196 nodos | revisado 5.7%, faltan ~48 min [interior primero 5.0%, interior primero + pieza menos restrictiva 5.7%, reinicios, interior primero 0.107%] (Knuth: ~37.0 h) | máximo colocado 53 de 64 | hilos 8 de 12
    ... 180.4 s | grupo 1/6 | 188036149 nodos | revisado 5.7%, faltan ~49 min [interior primero 5.0%, interior primero + pieza menos restrictiva 5.7%, reinicios, interior primero 0.110%] (Knuth: ~37.0 h) | máximo colocado 53 de 64 | hilos 8 de 12
    ... 182.4 s | grupo 1/6 | 190163955 nodos | revisado 5.7%, faltan ~49 min [interior primero 5.0%, interior primero + pieza menos restrictiva 5.7%, reinicios, interior primero 0.110%] (Knuth: ~37.0 h) | máximo colocado 53 de 64 | hilos 8 de 12
    ... 184.4 s | grupo 1/6 | 192283741 nodos | revisado 5.7%, faltan ~50 min [interior primero 5.0%, interior primero + pieza menos restrictiva 5.7%, reinicios, interior primero 0.111%] (Knuth: ~37.0 h) | máximo colocado 53 de 64 | hilos 8 de 12
    ... 186.4 s | grupo 1/6 | 194379265 nodos | revisado 5.7%, faltan ~50 min [interior primero 5.0%, interior primero + pieza menos restrictiva 5.7%, reinicios, interior primero 0.112%] (Knuth: ~37.0 h) | máximo colocado 53 de 64 | hilos 8 de 12
    ... 188.4 s | grupo 1/6 | 196528631 nodos | revisado 5.7%, faltan ~51 min [interior primero 5.0%, interior primero + pieza menos restrictiva 5.7%, reinicios, interior primero 0.112%] (Knuth: ~37.0 h) | máximo colocado 53 de 64 | hilos 8 de 12
    ... 190.4 s | grupo 1/6 | 198664857 nodos | revisado 5.7%, faltan ~51 min [interior primero 5.0%, interior primero + pieza menos restrictiva 5.7%, reinicios, interior primero 0.113%] (Knuth: ~37.0 h) | máximo colocado 53 de 64 | hilos 8 de 12
    ... 192.4 s | grupo 1/6 | 200795862 nodos | revisado 5.7%, faltan ~52 min [interior primero 5.0%, interior primero + pieza menos restrictiva 5.7%, reinicios, interior primero 0.113%] (Knuth: ~37.0 h) | máximo colocado 53 de 64 | hilos 8 de 12
    ... 194.4 s | grupo 1/6 | 202926892 nodos | revisado 5.7%, faltan ~52 min [interior primero 5.0%, interior primero + pieza menos restrictiva 5.7%, reinicios, interior primero 0.113%] (Knuth: ~37.0 h) | máximo colocado 53 de 64 | hilos 8 de 12
    ... 196.4 s | grupo 1/6 | 205076285 nodos | revisado 5.7%, faltan ~53 min [interior primero 5.0%, interior primero + pieza menos restrictiva 5.7%, reinicios, interior primero 0.113%] (Knuth: ~37.0 h) | máximo colocado 53 de 64 | hilos 8 de 12
    ... 198.4 s | grupo 1/6 | 207208127 nodos | revisado 5.7%, faltan ~54 min [interior primero 5.0%, interior primero + pieza menos restrictiva 5.7%, reinicios, interior primero 0.114%] (Knuth: ~37.0 h) | máximo colocado 53 de 64 | hilos 8 de 12
    ... 200.4 s | grupo 1/6 | 209364253 nodos | revisado 5.7%, faltan ~54 min [interior primero 5.0%, interior primero + pieza menos restrictiva 5.7%, reinicios, interior primero 0.115%] (Knuth: ~37.0 h) | máximo colocado 53 de 64 | hilos 8 de 12
    ... 202.4 s | grupo 1/6 | 211512309 nodos | revisado 5.7%, faltan ~55 min [interior primero 5.0%, interior primero + pieza menos restrictiva 5.7%, reinicios, interior primero 0.115%] (Knuth: ~37.0 h) | máximo colocado 53 de 64 | hilos 8 de 12
    ... 204.4 s | grupo 1/6 | 213683399 nodos | revisado 5.7%, faltan ~55 min [interior primero 5.0%, interior primero + pieza menos restrictiva 5.7%, reinicios, interior primero 0.116%] (Knuth: ~37.0 h) | máximo colocado 53 de 64 | hilos 8 de 12
    ... 206.4 s | grupo 1/6 | 215834871 nodos | revisado 5.7%, faltan ~56 min [interior primero 5.0%, interior primero + pieza menos restrictiva 5.7%, reinicios, interior primero 0.116%] (Knuth: ~37.0 h) | máximo colocado 53 de 64 | hilos 8 de 12
    ... 208.5 s | grupo 1/6 | 217980615 nodos | revisado 5.7%, faltan ~56 min [interior primero 5.0%, interior primero + pieza menos restrictiva 5.7%, reinicios, interior primero 0.117%] (Knuth: ~37.0 h) | máximo colocado 54 de 64 | hilos 8 de 12
    ... 210.5 s | grupo 1/6 | 220130960 nodos | revisado 5.7%, faltan ~57 min [interior primero 5.0%, interior primero + pieza menos restrictiva 5.7%, reinicios, interior primero 0.118%] (Knuth: ~37.0 h) | máximo colocado 54 de 64 | hilos 8 de 12
    ... 212.5 s | grupo 1/6 | 222278486 nodos | revisado 5.7%, faltan ~57 min [interior primero 5.0%, interior primero + pieza menos restrictiva 5.7%, reinicios, interior primero 0.118%] (Knuth: ~37.0 h) | máximo colocado 54 de 64 | hilos 8 de 12
    ... 214.5 s | grupo 1/6 | 224397329 nodos | revisado 5.7%, faltan ~58 min [interior primero 5.0%, interior primero + pieza menos restrictiva 5.7%, reinicios, interior primero 0.119%] (Knuth: ~37.0 h) | máximo colocado 54 de 64 | hilos 8 de 12
    ... 216.5 s | grupo 1/6 | 226521802 nodos | revisado 5.7%, faltan ~58 min [interior primero 5.0%, interior primero + pieza menos restrictiva 5.7%, reinicios, interior primero 0.119%] (Knuth: ~37.0 h) | máximo colocado 54 de 64 | hilos 8 de 12
    ... 218.5 s | grupo 1/6 | 228680865 nodos | revisado 5.7%, faltan ~59 min [interior primero 5.0%, interior primero + pieza menos restrictiva 5.7%, reinicios, interior primero 0.120%] (Knuth: ~37.0 h) | máximo colocado 54 de 64 | hilos 8 de 12
    ... 220.5 s | grupo 1/6 | 230818568 nodos | revisado 5.7%, faltan ~60 min [interior primero 5.0%, interior primero + pieza menos restrictiva 5.7%, reinicios, interior primero 0.121%] (Knuth: ~37.0 h) | máximo colocado 54 de 64 | hilos 8 de 12
    ... 222.5 s | grupo 1/6 | 232951787 nodos | revisado 5.7%, faltan ~60 min [interior primero 5.0%, interior primero + pieza menos restrictiva 5.7%, reinicios, interior primero 0.134%] (Knuth: ~37.0 h) | máximo colocado 54 de 64 | hilos 8 de 12
    ... 224.5 s | grupo 1/6 | 235110099 nodos | revisado 5.7%, faltan ~61 min [interior primero 5.0%, interior primero + pieza menos restrictiva 5.7%, reinicios, interior primero 0.135%] (Knuth: ~37.0 h) | máximo colocado 54 de 64 | hilos 8 de 12
    ... 226.5 s | grupo 1/6 | 237226142 nodos | revisado 5.7%, faltan ~61 min [interior primero 5.0%, interior primero + pieza menos restrictiva 5.7%, reinicios, interior primero 0.138%] (Knuth: ~37.0 h) | máximo colocado 54 de 64 | hilos 8 de 12
    ... 228.5 s | grupo 1/6 | 239367584 nodos | revisado 5.7%, faltan ~62 min [interior primero 5.0%, interior primero + pieza menos restrictiva 5.7%, reinicios, interior primero 0.138%] (Knuth: ~37.0 h) | máximo colocado 54 de 64 | hilos 8 de 12
    ... 230.6 s | grupo 1/6 | 241539167 nodos | revisado 5.7%, faltan ~62 min [interior primero 5.0%, interior primero + pieza menos restrictiva 5.7%, reinicios, interior primero 0.139%] (Knuth: ~37.0 h) | máximo colocado 54 de 64 | hilos 8 de 12
    ... 232.6 s | grupo 1/6 | 243644373 nodos | revisado 5.7%, faltan ~63 min [interior primero 5.0%, interior primero + pieza menos restrictiva 5.7%, reinicios, interior primero 0.140%] (Knuth: ~37.0 h) | máximo colocado 54 de 64 | hilos 8 de 12
    ... 234.6 s | grupo 1/6 | 245739115 nodos | revisado 5.7%, faltan ~63 min [interior primero 5.0%, interior primero + pieza menos restrictiva 5.7%, reinicios, interior primero 0.140%] (Knuth: ~37.0 h) | máximo colocado 54 de 64 | hilos 8 de 12
    ... 236.6 s | grupo 1/6 | 247860599 nodos | revisado 5.7%, faltan ~64 min [interior primero 5.0%, interior primero + pieza menos restrictiva 5.7%, reinicios, interior primero 0.140%] (Knuth: ~37.0 h) | máximo colocado 54 de 64 | hilos 8 de 12
    ... 238.6 s | grupo 1/6 | 250004557 nodos | revisado 5.7%, faltan ~65 min [interior primero 5.0%, interior primero + pieza menos restrictiva 5.7%, reinicios, interior primero 0.141%] (Knuth: ~37.0 h) | máximo colocado 54 de 64 | hilos 8 de 12
    ... 240.6 s | grupo 1/6 | 252149764 nodos | revisado 5.7%, faltan ~65 min [interior primero 5.0%, interior primero + pieza menos restrictiva 5.7%, reinicios, interior primero 0.142%] (Knuth: ~37.0 h) | máximo colocado 54 de 64 | hilos 8 de 12
    ... 242.6 s | grupo 1/6 | 254305356 nodos | revisado 5.7%, faltan ~66 min [interior primero 5.0%, interior primero + pieza menos restrictiva 5.7%, reinicios, interior primero 0.142%] (Knuth: ~37.0 h) | máximo colocado 54 de 64 | hilos 8 de 12
    ... 244.6 s | grupo 1/6 | 256428593 nodos | revisado 5.7%, faltan ~66 min [interior primero 5.0%, interior primero + pieza menos restrictiva 5.7%, reinicios, interior primero 0.144%] (Knuth: ~37.0 h) | máximo colocado 54 de 64 | hilos 8 de 12
    ... 246.6 s | grupo 1/6 | 258527212 nodos | revisado 5.7%, faltan ~67 min [interior primero 5.0%, interior primero + pieza menos restrictiva 5.7%, reinicios, interior primero 0.146%] (Knuth: ~37.0 h) | máximo colocado 54 de 64 | hilos 8 de 12
    ... 248.6 s | grupo 1/6 | 260633166 nodos | revisado 5.7%, faltan ~67 min [interior primero 5.0%, interior primero + pieza menos restrictiva 5.7%, reinicios, interior primero 0.147%] (Knuth: ~37.0 h) | máximo colocado 54 de 64 | hilos 8 de 12
    ... 250.6 s | grupo 1/6 | 262745958 nodos | revisado 5.7%, faltan ~68 min [interior primero 5.0%, interior primero + pieza menos restrictiva 5.7%, reinicios, interior primero 0.147%] (Knuth: ~37.0 h) | máximo colocado 54 de 64 | hilos 8 de 12
    ... 252.6 s | grupo 1/6 | 264814662 nodos | revisado 5.7%, faltan ~68 min [interior primero 5.0%, interior primero + pieza menos restrictiva 5.7%, reinicios, interior primero 0.148%] (Knuth: ~37.0 h) | máximo colocado 54 de 64 | hilos 8 de 12
    ... 254.6 s | grupo 1/6 | 266910031 nodos | revisado 5.7%, faltan ~69 min [interior primero 5.0%, interior primero + pieza menos restrictiva 5.7%, reinicios, interior primero 0.150%] (Knuth: ~37.0 h) | máximo colocado 54 de 64 | hilos 8 de 12
    ... 256.6 s | grupo 1/6 | 268993999 nodos | revisado 5.7%, faltan ~70 min [interior primero 5.0%, interior primero + pieza menos restrictiva 5.7%, reinicios, interior primero 0.152%] (Knuth: ~37.0 h) | máximo colocado 54 de 64 | hilos 8 de 12
    ... 258.6 s | grupo 1/6 | 271079187 nodos | revisado 5.7%, faltan ~70 min [interior primero 5.0%, interior primero + pieza menos restrictiva 5.7%, reinicios, interior primero 0.155%] (Knuth: ~37.0 h) | máximo colocado 54 de 64 | hilos 8 de 12
    ... 260.6 s | grupo 1/6 | 273178212 nodos | revisado 5.7%, faltan ~71 min [interior primero 5.0%, interior primero + pieza menos restrictiva 5.7%, reinicios, interior primero 0.156%] (Knuth: ~37.0 h) | máximo colocado 54 de 64 | hilos 8 de 12
    ... 262.6 s | grupo 1/6 | 275280282 nodos | revisado 5.7%, faltan ~71 min [interior primero 5.0%, interior primero + pieza menos restrictiva 5.7%, reinicios, interior primero 0.157%] (Knuth: ~37.0 h) | máximo colocado 54 de 64 | hilos 8 de 12
    ... 264.7 s | grupo 1/6 | 277399302 nodos | revisado 5.7%, faltan ~72 min [interior primero 5.0%, interior primero + pieza menos restrictiva 5.7%, reinicios, interior primero 0.158%] (Knuth: ~37.0 h) | máximo colocado 54 de 64 | hilos 8 de 12
    ... 266.7 s | grupo 1/6 | 279514496 nodos | revisado 5.7%, faltan ~72 min [interior primero 5.0%, interior primero + pieza menos restrictiva 5.7%, reinicios, interior primero 0.159%] (Knuth: ~37.0 h) | máximo colocado 54 de 64 | hilos 8 de 12
    ... 268.7 s | grupo 1/6 | 281644646 nodos | revisado 5.7%, faltan ~73 min [interior primero 5.0%, interior primero + pieza menos restrictiva 5.7%, reinicios, interior primero 0.166%] (Knuth: ~37.0 h) | máximo colocado 54 de 64 | hilos 8 de 12
    ... 270.7 s | grupo 1/6 | 283787199 nodos | revisado 5.7%, faltan ~73 min [interior primero 5.0%, interior primero + pieza menos restrictiva 5.7%, reinicios, interior primero 0.167%] (Knuth: ~37.0 h) | máximo colocado 54 de 64 | hilos 8 de 12
    ... 272.7 s | grupo 1/6 | 285917355 nodos | revisado 5.7%, faltan ~74 min [interior primero 5.0%, interior primero + pieza menos restrictiva 5.7%, reinicios, interior primero 0.169%] (Knuth: ~37.0 h) | máximo colocado 54 de 64 | hilos 8 de 12
    ... 274.7 s | grupo 1/6 | 288048158 nodos | revisado 5.7%, faltan ~74 min [interior primero 5.0%, interior primero + pieza menos restrictiva 5.7%, reinicios, interior primero 0.170%] (Knuth: ~37.0 h) | máximo colocado 54 de 64 | hilos 8 de 12
    ... 276.7 s | grupo 1/6 | 290187611 nodos | revisado 5.7%, faltan ~75 min [interior primero 5.0%, interior primero + pieza menos restrictiva 5.7%, reinicios, interior primero 0.171%] (Knuth: ~37.0 h) | máximo colocado 54 de 64 | hilos 8 de 12
    ... 278.7 s | grupo 1/6 | 292333977 nodos | revisado 5.7%, faltan ~76 min [interior primero 5.0%, interior primero + pieza menos restrictiva 5.7%, reinicios, interior primero 0.171%] (Knuth: ~37.0 h) | máximo colocado 54 de 64 | hilos 8 de 12
    ... 280.7 s | grupo 1/6 | 294443850 nodos | revisado 5.7%, faltan ~76 min [interior primero 5.0%, interior primero + pieza menos restrictiva 5.7%, reinicios, interior primero 0.172%] (Knuth: ~37.0 h) | máximo colocado 54 de 64 | hilos 8 de 12
    ... 282.7 s | grupo 1/6 | 296568127 nodos | revisado 5.7%, faltan ~77 min [interior primero 5.0%, interior primero + pieza menos restrictiva 5.7%, reinicios, interior primero 0.174%] (Knuth: ~37.0 h) | máximo colocado 54 de 64 | hilos 8 de 12
    ... 284.7 s | grupo 1/6 | 298717538 nodos | revisado 5.7%, faltan ~77 min [interior primero 5.0%, interior primero + pieza menos restrictiva 5.7%, reinicios, interior primero 0.174%] (Knuth: ~37.0 h) | máximo colocado 54 de 64 | hilos 8 de 12
    ... 286.7 s | grupo 1/6 | 300866050 nodos | revisado 5.7%, faltan ~78 min [interior primero 5.0%, interior primero + pieza menos restrictiva 5.7%, reinicios, interior primero 0.174%] (Knuth: ~37.0 h) | máximo colocado 54 de 64 | hilos 8 de 12
    ... 288.7 s | grupo 1/6 | 302990535 nodos | revisado 5.7%, faltan ~78 min [interior primero 5.0%, interior primero + pieza menos restrictiva 5.7%, reinicios, interior primero 0.175%] (Knuth: ~37.0 h) | máximo colocado 54 de 64 | hilos 8 de 12
    ... 290.7 s | grupo 1/6 | 305119783 nodos | revisado 5.7%, faltan ~79 min [interior primero 5.0%, interior primero + pieza menos restrictiva 5.7%, reinicios, interior primero 0.176%] (Knuth: ~37.0 h) | máximo colocado 54 de 64 | hilos 8 de 12
    ... 292.7 s | grupo 1/6 | 307256527 nodos | revisado 5.7%, faltan ~79 min [interior primero 5.0%, interior primero + pieza menos restrictiva 5.7%, reinicios, interior primero 0.176%] (Knuth: ~37.0 h) | máximo colocado 54 de 64 | hilos 8 de 12
    ... 294.8 s | grupo 1/6 | 309371159 nodos | revisado 5.7%, faltan ~80 min [interior primero 5.0%, interior primero + pieza menos restrictiva 5.7%, reinicios, interior primero 0.177%] (Knuth: ~37.0 h) | máximo colocado 54 de 64 | hilos 8 de 12
    ... 296.8 s | grupo 1/6 | 311462467 nodos | revisado 5.7%, faltan ~81 min [interior primero 5.0%, interior primero + pieza menos restrictiva 5.7%, reinicios, interior primero 0.180%] (Knuth: ~37.0 h) | máximo colocado 54 de 64 | hilos 8 de 12
    ... 298.8 s | grupo 1/6 | 313429812 nodos | revisado 5.7%, faltan ~81 min [interior primero 5.0%, interior primero + pieza menos restrictiva 5.7%, reinicios, interior primero 0.180%] (Knuth: ~37.0 h) | máximo colocado 54 de 64 | hilos 8 de 12
[4] Grupo 1: cortado por límite de tiempo
[5] Tiempo total: 5 min
RESULTADO resuelto=0 ms=300024.3 marcos=0 nodos=314612736 grupos=1/6 hilos=12 t_marcos=0.000 t_interior=296.369 lados=0 unificado=1 max_colocadas=54 motivo=limite
