[0] Tablero 8x8, 10 colores, 12 hilos
[1] Esquina fija (1,2). 6 grupos, orden por coste: 4.97e+24 4.97e+24 4.97e+24 4.97e+24 4.97e+24 4.97e+24
    grupo 1, orden menos opciones: estimado 7.22e+13 nodos
    grupo 1, orden interior primero: estimado 2.71e+11 nodos
    grupo 2, orden menos opciones: estimado 2.51e+14 nodos
    grupo 2, orden interior primero: estimado 2.81e+11 nodos
    grupo 3, orden menos opciones: estimado 1.35e+14 nodos
    grupo 3, orden interior primero: estimado 2.63e+11 nodos
    grupo 4, orden menos opciones: estimado 1.22e+14 nodos
    grupo 4, orden interior primero: estimado 1.98e+11 nodos
    grupo 5, orden menos opciones: estimado 4.52e+13 nodos
    grupo 5, orden interior primero: estimado 3.05e+11 nodos
    grupo 6, orden menos opciones: estimado 1.49e+14 nodos
    grupo 6, orden interior primero: estimado 2.67e+11 nodos
[1] Estimado de Knuth por grupo (nodos): 2.71e+11(i) 2.81e+11(i) 2.63e+11(i) 1.98e+11(i) 3.05e+11(i) 2.67e+11(i)   (i) = interior primero
[2] Grupo 1/6: ruta unificada (mapas por lado), orden: interior primero; grupo grande: 3 estrategias a la vez (normal, pieza menos restrictiva, reinicios)
    ... 5.7 s | grupo 1/6 | 1984768 nodos | revisado 1.4%, faltan ~2 min [interior primero 1.4%, interior primero + pieza menos restrictiva 1.4%, reinicios, interior primero 0.725%] (Knuth: ~3 días) | máximo colocado 49 de 64 | hilos 8 de 12
    ... 7.7 s | grupo 1/6 | 3958595 nodos | revisado 1.4%, faltan ~5 min [interior primero 1.4%, interior primero + pieza menos restrictiva 1.4%, reinicios, interior primero 1.5%] (Knuth: ~3 días) | máximo colocado 49 de 64 | hilos 8 de 12
    ... 9.7 s | grupo 1/6 | 5925846 nodos | revisado 1.4%, faltan ~7 min [interior primero 1.4%, interior primero + pieza menos restrictiva 1.4%, reinicios, interior primero 2.2%] (Knuth: ~3 días) | máximo colocado 51 de 64 | hilos 8 de 12
    ... 11.7 s | grupo 1/6 | 7898771 nodos | revisado 1.4%, faltan ~9 min [interior primero 1.4%, interior primero + pieza menos restrictiva 1.4%, reinicios, interior primero 2.9%] (Knuth: ~3 días) | máximo colocado 51 de 64 | hilos 8 de 12
    ... 13.7 s | grupo 1/6 | 9888828 nodos | revisado 1.4%, faltan ~11 min [interior primero 1.4%, interior primero + pieza menos restrictiva 1.4%, reinicios, interior primero 2.9%] (Knuth: ~3 días) | máximo colocado 51 de 64 | hilos 8 de 12
    ... 15.7 s | grupo 1/6 | 11805137 nodos | revisado 1.4%, faltan ~14 min [interior primero 1.4%, interior primero + pieza menos restrictiva 1.4%, reinicios, interior primero 2.9%] (Knuth: ~3 días) | máximo colocado 51 de 64 | hilos 8 de 12
    ... 17.7 s | grupo 1/6 | 13758124 nodos | revisado 1.4%, faltan ~16 min [interior primero 1.4%, interior primero + pieza menos restrictiva 1.4%, reinicios, interior primero 2.9%] (Knuth: ~3 días) | máximo colocado 51 de 64 | hilos 8 de 12
    ... 19.8 s | grupo 1/6 | 15695131 nodos | revisado 1.5%, faltan ~18 min [interior primero 1.5%, interior primero + pieza menos restrictiva 1.4%, reinicios, interior primero 2.9%] (Knuth: ~3 días) | máximo colocado 51 de 64 | hilos 8 de 12
    ... 21.8 s | grupo 1/6 | 17680301 nodos | revisado 1.5%, faltan ~21 min [interior primero 1.5%, interior primero + pieza menos restrictiva 1.4%, reinicios, interior primero 4.4%] (Knuth: ~3 días) | máximo colocado 51 de 64 | hilos 8 de 12
    ... 23.8 s | grupo 1/6 | 19656146 nodos | revisado 1.5%, faltan ~23 min [interior primero 1.5%, interior primero + pieza menos restrictiva 1.4%, reinicios, interior primero 4.4%] (Knuth: ~3 días) | máximo colocado 51 de 64 | hilos 8 de 12
    ... 25.8 s | grupo 1/6 | 21587105 nodos | revisado 1.5%, faltan ~25 min [interior primero 1.5%, interior primero + pieza menos restrictiva 1.4%, reinicios, interior primero 5.1%] (Knuth: ~3 días) | máximo colocado 51 de 64 | hilos 8 de 12
    ... 27.8 s | grupo 1/6 | 23540040 nodos | revisado 1.5%, faltan ~27 min [interior primero 1.5%, interior primero + pieza menos restrictiva 1.4%, reinicios, interior primero 5.8%] (Knuth: ~3 días) | máximo colocado 51 de 64 | hilos 8 de 12
    ... 29.8 s | grupo 1/6 | 25476316 nodos | revisado 1.5%, faltan ~30 min [interior primero 1.5%, interior primero + pieza menos restrictiva 1.4%, reinicios, interior primero 7.3%] (Knuth: ~3 días) | máximo colocado 51 de 64 | hilos 8 de 12
    ... 31.8 s | grupo 1/6 | 27441009 nodos | revisado 1.5%, faltan ~32 min [interior primero 1.5%, interior primero + pieza menos restrictiva 1.4%, reinicios, interior primero 7.3%] (Knuth: ~3 días) | máximo colocado 51 de 64 | hilos 8 de 12
    ... 33.8 s | grupo 1/6 | 29382372 nodos | revisado 1.5%, faltan ~34 min [interior primero 1.5%, interior primero + pieza menos restrictiva 1.4%, reinicios, interior primero 8.7%] (Knuth: ~3 días) | máximo colocado 51 de 64 | hilos 8 de 12
    ... 35.8 s | grupo 1/6 | 31346129 nodos | revisado 1.5%, faltan ~36 min [interior primero 1.5%, interior primero + pieza menos restrictiva 1.4%, reinicios, interior primero 8.7%] (Knuth: ~3 días) | máximo colocado 51 de 64 | hilos 8 de 12
    ... 37.8 s | grupo 1/6 | 33271991 nodos | revisado 1.5%, faltan ~39 min [interior primero 1.5%, interior primero + pieza menos restrictiva 1.4%, reinicios, interior primero 8.7%] (Knuth: ~3 días) | máximo colocado 51 de 64 | hilos 8 de 12
    ... 39.8 s | grupo 1/6 | 35200761 nodos | revisado 1.5%, faltan ~41 min [interior primero 1.5%, interior primero + pieza menos restrictiva 1.4%, reinicios, interior primero 8.7%] (Knuth: ~3 días) | máximo colocado 51 de 64 | hilos 8 de 12
    ... 41.8 s | grupo 1/6 | 37124041 nodos | revisado 1.5%, faltan ~43 min [interior primero 1.5%, interior primero + pieza menos restrictiva 1.4%, reinicios, interior primero 8.7%] (Knuth: ~3 días) | máximo colocado 51 de 64 | hilos 8 de 12
    ... 43.9 s | grupo 1/6 | 39051551 nodos | revisado 1.5%, faltan ~45 min [interior primero 1.5%, interior primero + pieza menos restrictiva 1.4%, reinicios, interior primero 8.7%] (Knuth: ~3 días) | máximo colocado 51 de 64 | hilos 8 de 12
    ... 45.9 s | grupo 1/6 | 41006529 nodos | revisado 1.5%, faltan ~48 min [interior primero 1.5%, interior primero + pieza menos restrictiva 1.4%, reinicios, interior primero 9.4%] (Knuth: ~3 días) | máximo colocado 51 de 64 | hilos 8 de 12
    ... 47.9 s | grupo 1/6 | 42979390 nodos | revisado 1.5%, faltan ~50 min [interior primero 1.5%, interior primero + pieza menos restrictiva 1.4%, reinicios, interior primero 9.4%] (Knuth: ~3 días) | máximo colocado 51 de 64 | hilos 8 de 12
    ... 49.9 s | grupo 1/6 | 44967037 nodos | revisado 1.5%, faltan ~52 min [interior primero 1.5%, interior primero + pieza menos restrictiva 1.5%, reinicios, interior primero 9.4%] (Knuth: ~3 días) | máximo colocado 51 de 64 | hilos 8 de 12
    ... 51.9 s | grupo 1/6 | 46926707 nodos | revisado 1.5%, faltan ~55 min [interior primero 1.5%, interior primero + pieza menos restrictiva 1.5%, reinicios, interior primero 9.4%] (Knuth: ~3 días) | máximo colocado 51 de 64 | hilos 8 de 12
    ... 53.9 s | grupo 1/6 | 48901086 nodos | revisado 1.5%, faltan ~57 min [interior primero 1.5%, interior primero + pieza menos restrictiva 1.5%, reinicios, interior primero 9.4%] (Knuth: ~3 días) | máximo colocado 51 de 64 | hilos 8 de 12
    ... 55.9 s | grupo 1/6 | 50857552 nodos | revisado 1.5%, faltan ~59 min [interior primero 1.5%, interior primero + pieza menos restrictiva 1.5%, reinicios, interior primero 9.4%] (Knuth: ~3 días) | máximo colocado 51 de 64 | hilos 8 de 12
    ... 57.9 s | grupo 1/6 | 52825234 nodos | revisado 1.5%, faltan ~61 min [interior primero 1.5%, interior primero + pieza menos restrictiva 1.5%, reinicios, interior primero 9.4%] (Knuth: ~3 días) | máximo colocado 51 de 64 | hilos 8 de 12
    ... 59.9 s | grupo 1/6 | 54811360 nodos | revisado 1.5%, faltan ~64 min [interior primero 1.5%, interior primero + pieza menos restrictiva 1.5%, reinicios, interior primero 9.4%] (Knuth: ~3 días) | máximo colocado 51 de 64 | hilos 8 de 12
    ... 61.9 s | grupo 1/6 | 56767519 nodos | revisado 1.5%, faltan ~66 min [interior primero 1.5%, interior primero + pieza menos restrictiva 1.5%, reinicios, interior primero 9.4%] (Knuth: ~3 días) | máximo colocado 51 de 64 | hilos 8 de 12
    ... 63.9 s | grupo 1/6 | 58728001 nodos | revisado 1.5%, faltan ~68 min [interior primero 1.5%, interior primero + pieza menos restrictiva 1.5%, reinicios, interior primero 10.9%] (Knuth: ~3 días) | máximo colocado 51 de 64 | hilos 8 de 12
    ... 65.9 s | grupo 1/6 | 60746987 nodos | revisado 1.5%, faltan ~70 min [interior primero 1.5%, interior primero + pieza menos restrictiva 1.5%, reinicios, interior primero 10.9%] (Knuth: ~3 días) | máximo colocado 51 de 64 | hilos 8 de 12
    ... 67.9 s | grupo 1/6 | 62694836 nodos | revisado 1.5%, faltan ~73 min [interior primero 1.5%, interior primero + pieza menos restrictiva 1.5%, reinicios, interior primero 10.9%] (Knuth: ~3 días) | máximo colocado 51 de 64 | hilos 8 de 12
    ... 69.9 s | grupo 1/6 | 64631190 nodos | revisado 1.5%, faltan ~75 min [interior primero 1.5%, interior primero + pieza menos restrictiva 1.5%, reinicios, interior primero 10.9%] (Knuth: ~3 días) | máximo colocado 51 de 64 | hilos 8 de 12
    ... 72.0 s | grupo 1/6 | 66580891 nodos | revisado 1.5%, faltan ~77 min [interior primero 1.5%, interior primero + pieza menos restrictiva 1.5%, reinicios, interior primero 10.9%] (Knuth: ~3 días) | máximo colocado 51 de 64 | hilos 8 de 12
    ... 74.0 s | grupo 1/6 | 68547287 nodos | revisado 1.5%, faltan ~79 min [interior primero 1.5%, interior primero + pieza menos restrictiva 1.5%, reinicios, interior primero 10.9%] (Knuth: ~3 días) | máximo colocado 51 de 64 | hilos 8 de 12
    ... 76.0 s | grupo 1/6 | 70497901 nodos | revisado 1.5%, faltan ~82 min [interior primero 1.5%, interior primero + pieza menos restrictiva 1.5%, reinicios, interior primero 10.9%] (Knuth: ~3 días) | máximo colocado 51 de 64 | hilos 8 de 12
    ... 78.0 s | grupo 1/6 | 72419660 nodos | revisado 1.5%, faltan ~84 min [interior primero 1.5%, interior primero + pieza menos restrictiva 1.5%, reinicios, interior primero 11.6%] (Knuth: ~3 días) | máximo colocado 51 de 64 | hilos 8 de 12
    ... 80.0 s | grupo 1/6 | 74354644 nodos | revisado 1.5%, faltan ~86 min [interior primero 1.5%, interior primero + pieza menos restrictiva 1.5%, reinicios, interior primero 11.6%] (Knuth: ~3 días) | máximo colocado 51 de 64 | hilos 8 de 12
    ... 82.0 s | grupo 1/6 | 76302136 nodos | revisado 1.5%, faltan ~88 min [interior primero 1.5%, interior primero + pieza menos restrictiva 1.5%, reinicios, interior primero 11.6%] (Knuth: ~3 días) | máximo colocado 51 de 64 | hilos 8 de 12
    ... 84.0 s | grupo 1/6 | 78273688 nodos | revisado 1.5%, faltan ~91 min [interior primero 1.5%, interior primero + pieza menos restrictiva 1.5%, reinicios, interior primero 11.6%] (Knuth: ~3 días) | máximo colocado 53 de 64 | hilos 8 de 12
    ... 86.0 s | grupo 1/6 | 80235275 nodos | revisado 1.5%, faltan ~93 min [interior primero 1.5%, interior primero + pieza menos restrictiva 1.5%, reinicios, interior primero 11.6%] (Knuth: ~3 días) | máximo colocado 53 de 64 | hilos 8 de 12
    ... 88.0 s | grupo 1/6 | 82193633 nodos | revisado 1.5%, faltan ~95 min [interior primero 1.5%, interior primero + pieza menos restrictiva 1.5%, reinicios, interior primero 12.3%] (Knuth: ~3 días) | máximo colocado 53 de 64 | hilos 8 de 12
    ... 90.0 s | grupo 1/6 | 84137563 nodos | revisado 1.5%, faltan ~97 min [interior primero 1.5%, interior primero + pieza menos restrictiva 1.5%, reinicios, interior primero 13.1%] (Knuth: ~3 días) | máximo colocado 53 de 64 | hilos 8 de 12
    ... 92.0 s | grupo 1/6 | 86080412 nodos | revisado 1.5%, faltan ~100 min [interior primero 1.5%, interior primero + pieza menos restrictiva 1.5%, reinicios, interior primero 13.1%] (Knuth: ~3 días) | máximo colocado 53 de 64 | hilos 8 de 12
    ... 94.1 s | grupo 1/6 | 88000081 nodos | revisado 1.5%, faltan ~102 min [interior primero 1.5%, interior primero + pieza menos restrictiva 1.5%, reinicios, interior primero 13.1%] (Knuth: ~3 días) | máximo colocado 53 de 64 | hilos 8 de 12
    ... 96.1 s | grupo 1/6 | 89954396 nodos | revisado 1.5%, faltan ~104 min [interior primero 1.5%, interior primero + pieza menos restrictiva 1.5%, reinicios, interior primero 13.1%] (Knuth: ~3 días) | máximo colocado 53 de 64 | hilos 8 de 12
    ... 98.1 s | grupo 1/6 | 91902701 nodos | revisado 1.5%, faltan ~106 min [interior primero 1.5%, interior primero + pieza menos restrictiva 1.5%, reinicios, interior primero 13.1%] (Knuth: ~3 días) | máximo colocado 53 de 64 | hilos 8 de 12
    ... 100.1 s | grupo 1/6 | 93866426 nodos | revisado 1.5%, faltan ~109 min [interior primero 1.5%, interior primero + pieza menos restrictiva 1.5%, reinicios, interior primero 13.1%] (Knuth: ~3 días) | máximo colocado 53 de 64 | hilos 8 de 12
    ... 102.1 s | grupo 1/6 | 95819179 nodos | revisado 1.5%, faltan ~111 min [interior primero 1.5%, interior primero + pieza menos restrictiva 1.5%, reinicios, interior primero 13.1%] (Knuth: ~3 días) | máximo colocado 53 de 64 | hilos 8 de 12
    ... 104.1 s | grupo 1/6 | 97747045 nodos | revisado 1.5%, faltan ~113 min [interior primero 1.5%, interior primero + pieza menos restrictiva 1.5%, reinicios, interior primero 13.1%] (Knuth: ~3 días) | máximo colocado 53 de 64 | hilos 8 de 12
    ... 106.1 s | grupo 1/6 | 99683231 nodos | revisado 1.5%, faltan ~115 min [interior primero 1.5%, interior primero + pieza menos restrictiva 1.5%, reinicios, interior primero 13.1%] (Knuth: ~3 días) | máximo colocado 53 de 64 | hilos 8 de 12
    ... 108.1 s | grupo 1/6 | 101588133 nodos | revisado 1.5%, faltan ~118 min [interior primero 1.5%, interior primero + pieza menos restrictiva 1.5%, reinicios, interior primero 13.1%] (Knuth: ~3 días) | máximo colocado 53 de 64 | hilos 8 de 12
    ... 110.1 s | grupo 1/6 | 103532130 nodos | revisado 1.5%, faltan ~120 min [interior primero 1.5%, interior primero + pieza menos restrictiva 1.5%, reinicios, interior primero 13.1%] (Knuth: ~3 días) | máximo colocado 53 de 64 | hilos 8 de 12
    ... 112.1 s | grupo 1/6 | 105436571 nodos | revisado 1.5%, faltan ~2.0 h [interior primero 1.5%, interior primero + pieza menos restrictiva 1.5%, reinicios, interior primero 13.1%] (Knuth: ~3 días) | máximo colocado 53 de 64 | hilos 8 de 12
    ... 114.1 s | grupo 1/6 | 107359933 nodos | revisado 1.5%, faltan ~2.1 h [interior primero 1.5%, interior primero + pieza menos restrictiva 1.5%, reinicios, interior primero 13.8%] (Knuth: ~3 días) | máximo colocado 53 de 64 | hilos 8 de 12
    ... 116.2 s | grupo 1/6 | 109313965 nodos | revisado 1.5%, faltan ~2.1 h [interior primero 1.5%, interior primero + pieza menos restrictiva 1.5%, reinicios, interior primero 13.8%] (Knuth: ~3 días) | máximo colocado 53 de 64 | hilos 8 de 12
    ... 118.2 s | grupo 1/6 | 111239266 nodos | revisado 1.5%, faltan ~2.1 h [interior primero 1.5%, interior primero + pieza menos restrictiva 1.5%, reinicios, interior primero 13.8%] (Knuth: ~3 días) | máximo colocado 53 de 64 | hilos 8 de 12
    ... 120.2 s | grupo 1/6 | 113177066 nodos | revisado 1.5%, faltan ~2.2 h [interior primero 1.5%, interior primero + pieza menos restrictiva 1.5%, reinicios, interior primero 14.5%] (Knuth: ~3 días) | máximo colocado 53 de 64 | hilos 8 de 12
    ... 122.2 s | grupo 1/6 | 115137244 nodos | revisado 1.5%, faltan ~2.2 h [interior primero 1.5%, interior primero + pieza menos restrictiva 1.5%, reinicios, interior primero 15.2%] (Knuth: ~3 días) | máximo colocado 53 de 64 | hilos 8 de 12
    ... 124.2 s | grupo 1/6 | 117024051 nodos | revisado 1.5%, faltan ~2.3 h [interior primero 1.5%, interior primero + pieza menos restrictiva 1.5%, reinicios, interior primero 15.2%] (Knuth: ~3 días) | máximo colocado 53 de 64 | hilos 8 de 12
    ... 126.2 s | grupo 1/6 | 119009165 nodos | revisado 1.5%, faltan ~2.3 h [interior primero 1.5%, interior primero + pieza menos restrictiva 1.5%, reinicios, interior primero 16.0%] (Knuth: ~3 días) | máximo colocado 53 de 64 | hilos 8 de 12
    ... 128.2 s | grupo 1/6 | 120958954 nodos | revisado 1.5%, faltan ~2.3 h [interior primero 1.5%, interior primero + pieza menos restrictiva 1.5%, reinicios, interior primero 16.0%] (Knuth: ~3 días) | máximo colocado 53 de 64 | hilos 8 de 12
    ... 130.2 s | grupo 1/6 | 122919554 nodos | revisado 1.5%, faltan ~2.4 h [interior primero 1.5%, interior primero + pieza menos restrictiva 1.5%, reinicios, interior primero 16.0%] (Knuth: ~3 días) | máximo colocado 53 de 64 | hilos 8 de 12
    ... 132.2 s | grupo 1/6 | 124866795 nodos | revisado 1.5%, faltan ~2.4 h [interior primero 1.5%, interior primero + pieza menos restrictiva 1.5%, reinicios, interior primero 16.7%] (Knuth: ~3 días) | máximo colocado 53 de 64 | hilos 8 de 12
    ... 134.2 s | grupo 1/6 | 126808732 nodos | revisado 1.5%, faltan ~2.4 h [interior primero 1.5%, interior primero + pieza menos restrictiva 1.5%, reinicios, interior primero 16.7%] (Knuth: ~3 días) | máximo colocado 53 de 64 | hilos 8 de 12
    ... 136.2 s | grupo 1/6 | 128757195 nodos | revisado 1.5%, faltan ~2.5 h [interior primero 1.5%, interior primero + pieza menos restrictiva 1.5%, reinicios, interior primero 17.4%] (Knuth: ~3 días) | máximo colocado 53 de 64 | hilos 8 de 12
    ... 138.3 s | grupo 1/6 | 130714032 nodos | revisado 1.5%, faltan ~2.5 h [interior primero 1.5%, interior primero + pieza menos restrictiva 1.5%, reinicios, interior primero 17.4%] (Knuth: ~3 días) | máximo colocado 53 de 64 | hilos 8 de 12
    ... 140.3 s | grupo 1/6 | 132667286 nodos | revisado 1.5%, faltan ~2.6 h [interior primero 1.5%, interior primero + pieza menos restrictiva 1.5%, reinicios, interior primero 17.4%] (Knuth: ~3 días) | máximo colocado 53 de 64 | hilos 8 de 12
    ... 142.3 s | grupo 1/6 | 134599778 nodos | revisado 1.5%, faltan ~2.6 h [interior primero 1.5%, interior primero + pieza menos restrictiva 1.5%, reinicios, interior primero 17.4%] (Knuth: ~3 días) | máximo colocado 53 de 64 | hilos 8 de 12
    ... 144.3 s | grupo 1/6 | 136539660 nodos | revisado 1.5%, faltan ~2.6 h [interior primero 1.5%, interior primero + pieza menos restrictiva 1.5%, reinicios, interior primero 17.4%] (Knuth: ~3 días) | máximo colocado 53 de 64 | hilos 8 de 12
    ... 146.3 s | grupo 1/6 | 138500142 nodos | revisado 1.5%, faltan ~2.7 h [interior primero 1.5%, interior primero + pieza menos restrictiva 1.5%, reinicios, interior primero 17.4%] (Knuth: ~3 días) | máximo colocado 53 de 64 | hilos 8 de 12
    ... 148.3 s | grupo 1/6 | 140477772 nodos | revisado 1.5%, faltan ~2.7 h [interior primero 1.5%, interior primero + pieza menos restrictiva 1.5%, reinicios, interior primero 18.2%] (Knuth: ~3 días) | máximo colocado 53 de 64 | hilos 8 de 12
    ... 150.3 s | grupo 1/6 | 142456477 nodos | revisado 1.5%, faltan ~2.7 h [interior primero 1.5%, interior primero + pieza menos restrictiva 1.5%, reinicios, interior primero 18.2%] (Knuth: ~3 días) | máximo colocado 53 de 64 | hilos 8 de 12
    ... 152.3 s | grupo 1/6 | 144398911 nodos | revisado 1.5%, faltan ~2.8 h [interior primero 1.5%, interior primero + pieza menos restrictiva 1.5%, reinicios, interior primero 18.2%] (Knuth: ~3 días) | máximo colocado 53 de 64 | hilos 8 de 12
    ... 154.3 s | grupo 1/6 | 146353636 nodos | revisado 1.5%, faltan ~2.8 h [interior primero 1.5%, interior primero + pieza menos restrictiva 1.5%, reinicios, interior primero 18.2%] (Knuth: ~3 días) | máximo colocado 53 de 64 | hilos 8 de 12
    ... 156.4 s | grupo 1/6 | 148339611 nodos | revisado 1.5%, faltan ~2.9 h [interior primero 1.5%, interior primero + pieza menos restrictiva 1.5%, reinicios, interior primero 18.9%] (Knuth: ~3 días) | máximo colocado 53 de 64 | hilos 8 de 12
    ... 158.4 s | grupo 1/6 | 150302516 nodos | revisado 1.5%, faltan ~2.9 h [interior primero 1.5%, interior primero + pieza menos restrictiva 1.5%, reinicios, interior primero 19.6%] (Knuth: ~3 días) | máximo colocado 53 de 64 | hilos 8 de 12
    ... 160.4 s | grupo 1/6 | 152259099 nodos | revisado 1.5%, faltan ~2.9 h [interior primero 1.5%, interior primero + pieza menos restrictiva 1.5%, reinicios, interior primero 19.6%] (Knuth: ~3 días) | máximo colocado 53 de 64 | hilos 8 de 12
    ... 162.4 s | grupo 1/6 | 154237673 nodos | revisado 1.5%, faltan ~3.0 h [interior primero 1.5%, interior primero + pieza menos restrictiva 1.5%, reinicios, interior primero 19.6%] (Knuth: ~3 días) | máximo colocado 53 de 64 | hilos 8 de 12
    ... 164.4 s | grupo 1/6 | 156184582 nodos | revisado 1.5%, faltan ~3.0 h [interior primero 1.5%, interior primero + pieza menos restrictiva 1.5%, reinicios, interior primero 19.6%] (Knuth: ~3 días) | máximo colocado 53 de 64 | hilos 8 de 12
    ... 166.4 s | grupo 1/6 | 158151422 nodos | revisado 1.5%, faltan ~3.0 h [interior primero 1.5%, interior primero + pieza menos restrictiva 1.5%, reinicios, interior primero 19.6%] (Knuth: ~3 días) | máximo colocado 53 de 64 | hilos 8 de 12
    ... 168.4 s | grupo 1/6 | 160150088 nodos | revisado 1.5%, faltan ~3.1 h [interior primero 1.5%, interior primero + pieza menos restrictiva 1.5%, reinicios, interior primero 19.6%] (Knuth: ~3 días) | máximo colocado 53 de 64 | hilos 8 de 12
    ... 170.4 s | grupo 1/6 | 162090402 nodos | revisado 1.5%, faltan ~3.1 h [interior primero 1.5%, interior primero + pieza menos restrictiva 1.5%, reinicios, interior primero 19.6%] (Knuth: ~3 días) | máximo colocado 53 de 64 | hilos 8 de 12
    ... 172.4 s | grupo 1/6 | 164057141 nodos | revisado 1.5%, faltan ~3.2 h [interior primero 1.5%, interior primero + pieza menos restrictiva 1.5%, reinicios, interior primero 19.6%] (Knuth: ~3 días) | máximo colocado 53 de 64 | hilos 8 de 12
    ... 174.4 s | grupo 1/6 | 166043788 nodos | revisado 1.5%, faltan ~3.2 h [interior primero 1.5%, interior primero + pieza menos restrictiva 1.5%, reinicios, interior primero 19.6%] (Knuth: ~3 días) | máximo colocado 53 de 64 | hilos 8 de 12
    ... 176.4 s | grupo 1/6 | 168007598 nodos | revisado 1.5%, faltan ~3.2 h [interior primero 1.5%, interior primero + pieza menos restrictiva 1.5%, reinicios, interior primero 19.6%] (Knuth: ~3 días) | máximo colocado 53 de 64 | hilos 8 de 12
    ... 178.5 s | grupo 1/6 | 169961715 nodos | revisado 1.5%, faltan ~3.3 h [interior primero 1.5%, interior primero + pieza menos restrictiva 1.5%, reinicios, interior primero 19.6%] (Knuth: ~3 días) | máximo colocado 53 de 64 | hilos 8 de 12
    ... 180.5 s | grupo 1/6 | 171926388 nodos | revisado 1.5%, faltan ~3.3 h [interior primero 1.5%, interior primero + pieza menos restrictiva 1.5%, reinicios, interior primero 19.6%] (Knuth: ~3 días) | máximo colocado 53 de 64 | hilos 8 de 12
    ... 182.5 s | grupo 1/6 | 173910001 nodos | revisado 1.5%, faltan ~3.3 h [interior primero 1.5%, interior primero + pieza menos restrictiva 1.5%, reinicios, interior primero 19.6%] (Knuth: ~3 días) | máximo colocado 53 de 64 | hilos 8 de 12
    ... 184.5 s | grupo 1/6 | 175870868 nodos | revisado 1.5%, faltan ~3.4 h [interior primero 1.5%, interior primero + pieza menos restrictiva 1.5%, reinicios, interior primero 19.6%] (Knuth: ~3 días) | máximo colocado 53 de 64 | hilos 8 de 12
    ... 186.5 s | grupo 1/6 | 177881121 nodos | revisado 1.5%, faltan ~3.4 h [interior primero 1.5%, interior primero + pieza menos restrictiva 1.5%, reinicios, interior primero 19.6%] (Knuth: ~3 días) | máximo colocado 53 de 64 | hilos 8 de 12
    ... 188.5 s | grupo 1/6 | 179861045 nodos | revisado 1.5%, faltan ~3.5 h [interior primero 1.5%, interior primero + pieza menos restrictiva 1.5%, reinicios, interior primero 20.3%] (Knuth: ~3 días) | máximo colocado 53 de 64 | hilos 8 de 12
    ... 190.5 s | grupo 1/6 | 181818706 nodos | revisado 1.5%, faltan ~3.5 h [interior primero 1.5%, interior primero + pieza menos restrictiva 1.5%, reinicios, interior primero 20.3%] (Knuth: ~3 días) | máximo colocado 53 de 64 | hilos 8 de 12
    ... 192.5 s | grupo 1/6 | 183777633 nodos | revisado 1.5%, faltan ~3.5 h [interior primero 1.5%, interior primero + pieza menos restrictiva 1.5%, reinicios, interior primero 20.3%] (Knuth: ~3 días) | máximo colocado 53 de 64 | hilos 8 de 12
    ... 194.5 s | grupo 1/6 | 185765851 nodos | revisado 1.5%, faltan ~3.6 h [interior primero 1.5%, interior primero + pieza menos restrictiva 1.5%, reinicios, interior primero 20.3%] (Knuth: ~3 días) | máximo colocado 53 de 64 | hilos 8 de 12
    ... 196.6 s | grupo 1/6 | 187699954 nodos | revisado 1.5%, faltan ~3.6 h [interior primero 1.5%, interior primero + pieza menos restrictiva 1.5%, reinicios, interior primero 20.3%] (Knuth: ~3 días) | máximo colocado 53 de 64 | hilos 8 de 12
    ... 198.6 s | grupo 1/6 | 189625434 nodos | revisado 1.5%, faltan ~3.6 h [interior primero 1.5%, interior primero + pieza menos restrictiva 1.5%, reinicios, interior primero 20.3%] (Knuth: ~3 días) | máximo colocado 53 de 64 | hilos 8 de 12
    ... 200.6 s | grupo 1/6 | 191553347 nodos | revisado 1.5%, faltan ~3.7 h [interior primero 1.5%, interior primero + pieza menos restrictiva 1.5%, reinicios, interior primero 20.3%] (Knuth: ~3 días) | máximo colocado 53 de 64 | hilos 8 de 12
    ... 202.6 s | grupo 1/6 | 193497343 nodos | revisado 1.5%, faltan ~3.7 h [interior primero 1.5%, interior primero + pieza menos restrictiva 1.5%, reinicios, interior primero 20.3%] (Knuth: ~3 días) | máximo colocado 53 de 64 | hilos 8 de 12
    ... 204.6 s | grupo 1/6 | 195462883 nodos | revisado 1.5%, faltan ~3.7 h [interior primero 1.5%, interior primero + pieza menos restrictiva 1.5%, reinicios, interior primero 20.3%] (Knuth: ~3 días) | máximo colocado 53 de 64 | hilos 8 de 12
    ... 206.6 s | grupo 1/6 | 197439423 nodos | revisado 1.5%, faltan ~3.8 h [interior primero 1.5%, interior primero + pieza menos restrictiva 1.5%, reinicios, interior primero 20.3%] (Knuth: ~3 días) | máximo colocado 53 de 64 | hilos 8 de 12
    ... 208.6 s | grupo 1/6 | 199402125 nodos | revisado 1.5%, faltan ~3.8 h [interior primero 1.5%, interior primero + pieza menos restrictiva 1.5%, reinicios, interior primero 20.3%] (Knuth: ~3 días) | máximo colocado 53 de 64 | hilos 8 de 12
    ... 210.6 s | grupo 1/6 | 201364950 nodos | revisado 1.5%, faltan ~3.9 h [interior primero 1.5%, interior primero + pieza menos restrictiva 1.5%, reinicios, interior primero 20.3%] (Knuth: ~3 días) | máximo colocado 53 de 64 | hilos 8 de 12
    ... 212.6 s | grupo 1/6 | 203321563 nodos | revisado 1.5%, faltan ~3.9 h [interior primero 1.5%, interior primero + pieza menos restrictiva 1.5%, reinicios, interior primero 20.3%] (Knuth: ~3 días) | máximo colocado 53 de 64 | hilos 8 de 12
    ... 214.6 s | grupo 1/6 | 205258288 nodos | revisado 1.5%, faltan ~3.9 h [interior primero 1.5%, interior primero + pieza menos restrictiva 1.5%, reinicios, interior primero 20.3%] (Knuth: ~3 días) | máximo colocado 53 de 64 | hilos 8 de 12
    ... 216.6 s | grupo 1/6 | 207214250 nodos | revisado 1.5%, faltan ~4.0 h [interior primero 1.5%, interior primero + pieza menos restrictiva 1.5%, reinicios, interior primero 20.3%] (Knuth: ~3 días) | máximo colocado 53 de 64 | hilos 8 de 12
    ... 218.7 s | grupo 1/6 | 209159504 nodos | revisado 1.5%, faltan ~4.0 h [interior primero 1.5%, interior primero + pieza menos restrictiva 1.5%, reinicios, interior primero 21.1%] (Knuth: ~3 días) | máximo colocado 53 de 64 | hilos 8 de 12
    ... 220.7 s | grupo 1/6 | 211118117 nodos | revisado 1.5%, faltan ~4.0 h [interior primero 1.5%, interior primero + pieza menos restrictiva 1.5%, reinicios, interior primero 21.1%] (Knuth: ~3 días) | máximo colocado 53 de 64 | hilos 8 de 12
    ... 222.7 s | grupo 1/6 | 213083407 nodos | revisado 1.5%, faltan ~4.1 h [interior primero 1.5%, interior primero + pieza menos restrictiva 1.5%, reinicios, interior primero 21.1%] (Knuth: ~3 días) | máximo colocado 53 de 64 | hilos 8 de 12
    ... 224.7 s | grupo 1/6 | 215044746 nodos | revisado 1.5%, faltan ~4.1 h [interior primero 1.5%, interior primero + pieza menos restrictiva 1.5%, reinicios, interior primero 21.1%] (Knuth: ~3 días) | máximo colocado 53 de 64 | hilos 8 de 12
    ... 226.7 s | grupo 1/6 | 217009273 nodos | revisado 1.5%, faltan ~4.2 h [interior primero 1.5%, interior primero + pieza menos restrictiva 1.5%, reinicios, interior primero 21.8%] (Knuth: ~3 días) | máximo colocado 53 de 64 | hilos 8 de 12
    ... 228.7 s | grupo 1/6 | 218986153 nodos | revisado 1.5%, faltan ~4.2 h [interior primero 1.5%, interior primero + pieza menos restrictiva 1.5%, reinicios, interior primero 22.5%] (Knuth: ~3 días) | máximo colocado 53 de 64 | hilos 8 de 12
    ... 230.7 s | grupo 1/6 | 220935013 nodos | revisado 1.5%, faltan ~4.2 h [interior primero 1.5%, interior primero + pieza menos restrictiva 1.5%, reinicios, interior primero 22.5%] (Knuth: ~3 días) | máximo colocado 53 de 64 | hilos 8 de 12
    ... 232.7 s | grupo 1/6 | 222895487 nodos | revisado 1.5%, faltan ~4.3 h [interior primero 1.5%, interior primero + pieza menos restrictiva 1.5%, reinicios, interior primero 23.2%] (Knuth: ~3 días) | máximo colocado 53 de 64 | hilos 8 de 12
    ... 234.7 s | grupo 1/6 | 224852000 nodos | revisado 1.5%, faltan ~4.3 h [interior primero 1.5%, interior primero + pieza menos restrictiva 1.5%, reinicios, interior primero 23.2%] (Knuth: ~3 días) | máximo colocado 53 de 64 | hilos 8 de 12
    ... 236.7 s | grupo 1/6 | 226823820 nodos | revisado 1.5%, faltan ~4.3 h [interior primero 1.5%, interior primero + pieza menos restrictiva 1.5%, reinicios, interior primero 23.2%] (Knuth: ~3 días) | máximo colocado 53 de 64 | hilos 8 de 12
    ... 238.7 s | grupo 1/6 | 228802592 nodos | revisado 1.5%, faltan ~4.4 h [interior primero 1.5%, interior primero + pieza menos restrictiva 1.5%, reinicios, interior primero 23.2%] (Knuth: ~3 días) | máximo colocado 53 de 64 | hilos 8 de 12
    ... 240.7 s | grupo 1/6 | 230745608 nodos | revisado 1.5%, faltan ~4.4 h [interior primero 1.5%, interior primero + pieza menos restrictiva 1.5%, reinicios, interior primero 24.0%] (Knuth: ~3 días) | máximo colocado 53 de 64 | hilos 8 de 12
    ... 242.7 s | grupo 1/6 | 232713304 nodos | revisado 1.5%, faltan ~4.5 h [interior primero 1.5%, interior primero + pieza menos restrictiva 1.5%, reinicios, interior primero 24.0%] (Knuth: ~3 días) | máximo colocado 53 de 64 | hilos 8 de 12
    ... 244.8 s | grupo 1/6 | 234694650 nodos | revisado 1.5%, faltan ~4.5 h [interior primero 1.5%, interior primero + pieza menos restrictiva 1.5%, reinicios, interior primero 24.0%] (Knuth: ~3 días) | máximo colocado 53 de 64 | hilos 8 de 12
    ... 246.8 s | grupo 1/6 | 236671196 nodos | revisado 1.5%, faltan ~4.5 h [interior primero 1.5%, interior primero + pieza menos restrictiva 1.5%, reinicios, interior primero 24.0%] (Knuth: ~3 días) | máximo colocado 53 de 64 | hilos 8 de 12
    ... 248.8 s | grupo 1/6 | 238641005 nodos | revisado 1.5%, faltan ~4.6 h [interior primero 1.5%, interior primero + pieza menos restrictiva 1.5%, reinicios, interior primero 24.0%] (Knuth: ~3 días) | máximo colocado 53 de 64 | hilos 8 de 12
    ... 250.8 s | grupo 1/6 | 240607900 nodos | revisado 1.5%, faltan ~4.6 h [interior primero 1.5%, interior primero + pieza menos restrictiva 1.5%, reinicios, interior primero 24.0%] (Knuth: ~3 días) | máximo colocado 53 de 64 | hilos 8 de 12
    ... 252.8 s | grupo 1/6 | 242579274 nodos | revisado 1.5%, faltan ~4.6 h [interior primero 1.5%, interior primero + pieza menos restrictiva 1.5%, reinicios, interior primero 24.0%] (Knuth: ~3 días) | máximo colocado 53 de 64 | hilos 8 de 12
    ... 254.8 s | grupo 1/6 | 244553251 nodos | revisado 1.5%, faltan ~4.7 h [interior primero 1.5%, interior primero + pieza menos restrictiva 1.5%, reinicios, interior primero 24.0%] (Knuth: ~3 días) | máximo colocado 53 de 64 | hilos 8 de 12
    ... 256.8 s | grupo 1/6 | 246546316 nodos | revisado 1.5%, faltan ~4.7 h [interior primero 1.5%, interior primero + pieza menos restrictiva 1.5%, reinicios, interior primero 24.7%] (Knuth: ~3 días) | máximo colocado 53 de 64 | hilos 8 de 12
    ... 258.8 s | grupo 1/6 | 248508253 nodos | revisado 1.5%, faltan ~4.7 h [interior primero 1.5%, interior primero + pieza menos restrictiva 1.5%, reinicios, interior primero 26.1%] (Knuth: ~3 días) | máximo colocado 53 de 64 | hilos 8 de 12
    ... 260.8 s | grupo 1/6 | 250509817 nodos | revisado 1.5%, faltan ~4.8 h [interior primero 1.5%, interior primero + pieza menos restrictiva 1.5%, reinicios, interior primero 26.1%] (Knuth: ~3 días) | máximo colocado 53 de 64 | hilos 8 de 12
    ... 262.9 s | grupo 1/6 | 252472852 nodos | revisado 1.5%, faltan ~4.8 h [interior primero 1.5%, interior primero + pieza menos restrictiva 1.5%, reinicios, interior primero 26.9%] (Knuth: ~3 días) | máximo colocado 53 de 64 | hilos 8 de 12
    ... 264.9 s | grupo 1/6 | 254423540 nodos | revisado 1.5%, faltan ~4.9 h [interior primero 1.5%, interior primero + pieza menos restrictiva 1.5%, reinicios, interior primero 26.9%] (Knuth: ~3 días) | máximo colocado 53 de 64 | hilos 8 de 12
    ... 266.9 s | grupo 1/6 | 256424853 nodos | revisado 1.5%, faltan ~4.9 h [interior primero 1.5%, interior primero + pieza menos restrictiva 1.5%, reinicios, interior primero 26.9%] (Knuth: ~3 días) | máximo colocado 53 de 64 | hilos 8 de 12
    ... 268.9 s | grupo 1/6 | 258398950 nodos | revisado 1.5%, faltan ~4.9 h [interior primero 1.5%, interior primero + pieza menos restrictiva 1.5%, reinicios, interior primero 27.6%] (Knuth: ~3 días) | máximo colocado 53 de 64 | hilos 8 de 12
    ... 270.9 s | grupo 1/6 | 260397752 nodos | revisado 1.5%, faltan ~5.0 h [interior primero 1.5%, interior primero + pieza menos restrictiva 1.5%, reinicios, interior primero 27.6%] (Knuth: ~3 días) | máximo colocado 53 de 64 | hilos 8 de 12
    ... 272.9 s | grupo 1/6 | 262394925 nodos | revisado 1.5%, faltan ~5.0 h [interior primero 1.5%, interior primero + pieza menos restrictiva 1.5%, reinicios, interior primero 28.3%] (Knuth: ~3 días) | máximo colocado 53 de 64 | hilos 8 de 12
    ... 274.9 s | grupo 1/6 | 264366335 nodos | revisado 1.5%, faltan ~5.0 h [interior primero 1.5%, interior primero + pieza menos restrictiva 1.5%, reinicios, interior primero 29.1%] (Knuth: ~3 días) | máximo colocado 53 de 64 | hilos 8 de 12
    ... 276.9 s | grupo 1/6 | 266374745 nodos | revisado 1.5%, faltan ~5.1 h [interior primero 1.5%, interior primero + pieza menos restrictiva 1.5%, reinicios, interior primero 29.8%] (Knuth: ~3 días) | máximo colocado 53 de 64 | hilos 8 de 12
    ... 278.9 s | grupo 1/6 | 268402870 nodos | revisado 1.5%, faltan ~5.1 h [interior primero 1.5%, interior primero + pieza menos restrictiva 1.5%, reinicios, interior primero 31.2%] (Knuth: ~3 días) | máximo colocado 53 de 64 | hilos 8 de 12
    ... 280.9 s | grupo 1/6 | 270420588 nodos | revisado 1.5%, faltan ~5.2 h [interior primero 1.5%, interior primero + pieza menos restrictiva 1.5%, reinicios, interior primero 31.2%] (Knuth: ~3 días) | máximo colocado 53 de 64 | hilos 8 de 12
    ... 282.9 s | grupo 1/6 | 272414468 nodos | revisado 1.5%, faltan ~5.2 h [interior primero 1.5%, interior primero + pieza menos restrictiva 1.5%, reinicios, interior primero 31.2%] (Knuth: ~3 días) | máximo colocado 53 de 64 | hilos 8 de 12
    ... 284.9 s | grupo 1/6 | 274411971 nodos | revisado 1.5%, faltan ~5.2 h [interior primero 1.5%, interior primero + pieza menos restrictiva 1.5%, reinicios, interior primero 31.2%] (Knuth: ~3 días) | máximo colocado 53 de 64 | hilos 8 de 12
    ... 286.9 s | grupo 1/6 | 276441038 nodos | revisado 1.5%, faltan ~5.3 h [interior primero 1.5%, interior primero + pieza menos restrictiva 1.5%, reinicios, interior primero 31.2%] (Knuth: ~3 días) | máximo colocado 53 de 64 | hilos 8 de 12
    ... 288.9 s | grupo 1/6 | 278442471 nodos | revisado 1.5%, faltan ~5.3 h [interior primero 1.5%, interior primero + pieza menos restrictiva 1.5%, reinicios, interior primero 31.2%] (Knuth: ~3 días) | máximo colocado 53 de 64 | hilos 8 de 12
    ... 291.0 s | grupo 1/6 | 280452345 nodos | revisado 1.5%, faltan ~5.3 h [interior primero 1.5%, interior primero + pieza menos restrictiva 1.5%, reinicios, interior primero 32.0%] (Knuth: ~3 días) | máximo colocado 53 de 64 | hilos 8 de 12
    ... 293.0 s | grupo 1/6 | 282448476 nodos | revisado 1.5%, faltan ~5.4 h [interior primero 1.5%, interior primero + pieza menos restrictiva 1.5%, reinicios, interior primero 32.0%] (Knuth: ~3 días) | máximo colocado 53 de 64 | hilos 8 de 12
    ... 295.0 s | grupo 1/6 | 284437747 nodos | revisado 1.5%, faltan ~5.4 h [interior primero 1.5%, interior primero + pieza menos restrictiva 1.5%, reinicios, interior primero 32.0%] (Knuth: ~3 días) | máximo colocado 53 de 64 | hilos 8 de 12
    portafolio: encontró la solución el equipo "interior primero" (nodos: interior primero 102747991, interior primero + pieza menos restrictiva 77339648, reinicios, interior primero 106031104)
[4] Grupo 1: SOLUCIÓN. Verificación: OK
[5] Tiempo total: 5 min
RESULTADO resuelto=1 ms=296692.1 marcos=0 nodos=286118743 grupos=1/6 hilos=12 t_marcos=0.000 t_interior=293.019 lados=0 unificado=1 max_colocadas=64
