[0] Tablero 12x12, 18 colores, 12 hilos
[1] Con piezas fijas: las 4 esquinas se prueban arriba a la izquierda. 24 grupos, orden por coste: 2.07e+38 2.07e+38 2.07e+38 2.07e+38 2.07e+38 2.07e+38 2.07e+38 2.07e+38 2.07e+38 2.07e+38 2.07e+38 2.07e+38 2.07e+38 2.07e+38 2.07e+38 2.07e+38 2.07e+38 2.07e+38 2.07e+38 2.07e+38 2.07e+38 2.07e+38 2.07e+38 2.07e+38
    grupo 1, orden menos opciones: estimado 5.85e+23 nodos
    grupo 1, orden interior primero: estimado 8.34e+18 nodos
    grupo 2, orden menos opciones: estimado 2.08e+21 nodos
    grupo 2, orden interior primero: estimado 1.66e+19 nodos
    grupo 3, orden menos opciones: estimado 1.67e+23 nodos
    grupo 3, orden interior primero: estimado 4.2e+19 nodos
    grupo 4, orden menos opciones: estimado 1.54e+23 nodos
    grupo 4, orden interior primero: estimado 3.45e+19 nodos
    grupo 5, orden menos opciones: estimado 3.69e+24 nodos
    grupo 5, orden interior primero: estimado 1.97e+19 nodos
    grupo 6, orden menos opciones: estimado 5.94e+24 nodos
    grupo 6, orden interior primero: estimado 1.8e+19 nodos
    grupo 7, orden menos opciones: estimado 1.19e+24 nodos
    grupo 7, orden interior primero: estimado 1.04e+21 nodos
    grupo 8, orden menos opciones: estimado 1.44e+22 nodos
    grupo 8, orden interior primero: estimado 2.75e+19 nodos
    grupo 9, orden menos opciones: estimado 3.92e+23 nodos
    grupo 9, orden interior primero: estimado 6.96e+19 nodos
    grupo 10, orden menos opciones: estimado 1.91e+22 nodos
    grupo 10, orden interior primero: estimado 2.24e+19 nodos
    grupo 11, orden menos opciones: estimado 4.93e+21 nodos
    grupo 11, orden interior primero: estimado 1.76e+19 nodos
    grupo 12, orden menos opciones: estimado 6.36e+21 nodos
    grupo 12, orden interior primero: estimado 1.79e+19 nodos
    grupo 13, orden menos opciones: estimado 1.02e+24 nodos
    grupo 13, orden interior primero: estimado 9.51e+18 nodos
    grupo 14, orden menos opciones: estimado 4.74e+24 nodos
    grupo 14, orden interior primero: estimado 1.14e+20 nodos
    grupo 15, orden menos opciones: estimado 5.07e+23 nodos
    grupo 15, orden interior primero: estimado 5.41e+18 nodos
    grupo 16, orden menos opciones: estimado 4.45e+23 nodos
    grupo 16, orden interior primero: estimado 2.07e+19 nodos
    grupo 17, orden menos opciones: estimado 3.56e+23 nodos
    grupo 17, orden interior primero: estimado 4.32e+19 nodos
    grupo 18, orden menos opciones: estimado 7.11e+22 nodos
    grupo 18, orden interior primero: estimado 5.96e+18 nodos
    grupo 19, orden menos opciones: estimado 1.64e+23 nodos
    grupo 19, orden interior primero: estimado 5.48e+19 nodos
    grupo 20, orden menos opciones: estimado 1.71e+22 nodos
    grupo 20, orden interior primero: estimado 1.24e+19 nodos
    grupo 21, orden menos opciones: estimado 3.2e+23 nodos
    grupo 21, orden interior primero: estimado 2e+19 nodos
    grupo 22, orden menos opciones: estimado 2.03e+23 nodos
    grupo 22, orden interior primero: estimado 8.07e+19 nodos
    grupo 23, orden menos opciones: estimado 1.23e+22 nodos
    grupo 23, orden interior primero: estimado 1.13e+20 nodos
    grupo 24, orden menos opciones: estimado 8.32e+22 nodos
    grupo 24, orden interior primero: estimado 1.35e+19 nodos
[1] Grupos ordenados por estimado de Knuth (nodos): 5.41e+18(i) 5.96e+18(i) 8.34e+18(i) 9.51e+18(i) 1.24e+19(i) 1.35e+19(i) 1.66e+19(i) 1.76e+19(i) 1.79e+19(i) 1.8e+19(i) 1.97e+19(i) 2e+19(i) 2.07e+19(i) 2.24e+19(i) 2.75e+19(i) 3.45e+19(i) 4.2e+19(i) 4.32e+19(i) 5.48e+19(i) 6.96e+19(i) 8.07e+19(i) 1.13e+20(i) 1.14e+20(i) 1.04e+21(i)   (i) = interior primero
ESTIMADO total=1.828e+21 grupos=24 ms=15128.1
