[0] Tablero 12x12, 18 colores, 12 hilos
[1] Con piezas fijas: las 4 esquinas se prueban arriba a la izquierda. 24 grupos, orden por coste: 2.07e+38 2.07e+38 2.07e+38 2.07e+38 2.07e+38 2.07e+38 2.07e+38 2.07e+38 2.07e+38 2.07e+38 2.07e+38 2.07e+38 2.07e+38 2.07e+38 2.07e+38 2.07e+38 2.07e+38 2.07e+38 2.07e+38 2.07e+38 2.07e+38 2.07e+38 2.07e+38 2.07e+38
    grupo 1, orden menos opciones: estimado 6.55e+14 nodos
    grupo 1, orden interior primero: estimado 4e+13 nodos
    grupo 2, orden menos opciones: estimado 1.37e+15 nodos
    grupo 2, orden interior primero: estimado 1.25e+13 nodos
    grupo 3, orden menos opciones: estimado 5.74e+14 nodos
    grupo 3, orden interior primero: estimado 6.49e+13 nodos
    grupo 4, orden menos opciones: estimado 1.75e+14 nodos
    grupo 4, orden interior primero: estimado 1.02e+13 nodos
    grupo 5, orden menos opciones: estimado 1.87e+15 nodos
    grupo 5, orden interior primero: estimado 8.47e+12 nodos
    grupo 6, orden menos opciones: estimado 1.53e+15 nodos
    grupo 6, orden interior primero: estimado 1.11e+13 nodos
    grupo 7, orden menos opciones: estimado 7.62e+14 nodos
    grupo 7, orden interior primero: estimado 3.53e+13 nodos
    grupo 8, orden menos opciones: estimado 1.11e+14 nodos
    grupo 8, orden interior primero: estimado 1.52e+13 nodos
    grupo 9, orden menos opciones: estimado 1.55e+14 nodos
    grupo 9, orden interior primero: estimado 3.86e+13 nodos
    grupo 10, orden menos opciones: estimado 1.81e+13 nodos
    grupo 10, orden interior primero: estimado 2.09e+13 nodos
    grupo 11, orden menos opciones: estimado 5.94e+14 nodos
    grupo 11, orden interior primero: estimado 4.28e+13 nodos
    grupo 12, orden menos opciones: estimado 7.09e+14 nodos
    grupo 12, orden interior primero: estimado 4.23e+13 nodos
    grupo 13, orden menos opciones: estimado 2.26e+14 nodos
    grupo 13, orden interior primero: estimado 6.94e+12 nodos
    grupo 14, orden menos opciones: estimado 2.52e+14 nodos
    grupo 14, orden interior primero: estimado 1.08e+13 nodos
    grupo 15, orden menos opciones: estimado 2.51e+14 nodos
    grupo 15, orden interior primero: estimado 5.02e+13 nodos
    grupo 16, orden menos opciones: estimado 6.67e+14 nodos
    grupo 16, orden interior primero: estimado 3.62e+13 nodos
    grupo 17, orden menos opciones: estimado 6.18e+14 nodos
    grupo 17, orden interior primero: estimado 2.55e+13 nodos
    grupo 18, orden menos opciones: estimado 5.04e+13 nodos
    grupo 18, orden interior primero: estimado 1.38e+13 nodos
    grupo 19, orden menos opciones: estimado 2.13e+14 nodos
    grupo 19, orden interior primero: estimado 1.72e+14 nodos
    grupo 20, orden menos opciones: estimado 2.16e+14 nodos
    grupo 20, orden interior primero: estimado 2.89e+13 nodos
    grupo 21, orden menos opciones: estimado 7.21e+13 nodos
    grupo 21, orden interior primero: estimado 1.98e+13 nodos
    grupo 22, orden menos opciones: estimado 2.27e+14 nodos
    grupo 22, orden interior primero: estimado 2.54e+14 nodos
    grupo 23, orden menos opciones: estimado 7.96e+13 nodos
    grupo 23, orden interior primero: estimado 3.23e+13 nodos
    grupo 24, orden menos opciones: estimado 9.35e+13 nodos
    grupo 24, orden interior primero: estimado 1.37e+14 nodos
[1] Grupos ordenados por estimado de Knuth (nodos): 6.94e+12(i) 8.47e+12(i) 1.02e+13(i) 1.08e+13(i) 1.11e+13(i) 1.25e+13(i) 1.38e+13(i) 1.52e+13(i) 1.81e+13 1.98e+13(i) 2.55e+13(i) 2.89e+13(i) 3.53e+13(i) 3.62e+13(i) 3.86e+13(i) 4e+13(i) 4.23e+13(i) 4.28e+13(i) 5.02e+13(i) 6.49e+13(i) 7.96e+13 9.35e+13 2.13e+14 2.27e+14   (i) = interior primero
ESTIMADO total=1.144e+15 grupos=24 ms=14923.6
