[0] Tablero 12x12, 18 colores, 12 hilos
[1] Con piezas fijas: las 4 esquinas se prueban arriba a la izquierda. 24 grupos, orden por coste: 4.97e+40 4.97e+40 4.97e+40 4.97e+40 4.97e+40 4.97e+40 4.97e+40 4.97e+40 4.97e+40 4.97e+40 4.97e+40 4.97e+40 4.97e+40 4.97e+40 4.97e+40 4.97e+40 4.97e+40 4.97e+40 4.97e+40 4.97e+40 4.97e+40 4.97e+40 4.97e+40 4.97e+40
    grupo 1, orden menos opciones: estimado 2.59e+22 nodos
    grupo 1, orden interior primero: estimado 8.63e+18 nodos
    grupo 2, orden menos opciones: estimado 1.03e+23 nodos
    grupo 2, orden interior primero: estimado 6.01e+19 nodos
    grupo 3, orden menos opciones: estimado 1.27e+23 nodos
    grupo 3, orden interior primero: estimado 2.94e+19 nodos
    grupo 4, orden menos opciones: estimado 1.15e+22 nodos
    grupo 4, orden interior primero: estimado 6.08e+19 nodos
    grupo 5, orden menos opciones: estimado 3.95e+23 nodos
    grupo 5, orden interior primero: estimado 2.96e+19 nodos
    grupo 6, orden menos opciones: estimado 2.39e+23 nodos
    grupo 6, orden interior primero: estimado 1.49e+19 nodos
    grupo 7, orden menos opciones: estimado 3.66e+24 nodos
    grupo 7, orden interior primero: estimado 3.01e+20 nodos
    grupo 8, orden menos opciones: estimado 3.5e+23 nodos
    grupo 8, orden interior primero: estimado 3.45e+19 nodos
    grupo 9, orden menos opciones: estimado 3.13e+22 nodos
    grupo 9, orden interior primero: estimado 3.21e+19 nodos
    grupo 10, orden menos opciones: estimado 1.52e+24 nodos
    grupo 10, orden interior primero: estimado 7.01e+19 nodos
    grupo 11, orden menos opciones: estimado 2.25e+23 nodos
    grupo 11, orden interior primero: estimado 1.38e+21 nodos
    grupo 12, orden menos opciones: estimado 1.84e+24 nodos
    grupo 12, orden interior primero: estimado 8.32e+19 nodos
    grupo 13, orden menos opciones: estimado 1.29e+23 nodos
    grupo 13, orden interior primero: estimado 2.53e+19 nodos
    grupo 14, orden menos opciones: estimado 6.82e+22 nodos
    grupo 14, orden interior primero: estimado 1.93e+20 nodos
    grupo 15, orden menos opciones: estimado 4.99e+22 nodos
    grupo 15, orden interior primero: estimado 9.64e+19 nodos
    grupo 16, orden menos opciones: estimado 9.61e+22 nodos
    grupo 16, orden interior primero: estimado 2.35e+20 nodos
    grupo 17, orden menos opciones: estimado 4.36e+22 nodos
    grupo 17, orden interior primero: estimado 8.14e+18 nodos
    grupo 18, orden menos opciones: estimado 1.23e+25 nodos
    grupo 18, orden interior primero: estimado 3.06e+19 nodos
    grupo 19, orden menos opciones: estimado 3.07e+22 nodos
    grupo 19, orden interior primero: estimado 8.43e+19 nodos
    grupo 20, orden menos opciones: estimado 1.2e+22 nodos
    grupo 20, orden interior primero: estimado 2.42e+21 nodos
    grupo 21, orden menos opciones: estimado 2.14e+21 nodos
    grupo 21, orden interior primero: estimado 7.9e+20 nodos
    grupo 22, orden menos opciones: estimado 1.49e+23 nodos
    grupo 22, orden interior primero: estimado 5.68e+19 nodos
    grupo 23, orden menos opciones: estimado 3.91e+22 nodos
    grupo 23, orden interior primero: estimado 1.81e+20 nodos
    grupo 24, orden menos opciones: estimado 6.14e+22 nodos
    grupo 24, orden interior primero: estimado 3.24e+20 nodos
[1] Grupos ordenados por estimado de Knuth (nodos): 8.14e+18(i) 8.63e+18(i) 1.49e+19(i) 2.53e+19(i) 2.94e+19(i) 2.96e+19(i) 3.06e+19(i) 3.21e+19(i) 3.45e+19(i) 5.68e+19(i) 6.01e+19(i) 6.08e+19(i) 7.01e+19(i) 8.32e+19(i) 8.43e+19(i) 9.64e+19(i) 1.81e+20(i) 1.93e+20(i) 2.35e+20(i) 3.01e+20(i) 3.24e+20(i) 1.38e+21(i) 2.14e+21 2.42e+21(i)   (i) = interior primero
ESTIMADO total=7.899e+21 grupos=24 ms=15343.3
