[0] Tablero 9x9, 12 colores, 12 hilos
[1] Con piezas fijas: las 4 esquinas se prueban arriba a la izquierda. 12 grupos, orden por coste: 9.67e+25 9.67e+25 9.67e+25 9.67e+25 9.67e+25 9.67e+25 9.67e+25 9.67e+25 9.67e+25 9.67e+25 9.67e+25 9.67e+25
    grupo 1, orden menos opciones: estimado 3.1e+15 nodos
    grupo 1, orden interior primero: estimado 3.53e+13 nodos
    grupo 2, orden menos opciones: estimado 1.7e+15 nodos
    grupo 2, orden interior primero: estimado 3.33e+13 nodos
    grupo 3, orden menos opciones: estimado 4.97e+15 nodos
    grupo 3, orden interior primero: estimado 2.41e+13 nodos
    grupo 4, orden menos opciones: estimado 1.95e+15 nodos
    grupo 4, orden interior primero: estimado 2.36e+13 nodos
    grupo 5, orden menos opciones: estimado 1.68e+15 nodos
    grupo 5, orden interior primero: estimado 2.89e+13 nodos
    grupo 6, orden menos opciones: estimado 8.46e+14 nodos
    grupo 6, orden interior primero: estimado 4.02e+13 nodos
    grupo 7, orden menos opciones: estimado 4.23e+15 nodos
    grupo 7, orden interior primero: estimado 3.23e+13 nodos
    grupo 8, orden menos opciones: estimado 1.37e+15 nodos
    grupo 8, orden interior primero: estimado 3.08e+13 nodos
    grupo 9, orden menos opciones: estimado 4.54e+15 nodos
    grupo 9, orden interior primero: estimado 4.69e+13 nodos
    grupo 10, orden menos opciones: estimado 8.57e+14 nodos
    grupo 10, orden interior primero: estimado 7.3e+13 nodos
    grupo 11, orden menos opciones: estimado 1.63e+15 nodos
    grupo 11, orden interior primero: estimado 1.76e+13 nodos
    grupo 12, orden menos opciones: estimado 1.69e+15 nodos
    grupo 12, orden interior primero: estimado 2.63e+13 nodos
[1] Grupos ordenados por estimado de Knuth (nodos): 1.76e+13(i) 2.36e+13(i) 2.41e+13(i) 2.63e+13(i) 2.89e+13(i) 3.08e+13(i) 3.23e+13(i) 3.33e+13(i) 3.53e+13(i) 4.02e+13(i) 4.69e+13(i) 7.3e+13(i)   (i) = interior primero
ESTIMADO total=4.124e+14 grupos=12 ms=10224.5
