[0] Tablero 9x9, 12 colores, 12 hilos
[1] Con piezas fijas: las 4 esquinas se prueban arriba a la izquierda. 12 grupos, orden por coste: 1.19e+26 1.19e+26 1.19e+26 1.19e+26 1.19e+26 1.19e+26 1.19e+26 1.19e+26 1.19e+26 1.19e+26 1.19e+26 1.19e+26
    grupo 1, orden menos opciones: estimado 2.14e+15 nodos
    grupo 1, orden interior primero: estimado 7.5e+12 nodos
    grupo 2, orden menos opciones: estimado 1.06e+15 nodos
    grupo 2, orden interior primero: estimado 2.35e+12 nodos
    grupo 3, orden menos opciones: estimado 1.03e+15 nodos
    grupo 3, orden interior primero: estimado 1.9e+12 nodos
    grupo 4, orden menos opciones: estimado 3.2e+15 nodos
    grupo 4, orden interior primero: estimado 1.41e+12 nodos
    grupo 5, orden menos opciones: estimado 2.91e+15 nodos
    grupo 5, orden interior primero: estimado 2.23e+12 nodos
    grupo 6, orden menos opciones: estimado 1.12e+15 nodos
    grupo 6, orden interior primero: estimado 2.09e+12 nodos
    grupo 7, orden menos opciones: estimado 1.48e+15 nodos
    grupo 7, orden interior primero: estimado 1.91e+12 nodos
    grupo 8, orden menos opciones: estimado 6.75e+14 nodos
    grupo 8, orden interior primero: estimado 1.6e+12 nodos
    grupo 9, orden menos opciones: estimado 1.32e+15 nodos
    grupo 9, orden interior primero: estimado 2.06e+12 nodos
    grupo 10, orden menos opciones: estimado 5.29e+15 nodos
    grupo 10, orden interior primero: estimado 1.96e+12 nodos
    grupo 11, orden menos opciones: estimado 1.14e+15 nodos
    grupo 11, orden interior primero: estimado 1.61e+12 nodos
    grupo 12, orden menos opciones: estimado 1.48e+15 nodos
    grupo 12, orden interior primero: estimado 1.86e+12 nodos
[1] Grupos ordenados por estimado de Knuth (nodos): 1.41e+12(i) 1.6e+12(i) 1.61e+12(i) 1.86e+12(i) 1.9e+12(i) 1.91e+12(i) 1.96e+12(i) 2.06e+12(i) 2.09e+12(i) 2.23e+12(i) 2.35e+12(i) 7.5e+12(i)   (i) = interior primero
ESTIMADO total=2.848e+13 grupos=12 ms=10156.0
