[0] Tablero 10x10, 13 colores, 12 hilos
[1] Con piezas fijas: las 4 esquinas se prueban arriba a la izquierda. 24 grupos, orden por coste: 1.21e+31 1.21e+31 1.21e+31 1.21e+31 1.21e+31 1.21e+31 1.21e+31 1.21e+31 1.21e+31 1.21e+31 1.21e+31 1.21e+31 1.21e+31 1.21e+31 1.21e+31 1.21e+31 1.21e+31 1.21e+31 1.21e+31 1.21e+31 1.21e+31 1.21e+31 1.21e+31 1.21e+31
    grupo 1, orden menos opciones: estimado 4.28e+12 nodos
    grupo 1, orden interior primero: estimado 3.36e+10 nodos
    grupo 2, orden menos opciones: estimado 9.57e+12 nodos
    grupo 2, orden interior primero: estimado 4.75e+10 nodos
    grupo 3, orden menos opciones: estimado 4.12e+12 nodos
    grupo 3, orden interior primero: estimado 5.58e+10 nodos
    grupo 4, orden menos opciones: estimado 6.63e+11 nodos
    grupo 4, orden interior primero: estimado 1.22e+11 nodos
    grupo 5, orden menos opciones: estimado 2.38e+12 nodos
    grupo 5, orden interior primero: estimado 6.46e+10 nodos
    grupo 6, orden menos opciones: estimado 8.98e+12 nodos
    grupo 6, orden interior primero: estimado 1.05e+11 nodos
    grupo 7, orden menos opciones: estimado 3.92e+12 nodos
    grupo 7, orden interior primero: estimado 7.93e+10 nodos
    grupo 8, orden menos opciones: estimado 5.16e+12 nodos
    grupo 8, orden interior primero: estimado 3.85e+10 nodos
    grupo 9, orden menos opciones: estimado 7.82e+13 nodos
    grupo 9, orden interior primero: estimado 4.05e+10 nodos
    grupo 10, orden menos opciones: estimado 3.17e+12 nodos
    grupo 10, orden interior primero: estimado 5.08e+10 nodos
    grupo 11, orden menos opciones: estimado 5.17e+12 nodos
    grupo 11, orden interior primero: estimado 6.54e+10 nodos
    grupo 12, orden menos opciones: estimado 7.38e+12 nodos
    grupo 12, orden interior primero: estimado 1.12e+11 nodos
    grupo 13, orden menos opciones: estimado 2.59e+12 nodos
    grupo 13, orden interior primero: estimado 4.21e+10 nodos
    grupo 14, orden menos opciones: estimado 1.47e+13 nodos
    grupo 14, orden interior primero: estimado 8.1e+10 nodos
    grupo 15, orden menos opciones: estimado 3.33e+13 nodos
    grupo 15, orden interior primero: estimado 4.31e+10 nodos
    grupo 16, orden menos opciones: estimado 4.24e+12 nodos
    grupo 16, orden interior primero: estimado 2.71e+10 nodos
    grupo 17, orden menos opciones: estimado 1.72e+12 nodos
    grupo 17, orden interior primero: estimado 3.95e+10 nodos
    grupo 18, orden menos opciones: estimado 6.34e+12 nodos
    grupo 18, orden interior primero: estimado 4.82e+10 nodos
    grupo 19, orden menos opciones: estimado 5.99e+12 nodos
    grupo 19, orden interior primero: estimado 4.85e+10 nodos
    grupo 20, orden menos opciones: estimado 3.91e+12 nodos
    grupo 20, orden interior primero: estimado 5.72e+10 nodos
    grupo 21, orden menos opciones: estimado 3.96e+12 nodos
    grupo 21, orden interior primero: estimado 1e+11 nodos
    grupo 22, orden menos opciones: estimado 7.07e+12 nodos
    grupo 22, orden interior primero: estimado 2.8e+10 nodos
    grupo 23, orden menos opciones: estimado 1.01e+12 nodos
    grupo 23, orden interior primero: estimado 1.03e+11 nodos
    grupo 24, orden menos opciones: estimado 1.1e+12 nodos
    grupo 24, orden interior primero: estimado 1.27e+11 nodos
[1] Estimado de Knuth por grupo (nodos): 3.36e+10(i) 4.75e+10(i) 5.58e+10(i) 1.22e+11(i) 6.46e+10(i) 1.05e+11(i) 7.93e+10(i) 3.85e+10(i) 4.05e+10(i) 5.08e+10(i) 6.54e+10(i) 1.12e+11(i) 4.21e+10(i) 8.1e+10(i) 4.31e+10(i) 2.71e+10(i) 3.95e+10(i) 4.82e+10(i) 4.85e+10(i) 5.72e+10(i) 1e+11(i) 2.8e+10(i) 1.03e+11(i) 1.27e+11(i)   (i) = interior primero
[2] Grupo 1/24: ruta unificada (mapas por lado, con piezas fijas), orden: interior primero; grupo grande: 3 estrategias a la vez (normal, pieza menos restrictiva, reinicios)
    ... 16.7 s | grupo 1/24 | 978515 nodos | revisado 2.94e-03%, faltan ~18.9 h [interior primero 2.94e-03%, interior primero + pieza menos restrictiva 2.69e-05%, reinicios, interior primero 0.043%] (Knuth: ~19.1 h) | máximo colocado 66 de 100 | hilos 8 de 12
    ... 18.7 s | grupo 1/24 | 1989709 nodos | revisado 5.65e-03%, faltan ~19.8 h [interior primero 5.65e-03%, interior primero + pieza menos restrictiva 1.35e-04%, reinicios, interior primero 0.072%] (Knuth: ~18.8 h) | máximo colocado 66 de 100 | hilos 8 de 12
    ... 20.7 s | grupo 1/24 | 2994292 nodos | revisado 7.03e-03%, faltan ~23.8 h [interior primero 7.03e-03%, interior primero + pieza menos restrictiva 1.68e-04%, reinicios, interior primero 0.074%] (Knuth: ~18.7 h) | máximo colocado 66 de 100 | hilos 8 de 12
    ... 22.7 s | grupo 1/24 | 3990501 nodos | revisado 8.79e-03%, faltan ~25.4 h [interior primero 8.79e-03%, interior primero + pieza menos restrictiva 1.87e-04%, reinicios, interior primero 0.166%] (Knuth: ~18.7 h) | máximo colocado 68 de 100 | hilos 8 de 12
    ... 24.7 s | grupo 1/24 | 4988819 nodos | revisado 0.013%, faltan ~21.0 h [interior primero 0.013%, interior primero + pieza menos restrictiva 2.00e-04%, reinicios, interior primero 0.172%] (Knuth: ~18.8 h) | máximo colocado 68 de 100 | hilos 8 de 12
    ... 26.7 s | grupo 1/24 | 5985979 nodos | revisado 0.015%, faltan ~21.6 h [interior primero 0.015%, interior primero + pieza menos restrictiva 2.09e-04%, reinicios, interior primero 0.184%] (Knuth: ~18.8 h) | máximo colocado 68 de 100 | hilos 8 de 12
    ... 28.7 s | grupo 1/24 | 7005860 nodos | revisado 0.017%, faltan ~23.5 h [interior primero 0.017%, interior primero + pieza menos restrictiva 2.23e-04%, reinicios, interior primero 0.256%] (Knuth: ~18.7 h) | máximo colocado 68 de 100 | hilos 8 de 12
    ... 30.7 s | grupo 1/24 | 8017561 nodos | revisado 0.019%, faltan ~23.8 h [interior primero 0.019%, interior primero + pieza menos restrictiva 2.32e-04%, reinicios, interior primero 0.289%] (Knuth: ~18.7 h) | máximo colocado 68 de 100 | hilos 8 de 12
    ... 32.8 s | grupo 1/24 | 9018321 nodos | revisado 0.020%, faltan ~25.3 h [interior primero 0.020%, interior primero + pieza menos restrictiva 3.45e-04%, reinicios, interior primero 0.313%] (Knuth: ~18.7 h) | máximo colocado 68 de 100 | hilos 8 de 12
    ... 34.8 s | grupo 1/24 | 10015584 nodos | revisado 0.020%, faltan ~27.8 h [interior primero 0.020%, interior primero + pieza menos restrictiva 3.70e-04%, reinicios, interior primero 0.315%] (Knuth: ~18.7 h) | máximo colocado 68 de 100 | hilos 8 de 12
    ... 36.8 s | grupo 1/24 | 11036681 nodos | revisado 0.020%, faltan ~30.3 h [interior primero 0.020%, interior primero + pieza menos restrictiva 3.83e-04%, reinicios, interior primero 0.324%] (Knuth: ~18.6 h) | máximo colocado 68 de 100 | hilos 8 de 12
    ... 38.8 s | grupo 1/24 | 12064644 nodos | revisado 0.020%, faltan ~32.8 h [interior primero 0.020%, interior primero + pieza menos restrictiva 4.08e-04%, reinicios, interior primero 0.328%] (Knuth: ~18.6 h) | máximo colocado 68 de 100 | hilos 8 de 12
    ... 40.8 s | grupo 1/24 | 13080468 nodos | revisado 0.021%, faltan ~35.1 h [interior primero 0.021%, interior primero + pieza menos restrictiva 4.42e-04%, reinicios, interior primero 0.333%] (Knuth: ~18.6 h) | máximo colocado 68 de 100 | hilos 8 de 12
    ... 42.8 s | grupo 1/24 | 14122971 nodos | revisado 0.021%, faltan ~37.2 h [interior primero 0.021%, interior primero + pieza menos restrictiva 4.61e-04%, reinicios, interior primero 0.371%] (Knuth: ~18.5 h) | máximo colocado 68 de 100 | hilos 8 de 12
    ... 44.8 s | grupo 1/24 | 15132987 nodos | revisado 0.021%, faltan ~39.6 h [interior primero 0.021%, interior primero + pieza menos restrictiva 4.71e-04%, reinicios, interior primero 0.376%] (Knuth: ~18.5 h) | máximo colocado 68 de 100 | hilos 8 de 12
    ... 46.8 s | grupo 1/24 | 16140563 nodos | revisado 0.021%, faltan ~41.7 h [interior primero 0.021%, interior primero + pieza menos restrictiva 5.39e-04%, reinicios, interior primero 0.377%] (Knuth: ~18.5 h) | máximo colocado 68 de 100 | hilos 8 de 12
    ... 48.8 s | grupo 1/24 | 17166335 nodos | revisado 0.022%, faltan ~43.7 h [interior primero 0.022%, interior primero + pieza menos restrictiva 6.54e-04%, reinicios, interior primero 0.378%] (Knuth: ~18.5 h) | máximo colocado 68 de 100 | hilos 8 de 12
    ... 50.8 s | grupo 1/24 | 18178909 nodos | revisado 0.022%, faltan ~45.4 h [interior primero 0.022%, interior primero + pieza menos restrictiva 6.71e-04%, reinicios, interior primero 0.380%] (Knuth: ~18.5 h) | máximo colocado 68 de 100 | hilos 8 de 12
    ... 52.8 s | grupo 1/24 | 19198510 nodos | revisado 0.022%, faltan ~47.5 h [interior primero 0.022%, interior primero + pieza menos restrictiva 6.84e-04%, reinicios, interior primero 0.388%] (Knuth: ~18.5 h) | máximo colocado 68 de 100 | hilos 8 de 12
    ... 54.9 s | grupo 1/24 | 20237516 nodos | revisado 0.023%, faltan ~2 días [interior primero 0.023%, interior primero + pieza menos restrictiva 6.93e-04%, reinicios, interior primero 0.417%] (Knuth: ~18.5 h) | máximo colocado 68 de 100 | hilos 8 de 12
    ... 56.9 s | grupo 1/24 | 21252682 nodos | revisado 0.023%, faltan ~2 días [interior primero 0.023%, interior primero + pieza menos restrictiva 7.40e-04%, reinicios, interior primero 0.443%] (Knuth: ~18.5 h) | máximo colocado 68 de 100 | hilos 8 de 12
    ... 58.9 s | grupo 1/24 | 22278656 nodos | revisado 0.023%, faltan ~2 días [interior primero 0.023%, interior primero + pieza menos restrictiva 8.78e-04%, reinicios, interior primero 0.455%] (Knuth: ~18.5 h) | máximo colocado 68 de 100 | hilos 8 de 12
    ... 60.9 s | grupo 1/24 | 23315684 nodos | revisado 0.023%, faltan ~2 días [interior primero 0.023%, interior primero + pieza menos restrictiva 8.97e-04%, reinicios, interior primero 0.464%] (Knuth: ~18.5 h) | máximo colocado 68 de 100 | hilos 8 de 12
    ... 62.9 s | grupo 1/24 | 24325710 nodos | revisado 0.024%, faltan ~2 días [interior primero 0.024%, interior primero + pieza menos restrictiva 9.19e-04%, reinicios, interior primero 0.520%] (Knuth: ~18.5 h) | máximo colocado 68 de 100 | hilos 8 de 12
    ... 64.9 s | grupo 1/24 | 25335593 nodos | revisado 0.024%, faltan ~2 días [interior primero 0.024%, interior primero + pieza menos restrictiva 9.80e-04%, reinicios, interior primero 0.566%] (Knuth: ~18.5 h) | máximo colocado 68 de 100 | hilos 8 de 12
    ... 66.9 s | grupo 1/24 | 26322282 nodos | revisado 0.024%, faltan ~2 días [interior primero 0.024%, interior primero + pieza menos restrictiva 1.03e-03%, reinicios, interior primero 0.582%] (Knuth: ~18.5 h) | máximo colocado 68 de 100 | hilos 8 de 12
    ... 68.9 s | grupo 1/24 | 27320196 nodos | revisado 0.025%, faltan ~3 días [interior primero 0.025%, interior primero + pieza menos restrictiva 1.05e-03%, reinicios, interior primero 0.628%] (Knuth: ~18.5 h) | máximo colocado 68 de 100 | hilos 8 de 12
    ... 70.9 s | grupo 1/24 | 28328213 nodos | revisado 0.026%, faltan ~3 días [interior primero 0.026%, interior primero + pieza menos restrictiva 1.07e-03%, reinicios, interior primero 0.670%] (Knuth: ~18.5 h) | máximo colocado 68 de 100 | hilos 8 de 12
    ... 72.9 s | grupo 1/24 | 29342525 nodos | revisado 0.026%, faltan ~3 días [interior primero 0.026%, interior primero + pieza menos restrictiva 1.09e-03%, reinicios, interior primero 0.691%] (Knuth: ~18.5 h) | máximo colocado 68 de 100 | hilos 8 de 12
    ... 75.0 s | grupo 1/24 | 30338023 nodos | revisado 0.028%, faltan ~3 días [interior primero 0.028%, interior primero + pieza menos restrictiva 1.20e-03%, reinicios, interior primero 0.698%] (Knuth: ~18.5 h) | máximo colocado 68 de 100 | hilos 8 de 12
    ... 77.0 s | grupo 1/24 | 31325260 nodos | revisado 0.029%, faltan ~3 días [interior primero 0.029%, interior primero + pieza menos restrictiva 1.26e-03%, reinicios, interior primero 0.708%] (Knuth: ~18.5 h) | máximo colocado 68 de 100 | hilos 8 de 12
    ... 79.0 s | grupo 1/24 | 32339673 nodos | revisado 0.029%, faltan ~3 días [interior primero 0.029%, interior primero + pieza menos restrictiva 1.45e-03%, reinicios, interior primero 0.717%] (Knuth: ~18.5 h) | máximo colocado 68 de 100 | hilos 8 de 12
    ... 81.0 s | grupo 1/24 | 33339258 nodos | revisado 0.029%, faltan ~3 días [interior primero 0.029%, interior primero + pieza menos restrictiva 1.59e-03%, reinicios, interior primero 0.720%] (Knuth: ~18.5 h) | máximo colocado 68 de 100 | hilos 8 de 12
    ... 83.0 s | grupo 1/24 | 34335019 nodos | revisado 0.029%, faltan ~3 días [interior primero 0.029%, interior primero + pieza menos restrictiva 1.60e-03%, reinicios, interior primero 0.725%] (Knuth: ~18.5 h) | máximo colocado 68 de 100 | hilos 8 de 12
    ... 85.0 s | grupo 1/24 | 35349794 nodos | revisado 0.029%, faltan ~3 días [interior primero 0.029%, interior primero + pieza menos restrictiva 1.61e-03%, reinicios, interior primero 0.728%] (Knuth: ~18.5 h) | máximo colocado 68 de 100 | hilos 8 de 12
    ... 87.0 s | grupo 1/24 | 36340386 nodos | revisado 0.029%, faltan ~3 días [interior primero 0.029%, interior primero + pieza menos restrictiva 1.61e-03%, reinicios, interior primero 0.731%] (Knuth: ~18.5 h) | máximo colocado 68 de 100 | hilos 8 de 12
    ... 89.0 s | grupo 1/24 | 37367259 nodos | revisado 0.029%, faltan ~3 días [interior primero 0.029%, interior primero + pieza menos restrictiva 1.62e-03%, reinicios, interior primero 0.732%] (Knuth: ~18.5 h) | máximo colocado 68 de 100 | hilos 8 de 12
    ... 91.0 s | grupo 1/24 | 38381430 nodos | revisado 0.029%, faltan ~3 días [interior primero 0.029%, interior primero + pieza menos restrictiva 1.64e-03%, reinicios, interior primero 0.733%] (Knuth: ~18.5 h) | máximo colocado 68 de 100 | hilos 8 de 12
    ... 93.1 s | grupo 1/24 | 39416752 nodos | revisado 0.029%, faltan ~3 días [interior primero 0.029%, interior primero + pieza menos restrictiva 1.65e-03%, reinicios, interior primero 0.734%] (Knuth: ~18.5 h) | máximo colocado 68 de 100 | hilos 8 de 12
    ... 95.1 s | grupo 1/24 | 40425939 nodos | revisado 0.030%, faltan ~3 días [interior primero 0.030%, interior primero + pieza menos restrictiva 1.66e-03%, reinicios, interior primero 0.735%] (Knuth: ~18.5 h) | máximo colocado 68 de 100 | hilos 8 de 12
    ... 97.1 s | grupo 1/24 | 41445483 nodos | revisado 0.030%, faltan ~3 días [interior primero 0.030%, interior primero + pieza menos restrictiva 1.70e-03%, reinicios, interior primero 0.738%] (Knuth: ~18.5 h) | máximo colocado 68 de 100 | hilos 8 de 12
    ... 99.1 s | grupo 1/24 | 42456758 nodos | revisado 0.030%, faltan ~3 días [interior primero 0.030%, interior primero + pieza menos restrictiva 1.80e-03%, reinicios, interior primero 0.751%] (Knuth: ~18.5 h) | máximo colocado 68 de 100 | hilos 8 de 12
    ... 101.1 s | grupo 1/24 | 43457232 nodos | revisado 0.030%, faltan ~3 días [interior primero 0.030%, interior primero + pieza menos restrictiva 1.83e-03%, reinicios, interior primero 0.782%] (Knuth: ~18.5 h) | máximo colocado 68 de 100 | hilos 8 de 12
    ... 103.1 s | grupo 1/24 | 44474488 nodos | revisado 0.030%, faltan ~3 días [interior primero 0.030%, interior primero + pieza menos restrictiva 1.85e-03%, reinicios, interior primero 0.818%] (Knuth: ~18.5 h) | máximo colocado 68 de 100 | hilos 8 de 12
    ... 105.1 s | grupo 1/24 | 45475248 nodos | revisado 0.030%, faltan ~3 días [interior primero 0.030%, interior primero + pieza menos restrictiva 1.87e-03%, reinicios, interior primero 0.841%] (Knuth: ~18.5 h) | máximo colocado 68 de 100 | hilos 8 de 12
    ... 107.1 s | grupo 1/24 | 46502608 nodos | revisado 0.030%, faltan ~4 días [interior primero 0.030%, interior primero + pieza menos restrictiva 1.88e-03%, reinicios, interior primero 0.916%] (Knuth: ~18.5 h) | máximo colocado 68 de 100 | hilos 8 de 12
    ... 109.1 s | grupo 1/24 | 47535220 nodos | revisado 0.030%, faltan ~4 días [interior primero 0.030%, interior primero + pieza menos restrictiva 1.89e-03%, reinicios, interior primero 0.921%] (Knuth: ~18.5 h) | máximo colocado 68 de 100 | hilos 8 de 12
    ... 111.2 s | grupo 1/24 | 48560513 nodos | revisado 0.030%, faltan ~4 días [interior primero 0.030%, interior primero + pieza menos restrictiva 1.90e-03%, reinicios, interior primero 0.924%] (Knuth: ~18.5 h) | máximo colocado 68 de 100 | hilos 8 de 12
    ... 113.2 s | grupo 1/24 | 49602110 nodos | revisado 0.030%, faltan ~4 días [interior primero 0.030%, interior primero + pieza menos restrictiva 1.93e-03%, reinicios, interior primero 0.971%] (Knuth: ~18.5 h) | máximo colocado 68 de 100 | hilos 8 de 12
    ... 115.2 s | grupo 1/24 | 50630456 nodos | revisado 0.031%, faltan ~4 días [interior primero 0.031%, interior primero + pieza menos restrictiva 2.16e-03%, reinicios, interior primero 1.0%] (Knuth: ~18.5 h) | máximo colocado 68 de 100 | hilos 8 de 12
    ... 117.2 s | grupo 1/24 | 51649332 nodos | revisado 0.031%, faltan ~4 días [interior primero 0.031%, interior primero + pieza menos restrictiva 2.18e-03%, reinicios, interior primero 1.0%] (Knuth: ~18.5 h) | máximo colocado 68 de 100 | hilos 8 de 12
    ... 119.2 s | grupo 1/24 | 52648922 nodos | revisado 0.031%, faltan ~4 días [interior primero 0.031%, interior primero + pieza menos restrictiva 2.52e-03%, reinicios, interior primero 1.0%] (Knuth: ~18.5 h) | máximo colocado 68 de 100 | hilos 8 de 12
    ... 121.2 s | grupo 1/24 | 53649088 nodos | revisado 0.031%, faltan ~4 días [interior primero 0.031%, interior primero + pieza menos restrictiva 2.54e-03%, reinicios, interior primero 1.0%] (Knuth: ~18.5 h) | máximo colocado 68 de 100 | hilos 8 de 12
    ... 123.2 s | grupo 1/24 | 54668603 nodos | revisado 0.031%, faltan ~4 días [interior primero 0.031%, interior primero + pieza menos restrictiva 2.60e-03%, reinicios, interior primero 1.1%] (Knuth: ~18.5 h) | máximo colocado 68 de 100 | hilos 8 de 12
    ... 125.2 s | grupo 1/24 | 55670996 nodos | revisado 0.032%, faltan ~4 días [interior primero 0.032%, interior primero + pieza menos restrictiva 2.74e-03%, reinicios, interior primero 1.1%] (Knuth: ~18.5 h) | máximo colocado 68 de 100 | hilos 8 de 12
    ... 127.2 s | grupo 1/24 | 56682642 nodos | revisado 0.032%, faltan ~4 días [interior primero 0.032%, interior primero + pieza menos restrictiva 2.79e-03%, reinicios, interior primero 1.1%] (Knuth: ~18.5 h) | máximo colocado 68 de 100 | hilos 8 de 12
    ... 129.2 s | grupo 1/24 | 57679026 nodos | revisado 0.032%, faltan ~4 días [interior primero 0.032%, interior primero + pieza menos restrictiva 3.00e-03%, reinicios, interior primero 1.1%] (Knuth: ~18.5 h) | máximo colocado 68 de 100 | hilos 8 de 12
    ... 131.2 s | grupo 1/24 | 58664813 nodos | revisado 0.033%, faltan ~4 días [interior primero 0.033%, interior primero + pieza menos restrictiva 3.17e-03%, reinicios, interior primero 1.1%] (Knuth: ~18.5 h) | máximo colocado 68 de 100 | hilos 8 de 12
    ... 133.2 s | grupo 1/24 | 59649393 nodos | revisado 0.033%, faltan ~4 días [interior primero 0.033%, interior primero + pieza menos restrictiva 3.34e-03%, reinicios, interior primero 1.2%] (Knuth: ~18.5 h) | máximo colocado 68 de 100 | hilos 8 de 12
    ... 135.3 s | grupo 1/24 | 60641597 nodos | revisado 0.033%, faltan ~4 días [interior primero 0.033%, interior primero + pieza menos restrictiva 3.61e-03%, reinicios, interior primero 1.2%] (Knuth: ~18.5 h) | máximo colocado 68 de 100 | hilos 8 de 12
    ... 137.3 s | grupo 1/24 | 61650430 nodos | revisado 0.033%, faltan ~4 días [interior primero 0.033%, interior primero + pieza menos restrictiva 3.67e-03%, reinicios, interior primero 1.2%] (Knuth: ~18.5 h) | máximo colocado 68 de 100 | hilos 8 de 12
    ... 139.3 s | grupo 1/24 | 62646865 nodos | revisado 0.033%, faltan ~4 días [interior primero 0.033%, interior primero + pieza menos restrictiva 3.82e-03%, reinicios, interior primero 1.2%] (Knuth: ~18.5 h) | máximo colocado 68 de 100 | hilos 8 de 12
    ... 141.3 s | grupo 1/24 | 63651583 nodos | revisado 0.033%, faltan ~4 días [interior primero 0.033%, interior primero + pieza menos restrictiva 7.05e-03%, reinicios, interior primero 1.2%] (Knuth: ~18.5 h) | máximo colocado 68 de 100 | hilos 8 de 12
    ... 143.3 s | grupo 1/24 | 64657899 nodos | revisado 0.033%, faltan ~4 días [interior primero 0.033%, interior primero + pieza menos restrictiva 7.17e-03%, reinicios, interior primero 1.2%] (Knuth: ~18.5 h) | máximo colocado 68 de 100 | hilos 8 de 12
    ... 145.3 s | grupo 1/24 | 65687925 nodos | revisado 0.033%, faltan ~5 días [interior primero 0.033%, interior primero + pieza menos restrictiva 7.22e-03%, reinicios, interior primero 1.2%] (Knuth: ~18.5 h) | máximo colocado 68 de 100 | hilos 8 de 12
    ... 147.3 s | grupo 1/24 | 66677195 nodos | revisado 0.033%, faltan ~5 días [interior primero 0.033%, interior primero + pieza menos restrictiva 7.76e-03%, reinicios, interior primero 1.2%] (Knuth: ~18.5 h) | máximo colocado 68 de 100 | hilos 8 de 12
    ... 149.3 s | grupo 1/24 | 67668065 nodos | revisado 0.034%, faltan ~5 días [interior primero 0.034%, interior primero + pieza menos restrictiva 7.77e-03%, reinicios, interior primero 1.2%] (Knuth: ~18.5 h) | máximo colocado 68 de 100 | hilos 8 de 12
    ... 151.3 s | grupo 1/24 | 68651255 nodos | revisado 0.034%, faltan ~5 días [interior primero 0.034%, interior primero + pieza menos restrictiva 7.82e-03%, reinicios, interior primero 1.2%] (Knuth: ~18.5 h) | máximo colocado 68 de 100 | hilos 8 de 12
    ... 153.3 s | grupo 1/24 | 69650294 nodos | revisado 0.034%, faltan ~5 días [interior primero 0.034%, interior primero + pieza menos restrictiva 7.83e-03%, reinicios, interior primero 1.3%] (Knuth: ~18.5 h) | máximo colocado 68 de 100 | hilos 8 de 12
    ... 155.3 s | grupo 1/24 | 70633360 nodos | revisado 0.036%, faltan ~5 días [interior primero 0.036%, interior primero + pieza menos restrictiva 7.89e-03%, reinicios, interior primero 1.3%] (Knuth: ~18.5 h) | máximo colocado 68 de 100 | hilos 8 de 12
    ... 157.4 s | grupo 1/24 | 71655756 nodos | revisado 0.036%, faltan ~5 días [interior primero 0.036%, interior primero + pieza menos restrictiva 7.93e-03%, reinicios, interior primero 1.3%] (Knuth: ~18.5 h) | máximo colocado 68 de 100 | hilos 8 de 12
    ... 159.4 s | grupo 1/24 | 72666057 nodos | revisado 0.036%, faltan ~5 días [interior primero 0.036%, interior primero + pieza menos restrictiva 8.00e-03%, reinicios, interior primero 1.3%] (Knuth: ~18.5 h) | máximo colocado 68 de 100 | hilos 8 de 12
    ... 161.4 s | grupo 1/24 | 73679992 nodos | revisado 0.036%, faltan ~5 días [interior primero 0.036%, interior primero + pieza menos restrictiva 8.08e-03%, reinicios, interior primero 1.3%] (Knuth: ~18.5 h) | máximo colocado 68 de 100 | hilos 8 de 12
    ... 163.4 s | grupo 1/24 | 74704169 nodos | revisado 0.036%, faltan ~5 días [interior primero 0.036%, interior primero + pieza menos restrictiva 8.17e-03%, reinicios, interior primero 1.3%] (Knuth: ~18.5 h) | máximo colocado 69 de 100 | hilos 8 de 12
    ... 165.4 s | grupo 1/24 | 75711013 nodos | revisado 0.036%, faltan ~5 días [interior primero 0.036%, interior primero + pieza menos restrictiva 8.27e-03%, reinicios, interior primero 1.4%] (Knuth: ~18.5 h) | máximo colocado 69 de 100 | hilos 8 de 12
    ... 167.4 s | grupo 1/24 | 76742419 nodos | revisado 0.037%, faltan ~5 días [interior primero 0.037%, interior primero + pieza menos restrictiva 8.79e-03%, reinicios, interior primero 1.4%] (Knuth: ~18.5 h) | máximo colocado 69 de 100 | hilos 8 de 12
    ... 169.4 s | grupo 1/24 | 77762678 nodos | revisado 0.037%, faltan ~5 días [interior primero 0.037%, interior primero + pieza menos restrictiva 8.94e-03%, reinicios, interior primero 1.4%] (Knuth: ~18.5 h) | máximo colocado 69 de 100 | hilos 8 de 12
    ... 171.4 s | grupo 1/24 | 78787563 nodos | revisado 0.037%, faltan ~5 días [interior primero 0.037%, interior primero + pieza menos restrictiva 9.07e-03%, reinicios, interior primero 1.4%] (Knuth: ~18.5 h) | máximo colocado 69 de 100 | hilos 8 de 12
    ... 173.5 s | grupo 1/24 | 79804098 nodos | revisado 0.038%, faltan ~5 días [interior primero 0.038%, interior primero + pieza menos restrictiva 9.32e-03%, reinicios, interior primero 1.5%] (Knuth: ~18.5 h) | máximo colocado 69 de 100 | hilos 8 de 12
    ... 175.5 s | grupo 1/24 | 80831572 nodos | revisado 0.038%, faltan ~5 días [interior primero 0.038%, interior primero + pieza menos restrictiva 9.43e-03%, reinicios, interior primero 1.5%] (Knuth: ~18.5 h) | máximo colocado 69 de 100 | hilos 8 de 12
    ... 177.5 s | grupo 1/24 | 81862749 nodos | revisado 0.039%, faltan ~5 días [interior primero 0.039%, interior primero + pieza menos restrictiva 9.46e-03%, reinicios, interior primero 1.5%] (Knuth: ~18.5 h) | máximo colocado 69 de 100 | hilos 8 de 12
    ... 179.5 s | grupo 1/24 | 82877671 nodos | revisado 0.040%, faltan ~5 días [interior primero 0.040%, interior primero + pieza menos restrictiva 9.48e-03%, reinicios, interior primero 1.5%] (Knuth: ~18.5 h) | máximo colocado 69 de 100 | hilos 8 de 12
    ... 181.5 s | grupo 1/24 | 83856092 nodos | revisado 0.040%, faltan ~5 días [interior primero 0.040%, interior primero + pieza menos restrictiva 9.52e-03%, reinicios, interior primero 1.5%] (Knuth: ~18.5 h) | máximo colocado 69 de 100 | hilos 8 de 12
    ... 183.5 s | grupo 1/24 | 84847424 nodos | revisado 0.040%, faltan ~5 días [interior primero 0.040%, interior primero + pieza menos restrictiva 9.56e-03%, reinicios, interior primero 1.5%] (Knuth: ~18.5 h) | máximo colocado 69 de 100 | hilos 8 de 12
    ... 185.5 s | grupo 1/24 | 85868550 nodos | revisado 0.040%, faltan ~5 días [interior primero 0.040%, interior primero + pieza menos restrictiva 9.66e-03%, reinicios, interior primero 1.5%] (Knuth: ~18.5 h) | máximo colocado 69 de 100 | hilos 8 de 12
    ... 187.5 s | grupo 1/24 | 86875595 nodos | revisado 0.040%, faltan ~5 días [interior primero 0.040%, interior primero + pieza menos restrictiva 9.71e-03%, reinicios, interior primero 1.5%] (Knuth: ~18.5 h) | máximo colocado 69 de 100 | hilos 8 de 12
    ... 189.5 s | grupo 1/24 | 87882332 nodos | revisado 0.040%, faltan ~5 días [interior primero 0.040%, interior primero + pieza menos restrictiva 9.73e-03%, reinicios, interior primero 1.5%] (Knuth: ~18.5 h) | máximo colocado 69 de 100 | hilos 8 de 12
    ... 191.5 s | grupo 1/24 | 88879145 nodos | revisado 0.040%, faltan ~5 días [interior primero 0.040%, interior primero + pieza menos restrictiva 9.74e-03%, reinicios, interior primero 1.5%] (Knuth: ~18.5 h) | máximo colocado 69 de 100 | hilos 8 de 12
    ... 193.6 s | grupo 1/24 | 89895496 nodos | revisado 0.041%, faltan ~5 días [interior primero 0.041%, interior primero + pieza menos restrictiva 9.75e-03%, reinicios, interior primero 1.5%] (Knuth: ~18.5 h) | máximo colocado 69 de 100 | hilos 8 de 12
    ... 195.6 s | grupo 1/24 | 90931038 nodos | revisado 0.041%, faltan ~5 días [interior primero 0.041%, interior primero + pieza menos restrictiva 9.75e-03%, reinicios, interior primero 1.5%] (Knuth: ~18.5 h) | máximo colocado 69 de 100 | hilos 8 de 12
    ... 197.6 s | grupo 1/24 | 91922609 nodos | revisado 0.041%, faltan ~5 días [interior primero 0.041%, interior primero + pieza menos restrictiva 9.76e-03%, reinicios, interior primero 1.5%] (Knuth: ~18.5 h) | máximo colocado 69 de 100 | hilos 8 de 12
    ... 199.6 s | grupo 1/24 | 92915075 nodos | revisado 0.041%, faltan ~5 días [interior primero 0.041%, interior primero + pieza menos restrictiva 9.77e-03%, reinicios, interior primero 1.5%] (Knuth: ~18.5 h) | máximo colocado 69 de 100 | hilos 8 de 12
    ... 201.6 s | grupo 1/24 | 93907568 nodos | revisado 0.041%, faltan ~5 días [interior primero 0.041%, interior primero + pieza menos restrictiva 9.78e-03%, reinicios, interior primero 1.5%] (Knuth: ~18.5 h) | máximo colocado 69 de 100 | hilos 8 de 12
    ... 203.6 s | grupo 1/24 | 94904593 nodos | revisado 0.041%, faltan ~5 días [interior primero 0.041%, interior primero + pieza menos restrictiva 9.79e-03%, reinicios, interior primero 1.5%] (Knuth: ~18.5 h) | máximo colocado 69 de 100 | hilos 8 de 12
    ... 205.6 s | grupo 1/24 | 95896370 nodos | revisado 0.041%, faltan ~5 días [interior primero 0.041%, interior primero + pieza menos restrictiva 9.80e-03%, reinicios, interior primero 1.5%] (Knuth: ~18.5 h) | máximo colocado 69 de 100 | hilos 8 de 12
    ... 207.6 s | grupo 1/24 | 96880149 nodos | revisado 0.041%, faltan ~5 días [interior primero 0.041%, interior primero + pieza menos restrictiva 9.80e-03%, reinicios, interior primero 1.5%] (Knuth: ~18.5 h) | máximo colocado 69 de 100 | hilos 8 de 12
    ... 209.6 s | grupo 1/24 | 97872847 nodos | revisado 0.041%, faltan ~5 días [interior primero 0.041%, interior primero + pieza menos restrictiva 9.84e-03%, reinicios, interior primero 1.5%] (Knuth: ~18.5 h) | máximo colocado 69 de 100 | hilos 8 de 12
    ... 211.6 s | grupo 1/24 | 98853742 nodos | revisado 0.041%, faltan ~6 días [interior primero 0.041%, interior primero + pieza menos restrictiva 9.85e-03%, reinicios, interior primero 1.5%] (Knuth: ~18.5 h) | máximo colocado 69 de 100 | hilos 8 de 12
    ... 213.6 s | grupo 1/24 | 99835482 nodos | revisado 0.041%, faltan ~6 días [interior primero 0.041%, interior primero + pieza menos restrictiva 9.86e-03%, reinicios, interior primero 1.5%] (Knuth: ~18.5 h) | máximo colocado 69 de 100 | hilos 8 de 12
    ... 215.6 s | grupo 1/24 | 100847801 nodos | revisado 0.042%, faltan ~6 días [interior primero 0.042%, interior primero + pieza menos restrictiva 9.92e-03%, reinicios, interior primero 1.5%] (Knuth: ~18.5 h) | máximo colocado 69 de 100 | hilos 8 de 12
    ... 217.7 s | grupo 1/24 | 101858425 nodos | revisado 0.042%, faltan ~6 días [interior primero 0.042%, interior primero + pieza menos restrictiva 9.93e-03%, reinicios, interior primero 1.6%] (Knuth: ~18.5 h) | máximo colocado 69 de 100 | hilos 8 de 12
    ... 219.7 s | grupo 1/24 | 102837751 nodos | revisado 0.045%, faltan ~5 días [interior primero 0.045%, interior primero + pieza menos restrictiva 9.98e-03%, reinicios, interior primero 1.6%] (Knuth: ~18.5 h) | máximo colocado 69 de 100 | hilos 8 de 12
    ... 221.7 s | grupo 1/24 | 103793019 nodos | revisado 0.050%, faltan ~5 días [interior primero 0.050%, interior primero + pieza menos restrictiva 0.010%, reinicios, interior primero 1.6%] (Knuth: ~18.5 h) | máximo colocado 69 de 100 | hilos 8 de 12
    ... 223.7 s | grupo 1/24 | 104779381 nodos | revisado 0.052%, faltan ~5 días [interior primero 0.052%, interior primero + pieza menos restrictiva 0.010%, reinicios, interior primero 1.7%] (Knuth: ~18.5 h) | máximo colocado 69 de 100 | hilos 8 de 12
    ... 225.7 s | grupo 1/24 | 105788612 nodos | revisado 0.058%, faltan ~4 días [interior primero 0.058%, interior primero + pieza menos restrictiva 0.010%, reinicios, interior primero 1.7%] (Knuth: ~18.5 h) | máximo colocado 69 de 100 | hilos 8 de 12
    ... 227.7 s | grupo 1/24 | 106790695 nodos | revisado 0.061%, faltan ~4 días [interior primero 0.061%, interior primero + pieza menos restrictiva 0.010%, reinicios, interior primero 1.7%] (Knuth: ~18.5 h) | máximo colocado 69 de 100 | hilos 8 de 12
    ... 229.7 s | grupo 1/24 | 107802700 nodos | revisado 0.063%, faltan ~4 días [interior primero 0.063%, interior primero + pieza menos restrictiva 0.011%, reinicios, interior primero 1.7%] (Knuth: ~18.5 h) | máximo colocado 69 de 100 | hilos 8 de 12
    ... 231.7 s | grupo 1/24 | 108816688 nodos | revisado 0.065%, faltan ~4 días [interior primero 0.065%, interior primero + pieza menos restrictiva 0.011%, reinicios, interior primero 1.7%] (Knuth: ~18.5 h) | máximo colocado 69 de 100 | hilos 8 de 12
    ... 233.7 s | grupo 1/24 | 109818701 nodos | revisado 0.069%, faltan ~4 días [interior primero 0.069%, interior primero + pieza menos restrictiva 0.011%, reinicios, interior primero 1.7%] (Knuth: ~18.5 h) | máximo colocado 69 de 100 | hilos 8 de 12
    ... 235.7 s | grupo 1/24 | 110832663 nodos | revisado 0.074%, faltan ~3 días [interior primero 0.074%, interior primero + pieza menos restrictiva 0.011%, reinicios, interior primero 1.7%] (Knuth: ~18.5 h) | máximo colocado 69 de 100 | hilos 8 de 12
    ... 237.8 s | grupo 1/24 | 111841745 nodos | revisado 0.080%, faltan ~3 días [interior primero 0.080%, interior primero + pieza menos restrictiva 0.011%, reinicios, interior primero 1.7%] (Knuth: ~18.5 h) | máximo colocado 69 de 100 | hilos 8 de 12
    ... 239.8 s | grupo 1/24 | 112853712 nodos | revisado 0.085%, faltan ~3 días [interior primero 0.085%, interior primero + pieza menos restrictiva 0.011%, reinicios, interior primero 1.7%] (Knuth: ~18.5 h) | máximo colocado 69 de 100 | hilos 8 de 12
    ... 241.8 s | grupo 1/24 | 113840558 nodos | revisado 0.088%, faltan ~3 días [interior primero 0.088%, interior primero + pieza menos restrictiva 0.011%, reinicios, interior primero 1.7%] (Knuth: ~18.5 h) | máximo colocado 69 de 100 | hilos 8 de 12
    ... 243.8 s | grupo 1/24 | 114818100 nodos | revisado 0.088%, faltan ~3 días [interior primero 0.088%, interior primero + pieza menos restrictiva 0.011%, reinicios, interior primero 1.8%] (Knuth: ~18.5 h) | máximo colocado 69 de 100 | hilos 8 de 12
    ... 245.8 s | grupo 1/24 | 115819640 nodos | revisado 0.088%, faltan ~3 días [interior primero 0.088%, interior primero + pieza menos restrictiva 0.011%, reinicios, interior primero 1.8%] (Knuth: ~18.5 h) | máximo colocado 69 de 100 | hilos 8 de 12
    ... 247.8 s | grupo 1/24 | 116824943 nodos | revisado 0.088%, faltan ~3 días [interior primero 0.088%, interior primero + pieza menos restrictiva 0.011%, reinicios, interior primero 1.8%] (Knuth: ~18.5 h) | máximo colocado 69 de 100 | hilos 8 de 12
    ... 249.8 s | grupo 1/24 | 117836201 nodos | revisado 0.089%, faltan ~3 días [interior primero 0.089%, interior primero + pieza menos restrictiva 0.011%, reinicios, interior primero 1.8%] (Knuth: ~18.5 h) | máximo colocado 69 de 100 | hilos 8 de 12
    ... 251.8 s | grupo 1/24 | 118826901 nodos | revisado 0.089%, faltan ~3 días [interior primero 0.089%, interior primero + pieza menos restrictiva 0.011%, reinicios, interior primero 1.8%] (Knuth: ~18.5 h) | máximo colocado 69 de 100 | hilos 8 de 12
    ... 253.8 s | grupo 1/24 | 119830280 nodos | revisado 0.089%, faltan ~3 días [interior primero 0.089%, interior primero + pieza menos restrictiva 0.011%, reinicios, interior primero 1.8%] (Knuth: ~18.5 h) | máximo colocado 69 de 100 | hilos 8 de 12
    ... 255.8 s | grupo 1/24 | 120818749 nodos | revisado 0.090%, faltan ~3 días [interior primero 0.090%, interior primero + pieza menos restrictiva 0.011%, reinicios, interior primero 1.8%] (Knuth: ~18.5 h) | máximo colocado 69 de 100 | hilos 8 de 12
    ... 257.9 s | grupo 1/24 | 121832791 nodos | revisado 0.090%, faltan ~3 días [interior primero 0.090%, interior primero + pieza menos restrictiva 0.011%, reinicios, interior primero 1.8%] (Knuth: ~18.5 h) | máximo colocado 69 de 100 | hilos 8 de 12
    ... 259.9 s | grupo 1/24 | 122854782 nodos | revisado 0.090%, faltan ~3 días [interior primero 0.090%, interior primero + pieza menos restrictiva 0.011%, reinicios, interior primero 1.8%] (Knuth: ~18.5 h) | máximo colocado 69 de 100 | hilos 8 de 12
    ... 261.9 s | grupo 1/24 | 123866881 nodos | revisado 0.090%, faltan ~3 días [interior primero 0.090%, interior primero + pieza menos restrictiva 0.011%, reinicios, interior primero 1.9%] (Knuth: ~18.5 h) | máximo colocado 69 de 100 | hilos 8 de 12
    ... 263.9 s | grupo 1/24 | 124883203 nodos | revisado 0.090%, faltan ~3 días [interior primero 0.090%, interior primero + pieza menos restrictiva 0.012%, reinicios, interior primero 1.9%] (Knuth: ~18.5 h) | máximo colocado 69 de 100 | hilos 8 de 12
    ... 265.9 s | grupo 1/24 | 125884322 nodos | revisado 0.090%, faltan ~3 días [interior primero 0.090%, interior primero + pieza menos restrictiva 0.013%, reinicios, interior primero 1.9%] (Knuth: ~18.5 h) | máximo colocado 69 de 100 | hilos 8 de 12
    ... 267.9 s | grupo 1/24 | 126884768 nodos | revisado 0.091%, faltan ~3 días [interior primero 0.091%, interior primero + pieza menos restrictiva 0.013%, reinicios, interior primero 1.9%] (Knuth: ~18.5 h) | máximo colocado 69 de 100 | hilos 8 de 12
    ... 269.9 s | grupo 1/24 | 127908106 nodos | revisado 0.091%, faltan ~3 días [interior primero 0.091%, interior primero + pieza menos restrictiva 0.013%, reinicios, interior primero 1.9%] (Knuth: ~18.5 h) | máximo colocado 69 de 100 | hilos 8 de 12
    ... 271.9 s | grupo 1/24 | 128928709 nodos | revisado 0.091%, faltan ~3 días [interior primero 0.091%, interior primero + pieza menos restrictiva 0.013%, reinicios, interior primero 2.0%] (Knuth: ~18.5 h) | máximo colocado 69 de 100 | hilos 8 de 12
    ... 273.9 s | grupo 1/24 | 129934834 nodos | revisado 0.091%, faltan ~3 días [interior primero 0.091%, interior primero + pieza menos restrictiva 0.014%, reinicios, interior primero 2.0%] (Knuth: ~18.5 h) | máximo colocado 69 de 100 | hilos 8 de 12
    ... 276.0 s | grupo 1/24 | 130951469 nodos | revisado 0.091%, faltan ~3 días [interior primero 0.091%, interior primero + pieza menos restrictiva 0.014%, reinicios, interior primero 2.0%] (Knuth: ~18.5 h) | máximo colocado 69 de 100 | hilos 8 de 12
    ... 278.0 s | grupo 1/24 | 131964010 nodos | revisado 0.091%, faltan ~3 días [interior primero 0.091%, interior primero + pieza menos restrictiva 0.014%, reinicios, interior primero 2.0%] (Knuth: ~18.5 h) | máximo colocado 69 de 100 | hilos 8 de 12
    ... 280.0 s | grupo 1/24 | 132963996 nodos | revisado 0.091%, faltan ~3 días [interior primero 0.091%, interior primero + pieza menos restrictiva 0.015%, reinicios, interior primero 2.0%] (Knuth: ~18.5 h) | máximo colocado 69 de 100 | hilos 8 de 12
    ... 282.0 s | grupo 1/24 | 133965840 nodos | revisado 0.091%, faltan ~3 días [interior primero 0.091%, interior primero + pieza menos restrictiva 0.015%, reinicios, interior primero 2.0%] (Knuth: ~18.5 h) | máximo colocado 69 de 100 | hilos 8 de 12
    ... 284.0 s | grupo 1/24 | 134966232 nodos | revisado 0.091%, faltan ~3 días [interior primero 0.091%, interior primero + pieza menos restrictiva 0.015%, reinicios, interior primero 2.0%] (Knuth: ~18.5 h) | máximo colocado 69 de 100 | hilos 8 de 12
    ... 286.0 s | grupo 1/24 | 135980764 nodos | revisado 0.091%, faltan ~3 días [interior primero 0.091%, interior primero + pieza menos restrictiva 0.015%, reinicios, interior primero 2.0%] (Knuth: ~18.5 h) | máximo colocado 69 de 100 | hilos 8 de 12
    ... 288.0 s | grupo 1/24 | 136983683 nodos | revisado 0.091%, faltan ~3 días [interior primero 0.091%, interior primero + pieza menos restrictiva 0.015%, reinicios, interior primero 2.0%] (Knuth: ~18.5 h) | máximo colocado 69 de 100 | hilos 8 de 12
    ... 290.0 s | grupo 1/24 | 137985206 nodos | revisado 0.091%, faltan ~3 días [interior primero 0.091%, interior primero + pieza menos restrictiva 0.019%, reinicios, interior primero 2.0%] (Knuth: ~18.5 h) | máximo colocado 69 de 100 | hilos 8 de 12
    ... 292.0 s | grupo 1/24 | 138994330 nodos | revisado 0.091%, faltan ~4 días [interior primero 0.091%, interior primero + pieza menos restrictiva 0.019%, reinicios, interior primero 2.0%] (Knuth: ~18.5 h) | máximo colocado 69 de 100 | hilos 8 de 12
    ... 294.0 s | grupo 1/24 | 139997945 nodos | revisado 0.091%, faltan ~4 días [interior primero 0.091%, interior primero + pieza menos restrictiva 0.020%, reinicios, interior primero 2.1%] (Knuth: ~18.5 h) | máximo colocado 69 de 100 | hilos 8 de 12
    ... 296.0 s | grupo 1/24 | 141009606 nodos | revisado 0.092%, faltan ~4 días [interior primero 0.092%, interior primero + pieza menos restrictiva 0.020%, reinicios, interior primero 2.1%] (Knuth: ~18.5 h) | máximo colocado 69 de 100 | hilos 8 de 12
    ... 298.1 s | grupo 1/24 | 142022559 nodos | revisado 0.092%, faltan ~4 días [interior primero 0.092%, interior primero + pieza menos restrictiva 0.020%, reinicios, interior primero 2.1%] (Knuth: ~18.5 h) | máximo colocado 69 de 100 | hilos 8 de 12
    ... 300.1 s | grupo 1/24 | 143029862 nodos | revisado 0.092%, faltan ~4 días [interior primero 0.092%, interior primero + pieza menos restrictiva 0.020%, reinicios, interior primero 2.1%] (Knuth: ~18.5 h) | máximo colocado 69 de 100 | hilos 8 de 12
    ... 302.1 s | grupo 1/24 | 144017750 nodos | revisado 0.092%, faltan ~4 días [interior primero 0.092%, interior primero + pieza menos restrictiva 0.020%, reinicios, interior primero 2.2%] (Knuth: ~18.5 h) | máximo colocado 69 de 100 | hilos 8 de 12
    ... 304.1 s | grupo 1/24 | 144998384 nodos | revisado 0.092%, faltan ~4 días [interior primero 0.092%, interior primero + pieza menos restrictiva 0.020%, reinicios, interior primero 2.2%] (Knuth: ~18.5 h) | máximo colocado 69 de 100 | hilos 8 de 12
    ... 306.1 s | grupo 1/24 | 145959801 nodos | revisado 0.093%, faltan ~4 días [interior primero 0.093%, interior primero + pieza menos restrictiva 0.020%, reinicios, interior primero 2.2%] (Knuth: ~18.5 h) | máximo colocado 69 de 100 | hilos 8 de 12
    ... 308.1 s | grupo 1/24 | 146948896 nodos | revisado 0.093%, faltan ~4 días [interior primero 0.093%, interior primero + pieza menos restrictiva 0.020%, reinicios, interior primero 2.2%] (Knuth: ~18.5 h) | máximo colocado 69 de 100 | hilos 8 de 12
    ... 310.1 s | grupo 1/24 | 147945395 nodos | revisado 0.093%, faltan ~4 días [interior primero 0.093%, interior primero + pieza menos restrictiva 0.020%, reinicios, interior primero 2.2%] (Knuth: ~18.5 h) | máximo colocado 69 de 100 | hilos 8 de 12
    ... 312.1 s | grupo 1/24 | 148949289 nodos | revisado 0.094%, faltan ~4 días [interior primero 0.094%, interior primero + pieza menos restrictiva 0.020%, reinicios, interior primero 2.2%] (Knuth: ~18.5 h) | máximo colocado 69 de 100 | hilos 8 de 12
    ... 314.1 s | grupo 1/24 | 149963945 nodos | revisado 0.094%, faltan ~4 días [interior primero 0.094%, interior primero + pieza menos restrictiva 0.020%, reinicios, interior primero 2.2%] (Knuth: ~18.5 h) | máximo colocado 69 de 100 | hilos 8 de 12
    ... 316.1 s | grupo 1/24 | 150965093 nodos | revisado 0.094%, faltan ~4 días [interior primero 0.094%, interior primero + pieza menos restrictiva 0.020%, reinicios, interior primero 2.3%] (Knuth: ~18.5 h) | máximo colocado 69 de 100 | hilos 8 de 12
    ... 318.2 s | grupo 1/24 | 151949677 nodos | revisado 0.095%, faltan ~4 días [interior primero 0.095%, interior primero + pieza menos restrictiva 0.020%, reinicios, interior primero 2.3%] (Knuth: ~18.5 h) | máximo colocado 69 de 100 | hilos 8 de 12
    ... 320.2 s | grupo 1/24 | 152947972 nodos | revisado 0.095%, faltan ~4 días [interior primero 0.095%, interior primero + pieza menos restrictiva 0.020%, reinicios, interior primero 2.3%] (Knuth: ~18.5 h) | máximo colocado 69 de 100 | hilos 8 de 12
    ... 322.2 s | grupo 1/24 | 153944865 nodos | revisado 0.095%, faltan ~4 días [interior primero 0.095%, interior primero + pieza menos restrictiva 0.020%, reinicios, interior primero 2.3%] (Knuth: ~18.5 h) | máximo colocado 69 de 100 | hilos 8 de 12
    ... 324.2 s | grupo 1/24 | 154927149 nodos | revisado 0.095%, faltan ~4 días [interior primero 0.095%, interior primero + pieza menos restrictiva 0.020%, reinicios, interior primero 2.4%] (Knuth: ~18.5 h) | máximo colocado 69 de 100 | hilos 8 de 12
    ... 326.2 s | grupo 1/24 | 155928503 nodos | revisado 0.096%, faltan ~4 días [interior primero 0.096%, interior primero + pieza menos restrictiva 0.020%, reinicios, interior primero 2.4%] (Knuth: ~18.5 h) | máximo colocado 69 de 100 | hilos 8 de 12
    ... 328.2 s | grupo 1/24 | 156924019 nodos | revisado 0.096%, faltan ~4 días [interior primero 0.096%, interior primero + pieza menos restrictiva 0.020%, reinicios, interior primero 2.4%] (Knuth: ~18.5 h) | máximo colocado 69 de 100 | hilos 8 de 12
    ... 330.2 s | grupo 1/24 | 157935772 nodos | revisado 0.098%, faltan ~4 días [interior primero 0.098%, interior primero + pieza menos restrictiva 0.020%, reinicios, interior primero 2.4%] (Knuth: ~18.5 h) | máximo colocado 69 de 100 | hilos 8 de 12
    ... 332.2 s | grupo 1/24 | 158939362 nodos | revisado 0.099%, faltan ~4 días [interior primero 0.099%, interior primero + pieza menos restrictiva 0.020%, reinicios, interior primero 2.4%] (Knuth: ~18.5 h) | máximo colocado 69 de 100 | hilos 8 de 12
    ... 334.3 s | grupo 1/24 | 159936105 nodos | revisado 0.099%, faltan ~4 días [interior primero 0.099%, interior primero + pieza menos restrictiva 0.021%, reinicios, interior primero 2.5%] (Knuth: ~18.5 h) | máximo colocado 69 de 100 | hilos 8 de 12
    ... 336.3 s | grupo 1/24 | 160920086 nodos | revisado 0.099%, faltan ~4 días [interior primero 0.099%, interior primero + pieza menos restrictiva 0.021%, reinicios, interior primero 2.5%] (Knuth: ~18.5 h) | máximo colocado 69 de 100 | hilos 8 de 12
    ... 338.3 s | grupo 1/24 | 161916479 nodos | revisado 0.099%, faltan ~4 días [interior primero 0.099%, interior primero + pieza menos restrictiva 0.022%, reinicios, interior primero 2.5%] (Knuth: ~18.5 h) | máximo colocado 69 de 100 | hilos 8 de 12
    ... 340.3 s | grupo 1/24 | 162882546 nodos | revisado 0.099%, faltan ~4 días [interior primero 0.099%, interior primero + pieza menos restrictiva 0.022%, reinicios, interior primero 2.5%] (Knuth: ~18.5 h) | máximo colocado 69 de 100 | hilos 8 de 12
    ... 342.3 s | grupo 1/24 | 163872266 nodos | revisado 0.099%, faltan ~4 días [interior primero 0.099%, interior primero + pieza menos restrictiva 0.022%, reinicios, interior primero 2.5%] (Knuth: ~18.5 h) | máximo colocado 69 de 100 | hilos 8 de 12
    ... 344.3 s | grupo 1/24 | 164864043 nodos | revisado 0.100%, faltan ~4 días [interior primero 0.100%, interior primero + pieza menos restrictiva 0.023%, reinicios, interior primero 2.5%] (Knuth: ~18.5 h) | máximo colocado 69 de 100 | hilos 8 de 12
    ... 346.3 s | grupo 1/24 | 165851905 nodos | revisado 0.100%, faltan ~4 días [interior primero 0.100%, interior primero + pieza menos restrictiva 0.023%, reinicios, interior primero 2.5%] (Knuth: ~18.5 h) | máximo colocado 69 de 100 | hilos 8 de 12
    ... 348.3 s | grupo 1/24 | 166852207 nodos | revisado 0.101%, faltan ~4 días [interior primero 0.101%, interior primero + pieza menos restrictiva 0.023%, reinicios, interior primero 2.5%] (Knuth: ~18.5 h) | máximo colocado 69 de 100 | hilos 8 de 12
    ... 350.3 s | grupo 1/24 | 167866373 nodos | revisado 0.101%, faltan ~4 días [interior primero 0.101%, interior primero + pieza menos restrictiva 0.023%, reinicios, interior primero 2.5%] (Knuth: ~18.5 h) | máximo colocado 69 de 100 | hilos 8 de 12
    ... 352.3 s | grupo 1/24 | 168885205 nodos | revisado 0.102%, faltan ~4 días [interior primero 0.102%, interior primero + pieza menos restrictiva 0.023%, reinicios, interior primero 2.5%] (Knuth: ~18.5 h) | máximo colocado 69 de 100 | hilos 8 de 12
    ... 354.4 s | grupo 1/24 | 169897844 nodos | revisado 0.104%, faltan ~4 días [interior primero 0.104%, interior primero + pieza menos restrictiva 0.023%, reinicios, interior primero 2.5%] (Knuth: ~18.5 h) | máximo colocado 70 de 100 | hilos 8 de 12
    ... 356.4 s | grupo 1/24 | 170920556 nodos | revisado 0.105%, faltan ~4 días [interior primero 0.105%, interior primero + pieza menos restrictiva 0.023%, reinicios, interior primero 2.5%] (Knuth: ~18.5 h) | máximo colocado 70 de 100 | hilos 8 de 12
    ... 358.4 s | grupo 1/24 | 171923735 nodos | revisado 0.106%, faltan ~4 días [interior primero 0.106%, interior primero + pieza menos restrictiva 0.024%, reinicios, interior primero 2.5%] (Knuth: ~18.5 h) | máximo colocado 70 de 100 | hilos 8 de 12
    ... 360.4 s | grupo 1/24 | 172913360 nodos | revisado 0.108%, faltan ~4 días [interior primero 0.108%, interior primero + pieza menos restrictiva 0.025%, reinicios, interior primero 2.6%] (Knuth: ~18.5 h) | máximo colocado 70 de 100 | hilos 8 de 12
    ... 362.4 s | grupo 1/24 | 173929331 nodos | revisado 0.109%, faltan ~4 días [interior primero 0.109%, interior primero + pieza menos restrictiva 0.026%, reinicios, interior primero 2.6%] (Knuth: ~18.5 h) | máximo colocado 70 de 100 | hilos 8 de 12
    ... 364.4 s | grupo 1/24 | 174928767 nodos | revisado 0.111%, faltan ~4 días [interior primero 0.111%, interior primero + pieza menos restrictiva 0.026%, reinicios, interior primero 2.6%] (Knuth: ~18.5 h) | máximo colocado 70 de 100 | hilos 8 de 12
    ... 366.4 s | grupo 1/24 | 175928416 nodos | revisado 0.113%, faltan ~4 días [interior primero 0.113%, interior primero + pieza menos restrictiva 0.026%, reinicios, interior primero 2.6%] (Knuth: ~18.5 h) | máximo colocado 70 de 100 | hilos 8 de 12
    ... 368.4 s | grupo 1/24 | 176954770 nodos | revisado 0.113%, faltan ~4 días [interior primero 0.113%, interior primero + pieza menos restrictiva 0.027%, reinicios, interior primero 2.6%] (Knuth: ~18.5 h) | máximo colocado 70 de 100 | hilos 8 de 12
    ... 370.4 s | grupo 1/24 | 177963564 nodos | revisado 0.114%, faltan ~4 días [interior primero 0.114%, interior primero + pieza menos restrictiva 0.027%, reinicios, interior primero 2.6%] (Knuth: ~18.5 h) | máximo colocado 70 de 100 | hilos 8 de 12
    ... 372.5 s | grupo 1/24 | 178969553 nodos | revisado 0.115%, faltan ~4 días [interior primero 0.115%, interior primero + pieza menos restrictiva 0.027%, reinicios, interior primero 2.6%] (Knuth: ~18.5 h) | máximo colocado 70 de 100 | hilos 8 de 12
    ... 374.5 s | grupo 1/24 | 179962874 nodos | revisado 0.116%, faltan ~4 días [interior primero 0.116%, interior primero + pieza menos restrictiva 0.027%, reinicios, interior primero 2.6%] (Knuth: ~18.5 h) | máximo colocado 70 de 100 | hilos 8 de 12
    ... 376.5 s | grupo 1/24 | 180957932 nodos | revisado 0.120%, faltan ~3 días [interior primero 0.120%, interior primero + pieza menos restrictiva 0.027%, reinicios, interior primero 2.6%] (Knuth: ~18.5 h) | máximo colocado 70 de 100 | hilos 8 de 12
    ... 378.5 s | grupo 1/24 | 181965185 nodos | revisado 0.121%, faltan ~3 días [interior primero 0.121%, interior primero + pieza menos restrictiva 0.027%, reinicios, interior primero 2.6%] (Knuth: ~18.5 h) | máximo colocado 70 de 100 | hilos 8 de 12
    ... 380.5 s | grupo 1/24 | 182984117 nodos | revisado 0.121%, faltan ~4 días [interior primero 0.121%, interior primero + pieza menos restrictiva 0.027%, reinicios, interior primero 2.6%] (Knuth: ~18.5 h) | máximo colocado 70 de 100 | hilos 8 de 12
    ... 382.5 s | grupo 1/24 | 184000384 nodos | revisado 0.121%, faltan ~4 días [interior primero 0.121%, interior primero + pieza menos restrictiva 0.028%, reinicios, interior primero 2.6%] (Knuth: ~18.5 h) | máximo colocado 70 de 100 | hilos 8 de 12
    ... 384.5 s | grupo 1/24 | 184988685 nodos | revisado 0.121%, faltan ~4 días [interior primero 0.121%, interior primero + pieza menos restrictiva 0.028%, reinicios, interior primero 2.6%] (Knuth: ~18.5 h) | máximo colocado 70 de 100 | hilos 8 de 12
    ... 386.5 s | grupo 1/24 | 185985082 nodos | revisado 0.121%, faltan ~4 días [interior primero 0.121%, interior primero + pieza menos restrictiva 0.028%, reinicios, interior primero 2.6%] (Knuth: ~18.5 h) | máximo colocado 70 de 100 | hilos 8 de 12
    ... 388.5 s | grupo 1/24 | 187009942 nodos | revisado 0.121%, faltan ~4 días [interior primero 0.121%, interior primero + pieza menos restrictiva 0.028%, reinicios, interior primero 2.6%] (Knuth: ~18.5 h) | máximo colocado 70 de 100 | hilos 8 de 12
    ... 390.6 s | grupo 1/24 | 188008194 nodos | revisado 0.122%, faltan ~4 días [interior primero 0.122%, interior primero + pieza menos restrictiva 0.028%, reinicios, interior primero 2.6%] (Knuth: ~18.5 h) | máximo colocado 70 de 100 | hilos 8 de 12
    ... 392.6 s | grupo 1/24 | 189022309 nodos | revisado 0.122%, faltan ~4 días [interior primero 0.122%, interior primero + pieza menos restrictiva 0.028%, reinicios, interior primero 2.6%] (Knuth: ~18.5 h) | máximo colocado 70 de 100 | hilos 8 de 12
    ... 394.6 s | grupo 1/24 | 190043943 nodos | revisado 0.122%, faltan ~4 días [interior primero 0.122%, interior primero + pieza menos restrictiva 0.028%, reinicios, interior primero 2.6%] (Knuth: ~18.5 h) | máximo colocado 70 de 100 | hilos 8 de 12
    ... 396.6 s | grupo 1/24 | 191050141 nodos | revisado 0.122%, faltan ~4 días [interior primero 0.122%, interior primero + pieza menos restrictiva 0.028%, reinicios, interior primero 2.7%] (Knuth: ~18.5 h) | máximo colocado 70 de 100 | hilos 8 de 12
    ... 398.6 s | grupo 1/24 | 192052692 nodos | revisado 0.122%, faltan ~4 días [interior primero 0.122%, interior primero + pieza menos restrictiva 0.028%, reinicios, interior primero 2.7%] (Knuth: ~18.5 h) | máximo colocado 70 de 100 | hilos 8 de 12
    ... 400.6 s | grupo 1/24 | 193090137 nodos | revisado 0.122%, faltan ~4 días [interior primero 0.122%, interior primero + pieza menos restrictiva 0.028%, reinicios, interior primero 2.7%] (Knuth: ~18.5 h) | máximo colocado 70 de 100 | hilos 8 de 12
    ... 402.6 s | grupo 1/24 | 194110146 nodos | revisado 0.123%, faltan ~4 días [interior primero 0.123%, interior primero + pieza menos restrictiva 0.028%, reinicios, interior primero 2.7%] (Knuth: ~18.5 h) | máximo colocado 70 de 100 | hilos 8 de 12
    ... 404.6 s | grupo 1/24 | 195122444 nodos | revisado 0.123%, faltan ~4 días [interior primero 0.123%, interior primero + pieza menos restrictiva 0.029%, reinicios, interior primero 2.7%] (Knuth: ~18.5 h) | máximo colocado 70 de 100 | hilos 8 de 12
    ... 406.6 s | grupo 1/24 | 196147510 nodos | revisado 0.123%, faltan ~4 días [interior primero 0.123%, interior primero + pieza menos restrictiva 0.029%, reinicios, interior primero 2.7%] (Knuth: ~18.5 h) | máximo colocado 70 de 100 | hilos 8 de 12
    ... 408.6 s | grupo 1/24 | 197163617 nodos | revisado 0.123%, faltan ~4 días [interior primero 0.123%, interior primero + pieza menos restrictiva 0.029%, reinicios, interior primero 2.7%] (Knuth: ~18.5 h) | máximo colocado 70 de 100 | hilos 8 de 12
    ... 410.7 s | grupo 1/24 | 198191027 nodos | revisado 0.124%, faltan ~4 días [interior primero 0.124%, interior primero + pieza menos restrictiva 0.029%, reinicios, interior primero 2.7%] (Knuth: ~18.5 h) | máximo colocado 70 de 100 | hilos 8 de 12
    ... 412.7 s | grupo 1/24 | 199231207 nodos | revisado 0.124%, faltan ~4 días [interior primero 0.124%, interior primero + pieza menos restrictiva 0.029%, reinicios, interior primero 2.7%] (Knuth: ~18.5 h) | máximo colocado 70 de 100 | hilos 8 de 12
    ... 414.7 s | grupo 1/24 | 200247828 nodos | revisado 0.124%, faltan ~4 días [interior primero 0.124%, interior primero + pieza menos restrictiva 0.029%, reinicios, interior primero 2.7%] (Knuth: ~18.5 h) | máximo colocado 70 de 100 | hilos 8 de 12
    ... 416.7 s | grupo 1/24 | 201220963 nodos | revisado 0.124%, faltan ~4 días [interior primero 0.124%, interior primero + pieza menos restrictiva 0.029%, reinicios, interior primero 2.7%] (Knuth: ~18.5 h) | máximo colocado 70 de 100 | hilos 8 de 12
    ... 418.7 s | grupo 1/24 | 202224854 nodos | revisado 0.124%, faltan ~4 días [interior primero 0.124%, interior primero + pieza menos restrictiva 0.030%, reinicios, interior primero 2.7%] (Knuth: ~18.5 h) | máximo colocado 70 de 100 | hilos 8 de 12
    ... 420.7 s | grupo 1/24 | 203223409 nodos | revisado 0.125%, faltan ~4 días [interior primero 0.125%, interior primero + pieza menos restrictiva 0.030%, reinicios, interior primero 2.7%] (Knuth: ~18.5 h) | máximo colocado 70 de 100 | hilos 8 de 12
    ... 422.7 s | grupo 1/24 | 204227227 nodos | revisado 0.126%, faltan ~4 días [interior primero 0.126%, interior primero + pieza menos restrictiva 0.032%, reinicios, interior primero 2.7%] (Knuth: ~18.5 h) | máximo colocado 70 de 100 | hilos 8 de 12
    ... 424.7 s | grupo 1/24 | 205244267 nodos | revisado 0.126%, faltan ~4 días [interior primero 0.126%, interior primero + pieza menos restrictiva 0.032%, reinicios, interior primero 2.7%] (Knuth: ~18.5 h) | máximo colocado 70 de 100 | hilos 8 de 12
    ... 426.7 s | grupo 1/24 | 206238962 nodos | revisado 0.127%, faltan ~4 días [interior primero 0.127%, interior primero + pieza menos restrictiva 0.032%, reinicios, interior primero 2.7%] (Knuth: ~18.5 h) | máximo colocado 70 de 100 | hilos 8 de 12
    ... 428.7 s | grupo 1/24 | 207245089 nodos | revisado 0.127%, faltan ~4 días [interior primero 0.127%, interior primero + pieza menos restrictiva 0.032%, reinicios, interior primero 2.7%] (Knuth: ~18.5 h) | máximo colocado 70 de 100 | hilos 8 de 12
    ... 430.7 s | grupo 1/24 | 208255125 nodos | revisado 0.127%, faltan ~4 días [interior primero 0.127%, interior primero + pieza menos restrictiva 0.032%, reinicios, interior primero 2.7%] (Knuth: ~18.5 h) | máximo colocado 70 de 100 | hilos 8 de 12
    ... 432.8 s | grupo 1/24 | 209244657 nodos | revisado 0.127%, faltan ~4 días [interior primero 0.127%, interior primero + pieza menos restrictiva 0.032%, reinicios, interior primero 2.7%] (Knuth: ~18.5 h) | máximo colocado 70 de 100 | hilos 8 de 12
    ... 434.8 s | grupo 1/24 | 210234181 nodos | revisado 0.127%, faltan ~4 días [interior primero 0.127%, interior primero + pieza menos restrictiva 0.032%, reinicios, interior primero 2.8%] (Knuth: ~18.5 h) | máximo colocado 70 de 100 | hilos 8 de 12
    ... 436.8 s | grupo 1/24 | 211225608 nodos | revisado 0.127%, faltan ~4 días [interior primero 0.127%, interior primero + pieza menos restrictiva 0.032%, reinicios, interior primero 2.8%] (Knuth: ~18.5 h) | máximo colocado 70 de 100 | hilos 8 de 12
    ... 438.8 s | grupo 1/24 | 212233649 nodos | revisado 0.127%, faltan ~4 días [interior primero 0.127%, interior primero + pieza menos restrictiva 0.032%, reinicios, interior primero 2.8%] (Knuth: ~18.5 h) | máximo colocado 70 de 100 | hilos 8 de 12
    ... 440.8 s | grupo 1/24 | 213231588 nodos | revisado 0.127%, faltan ~4 días [interior primero 0.127%, interior primero + pieza menos restrictiva 0.032%, reinicios, interior primero 2.8%] (Knuth: ~18.5 h) | máximo colocado 70 de 100 | hilos 8 de 12
    ... 442.8 s | grupo 1/24 | 214237214 nodos | revisado 0.128%, faltan ~4 días [interior primero 0.128%, interior primero + pieza menos restrictiva 0.032%, reinicios, interior primero 2.8%] (Knuth: ~18.5 h) | máximo colocado 70 de 100 | hilos 8 de 12
    ... 444.8 s | grupo 1/24 | 215212311 nodos | revisado 0.128%, faltan ~4 días [interior primero 0.128%, interior primero + pieza menos restrictiva 0.033%, reinicios, interior primero 2.8%] (Knuth: ~18.5 h) | máximo colocado 70 de 100 | hilos 8 de 12
    ... 446.8 s | grupo 1/24 | 216179297 nodos | revisado 0.128%, faltan ~4 días [interior primero 0.128%, interior primero + pieza menos restrictiva 0.033%, reinicios, interior primero 2.8%] (Knuth: ~18.5 h) | máximo colocado 70 de 100 | hilos 8 de 12
    ... 448.8 s | grupo 1/24 | 217171886 nodos | revisado 0.128%, faltan ~4 días [interior primero 0.128%, interior primero + pieza menos restrictiva 0.033%, reinicios, interior primero 2.8%] (Knuth: ~18.5 h) | máximo colocado 70 de 100 | hilos 8 de 12
    ... 450.8 s | grupo 1/24 | 218139500 nodos | revisado 0.129%, faltan ~4 días [interior primero 0.129%, interior primero + pieza menos restrictiva 0.033%, reinicios, interior primero 2.9%] (Knuth: ~18.5 h) | máximo colocado 70 de 100 | hilos 8 de 12
    ... 452.9 s | grupo 1/24 | 219126886 nodos | revisado 0.129%, faltan ~4 días [interior primero 0.129%, interior primero + pieza menos restrictiva 0.033%, reinicios, interior primero 2.9%] (Knuth: ~18.5 h) | máximo colocado 70 de 100 | hilos 8 de 12
    ... 454.9 s | grupo 1/24 | 220108133 nodos | revisado 0.129%, faltan ~4 días [interior primero 0.129%, interior primero + pieza menos restrictiva 0.033%, reinicios, interior primero 2.9%] (Knuth: ~18.5 h) | máximo colocado 70 de 100 | hilos 8 de 12
    ... 456.9 s | grupo 1/24 | 221085562 nodos | revisado 0.130%, faltan ~4 días [interior primero 0.130%, interior primero + pieza menos restrictiva 0.033%, reinicios, interior primero 2.9%] (Knuth: ~18.5 h) | máximo colocado 70 de 100 | hilos 8 de 12
    ... 458.9 s | grupo 1/24 | 222091809 nodos | revisado 0.130%, faltan ~4 días [interior primero 0.130%, interior primero + pieza menos restrictiva 0.033%, reinicios, interior primero 2.9%] (Knuth: ~18.5 h) | máximo colocado 70 de 100 | hilos 8 de 12
    ... 460.9 s | grupo 1/24 | 223088702 nodos | revisado 0.130%, faltan ~4 días [interior primero 0.130%, interior primero + pieza menos restrictiva 0.033%, reinicios, interior primero 2.9%] (Knuth: ~18.5 h) | máximo colocado 70 de 100 | hilos 8 de 12

*** Detenido por el archivo DETENER ***
