[0] Tablero 9x9, 12 colores, 12 hilos
[1] Con piezas fijas: las 4 esquinas se prueban arriba a la izquierda. 12 grupos, orden por coste: 6.54e+25 6.54e+25 6.54e+25 6.54e+25 6.54e+25 6.54e+25 6.54e+25 6.54e+25 6.57e+25 6.57e+25 6.57e+25 6.57e+25
    grupo 1, orden menos opciones: estimado 4.21e+07 nodos
    grupo 1, orden interior primero: estimado 8.69e+05 nodos
    grupo 2, orden menos opciones: estimado 3.7e+07 nodos
    grupo 2, orden interior primero: estimado 8.64e+05 nodos
    grupo 3, orden menos opciones: estimado 1.38e+07 nodos
    grupo 3, orden interior primero: estimado 8.98e+05 nodos
    grupo 4, orden menos opciones: estimado 3.5e+07 nodos
    grupo 4, orden interior primero: estimado 9.51e+05 nodos
    grupo 5, orden menos opciones: estimado 8.72e+07 nodos
    grupo 5, orden interior primero: estimado 7.18e+05 nodos
    grupo 6, orden menos opciones: estimado 1.01e+07 nodos
    grupo 6, orden interior primero: estimado 9.56e+05 nodos
    grupo 7, orden menos opciones: estimado 5.34e+07 nodos
    grupo 7, orden interior primero: estimado 8.6e+05 nodos
    grupo 8, orden menos opciones: estimado 5.22e+07 nodos
    grupo 8, orden interior primero: estimado 7.97e+05 nodos
    grupo 9, orden menos opciones: estimado 2.65e+07 nodos
    grupo 9, orden interior primero: estimado 9.76e+05 nodos
    grupo 10, orden menos opciones: estimado 1.62e+08 nodos
    grupo 10, orden interior primero: estimado 7.78e+05 nodos
    grupo 11, orden menos opciones: estimado 2.57e+07 nodos
    grupo 11, orden interior primero: estimado 7.32e+05 nodos
    grupo 12, orden menos opciones: estimado 5.01e+07 nodos
    grupo 12, orden interior primero: estimado 9.09e+05 nodos
[1] Estimado de Knuth por grupo (nodos): 8.69e+05(i) 8.64e+05(i) 8.98e+05(i) 9.51e+05(i) 7.18e+05(i) 9.56e+05(i) 8.6e+05(i) 7.97e+05(i) 9.76e+05(i) 7.78e+05(i) 7.32e+05(i) 9.09e+05(i)   (i) = interior primero
[2] Grupo 1/12: ruta unificada (mapas por lado, con piezas fijas), orden: interior primero
[4] Grupo 1: sin solución
[2] Grupo 2/12: ruta unificada (mapas por lado, con piezas fijas), orden: interior primero
[4] Grupo 2: sin solución
[2] Grupo 3/12: ruta unificada (mapas por lado, con piezas fijas), orden: interior primero
[4] Grupo 3: sin solución
[2] Grupo 4/12: ruta unificada (mapas por lado, con piezas fijas), orden: interior primero
[4] Grupo 4: sin solución
[2] Grupo 5/12: ruta unificada (mapas por lado, con piezas fijas), orden: interior primero
[4] Grupo 5: sin solución
[2] Grupo 6/12: ruta unificada (mapas por lado, con piezas fijas), orden: interior primero
[4] Grupo 6: sin solución
[2] Grupo 7/12: ruta unificada (mapas por lado, con piezas fijas), orden: interior primero
[4] Grupo 7: sin solución
[2] Grupo 8/12: ruta unificada (mapas por lado, con piezas fijas), orden: interior primero
[4] Grupo 8: sin solución
[2] Grupo 9/12: ruta unificada (mapas por lado, con piezas fijas), orden: interior primero
[4] Grupo 9: sin solución
[2] Grupo 10/12: ruta unificada (mapas por lado, con piezas fijas), orden: interior primero
[4] Grupo 10: sin solución
[2] Grupo 11/12: ruta unificada (mapas por lado, con piezas fijas), orden: interior primero
[4] Grupo 11: sin solución
[2] Grupo 12/12: ruta unificada (mapas por lado, con piezas fijas), orden: interior primero
[4] Grupo 12: SOLUCIÓN. Verificación: OK
[5] Tiempo total: 26 s
RESULTADO resuelto=1 ms=25538.2 marcos=0 nodos=10767483 grupos=12/12 hilos=12 t_marcos=0.000 t_interior=18.205 lados=0 unificado=1 max_colocadas=81
