[0] Tablero 9x9, 12 colores, 12 hilos
[1] Con piezas fijas: las 4 esquinas se prueban arriba a la izquierda. 12 grupos, orden por coste: 2.23e+25 2.23e+25 2.23e+25 2.23e+25 2.23e+25 2.23e+25 2.23e+25 2.23e+25 2.23e+25 2.23e+25 2.23e+25 2.23e+25
    grupo 1, orden menos opciones: estimado 1.64e+08 nodos
    grupo 1, orden interior primero: estimado 1.69e+07 nodos
    grupo 2, orden menos opciones: estimado 6.62e+08 nodos
    grupo 2, orden interior primero: estimado 1.35e+07 nodos
    grupo 3, orden menos opciones: estimado 1.51e+08 nodos
    grupo 3, orden interior primero: estimado 1.04e+07 nodos
    grupo 4, orden menos opciones: estimado 5.52e+08 nodos
    grupo 4, orden interior primero: estimado 1.37e+07 nodos
    grupo 5, orden menos opciones: estimado 1.24e+08 nodos
    grupo 5, orden interior primero: estimado 1.2e+07 nodos
    grupo 6, orden menos opciones: estimado 2.66e+08 nodos
    grupo 6, orden interior primero: estimado 1.71e+07 nodos
    grupo 7, orden menos opciones: estimado 1.36e+08 nodos
    grupo 7, orden interior primero: estimado 1.63e+07 nodos
    grupo 8, orden menos opciones: estimado 5.37e+08 nodos
    grupo 8, orden interior primero: estimado 1.68e+07 nodos
    grupo 9, orden menos opciones: estimado 1.52e+08 nodos
    grupo 9, orden interior primero: estimado 1.23e+07 nodos
    grupo 10, orden menos opciones: estimado 1.18e+08 nodos
    grupo 10, orden interior primero: estimado 1.23e+07 nodos
    grupo 11, orden menos opciones: estimado 7.31e+07 nodos
    grupo 11, orden interior primero: estimado 1.2e+07 nodos
    grupo 12, orden menos opciones: estimado 9.33e+07 nodos
    grupo 12, orden interior primero: estimado 1.14e+07 nodos
[1] Estimado de Knuth por grupo (nodos): 1.69e+07(i) 1.35e+07(i) 1.04e+07(i) 1.37e+07(i) 1.2e+07(i) 1.71e+07(i) 1.63e+07(i) 1.68e+07(i) 1.23e+07(i) 1.23e+07(i) 1.2e+07(i) 1.14e+07(i)   (i) = interior primero
[2] Grupo 1/12: ruta unificada (mapas por lado, con piezas fijas), orden: interior primero
    ... 9.3 s | grupo 1/12 | 1471077 nodos | revisado 9.0%, faltan ~20 s (Knuth: ~21 s) | máximo colocado 57 de 81 | hilos 12 de 12
    ... 11.3 s | grupo 1/12 | 2948826 nodos | revisado 19.4%, faltan ~17 s (Knuth: ~19 s) | máximo colocado 57 de 81 | hilos 12 de 12
    ... 13.3 s | grupo 1/12 | 4417323 nodos | revisado 28.9%, faltan ~15 s (Knuth: ~17 s) | máximo colocado 57 de 81 | hilos 12 de 12
    ... 15.3 s | grupo 1/12 | 5871641 nodos | revisado 40.5%, faltan ~12 s (Knuth: ~15 s) | máximo colocado 57 de 81 | hilos 12 de 12
    ... 17.4 s | grupo 1/12 | 7314547 nodos | revisado 46.2%, faltan ~12 s (Knuth: ~13 s) | máximo colocado 57 de 81 | hilos 12 de 12
    ... 19.4 s | grupo 1/12 | 8755032 nodos | revisado 55.9%, faltan ~10 s (Knuth: ~11 s) | máximo colocado 57 de 81 | hilos 12 de 12
    ... 21.4 s | grupo 1/12 | 10208560 nodos | revisado 67.7%, faltan ~7 s (Knuth: ~9 s) | máximo colocado 57 de 81 | hilos 12 de 12
    ... 23.4 s | grupo 1/12 | 11665228 nodos | revisado 75.1%, faltan ~5 s (Knuth: ~7 s) | máximo colocado 57 de 81 | hilos 12 de 12
    ... 25.4 s | grupo 1/12 | 13113650 nodos | revisado 82.8%, faltan ~4 s (Knuth: ~5 s) | máximo colocado 57 de 81 | hilos 12 de 12
    ... 27.4 s | grupo 1/12 | 14561878 nodos | revisado 88.8%, faltan ~3 s (Knuth: ~3 s) | máximo colocado 57 de 81 | hilos 12 de 12
    ... 29.4 s | grupo 1/12 | 16028947 nodos | revisado 92.9%, faltan ~2 s (Knuth: ~1 s) | máximo colocado 57 de 81 | hilos 12 de 12
    ... 31.4 s | grupo 1/12 | 17476882 nodos | revisado 99.4%, faltan ~0 s (Knuth: ~pasó el estimado) | máximo colocado 57 de 81 | hilos 12 de 12
[4] Grupo 1: sin solución
[2] Grupo 2/12: ruta unificada (mapas por lado, con piezas fijas), orden: interior primero
    ... 34.9 s | grupo 2/12 | 1472011 nodos | revisado 8.7%, faltan ~21 s (Knuth: ~16 s) | máximo colocado 55 de 81 | hilos 12 de 12
    ... 36.9 s | grupo 2/12 | 2959205 nodos | revisado 16.8%, faltan ~20 s (Knuth: ~14 s) | máximo colocado 56 de 81 | hilos 12 de 12
    ... 38.9 s | grupo 2/12 | 4450126 nodos | revisado 26.7%, faltan ~17 s (Knuth: ~12 s) | máximo colocado 57 de 81 | hilos 12 de 12
    ... 40.9 s | grupo 2/12 | 5915283 nodos | revisado 36.1%, faltan ~14 s (Knuth: ~10 s) | máximo colocado 57 de 81 | hilos 12 de 12
    ... 42.9 s | grupo 2/12 | 7352330 nodos | revisado 43.4%, faltan ~13 s (Knuth: ~8 s) | máximo colocado 57 de 81 | hilos 12 de 12
    ... 44.9 s | grupo 2/12 | 8813150 nodos | revisado 50.5%, faltan ~12 s (Knuth: ~6 s) | máximo colocado 57 de 81 | hilos 12 de 12
    ... 47.0 s | grupo 2/12 | 10275830 nodos | revisado 61.6%, faltan ~9 s (Knuth: ~4 s) | máximo colocado 58 de 81 | hilos 12 de 12
    ... 49.0 s | grupo 2/12 | 11733911 nodos | revisado 71.2%, faltan ~7 s (Knuth: ~2 s) | máximo colocado 58 de 81 | hilos 12 de 12
    ... 51.0 s | grupo 2/12 | 13199034 nodos | revisado 79.9%, faltan ~5 s (Knuth: ~0 s) | máximo colocado 58 de 81 | hilos 12 de 12
    ... 53.0 s | grupo 2/12 | 14665226 nodos | revisado 87.2%, faltan ~3 s (Knuth: ~pasó el estimado) | máximo colocado 58 de 81 | hilos 12 de 12
    ... 55.0 s | grupo 2/12 | 16144325 nodos | revisado 91.7%, faltan ~2 s (Knuth: ~pasó el estimado) | máximo colocado 58 de 81 | hilos 12 de 12
    ... 57.0 s | grupo 2/12 | 17612520 nodos | revisado 94.6%, faltan ~1 s (Knuth: ~pasó el estimado) | máximo colocado 58 de 81 | hilos 12 de 12
    ... 59.0 s | grupo 2/12 | 19088053 nodos | revisado 99.8%, faltan ~0 s (Knuth: ~pasó el estimado) | máximo colocado 58 de 81 | hilos 12 de 12
[4] Grupo 2: sin solución
[2] Grupo 3/12: ruta unificada (mapas por lado, con piezas fijas), orden: interior primero
    ... 62.0 s | grupo 3/12 | 1476317 nodos | revisado 9.3%, faltan ~20 s (Knuth: ~12 s) | máximo colocado 54 de 81 | hilos 12 de 12
    ... 64.0 s | grupo 3/12 | 2938435 nodos | revisado 19.5%, faltan ~17 s (Knuth: ~10 s) | máximo colocado 55 de 81 | hilos 12 de 12
    ... 66.0 s | grupo 3/12 | 4412649 nodos | revisado 31.4%, faltan ~13 s (Knuth: ~8 s) | máximo colocado 56 de 81 | hilos 12 de 12
    ... 68.0 s | grupo 3/12 | 5876646 nodos | revisado 43.0%, faltan ~11 s (Knuth: ~6 s) | máximo colocado 56 de 81 | hilos 12 de 12
    ... 70.0 s | grupo 3/12 | 7312836 nodos | revisado 49.8%, faltan ~10 s (Knuth: ~4 s) | máximo colocado 56 de 81 | hilos 12 de 12
    ... 72.0 s | grupo 3/12 | 8754863 nodos | revisado 58.8%, faltan ~8 s (Knuth: ~2 s) | máximo colocado 56 de 81 | hilos 12 de 12
    ... 74.1 s | grupo 3/12 | 10205986 nodos | revisado 72.3%, faltan ~5 s (Knuth: ~0 s) | máximo colocado 56 de 81 | hilos 12 de 12
    ... 76.1 s | grupo 3/12 | 11662969 nodos | revisado 80.1%, faltan ~4 s (Knuth: ~pasó el estimado) | máximo colocado 56 de 81 | hilos 12 de 12
    ... 78.1 s | grupo 3/12 | 13118519 nodos | revisado 86.8%, faltan ~3 s (Knuth: ~pasó el estimado) | máximo colocado 56 de 81 | hilos 12 de 12
    ... 80.1 s | grupo 3/12 | 14581043 nodos | revisado 91.6%, faltan ~2 s (Knuth: ~pasó el estimado) | máximo colocado 56 de 81 | hilos 12 de 12
    ... 82.1 s | grupo 3/12 | 16055985 nodos | revisado 97.0%, faltan ~1 s (Knuth: ~pasó el estimado) | máximo colocado 56 de 81 | hilos 12 de 12
    ... 84.1 s | grupo 3/12 | 17526415 nodos | revisado 100.0%, faltan ~0 s (Knuth: ~pasó el estimado) | máximo colocado 57 de 81 | hilos 12 de 12
[4] Grupo 3: sin solución
[2] Grupo 4/12: ruta unificada (mapas por lado, con piezas fijas), orden: interior primero
    ... 86.7 s | grupo 4/12 | 1483426 nodos | revisado 8.4%, faltan ~22 s (Knuth: ~17 s) | máximo colocado 55 de 81 | hilos 12 de 12
    ... 88.7 s | grupo 4/12 | 2975456 nodos | revisado 18.7%, faltan ~18 s (Knuth: ~15 s) | máximo colocado 55 de 81 | hilos 12 de 12
    ... 90.8 s | grupo 4/12 | 4446891 nodos | revisado 28.1%, faltan ~15 s (Knuth: ~13 s) | máximo colocado 56 de 81 | hilos 12 de 12
    ... 92.8 s | grupo 4/12 | 5881379 nodos | revisado 37.0%, faltan ~14 s (Knuth: ~11 s) | máximo colocado 56 de 81 | hilos 12 de 12
    ... 94.8 s | grupo 4/12 | 7328143 nodos | revisado 44.1%, faltan ~13 s (Knuth: ~9 s) | máximo colocado 56 de 81 | hilos 12 de 12
    ... 96.8 s | grupo 4/12 | 8789604 nodos | revisado 52.4%, faltan ~11 s (Knuth: ~7 s) | máximo colocado 56 de 81 | hilos 12 de 12
    ... 98.8 s | grupo 4/12 | 10264168 nodos | revisado 62.7%, faltan ~8 s (Knuth: ~5 s) | máximo colocado 56 de 81 | hilos 12 de 12
    ... 100.8 s | grupo 4/12 | 11716470 nodos | revisado 75.5%, faltan ~5 s (Knuth: ~3 s) | máximo colocado 56 de 81 | hilos 12 de 12
    ... 102.8 s | grupo 4/12 | 13169384 nodos | revisado 81.5%, faltan ~4 s (Knuth: ~1 s) | máximo colocado 56 de 81 | hilos 12 de 12
    ... 104.8 s | grupo 4/12 | 14642345 nodos | revisado 87.0%, faltan ~3 s (Knuth: ~pasó el estimado) | máximo colocado 56 de 81 | hilos 12 de 12
    ... 106.8 s | grupo 4/12 | 16097071 nodos | revisado 91.3%, faltan ~2 s (Knuth: ~pasó el estimado) | máximo colocado 56 de 81 | hilos 12 de 12
    ... 108.8 s | grupo 4/12 | 17590721 nodos | revisado 98.2%, faltan ~0 s (Knuth: ~pasó el estimado) | máximo colocado 58 de 81 | hilos 12 de 12
    ... 110.8 s | grupo 4/12 | 19059869 nodos | revisado 99.7%, faltan ~0 s (Knuth: ~pasó el estimado) | máximo colocado 58 de 81 | hilos 12 de 12
[4] Grupo 4: sin solución
[2] Grupo 5/12: ruta unificada (mapas por lado, con piezas fijas), orden: interior primero
    ... 113.3 s | grupo 5/12 | 1459317 nodos | revisado 12.0%, faltan ~15 s (Knuth: ~14 s) | máximo colocado 55 de 81 | hilos 12 de 12
    ... 115.3 s | grupo 5/12 | 2949362 nodos | revisado 24.3%, faltan ~12 s (Knuth: ~12 s) | máximo colocado 56 de 81 | hilos 12 de 12
    ... 117.3 s | grupo 5/12 | 4406602 nodos | revisado 31.9%, faltan ~13 s (Knuth: ~10 s) | máximo colocado 56 de 81 | hilos 12 de 12
    ... 119.3 s | grupo 5/12 | 5853293 nodos | revisado 41.5%, faltan ~11 s (Knuth: ~8 s) | máximo colocado 56 de 81 | hilos 12 de 12
    ... 121.3 s | grupo 5/12 | 7312103 nodos | revisado 53.5%, faltan ~9 s (Knuth: ~6 s) | máximo colocado 56 de 81 | hilos 12 de 12
    ... 123.3 s | grupo 5/12 | 8763529 nodos | revisado 65.4%, faltan ~6 s (Knuth: ~4 s) | máximo colocado 56 de 81 | hilos 12 de 12
    ... 125.3 s | grupo 5/12 | 10236781 nodos | revisado 75.8%, faltan ~4 s (Knuth: ~2 s) | máximo colocado 56 de 81 | hilos 12 de 12
    ... 127.3 s | grupo 5/12 | 11713580 nodos | revisado 84.0%, faltan ~3 s (Knuth: ~0 s) | máximo colocado 56 de 81 | hilos 12 de 12
    ... 129.3 s | grupo 5/12 | 13194850 nodos | revisado 88.8%, faltan ~2 s (Knuth: ~pasó el estimado) | máximo colocado 56 de 81 | hilos 12 de 12
    ... 131.4 s | grupo 5/12 | 14654933 nodos | revisado 97.2%, faltan ~1 s (Knuth: ~pasó el estimado) | máximo colocado 56 de 81 | hilos 12 de 12
[4] Grupo 5: sin solución
[2] Grupo 6/12: ruta unificada (mapas por lado, con piezas fijas), orden: interior primero
    ... 135.3 s | grupo 6/12 | 1466892 nodos | revisado 11.3%, faltan ~16 s (Knuth: ~21 s) | máximo colocado 55 de 81 | hilos 12 de 12
    ... 137.3 s | grupo 6/12 | 2883970 nodos | revisado 21.7%, faltan ~15 s (Knuth: ~20 s) | máximo colocado 55 de 81 | hilos 12 de 12
    ... 139.3 s | grupo 6/12 | 4322074 nodos | revisado 31.1%, faltan ~13 s (Knuth: ~18 s) | máximo colocado 56 de 81 | hilos 12 de 12
    ... 141.3 s | grupo 6/12 | 5763103 nodos | revisado 40.9%, faltan ~12 s (Knuth: ~16 s) | máximo colocado 57 de 81 | hilos 12 de 12
    ... 143.3 s | grupo 6/12 | 7229296 nodos | revisado 50.6%, faltan ~10 s (Knuth: ~14 s) | máximo colocado 57 de 81 | hilos 12 de 12
    ... 145.3 s | grupo 6/12 | 8692771 nodos | revisado 59.7%, faltan ~8 s (Knuth: ~12 s) | máximo colocado 57 de 81 | hilos 12 de 12
    ... 147.3 s | grupo 6/12 | 10159627 nodos | revisado 73.5%, faltan ~5 s (Knuth: ~10 s) | máximo colocado 58 de 81 | hilos 12 de 12
    ... 149.3 s | grupo 6/12 | 11612363 nodos | revisado 81.4%, faltan ~4 s (Knuth: ~8 s) | máximo colocado 58 de 81 | hilos 12 de 12
    ... 151.3 s | grupo 6/12 | 13086786 nodos | revisado 89.2%, faltan ~2 s (Knuth: ~6 s) | máximo colocado 58 de 81 | hilos 12 de 12
    ... 153.3 s | grupo 6/12 | 14549877 nodos | revisado 96.9%, faltan ~1 s (Knuth: ~4 s) | máximo colocado 58 de 81 | hilos 12 de 12
    ... 155.3 s | grupo 6/12 | 16042988 nodos | revisado 100.0%, faltan ~0 s (Knuth: ~2 s) | máximo colocado 58 de 81 | hilos 12 de 12
[4] Grupo 6: sin solución
[2] Grupo 7/12: ruta unificada (mapas por lado, con piezas fijas), orden: interior primero
    ... 157.4 s | grupo 7/12 | 1442373 nodos | revisado 14.1%, faltan ~12 s (Knuth: ~21 s) | máximo colocado 54 de 81 | hilos 12 de 12
    ... 159.4 s | grupo 7/12 | 2919121 nodos | revisado 25.2%, faltan ~12 s (Knuth: ~18 s) | máximo colocado 55 de 81 | hilos 12 de 12
    ... 161.4 s | grupo 7/12 | 4389575 nodos | revisado 36.6%, faltan ~10 s (Knuth: ~16 s) | máximo colocado 56 de 81 | hilos 12 de 12
    ... 163.4 s | grupo 7/12 | 5842021 nodos | revisado 46.3%, faltan ~9 s (Knuth: ~14 s) | máximo colocado 56 de 81 | hilos 12 de 12
    ... 165.5 s | grupo 7/12 | 7293837 nodos | revisado 54.8%, faltan ~8 s (Knuth: ~12 s) | máximo colocado 56 de 81 | hilos 12 de 12
    ... 167.5 s | grupo 7/12 | 8738516 nodos | revisado 61.1%, faltan ~8 s (Knuth: ~10 s) | máximo colocado 56 de 81 | hilos 12 de 12
    ... 169.5 s | grupo 7/12 | 10188992 nodos | revisado 67.9%, faltan ~7 s (Knuth: ~8 s) | máximo colocado 56 de 81 | hilos 12 de 12
    ... 171.5 s | grupo 7/12 | 11659624 nodos | revisado 75.7%, faltan ~5 s (Knuth: ~6 s) | máximo colocado 56 de 81 | hilos 12 de 12
    ... 173.5 s | grupo 7/12 | 13118862 nodos | revisado 82.5%, faltan ~4 s (Knuth: ~4 s) | máximo colocado 57 de 81 | hilos 12 de 12
    ... 175.5 s | grupo 7/12 | 14583507 nodos | revisado 88.8%, faltan ~3 s (Knuth: ~2 s) | máximo colocado 57 de 81 | hilos 12 de 12
    ... 177.5 s | grupo 7/12 | 16046801 nodos | revisado 93.9%, faltan ~1 s (Knuth: ~0 s) | máximo colocado 57 de 81 | hilos 12 de 12
    ... 179.5 s | grupo 7/12 | 17530715 nodos | revisado 98.6%, faltan ~0 s (Knuth: ~pasó el estimado) | máximo colocado 57 de 81 | hilos 12 de 12
[4] Grupo 7: sin solución
[2] Grupo 8/12: ruta unificada (mapas por lado, con piezas fijas), orden: interior primero
    ... 183.0 s | grupo 8/12 | 1449291 nodos | revisado 12.9%, faltan ~14 s (Knuth: ~21 s) | máximo colocado 58 de 81 | hilos 12 de 12
    ... 185.0 s | grupo 8/12 | 2928180 nodos | revisado 23.6%, faltan ~13 s (Knuth: ~19 s) | máximo colocado 58 de 81 | hilos 12 de 12
    ... 187.0 s | grupo 8/12 | 4396493 nodos | revisado 35.0%, faltan ~11 s (Knuth: ~17 s) | máximo colocado 58 de 81 | hilos 12 de 12
    ... 189.0 s | grupo 8/12 | 5859398 nodos | revisado 45.2%, faltan ~10 s (Knuth: ~15 s) | máximo colocado 58 de 81 | hilos 12 de 12
    ... 191.0 s | grupo 8/12 | 7316572 nodos | revisado 51.6%, faltan ~9 s (Knuth: ~13 s) | máximo colocado 58 de 81 | hilos 12 de 12
    ... 193.1 s | grupo 8/12 | 8779346 nodos | revisado 57.7%, faltan ~9 s (Knuth: ~11 s) | máximo colocado 58 de 81 | hilos 12 de 12
[4] Grupo 8: SOLUCIÓN. Verificación: OK
[5] Tiempo total: 3 min
RESULTADO resuelto=1 ms=193683.8 marcos=0 nodos=135586346 grupos=8/12 hilos=12 t_marcos=0.000 t_interior=186.364 lados=0 unificado=1 max_colocadas=81
