[0] Tablero 9x9, 12 colores, 12 hilos
[1] Con piezas fijas: las 4 esquinas se prueban arriba a la izquierda. 12 grupos, orden por coste: 2.35e+26 2.35e+26 2.35e+26 2.35e+26 2.35e+26 2.35e+26 2.35e+26 2.35e+26 2.35e+26 2.35e+26 2.35e+26 2.35e+26
    grupo 1, orden menos opciones: estimado 6.01e+07 nodos
    grupo 1, orden interior primero: estimado 2.03e+06 nodos
    grupo 2, orden menos opciones: estimado 6.93e+07 nodos
    grupo 2, orden interior primero: estimado 1.95e+06 nodos
    grupo 3, orden menos opciones: estimado 4.15e+07 nodos
    grupo 3, orden interior primero: estimado 1.49e+06 nodos
    grupo 4, orden menos opciones: estimado 3.37e+07 nodos
    grupo 4, orden interior primero: estimado 1.71e+06 nodos
    grupo 5, orden menos opciones: estimado 4.94e+07 nodos
    grupo 5, orden interior primero: estimado 1.81e+06 nodos
    grupo 6, orden menos opciones: estimado 2.04e+07 nodos
    grupo 6, orden interior primero: estimado 2.41e+06 nodos
    grupo 7, orden menos opciones: estimado 4.68e+07 nodos
    grupo 7, orden interior primero: estimado 1.68e+06 nodos
    grupo 8, orden menos opciones: estimado 1.42e+07 nodos
    grupo 8, orden interior primero: estimado 1.35e+06 nodos
    grupo 9, orden menos opciones: estimado 3.2e+07 nodos
    grupo 9, orden interior primero: estimado 1.06e+06 nodos
    grupo 10, orden menos opciones: estimado 2.31e+07 nodos
    grupo 10, orden interior primero: estimado 1.37e+06 nodos
    grupo 11, orden menos opciones: estimado 1.4e+07 nodos
    grupo 11, orden interior primero: estimado 2.03e+06 nodos
    grupo 12, orden menos opciones: estimado 2.78e+07 nodos
    grupo 12, orden interior primero: estimado 2.45e+06 nodos
[1] Estimado de Knuth por grupo (nodos): 2.03e+06(i) 1.95e+06(i) 1.49e+06(i) 1.71e+06(i) 1.81e+06(i) 2.41e+06(i) 1.68e+06(i) 1.35e+06(i) 1.06e+06(i) 1.37e+06(i) 2.03e+06(i) 2.45e+06(i)   (i) = interior primero
[2] Grupo 1/12: ruta unificada (mapas por lado, con piezas fijas), orden: interior primero
    ... 9.3 s | grupo 1/12 | 1339115 nodos | revisado 70.9%, faltan ~1 s (Knuth: ~1 s) | máximo colocado 50 de 81 | hilos 12 de 12
[4] Grupo 1: sin solución
[2] Grupo 2/12: ruta unificada (mapas por lado, con piezas fijas), orden: interior primero
    ... 12.8 s | grupo 2/12 | 1342118 nodos | revisado 76.9%, faltan ~1 s (Knuth: ~1 s) | máximo colocado 52 de 81 | hilos 12 de 12
[4] Grupo 2: sin solución
[2] Grupo 3/12: ruta unificada (mapas por lado, con piezas fijas), orden: interior primero
    ... 15.7 s | grupo 3/12 | 1332922 nodos | revisado 73.4%, faltan ~1 s (Knuth: ~0 s) | máximo colocado 51 de 81 | hilos 12 de 12
[4] Grupo 3: sin solución
[2] Grupo 4/12: ruta unificada (mapas por lado, con piezas fijas), orden: interior primero
    ... 18.6 s | grupo 4/12 | 1330429 nodos | revisado 86.8%, faltan ~0 s (Knuth: ~1 s) | máximo colocado 51 de 81 | hilos 12 de 12
[4] Grupo 4: SOLUCIÓN. Verificación: OK
[5] Tiempo total: 19 s
RESULTADO resuelto=1 ms=18977.1 marcos=0 nodos=7719958 grupos=4/12 hilos=12 t_marcos=0.000 t_interior=11.668 lados=0 unificado=1 max_colocadas=81
