[0] Tablero 10x10, 13 colores, 12 hilos
[1] Con piezas fijas: las 4 esquinas se prueban arriba a la izquierda. 6 grupos, orden por coste: 1.59e+31 1.59e+31 1.59e+31 1.59e+31 1.59e+31 1.59e+31
    grupo 1, orden menos opciones: estimado 1.84e+11 nodos
    grupo 1, orden interior primero: estimado 2.46e+10 nodos
    grupo 2, orden menos opciones: estimado 3.42e+10 nodos
    grupo 2, orden interior primero: estimado 6.82e+09 nodos
    grupo 3, orden menos opciones: estimado 4.37e+10 nodos
    grupo 3, orden interior primero: estimado 4.16e+09 nodos
    grupo 4, orden menos opciones: estimado 1.23e+12 nodos
    grupo 4, orden interior primero: estimado 1.09e+10 nodos
    grupo 5, orden menos opciones: estimado 4.26e+11 nodos
    grupo 5, orden interior primero: estimado 8.28e+09 nodos
    grupo 6, orden menos opciones: estimado 1.39e+11 nodos
    grupo 6, orden interior primero: estimado 4.77e+09 nodos
[1] Estimado de Knuth por grupo (nodos): 2.46e+10(i) 6.82e+09(i) 4.16e+09(i) 1.09e+10(i) 8.28e+09(i) 4.77e+09(i)   (i) = interior primero
[2] Grupo 1/6: ruta unificada (mapas por lado, con piezas fijas), orden: interior primero; grupo grande: 3 estrategias a la vez (normal, pieza menos restrictiva, reinicios)
    ... 5.7 s | grupo 1/6 | 872415 nodos | revisado 0.026%, faltan ~2.2 h [interior primero 0.026%, interior primero + pieza menos restrictiva 1.35e-04%, reinicios, interior primero 0.021%] (Knuth: ~15.8 h) | máximo colocado 67 de 100 | hilos 8 de 12
    ... 7.7 s | grupo 1/6 | 1737165 nodos | revisado 0.038%, faltan ~3.0 h [interior primero 0.038%, interior primero + pieza menos restrictiva 2.65e-04%, reinicios, interior primero 1.1%] (Knuth: ~15.8 h) | máximo colocado 67 de 100 | hilos 8 de 12
    ... 9.7 s | grupo 1/6 | 2627819 nodos | revisado 0.050%, faltan ~3.3 h [interior primero 0.050%, interior primero + pieza menos restrictiva 3.61e-04%, reinicios, interior primero 1.1%] (Knuth: ~15.7 h) | máximo colocado 67 de 100 | hilos 8 de 12
    ... 11.7 s | grupo 1/6 | 3562468 nodos | revisado 0.053%, faltan ~4.2 h [interior primero 0.053%, interior primero + pieza menos restrictiva 7.49e-04%, reinicios, interior primero 1.6%] (Knuth: ~15.4 h) | máximo colocado 67 de 100 | hilos 8 de 12
    ... 13.8 s | grupo 1/6 | 4515637 nodos | revisado 0.056%, faltan ~5.0 h [interior primero 0.056%, interior primero + pieza menos restrictiva 1.36e-03%, reinicios, interior primero 1.6%] (Knuth: ~15.2 h) | máximo colocado 67 de 100 | hilos 8 de 12
    ... 15.8 s | grupo 1/6 | 5456537 nodos | revisado 0.071%, faltan ~4.7 h [interior primero 0.071%, interior primero + pieza menos restrictiva 2.37e-03%, reinicios, interior primero 1.6%] (Knuth: ~15.1 h) | máximo colocado 67 de 100 | hilos 8 de 12
    ... 17.8 s | grupo 1/6 | 6417394 nodos | revisado 0.091%, faltan ~4.3 h [interior primero 0.091%, interior primero + pieza menos restrictiva 2.88e-03%, reinicios, interior primero 1.7%] (Knuth: ~15.0 h) | máximo colocado 67 de 100 | hilos 8 de 12
    ... 19.8 s | grupo 1/6 | 7393243 nodos | revisado 0.173%, faltan ~2.6 h [interior primero 0.173%, interior primero + pieza menos restrictiva 3.17e-03%, reinicios, interior primero 1.7%] (Knuth: ~14.9 h) | máximo colocado 67 de 100 | hilos 8 de 12
    ... 21.8 s | grupo 1/6 | 8386787 nodos | revisado 0.225%, faltan ~2.2 h [interior primero 0.225%, interior primero + pieza menos restrictiva 3.28e-03%, reinicios, interior primero 1.7%] (Knuth: ~14.7 h) | máximo colocado 67 de 100 | hilos 8 de 12
    ... 23.8 s | grupo 1/6 | 9368327 nodos | revisado 0.254%, faltan ~2.2 h [interior primero 0.254%, interior primero + pieza menos restrictiva 3.44e-03%, reinicios, interior primero 2.8%] (Knuth: ~14.7 h) | máximo colocado 67 de 100 | hilos 8 de 12
    ... 25.8 s | grupo 1/6 | 10333079 nodos | revisado 0.299%, faltan ~2.0 h [interior primero 0.299%, interior primero + pieza menos restrictiva 3.77e-03%, reinicios, interior primero 4.9%] (Knuth: ~14.6 h) | máximo colocado 67 de 100 | hilos 8 de 12
    ... 27.8 s | grupo 1/6 | 11300529 nodos | revisado 0.309%, faltan ~2.2 h [interior primero 0.309%, interior primero + pieza menos restrictiva 3.96e-03%, reinicios, interior primero 4.9%] (Knuth: ~14.6 h) | máximo colocado 67 de 100 | hilos 8 de 12
    ... 29.8 s | grupo 1/6 | 12268006 nodos | revisado 0.315%, faltan ~2.3 h [interior primero 0.315%, interior primero + pieza menos restrictiva 4.67e-03%, reinicios, interior primero 4.9%] (Knuth: ~14.5 h) | máximo colocado 67 de 100 | hilos 8 de 12
    ... 31.8 s | grupo 1/6 | 13234871 nodos | revisado 0.319%, faltan ~2.4 h [interior primero 0.319%, interior primero + pieza menos restrictiva 4.83e-03%, reinicios, interior primero 4.9%] (Knuth: ~14.5 h) | máximo colocado 67 de 100 | hilos 8 de 12
    ... 33.8 s | grupo 1/6 | 14188009 nodos | revisado 0.323%, faltan ~2.6 h [interior primero 0.323%, interior primero + pieza menos restrictiva 5.32e-03%, reinicios, interior primero 4.9%] (Knuth: ~14.5 h) | máximo colocado 67 de 100 | hilos 8 de 12
    ... 35.8 s | grupo 1/6 | 15166746 nodos | revisado 0.326%, faltan ~2.7 h [interior primero 0.326%, interior primero + pieza menos restrictiva 5.63e-03%, reinicios, interior primero 4.9%] (Knuth: ~14.5 h) | máximo colocado 67 de 100 | hilos 8 de 12
    ... 37.9 s | grupo 1/6 | 16139035 nodos | revisado 0.328%, faltan ~2.9 h [interior primero 0.328%, interior primero + pieza menos restrictiva 6.05e-03%, reinicios, interior primero 4.9%] (Knuth: ~14.5 h) | máximo colocado 67 de 100 | hilos 8 de 12
    ... 39.9 s | grupo 1/6 | 17087754 nodos | revisado 0.330%, faltan ~3.0 h [interior primero 0.330%, interior primero + pieza menos restrictiva 6.12e-03%, reinicios, interior primero 5.5%] (Knuth: ~14.4 h) | máximo colocado 67 de 100 | hilos 8 de 12
    ... 41.9 s | grupo 1/6 | 18057672 nodos | revisado 0.334%, faltan ~3.2 h [interior primero 0.334%, interior primero + pieza menos restrictiva 6.29e-03%, reinicios, interior primero 5.6%] (Knuth: ~14.4 h) | máximo colocado 67 de 100 | hilos 8 de 12
    ... 43.9 s | grupo 1/6 | 19023818 nodos | revisado 0.351%, faltan ~3.2 h [interior primero 0.351%, interior primero + pieza menos restrictiva 6.53e-03%, reinicios, interior primero 6.1%] (Knuth: ~14.4 h) | máximo colocado 67 de 100 | hilos 8 de 12
    ... 45.9 s | grupo 1/6 | 20006848 nodos | revisado 0.354%, faltan ~3.3 h [interior primero 0.354%, interior primero + pieza menos restrictiva 7.36e-03%, reinicios, interior primero 6.1%] (Knuth: ~14.4 h) | máximo colocado 67 de 100 | hilos 8 de 12
    ... 47.9 s | grupo 1/6 | 20981897 nodos | revisado 0.356%, faltan ~3.4 h [interior primero 0.356%, interior primero + pieza menos restrictiva 8.43e-03%, reinicios, interior primero 6.1%] (Knuth: ~14.4 h) | máximo colocado 67 de 100 | hilos 8 de 12
    ... 49.9 s | grupo 1/6 | 21975404 nodos | revisado 0.357%, faltan ~3.6 h [interior primero 0.357%, interior primero + pieza menos restrictiva 8.70e-03%, reinicios, interior primero 6.1%] (Knuth: ~14.4 h) | máximo colocado 67 de 100 | hilos 8 de 12
    ... 51.9 s | grupo 1/6 | 22956481 nodos | revisado 0.357%, faltan ~3.7 h [interior primero 0.357%, interior primero + pieza menos restrictiva 8.85e-03%, reinicios, interior primero 6.1%] (Knuth: ~14.3 h) | máximo colocado 68 de 100 | hilos 8 de 12
    ... 53.9 s | grupo 1/6 | 23920469 nodos | revisado 0.361%, faltan ~3.9 h [interior primero 0.361%, interior primero + pieza menos restrictiva 9.48e-03%, reinicios, interior primero 6.1%] (Knuth: ~14.3 h) | máximo colocado 68 de 100 | hilos 8 de 12
    ... 55.9 s | grupo 1/6 | 24895822 nodos | revisado 0.362%, faltan ~4.0 h [interior primero 0.362%, interior primero + pieza menos restrictiva 9.95e-03%, reinicios, interior primero 6.2%] (Knuth: ~14.3 h) | máximo colocado 68 de 100 | hilos 8 de 12
    ... 57.9 s | grupo 1/6 | 25861949 nodos | revisado 0.366%, faltan ~4.1 h [interior primero 0.366%, interior primero + pieza menos restrictiva 0.011%, reinicios, interior primero 6.2%] (Knuth: ~14.3 h) | máximo colocado 68 de 100 | hilos 8 de 12
    ... 60.0 s | grupo 1/6 | 26835865 nodos | revisado 0.367%, faltan ~4.2 h [interior primero 0.367%, interior primero + pieza menos restrictiva 0.012%, reinicios, interior primero 7.3%] (Knuth: ~14.3 h) | máximo colocado 68 de 100 | hilos 8 de 12
    ... 62.0 s | grupo 1/6 | 27792996 nodos | revisado 0.369%, faltan ~4.4 h [interior primero 0.369%, interior primero + pieza menos restrictiva 0.012%, reinicios, interior primero 8.8%] (Knuth: ~14.3 h) | máximo colocado 68 de 100 | hilos 8 de 12
    ... 64.0 s | grupo 1/6 | 28759855 nodos | revisado 0.374%, faltan ~4.5 h [interior primero 0.374%, interior primero + pieza menos restrictiva 0.013%, reinicios, interior primero 8.8%] (Knuth: ~14.3 h) | máximo colocado 68 de 100 | hilos 8 de 12
    ... 66.0 s | grupo 1/6 | 29763712 nodos | revisado 0.375%, faltan ~4.6 h [interior primero 0.375%, interior primero + pieza menos restrictiva 0.013%, reinicios, interior primero 9.3%] (Knuth: ~14.3 h) | máximo colocado 68 de 100 | hilos 8 de 12
    ... 68.0 s | grupo 1/6 | 30743242 nodos | revisado 0.378%, faltan ~4.7 h [interior primero 0.378%, interior primero + pieza menos restrictiva 0.013%, reinicios, interior primero 9.3%] (Knuth: ~14.3 h) | máximo colocado 68 de 100 | hilos 8 de 12
    ... 70.0 s | grupo 1/6 | 31728810 nodos | revisado 0.383%, faltan ~4.8 h [interior primero 0.383%, interior primero + pieza menos restrictiva 0.014%, reinicios, interior primero 9.3%] (Knuth: ~14.3 h) | máximo colocado 68 de 100 | hilos 8 de 12
    ... 72.0 s | grupo 1/6 | 32699855 nodos | revisado 0.388%, faltan ~4.9 h [interior primero 0.388%, interior primero + pieza menos restrictiva 0.014%, reinicios, interior primero 9.3%] (Knuth: ~14.3 h) | máximo colocado 68 de 100 | hilos 8 de 12
    ... 74.0 s | grupo 1/6 | 33692817 nodos | revisado 0.390%, faltan ~5.0 h [interior primero 0.390%, interior primero + pieza menos restrictiva 0.014%, reinicios, interior primero 9.4%] (Knuth: ~14.2 h) | máximo colocado 68 de 100 | hilos 8 de 12
    ... 76.0 s | grupo 1/6 | 34672642 nodos | revisado 0.393%, faltan ~5.1 h [interior primero 0.393%, interior primero + pieza menos restrictiva 0.015%, reinicios, interior primero 9.4%] (Knuth: ~14.2 h) | máximo colocado 68 de 100 | hilos 8 de 12
    ... 78.0 s | grupo 1/6 | 35654861 nodos | revisado 0.396%, faltan ~5.2 h [interior primero 0.396%, interior primero + pieza menos restrictiva 0.016%, reinicios, interior primero 9.4%] (Knuth: ~14.2 h) | máximo colocado 68 de 100 | hilos 8 de 12
    ... 80.0 s | grupo 1/6 | 36654982 nodos | revisado 0.397%, faltan ~5.3 h [interior primero 0.397%, interior primero + pieza menos restrictiva 0.018%, reinicios, interior primero 9.4%] (Knuth: ~14.2 h) | máximo colocado 68 de 100 | hilos 8 de 12
    ... 82.1 s | grupo 1/6 | 37661608 nodos | revisado 0.399%, faltan ~5.4 h [interior primero 0.399%, interior primero + pieza menos restrictiva 0.018%, reinicios, interior primero 9.4%] (Knuth: ~14.2 h) | máximo colocado 68 de 100 | hilos 8 de 12
    ... 84.1 s | grupo 1/6 | 38640576 nodos | revisado 0.402%, faltan ~5.5 h [interior primero 0.402%, interior primero + pieza menos restrictiva 0.019%, reinicios, interior primero 9.5%] (Knuth: ~14.2 h) | máximo colocado 68 de 100 | hilos 8 de 12
    ... 86.1 s | grupo 1/6 | 39628821 nodos | revisado 0.406%, faltan ~5.6 h [interior primero 0.406%, interior primero + pieza menos restrictiva 0.019%, reinicios, interior primero 9.6%] (Knuth: ~14.2 h) | máximo colocado 68 de 100 | hilos 8 de 12
    ... 88.1 s | grupo 1/6 | 40609814 nodos | revisado 0.409%, faltan ~5.7 h [interior primero 0.409%, interior primero + pieza menos restrictiva 0.019%, reinicios, interior primero 9.6%] (Knuth: ~14.2 h) | máximo colocado 68 de 100 | hilos 8 de 12
    ... 90.1 s | grupo 1/6 | 41616016 nodos | revisado 0.411%, faltan ~5.8 h [interior primero 0.411%, interior primero + pieza menos restrictiva 0.020%, reinicios, interior primero 9.7%] (Knuth: ~14.2 h) | máximo colocado 68 de 100 | hilos 8 de 12
    ... 92.1 s | grupo 1/6 | 42597838 nodos | revisado 0.415%, faltan ~5.9 h [interior primero 0.415%, interior primero + pieza menos restrictiva 0.021%, reinicios, interior primero 9.7%] (Knuth: ~14.2 h) | máximo colocado 68 de 100 | hilos 8 de 12
    ... 94.1 s | grupo 1/6 | 43583642 nodos | revisado 0.416%, faltan ~6.0 h [interior primero 0.416%, interior primero + pieza menos restrictiva 0.021%, reinicios, interior primero 10.7%] (Knuth: ~14.1 h) | máximo colocado 68 de 100 | hilos 8 de 12
    ... 96.1 s | grupo 1/6 | 44566769 nodos | revisado 0.420%, faltan ~6.1 h [interior primero 0.420%, interior primero + pieza menos restrictiva 0.022%, reinicios, interior primero 10.8%] (Knuth: ~14.1 h) | máximo colocado 68 de 100 | hilos 8 de 12
    ... 98.1 s | grupo 1/6 | 45553709 nodos | revisado 0.422%, faltan ~6.2 h [interior primero 0.422%, interior primero + pieza menos restrictiva 0.024%, reinicios, interior primero 10.8%] (Knuth: ~14.1 h) | máximo colocado 68 de 100 | hilos 8 de 12
    ... 100.1 s | grupo 1/6 | 46527861 nodos | revisado 0.424%, faltan ~6.3 h [interior primero 0.424%, interior primero + pieza menos restrictiva 0.024%, reinicios, interior primero 10.8%] (Knuth: ~14.1 h) | máximo colocado 68 de 100 | hilos 8 de 12
    ... 102.1 s | grupo 1/6 | 47497645 nodos | revisado 0.432%, faltan ~6.3 h [interior primero 0.432%, interior primero + pieza menos restrictiva 0.024%, reinicios, interior primero 11.4%] (Knuth: ~14.1 h) | máximo colocado 68 de 100 | hilos 8 de 12
    ... 104.1 s | grupo 1/6 | 48446781 nodos | revisado 0.434%, faltan ~6.4 h [interior primero 0.434%, interior primero + pieza menos restrictiva 0.025%, reinicios, interior primero 13.5%] (Knuth: ~14.1 h) | máximo colocado 68 de 100 | hilos 8 de 12
    ... 106.1 s | grupo 1/6 | 49389572 nodos | revisado 0.436%, faltan ~6.5 h [interior primero 0.436%, interior primero + pieza menos restrictiva 0.025%, reinicios, interior primero 13.5%] (Knuth: ~14.1 h) | máximo colocado 68 de 100 | hilos 8 de 12
    ... 108.1 s | grupo 1/6 | 50311734 nodos | revisado 0.439%, faltan ~6.6 h [interior primero 0.439%, interior primero + pieza menos restrictiva 0.025%, reinicios, interior primero 13.5%] (Knuth: ~14.2 h) | máximo colocado 68 de 100 | hilos 8 de 12
    ... 110.1 s | grupo 1/6 | 51257932 nodos | revisado 0.440%, faltan ~6.7 h [interior primero 0.440%, interior primero + pieza menos restrictiva 0.026%, reinicios, interior primero 13.5%] (Knuth: ~14.2 h) | máximo colocado 68 de 100 | hilos 8 de 12
    ... 112.2 s | grupo 1/6 | 52208481 nodos | revisado 0.441%, faltan ~6.8 h [interior primero 0.441%, interior primero + pieza menos restrictiva 0.027%, reinicios, interior primero 13.6%] (Knuth: ~14.2 h) | máximo colocado 68 de 100 | hilos 8 de 12
    ... 114.2 s | grupo 1/6 | 53170410 nodos | revisado 0.445%, faltan ~6.9 h [interior primero 0.445%, interior primero + pieza menos restrictiva 0.027%, reinicios, interior primero 13.6%] (Knuth: ~14.2 h) | máximo colocado 68 de 100 | hilos 8 de 12
    ... 116.2 s | grupo 1/6 | 54048349 nodos | revisado 0.449%, faltan ~6.9 h [interior primero 0.449%, interior primero + pieza menos restrictiva 0.027%, reinicios, interior primero 14.1%] (Knuth: ~14.2 h) | máximo colocado 68 de 100 | hilos 8 de 12
    ... 118.2 s | grupo 1/6 | 54907328 nodos | revisado 0.452%, faltan ~7.0 h [interior primero 0.452%, interior primero + pieza menos restrictiva 0.028%, reinicios, interior primero 14.1%] (Knuth: ~14.2 h) | máximo colocado 68 de 100 | hilos 8 de 12
    ... 120.2 s | grupo 1/6 | 55773375 nodos | revisado 0.455%, faltan ~7.1 h [interior primero 0.455%, interior primero + pieza menos restrictiva 0.028%, reinicios, interior primero 14.1%] (Knuth: ~14.2 h) | máximo colocado 68 de 100 | hilos 8 de 12
    ... 122.2 s | grupo 1/6 | 56740938 nodos | revisado 0.462%, faltan ~7.1 h [interior primero 0.462%, interior primero + pieza menos restrictiva 0.028%, reinicios, interior primero 14.1%] (Knuth: ~14.2 h) | máximo colocado 68 de 100 | hilos 8 de 12
    ... 124.2 s | grupo 1/6 | 57725801 nodos | revisado 0.464%, faltan ~7.2 h [interior primero 0.464%, interior primero + pieza menos restrictiva 0.028%, reinicios, interior primero 14.1%] (Knuth: ~14.2 h) | máximo colocado 68 de 100 | hilos 8 de 12
    ... 126.2 s | grupo 1/6 | 58702317 nodos | revisado 0.469%, faltan ~7.2 h [interior primero 0.469%, interior primero + pieza menos restrictiva 0.029%, reinicios, interior primero 14.1%] (Knuth: ~14.2 h) | máximo colocado 68 de 100 | hilos 8 de 12
    ... 128.3 s | grupo 1/6 | 59661888 nodos | revisado 0.471%, faltan ~7.3 h [interior primero 0.471%, interior primero + pieza menos restrictiva 0.029%, reinicios, interior primero 14.6%] (Knuth: ~14.2 h) | máximo colocado 68 de 100 | hilos 8 de 12
    ... 130.3 s | grupo 1/6 | 60614075 nodos | revisado 0.481%, faltan ~7.3 h [interior primero 0.481%, interior primero + pieza menos restrictiva 0.030%, reinicios, interior primero 14.6%] (Knuth: ~14.2 h) | máximo colocado 68 de 100 | hilos 8 de 12
    ... 132.3 s | grupo 1/6 | 61590392 nodos | revisado 0.484%, faltan ~7.3 h [interior primero 0.484%, interior primero + pieza menos restrictiva 0.030%, reinicios, interior primero 14.7%] (Knuth: ~14.2 h) | máximo colocado 68 de 100 | hilos 8 de 12
    ... 134.3 s | grupo 1/6 | 62554373 nodos | revisado 0.485%, faltan ~7.4 h [interior primero 0.485%, interior primero + pieza menos restrictiva 0.031%, reinicios, interior primero 15.9%] (Knuth: ~14.2 h) | máximo colocado 68 de 100 | hilos 8 de 12
    ... 136.3 s | grupo 1/6 | 63531150 nodos | revisado 0.486%, faltan ~7.5 h [interior primero 0.486%, interior primero + pieza menos restrictiva 0.031%, reinicios, interior primero 16.0%] (Knuth: ~14.2 h) | máximo colocado 68 de 100 | hilos 8 de 12
    ... 138.3 s | grupo 1/6 | 64501481 nodos | revisado 0.488%, faltan ~7.6 h [interior primero 0.488%, interior primero + pieza menos restrictiva 0.031%, reinicios, interior primero 16.0%] (Knuth: ~14.2 h) | máximo colocado 68 de 100 | hilos 8 de 12
    ... 140.3 s | grupo 1/6 | 65463669 nodos | revisado 0.493%, faltan ~7.7 h [interior primero 0.493%, interior primero + pieza menos restrictiva 0.031%, reinicios, interior primero 16.1%] (Knuth: ~14.2 h) | máximo colocado 68 de 100 | hilos 8 de 12
    ... 142.3 s | grupo 1/6 | 66437814 nodos | revisado 0.496%, faltan ~7.7 h [interior primero 0.496%, interior primero + pieza menos restrictiva 0.031%, reinicios, interior primero 16.1%] (Knuth: ~14.2 h) | máximo colocado 68 de 100 | hilos 8 de 12
    ... 144.3 s | grupo 1/6 | 67406397 nodos | revisado 0.499%, faltan ~7.8 h [interior primero 0.499%, interior primero + pieza menos restrictiva 0.032%, reinicios, interior primero 16.1%] (Knuth: ~14.2 h) | máximo colocado 68 de 100 | hilos 8 de 12
    ... 146.3 s | grupo 1/6 | 68365574 nodos | revisado 0.502%, faltan ~7.9 h [interior primero 0.502%, interior primero + pieza menos restrictiva 0.033%, reinicios, interior primero 17.1%] (Knuth: ~14.2 h) | máximo colocado 68 de 100 | hilos 8 de 12
    ... 148.4 s | grupo 1/6 | 69314198 nodos | revisado 0.506%, faltan ~7.9 h [interior primero 0.506%, interior primero + pieza menos restrictiva 0.033%, reinicios, interior primero 17.5%] (Knuth: ~14.2 h) | máximo colocado 68 de 100 | hilos 8 de 12
    ... 150.4 s | grupo 1/6 | 70245144 nodos | revisado 0.510%, faltan ~7.9 h [interior primero 0.510%, interior primero + pieza menos restrictiva 0.034%, reinicios, interior primero 17.7%] (Knuth: ~14.2 h) | máximo colocado 68 de 100 | hilos 8 de 12
    ... 152.4 s | grupo 1/6 | 71197852 nodos | revisado 0.511%, faltan ~8.0 h [interior primero 0.511%, interior primero + pieza menos restrictiva 0.034%, reinicios, interior primero 17.7%] (Knuth: ~14.2 h) | máximo colocado 68 de 100 | hilos 8 de 12
    ... 154.4 s | grupo 1/6 | 72147297 nodos | revisado 0.514%, faltan ~8.1 h [interior primero 0.514%, interior primero + pieza menos restrictiva 0.035%, reinicios, interior primero 17.8%] (Knuth: ~14.2 h) | máximo colocado 68 de 100 | hilos 8 de 12
    ... 156.4 s | grupo 1/6 | 73106449 nodos | revisado 0.518%, faltan ~8.2 h [interior primero 0.518%, interior primero + pieza menos restrictiva 0.035%, reinicios, interior primero 17.8%] (Knuth: ~14.2 h) | máximo colocado 68 de 100 | hilos 8 de 12
    ... 158.4 s | grupo 1/6 | 74020090 nodos | revisado 0.519%, faltan ~8.2 h [interior primero 0.519%, interior primero + pieza menos restrictiva 0.035%, reinicios, interior primero 17.8%] (Knuth: ~14.2 h) | máximo colocado 68 de 100 | hilos 8 de 12
    ... 160.4 s | grupo 1/6 | 74994651 nodos | revisado 0.520%, faltan ~8.3 h [interior primero 0.520%, interior primero + pieza menos restrictiva 0.036%, reinicios, interior primero 18.1%] (Knuth: ~14.2 h) | máximo colocado 68 de 100 | hilos 8 de 12
    ... 162.4 s | grupo 1/6 | 75955731 nodos | revisado 0.520%, faltan ~8.4 h [interior primero 0.520%, interior primero + pieza menos restrictiva 0.036%, reinicios, interior primero 19.1%] (Knuth: ~14.2 h) | máximo colocado 68 de 100 | hilos 8 de 12
    ... 164.4 s | grupo 1/6 | 76915644 nodos | revisado 0.521%, faltan ~8.5 h [interior primero 0.521%, interior primero + pieza menos restrictiva 0.037%, reinicios, interior primero 19.1%] (Knuth: ~14.2 h) | máximo colocado 69 de 100 | hilos 8 de 12
    ... 166.4 s | grupo 1/6 | 77882791 nodos | revisado 0.522%, faltan ~8.6 h [interior primero 0.522%, interior primero + pieza menos restrictiva 0.037%, reinicios, interior primero 19.1%] (Knuth: ~14.2 h) | máximo colocado 69 de 100 | hilos 8 de 12
    ... 168.4 s | grupo 1/6 | 78852910 nodos | revisado 0.523%, faltan ~8.7 h [interior primero 0.523%, interior primero + pieza menos restrictiva 0.037%, reinicios, interior primero 19.2%] (Knuth: ~14.2 h) | máximo colocado 69 de 100 | hilos 8 de 12
    ... 170.5 s | grupo 1/6 | 79827177 nodos | revisado 0.524%, faltan ~8.8 h [interior primero 0.524%, interior primero + pieza menos restrictiva 0.037%, reinicios, interior primero 19.2%] (Knuth: ~14.2 h) | máximo colocado 69 de 100 | hilos 8 de 12
    ... 172.5 s | grupo 1/6 | 80803627 nodos | revisado 0.524%, faltan ~8.9 h [interior primero 0.524%, interior primero + pieza menos restrictiva 0.038%, reinicios, interior primero 19.2%] (Knuth: ~14.2 h) | máximo colocado 69 de 100 | hilos 8 de 12
    ... 174.5 s | grupo 1/6 | 81773451 nodos | revisado 0.525%, faltan ~9.0 h [interior primero 0.525%, interior primero + pieza menos restrictiva 0.038%, reinicios, interior primero 19.2%] (Knuth: ~14.2 h) | máximo colocado 69 de 100 | hilos 8 de 12
    ... 176.5 s | grupo 1/6 | 82741468 nodos | revisado 0.526%, faltan ~9.1 h [interior primero 0.526%, interior primero + pieza menos restrictiva 0.038%, reinicios, interior primero 19.2%] (Knuth: ~14.2 h) | máximo colocado 69 de 100 | hilos 8 de 12
    ... 178.5 s | grupo 1/6 | 83713381 nodos | revisado 0.526%, faltan ~9.2 h [interior primero 0.526%, interior primero + pieza menos restrictiva 0.039%, reinicios, interior primero 19.2%] (Knuth: ~14.2 h) | máximo colocado 69 de 100 | hilos 8 de 12
    ... 180.5 s | grupo 1/6 | 84670086 nodos | revisado 0.528%, faltan ~9.3 h [interior primero 0.528%, interior primero + pieza menos restrictiva 0.040%, reinicios, interior primero 19.2%] (Knuth: ~14.2 h) | máximo colocado 69 de 100 | hilos 8 de 12
    ... 182.5 s | grupo 1/6 | 85659510 nodos | revisado 0.529%, faltan ~9.3 h [interior primero 0.529%, interior primero + pieza menos restrictiva 0.041%, reinicios, interior primero 19.2%] (Knuth: ~14.2 h) | máximo colocado 69 de 100 | hilos 8 de 12
    ... 184.5 s | grupo 1/6 | 86655615 nodos | revisado 0.531%, faltan ~9.4 h [interior primero 0.531%, interior primero + pieza menos restrictiva 0.042%, reinicios, interior primero 19.2%] (Knuth: ~14.2 h) | máximo colocado 69 de 100 | hilos 8 de 12
    ... 186.5 s | grupo 1/6 | 87598272 nodos | revisado 0.533%, faltan ~9.5 h [interior primero 0.533%, interior primero + pieza menos restrictiva 0.044%, reinicios, interior primero 19.2%] (Knuth: ~14.2 h) | máximo colocado 69 de 100 | hilos 8 de 12
    ... 188.5 s | grupo 1/6 | 88578154 nodos | revisado 0.537%, faltan ~9.5 h [interior primero 0.537%, interior primero + pieza menos restrictiva 0.047%, reinicios, interior primero 19.2%] (Knuth: ~14.2 h) | máximo colocado 69 de 100 | hilos 8 de 12
    ... 190.5 s | grupo 1/6 | 89557066 nodos | revisado 0.538%, faltan ~9.6 h [interior primero 0.538%, interior primero + pieza menos restrictiva 0.047%, reinicios, interior primero 19.3%] (Knuth: ~14.2 h) | máximo colocado 69 de 100 | hilos 8 de 12
    ... 192.6 s | grupo 1/6 | 90536008 nodos | revisado 0.540%, faltan ~9.7 h [interior primero 0.540%, interior primero + pieza menos restrictiva 0.048%, reinicios, interior primero 19.3%] (Knuth: ~14.2 h) | máximo colocado 69 de 100 | hilos 8 de 12
    ... 194.6 s | grupo 1/6 | 91490246 nodos | revisado 0.541%, faltan ~9.7 h [interior primero 0.541%, interior primero + pieza menos restrictiva 0.049%, reinicios, interior primero 19.3%] (Knuth: ~14.2 h) | máximo colocado 69 de 100 | hilos 8 de 12
    ... 196.6 s | grupo 1/6 | 92470528 nodos | revisado 0.541%, faltan ~9.8 h [interior primero 0.541%, interior primero + pieza menos restrictiva 0.049%, reinicios, interior primero 19.3%] (Knuth: ~14.2 h) | máximo colocado 69 de 100 | hilos 8 de 12
    ... 198.6 s | grupo 1/6 | 93456061 nodos | revisado 0.542%, faltan ~9.9 h [interior primero 0.542%, interior primero + pieza menos restrictiva 0.051%, reinicios, interior primero 19.3%] (Knuth: ~14.2 h) | máximo colocado 69 de 100 | hilos 8 de 12
    ... 200.6 s | grupo 1/6 | 94416753 nodos | revisado 0.543%, faltan ~10.0 h [interior primero 0.543%, interior primero + pieza menos restrictiva 0.052%, reinicios, interior primero 20.3%] (Knuth: ~14.2 h) | máximo colocado 69 de 100 | hilos 8 de 12
    ... 202.6 s | grupo 1/6 | 95365196 nodos | revisado 0.544%, faltan ~10.1 h [interior primero 0.544%, interior primero + pieza menos restrictiva 0.052%, reinicios, interior primero 20.3%] (Knuth: ~14.2 h) | máximo colocado 69 de 100 | hilos 8 de 12
    ... 204.6 s | grupo 1/6 | 96302730 nodos | revisado 0.545%, faltan ~10.2 h [interior primero 0.545%, interior primero + pieza menos restrictiva 0.053%, reinicios, interior primero 20.3%] (Knuth: ~14.2 h) | máximo colocado 69 de 100 | hilos 8 de 12
    ... 206.6 s | grupo 1/6 | 97271571 nodos | revisado 0.548%, faltan ~10.2 h [interior primero 0.548%, interior primero + pieza menos restrictiva 0.054%, reinicios, interior primero 20.4%] (Knuth: ~14.2 h) | máximo colocado 69 de 100 | hilos 8 de 12
    ... 208.6 s | grupo 1/6 | 98221164 nodos | revisado 0.549%, faltan ~10.3 h [interior primero 0.549%, interior primero + pieza menos restrictiva 0.055%, reinicios, interior primero 20.4%] (Knuth: ~14.2 h) | máximo colocado 69 de 100 | hilos 8 de 12
    ... 210.6 s | grupo 1/6 | 99173887 nodos | revisado 0.550%, faltan ~10.4 h [interior primero 0.550%, interior primero + pieza menos restrictiva 0.055%, reinicios, interior primero 20.4%] (Knuth: ~14.2 h) | máximo colocado 69 de 100 | hilos 8 de 12
    ... 212.6 s | grupo 1/6 | 100151199 nodos | revisado 0.551%, faltan ~10.5 h [interior primero 0.551%, interior primero + pieza menos restrictiva 0.055%, reinicios, interior primero 20.4%] (Knuth: ~14.2 h) | máximo colocado 69 de 100 | hilos 8 de 12
    ... 214.6 s | grupo 1/6 | 101107129 nodos | revisado 0.552%, faltan ~10.6 h [interior primero 0.552%, interior primero + pieza menos restrictiva 0.056%, reinicios, interior primero 20.4%] (Knuth: ~14.2 h) | máximo colocado 69 de 100 | hilos 8 de 12
    ... 216.7 s | grupo 1/6 | 102057594 nodos | revisado 0.552%, faltan ~10.6 h [interior primero 0.552%, interior primero + pieza menos restrictiva 0.058%, reinicios, interior primero 20.4%] (Knuth: ~14.2 h) | máximo colocado 69 de 100 | hilos 8 de 12
    ... 218.7 s | grupo 1/6 | 103008462 nodos | revisado 0.553%, faltan ~10.7 h [interior primero 0.553%, interior primero + pieza menos restrictiva 0.059%, reinicios, interior primero 20.4%] (Knuth: ~14.2 h) | máximo colocado 69 de 100 | hilos 8 de 12
    ... 220.7 s | grupo 1/6 | 103928812 nodos | revisado 0.553%, faltan ~10.8 h [interior primero 0.553%, interior primero + pieza menos restrictiva 0.059%, reinicios, interior primero 20.4%] (Knuth: ~14.2 h) | máximo colocado 69 de 100 | hilos 8 de 12
    ... 222.7 s | grupo 1/6 | 104896127 nodos | revisado 0.554%, faltan ~10.9 h [interior primero 0.554%, interior primero + pieza menos restrictiva 0.062%, reinicios, interior primero 20.5%] (Knuth: ~14.2 h) | máximo colocado 69 de 100 | hilos 8 de 12
    ... 224.7 s | grupo 1/6 | 105872571 nodos | revisado 0.556%, faltan ~11.0 h [interior primero 0.556%, interior primero + pieza menos restrictiva 0.062%, reinicios, interior primero 20.5%] (Knuth: ~14.2 h) | máximo colocado 69 de 100 | hilos 8 de 12
    ... 226.7 s | grupo 1/6 | 106706782 nodos | revisado 0.557%, faltan ~11.0 h [interior primero 0.557%, interior primero + pieza menos restrictiva 0.063%, reinicios, interior primero 20.5%] (Knuth: ~14.2 h) | máximo colocado 69 de 100 | hilos 8 de 12
    ... 228.7 s | grupo 1/6 | 107601266 nodos | revisado 0.560%, faltan ~11.1 h [interior primero 0.560%, interior primero + pieza menos restrictiva 0.064%, reinicios, interior primero 20.5%] (Knuth: ~14.2 h) | máximo colocado 69 de 100 | hilos 8 de 12
    ... 230.7 s | grupo 1/6 | 108487635 nodos | revisado 0.561%, faltan ~11.2 h [interior primero 0.561%, interior primero + pieza menos restrictiva 0.065%, reinicios, interior primero 20.5%] (Knuth: ~14.2 h) | máximo colocado 69 de 100 | hilos 8 de 12
    ... 232.7 s | grupo 1/6 | 109412198 nodos | revisado 0.562%, faltan ~11.3 h [interior primero 0.562%, interior primero + pieza menos restrictiva 0.066%, reinicios, interior primero 20.5%] (Knuth: ~14.2 h) | máximo colocado 69 de 100 | hilos 8 de 12
    ... 234.7 s | grupo 1/6 | 110368516 nodos | revisado 0.563%, faltan ~11.3 h [interior primero 0.563%, interior primero + pieza menos restrictiva 0.066%, reinicios, interior primero 20.5%] (Knuth: ~14.2 h) | máximo colocado 69 de 100 | hilos 8 de 12
    ... 236.7 s | grupo 1/6 | 111309163 nodos | revisado 0.564%, faltan ~11.4 h [interior primero 0.564%, interior primero + pieza menos restrictiva 0.068%, reinicios, interior primero 20.6%] (Knuth: ~14.2 h) | máximo colocado 69 de 100 | hilos 8 de 12
    ... 238.7 s | grupo 1/6 | 112269745 nodos | revisado 0.566%, faltan ~11.5 h [interior primero 0.566%, interior primero + pieza menos restrictiva 0.068%, reinicios, interior primero 20.6%] (Knuth: ~14.2 h) | máximo colocado 69 de 100 | hilos 8 de 12
    ... 240.7 s | grupo 1/6 | 113231155 nodos | revisado 0.568%, faltan ~11.5 h [interior primero 0.568%, interior primero + pieza menos restrictiva 0.069%, reinicios, interior primero 21.6%] (Knuth: ~14.2 h) | máximo colocado 69 de 100 | hilos 8 de 12
    ... 242.7 s | grupo 1/6 | 114198516 nodos | revisado 0.571%, faltan ~11.6 h [interior primero 0.571%, interior primero + pieza menos restrictiva 0.069%, reinicios, interior primero 22.7%] (Knuth: ~14.2 h) | máximo colocado 69 de 100 | hilos 8 de 12
    ... 244.8 s | grupo 1/6 | 115152188 nodos | revisado 0.572%, faltan ~11.6 h [interior primero 0.572%, interior primero + pieza menos restrictiva 0.069%, reinicios, interior primero 23.3%] (Knuth: ~14.2 h) | máximo colocado 69 de 100 | hilos 8 de 12
    ... 246.8 s | grupo 1/6 | 116106690 nodos | revisado 0.574%, faltan ~11.7 h [interior primero 0.574%, interior primero + pieza menos restrictiva 0.070%, reinicios, interior primero 23.3%] (Knuth: ~14.2 h) | máximo colocado 69 de 100 | hilos 8 de 12
    ... 248.8 s | grupo 1/6 | 117075637 nodos | revisado 0.575%, faltan ~11.8 h [interior primero 0.575%, interior primero + pieza menos restrictiva 0.070%, reinicios, interior primero 24.4%] (Knuth: ~14.2 h) | máximo colocado 69 de 100 | hilos 8 de 12
    ... 250.8 s | grupo 1/6 | 118045209 nodos | revisado 0.576%, faltan ~11.8 h [interior primero 0.576%, interior primero + pieza menos restrictiva 0.070%, reinicios, interior primero 24.4%] (Knuth: ~14.2 h) | máximo colocado 69 de 100 | hilos 8 de 12
    ... 252.8 s | grupo 1/6 | 119019033 nodos | revisado 0.577%, faltan ~11.9 h [interior primero 0.577%, interior primero + pieza menos restrictiva 0.070%, reinicios, interior primero 25.5%] (Knuth: ~14.2 h) | máximo colocado 69 de 100 | hilos 8 de 12
    ... 254.8 s | grupo 1/6 | 119994980 nodos | revisado 0.578%, faltan ~12.0 h [interior primero 0.578%, interior primero + pieza menos restrictiva 0.070%, reinicios, interior primero 25.5%] (Knuth: ~14.2 h) | máximo colocado 69 de 100 | hilos 8 de 12
    ... 256.8 s | grupo 1/6 | 120938347 nodos | revisado 0.582%, faltan ~12.0 h [interior primero 0.582%, interior primero + pieza menos restrictiva 0.071%, reinicios, interior primero 26.6%] (Knuth: ~14.2 h) | máximo colocado 69 de 100 | hilos 8 de 12
    ... 258.8 s | grupo 1/6 | 121905183 nodos | revisado 0.582%, faltan ~12.1 h [interior primero 0.582%, interior primero + pieza menos restrictiva 0.071%, reinicios, interior primero 26.6%] (Knuth: ~14.2 h) | máximo colocado 69 de 100 | hilos 8 de 12
    ... 260.8 s | grupo 1/6 | 122885250 nodos | revisado 0.582%, faltan ~12.2 h [interior primero 0.582%, interior primero + pieza menos restrictiva 0.072%, reinicios, interior primero 26.6%] (Knuth: ~14.2 h) | máximo colocado 69 de 100 | hilos 8 de 12
    ... 262.8 s | grupo 1/6 | 123872983 nodos | revisado 0.583%, faltan ~12.3 h [interior primero 0.583%, interior primero + pieza menos restrictiva 0.072%, reinicios, interior primero 26.6%] (Knuth: ~14.2 h) | máximo colocado 69 de 100 | hilos 8 de 12
    ... 264.8 s | grupo 1/6 | 124869354 nodos | revisado 0.585%, faltan ~12.3 h [interior primero 0.585%, interior primero + pieza menos restrictiva 0.072%, reinicios, interior primero 26.6%] (Knuth: ~14.2 h) | máximo colocado 69 de 100 | hilos 8 de 12
    ... 266.8 s | grupo 1/6 | 125869483 nodos | revisado 0.586%, faltan ~12.4 h [interior primero 0.586%, interior primero + pieza menos restrictiva 0.073%, reinicios, interior primero 26.6%] (Knuth: ~14.2 h) | máximo colocado 69 de 100 | hilos 8 de 12
    ... 268.8 s | grupo 1/6 | 126849053 nodos | revisado 0.588%, faltan ~12.5 h [interior primero 0.588%, interior primero + pieza menos restrictiva 0.073%, reinicios, interior primero 26.6%] (Knuth: ~14.2 h) | máximo colocado 69 de 100 | hilos 8 de 12
    ... 270.9 s | grupo 1/6 | 127821707 nodos | revisado 0.590%, faltan ~12.5 h [interior primero 0.590%, interior primero + pieza menos restrictiva 0.074%, reinicios, interior primero 26.7%] (Knuth: ~14.2 h) | máximo colocado 69 de 100 | hilos 8 de 12
    ... 272.9 s | grupo 1/6 | 128800383 nodos | revisado 0.591%, faltan ~12.6 h [interior primero 0.591%, interior primero + pieza menos restrictiva 0.075%, reinicios, interior primero 26.8%] (Knuth: ~14.2 h) | máximo colocado 69 de 100 | hilos 8 de 12
    ... 274.9 s | grupo 1/6 | 129791024 nodos | revisado 0.591%, faltan ~12.7 h [interior primero 0.591%, interior primero + pieza menos restrictiva 0.076%, reinicios, interior primero 26.9%] (Knuth: ~14.2 h) | máximo colocado 69 de 100 | hilos 8 de 12
    ... 276.9 s | grupo 1/6 | 130791147 nodos | revisado 0.592%, faltan ~12.7 h [interior primero 0.592%, interior primero + pieza menos restrictiva 0.077%, reinicios, interior primero 26.9%] (Knuth: ~14.2 h) | máximo colocado 69 de 100 | hilos 8 de 12
    ... 278.9 s | grupo 1/6 | 131774158 nodos | revisado 0.593%, faltan ~12.8 h [interior primero 0.593%, interior primero + pieza menos restrictiva 0.077%, reinicios, interior primero 26.9%] (Knuth: ~14.2 h) | máximo colocado 71 de 100 | hilos 8 de 12
    ... 280.9 s | grupo 1/6 | 132750171 nodos | revisado 0.594%, faltan ~12.9 h [interior primero 0.594%, interior primero + pieza menos restrictiva 0.078%, reinicios, interior primero 27.0%] (Knuth: ~14.2 h) | máximo colocado 71 de 100 | hilos 8 de 12
    ... 282.9 s | grupo 1/6 | 133730936 nodos | revisado 0.594%, faltan ~13.0 h [interior primero 0.594%, interior primero + pieza menos restrictiva 0.078%, reinicios, interior primero 27.0%] (Knuth: ~14.2 h) | máximo colocado 71 de 100 | hilos 8 de 12
    ... 285.0 s | grupo 1/6 | 134700609 nodos | revisado 0.595%, faltan ~13.1 h [interior primero 0.595%, interior primero + pieza menos restrictiva 0.078%, reinicios, interior primero 27.0%] (Knuth: ~14.2 h) | máximo colocado 71 de 100 | hilos 8 de 12
    ... 287.0 s | grupo 1/6 | 135680286 nodos | revisado 0.596%, faltan ~13.1 h [interior primero 0.596%, interior primero + pieza menos restrictiva 0.078%, reinicios, interior primero 27.1%] (Knuth: ~14.2 h) | máximo colocado 71 de 100 | hilos 8 de 12
    ... 289.0 s | grupo 1/6 | 136657089 nodos | revisado 0.596%, faltan ~13.2 h [interior primero 0.596%, interior primero + pieza menos restrictiva 0.078%, reinicios, interior primero 27.1%] (Knuth: ~14.2 h) | máximo colocado 71 de 100 | hilos 8 de 12
    ... 291.0 s | grupo 1/6 | 137599925 nodos | revisado 0.598%, faltan ~13.3 h [interior primero 0.598%, interior primero + pieza menos restrictiva 0.078%, reinicios, interior primero 27.1%] (Knuth: ~14.2 h) | máximo colocado 71 de 100 | hilos 8 de 12
    ... 293.0 s | grupo 1/6 | 138559241 nodos | revisado 0.599%, faltan ~13.3 h [interior primero 0.599%, interior primero + pieza menos restrictiva 0.079%, reinicios, interior primero 27.1%] (Knuth: ~14.2 h) | máximo colocado 71 de 100 | hilos 8 de 12
    ... 295.0 s | grupo 1/6 | 139521748 nodos | revisado 0.601%, faltan ~13.4 h [interior primero 0.601%, interior primero + pieza menos restrictiva 0.079%, reinicios, interior primero 27.1%] (Knuth: ~14.2 h) | máximo colocado 71 de 100 | hilos 8 de 12
    ... 297.0 s | grupo 1/6 | 140512591 nodos | revisado 0.601%, faltan ~13.5 h [interior primero 0.601%, interior primero + pieza menos restrictiva 0.079%, reinicios, interior primero 27.1%] (Knuth: ~14.2 h) | máximo colocado 71 de 100 | hilos 8 de 12
    ... 299.0 s | grupo 1/6 | 141481620 nodos | revisado 0.601%, faltan ~13.6 h [interior primero 0.601%, interior primero + pieza menos restrictiva 0.079%, reinicios, interior primero 27.2%] (Knuth: ~14.2 h) | máximo colocado 71 de 100 | hilos 8 de 12
    ... 301.0 s | grupo 1/6 | 142372418 nodos | revisado 0.602%, faltan ~13.6 h [interior primero 0.602%, interior primero + pieza menos restrictiva 0.079%, reinicios, interior primero 27.2%] (Knuth: ~14.2 h) | máximo colocado 71 de 100 | hilos 8 de 12
    ... 303.0 s | grupo 1/6 | 143247766 nodos | revisado 0.603%, faltan ~13.7 h [interior primero 0.603%, interior primero + pieza menos restrictiva 0.080%, reinicios, interior primero 27.2%] (Knuth: ~14.2 h) | máximo colocado 71 de 100 | hilos 8 de 12
    ... 305.1 s | grupo 1/6 | 144142610 nodos | revisado 0.604%, faltan ~13.8 h [interior primero 0.604%, interior primero + pieza menos restrictiva 0.080%, reinicios, interior primero 27.3%] (Knuth: ~14.2 h) | máximo colocado 71 de 100 | hilos 8 de 12
    ... 307.1 s | grupo 1/6 | 145122928 nodos | revisado 0.605%, faltan ~13.9 h [interior primero 0.605%, interior primero + pieza menos restrictiva 0.080%, reinicios, interior primero 27.3%] (Knuth: ~14.2 h) | máximo colocado 71 de 100 | hilos 8 de 12
    ... 309.1 s | grupo 1/6 | 146093742 nodos | revisado 0.605%, faltan ~13.9 h [interior primero 0.605%, interior primero + pieza menos restrictiva 0.081%, reinicios, interior primero 27.3%] (Knuth: ~14.2 h) | máximo colocado 71 de 100 | hilos 8 de 12
    ... 311.1 s | grupo 1/6 | 147075606 nodos | revisado 0.605%, faltan ~14.0 h [interior primero 0.605%, interior primero + pieza menos restrictiva 0.081%, reinicios, interior primero 28.3%] (Knuth: ~14.2 h) | máximo colocado 71 de 100 | hilos 8 de 12
    ... 313.1 s | grupo 1/6 | 148050537 nodos | revisado 0.608%, faltan ~14.1 h [interior primero 0.608%, interior primero + pieza menos restrictiva 0.082%, reinicios, interior primero 29.4%] (Knuth: ~14.2 h) | máximo colocado 71 de 100 | hilos 8 de 12
    ... 315.1 s | grupo 1/6 | 149027456 nodos | revisado 0.608%, faltan ~14.1 h [interior primero 0.608%, interior primero + pieza menos restrictiva 0.083%, reinicios, interior primero 29.4%] (Knuth: ~14.2 h) | máximo colocado 71 de 100 | hilos 8 de 12
    ... 317.1 s | grupo 1/6 | 150000049 nodos | revisado 0.609%, faltan ~14.2 h [interior primero 0.609%, interior primero + pieza menos restrictiva 0.083%, reinicios, interior primero 29.4%] (Knuth: ~14.2 h) | máximo colocado 71 de 100 | hilos 8 de 12
    ... 319.1 s | grupo 1/6 | 150978669 nodos | revisado 0.610%, faltan ~14.3 h [interior primero 0.610%, interior primero + pieza menos restrictiva 0.083%, reinicios, interior primero 30.5%] (Knuth: ~14.2 h) | máximo colocado 71 de 100 | hilos 8 de 12
    ... 321.1 s | grupo 1/6 | 151944647 nodos | revisado 0.612%, faltan ~14.3 h [interior primero 0.612%, interior primero + pieza menos restrictiva 0.083%, reinicios, interior primero 30.5%] (Knuth: ~14.2 h) | máximo colocado 71 de 100 | hilos 8 de 12
    ... 323.1 s | grupo 1/6 | 152908837 nodos | revisado 0.614%, faltan ~14.4 h [interior primero 0.614%, interior primero + pieza menos restrictiva 0.084%, reinicios, interior primero 30.5%] (Knuth: ~14.2 h) | máximo colocado 71 de 100 | hilos 8 de 12
    ... 325.1 s | grupo 1/6 | 153898004 nodos | revisado 0.614%, faltan ~14.5 h [interior primero 0.614%, interior primero + pieza menos restrictiva 0.085%, reinicios, interior primero 31.6%] (Knuth: ~14.2 h) | máximo colocado 71 de 100 | hilos 8 de 12
    ... 327.1 s | grupo 1/6 | 154858685 nodos | revisado 0.615%, faltan ~14.5 h [interior primero 0.615%, interior primero + pieza menos restrictiva 0.087%, reinicios, interior primero 31.6%] (Knuth: ~14.2 h) | máximo colocado 71 de 100 | hilos 8 de 12
    ... 329.1 s | grupo 1/6 | 155827156 nodos | revisado 0.616%, faltan ~14.6 h [interior primero 0.616%, interior primero + pieza menos restrictiva 0.087%, reinicios, interior primero 31.7%] (Knuth: ~14.2 h) | máximo colocado 71 de 100 | hilos 8 de 12
    ... 331.2 s | grupo 1/6 | 156763242 nodos | revisado 0.619%, faltan ~14.6 h [interior primero 0.619%, interior primero + pieza menos restrictiva 0.087%, reinicios, interior primero 31.7%] (Knuth: ~14.2 h) | máximo colocado 71 de 100 | hilos 8 de 12
    ... 333.2 s | grupo 1/6 | 157745171 nodos | revisado 0.620%, faltan ~14.7 h [interior primero 0.620%, interior primero + pieza menos restrictiva 0.087%, reinicios, interior primero 31.7%] (Knuth: ~14.2 h) | máximo colocado 71 de 100 | hilos 8 de 12
    ... 335.2 s | grupo 1/6 | 158713271 nodos | revisado 0.621%, faltan ~14.7 h [interior primero 0.621%, interior primero + pieza menos restrictiva 0.088%, reinicios, interior primero 32.7%] (Knuth: ~14.2 h) | máximo colocado 71 de 100 | hilos 8 de 12
    ... 337.2 s | grupo 1/6 | 159685312 nodos | revisado 0.621%, faltan ~14.8 h [interior primero 0.621%, interior primero + pieza menos restrictiva 0.088%, reinicios, interior primero 32.7%] (Knuth: ~14.2 h) | máximo colocado 71 de 100 | hilos 8 de 12
    ... 339.2 s | grupo 1/6 | 160654459 nodos | revisado 0.622%, faltan ~14.9 h [interior primero 0.622%, interior primero + pieza menos restrictiva 0.090%, reinicios, interior primero 32.8%] (Knuth: ~14.2 h) | máximo colocado 71 de 100 | hilos 8 de 12
    ... 341.2 s | grupo 1/6 | 161625451 nodos | revisado 0.623%, faltan ~15.0 h [interior primero 0.623%, interior primero + pieza menos restrictiva 0.091%, reinicios, interior primero 32.8%] (Knuth: ~14.2 h) | máximo colocado 71 de 100 | hilos 8 de 12
    ... 343.2 s | grupo 1/6 | 162590083 nodos | revisado 0.623%, faltan ~15.0 h [interior primero 0.623%, interior primero + pieza menos restrictiva 0.092%, reinicios, interior primero 32.8%] (Knuth: ~14.2 h) | máximo colocado 71 de 100 | hilos 8 de 12
    ... 345.2 s | grupo 1/6 | 163563560 nodos | revisado 0.623%, faltan ~15.1 h [interior primero 0.623%, interior primero + pieza menos restrictiva 0.093%, reinicios, interior primero 32.9%] (Knuth: ~14.2 h) | máximo colocado 71 de 100 | hilos 8 de 12
    ... 347.2 s | grupo 1/6 | 164532900 nodos | revisado 0.624%, faltan ~15.2 h [interior primero 0.624%, interior primero + pieza menos restrictiva 0.096%, reinicios, interior primero 32.9%] (Knuth: ~14.2 h) | máximo colocado 71 de 100 | hilos 8 de 12
    ... 349.2 s | grupo 1/6 | 165524736 nodos | revisado 0.624%, faltan ~15.3 h [interior primero 0.624%, interior primero + pieza menos restrictiva 0.097%, reinicios, interior primero 32.9%] (Knuth: ~14.2 h) | máximo colocado 71 de 100 | hilos 8 de 12
    ... 351.3 s | grupo 1/6 | 166503954 nodos | revisado 0.626%, faltan ~15.3 h [interior primero 0.626%, interior primero + pieza menos restrictiva 0.098%, reinicios, interior primero 33.4%] (Knuth: ~14.2 h) | máximo colocado 71 de 100 | hilos 8 de 12
    ... 353.3 s | grupo 1/6 | 167472089 nodos | revisado 0.627%, faltan ~15.4 h [interior primero 0.627%, interior primero + pieza menos restrictiva 0.099%, reinicios, interior primero 33.4%] (Knuth: ~14.2 h) | máximo colocado 71 de 100 | hilos 8 de 12
    ... 355.3 s | grupo 1/6 | 168403118 nodos | revisado 0.628%, faltan ~15.5 h [interior primero 0.628%, interior primero + pieza menos restrictiva 0.099%, reinicios, interior primero 34.5%] (Knuth: ~14.2 h) | máximo colocado 71 de 100 | hilos 8 de 12
    ... 357.3 s | grupo 1/6 | 169372857 nodos | revisado 0.630%, faltan ~15.5 h [interior primero 0.630%, interior primero + pieza menos restrictiva 0.100%, reinicios, interior primero 34.5%] (Knuth: ~14.2 h) | máximo colocado 71 de 100 | hilos 8 de 12
    ... 359.3 s | grupo 1/6 | 170341153 nodos | revisado 0.630%, faltan ~15.6 h [interior primero 0.630%, interior primero + pieza menos restrictiva 0.100%, reinicios, interior primero 34.5%] (Knuth: ~14.2 h) | máximo colocado 71 de 100 | hilos 8 de 12
    ... 361.3 s | grupo 1/6 | 171301761 nodos | revisado 0.631%, faltan ~15.6 h [interior primero 0.631%, interior primero + pieza menos restrictiva 0.100%, reinicios, interior primero 34.6%] (Knuth: ~14.2 h) | máximo colocado 71 de 100 | hilos 8 de 12
    ... 363.3 s | grupo 1/6 | 172280711 nodos | revisado 0.632%, faltan ~15.7 h [interior primero 0.632%, interior primero + pieza menos restrictiva 0.100%, reinicios, interior primero 34.6%] (Knuth: ~14.2 h) | máximo colocado 71 de 100 | hilos 8 de 12
    ... 365.3 s | grupo 1/6 | 173279380 nodos | revisado 0.633%, faltan ~15.8 h [interior primero 0.633%, interior primero + pieza menos restrictiva 0.101%, reinicios, interior primero 34.6%] (Knuth: ~14.2 h) | máximo colocado 71 de 100 | hilos 8 de 12
    ... 367.3 s | grupo 1/6 | 174283150 nodos | revisado 0.633%, faltan ~15.8 h [interior primero 0.633%, interior primero + pieza menos restrictiva 0.101%, reinicios, interior primero 34.6%] (Knuth: ~14.2 h) | máximo colocado 71 de 100 | hilos 8 de 12
    ... 369.3 s | grupo 1/6 | 175260333 nodos | revisado 0.634%, faltan ~15.9 h [interior primero 0.634%, interior primero + pieza menos restrictiva 0.101%, reinicios, interior primero 34.7%] (Knuth: ~14.2 h) | máximo colocado 71 de 100 | hilos 8 de 12
    ... 371.3 s | grupo 1/6 | 176250372 nodos | revisado 0.635%, faltan ~16.0 h [interior primero 0.635%, interior primero + pieza menos restrictiva 0.102%, reinicios, interior primero 34.7%] (Knuth: ~14.2 h) | máximo colocado 71 de 100 | hilos 8 de 12
    ... 373.3 s | grupo 1/6 | 177224054 nodos | revisado 0.636%, faltan ~16.0 h [interior primero 0.636%, interior primero + pieza menos restrictiva 0.103%, reinicios, interior primero 34.7%] (Knuth: ~14.1 h) | máximo colocado 71 de 100 | hilos 8 de 12
    ... 375.3 s | grupo 1/6 | 178183323 nodos | revisado 0.637%, faltan ~16.1 h [interior primero 0.637%, interior primero + pieza menos restrictiva 0.104%, reinicios, interior primero 34.7%] (Knuth: ~14.1 h) | máximo colocado 71 de 100 | hilos 8 de 12
    ... 377.4 s | grupo 1/6 | 179151385 nodos | revisado 0.638%, faltan ~16.2 h [interior primero 0.638%, interior primero + pieza menos restrictiva 0.105%, reinicios, interior primero 34.7%] (Knuth: ~14.1 h) | máximo colocado 71 de 100 | hilos 8 de 12
    ... 379.4 s | grupo 1/6 | 180121664 nodos | revisado 0.641%, faltan ~16.2 h [interior primero 0.641%, interior primero + pieza menos restrictiva 0.106%, reinicios, interior primero 35.8%] (Knuth: ~14.1 h) | máximo colocado 71 de 100 | hilos 8 de 12
    ... 381.4 s | grupo 1/6 | 181110218 nodos | revisado 0.641%, faltan ~16.3 h [interior primero 0.641%, interior primero + pieza menos restrictiva 0.107%, reinicios, interior primero 36.3%] (Knuth: ~14.1 h) | máximo colocado 71 de 100 | hilos 8 de 12
    ... 383.4 s | grupo 1/6 | 182072054 nodos | revisado 0.643%, faltan ~16.3 h [interior primero 0.643%, interior primero + pieza menos restrictiva 0.113%, reinicios, interior primero 36.3%] (Knuth: ~14.1 h) | máximo colocado 71 de 100 | hilos 8 de 12
    ... 385.4 s | grupo 1/6 | 183054860 nodos | revisado 0.644%, faltan ~16.3 h [interior primero 0.644%, interior primero + pieza menos restrictiva 0.114%, reinicios, interior primero 36.3%] (Knuth: ~14.1 h) | máximo colocado 71 de 100 | hilos 8 de 12
    ... 387.4 s | grupo 1/6 | 184046899 nodos | revisado 0.645%, faltan ~16.4 h [interior primero 0.645%, interior primero + pieza menos restrictiva 0.118%, reinicios, interior primero 36.3%] (Knuth: ~14.1 h) | máximo colocado 71 de 100 | hilos 8 de 12
    ... 389.4 s | grupo 1/6 | 185039939 nodos | revisado 0.648%, faltan ~16.4 h [interior primero 0.648%, interior primero + pieza menos restrictiva 0.124%, reinicios, interior primero 36.4%] (Knuth: ~14.1 h) | máximo colocado 71 de 100 | hilos 8 de 12
    ... 391.4 s | grupo 1/6 | 186039242 nodos | revisado 0.649%, faltan ~16.5 h [interior primero 0.649%, interior primero + pieza menos restrictiva 0.125%, reinicios, interior primero 36.5%] (Knuth: ~14.1 h) | máximo colocado 71 de 100 | hilos 8 de 12
    ... 393.4 s | grupo 1/6 | 187017629 nodos | revisado 0.650%, faltan ~16.5 h [interior primero 0.650%, interior primero + pieza menos restrictiva 0.126%, reinicios, interior primero 36.6%] (Knuth: ~14.1 h) | máximo colocado 71 de 100 | hilos 8 de 12
    ... 395.5 s | grupo 1/6 | 187995425 nodos | revisado 0.651%, faltan ~16.6 h [interior primero 0.651%, interior primero + pieza menos restrictiva 0.127%, reinicios, interior primero 36.7%] (Knuth: ~14.1 h) | máximo colocado 71 de 100 | hilos 8 de 12
    ... 397.5 s | grupo 1/6 | 188983720 nodos | revisado 0.651%, faltan ~16.7 h [interior primero 0.651%, interior primero + pieza menos restrictiva 0.128%, reinicios, interior primero 36.8%] (Knuth: ~14.1 h) | máximo colocado 71 de 100 | hilos 8 de 12
    ... 399.5 s | grupo 1/6 | 189954127 nodos | revisado 0.652%, faltan ~16.8 h [interior primero 0.652%, interior primero + pieza menos restrictiva 0.129%, reinicios, interior primero 37.9%] (Knuth: ~14.1 h) | máximo colocado 71 de 100 | hilos 8 de 12
    ... 401.5 s | grupo 1/6 | 190926678 nodos | revisado 0.652%, faltan ~16.8 h [interior primero 0.652%, interior primero + pieza menos restrictiva 0.130%, reinicios, interior primero 37.9%] (Knuth: ~14.1 h) | máximo colocado 71 de 100 | hilos 8 de 12
    ... 403.5 s | grupo 1/6 | 191925464 nodos | revisado 0.652%, faltan ~16.9 h [interior primero 0.652%, interior primero + pieza menos restrictiva 0.134%, reinicios, interior primero 37.9%] (Knuth: ~14.1 h) | máximo colocado 71 de 100 | hilos 8 de 12
    ... 405.5 s | grupo 1/6 | 192910450 nodos | revisado 0.652%, faltan ~17.0 h [interior primero 0.652%, interior primero + pieza menos restrictiva 0.134%, reinicios, interior primero 38.0%] (Knuth: ~14.1 h) | máximo colocado 71 de 100 | hilos 8 de 12
    ... 407.5 s | grupo 1/6 | 193871255 nodos | revisado 0.653%, faltan ~17.1 h [interior primero 0.653%, interior primero + pieza menos restrictiva 0.135%, reinicios, interior primero 38.0%] (Knuth: ~14.1 h) | máximo colocado 71 de 100 | hilos 8 de 12
    ... 409.5 s | grupo 1/6 | 194848248 nodos | revisado 0.653%, faltan ~17.1 h [interior primero 0.653%, interior primero + pieza menos restrictiva 0.135%, reinicios, interior primero 38.0%] (Knuth: ~14.1 h) | máximo colocado 71 de 100 | hilos 8 de 12
    ... 411.5 s | grupo 1/6 | 195809845 nodos | revisado 0.654%, faltan ~17.2 h [interior primero 0.654%, interior primero + pieza menos restrictiva 0.136%, reinicios, interior primero 38.1%] (Knuth: ~14.1 h) | máximo colocado 71 de 100 | hilos 8 de 12
    ... 413.5 s | grupo 1/6 | 196782138 nodos | revisado 0.654%, faltan ~17.3 h [interior primero 0.654%, interior primero + pieza menos restrictiva 0.136%, reinicios, interior primero 38.1%] (Knuth: ~14.1 h) | máximo colocado 71 de 100 | hilos 8 de 12
    ... 415.6 s | grupo 1/6 | 197754075 nodos | revisado 0.654%, faltan ~17.4 h [interior primero 0.654%, interior primero + pieza menos restrictiva 0.137%, reinicios, interior primero 38.2%] (Knuth: ~14.1 h) | máximo colocado 71 de 100 | hilos 8 de 12
    ... 417.6 s | grupo 1/6 | 198735407 nodos | revisado 0.655%, faltan ~17.4 h [interior primero 0.655%, interior primero + pieza menos restrictiva 0.137%, reinicios, interior primero 38.2%] (Knuth: ~14.1 h) | máximo colocado 71 de 100 | hilos 8 de 12
    ... 419.6 s | grupo 1/6 | 199702934 nodos | revisado 0.655%, faltan ~17.5 h [interior primero 0.655%, interior primero + pieza menos restrictiva 0.138%, reinicios, interior primero 38.2%] (Knuth: ~14.1 h) | máximo colocado 71 de 100 | hilos 8 de 12
    ... 421.6 s | grupo 1/6 | 200674980 nodos | revisado 0.655%, faltan ~17.6 h [interior primero 0.655%, interior primero + pieza menos restrictiva 0.139%, reinicios, interior primero 38.2%] (Knuth: ~14.1 h) | máximo colocado 71 de 100 | hilos 8 de 12
    ... 423.6 s | grupo 1/6 | 201638594 nodos | revisado 0.656%, faltan ~17.7 h [interior primero 0.656%, interior primero + pieza menos restrictiva 0.139%, reinicios, interior primero 38.3%] (Knuth: ~14.1 h) | máximo colocado 71 de 100 | hilos 8 de 12
    ... 425.6 s | grupo 1/6 | 202602489 nodos | revisado 0.656%, faltan ~17.7 h [interior primero 0.656%, interior primero + pieza menos restrictiva 0.139%, reinicios, interior primero 38.3%] (Knuth: ~14.1 h) | máximo colocado 71 de 100 | hilos 8 de 12
    ... 427.6 s | grupo 1/6 | 203573745 nodos | revisado 0.658%, faltan ~17.8 h [interior primero 0.658%, interior primero + pieza menos restrictiva 0.139%, reinicios, interior primero 38.3%] (Knuth: ~14.1 h) | máximo colocado 71 de 100 | hilos 8 de 12
    ... 429.6 s | grupo 1/6 | 204549336 nodos | revisado 0.665%, faltan ~17.7 h [interior primero 0.665%, interior primero + pieza menos restrictiva 0.139%, reinicios, interior primero 38.4%] (Knuth: ~14.1 h) | máximo colocado 71 de 100 | hilos 8 de 12
    ... 431.6 s | grupo 1/6 | 205541177 nodos | revisado 0.665%, faltan ~17.7 h [interior primero 0.665%, interior primero + pieza menos restrictiva 0.140%, reinicios, interior primero 38.4%] (Knuth: ~14.1 h) | máximo colocado 71 de 100 | hilos 8 de 12
    ... 433.6 s | grupo 1/6 | 206549675 nodos | revisado 0.666%, faltan ~17.8 h [interior primero 0.666%, interior primero + pieza menos restrictiva 0.140%, reinicios, interior primero 38.4%] (Knuth: ~14.1 h) | máximo colocado 71 de 100 | hilos 8 de 12
    ... 435.7 s | grupo 1/6 | 207535768 nodos | revisado 0.666%, faltan ~17.9 h [interior primero 0.666%, interior primero + pieza menos restrictiva 0.140%, reinicios, interior primero 38.4%] (Knuth: ~14.1 h) | máximo colocado 71 de 100 | hilos 8 de 12
    ... 437.7 s | grupo 1/6 | 208494397 nodos | revisado 0.667%, faltan ~18.0 h [interior primero 0.667%, interior primero + pieza menos restrictiva 0.140%, reinicios, interior primero 38.4%] (Knuth: ~14.1 h) | máximo colocado 71 de 100 | hilos 8 de 12
    ... 439.7 s | grupo 1/6 | 209462010 nodos | revisado 0.668%, faltan ~18.0 h [interior primero 0.668%, interior primero + pieza menos restrictiva 0.140%, reinicios, interior primero 38.4%] (Knuth: ~14.1 h) | máximo colocado 71 de 100 | hilos 8 de 12
    ... 441.7 s | grupo 1/6 | 210419879 nodos | revisado 0.668%, faltan ~18.1 h [interior primero 0.668%, interior primero + pieza menos restrictiva 0.140%, reinicios, interior primero 38.4%] (Knuth: ~14.1 h) | máximo colocado 71 de 100 | hilos 8 de 12
    ... 443.7 s | grupo 1/6 | 211367268 nodos | revisado 0.669%, faltan ~18.1 h [interior primero 0.669%, interior primero + pieza menos restrictiva 0.141%, reinicios, interior primero 38.4%] (Knuth: ~14.1 h) | máximo colocado 71 de 100 | hilos 8 de 12
    ... 445.7 s | grupo 1/6 | 212343149 nodos | revisado 0.671%, faltan ~18.2 h [interior primero 0.671%, interior primero + pieza menos restrictiva 0.141%, reinicios, interior primero 38.5%] (Knuth: ~14.1 h) | máximo colocado 71 de 100 | hilos 8 de 12
    ... 447.7 s | grupo 1/6 | 213323547 nodos | revisado 0.676%, faltan ~18.1 h [interior primero 0.676%, interior primero + pieza menos restrictiva 0.141%, reinicios, interior primero 38.5%] (Knuth: ~14.1 h) | máximo colocado 71 de 100 | hilos 8 de 12
    ... 449.7 s | grupo 1/6 | 214289521 nodos | revisado 0.676%, faltan ~18.2 h [interior primero 0.676%, interior primero + pieza menos restrictiva 0.141%, reinicios, interior primero 38.5%] (Knuth: ~14.1 h) | máximo colocado 71 de 100 | hilos 8 de 12
    ... 451.7 s | grupo 1/6 | 215289961 nodos | revisado 0.678%, faltan ~18.2 h [interior primero 0.678%, interior primero + pieza menos restrictiva 0.142%, reinicios, interior primero 38.5%] (Knuth: ~14.1 h) | máximo colocado 71 de 100 | hilos 8 de 12
    ... 453.7 s | grupo 1/6 | 216288961 nodos | revisado 0.682%, faltan ~18.2 h [interior primero 0.682%, interior primero + pieza menos restrictiva 0.142%, reinicios, interior primero 38.5%] (Knuth: ~14.1 h) | máximo colocado 71 de 100 | hilos 8 de 12
    ... 455.7 s | grupo 1/6 | 217276583 nodos | revisado 0.683%, faltan ~18.3 h [interior primero 0.683%, interior primero + pieza menos restrictiva 0.143%, reinicios, interior primero 39.6%] (Knuth: ~14.1 h) | máximo colocado 71 de 100 | hilos 8 de 12
    ... 457.7 s | grupo 1/6 | 218269991 nodos | revisado 0.683%, faltan ~18.3 h [interior primero 0.683%, interior primero + pieza menos restrictiva 0.144%, reinicios, interior primero 40.6%] (Knuth: ~14.1 h) | máximo colocado 71 de 100 | hilos 8 de 12
    ... 459.8 s | grupo 1/6 | 219264180 nodos | revisado 0.684%, faltan ~18.4 h [interior primero 0.684%, interior primero + pieza menos restrictiva 0.144%, reinicios, interior primero 42.1%] (Knuth: ~14.1 h) | máximo colocado 71 de 100 | hilos 8 de 12
    ... 461.8 s | grupo 1/6 | 220251543 nodos | revisado 0.684%, faltan ~18.5 h [interior primero 0.684%, interior primero + pieza menos restrictiva 0.145%, reinicios, interior primero 42.1%] (Knuth: ~14.1 h) | máximo colocado 71 de 100 | hilos 8 de 12
    ... 463.8 s | grupo 1/6 | 221234556 nodos | revisado 0.685%, faltan ~18.5 h [interior primero 0.685%, interior primero + pieza menos restrictiva 0.145%, reinicios, interior primero 42.1%] (Knuth: ~14.1 h) | máximo colocado 71 de 100 | hilos 8 de 12
    ... 465.8 s | grupo 1/6 | 222196677 nodos | revisado 0.686%, faltan ~18.6 h [interior primero 0.686%, interior primero + pieza menos restrictiva 0.146%, reinicios, interior primero 42.1%] (Knuth: ~14.1 h) | máximo colocado 71 de 100 | hilos 8 de 12
    ... 467.8 s | grupo 1/6 | 223170869 nodos | revisado 0.687%, faltan ~18.6 h [interior primero 0.687%, interior primero + pieza menos restrictiva 0.146%, reinicios, interior primero 42.2%] (Knuth: ~14.1 h) | máximo colocado 71 de 100 | hilos 8 de 12
    ... 469.8 s | grupo 1/6 | 224139930 nodos | revisado 0.688%, faltan ~18.7 h [interior primero 0.688%, interior primero + pieza menos restrictiva 0.149%, reinicios, interior primero 42.2%] (Knuth: ~14.1 h) | máximo colocado 71 de 100 | hilos 8 de 12
    ... 471.8 s | grupo 1/6 | 225103057 nodos | revisado 0.688%, faltan ~18.8 h [interior primero 0.688%, interior primero + pieza menos restrictiva 0.149%, reinicios, interior primero 42.2%] (Knuth: ~14.1 h) | máximo colocado 71 de 100 | hilos 8 de 12
    ... 473.8 s | grupo 1/6 | 226041530 nodos | revisado 0.691%, faltan ~18.8 h [interior primero 0.691%, interior primero + pieza menos restrictiva 0.150%, reinicios, interior primero 42.3%] (Knuth: ~14.1 h) | máximo colocado 71 de 100 | hilos 8 de 12
    ... 475.8 s | grupo 1/6 | 227011510 nodos | revisado 0.692%, faltan ~18.8 h [interior primero 0.692%, interior primero + pieza menos restrictiva 0.150%, reinicios, interior primero 42.7%] (Knuth: ~14.1 h) | máximo colocado 71 de 100 | hilos 8 de 12
    ... 477.8 s | grupo 1/6 | 227976677 nodos | revisado 0.692%, faltan ~18.9 h [interior primero 0.692%, interior primero + pieza menos restrictiva 0.151%, reinicios, interior primero 42.8%] (Knuth: ~14.1 h) | máximo colocado 71 de 100 | hilos 8 de 12
    ... 479.9 s | grupo 1/6 | 228959180 nodos | revisado 0.693%, faltan ~19.0 h [interior primero 0.693%, interior primero + pieza menos restrictiva 0.151%, reinicios, interior primero 42.8%] (Knuth: ~14.1 h) | máximo colocado 71 de 100 | hilos 8 de 12
    ... 481.9 s | grupo 1/6 | 229931417 nodos | revisado 0.694%, faltan ~19.0 h [interior primero 0.694%, interior primero + pieza menos restrictiva 0.152%, reinicios, interior primero 42.8%] (Knuth: ~14.1 h) | máximo colocado 71 de 100 | hilos 8 de 12
    ... 483.9 s | grupo 1/6 | 230896259 nodos | revisado 0.695%, faltan ~19.0 h [interior primero 0.695%, interior primero + pieza menos restrictiva 0.153%, reinicios, interior primero 42.9%] (Knuth: ~14.1 h) | máximo colocado 71 de 100 | hilos 8 de 12
    ... 485.9 s | grupo 1/6 | 231863700 nodos | revisado 0.697%, faltan ~19.1 h [interior primero 0.697%, interior primero + pieza menos restrictiva 0.153%, reinicios, interior primero 42.9%] (Knuth: ~14.1 h) | máximo colocado 71 de 100 | hilos 8 de 12
    ... 487.9 s | grupo 1/6 | 232838579 nodos | revisado 0.699%, faltan ~19.1 h [interior primero 0.699%, interior primero + pieza menos restrictiva 0.153%, reinicios, interior primero 42.9%] (Knuth: ~14.1 h) | máximo colocado 71 de 100 | hilos 8 de 12
    ... 489.9 s | grupo 1/6 | 233824531 nodos | revisado 0.699%, faltan ~19.2 h [interior primero 0.699%, interior primero + pieza menos restrictiva 0.153%, reinicios, interior primero 43.0%] (Knuth: ~14.1 h) | máximo colocado 71 de 100 | hilos 8 de 12
    ... 491.9 s | grupo 1/6 | 234804561 nodos | revisado 0.700%, faltan ~19.3 h [interior primero 0.700%, interior primero + pieza menos restrictiva 0.153%, reinicios, interior primero 43.0%] (Knuth: ~14.1 h) | máximo colocado 71 de 100 | hilos 8 de 12
    ... 493.9 s | grupo 1/6 | 235794669 nodos | revisado 0.703%, faltan ~19.2 h [interior primero 0.703%, interior primero + pieza menos restrictiva 0.154%, reinicios, interior primero 44.0%] (Knuth: ~14.1 h) | máximo colocado 71 de 100 | hilos 8 de 12
    ... 495.9 s | grupo 1/6 | 236783723 nodos | revisado 0.709%, faltan ~19.1 h [interior primero 0.709%, interior primero + pieza menos restrictiva 0.154%, reinicios, interior primero 44.0%] (Knuth: ~14.1 h) | máximo colocado 71 de 100 | hilos 8 de 12
    ... 497.9 s | grupo 1/6 | 237753161 nodos | revisado 0.710%, faltan ~19.2 h [interior primero 0.710%, interior primero + pieza menos restrictiva 0.154%, reinicios, interior primero 44.0%] (Knuth: ~14.1 h) | máximo colocado 71 de 100 | hilos 8 de 12
    ... 499.9 s | grupo 1/6 | 238729130 nodos | revisado 0.710%, faltan ~19.3 h [interior primero 0.710%, interior primero + pieza menos restrictiva 0.154%, reinicios, interior primero 44.1%] (Knuth: ~14.1 h) | máximo colocado 71 de 100 | hilos 8 de 12
    ... 501.9 s | grupo 1/6 | 239702290 nodos | revisado 0.711%, faltan ~19.3 h [interior primero 0.711%, interior primero + pieza menos restrictiva 0.154%, reinicios, interior primero 44.1%] (Knuth: ~14.1 h) | máximo colocado 71 de 100 | hilos 8 de 12
    ... 503.9 s | grupo 1/6 | 240671744 nodos | revisado 0.711%, faltan ~19.4 h [interior primero 0.711%, interior primero + pieza menos restrictiva 0.154%, reinicios, interior primero 44.1%] (Knuth: ~14.1 h) | máximo colocado 71 de 100 | hilos 8 de 12
    ... 506.0 s | grupo 1/6 | 241642706 nodos | revisado 0.711%, faltan ~19.5 h [interior primero 0.711%, interior primero + pieza menos restrictiva 0.154%, reinicios, interior primero 44.1%] (Knuth: ~14.1 h) | máximo colocado 71 de 100 | hilos 8 de 12
    ... 508.0 s | grupo 1/6 | 242592813 nodos | revisado 0.711%, faltan ~19.5 h [interior primero 0.711%, interior primero + pieza menos restrictiva 0.156%, reinicios, interior primero 44.1%] (Knuth: ~14.1 h) | máximo colocado 71 de 100 | hilos 8 de 12
    ... 510.0 s | grupo 1/6 | 243540249 nodos | revisado 0.712%, faltan ~19.6 h [interior primero 0.712%, interior primero + pieza menos restrictiva 0.156%, reinicios, interior primero 44.1%] (Knuth: ~14.1 h) | máximo colocado 71 de 100 | hilos 8 de 12
    ... 512.0 s | grupo 1/6 | 244490399 nodos | revisado 0.712%, faltan ~19.7 h [interior primero 0.712%, interior primero + pieza menos restrictiva 0.156%, reinicios, interior primero 44.1%] (Knuth: ~14.1 h) | máximo colocado 71 de 100 | hilos 8 de 12
    ... 514.0 s | grupo 1/6 | 245441667 nodos | revisado 0.714%, faltan ~19.7 h [interior primero 0.714%, interior primero + pieza menos restrictiva 0.156%, reinicios, interior primero 44.1%] (Knuth: ~14.1 h) | máximo colocado 71 de 100 | hilos 8 de 12
    ... 516.0 s | grupo 1/6 | 246404863 nodos | revisado 0.715%, faltan ~19.8 h [interior primero 0.715%, interior primero + pieza menos restrictiva 0.156%, reinicios, interior primero 44.1%] (Knuth: ~14.1 h) | máximo colocado 71 de 100 | hilos 8 de 12
    ... 518.0 s | grupo 1/6 | 247384930 nodos | revisado 0.716%, faltan ~19.8 h [interior primero 0.716%, interior primero + pieza menos restrictiva 0.157%, reinicios, interior primero 44.1%] (Knuth: ~14.1 h) | máximo colocado 71 de 100 | hilos 8 de 12
    ... 520.0 s | grupo 1/6 | 248341798 nodos | revisado 0.717%, faltan ~19.9 h [interior primero 0.717%, interior primero + pieza menos restrictiva 0.157%, reinicios, interior primero 44.2%] (Knuth: ~14.1 h) | máximo colocado 71 de 100 | hilos 8 de 12
    ... 522.0 s | grupo 1/6 | 249307540 nodos | revisado 0.717%, faltan ~19.9 h [interior primero 0.717%, interior primero + pieza menos restrictiva 0.158%, reinicios, interior primero 44.7%] (Knuth: ~14.1 h) | máximo colocado 71 de 100 | hilos 8 de 12
    ... 524.0 s | grupo 1/6 | 250287872 nodos | revisado 0.720%, faltan ~19.9 h [interior primero 0.720%, interior primero + pieza menos restrictiva 0.158%, reinicios, interior primero 44.7%] (Knuth: ~14.1 h) | máximo colocado 71 de 100 | hilos 8 de 12
    ... 526.0 s | grupo 1/6 | 251263823 nodos | revisado 0.725%, faltan ~19.9 h [interior primero 0.725%, interior primero + pieza menos restrictiva 0.158%, reinicios, interior primero 44.7%] (Knuth: ~14.1 h) | máximo colocado 71 de 100 | hilos 8 de 12
    ... 528.0 s | grupo 1/6 | 252251546 nodos | revisado 0.727%, faltan ~19.9 h [interior primero 0.727%, interior primero + pieza menos restrictiva 0.158%, reinicios, interior primero 45.7%] (Knuth: ~14.1 h) | máximo colocado 71 de 100 | hilos 8 de 12
    ... 530.1 s | grupo 1/6 | 253234895 nodos | revisado 0.729%, faltan ~19.9 h [interior primero 0.729%, interior primero + pieza menos restrictiva 0.159%, reinicios, interior primero 45.8%] (Knuth: ~14.1 h) | máximo colocado 71 de 100 | hilos 8 de 12
    ... 532.1 s | grupo 1/6 | 254219902 nodos | revisado 0.730%, faltan ~19.9 h [interior primero 0.730%, interior primero + pieza menos restrictiva 0.159%, reinicios, interior primero 45.8%] (Knuth: ~14.1 h) | máximo colocado 71 de 100 | hilos 8 de 12
    ... 534.1 s | grupo 1/6 | 255170657 nodos | revisado 0.732%, faltan ~20.0 h [interior primero 0.732%, interior primero + pieza menos restrictiva 0.160%, reinicios, interior primero 47.8%] (Knuth: ~14.1 h) | máximo colocado 71 de 100 | hilos 8 de 12
    ... 536.1 s | grupo 1/6 | 256156177 nodos | revisado 0.736%, faltan ~19.9 h [interior primero 0.736%, interior primero + pieza menos restrictiva 0.161%, reinicios, interior primero 47.9%] (Knuth: ~14.1 h) | máximo colocado 71 de 100 | hilos 8 de 12
    ... 538.1 s | grupo 1/6 | 257141967 nodos | revisado 0.737%, faltan ~20.0 h [interior primero 0.737%, interior primero + pieza menos restrictiva 0.161%, reinicios, interior primero 47.9%] (Knuth: ~14.1 h) | máximo colocado 71 de 100 | hilos 8 de 12
    ... 540.1 s | grupo 1/6 | 258135581 nodos | revisado 0.739%, faltan ~20.0 h [interior primero 0.739%, interior primero + pieza menos restrictiva 0.162%, reinicios, interior primero 47.9%] (Knuth: ~14.1 h) | máximo colocado 71 de 100 | hilos 8 de 12
    ... 542.1 s | grupo 1/6 | 259140441 nodos | revisado 0.740%, faltan ~20.0 h [interior primero 0.740%, interior primero + pieza menos restrictiva 0.162%, reinicios, interior primero 47.9%] (Knuth: ~14.0 h) | máximo colocado 71 de 100 | hilos 8 de 12
    ... 544.1 s | grupo 1/6 | 260115594 nodos | revisado 0.744%, faltan ~20.0 h [interior primero 0.744%, interior primero + pieza menos restrictiva 0.162%, reinicios, interior primero 47.9%] (Knuth: ~14.0 h) | máximo colocado 71 de 100 | hilos 8 de 12
    ... 546.1 s | grupo 1/6 | 261107345 nodos | revisado 0.745%, faltan ~20.1 h [interior primero 0.745%, interior primero + pieza menos restrictiva 0.162%, reinicios, interior primero 47.9%] (Knuth: ~14.0 h) | máximo colocado 71 de 100 | hilos 8 de 12
    ... 548.1 s | grupo 1/6 | 262101486 nodos | revisado 0.746%, faltan ~20.1 h [interior primero 0.746%, interior primero + pieza menos restrictiva 0.162%, reinicios, interior primero 48.0%] (Knuth: ~14.0 h) | máximo colocado 71 de 100 | hilos 8 de 12
    ... 550.2 s | grupo 1/6 | 263089229 nodos | revisado 0.747%, faltan ~20.2 h [interior primero 0.747%, interior primero + pieza menos restrictiva 0.162%, reinicios, interior primero 48.0%] (Knuth: ~14.0 h) | máximo colocado 71 de 100 | hilos 8 de 12
    ... 552.2 s | grupo 1/6 | 264065776 nodos | revisado 0.748%, faltan ~20.2 h [interior primero 0.748%, interior primero + pieza menos restrictiva 0.162%, reinicios, interior primero 49.1%] (Knuth: ~14.0 h) | máximo colocado 71 de 100 | hilos 8 de 12
    ... 554.2 s | grupo 1/6 | 265053397 nodos | revisado 0.748%, faltan ~20.3 h [interior primero 0.748%, interior primero + pieza menos restrictiva 0.162%, reinicios, interior primero 49.6%] (Knuth: ~14.0 h) | máximo colocado 71 de 100 | hilos 8 de 12
    ... 556.2 s | grupo 1/6 | 266043856 nodos | revisado 0.750%, faltan ~20.3 h [interior primero 0.750%, interior primero + pieza menos restrictiva 0.163%, reinicios, interior primero 49.6%] (Knuth: ~14.0 h) | máximo colocado 71 de 100 | hilos 8 de 12
    ... 558.2 s | grupo 1/6 | 267002082 nodos | revisado 0.751%, faltan ~20.3 h [interior primero 0.751%, interior primero + pieza menos restrictiva 0.163%, reinicios, interior primero 50.6%] (Knuth: ~14.0 h) | máximo colocado 71 de 100 | hilos 8 de 12
    ... 560.2 s | grupo 1/6 | 267995841 nodos | revisado 0.752%, faltan ~20.4 h [interior primero 0.752%, interior primero + pieza menos restrictiva 0.163%, reinicios, interior primero 50.6%] (Knuth: ~14.0 h) | máximo colocado 71 de 100 | hilos 8 de 12
    ... 562.2 s | grupo 1/6 | 269011065 nodos | revisado 0.753%, faltan ~20.4 h [interior primero 0.753%, interior primero + pieza menos restrictiva 0.163%, reinicios, interior primero 50.7%] (Knuth: ~14.0 h) | máximo colocado 71 de 100 | hilos 8 de 12
    ... 564.2 s | grupo 1/6 | 269999476 nodos | revisado 0.754%, faltan ~20.5 h [interior primero 0.754%, interior primero + pieza menos restrictiva 0.164%, reinicios, interior primero 50.7%] (Knuth: ~14.0 h) | máximo colocado 71 de 100 | hilos 8 de 12
    ... 566.2 s | grupo 1/6 | 270986097 nodos | revisado 0.754%, faltan ~20.6 h [interior primero 0.754%, interior primero + pieza menos restrictiva 0.164%, reinicios, interior primero 50.7%] (Knuth: ~14.0 h) | máximo colocado 71 de 100 | hilos 8 de 12
    ... 568.3 s | grupo 1/6 | 271978113 nodos | revisado 0.754%, faltan ~20.6 h [interior primero 0.754%, interior primero + pieza menos restrictiva 0.164%, reinicios, interior primero 52.2%] (Knuth: ~14.0 h) | máximo colocado 71 de 100 | hilos 8 de 12
    ... 570.3 s | grupo 1/6 | 272985782 nodos | revisado 0.755%, faltan ~20.7 h [interior primero 0.755%, interior primero + pieza menos restrictiva 0.164%, reinicios, interior primero 52.3%] (Knuth: ~14.0 h) | máximo colocado 71 de 100 | hilos 8 de 12
    ... 572.3 s | grupo 1/6 | 273975649 nodos | revisado 0.756%, faltan ~20.7 h [interior primero 0.756%, interior primero + pieza menos restrictiva 0.164%, reinicios, interior primero 53.4%] (Knuth: ~14.0 h) | máximo colocado 71 de 100 | hilos 8 de 12
    ... 574.3 s | grupo 1/6 | 274964276 nodos | revisado 0.756%, faltan ~20.8 h [interior primero 0.756%, interior primero + pieza menos restrictiva 0.164%, reinicios, interior primero 53.5%] (Knuth: ~14.0 h) | máximo colocado 71 de 100 | hilos 8 de 12
    ... 576.3 s | grupo 1/6 | 275962600 nodos | revisado 0.757%, faltan ~20.9 h [interior primero 0.757%, interior primero + pieza menos restrictiva 0.164%, reinicios, interior primero 54.6%] (Knuth: ~14.0 h) | máximo colocado 71 de 100 | hilos 8 de 12
    ... 578.3 s | grupo 1/6 | 276962856 nodos | revisado 0.758%, faltan ~20.9 h [interior primero 0.758%, interior primero + pieza menos restrictiva 0.164%, reinicios, interior primero 54.6%] (Knuth: ~14.0 h) | máximo colocado 71 de 100 | hilos 8 de 12
    ... 580.3 s | grupo 1/6 | 277942799 nodos | revisado 0.759%, faltan ~20.9 h [interior primero 0.759%, interior primero + pieza menos restrictiva 0.164%, reinicios, interior primero 55.7%] (Knuth: ~14.0 h) | máximo colocado 71 de 100 | hilos 8 de 12
    ... 582.3 s | grupo 1/6 | 278909466 nodos | revisado 0.761%, faltan ~21.0 h [interior primero 0.761%, interior primero + pieza menos restrictiva 0.164%, reinicios, interior primero 56.8%] (Knuth: ~14.0 h) | máximo colocado 71 de 100 | hilos 8 de 12
    ... 584.3 s | grupo 1/6 | 279894736 nodos | revisado 0.761%, faltan ~21.0 h [interior primero 0.761%, interior primero + pieza menos restrictiva 0.165%, reinicios, interior primero 56.9%] (Knuth: ~14.0 h) | máximo colocado 71 de 100 | hilos 8 de 12
    ... 586.4 s | grupo 1/6 | 280865258 nodos | revisado 0.762%, faltan ~21.1 h [interior primero 0.762%, interior primero + pieza menos restrictiva 0.165%, reinicios, interior primero 57.0%] (Knuth: ~14.0 h) | máximo colocado 71 de 100 | hilos 8 de 12
    ... 588.4 s | grupo 1/6 | 281813520 nodos | revisado 0.763%, faltan ~21.1 h [interior primero 0.763%, interior primero + pieza menos restrictiva 0.165%, reinicios, interior primero 57.3%] (Knuth: ~14.0 h) | máximo colocado 71 de 100 | hilos 8 de 12
    ... 590.4 s | grupo 1/6 | 282799287 nodos | revisado 0.764%, faltan ~21.2 h [interior primero 0.764%, interior primero + pieza menos restrictiva 0.165%, reinicios, interior primero 57.3%] (Knuth: ~14.0 h) | máximo colocado 71 de 100 | hilos 8 de 12
    ... 592.4 s | grupo 1/6 | 283767951 nodos | revisado 0.765%, faltan ~21.2 h [interior primero 0.765%, interior primero + pieza menos restrictiva 0.165%, reinicios, interior primero 57.3%] (Knuth: ~14.0 h) | máximo colocado 71 de 100 | hilos 8 de 12
    ... 594.4 s | grupo 1/6 | 284733246 nodos | revisado 0.770%, faltan ~21.1 h [interior primero 0.770%, interior primero + pieza menos restrictiva 0.166%, reinicios, interior primero 57.3%] (Knuth: ~14.0 h) | máximo colocado 71 de 100 | hilos 8 de 12
    ... 596.4 s | grupo 1/6 | 285697396 nodos | revisado 0.771%, faltan ~21.2 h [interior primero 0.771%, interior primero + pieza menos restrictiva 0.166%, reinicios, interior primero 58.3%] (Knuth: ~14.0 h) | máximo colocado 71 de 100 | hilos 8 de 12
    ... 598.4 s | grupo 1/6 | 286678649 nodos | revisado 0.774%, faltan ~21.2 h [interior primero 0.774%, interior primero + pieza menos restrictiva 0.166%, reinicios, interior primero 58.4%] (Knuth: ~14.0 h) | máximo colocado 71 de 100 | hilos 8 de 12
[4] Grupo 1: cortado por límite de tiempo
[5] Tiempo total: 10 min
RESULTADO resuelto=0 ms=600039.4 marcos=0 nodos=287451136 grupos=1/6 hilos=12 t_marcos=0.000 t_interior=596.344 lados=0 unificado=1 max_colocadas=71 motivo=limite
