[0] Tablero 9x9, 12 colores, 12 hilos
[1] Esquinas juntas: las esquinas son parte de la búsqueda; un solo recorrido para todos los grupos
    grupo 1, orden menos opciones: estimado 5.8e+09 nodos
    grupo 1, orden interior primero: estimado 4.3e+07 nodos
[1] Estimado de Knuth por grupo (nodos): 4.3e+07(i)   (i) = interior primero
[2] Grupo 1/1: ruta unificada (mapas por lado, con piezas fijas), orden: interior primero
    ... 5.0 s | grupo 1/1 | 1293286 nodos | revisado 5.6%, faltan ~34 s (Knuth: ~65 s) | máximo colocado 52 de 81 | hilos 12 de 12
    ... 7.0 s | grupo 1/1 | 2593255 nodos | revisado 9.9%, faltan ~37 s (Knuth: ~63 s) | máximo colocado 53 de 81 | hilos 12 de 12
    ... 9.1 s | grupo 1/1 | 3848607 nodos | revisado 14.0%, faltan ~37 s (Knuth: ~62 s) | máximo colocado 53 de 81 | hilos 12 de 12
    ... 11.1 s | grupo 1/1 | 5179654 nodos | revisado 17.3%, faltan ~39 s (Knuth: ~59 s) | máximo colocado 54 de 81 | hilos 12 de 12
    ... 13.1 s | grupo 1/1 | 6474306 nodos | revisado 21.0%, faltan ~38 s (Knuth: ~57 s) | máximo colocado 54 de 81 | hilos 12 de 12
    ... 15.1 s | grupo 1/1 | 7819399 nodos | revisado 24.3%, faltan ~38 s (Knuth: ~54 s) | máximo colocado 54 de 81 | hilos 12 de 12
    ... 17.1 s | grupo 1/1 | 9275949 nodos | revisado 28.6%, faltan ~35 s (Knuth: ~51 s) | máximo colocado 54 de 81 | hilos 12 de 12
    ... 19.1 s | grupo 1/1 | 10705169 nodos | revisado 33.3%, faltan ~32 s (Knuth: ~49 s) | máximo colocado 54 de 81 | hilos 12 de 12
    ... 21.1 s | grupo 1/1 | 12178714 nodos | revisado 39.0%, faltan ~28 s (Knuth: ~46 s) | máximo colocado 54 de 81 | hilos 12 de 12
    ... 23.1 s | grupo 1/1 | 13631494 nodos | revisado 43.3%, faltan ~26 s (Knuth: ~43 s) | máximo colocado 54 de 81 | hilos 12 de 12
    ... 25.1 s | grupo 1/1 | 14985907 nodos | revisado 46.7%, faltan ~25 s (Knuth: ~41 s) | máximo colocado 54 de 81 | hilos 12 de 12
    ... 27.1 s | grupo 1/1 | 16421014 nodos | revisado 51.1%, faltan ~23 s (Knuth: ~39 s) | máximo colocado 54 de 81 | hilos 12 de 12
    ... 29.2 s | grupo 1/1 | 17860241 nodos | revisado 54.5%, faltan ~22 s (Knuth: ~37 s) | máximo colocado 58 de 81 | hilos 12 de 12
    ... 31.2 s | grupo 1/1 | 19306005 nodos | revisado 57.5%, faltan ~21 s (Knuth: ~35 s) | máximo colocado 58 de 81 | hilos 12 de 12
    ... 33.2 s | grupo 1/1 | 20765943 nodos | revisado 62.3%, faltan ~18 s (Knuth: ~32 s) | máximo colocado 58 de 81 | hilos 12 de 12
    ... 35.2 s | grupo 1/1 | 22212883 nodos | revisado 65.7%, faltan ~17 s (Knuth: ~30 s) | máximo colocado 58 de 81 | hilos 12 de 12
    ... 37.2 s | grupo 1/1 | 23678659 nodos | revisado 69.2%, faltan ~15 s (Knuth: ~28 s) | máximo colocado 58 de 81 | hilos 12 de 12
[4] Grupo 1: SOLUCIÓN. Verificación: OK
[5] Tiempo total: 39 s
RESULTADO resuelto=1 ms=38655.0 marcos=0 nodos=24685915 grupos=1/1 hilos=12 t_marcos=0.000 t_interior=35.641 lados=0 unificado=1 max_colocadas=81
