[0] Tablero 8x8, 10 colores, 12 hilos
[1] Esquinas juntas: las esquinas son parte de la búsqueda; un solo recorrido para todos los grupos
    grupo 1, orden menos opciones: estimado 5.48e+13 nodos
    grupo 1, orden interior primero: estimado 2.3e+12 nodos
[1] Estimado de Knuth por grupo (nodos): 2.3e+12(i)   (i) = interior primero
[2] Grupo 1/1: ruta unificada (mapas por lado), orden: interior primero; grupo grande: 3 estrategias a la vez (normal, pieza menos restrictiva, reinicios)
    ... 5.0 s | grupo 1/1 | 2266544 nodos | revisado 8.35e-05%, faltan ~28 días [interior primero 8.35e-05%, interior primero + pieza menos restrictiva 2.60e-07%, reinicios, interior primero 2.0%] (Knuth: ~24 días) | máximo colocado 48 de 64 | hilos 8 de 12
    ... 7.0 s | grupo 1/1 | 4536888 nodos | revisado 1.55e-04%, faltan ~30 días [interior primero 1.55e-04%, interior primero + pieza menos restrictiva 6.49e-07%, reinicios, interior primero 3.0%] (Knuth: ~24 días) | máximo colocado 48 de 64 | hilos 8 de 12
    ... 9.0 s | grupo 1/1 | 6812847 nodos | revisado 2.40e-04%, faltan ~29 días [interior primero 2.40e-04%, interior primero + pieza menos restrictiva 1.27e-06%, reinicios, interior primero 3.0%] (Knuth: ~24 días) | máximo colocado 48 de 64 | hilos 8 de 12
    ... 11.0 s | grupo 1/1 | 9084821 nodos | revisado 2.77e-04%, faltan ~34 días [interior primero 2.77e-04%, interior primero + pieza menos restrictiva 2.05e-06%, reinicios, interior primero 3.0%] (Knuth: ~24 días) | máximo colocado 48 de 64 | hilos 8 de 12
    ... 13.1 s | grupo 1/1 | 11311356 nodos | revisado 3.73e-04%, faltan ~31 días [interior primero 3.73e-04%, interior primero + pieza menos restrictiva 2.86e-06%, reinicios, interior primero 5.0%] (Knuth: ~24 días) | máximo colocado 49 de 64 | hilos 8 de 12
    ... 15.1 s | grupo 1/1 | 13537618 nodos | revisado 5.23e-04%, faltan ~27 días [interior primero 5.23e-04%, interior primero + pieza menos restrictiva 3.71e-06%, reinicios, interior primero 5.0%] (Knuth: ~24 días) | máximo colocado 49 de 64 | hilos 8 de 12
    ... 17.1 s | grupo 1/1 | 15762191 nodos | revisado 5.77e-04%, faltan ~28 días [interior primero 5.77e-04%, interior primero + pieza menos restrictiva 4.29e-06%, reinicios, interior primero 5.0%] (Knuth: ~24 días) | máximo colocado 49 de 64 | hilos 8 de 12
    ... 19.1 s | grupo 1/1 | 18049901 nodos | revisado 6.65e-04%, faltan ~28 días [interior primero 6.65e-04%, interior primero + pieza menos restrictiva 4.93e-06%, reinicios, interior primero 5.0%] (Knuth: ~24 días) | máximo colocado 49 de 64 | hilos 8 de 12
    ... 21.1 s | grupo 1/1 | 20259892 nodos | revisado 7.61e-04%, faltan ~28 días [interior primero 7.61e-04%, interior primero + pieza menos restrictiva 5.96e-06%, reinicios, interior primero 6.0%] (Knuth: ~24 días) | máximo colocado 49 de 64 | hilos 8 de 12
    ... 23.1 s | grupo 1/1 | 22420312 nodos | revisado 8.04e-04%, faltan ~29 días [interior primero 8.04e-04%, interior primero + pieza menos restrictiva 7.30e-06%, reinicios, interior primero 7.0%] (Knuth: ~24 días) | máximo colocado 49 de 64 | hilos 8 de 12
    ... 25.1 s | grupo 1/1 | 24607155 nodos | revisado 8.62e-04%, faltan ~30 días [interior primero 8.62e-04%, interior primero + pieza menos restrictiva 8.19e-06%, reinicios, interior primero 8.0%] (Knuth: ~24 días) | máximo colocado 50 de 64 | hilos 8 de 12
    ... 27.1 s | grupo 1/1 | 26793356 nodos | revisado 9.03e-04%, faltan ~31 días [interior primero 9.03e-04%, interior primero + pieza menos restrictiva 9.12e-06%, reinicios, interior primero 9.0%] (Knuth: ~24 días) | máximo colocado 50 de 64 | hilos 8 de 12
    ... 29.1 s | grupo 1/1 | 28994980 nodos | revisado 9.62e-04%, faltan ~31 días [interior primero 9.62e-04%, interior primero + pieza menos restrictiva 1.14e-05%, reinicios, interior primero 9.0%] (Knuth: ~24 días) | máximo colocado 50 de 64 | hilos 8 de 12
    ... 31.1 s | grupo 1/1 | 31216381 nodos | revisado 1.01e-03%, faltan ~32 días [interior primero 1.01e-03%, interior primero + pieza menos restrictiva 1.24e-05%, reinicios, interior primero 11.0%] (Knuth: ~24 días) | máximo colocado 50 de 64 | hilos 8 de 12
    ... 33.2 s | grupo 1/1 | 33431622 nodos | revisado 1.05e-03%, faltan ~33 días [interior primero 1.05e-03%, interior primero + pieza menos restrictiva 1.34e-05%, reinicios, interior primero 11.0%] (Knuth: ~24 días) | máximo colocado 50 de 64 | hilos 8 de 12
    ... 35.2 s | grupo 1/1 | 35709824 nodos | revisado 1.11e-03%, faltan ~33 días [interior primero 1.11e-03%, interior primero + pieza menos restrictiva 1.44e-05%, reinicios, interior primero 11.0%] (Knuth: ~24 días) | máximo colocado 50 de 64 | hilos 8 de 12
    ... 37.2 s | grupo 1/1 | 37985699 nodos | revisado 1.18e-03%, faltan ~33 días [interior primero 1.18e-03%, interior primero + pieza menos restrictiva 1.63e-05%, reinicios, interior primero 11.0%] (Knuth: ~24 días) | máximo colocado 50 de 64 | hilos 8 de 12
    ... 39.2 s | grupo 1/1 | 40252616 nodos | revisado 1.25e-03%, faltan ~34 días [interior primero 1.25e-03%, interior primero + pieza menos restrictiva 1.83e-05%, reinicios, interior primero 11.0%] (Knuth: ~24 días) | máximo colocado 50 de 64 | hilos 8 de 12
    ... 41.2 s | grupo 1/1 | 42511593 nodos | revisado 1.30e-03%, faltan ~34 días [interior primero 1.30e-03%, interior primero + pieza menos restrictiva 2.10e-05%, reinicios, interior primero 11.0%] (Knuth: ~24 días) | máximo colocado 50 de 64 | hilos 8 de 12
    ... 43.2 s | grupo 1/1 | 44818203 nodos | revisado 1.36e-03%, faltan ~34 días [interior primero 1.36e-03%, interior primero + pieza menos restrictiva 2.32e-05%, reinicios, interior primero 11.0%] (Knuth: ~24 días) | máximo colocado 50 de 64 | hilos 8 de 12
    ... 45.2 s | grupo 1/1 | 47071371 nodos | revisado 1.43e-03%, faltan ~34 días [interior primero 1.43e-03%, interior primero + pieza menos restrictiva 2.43e-05%, reinicios, interior primero 11.0%] (Knuth: ~24 días) | máximo colocado 50 de 64 | hilos 8 de 12
    ... 47.2 s | grupo 1/1 | 49343003 nodos | revisado 1.49e-03%, faltan ~34 días [interior primero 1.49e-03%, interior primero + pieza menos restrictiva 2.58e-05%, reinicios, interior primero 12.0%] (Knuth: ~24 días) | máximo colocado 50 de 64 | hilos 8 de 12
    ... 49.2 s | grupo 1/1 | 51601358 nodos | revisado 1.55e-03%, faltan ~35 días [interior primero 1.55e-03%, interior primero + pieza menos restrictiva 2.71e-05%, reinicios, interior primero 13.0%] (Knuth: ~24 días) | máximo colocado 50 de 64 | hilos 8 de 12
    ... 51.2 s | grupo 1/1 | 53875981 nodos | revisado 1.58e-03%, faltan ~35 días [interior primero 1.58e-03%, interior primero + pieza menos restrictiva 2.85e-05%, reinicios, interior primero 13.0%] (Knuth: ~24 días) | máximo colocado 50 de 64 | hilos 8 de 12
    ... 53.2 s | grupo 1/1 | 56144169 nodos | revisado 1.60e-03%, faltan ~36 días [interior primero 1.60e-03%, interior primero + pieza menos restrictiva 2.98e-05%, reinicios, interior primero 13.0%] (Knuth: ~24 días) | máximo colocado 50 de 64 | hilos 8 de 12
    ... 55.3 s | grupo 1/1 | 58454987 nodos | revisado 1.62e-03%, faltan ~37 días [interior primero 1.62e-03%, interior primero + pieza menos restrictiva 3.08e-05%, reinicios, interior primero 13.0%] (Knuth: ~24 días) | máximo colocado 50 de 64 | hilos 8 de 12
    ... 57.3 s | grupo 1/1 | 60740610 nodos | revisado 1.65e-03%, faltan ~38 días [interior primero 1.65e-03%, interior primero + pieza menos restrictiva 3.25e-05%, reinicios, interior primero 13.0%] (Knuth: ~24 días) | máximo colocado 50 de 64 | hilos 8 de 12
    ... 59.3 s | grupo 1/1 | 63031639 nodos | revisado 1.69e-03%, faltan ~39 días [interior primero 1.69e-03%, interior primero + pieza menos restrictiva 5.18e-05%, reinicios, interior primero 14.0%] (Knuth: ~24 días) | máximo colocado 50 de 64 | hilos 8 de 12
    ... 61.3 s | grupo 1/1 | 65326908 nodos | revisado 1.72e-03%, faltan ~39 días [interior primero 1.72e-03%, interior primero + pieza menos restrictiva 5.29e-05%, reinicios, interior primero 16.0%] (Knuth: ~24 días) | máximo colocado 50 de 64 | hilos 8 de 12
    ... 63.3 s | grupo 1/1 | 67571307 nodos | revisado 1.76e-03%, faltan ~40 días [interior primero 1.76e-03%, interior primero + pieza menos restrictiva 5.44e-05%, reinicios, interior primero 16.0%] (Knuth: ~24 días) | máximo colocado 50 de 64 | hilos 8 de 12
    ... 65.3 s | grupo 1/1 | 69827584 nodos | revisado 1.81e-03%, faltan ~40 días [interior primero 1.81e-03%, interior primero + pieza menos restrictiva 5.56e-05%, reinicios, interior primero 16.0%] (Knuth: ~24 días) | máximo colocado 50 de 64 | hilos 8 de 12
    ... 67.3 s | grupo 1/1 | 72089207 nodos | revisado 1.88e-03%, faltan ~40 días [interior primero 1.88e-03%, interior primero + pieza menos restrictiva 5.67e-05%, reinicios, interior primero 17.0%] (Knuth: ~24 días) | máximo colocado 50 de 64 | hilos 8 de 12
    ... 69.3 s | grupo 1/1 | 74304179 nodos | revisado 2.06e-03%, faltan ~37 días [interior primero 2.06e-03%, interior primero + pieza menos restrictiva 5.77e-05%, reinicios, interior primero 18.0%] (Knuth: ~24 días) | máximo colocado 50 de 64 | hilos 8 de 12
    ... 71.4 s | grupo 1/1 | 76411875 nodos | revisado 2.18e-03%, faltan ~36 días [interior primero 2.18e-03%, interior primero + pieza menos restrictiva 5.87e-05%, reinicios, interior primero 19.0%] (Knuth: ~24 días) | máximo colocado 50 de 64 | hilos 8 de 12
    ... 73.4 s | grupo 1/1 | 78588343 nodos | revisado 2.26e-03%, faltan ~36 días [interior primero 2.26e-03%, interior primero + pieza menos restrictiva 6.00e-05%, reinicios, interior primero 19.0%] (Knuth: ~24 días) | máximo colocado 50 de 64 | hilos 8 de 12
    ... 75.4 s | grupo 1/1 | 80767659 nodos | revisado 2.31e-03%, faltan ~36 días [interior primero 2.31e-03%, interior primero + pieza menos restrictiva 6.24e-05%, reinicios, interior primero 19.0%] (Knuth: ~24 días) | máximo colocado 50 de 64 | hilos 8 de 12
    ... 77.4 s | grupo 1/1 | 83039922 nodos | revisado 2.37e-03%, faltan ~36 días [interior primero 2.37e-03%, interior primero + pieza menos restrictiva 6.52e-05%, reinicios, interior primero 19.0%] (Knuth: ~24 días) | máximo colocado 50 de 64 | hilos 8 de 12
    ... 79.4 s | grupo 1/1 | 85339075 nodos | revisado 2.42e-03%, faltan ~37 días [interior primero 2.42e-03%, interior primero + pieza menos restrictiva 6.60e-05%, reinicios, interior primero 19.0%] (Knuth: ~24 días) | máximo colocado 50 de 64 | hilos 8 de 12
    ... 81.4 s | grupo 1/1 | 87594763 nodos | revisado 2.49e-03%, faltan ~36 días [interior primero 2.49e-03%, interior primero + pieza menos restrictiva 6.67e-05%, reinicios, interior primero 19.0%] (Knuth: ~24 días) | máximo colocado 50 de 64 | hilos 8 de 12
    ... 83.4 s | grupo 1/1 | 89834826 nodos | revisado 2.55e-03%, faltan ~36 días [interior primero 2.55e-03%, interior primero + pieza menos restrictiva 6.84e-05%, reinicios, interior primero 19.0%] (Knuth: ~24 días) | máximo colocado 50 de 64 | hilos 8 de 12
    ... 85.4 s | grupo 1/1 | 92078947 nodos | revisado 2.62e-03%, faltan ~36 días [interior primero 2.62e-03%, interior primero + pieza menos restrictiva 7.17e-05%, reinicios, interior primero 20.0%] (Knuth: ~24 días) | máximo colocado 50 de 64 | hilos 8 de 12
    ... 87.5 s | grupo 1/1 | 94332989 nodos | revisado 2.66e-03%, faltan ~37 días [interior primero 2.66e-03%, interior primero + pieza menos restrictiva 7.46e-05%, reinicios, interior primero 20.0%] (Knuth: ~24 días) | máximo colocado 50 de 64 | hilos 8 de 12
    ... 89.5 s | grupo 1/1 | 96514404 nodos | revisado 2.87e-03%, faltan ~35 días [interior primero 2.87e-03%, interior primero + pieza menos restrictiva 7.67e-05%, reinicios, interior primero 20.0%] (Knuth: ~24 días) | máximo colocado 50 de 64 | hilos 8 de 12
    ... 91.5 s | grupo 1/1 | 98725217 nodos | revisado 2.98e-03%, faltan ~34 días [interior primero 2.98e-03%, interior primero + pieza menos restrictiva 7.92e-05%, reinicios, interior primero 21.0%] (Knuth: ~24 días) | máximo colocado 50 de 64 | hilos 8 de 12
    ... 93.5 s | grupo 1/1 | 100934867 nodos | revisado 3.11e-03%, faltan ~34 días [interior primero 3.11e-03%, interior primero + pieza menos restrictiva 8.13e-05%, reinicios, interior primero 21.0%] (Knuth: ~24 días) | máximo colocado 50 de 64 | hilos 8 de 12
    ... 95.5 s | grupo 1/1 | 103192111 nodos | revisado 3.20e-03%, faltan ~33 días [interior primero 3.20e-03%, interior primero + pieza menos restrictiva 8.42e-05%, reinicios, interior primero 21.0%] (Knuth: ~24 días) | máximo colocado 50 de 64 | hilos 8 de 12
    ... 97.5 s | grupo 1/1 | 105440685 nodos | revisado 3.25e-03%, faltan ~34 días [interior primero 3.25e-03%, interior primero + pieza menos restrictiva 9.06e-05%, reinicios, interior primero 21.0%] (Knuth: ~24 días) | máximo colocado 50 de 64 | hilos 8 de 12
    ... 99.5 s | grupo 1/1 | 107683406 nodos | revisado 3.31e-03%, faltan ~34 días [interior primero 3.31e-03%, interior primero + pieza menos restrictiva 9.25e-05%, reinicios, interior primero 21.0%] (Knuth: ~24 días) | máximo colocado 50 de 64 | hilos 8 de 12
    ... 101.5 s | grupo 1/1 | 109936220 nodos | revisado 3.34e-03%, faltan ~34 días [interior primero 3.34e-03%, interior primero + pieza menos restrictiva 9.42e-05%, reinicios, interior primero 21.0%] (Knuth: ~24 días) | máximo colocado 50 de 64 | hilos 8 de 12
    ... 103.5 s | grupo 1/1 | 112212789 nodos | revisado 3.37e-03%, faltan ~35 días [interior primero 3.37e-03%, interior primero + pieza menos restrictiva 9.61e-05%, reinicios, interior primero 21.0%] (Knuth: ~24 días) | máximo colocado 53 de 64 | hilos 8 de 12
    ... 105.5 s | grupo 1/1 | 114457232 nodos | revisado 3.47e-03%, faltan ~34 días [interior primero 3.47e-03%, interior primero + pieza menos restrictiva 9.90e-05%, reinicios, interior primero 22.0%] (Knuth: ~24 días) | máximo colocado 53 de 64 | hilos 8 de 12
    ... 107.5 s | grupo 1/1 | 116721798 nodos | revisado 3.49e-03%, faltan ~35 días [interior primero 3.49e-03%, interior primero + pieza menos restrictiva 1.01e-04%, reinicios, interior primero 23.0%] (Knuth: ~24 días) | máximo colocado 53 de 64 | hilos 8 de 12
    ... 109.5 s | grupo 1/1 | 119005756 nodos | revisado 3.52e-03%, faltan ~35 días [interior primero 3.52e-03%, interior primero + pieza menos restrictiva 1.02e-04%, reinicios, interior primero 23.0%] (Knuth: ~24 días) | máximo colocado 53 de 64 | hilos 8 de 12
    ... 111.5 s | grupo 1/1 | 121248660 nodos | revisado 3.56e-03%, faltan ~35 días [interior primero 3.56e-03%, interior primero + pieza menos restrictiva 1.08e-04%, reinicios, interior primero 23.0%] (Knuth: ~24 días) | máximo colocado 53 de 64 | hilos 8 de 12
    ... 113.5 s | grupo 1/1 | 123529726 nodos | revisado 3.59e-03%, faltan ~36 días [interior primero 3.59e-03%, interior primero + pieza menos restrictiva 1.14e-04%, reinicios, interior primero 23.0%] (Knuth: ~24 días) | máximo colocado 53 de 64 | hilos 8 de 12
    ... 115.5 s | grupo 1/1 | 125824330 nodos | revisado 3.62e-03%, faltan ~36 días [interior primero 3.62e-03%, interior primero + pieza menos restrictiva 1.17e-04%, reinicios, interior primero 23.0%] (Knuth: ~24 días) | máximo colocado 53 de 64 | hilos 8 de 12
    ... 117.6 s | grupo 1/1 | 128086828 nodos | revisado 3.64e-03%, faltan ~36 días [interior primero 3.64e-03%, interior primero + pieza menos restrictiva 1.19e-04%, reinicios, interior primero 23.0%] (Knuth: ~24 días) | máximo colocado 53 de 64 | hilos 8 de 12
    ... 119.6 s | grupo 1/1 | 130351082 nodos | revisado 3.68e-03%, faltan ~37 días [interior primero 3.68e-03%, interior primero + pieza menos restrictiva 1.25e-04%, reinicios, interior primero 25.0%] (Knuth: ~24 días) | máximo colocado 53 de 64 | hilos 8 de 12
    ... 121.6 s | grupo 1/1 | 132630300 nodos | revisado 3.71e-03%, faltan ~37 días [interior primero 3.71e-03%, interior primero + pieza menos restrictiva 1.46e-04%, reinicios, interior primero 25.0%] (Knuth: ~24 días) | máximo colocado 53 de 64 | hilos 8 de 12
    ... 123.6 s | grupo 1/1 | 134884387 nodos | revisado 3.75e-03%, faltan ~37 días [interior primero 3.75e-03%, interior primero + pieza menos restrictiva 1.50e-04%, reinicios, interior primero 25.0%] (Knuth: ~24 días) | máximo colocado 53 de 64 | hilos 8 de 12
    ... 125.6 s | grupo 1/1 | 137149792 nodos | revisado 3.78e-03%, faltan ~37 días [interior primero 3.78e-03%, interior primero + pieza menos restrictiva 1.52e-04%, reinicios, interior primero 26.0%] (Knuth: ~24 días) | máximo colocado 53 de 64 | hilos 8 de 12
    ... 127.6 s | grupo 1/1 | 139439230 nodos | revisado 3.81e-03%, faltan ~38 días [interior primero 3.81e-03%, interior primero + pieza menos restrictiva 1.56e-04%, reinicios, interior primero 27.0%] (Knuth: ~24 días) | máximo colocado 53 de 64 | hilos 8 de 12
    ... 129.6 s | grupo 1/1 | 141687387 nodos | revisado 3.86e-03%, faltan ~38 días [interior primero 3.86e-03%, interior primero + pieza menos restrictiva 1.63e-04%, reinicios, interior primero 27.0%] (Knuth: ~24 días) | máximo colocado 53 de 64 | hilos 8 de 12
    ... 131.6 s | grupo 1/1 | 143939342 nodos | revisado 3.89e-03%, faltan ~38 días [interior primero 3.89e-03%, interior primero + pieza menos restrictiva 1.68e-04%, reinicios, interior primero 27.0%] (Knuth: ~24 días) | máximo colocado 53 de 64 | hilos 8 de 12
    ... 133.6 s | grupo 1/1 | 146168693 nodos | revisado 3.93e-03%, faltan ~39 días [interior primero 3.93e-03%, interior primero + pieza menos restrictiva 1.77e-04%, reinicios, interior primero 27.0%] (Knuth: ~24 días) | máximo colocado 53 de 64 | hilos 8 de 12
    ... 135.7 s | grupo 1/1 | 148431963 nodos | revisado 3.95e-03%, faltan ~39 días [interior primero 3.95e-03%, interior primero + pieza menos restrictiva 1.85e-04%, reinicios, interior primero 28.0%] (Knuth: ~24 días) | máximo colocado 53 de 64 | hilos 8 de 12
    ... 137.7 s | grupo 1/1 | 150681188 nodos | revisado 3.98e-03%, faltan ~39 días [interior primero 3.98e-03%, interior primero + pieza menos restrictiva 1.89e-04%, reinicios, interior primero 28.0%] (Knuth: ~24 días) | máximo colocado 53 de 64 | hilos 8 de 12
    ... 139.7 s | grupo 1/1 | 152950451 nodos | revisado 4.00e-03%, faltan ~39 días [interior primero 4.00e-03%, interior primero + pieza menos restrictiva 1.92e-04%, reinicios, interior primero 28.0%] (Knuth: ~24 días) | máximo colocado 53 de 64 | hilos 8 de 12
    ... 141.7 s | grupo 1/1 | 155225397 nodos | revisado 4.03e-03%, faltan ~40 días [interior primero 4.03e-03%, interior primero + pieza menos restrictiva 1.94e-04%, reinicios, interior primero 28.0%] (Knuth: ~24 días) | máximo colocado 53 de 64 | hilos 8 de 12
    ... 143.7 s | grupo 1/1 | 157497830 nodos | revisado 4.05e-03%, faltan ~40 días [interior primero 4.05e-03%, interior primero + pieza menos restrictiva 2.00e-04%, reinicios, interior primero 28.0%] (Knuth: ~24 días) | máximo colocado 53 de 64 | hilos 8 de 12
    ... 145.7 s | grupo 1/1 | 159782047 nodos | revisado 4.06e-03%, faltan ~41 días [interior primero 4.06e-03%, interior primero + pieza menos restrictiva 2.07e-04%, reinicios, interior primero 28.0%] (Knuth: ~24 días) | máximo colocado 53 de 64 | hilos 8 de 12
    ... 147.7 s | grupo 1/1 | 162041637 nodos | revisado 4.08e-03%, faltan ~41 días [interior primero 4.08e-03%, interior primero + pieza menos restrictiva 2.12e-04%, reinicios, interior primero 29.0%] (Knuth: ~24 días) | máximo colocado 53 de 64 | hilos 8 de 12
    ... 149.7 s | grupo 1/1 | 164301752 nodos | revisado 4.10e-03%, faltan ~41 días [interior primero 4.10e-03%, interior primero + pieza menos restrictiva 2.18e-04%, reinicios, interior primero 29.0%] (Knuth: ~24 días) | máximo colocado 53 de 64 | hilos 8 de 12
    ... 151.7 s | grupo 1/1 | 166615991 nodos | revisado 4.12e-03%, faltan ~42 días [interior primero 4.12e-03%, interior primero + pieza menos restrictiva 2.24e-04%, reinicios, interior primero 29.0%] (Knuth: ~24 días) | máximo colocado 53 de 64 | hilos 8 de 12
    ... 153.7 s | grupo 1/1 | 168897485 nodos | revisado 4.15e-03%, faltan ~42 días [interior primero 4.15e-03%, interior primero + pieza menos restrictiva 2.32e-04%, reinicios, interior primero 29.0%] (Knuth: ~24 días) | máximo colocado 53 de 64 | hilos 8 de 12
    ... 155.7 s | grupo 1/1 | 171208984 nodos | revisado 4.17e-03%, faltan ~42 días [interior primero 4.17e-03%, interior primero + pieza menos restrictiva 2.37e-04%, reinicios, interior primero 29.0%] (Knuth: ~24 días) | máximo colocado 53 de 64 | hilos 8 de 12
    ... 157.7 s | grupo 1/1 | 173497694 nodos | revisado 4.19e-03%, faltan ~43 días [interior primero 4.19e-03%, interior primero + pieza menos restrictiva 2.39e-04%, reinicios, interior primero 30.0%] (Knuth: ~24 días) | máximo colocado 53 de 64 | hilos 8 de 12
    ... 159.7 s | grupo 1/1 | 175765119 nodos | revisado 4.22e-03%, faltan ~43 días [interior primero 4.22e-03%, interior primero + pieza menos restrictiva 2.43e-04%, reinicios, interior primero 30.0%] (Knuth: ~24 días) | máximo colocado 53 de 64 | hilos 8 de 12
    ... 161.7 s | grupo 1/1 | 178027533 nodos | revisado 4.24e-03%, faltan ~43 días [interior primero 4.24e-03%, interior primero + pieza menos restrictiva 2.44e-04%, reinicios, interior primero 30.0%] (Knuth: ~24 días) | máximo colocado 53 de 64 | hilos 8 de 12
    ... 163.8 s | grupo 1/1 | 180310275 nodos | revisado 4.29e-03%, faltan ~43 días [interior primero 4.29e-03%, interior primero + pieza menos restrictiva 2.46e-04%, reinicios, interior primero 31.0%] (Knuth: ~24 días) | máximo colocado 53 de 64 | hilos 8 de 12
    ... 165.8 s | grupo 1/1 | 182600243 nodos | revisado 4.31e-03%, faltan ~44 días [interior primero 4.31e-03%, interior primero + pieza menos restrictiva 2.48e-04%, reinicios, interior primero 31.0%] (Knuth: ~24 días) | máximo colocado 53 de 64 | hilos 8 de 12
    ... 167.8 s | grupo 1/1 | 184893951 nodos | revisado 4.33e-03%, faltan ~44 días [interior primero 4.33e-03%, interior primero + pieza menos restrictiva 2.51e-04%, reinicios, interior primero 31.0%] (Knuth: ~24 días) | máximo colocado 53 de 64 | hilos 8 de 12
    ... 169.8 s | grupo 1/1 | 187192325 nodos | revisado 4.37e-03%, faltan ~44 días [interior primero 4.37e-03%, interior primero + pieza menos restrictiva 2.54e-04%, reinicios, interior primero 31.0%] (Knuth: ~24 días) | máximo colocado 53 de 64 | hilos 8 de 12
    ... 171.8 s | grupo 1/1 | 189483740 nodos | revisado 4.40e-03%, faltan ~44 días [interior primero 4.40e-03%, interior primero + pieza menos restrictiva 2.57e-04%, reinicios, interior primero 31.0%] (Knuth: ~24 días) | máximo colocado 53 de 64 | hilos 8 de 12
    ... 173.8 s | grupo 1/1 | 191749368 nodos | revisado 4.44e-03%, faltan ~45 días [interior primero 4.44e-03%, interior primero + pieza menos restrictiva 2.61e-04%, reinicios, interior primero 31.0%] (Knuth: ~24 días) | máximo colocado 53 de 64 | hilos 8 de 12
    ... 175.8 s | grupo 1/1 | 194005058 nodos | revisado 4.46e-03%, faltan ~45 días [interior primero 4.46e-03%, interior primero + pieza menos restrictiva 2.64e-04%, reinicios, interior primero 32.0%] (Knuth: ~24 días) | máximo colocado 53 de 64 | hilos 8 de 12
    portafolio: encontró la solución el equipo "reinicios, interior primero" (nodos: interior primero 71959552, interior primero + pieza menos restrictiva 49767424, reinicios, interior primero 72790177)
[4] Grupo 1: SOLUCIÓN. Verificación: OK
[5] Tiempo total: 3 min
RESULTADO resuelto=1 ms=176285.1 marcos=0 nodos=194517153 grupos=1/1 hilos=12 t_marcos=0.000 t_interior=173.273 lados=0 unificado=1 max_colocadas=64
