[0] Tablero 8x8, 11 colores, 12 hilos
[1] Esquinas juntas: las esquinas son parte de la búsqueda; un solo recorrido para todos los grupos
    grupo 1, orden menos opciones: estimado 8.52e+12 nodos
    grupo 1, orden interior primero: estimado 1.45e+12 nodos
[1] Estimado de Knuth por grupo (nodos): 1.45e+12(i)   (i) = interior primero
[2] Grupo 1/1: ruta unificada (mapas por lado), orden: interior primero; grupo grande: 3 estrategias a la vez (normal, pieza menos restrictiva, reinicios)
    ... 5.0 s | grupo 1/1 | 2243284 nodos | revisado 2.40e-05%, faltan ~97 días [interior primero 2.40e-05%, interior primero + pieza menos restrictiva 1.83e-06%, reinicios, interior primero 1.31e-04%] (Knuth: ~15 días) | máximo colocado 48 de 64 | hilos 8 de 12
    ... 7.0 s | grupo 1/1 | 4474361 nodos | revisado 5.59e-05%, faltan ~83 días [interior primero 5.59e-05%, interior primero + pieza menos restrictiva 5.00e-06%, reinicios, interior primero 2.49e-04%] (Knuth: ~15 días) | máximo colocado 48 de 64 | hilos 8 de 12
    ... 9.0 s | grupo 1/1 | 6693053 nodos | revisado 9.72e-05%, faltan ~72 días [interior primero 9.72e-05%, interior primero + pieza menos restrictiva 1.04e-05%, reinicios, interior primero 3.57e-04%] (Knuth: ~15 días) | máximo colocado 49 de 64 | hilos 8 de 12
    ... 11.0 s | grupo 1/1 | 8921264 nodos | revisado 1.34e-04%, faltan ~69 días [interior primero 1.34e-04%, interior primero + pieza menos restrictiva 1.72e-05%, reinicios, interior primero 4.88e-04%] (Knuth: ~15 días) | máximo colocado 49 de 64 | hilos 8 de 12
    ... 13.0 s | grupo 1/1 | 11139643 nodos | revisado 1.61e-04%, faltan ~72 días [interior primero 1.61e-04%, interior primero + pieza menos restrictiva 2.40e-05%, reinicios, interior primero 6.96e-04%] (Knuth: ~15 días) | máximo colocado 49 de 64 | hilos 8 de 12
    ... 15.1 s | grupo 1/1 | 13353744 nodos | revisado 2.00e-04%, faltan ~70 días [interior primero 2.00e-04%, interior primero + pieza menos restrictiva 3.08e-05%, reinicios, interior primero 9.45e-04%] (Knuth: ~15 días) | máximo colocado 49 de 64 | hilos 8 de 12
    ... 17.1 s | grupo 1/1 | 15561385 nodos | revisado 2.58e-04%, faltan ~63 días [interior primero 2.58e-04%, interior primero + pieza menos restrictiva 3.50e-05%, reinicios, interior primero 1.01e-03%] (Knuth: ~15 días) | máximo colocado 49 de 64 | hilos 8 de 12
    ... 19.1 s | grupo 1/1 | 17805473 nodos | revisado 3.14e-04%, faltan ~59 días [interior primero 3.14e-04%, interior primero + pieza menos restrictiva 4.04e-05%, reinicios, interior primero 1.09e-03%] (Knuth: ~15 días) | máximo colocado 49 de 64 | hilos 8 de 12
    ... 21.1 s | grupo 1/1 | 20027777 nodos | revisado 3.35e-04%, faltan ~62 días [interior primero 3.35e-04%, interior primero + pieza menos restrictiva 4.88e-05%, reinicios, interior primero 1.22e-03%] (Knuth: ~15 días) | máximo colocado 49 de 64 | hilos 8 de 12
    ... 23.1 s | grupo 1/1 | 22258009 nodos | revisado 3.50e-04%, faltan ~66 días [interior primero 3.50e-04%, interior primero + pieza menos restrictiva 5.60e-05%, reinicios, interior primero 1.34e-03%] (Knuth: ~15 días) | máximo colocado 49 de 64 | hilos 8 de 12
    ... 25.1 s | grupo 1/1 | 24477950 nodos | revisado 3.76e-04%, faltan ~68 días [interior primero 3.76e-04%, interior primero + pieza menos restrictiva 6.06e-05%, reinicios, interior primero 1.53e-03%] (Knuth: ~15 días) | máximo colocado 53 de 64 | hilos 8 de 12
    ... 27.1 s | grupo 1/1 | 26689931 nodos | revisado 3.97e-04%, faltan ~70 días [interior primero 3.97e-04%, interior primero + pieza menos restrictiva 6.53e-05%, reinicios, interior primero 1.74e-03%] (Knuth: ~15 días) | máximo colocado 53 de 64 | hilos 8 de 12
    ... 29.1 s | grupo 1/1 | 28916523 nodos | revisado 4.21e-04%, faltan ~72 días [interior primero 4.21e-04%, interior primero + pieza menos restrictiva 7.10e-05%, reinicios, interior primero 1.96e-03%] (Knuth: ~15 días) | máximo colocado 53 de 64 | hilos 8 de 12
    ... 31.1 s | grupo 1/1 | 31133868 nodos | revisado 4.63e-04%, faltan ~70 días [interior primero 4.63e-04%, interior primero + pieza menos restrictiva 7.92e-05%, reinicios, interior primero 2.28e-03%] (Knuth: ~15 días) | máximo colocado 53 de 64 | hilos 8 de 12
    ... 33.1 s | grupo 1/1 | 33363183 nodos | revisado 5.07e-04%, faltan ~69 días [interior primero 5.07e-04%, interior primero + pieza menos restrictiva 8.76e-05%, reinicios, interior primero 2.48e-03%] (Knuth: ~15 días) | máximo colocado 53 de 64 | hilos 8 de 12
    ... 35.1 s | grupo 1/1 | 35612374 nodos | revisado 5.28e-04%, faltan ~70 días [interior primero 5.28e-04%, interior primero + pieza menos restrictiva 9.37e-05%, reinicios, interior primero 2.54e-03%] (Knuth: ~15 días) | máximo colocado 53 de 64 | hilos 8 de 12
    ... 37.1 s | grupo 1/1 | 37840524 nodos | revisado 5.61e-04%, faltan ~70 días [interior primero 5.61e-04%, interior primero + pieza menos restrictiva 1.06e-04%, reinicios, interior primero 2.67e-03%] (Knuth: ~15 días) | máximo colocado 53 de 64 | hilos 8 de 12
    ... 39.2 s | grupo 1/1 | 40089010 nodos | revisado 6.09e-04%, faltan ~69 días [interior primero 6.09e-04%, interior primero + pieza menos restrictiva 1.14e-04%, reinicios, interior primero 2.75e-03%] (Knuth: ~15 días) | máximo colocado 53 de 64 | hilos 8 de 12
    ... 41.2 s | grupo 1/1 | 42333262 nodos | revisado 6.59e-04%, faltan ~67 días [interior primero 6.59e-04%, interior primero + pieza menos restrictiva 1.24e-04%, reinicios, interior primero 2.80e-03%] (Knuth: ~15 días) | máximo colocado 53 de 64 | hilos 8 de 12
    ... 43.2 s | grupo 1/1 | 44567299 nodos | revisado 6.81e-04%, faltan ~68 días [interior primero 6.81e-04%, interior primero + pieza menos restrictiva 1.35e-04%, reinicios, interior primero 3.16e-03%] (Knuth: ~15 días) | máximo colocado 53 de 64 | hilos 8 de 12
    ... 45.2 s | grupo 1/1 | 46801623 nodos | revisado 7.07e-04%, faltan ~69 días [interior primero 7.07e-04%, interior primero + pieza menos restrictiva 1.38e-04%, reinicios, interior primero 3.33e-03%] (Knuth: ~15 días) | máximo colocado 53 de 64 | hilos 8 de 12
    ... 47.2 s | grupo 1/1 | 49008290 nodos | revisado 7.30e-04%, faltan ~70 días [interior primero 7.30e-04%, interior primero + pieza menos restrictiva 1.44e-04%, reinicios, interior primero 3.67e-03%] (Knuth: ~15 días) | máximo colocado 53 de 64 | hilos 8 de 12
    ... 49.2 s | grupo 1/1 | 51227199 nodos | revisado 7.49e-04%, faltan ~71 días [interior primero 7.49e-04%, interior primero + pieza menos restrictiva 1.50e-04%, reinicios, interior primero 3.87e-03%] (Knuth: ~15 días) | máximo colocado 53 de 64 | hilos 8 de 12
    ... 51.2 s | grupo 1/1 | 53478928 nodos | revisado 7.64e-04%, faltan ~73 días [interior primero 7.64e-04%, interior primero + pieza menos restrictiva 1.56e-04%, reinicios, interior primero 4.02e-03%] (Knuth: ~15 días) | máximo colocado 53 de 64 | hilos 8 de 12
    ... 53.2 s | grupo 1/1 | 55742726 nodos | revisado 7.84e-04%, faltan ~74 días [interior primero 7.84e-04%, interior primero + pieza menos restrictiva 1.63e-04%, reinicios, interior primero 4.19e-03%] (Knuth: ~15 días) | máximo colocado 53 de 64 | hilos 8 de 12
    ... 55.2 s | grupo 1/1 | 57994730 nodos | revisado 8.00e-04%, faltan ~76 días [interior primero 8.00e-04%, interior primero + pieza menos restrictiva 1.72e-04%, reinicios, interior primero 4.25e-03%] (Knuth: ~15 días) | máximo colocado 53 de 64 | hilos 8 de 12
    ... 57.2 s | grupo 1/1 | 60220576 nodos | revisado 8.21e-04%, faltan ~76 días [interior primero 8.21e-04%, interior primero + pieza menos restrictiva 1.80e-04%, reinicios, interior primero 4.34e-03%] (Knuth: ~15 días) | máximo colocado 53 de 64 | hilos 8 de 12
    ... 59.2 s | grupo 1/1 | 62445601 nodos | revisado 8.57e-04%, faltan ~76 días [interior primero 8.57e-04%, interior primero + pieza menos restrictiva 1.85e-04%, reinicios, interior primero 4.71e-03%] (Knuth: ~15 días) | máximo colocado 53 de 64 | hilos 8 de 12
    ... 61.2 s | grupo 1/1 | 64674581 nodos | revisado 8.88e-04%, faltan ~76 días [interior primero 8.88e-04%, interior primero + pieza menos restrictiva 1.93e-04%, reinicios, interior primero 4.99e-03%] (Knuth: ~15 días) | máximo colocado 53 de 64 | hilos 8 de 12
    ... 63.2 s | grupo 1/1 | 66892840 nodos | revisado 9.24e-04%, faltan ~75 días [interior primero 9.24e-04%, interior primero + pieza menos restrictiva 1.97e-04%, reinicios, interior primero 5.34e-03%] (Knuth: ~15 días) | máximo colocado 53 de 64 | hilos 8 de 12
    ... 65.2 s | grupo 1/1 | 69104863 nodos | revisado 9.49e-04%, faltan ~76 días [interior primero 9.49e-04%, interior primero + pieza menos restrictiva 2.03e-04%, reinicios, interior primero 5.47e-03%] (Knuth: ~15 días) | máximo colocado 53 de 64 | hilos 8 de 12
    ... 67.2 s | grupo 1/1 | 71326009 nodos | revisado 9.75e-04%, faltan ~76 días [interior primero 9.75e-04%, interior primero + pieza menos restrictiva 2.08e-04%, reinicios, interior primero 5.60e-03%] (Knuth: ~15 días) | máximo colocado 53 de 64 | hilos 8 de 12
    ... 69.3 s | grupo 1/1 | 73570672 nodos | revisado 9.85e-04%, faltan ~78 días [interior primero 9.85e-04%, interior primero + pieza menos restrictiva 2.17e-04%, reinicios, interior primero 5.88e-03%] (Knuth: ~15 días) | máximo colocado 53 de 64 | hilos 8 de 12
    ... 71.3 s | grupo 1/1 | 75812474 nodos | revisado 1.01e-03%, faltan ~78 días [interior primero 1.01e-03%, interior primero + pieza menos restrictiva 2.28e-04%, reinicios, interior primero 6.03e-03%] (Knuth: ~15 días) | máximo colocado 53 de 64 | hilos 8 de 12
    portafolio: encontró la solución el equipo "reinicios, interior primero" (nodos: interior primero 28253184, interior primero + pieza menos restrictiva 20757504, reinicios, interior primero 28433850)
[4] Grupo 1: SOLUCIÓN. Verificación: OK
[5] Tiempo total: 73 s
RESULTADO resuelto=1 ms=72755.5 marcos=0 nodos=77444538 grupos=1/1 hilos=12 t_marcos=0.000 t_interior=69.744 lados=0 unificado=1 max_colocadas=64
