[0] Tablero 8x8, 11 colores, 12 hilos
[1] Esquinas juntas: las esquinas son parte de la búsqueda; un solo recorrido para todos los grupos
    grupo 1, orden menos opciones: estimado 5.22e+12 nodos
    grupo 1, orden interior primero: estimado 1.74e+12 nodos
[1] Estimado de Knuth por grupo (nodos): 1.74e+12(i)   (i) = interior primero
[2] Grupo 1/1: ruta unificada (mapas por lado), orden: interior primero; grupo grande: 3 estrategias a la vez (normal, pieza menos restrictiva, reinicios)
    ... 5.0 s | grupo 1/1 | 2115200 nodos | revisado 2.30e-04%, faltan ~10 días [interior primero 2.30e-04%, interior primero + pieza menos restrictiva 2.60e-06%, reinicios, interior primero 2.30e-04%] (Knuth: ~19 días) | máximo colocado 49 de 64 | hilos 8 de 12
    ... 7.0 s | grupo 1/1 | 4256483 nodos | revisado 5.08e-04%, faltan ~9 días [interior primero 5.08e-04%, interior primero + pieza menos restrictiva 5.25e-06%, reinicios, interior primero 7.54e-04%] (Knuth: ~19 días) | máximo colocado 49 de 64 | hilos 8 de 12
    ... 9.0 s | grupo 1/1 | 6392763 nodos | revisado 7.44e-04%, faltan ~9 días [interior primero 7.44e-04%, interior primero + pieza menos restrictiva 8.96e-06%, reinicios, interior primero 1.03e-03%] (Knuth: ~19 días) | máximo colocado 49 de 64 | hilos 8 de 12
    ... 11.0 s | grupo 1/1 | 8527955 nodos | revisado 9.48e-04%, faltan ~10 días [interior primero 9.48e-04%, interior primero + pieza menos restrictiva 1.19e-05%, reinicios, interior primero 1.28e-03%] (Knuth: ~19 días) | máximo colocado 49 de 64 | hilos 8 de 12
    ... 13.1 s | grupo 1/1 | 10608129 nodos | revisado 1.17e-03%, faltan ~10 días [interior primero 1.17e-03%, interior primero + pieza menos restrictiva 1.52e-05%, reinicios, interior primero 1.44e-03%] (Knuth: ~19 días) | máximo colocado 49 de 64 | hilos 8 de 12
    ... 15.1 s | grupo 1/1 | 12737597 nodos | revisado 1.44e-03%, faltan ~10 días [interior primero 1.44e-03%, interior primero + pieza menos restrictiva 1.96e-05%, reinicios, interior primero 1.60e-03%] (Knuth: ~19 días) | máximo colocado 49 de 64 | hilos 8 de 12
    ... 17.1 s | grupo 1/1 | 14852340 nodos | revisado 1.74e-03%, faltan ~9 días [interior primero 1.74e-03%, interior primero + pieza menos restrictiva 2.35e-05%, reinicios, interior primero 2.13e-03%] (Knuth: ~19 días) | máximo colocado 49 de 64 | hilos 8 de 12
    ... 19.1 s | grupo 1/1 | 16957153 nodos | revisado 1.96e-03%, faltan ~10 días [interior primero 1.96e-03%, interior primero + pieza menos restrictiva 2.72e-05%, reinicios, interior primero 2.39e-03%] (Knuth: ~19 días) | máximo colocado 49 de 64 | hilos 8 de 12
    ... 21.1 s | grupo 1/1 | 19036513 nodos | revisado 2.09e-03%, faltan ~10 días [interior primero 2.09e-03%, interior primero + pieza menos restrictiva 3.00e-05%, reinicios, interior primero 2.65e-03%] (Knuth: ~19 días) | máximo colocado 49 de 64 | hilos 8 de 12
    ... 23.1 s | grupo 1/1 | 21125481 nodos | revisado 2.29e-03%, faltan ~10 días [interior primero 2.29e-03%, interior primero + pieza menos restrictiva 3.38e-05%, reinicios, interior primero 2.96e-03%] (Knuth: ~19 días) | máximo colocado 49 de 64 | hilos 8 de 12
    ... 25.1 s | grupo 1/1 | 23223266 nodos | revisado 2.44e-03%, faltan ~10 días [interior primero 2.44e-03%, interior primero + pieza menos restrictiva 3.82e-05%, reinicios, interior primero 3.23e-03%] (Knuth: ~19 días) | máximo colocado 49 de 64 | hilos 8 de 12
    ... 27.1 s | grupo 1/1 | 25315094 nodos | revisado 2.56e-03%, faltan ~11 días [interior primero 2.56e-03%, interior primero + pieza menos restrictiva 4.91e-05%, reinicios, interior primero 3.69e-03%] (Knuth: ~19 días) | máximo colocado 49 de 64 | hilos 8 de 12
    ... 29.1 s | grupo 1/1 | 27419092 nodos | revisado 2.63e-03%, faltan ~11 días [interior primero 2.63e-03%, interior primero + pieza menos restrictiva 7.70e-05%, reinicios, interior primero 3.82e-03%] (Knuth: ~19 días) | máximo colocado 49 de 64 | hilos 8 de 12
    ... 31.1 s | grupo 1/1 | 29527064 nodos | revisado 2.75e-03%, faltan ~12 días [interior primero 2.75e-03%, interior primero + pieza menos restrictiva 7.94e-05%, reinicios, interior primero 4.02e-03%] (Knuth: ~19 días) | máximo colocado 49 de 64 | hilos 8 de 12
    ... 33.1 s | grupo 1/1 | 31646511 nodos | revisado 2.86e-03%, faltan ~12 días [interior primero 2.86e-03%, interior primero + pieza menos restrictiva 8.45e-05%, reinicios, interior primero 4.21e-03%] (Knuth: ~19 días) | máximo colocado 49 de 64 | hilos 8 de 12
    ... 35.1 s | grupo 1/1 | 33751479 nodos | revisado 3.07e-03%, faltan ~12 días [interior primero 3.07e-03%, interior primero + pieza menos restrictiva 8.70e-05%, reinicios, interior primero 4.33e-03%] (Knuth: ~19 días) | máximo colocado 49 de 64 | hilos 8 de 12
    ... 37.2 s | grupo 1/1 | 35881349 nodos | revisado 3.16e-03%, faltan ~13 días [interior primero 3.16e-03%, interior primero + pieza menos restrictiva 9.19e-05%, reinicios, interior primero 4.42e-03%] (Knuth: ~19 días) | máximo colocado 49 de 64 | hilos 8 de 12
    ... 39.2 s | grupo 1/1 | 37972501 nodos | revisado 3.35e-03%, faltan ~12 días [interior primero 3.35e-03%, interior primero + pieza menos restrictiva 9.80e-05%, reinicios, interior primero 4.45e-03%] (Knuth: ~19 días) | máximo colocado 49 de 64 | hilos 8 de 12
    ... 41.2 s | grupo 1/1 | 40054971 nodos | revisado 3.45e-03%, faltan ~13 días [interior primero 3.45e-03%, interior primero + pieza menos restrictiva 1.03e-04%, reinicios, interior primero 4.72e-03%] (Knuth: ~19 días) | máximo colocado 49 de 64 | hilos 8 de 12
    ... 43.2 s | grupo 1/1 | 42142054 nodos | revisado 3.68e-03%, faltan ~13 días [interior primero 3.68e-03%, interior primero + pieza menos restrictiva 1.11e-04%, reinicios, interior primero 4.80e-03%] (Knuth: ~19 días) | máximo colocado 49 de 64 | hilos 8 de 12
    ... 45.2 s | grupo 1/1 | 44200616 nodos | revisado 4.09e-03%, faltan ~12 días [interior primero 4.09e-03%, interior primero + pieza menos restrictiva 1.18e-04%, reinicios, interior primero 4.84e-03%] (Knuth: ~19 días) | máximo colocado 49 de 64 | hilos 8 de 12
    ... 47.2 s | grupo 1/1 | 46248643 nodos | revisado 4.22e-03%, faltan ~12 días [interior primero 4.22e-03%, interior primero + pieza menos restrictiva 1.24e-04%, reinicios, interior primero 5.05e-03%] (Knuth: ~19 días) | máximo colocado 49 de 64 | hilos 8 de 12
    ... 49.2 s | grupo 1/1 | 48295854 nodos | revisado 4.26e-03%, faltan ~13 días [interior primero 4.26e-03%, interior primero + pieza menos restrictiva 1.32e-04%, reinicios, interior primero 5.15e-03%] (Knuth: ~19 días) | máximo colocado 49 de 64 | hilos 8 de 12
    ... 51.2 s | grupo 1/1 | 50380766 nodos | revisado 4.33e-03%, faltan ~13 días [interior primero 4.33e-03%, interior primero + pieza menos restrictiva 1.39e-04%, reinicios, interior primero 5.28e-03%] (Knuth: ~19 días) | máximo colocado 49 de 64 | hilos 8 de 12
    ... 53.2 s | grupo 1/1 | 52483135 nodos | revisado 4.36e-03%, faltan ~13 días [interior primero 4.36e-03%, interior primero + pieza menos restrictiva 1.50e-04%, reinicios, interior primero 5.63e-03%] (Knuth: ~19 días) | máximo colocado 49 de 64 | hilos 8 de 12
    ... 55.2 s | grupo 1/1 | 54554773 nodos | revisado 4.41e-03%, faltan ~14 días [interior primero 4.41e-03%, interior primero + pieza menos restrictiva 1.58e-04%, reinicios, interior primero 5.86e-03%] (Knuth: ~19 días) | máximo colocado 49 de 64 | hilos 8 de 12
    ... 57.2 s | grupo 1/1 | 56620949 nodos | revisado 4.48e-03%, faltan ~14 días [interior primero 4.48e-03%, interior primero + pieza menos restrictiva 1.67e-04%, reinicios, interior primero 5.96e-03%] (Knuth: ~19 días) | máximo colocado 49 de 64 | hilos 8 de 12
    ... 59.2 s | grupo 1/1 | 58714610 nodos | revisado 4.54e-03%, faltan ~14 días [interior primero 4.54e-03%, interior primero + pieza menos restrictiva 1.70e-04%, reinicios, interior primero 6.50e-03%] (Knuth: ~19 días) | máximo colocado 49 de 64 | hilos 8 de 12
    ... 61.2 s | grupo 1/1 | 60802188 nodos | revisado 4.57e-03%, faltan ~15 días [interior primero 4.57e-03%, interior primero + pieza menos restrictiva 1.74e-04%, reinicios, interior primero 7.66e-03%] (Knuth: ~19 días) | máximo colocado 49 de 64 | hilos 8 de 12
    ... 63.3 s | grupo 1/1 | 62868185 nodos | revisado 4.70e-03%, faltan ~15 días [interior primero 4.70e-03%, interior primero + pieza menos restrictiva 1.78e-04%, reinicios, interior primero 8.20e-03%] (Knuth: ~19 días) | máximo colocado 49 de 64 | hilos 8 de 12
    ... 65.3 s | grupo 1/1 | 64930711 nodos | revisado 4.72e-03%, faltan ~15 días [interior primero 4.72e-03%, interior primero + pieza menos restrictiva 1.81e-04%, reinicios, interior primero 8.82e-03%] (Knuth: ~19 días) | máximo colocado 49 de 64 | hilos 8 de 12
    ... 67.3 s | grupo 1/1 | 67030769 nodos | revisado 4.75e-03%, faltan ~16 días [interior primero 4.75e-03%, interior primero + pieza menos restrictiva 1.89e-04%, reinicios, interior primero 8.87e-03%] (Knuth: ~19 días) | máximo colocado 49 de 64 | hilos 8 de 12
    ... 69.3 s | grupo 1/1 | 69124956 nodos | revisado 4.86e-03%, faltan ~16 días [interior primero 4.86e-03%, interior primero + pieza menos restrictiva 2.02e-04%, reinicios, interior primero 8.99e-03%] (Knuth: ~19 días) | máximo colocado 49 de 64 | hilos 8 de 12
    ... 71.3 s | grupo 1/1 | 71199264 nodos | revisado 4.93e-03%, faltan ~16 días [interior primero 4.93e-03%, interior primero + pieza menos restrictiva 2.11e-04%, reinicios, interior primero 9.07e-03%] (Knuth: ~19 días) | máximo colocado 49 de 64 | hilos 8 de 12
    ... 73.3 s | grupo 1/1 | 73320045 nodos | revisado 5.05e-03%, faltan ~16 días [interior primero 5.05e-03%, interior primero + pieza menos restrictiva 2.16e-04%, reinicios, interior primero 9.18e-03%] (Knuth: ~19 días) | máximo colocado 49 de 64 | hilos 8 de 12
    ... 75.3 s | grupo 1/1 | 75394296 nodos | revisado 5.12e-03%, faltan ~16 días [interior primero 5.12e-03%, interior primero + pieza menos restrictiva 2.19e-04%, reinicios, interior primero 9.28e-03%] (Knuth: ~19 días) | máximo colocado 49 de 64 | hilos 8 de 12
    ... 77.3 s | grupo 1/1 | 77467056 nodos | revisado 5.16e-03%, faltan ~17 días [interior primero 5.16e-03%, interior primero + pieza menos restrictiva 2.25e-04%, reinicios, interior primero 9.36e-03%] (Knuth: ~19 días) | máximo colocado 49 de 64 | hilos 8 de 12
    ... 79.3 s | grupo 1/1 | 79587510 nodos | revisado 5.20e-03%, faltan ~17 días [interior primero 5.20e-03%, interior primero + pieza menos restrictiva 2.31e-04%, reinicios, interior primero 9.60e-03%] (Knuth: ~19 días) | máximo colocado 49 de 64 | hilos 8 de 12
    ... 81.3 s | grupo 1/1 | 81695234 nodos | revisado 5.25e-03%, faltan ~17 días [interior primero 5.25e-03%, interior primero + pieza menos restrictiva 2.37e-04%, reinicios, interior primero 9.66e-03%] (Knuth: ~19 días) | máximo colocado 49 de 64 | hilos 8 de 12
    ... 83.3 s | grupo 1/1 | 83798037 nodos | revisado 5.27e-03%, faltan ~18 días [interior primero 5.27e-03%, interior primero + pieza menos restrictiva 2.43e-04%, reinicios, interior primero 0.010%] (Knuth: ~19 días) | máximo colocado 49 de 64 | hilos 8 de 12
    ... 85.3 s | grupo 1/1 | 85874548 nodos | revisado 5.30e-03%, faltan ~18 días [interior primero 5.30e-03%, interior primero + pieza menos restrictiva 2.49e-04%, reinicios, interior primero 0.010%] (Knuth: ~19 días) | máximo colocado 49 de 64 | hilos 8 de 12
    ... 87.3 s | grupo 1/1 | 87971957 nodos | revisado 5.32e-03%, faltan ~18 días [interior primero 5.32e-03%, interior primero + pieza menos restrictiva 2.57e-04%, reinicios, interior primero 0.010%] (Knuth: ~19 días) | máximo colocado 51 de 64 | hilos 8 de 12
    ... 89.4 s | grupo 1/1 | 90051433 nodos | revisado 5.37e-03%, faltan ~19 días [interior primero 5.37e-03%, interior primero + pieza menos restrictiva 2.64e-04%, reinicios, interior primero 0.010%] (Knuth: ~19 días) | máximo colocado 51 de 64 | hilos 8 de 12
    ... 91.4 s | grupo 1/1 | 92145027 nodos | revisado 5.41e-03%, faltan ~19 días [interior primero 5.41e-03%, interior primero + pieza menos restrictiva 2.71e-04%, reinicios, interior primero 0.011%] (Knuth: ~19 días) | máximo colocado 51 de 64 | hilos 8 de 12
    ... 93.4 s | grupo 1/1 | 94244773 nodos | revisado 5.47e-03%, faltan ~19 días [interior primero 5.47e-03%, interior primero + pieza menos restrictiva 2.78e-04%, reinicios, interior primero 0.011%] (Knuth: ~19 días) | máximo colocado 51 de 64 | hilos 8 de 12
    ... 95.4 s | grupo 1/1 | 96341802 nodos | revisado 5.53e-03%, faltan ~19 días [interior primero 5.53e-03%, interior primero + pieza menos restrictiva 2.86e-04%, reinicios, interior primero 0.011%] (Knuth: ~19 días) | máximo colocado 51 de 64 | hilos 8 de 12
    ... 97.4 s | grupo 1/1 | 98447191 nodos | revisado 5.67e-03%, faltan ~19 días [interior primero 5.67e-03%, interior primero + pieza menos restrictiva 2.96e-04%, reinicios, interior primero 0.011%] (Knuth: ~19 días) | máximo colocado 51 de 64 | hilos 8 de 12
    ... 99.4 s | grupo 1/1 | 100523298 nodos | revisado 5.73e-03%, faltan ~19 días [interior primero 5.73e-03%, interior primero + pieza menos restrictiva 3.05e-04%, reinicios, interior primero 0.011%] (Knuth: ~19 días) | máximo colocado 51 de 64 | hilos 8 de 12
    ... 101.4 s | grupo 1/1 | 102590699 nodos | revisado 5.77e-03%, faltan ~20 días [interior primero 5.77e-03%, interior primero + pieza menos restrictiva 3.11e-04%, reinicios, interior primero 0.012%] (Knuth: ~19 días) | máximo colocado 51 de 64 | hilos 8 de 12
    ... 103.4 s | grupo 1/1 | 104609921 nodos | revisado 6.08e-03%, faltan ~19 días [interior primero 6.08e-03%, interior primero + pieza menos restrictiva 3.21e-04%, reinicios, interior primero 0.012%] (Knuth: ~19 días) | máximo colocado 51 de 64 | hilos 8 de 12
    ... 105.4 s | grupo 1/1 | 106678097 nodos | revisado 6.55e-03%, faltan ~18 días [interior primero 6.55e-03%, interior primero + pieza menos restrictiva 3.26e-04%, reinicios, interior primero 0.012%] (Knuth: ~19 días) | máximo colocado 51 de 64 | hilos 8 de 12
    ... 107.4 s | grupo 1/1 | 108765347 nodos | revisado 6.70e-03%, faltan ~18 días [interior primero 6.70e-03%, interior primero + pieza menos restrictiva 3.28e-04%, reinicios, interior primero 0.012%] (Knuth: ~19 días) | máximo colocado 51 de 64 | hilos 8 de 12
    ... 109.4 s | grupo 1/1 | 110846866 nodos | revisado 6.83e-03%, faltan ~18 días [interior primero 6.83e-03%, interior primero + pieza menos restrictiva 3.32e-04%, reinicios, interior primero 0.012%] (Knuth: ~19 días) | máximo colocado 51 de 64 | hilos 8 de 12
    ... 111.5 s | grupo 1/1 | 112926061 nodos | revisado 6.90e-03%, faltan ~18 días [interior primero 6.90e-03%, interior primero + pieza menos restrictiva 3.36e-04%, reinicios, interior primero 0.012%] (Knuth: ~19 días) | máximo colocado 51 de 64 | hilos 8 de 12
    ... 113.5 s | grupo 1/1 | 114990290 nodos | revisado 7.03e-03%, faltan ~18 días [interior primero 7.03e-03%, interior primero + pieza menos restrictiva 3.38e-04%, reinicios, interior primero 0.013%] (Knuth: ~19 días) | máximo colocado 51 de 64 | hilos 8 de 12
    ... 115.5 s | grupo 1/1 | 117050803 nodos | revisado 7.13e-03%, faltan ~18 días [interior primero 7.13e-03%, interior primero + pieza menos restrictiva 3.40e-04%, reinicios, interior primero 0.013%] (Knuth: ~19 días) | máximo colocado 51 de 64 | hilos 8 de 12
    ... 117.5 s | grupo 1/1 | 119152571 nodos | revisado 7.20e-03%, faltan ~18 días [interior primero 7.20e-03%, interior primero + pieza menos restrictiva 3.42e-04%, reinicios, interior primero 0.013%] (Knuth: ~19 días) | máximo colocado 51 de 64 | hilos 8 de 12
    ... 119.5 s | grupo 1/1 | 121235347 nodos | revisado 7.60e-03%, faltan ~18 días [interior primero 7.60e-03%, interior primero + pieza menos restrictiva 3.44e-04%, reinicios, interior primero 0.013%] (Knuth: ~19 días) | máximo colocado 51 de 64 | hilos 8 de 12
    ... 121.5 s | grupo 1/1 | 123332947 nodos | revisado 7.70e-03%, faltan ~18 días [interior primero 7.70e-03%, interior primero + pieza menos restrictiva 3.46e-04%, reinicios, interior primero 0.013%] (Knuth: ~19 días) | máximo colocado 51 de 64 | hilos 8 de 12
    ... 123.5 s | grupo 1/1 | 125399017 nodos | revisado 8.13e-03%, faltan ~17 días [interior primero 8.13e-03%, interior primero + pieza menos restrictiva 3.50e-04%, reinicios, interior primero 0.013%] (Knuth: ~19 días) | máximo colocado 51 de 64 | hilos 8 de 12
    ... 125.5 s | grupo 1/1 | 127510524 nodos | revisado 8.50e-03%, faltan ~17 días [interior primero 8.50e-03%, interior primero + pieza menos restrictiva 3.54e-04%, reinicios, interior primero 0.013%] (Knuth: ~19 días) | máximo colocado 51 de 64 | hilos 8 de 12
    ... 127.5 s | grupo 1/1 | 129632758 nodos | revisado 8.61e-03%, faltan ~17 días [interior primero 8.61e-03%, interior primero + pieza menos restrictiva 3.58e-04%, reinicios, interior primero 0.014%] (Knuth: ~19 días) | máximo colocado 51 de 64 | hilos 8 de 12
    ... 129.5 s | grupo 1/1 | 131737068 nodos | revisado 8.74e-03%, faltan ~17 días [interior primero 8.74e-03%, interior primero + pieza menos restrictiva 3.60e-04%, reinicios, interior primero 0.014%] (Knuth: ~19 días) | máximo colocado 51 de 64 | hilos 8 de 12
    ... 131.5 s | grupo 1/1 | 133831642 nodos | revisado 8.82e-03%, faltan ~17 días [interior primero 8.82e-03%, interior primero + pieza menos restrictiva 3.62e-04%, reinicios, interior primero 0.014%] (Knuth: ~19 días) | máximo colocado 51 de 64 | hilos 8 de 12
    ... 133.5 s | grupo 1/1 | 135926237 nodos | revisado 8.96e-03%, faltan ~17 días [interior primero 8.96e-03%, interior primero + pieza menos restrictiva 3.66e-04%, reinicios, interior primero 0.014%] (Knuth: ~19 días) | máximo colocado 51 de 64 | hilos 8 de 12
    ... 135.5 s | grupo 1/1 | 138006028 nodos | revisado 9.03e-03%, faltan ~17 días [interior primero 9.03e-03%, interior primero + pieza menos restrictiva 3.70e-04%, reinicios, interior primero 0.014%] (Knuth: ~19 días) | máximo colocado 51 de 64 | hilos 8 de 12
    ... 137.5 s | grupo 1/1 | 140098945 nodos | revisado 9.06e-03%, faltan ~17 días [interior primero 9.06e-03%, interior primero + pieza menos restrictiva 3.75e-04%, reinicios, interior primero 0.014%] (Knuth: ~19 días) | máximo colocado 51 de 64 | hilos 8 de 12
    ... 139.6 s | grupo 1/1 | 142207134 nodos | revisado 9.17e-03%, faltan ~17 días [interior primero 9.17e-03%, interior primero + pieza menos restrictiva 3.82e-04%, reinicios, interior primero 0.014%] (Knuth: ~19 días) | máximo colocado 51 de 64 | hilos 8 de 12
    ... 141.6 s | grupo 1/1 | 144255847 nodos | revisado 9.22e-03%, faltan ~17 días [interior primero 9.22e-03%, interior primero + pieza menos restrictiva 3.85e-04%, reinicios, interior primero 0.015%] (Knuth: ~19 días) | máximo colocado 51 de 64 | hilos 8 de 12
    ... 143.6 s | grupo 1/1 | 146326682 nodos | revisado 9.28e-03%, faltan ~18 días [interior primero 9.28e-03%, interior primero + pieza menos restrictiva 3.86e-04%, reinicios, interior primero 0.015%] (Knuth: ~19 días) | máximo colocado 51 de 64 | hilos 8 de 12
    ... 145.6 s | grupo 1/1 | 148425586 nodos | revisado 9.35e-03%, faltan ~18 días [interior primero 9.35e-03%, interior primero + pieza menos restrictiva 3.89e-04%, reinicios, interior primero 0.015%] (Knuth: ~19 días) | máximo colocado 51 de 64 | hilos 8 de 12
    ... 147.6 s | grupo 1/1 | 150492559 nodos | revisado 9.43e-03%, faltan ~18 días [interior primero 9.43e-03%, interior primero + pieza menos restrictiva 3.94e-04%, reinicios, interior primero 0.015%] (Knuth: ~19 días) | máximo colocado 51 de 64 | hilos 8 de 12
    ... 149.6 s | grupo 1/1 | 152625174 nodos | revisado 9.54e-03%, faltan ~18 días [interior primero 9.54e-03%, interior primero + pieza menos restrictiva 3.98e-04%, reinicios, interior primero 0.015%] (Knuth: ~19 días) | máximo colocado 51 de 64 | hilos 8 de 12
    ... 151.6 s | grupo 1/1 | 154717611 nodos | revisado 9.71e-03%, faltan ~18 días [interior primero 9.71e-03%, interior primero + pieza menos restrictiva 4.07e-04%, reinicios, interior primero 0.016%] (Knuth: ~19 días) | máximo colocado 51 de 64 | hilos 8 de 12
    ... 153.6 s | grupo 1/1 | 156825998 nodos | revisado 9.80e-03%, faltan ~18 días [interior primero 9.80e-03%, interior primero + pieza menos restrictiva 4.15e-04%, reinicios, interior primero 0.016%] (Knuth: ~19 días) | máximo colocado 51 de 64 | hilos 8 de 12
    ... 155.6 s | grupo 1/1 | 158930238 nodos | revisado 9.85e-03%, faltan ~18 días [interior primero 9.85e-03%, interior primero + pieza menos restrictiva 4.27e-04%, reinicios, interior primero 0.016%] (Knuth: ~19 días) | máximo colocado 51 de 64 | hilos 8 de 12
    ... 157.6 s | grupo 1/1 | 161006222 nodos | revisado 9.92e-03%, faltan ~18 días [interior primero 9.92e-03%, interior primero + pieza menos restrictiva 4.30e-04%, reinicios, interior primero 0.016%] (Knuth: ~19 días) | máximo colocado 51 de 64 | hilos 8 de 12
    ... 159.6 s | grupo 1/1 | 163059025 nodos | revisado 9.97e-03%, faltan ~18 días [interior primero 9.97e-03%, interior primero + pieza menos restrictiva 4.32e-04%, reinicios, interior primero 0.016%] (Knuth: ~19 días) | máximo colocado 51 de 64 | hilos 8 de 12
    ... 161.6 s | grupo 1/1 | 165129174 nodos | revisado 0.010%, faltan ~18 días [interior primero 0.010%, interior primero + pieza menos restrictiva 4.35e-04%, reinicios, interior primero 0.017%] (Knuth: ~19 días) | máximo colocado 51 de 64 | hilos 8 de 12
    ... 163.7 s | grupo 1/1 | 167218689 nodos | revisado 0.010%, faltan ~18 días [interior primero 0.010%, interior primero + pieza menos restrictiva 4.38e-04%, reinicios, interior primero 0.017%] (Knuth: ~19 días) | máximo colocado 51 de 64 | hilos 8 de 12
    ... 165.7 s | grupo 1/1 | 169333443 nodos | revisado 0.010%, faltan ~19 días [interior primero 0.010%, interior primero + pieza menos restrictiva 4.44e-04%, reinicios, interior primero 0.017%] (Knuth: ~19 días) | máximo colocado 51 de 64 | hilos 8 de 12
    ... 167.7 s | grupo 1/1 | 171422019 nodos | revisado 0.010%, faltan ~19 días [interior primero 0.010%, interior primero + pieza menos restrictiva 4.48e-04%, reinicios, interior primero 0.017%] (Knuth: ~19 días) | máximo colocado 51 de 64 | hilos 8 de 12
    ... 169.7 s | grupo 1/1 | 173517120 nodos | revisado 0.010%, faltan ~19 días [interior primero 0.010%, interior primero + pieza menos restrictiva 4.55e-04%, reinicios, interior primero 0.017%] (Knuth: ~19 días) | máximo colocado 51 de 64 | hilos 8 de 12
    ... 171.7 s | grupo 1/1 | 175595647 nodos | revisado 0.010%, faltan ~19 días [interior primero 0.010%, interior primero + pieza menos restrictiva 4.60e-04%, reinicios, interior primero 0.018%] (Knuth: ~19 días) | máximo colocado 51 de 64 | hilos 8 de 12
    ... 173.7 s | grupo 1/1 | 177698822 nodos | revisado 0.010%, faltan ~19 días [interior primero 0.010%, interior primero + pieza menos restrictiva 4.67e-04%, reinicios, interior primero 0.018%] (Knuth: ~19 días) | máximo colocado 51 de 64 | hilos 8 de 12
    ... 175.7 s | grupo 1/1 | 179804736 nodos | revisado 0.010%, faltan ~19 días [interior primero 0.010%, interior primero + pieza menos restrictiva 4.82e-04%, reinicios, interior primero 0.018%] (Knuth: ~19 días) | máximo colocado 51 de 64 | hilos 8 de 12
    ... 177.8 s | grupo 1/1 | 181877312 nodos | revisado 0.011%, faltan ~19 días [interior primero 0.011%, interior primero + pieza menos restrictiva 4.92e-04%, reinicios, interior primero 0.018%] (Knuth: ~19 días) | máximo colocado 51 de 64 | hilos 8 de 12
    ... 179.8 s | grupo 1/1 | 183958396 nodos | revisado 0.011%, faltan ~19 días [interior primero 0.011%, interior primero + pieza menos restrictiva 5.06e-04%, reinicios, interior primero 0.018%] (Knuth: ~19 días) | máximo colocado 51 de 64 | hilos 8 de 12
    ... 181.8 s | grupo 1/1 | 186035341 nodos | revisado 0.011%, faltan ~19 días [interior primero 0.011%, interior primero + pieza menos restrictiva 5.19e-04%, reinicios, interior primero 0.018%] (Knuth: ~19 días) | máximo colocado 51 de 64 | hilos 8 de 12
    ... 183.8 s | grupo 1/1 | 188105428 nodos | revisado 0.011%, faltan ~20 días [interior primero 0.011%, interior primero + pieza menos restrictiva 5.21e-04%, reinicios, interior primero 0.018%] (Knuth: ~19 días) | máximo colocado 51 de 64 | hilos 8 de 12
    ... 185.8 s | grupo 1/1 | 190198826 nodos | revisado 0.011%, faltan ~20 días [interior primero 0.011%, interior primero + pieza menos restrictiva 5.22e-04%, reinicios, interior primero 0.019%] (Knuth: ~19 días) | máximo colocado 51 de 64 | hilos 8 de 12
    ... 187.8 s | grupo 1/1 | 192282577 nodos | revisado 0.011%, faltan ~20 días [interior primero 0.011%, interior primero + pieza menos restrictiva 5.24e-04%, reinicios, interior primero 0.019%] (Knuth: ~19 días) | máximo colocado 51 de 64 | hilos 8 de 12
    ... 189.9 s | grupo 1/1 | 194416092 nodos | revisado 0.011%, faltan ~19 días [interior primero 0.011%, interior primero + pieza menos restrictiva 5.27e-04%, reinicios, interior primero 0.020%] (Knuth: ~19 días) | máximo colocado 51 de 64 | hilos 8 de 12
    ... 191.9 s | grupo 1/1 | 196517876 nodos | revisado 0.011%, faltan ~19 días [interior primero 0.011%, interior primero + pieza menos restrictiva 5.30e-04%, reinicios, interior primero 0.020%] (Knuth: ~19 días) | máximo colocado 51 de 64 | hilos 8 de 12
    ... 193.9 s | grupo 1/1 | 198626537 nodos | revisado 0.011%, faltan ~19 días [interior primero 0.011%, interior primero + pieza menos restrictiva 5.33e-04%, reinicios, interior primero 0.020%] (Knuth: ~19 días) | máximo colocado 51 de 64 | hilos 8 de 12
    ... 195.9 s | grupo 1/1 | 200763395 nodos | revisado 0.011%, faltan ~19 días [interior primero 0.011%, interior primero + pieza menos restrictiva 5.35e-04%, reinicios, interior primero 0.020%] (Knuth: ~19 días) | máximo colocado 51 de 64 | hilos 8 de 12
    ... 197.9 s | grupo 1/1 | 202836756 nodos | revisado 0.012%, faltan ~19 días [interior primero 0.012%, interior primero + pieza menos restrictiva 5.37e-04%, reinicios, interior primero 0.020%] (Knuth: ~19 días) | máximo colocado 51 de 64 | hilos 8 de 12
    ... 199.9 s | grupo 1/1 | 204957770 nodos | revisado 0.012%, faltan ~19 días [interior primero 0.012%, interior primero + pieza menos restrictiva 5.39e-04%, reinicios, interior primero 0.020%] (Knuth: ~19 días) | máximo colocado 51 de 64 | hilos 8 de 12
    ... 201.9 s | grupo 1/1 | 207087465 nodos | revisado 0.012%, faltan ~19 días [interior primero 0.012%, interior primero + pieza menos restrictiva 5.41e-04%, reinicios, interior primero 0.020%] (Knuth: ~19 días) | máximo colocado 51 de 64 | hilos 8 de 12
    ... 203.9 s | grupo 1/1 | 209227216 nodos | revisado 0.012%, faltan ~19 días [interior primero 0.012%, interior primero + pieza menos restrictiva 5.45e-04%, reinicios, interior primero 0.020%] (Knuth: ~19 días) | máximo colocado 51 de 64 | hilos 8 de 12
    ... 205.9 s | grupo 1/1 | 211383774 nodos | revisado 0.012%, faltan ~19 días [interior primero 0.012%, interior primero + pieza menos restrictiva 5.49e-04%, reinicios, interior primero 0.021%] (Knuth: ~19 días) | máximo colocado 51 de 64 | hilos 8 de 12
    ... 207.9 s | grupo 1/1 | 213502694 nodos | revisado 0.012%, faltan ~19 días [interior primero 0.012%, interior primero + pieza menos restrictiva 5.53e-04%, reinicios, interior primero 0.021%] (Knuth: ~19 días) | máximo colocado 51 de 64 | hilos 8 de 12
    ... 210.0 s | grupo 1/1 | 215619603 nodos | revisado 0.012%, faltan ~19 días [interior primero 0.012%, interior primero + pieza menos restrictiva 5.56e-04%, reinicios, interior primero 0.021%] (Knuth: ~19 días) | máximo colocado 51 de 64 | hilos 8 de 12
    ... 212.0 s | grupo 1/1 | 217755598 nodos | revisado 0.013%, faltan ~19 días [interior primero 0.013%, interior primero + pieza menos restrictiva 5.58e-04%, reinicios, interior primero 0.022%] (Knuth: ~19 días) | máximo colocado 51 de 64 | hilos 8 de 12
    ... 214.0 s | grupo 1/1 | 219922924 nodos | revisado 0.013%, faltan ~19 días [interior primero 0.013%, interior primero + pieza menos restrictiva 5.63e-04%, reinicios, interior primero 0.022%] (Knuth: ~19 días) | máximo colocado 51 de 64 | hilos 8 de 12
    ... 216.0 s | grupo 1/1 | 222059367 nodos | revisado 0.013%, faltan ~19 días [interior primero 0.013%, interior primero + pieza menos restrictiva 5.68e-04%, reinicios, interior primero 0.022%] (Knuth: ~19 días) | máximo colocado 51 de 64 | hilos 8 de 12
    ... 218.0 s | grupo 1/1 | 224173892 nodos | revisado 0.013%, faltan ~19 días [interior primero 0.013%, interior primero + pieza menos restrictiva 5.72e-04%, reinicios, interior primero 0.022%] (Knuth: ~19 días) | máximo colocado 51 de 64 | hilos 8 de 12
    ... 220.0 s | grupo 1/1 | 226286827 nodos | revisado 0.013%, faltan ~19 días [interior primero 0.013%, interior primero + pieza menos restrictiva 5.78e-04%, reinicios, interior primero 0.022%] (Knuth: ~19 días) | máximo colocado 51 de 64 | hilos 8 de 12
    ... 222.0 s | grupo 1/1 | 228382581 nodos | revisado 0.013%, faltan ~19 días [interior primero 0.013%, interior primero + pieza menos restrictiva 5.80e-04%, reinicios, interior primero 0.023%] (Knuth: ~19 días) | máximo colocado 51 de 64 | hilos 8 de 12
    ... 224.0 s | grupo 1/1 | 230486397 nodos | revisado 0.013%, faltan ~19 días [interior primero 0.013%, interior primero + pieza menos restrictiva 5.81e-04%, reinicios, interior primero 0.023%] (Knuth: ~19 días) | máximo colocado 51 de 64 | hilos 8 de 12
    ... 226.0 s | grupo 1/1 | 232590736 nodos | revisado 0.014%, faltan ~19 días [interior primero 0.014%, interior primero + pieza menos restrictiva 5.83e-04%, reinicios, interior primero 0.023%] (Knuth: ~19 días) | máximo colocado 51 de 64 | hilos 8 de 12
    ... 228.1 s | grupo 1/1 | 234745468 nodos | revisado 0.014%, faltan ~19 días [interior primero 0.014%, interior primero + pieza menos restrictiva 5.86e-04%, reinicios, interior primero 0.023%] (Knuth: ~19 días) | máximo colocado 51 de 64 | hilos 8 de 12
    ... 230.1 s | grupo 1/1 | 236910778 nodos | revisado 0.014%, faltan ~19 días [interior primero 0.014%, interior primero + pieza menos restrictiva 5.88e-04%, reinicios, interior primero 0.023%] (Knuth: ~19 días) | máximo colocado 51 de 64 | hilos 8 de 12
    ... 232.1 s | grupo 1/1 | 239050489 nodos | revisado 0.014%, faltan ~19 días [interior primero 0.014%, interior primero + pieza menos restrictiva 5.91e-04%, reinicios, interior primero 0.024%] (Knuth: ~19 días) | máximo colocado 51 de 64 | hilos 8 de 12
    ... 234.1 s | grupo 1/1 | 241153259 nodos | revisado 0.014%, faltan ~19 días [interior primero 0.014%, interior primero + pieza menos restrictiva 5.97e-04%, reinicios, interior primero 0.024%] (Knuth: ~19 días) | máximo colocado 51 de 64 | hilos 8 de 12
    ... 236.1 s | grupo 1/1 | 243265403 nodos | revisado 0.014%, faltan ~19 días [interior primero 0.014%, interior primero + pieza menos restrictiva 6.03e-04%, reinicios, interior primero 0.024%] (Knuth: ~19 días) | máximo colocado 51 de 64 | hilos 8 de 12
    ... 238.1 s | grupo 1/1 | 245360249 nodos | revisado 0.014%, faltan ~19 días [interior primero 0.014%, interior primero + pieza menos restrictiva 6.09e-04%, reinicios, interior primero 0.024%] (Knuth: ~19 días) | máximo colocado 51 de 64 | hilos 8 de 12
    ... 240.1 s | grupo 1/1 | 247467508 nodos | revisado 0.015%, faltan ~19 días [interior primero 0.015%, interior primero + pieza menos restrictiva 6.13e-04%, reinicios, interior primero 0.024%] (Knuth: ~19 días) | máximo colocado 51 de 64 | hilos 8 de 12
    ... 242.1 s | grupo 1/1 | 249571347 nodos | revisado 0.015%, faltan ~19 días [interior primero 0.015%, interior primero + pieza menos restrictiva 6.16e-04%, reinicios, interior primero 0.025%] (Knuth: ~19 días) | máximo colocado 51 de 64 | hilos 8 de 12
    ... 244.1 s | grupo 1/1 | 251675616 nodos | revisado 0.015%, faltan ~19 días [interior primero 0.015%, interior primero + pieza menos restrictiva 6.21e-04%, reinicios, interior primero 0.025%] (Knuth: ~19 días) | máximo colocado 51 de 64 | hilos 8 de 12
    ... 246.1 s | grupo 1/1 | 253777673 nodos | revisado 0.015%, faltan ~19 días [interior primero 0.015%, interior primero + pieza menos restrictiva 6.24e-04%, reinicios, interior primero 0.025%] (Knuth: ~19 días) | máximo colocado 51 de 64 | hilos 8 de 12
    ... 248.1 s | grupo 1/1 | 255922089 nodos | revisado 0.015%, faltan ~19 días [interior primero 0.015%, interior primero + pieza menos restrictiva 6.26e-04%, reinicios, interior primero 0.026%] (Knuth: ~19 días) | máximo colocado 51 de 64 | hilos 8 de 12
    ... 250.1 s | grupo 1/1 | 258057492 nodos | revisado 0.015%, faltan ~19 días [interior primero 0.015%, interior primero + pieza menos restrictiva 6.29e-04%, reinicios, interior primero 0.026%] (Knuth: ~19 días) | máximo colocado 51 de 64 | hilos 8 de 12
    ... 252.1 s | grupo 1/1 | 260152797 nodos | revisado 0.015%, faltan ~19 días [interior primero 0.015%, interior primero + pieza menos restrictiva 6.32e-04%, reinicios, interior primero 0.026%] (Knuth: ~19 días) | máximo colocado 54 de 64 | hilos 8 de 12
    ... 254.1 s | grupo 1/1 | 262264574 nodos | revisado 0.015%, faltan ~19 días [interior primero 0.015%, interior primero + pieza menos restrictiva 6.36e-04%, reinicios, interior primero 0.026%] (Knuth: ~19 días) | máximo colocado 54 de 64 | hilos 8 de 12
    ... 256.2 s | grupo 1/1 | 264407684 nodos | revisado 0.015%, faltan ~19 días [interior primero 0.015%, interior primero + pieza menos restrictiva 6.39e-04%, reinicios, interior primero 0.026%] (Knuth: ~19 días) | máximo colocado 54 de 64 | hilos 8 de 12
    ... 258.2 s | grupo 1/1 | 266538906 nodos | revisado 0.015%, faltan ~19 días [interior primero 0.015%, interior primero + pieza menos restrictiva 6.43e-04%, reinicios, interior primero 0.026%] (Knuth: ~19 días) | máximo colocado 54 de 64 | hilos 8 de 12
    ... 260.2 s | grupo 1/1 | 268659725 nodos | revisado 0.015%, faltan ~19 días [interior primero 0.015%, interior primero + pieza menos restrictiva 6.46e-04%, reinicios, interior primero 0.027%] (Knuth: ~19 días) | máximo colocado 54 de 64 | hilos 8 de 12
    ... 262.2 s | grupo 1/1 | 270799280 nodos | revisado 0.016%, faltan ~19 días [interior primero 0.016%, interior primero + pieza menos restrictiva 6.52e-04%, reinicios, interior primero 0.027%] (Knuth: ~19 días) | máximo colocado 54 de 64 | hilos 8 de 12
    ... 264.2 s | grupo 1/1 | 272898210 nodos | revisado 0.016%, faltan ~19 días [interior primero 0.016%, interior primero + pieza menos restrictiva 6.65e-04%, reinicios, interior primero 0.027%] (Knuth: ~19 días) | máximo colocado 54 de 64 | hilos 8 de 12
    ... 266.2 s | grupo 1/1 | 274999253 nodos | revisado 0.016%, faltan ~19 días [interior primero 0.016%, interior primero + pieza menos restrictiva 6.69e-04%, reinicios, interior primero 0.027%] (Knuth: ~19 días) | máximo colocado 54 de 64 | hilos 8 de 12
    ... 268.2 s | grupo 1/1 | 277066880 nodos | revisado 0.016%, faltan ~19 días [interior primero 0.016%, interior primero + pieza menos restrictiva 6.71e-04%, reinicios, interior primero 0.027%] (Knuth: ~19 días) | máximo colocado 54 de 64 | hilos 8 de 12
    ... 270.2 s | grupo 1/1 | 279185281 nodos | revisado 0.017%, faltan ~19 días [interior primero 0.017%, interior primero + pieza menos restrictiva 6.74e-04%, reinicios, interior primero 0.028%] (Knuth: ~19 días) | máximo colocado 54 de 64 | hilos 8 de 12
    ... 272.2 s | grupo 1/1 | 281275659 nodos | revisado 0.017%, faltan ~19 días [interior primero 0.017%, interior primero + pieza menos restrictiva 6.77e-04%, reinicios, interior primero 0.028%] (Knuth: ~19 días) | máximo colocado 54 de 64 | hilos 8 de 12
    ... 274.2 s | grupo 1/1 | 283322849 nodos | revisado 0.017%, faltan ~18 días [interior primero 0.017%, interior primero + pieza menos restrictiva 6.83e-04%, reinicios, interior primero 0.028%] (Knuth: ~19 días) | máximo colocado 54 de 64 | hilos 8 de 12
    ... 276.2 s | grupo 1/1 | 285398514 nodos | revisado 0.017%, faltan ~18 días [interior primero 0.017%, interior primero + pieza menos restrictiva 6.90e-04%, reinicios, interior primero 0.028%] (Knuth: ~19 días) | máximo colocado 54 de 64 | hilos 8 de 12
    ... 278.2 s | grupo 1/1 | 287467699 nodos | revisado 0.017%, faltan ~18 días [interior primero 0.017%, interior primero + pieza menos restrictiva 6.92e-04%, reinicios, interior primero 0.028%] (Knuth: ~19 días) | máximo colocado 54 de 64 | hilos 8 de 12
    ... 280.2 s | grupo 1/1 | 289538426 nodos | revisado 0.017%, faltan ~18 días [interior primero 0.017%, interior primero + pieza menos restrictiva 6.94e-04%, reinicios, interior primero 0.028%] (Knuth: ~19 días) | máximo colocado 54 de 64 | hilos 8 de 12
    ... 282.2 s | grupo 1/1 | 291630965 nodos | revisado 0.018%, faltan ~18 días [interior primero 0.018%, interior primero + pieza menos restrictiva 6.97e-04%, reinicios, interior primero 0.028%] (Knuth: ~19 días) | máximo colocado 54 de 64 | hilos 8 de 12
    ... 284.3 s | grupo 1/1 | 293744325 nodos | revisado 0.018%, faltan ~19 días [interior primero 0.018%, interior primero + pieza menos restrictiva 7.00e-04%, reinicios, interior primero 0.029%] (Knuth: ~19 días) | máximo colocado 54 de 64 | hilos 8 de 12
    ... 286.3 s | grupo 1/1 | 295863805 nodos | revisado 0.018%, faltan ~19 días [interior primero 0.018%, interior primero + pieza menos restrictiva 7.02e-04%, reinicios, interior primero 0.029%] (Knuth: ~19 días) | máximo colocado 54 de 64 | hilos 8 de 12
    ... 288.3 s | grupo 1/1 | 297962609 nodos | revisado 0.018%, faltan ~19 días [interior primero 0.018%, interior primero + pieza menos restrictiva 7.04e-04%, reinicios, interior primero 0.030%] (Knuth: ~19 días) | máximo colocado 54 de 64 | hilos 8 de 12
    ... 290.3 s | grupo 1/1 | 300057573 nodos | revisado 0.018%, faltan ~19 días [interior primero 0.018%, interior primero + pieza menos restrictiva 7.07e-04%, reinicios, interior primero 0.030%] (Knuth: ~19 días) | máximo colocado 54 de 64 | hilos 8 de 12
    ... 292.3 s | grupo 1/1 | 302166685 nodos | revisado 0.018%, faltan ~19 días [interior primero 0.018%, interior primero + pieza menos restrictiva 7.08e-04%, reinicios, interior primero 0.030%] (Knuth: ~19 días) | máximo colocado 54 de 64 | hilos 8 de 12
    ... 294.3 s | grupo 1/1 | 304240048 nodos | revisado 0.018%, faltan ~19 días [interior primero 0.018%, interior primero + pieza menos restrictiva 7.11e-04%, reinicios, interior primero 0.030%] (Knuth: ~19 días) | máximo colocado 54 de 64 | hilos 8 de 12
    ... 296.3 s | grupo 1/1 | 306375597 nodos | revisado 0.018%, faltan ~19 días [interior primero 0.018%, interior primero + pieza menos restrictiva 7.14e-04%, reinicios, interior primero 0.031%] (Knuth: ~19 días) | máximo colocado 54 de 64 | hilos 8 de 12
    ... 298.3 s | grupo 1/1 | 308528370 nodos | revisado 0.018%, faltan ~19 días [interior primero 0.018%, interior primero + pieza menos restrictiva 7.17e-04%, reinicios, interior primero 0.031%] (Knuth: ~19 días) | máximo colocado 54 de 64 | hilos 8 de 12
[4] Grupo 1: cortado por límite de tiempo
[5] Tiempo total: 5 min
RESULTADO resuelto=0 ms=300013.9 marcos=0 nodos=310329344 grupos=1/1 hilos=12 t_marcos=0.000 t_interior=297.002 lados=0 unificado=1 max_colocadas=54 motivo=limite
