[0] Tablero 8x8, 11 colores, 12 hilos
[1] Esquinas juntas: las esquinas son parte de la búsqueda; un solo recorrido para todos los grupos
    grupo 1, orden menos opciones: estimado 1.14e+13 nodos
    grupo 1, orden interior primero: estimado 4.48e+12 nodos
[1] Estimado de Knuth por grupo (nodos): 1.14e+13   (i) = interior primero
[2] Grupo 1/1: ruta unificada (mapas por lado), orden: menos opciones; grupo grande: 3 estrategias a la vez (normal, pieza menos restrictiva, reinicios)
    ... 5.0 s | grupo 1/1 | 2183238 nodos | revisado 4.57e-05%, faltan ~51 días [menos opciones 4.57e-05%, menos opciones + pieza menos restrictiva 8.29e-07%, reinicios, menos opciones 3.36e-04%] (Knuth: ~121 días) | máximo colocado 50 de 64 | hilos 8 de 12
    ... 7.0 s | grupo 1/1 | 4370411 nodos | revisado 1.29e-04%, faltan ~36 días [menos opciones 1.29e-04%, menos opciones + pieza menos restrictiva 2.07e-06%, reinicios, menos opciones 3.77e-04%] (Knuth: ~121 días) | máximo colocado 51 de 64 | hilos 8 de 12
    ... 9.0 s | grupo 1/1 | 6560827 nodos | revisado 2.07e-04%, faltan ~34 días [menos opciones 2.07e-04%, menos opciones + pieza menos restrictiva 2.79e-06%, reinicios, menos opciones 4.19e-04%] (Knuth: ~121 días) | máximo colocado 51 de 64 | hilos 8 de 12
    ... 11.0 s | grupo 1/1 | 8753884 nodos | revisado 2.81e-04%, faltan ~33 días [menos opciones 2.81e-04%, menos opciones + pieza menos restrictiva 5.97e-06%, reinicios, menos opciones 5.52e-04%] (Knuth: ~121 días) | máximo colocado 53 de 64 | hilos 8 de 12
    ... 13.0 s | grupo 1/1 | 10925120 nodos | revisado 3.43e-04%, faltan ~34 días [menos opciones 3.43e-04%, menos opciones + pieza menos restrictiva 7.25e-06%, reinicios, menos opciones 5.95e-04%] (Knuth: ~121 días) | máximo colocado 53 de 64 | hilos 8 de 12
    ... 15.1 s | grupo 1/1 | 13096030 nodos | revisado 4.13e-04%, faltan ~34 días [menos opciones 4.13e-04%, menos opciones + pieza menos restrictiva 8.41e-06%, reinicios, menos opciones 6.71e-04%] (Knuth: ~121 días) | máximo colocado 53 de 64 | hilos 8 de 12
    ... 17.1 s | grupo 1/1 | 15249207 nodos | revisado 4.68e-04%, faltan ~35 días [menos opciones 4.68e-04%, menos opciones + pieza menos restrictiva 9.71e-06%, reinicios, menos opciones 7.09e-04%] (Knuth: ~121 días) | máximo colocado 53 de 64 | hilos 8 de 12
    ... 19.1 s | grupo 1/1 | 17396328 nodos | revisado 5.27e-04%, faltan ~35 días [menos opciones 5.27e-04%, menos opciones + pieza menos restrictiva 1.04e-05%, reinicios, menos opciones 9.56e-04%] (Knuth: ~122 días) | máximo colocado 53 de 64 | hilos 8 de 12
    ... 21.1 s | grupo 1/1 | 19534421 nodos | revisado 6.07e-04%, faltan ~34 días [menos opciones 6.07e-04%, menos opciones + pieza menos restrictiva 1.12e-05%, reinicios, menos opciones 1.11e-03%] (Knuth: ~122 días) | máximo colocado 53 de 64 | hilos 8 de 12
    ... 23.1 s | grupo 1/1 | 21698203 nodos | revisado 6.62e-04%, faltan ~35 días [menos opciones 6.62e-04%, menos opciones + pieza menos restrictiva 1.19e-05%, reinicios, menos opciones 1.17e-03%] (Knuth: ~122 días) | máximo colocado 53 de 64 | hilos 8 de 12
    ... 25.1 s | grupo 1/1 | 23891936 nodos | revisado 7.01e-04%, faltan ~36 días [menos opciones 7.01e-04%, menos opciones + pieza menos restrictiva 1.28e-05%, reinicios, menos opciones 1.26e-03%] (Knuth: ~122 días) | máximo colocado 53 de 64 | hilos 8 de 12
    ... 27.1 s | grupo 1/1 | 26058946 nodos | revisado 7.84e-04%, faltan ~36 días [menos opciones 7.84e-04%, menos opciones + pieza menos restrictiva 1.47e-05%, reinicios, menos opciones 2.08e-03%] (Knuth: ~122 días) | máximo colocado 53 de 64 | hilos 8 de 12
    ... 29.1 s | grupo 1/1 | 28203871 nodos | revisado 8.63e-04%, faltan ~35 días [menos opciones 8.63e-04%, menos opciones + pieza menos restrictiva 1.94e-05%, reinicios, menos opciones 2.21e-03%] (Knuth: ~122 días) | máximo colocado 53 de 64 | hilos 8 de 12
    ... 31.1 s | grupo 1/1 | 30395971 nodos | revisado 9.01e-04%, faltan ~36 días [menos opciones 9.01e-04%, menos opciones + pieza menos restrictiva 2.10e-05%, reinicios, menos opciones 2.25e-03%] (Knuth: ~122 días) | máximo colocado 53 de 64 | hilos 8 de 12
    ... 33.1 s | grupo 1/1 | 32560046 nodos | revisado 9.39e-04%, faltan ~37 días [menos opciones 9.39e-04%, menos opciones + pieza menos restrictiva 2.15e-05%, reinicios, menos opciones 2.31e-03%] (Knuth: ~122 días) | máximo colocado 53 de 64 | hilos 8 de 12
    ... 35.1 s | grupo 1/1 | 34734971 nodos | revisado 9.88e-04%, faltan ~38 días [menos opciones 9.88e-04%, menos opciones + pieza menos restrictiva 2.24e-05%, reinicios, menos opciones 2.33e-03%] (Knuth: ~122 días) | máximo colocado 54 de 64 | hilos 8 de 12
    ... 37.1 s | grupo 1/1 | 36917415 nodos | revisado 1.03e-03%, faltan ~38 días [menos opciones 1.03e-03%, menos opciones + pieza menos restrictiva 2.54e-05%, reinicios, menos opciones 2.36e-03%] (Knuth: ~122 días) | máximo colocado 54 de 64 | hilos 8 de 12
    ... 39.1 s | grupo 1/1 | 39090106 nodos | revisado 1.08e-03%, faltan ~39 días [menos opciones 1.08e-03%, menos opciones + pieza menos restrictiva 2.80e-05%, reinicios, menos opciones 2.38e-03%] (Knuth: ~122 días) | máximo colocado 54 de 64 | hilos 8 de 12
    ... 41.2 s | grupo 1/1 | 41236103 nodos | revisado 1.10e-03%, faltan ~40 días [menos opciones 1.10e-03%, menos opciones + pieza menos restrictiva 2.94e-05%, reinicios, menos opciones 2.42e-03%] (Knuth: ~122 días) | máximo colocado 54 de 64 | hilos 8 de 12
    ... 43.2 s | grupo 1/1 | 43393006 nodos | revisado 1.12e-03%, faltan ~41 días [menos opciones 1.12e-03%, menos opciones + pieza menos restrictiva 3.16e-05%, reinicios, menos opciones 3.66e-03%] (Knuth: ~122 días) | máximo colocado 54 de 64 | hilos 8 de 12
    ... 45.2 s | grupo 1/1 | 45531734 nodos | revisado 1.18e-03%, faltan ~41 días [menos opciones 1.18e-03%, menos opciones + pieza menos restrictiva 3.28e-05%, reinicios, menos opciones 5.22e-03%] (Knuth: ~122 días) | máximo colocado 54 de 64 | hilos 8 de 12
    ... 47.2 s | grupo 1/1 | 47703323 nodos | revisado 1.20e-03%, faltan ~42 días [menos opciones 1.20e-03%, menos opciones + pieza menos restrictiva 3.39e-05%, reinicios, menos opciones 5.59e-03%] (Knuth: ~122 días) | máximo colocado 54 de 64 | hilos 8 de 12
    ... 49.2 s | grupo 1/1 | 49857147 nodos | revisado 1.26e-03%, faltan ~43 días [menos opciones 1.26e-03%, menos opciones + pieza menos restrictiva 3.48e-05%, reinicios, menos opciones 5.76e-03%] (Knuth: ~122 días) | máximo colocado 54 de 64 | hilos 8 de 12
    ... 51.2 s | grupo 1/1 | 52035349 nodos | revisado 1.30e-03%, faltan ~43 días [menos opciones 1.30e-03%, menos opciones + pieza menos restrictiva 3.63e-05%, reinicios, menos opciones 5.83e-03%] (Knuth: ~122 días) | máximo colocado 54 de 64 | hilos 8 de 12
    ... 53.2 s | grupo 1/1 | 54201767 nodos | revisado 1.35e-03%, faltan ~43 días [menos opciones 1.35e-03%, menos opciones + pieza menos restrictiva 3.76e-05%, reinicios, menos opciones 5.93e-03%] (Knuth: ~122 días) | máximo colocado 54 de 64 | hilos 8 de 12
    ... 55.2 s | grupo 1/1 | 56373510 nodos | revisado 1.37e-03%, faltan ~44 días [menos opciones 1.37e-03%, menos opciones + pieza menos restrictiva 4.12e-05%, reinicios, menos opciones 5.99e-03%] (Knuth: ~122 días) | máximo colocado 54 de 64 | hilos 8 de 12
    ... 57.2 s | grupo 1/1 | 58497168 nodos | revisado 1.39e-03%, faltan ~45 días [menos opciones 1.39e-03%, menos opciones + pieza menos restrictiva 4.29e-05%, reinicios, menos opciones 6.06e-03%] (Knuth: ~122 días) | máximo colocado 54 de 64 | hilos 8 de 12
    ... 59.2 s | grupo 1/1 | 60645222 nodos | revisado 1.42e-03%, faltan ~46 días [menos opciones 1.42e-03%, menos opciones + pieza menos restrictiva 4.35e-05%, reinicios, menos opciones 6.22e-03%] (Knuth: ~122 días) | máximo colocado 54 de 64 | hilos 8 de 12
    ... 61.2 s | grupo 1/1 | 62813346 nodos | revisado 1.44e-03%, faltan ~47 días [menos opciones 1.44e-03%, menos opciones + pieza menos restrictiva 4.44e-05%, reinicios, menos opciones 6.35e-03%] (Knuth: ~122 días) | máximo colocado 54 de 64 | hilos 8 de 12
    ... 63.3 s | grupo 1/1 | 64984819 nodos | revisado 1.47e-03%, faltan ~47 días [menos opciones 1.47e-03%, menos opciones + pieza menos restrictiva 4.57e-05%, reinicios, menos opciones 6.61e-03%] (Knuth: ~122 días) | máximo colocado 54 de 64 | hilos 8 de 12
    ... 65.3 s | grupo 1/1 | 67159377 nodos | revisado 1.51e-03%, faltan ~48 días [menos opciones 1.51e-03%, menos opciones + pieza menos restrictiva 4.67e-05%, reinicios, menos opciones 6.89e-03%] (Knuth: ~122 días) | máximo colocado 54 de 64 | hilos 8 de 12
    ... 67.3 s | grupo 1/1 | 69339766 nodos | revisado 1.57e-03%, faltan ~48 días [menos opciones 1.57e-03%, menos opciones + pieza menos restrictiva 4.77e-05%, reinicios, menos opciones 6.94e-03%] (Knuth: ~122 días) | máximo colocado 54 de 64 | hilos 8 de 12
    ... 69.3 s | grupo 1/1 | 71513172 nodos | revisado 1.62e-03%, faltan ~47 días [menos opciones 1.62e-03%, menos opciones + pieza menos restrictiva 4.87e-05%, reinicios, menos opciones 7.09e-03%] (Knuth: ~122 días) | máximo colocado 54 de 64 | hilos 8 de 12
    ... 71.3 s | grupo 1/1 | 73683109 nodos | revisado 1.65e-03%, faltan ~48 días [menos opciones 1.65e-03%, menos opciones + pieza menos restrictiva 4.93e-05%, reinicios, menos opciones 7.20e-03%] (Knuth: ~122 días) | máximo colocado 54 de 64 | hilos 8 de 12
    ... 73.3 s | grupo 1/1 | 75831542 nodos | revisado 1.70e-03%, faltan ~48 días [menos opciones 1.70e-03%, menos opciones + pieza menos restrictiva 5.06e-05%, reinicios, menos opciones 7.24e-03%] (Knuth: ~122 días) | máximo colocado 54 de 64 | hilos 8 de 12
    ... 75.3 s | grupo 1/1 | 78011124 nodos | revisado 1.73e-03%, faltan ~48 días [menos opciones 1.73e-03%, menos opciones + pieza menos restrictiva 5.23e-05%, reinicios, menos opciones 7.25e-03%] (Knuth: ~122 días) | máximo colocado 54 de 64 | hilos 8 de 12
    ... 77.3 s | grupo 1/1 | 80194983 nodos | revisado 1.79e-03%, faltan ~48 días [menos opciones 1.79e-03%, menos opciones + pieza menos restrictiva 5.42e-05%, reinicios, menos opciones 7.26e-03%] (Knuth: ~122 días) | máximo colocado 54 de 64 | hilos 8 de 12
    ... 79.3 s | grupo 1/1 | 82383988 nodos | revisado 1.83e-03%, faltan ~48 días [menos opciones 1.83e-03%, menos opciones + pieza menos restrictiva 5.57e-05%, reinicios, menos opciones 7.27e-03%] (Knuth: ~122 días) | máximo colocado 54 de 64 | hilos 8 de 12
    ... 81.3 s | grupo 1/1 | 84522351 nodos | revisado 1.94e-03%, faltan ~47 días [menos opciones 1.94e-03%, menos opciones + pieza menos restrictiva 5.98e-05%, reinicios, menos opciones 8.49e-03%] (Knuth: ~122 días) | máximo colocado 54 de 64 | hilos 8 de 12
    ... 83.3 s | grupo 1/1 | 86695999 nodos | revisado 1.99e-03%, faltan ~47 días [menos opciones 1.99e-03%, menos opciones + pieza menos restrictiva 6.34e-05%, reinicios, menos opciones 8.86e-03%] (Knuth: ~122 días) | máximo colocado 54 de 64 | hilos 8 de 12
    ... 85.3 s | grupo 1/1 | 88885019 nodos | revisado 2.01e-03%, faltan ~47 días [menos opciones 2.01e-03%, menos opciones + pieza menos restrictiva 6.55e-05%, reinicios, menos opciones 9.07e-03%] (Knuth: ~122 días) | máximo colocado 54 de 64 | hilos 8 de 12
    ... 87.3 s | grupo 1/1 | 91075859 nodos | revisado 2.08e-03%, faltan ~47 días [menos opciones 2.08e-03%, menos opciones + pieza menos restrictiva 6.64e-05%, reinicios, menos opciones 0.010%] (Knuth: ~122 días) | máximo colocado 54 de 64 | hilos 8 de 12
    ... 89.3 s | grupo 1/1 | 93269087 nodos | revisado 2.17e-03%, faltan ~46 días [menos opciones 2.17e-03%, menos opciones + pieza menos restrictiva 6.70e-05%, reinicios, menos opciones 0.010%] (Knuth: ~122 días) | máximo colocado 54 de 64 | hilos 8 de 12
    ... 91.3 s | grupo 1/1 | 95451063 nodos | revisado 2.19e-03%, faltan ~47 días [menos opciones 2.19e-03%, menos opciones + pieza menos restrictiva 6.88e-05%, reinicios, menos opciones 0.010%] (Knuth: ~122 días) | máximo colocado 54 de 64 | hilos 8 de 12
    ... 93.3 s | grupo 1/1 | 97609302 nodos | revisado 2.20e-03%, faltan ~47 días [menos opciones 2.20e-03%, menos opciones + pieza menos restrictiva 6.97e-05%, reinicios, menos opciones 0.010%] (Knuth: ~122 días) | máximo colocado 54 de 64 | hilos 8 de 12
    ... 95.3 s | grupo 1/1 | 99763503 nodos | revisado 2.22e-03%, faltan ~48 días [menos opciones 2.22e-03%, menos opciones + pieza menos restrictiva 7.08e-05%, reinicios, menos opciones 0.010%] (Knuth: ~122 días) | máximo colocado 54 de 64 | hilos 8 de 12
    ... 97.3 s | grupo 1/1 | 101950872 nodos | revisado 2.31e-03%, faltan ~47 días [menos opciones 2.31e-03%, menos opciones + pieza menos restrictiva 7.25e-05%, reinicios, menos opciones 0.010%] (Knuth: ~122 días) | máximo colocado 54 de 64 | hilos 8 de 12
    ... 99.3 s | grupo 1/1 | 104128274 nodos | revisado 2.37e-03%, faltan ~47 días [menos opciones 2.37e-03%, menos opciones + pieza menos restrictiva 7.49e-05%, reinicios, menos opciones 0.010%] (Knuth: ~122 días) | máximo colocado 54 de 64 | hilos 8 de 12
    ... 101.4 s | grupo 1/1 | 106278874 nodos | revisado 2.42e-03%, faltan ~47 días [menos opciones 2.42e-03%, menos opciones + pieza menos restrictiva 7.84e-05%, reinicios, menos opciones 0.010%] (Knuth: ~122 días) | máximo colocado 54 de 64 | hilos 8 de 12
    ... 103.4 s | grupo 1/1 | 108445305 nodos | revisado 2.47e-03%, faltan ~47 días [menos opciones 2.47e-03%, menos opciones + pieza menos restrictiva 8.09e-05%, reinicios, menos opciones 0.010%] (Knuth: ~122 días) | máximo colocado 54 de 64 | hilos 8 de 12
    ... 105.4 s | grupo 1/1 | 110602979 nodos | revisado 2.55e-03%, faltan ~47 días [menos opciones 2.55e-03%, menos opciones + pieza menos restrictiva 8.24e-05%, reinicios, menos opciones 0.011%] (Knuth: ~122 días) | máximo colocado 54 de 64 | hilos 8 de 12
    ... 107.4 s | grupo 1/1 | 112721570 nodos | revisado 2.58e-03%, faltan ~47 días [menos opciones 2.58e-03%, menos opciones + pieza menos restrictiva 8.37e-05%, reinicios, menos opciones 0.011%] (Knuth: ~122 días) | máximo colocado 54 de 64 | hilos 8 de 12
    ... 109.4 s | grupo 1/1 | 114880988 nodos | revisado 2.62e-03%, faltan ~47 días [menos opciones 2.62e-03%, menos opciones + pieza menos restrictiva 8.56e-05%, reinicios, menos opciones 0.011%] (Knuth: ~122 días) | máximo colocado 54 de 64 | hilos 8 de 12
    ... 111.4 s | grupo 1/1 | 117000377 nodos | revisado 2.63e-03%, faltan ~48 días [menos opciones 2.63e-03%, menos opciones + pieza menos restrictiva 8.62e-05%, reinicios, menos opciones 0.011%] (Knuth: ~122 días) | máximo colocado 54 de 64 | hilos 8 de 12
    ... 113.4 s | grupo 1/1 | 119135467 nodos | revisado 2.64e-03%, faltan ~48 días [menos opciones 2.64e-03%, menos opciones + pieza menos restrictiva 8.73e-05%, reinicios, menos opciones 0.011%] (Knuth: ~122 días) | máximo colocado 54 de 64 | hilos 8 de 12
    ... 115.4 s | grupo 1/1 | 121330448 nodos | revisado 2.66e-03%, faltan ~49 días [menos opciones 2.66e-03%, menos opciones + pieza menos restrictiva 8.87e-05%, reinicios, menos opciones 0.011%] (Knuth: ~122 días) | máximo colocado 54 de 64 | hilos 8 de 12
    ... 117.4 s | grupo 1/1 | 123417457 nodos | revisado 2.69e-03%, faltan ~49 días [menos opciones 2.69e-03%, menos opciones + pieza menos restrictiva 8.94e-05%, reinicios, menos opciones 0.011%] (Knuth: ~122 días) | máximo colocado 54 de 64 | hilos 8 de 12
    ... 119.4 s | grupo 1/1 | 125575593 nodos | revisado 2.73e-03%, faltan ~49 días [menos opciones 2.73e-03%, menos opciones + pieza menos restrictiva 9.05e-05%, reinicios, menos opciones 0.011%] (Knuth: ~122 días) | máximo colocado 54 de 64 | hilos 8 de 12
    ... 121.4 s | grupo 1/1 | 127738476 nodos | revisado 2.75e-03%, faltan ~50 días [menos opciones 2.75e-03%, menos opciones + pieza menos restrictiva 9.16e-05%, reinicios, menos opciones 0.011%] (Knuth: ~122 días) | máximo colocado 54 de 64 | hilos 8 de 12
    ... 123.4 s | grupo 1/1 | 129898211 nodos | revisado 2.78e-03%, faltan ~50 días [menos opciones 2.78e-03%, menos opciones + pieza menos restrictiva 9.31e-05%, reinicios, menos opciones 0.011%] (Knuth: ~122 días) | máximo colocado 54 de 64 | hilos 8 de 12
    ... 125.5 s | grupo 1/1 | 132063289 nodos | revisado 2.79e-03%, faltan ~51 días [menos opciones 2.79e-03%, menos opciones + pieza menos restrictiva 9.50e-05%, reinicios, menos opciones 0.011%] (Knuth: ~122 días) | máximo colocado 54 de 64 | hilos 8 de 12
    ... 127.5 s | grupo 1/1 | 134213194 nodos | revisado 2.80e-03%, faltan ~52 días [menos opciones 2.80e-03%, menos opciones + pieza menos restrictiva 9.68e-05%, reinicios, menos opciones 0.011%] (Knuth: ~122 días) | máximo colocado 54 de 64 | hilos 8 de 12
    ... 129.5 s | grupo 1/1 | 136329289 nodos | revisado 2.80e-03%, faltan ~52 días [menos opciones 2.80e-03%, menos opciones + pieza menos restrictiva 9.92e-05%, reinicios, menos opciones 0.012%] (Knuth: ~122 días) | máximo colocado 54 de 64 | hilos 8 de 12
    ... 131.5 s | grupo 1/1 | 138470071 nodos | revisado 2.81e-03%, faltan ~53 días [menos opciones 2.81e-03%, menos opciones + pieza menos restrictiva 1.08e-04%, reinicios, menos opciones 0.012%] (Knuth: ~122 días) | máximo colocado 54 de 64 | hilos 8 de 12
    ... 133.5 s | grupo 1/1 | 140618803 nodos | revisado 2.82e-03%, faltan ~54 días [menos opciones 2.82e-03%, menos opciones + pieza menos restrictiva 1.12e-04%, reinicios, menos opciones 0.012%] (Knuth: ~122 días) | máximo colocado 54 de 64 | hilos 8 de 12
    ... 135.5 s | grupo 1/1 | 142755040 nodos | revisado 2.82e-03%, faltan ~54 días [menos opciones 2.82e-03%, menos opciones + pieza menos restrictiva 1.14e-04%, reinicios, menos opciones 0.012%] (Knuth: ~122 días) | máximo colocado 54 de 64 | hilos 8 de 12
    ... 137.5 s | grupo 1/1 | 144897214 nodos | revisado 2.84e-03%, faltan ~55 días [menos opciones 2.84e-03%, menos opciones + pieza menos restrictiva 1.18e-04%, reinicios, menos opciones 0.012%] (Knuth: ~122 días) | máximo colocado 54 de 64 | hilos 8 de 12
    ... 139.5 s | grupo 1/1 | 147066309 nodos | revisado 2.86e-03%, faltan ~55 días [menos opciones 2.86e-03%, menos opciones + pieza menos restrictiva 1.19e-04%, reinicios, menos opciones 0.012%] (Knuth: ~122 días) | máximo colocado 54 de 64 | hilos 8 de 12
    ... 141.5 s | grupo 1/1 | 149212270 nodos | revisado 2.87e-03%, faltan ~56 días [menos opciones 2.87e-03%, menos opciones + pieza menos restrictiva 1.21e-04%, reinicios, menos opciones 0.012%] (Knuth: ~122 días) | máximo colocado 54 de 64 | hilos 8 de 12
    ... 143.5 s | grupo 1/1 | 151357324 nodos | revisado 2.90e-03%, faltan ~56 días [menos opciones 2.90e-03%, menos opciones + pieza menos restrictiva 1.21e-04%, reinicios, menos opciones 0.012%] (Knuth: ~122 días) | máximo colocado 54 de 64 | hilos 8 de 12
    ... 145.5 s | grupo 1/1 | 153500398 nodos | revisado 2.92e-03%, faltan ~56 días [menos opciones 2.92e-03%, menos opciones + pieza menos restrictiva 1.22e-04%, reinicios, menos opciones 0.012%] (Knuth: ~122 días) | máximo colocado 54 de 64 | hilos 8 de 12
    ... 147.6 s | grupo 1/1 | 155641015 nodos | revisado 2.93e-03%, faltan ~57 días [menos opciones 2.93e-03%, menos opciones + pieza menos restrictiva 1.23e-04%, reinicios, menos opciones 0.013%] (Knuth: ~122 días) | máximo colocado 54 de 64 | hilos 8 de 12
    ... 149.6 s | grupo 1/1 | 157800161 nodos | revisado 2.97e-03%, faltan ~57 días [menos opciones 2.97e-03%, menos opciones + pieza menos restrictiva 1.24e-04%, reinicios, menos opciones 0.013%] (Knuth: ~122 días) | máximo colocado 54 de 64 | hilos 8 de 12
    ... 151.6 s | grupo 1/1 | 159956841 nodos | revisado 2.99e-03%, faltan ~58 días [menos opciones 2.99e-03%, menos opciones + pieza menos restrictiva 1.25e-04%, reinicios, menos opciones 0.013%] (Knuth: ~122 días) | máximo colocado 54 de 64 | hilos 8 de 12
    ... 153.6 s | grupo 1/1 | 162098524 nodos | revisado 3.02e-03%, faltan ~58 días [menos opciones 3.02e-03%, menos opciones + pieza menos restrictiva 1.26e-04%, reinicios, menos opciones 0.013%] (Knuth: ~122 días) | máximo colocado 54 de 64 | hilos 8 de 12
    ... 155.6 s | grupo 1/1 | 164241656 nodos | revisado 3.05e-03%, faltan ~58 días [menos opciones 3.05e-03%, menos opciones + pieza menos restrictiva 1.27e-04%, reinicios, menos opciones 0.013%] (Knuth: ~122 días) | máximo colocado 54 de 64 | hilos 8 de 12
    ... 157.6 s | grupo 1/1 | 166390444 nodos | revisado 3.08e-03%, faltan ~58 días [menos opciones 3.08e-03%, menos opciones + pieza menos restrictiva 1.29e-04%, reinicios, menos opciones 0.014%] (Knuth: ~122 días) | máximo colocado 54 de 64 | hilos 8 de 12
    ... 159.6 s | grupo 1/1 | 168485504 nodos | revisado 3.12e-03%, faltan ~58 días [menos opciones 3.12e-03%, menos opciones + pieza menos restrictiva 1.31e-04%, reinicios, menos opciones 0.014%] (Knuth: ~122 días) | máximo colocado 54 de 64 | hilos 8 de 12
    ... 161.6 s | grupo 1/1 | 170603919 nodos | revisado 3.15e-03%, faltan ~58 días [menos opciones 3.15e-03%, menos opciones + pieza menos restrictiva 1.32e-04%, reinicios, menos opciones 0.014%] (Knuth: ~122 días) | máximo colocado 54 de 64 | hilos 8 de 12
    ... 163.6 s | grupo 1/1 | 172748155 nodos | revisado 3.23e-03%, faltan ~58 días [menos opciones 3.23e-03%, menos opciones + pieza menos restrictiva 1.34e-04%, reinicios, menos opciones 0.014%] (Knuth: ~122 días) | máximo colocado 54 de 64 | hilos 8 de 12
    ... 165.6 s | grupo 1/1 | 174861539 nodos | revisado 3.26e-03%, faltan ~58 días [menos opciones 3.26e-03%, menos opciones + pieza menos restrictiva 1.37e-04%, reinicios, menos opciones 0.014%] (Knuth: ~122 días) | máximo colocado 54 de 64 | hilos 8 de 12
    ... 167.7 s | grupo 1/1 | 176965826 nodos | revisado 3.29e-03%, faltan ~58 días [menos opciones 3.29e-03%, menos opciones + pieza menos restrictiva 1.42e-04%, reinicios, menos opciones 0.015%] (Knuth: ~123 días) | máximo colocado 54 de 64 | hilos 8 de 12
    ... 169.7 s | grupo 1/1 | 179067914 nodos | revisado 3.31e-03%, faltan ~58 días [menos opciones 3.31e-03%, menos opciones + pieza menos restrictiva 1.45e-04%, reinicios, menos opciones 0.015%] (Knuth: ~123 días) | máximo colocado 54 de 64 | hilos 8 de 12
    ... 171.7 s | grupo 1/1 | 181186845 nodos | revisado 3.32e-03%, faltan ~59 días [menos opciones 3.32e-03%, menos opciones + pieza menos restrictiva 1.46e-04%, reinicios, menos opciones 0.015%] (Knuth: ~123 días) | máximo colocado 54 de 64 | hilos 8 de 12
    ... 173.7 s | grupo 1/1 | 183273956 nodos | revisado 3.35e-03%, faltan ~59 días [menos opciones 3.35e-03%, menos opciones + pieza menos restrictiva 1.47e-04%, reinicios, menos opciones 0.015%] (Knuth: ~123 días) | máximo colocado 54 de 64 | hilos 8 de 12
    ... 175.7 s | grupo 1/1 | 185407437 nodos | revisado 3.44e-03%, faltan ~58 días [menos opciones 3.44e-03%, menos opciones + pieza menos restrictiva 1.48e-04%, reinicios, menos opciones 0.015%] (Knuth: ~123 días) | máximo colocado 54 de 64 | hilos 8 de 12
    ... 177.7 s | grupo 1/1 | 187525094 nodos | revisado 3.50e-03%, faltan ~58 días [menos opciones 3.50e-03%, menos opciones + pieza menos restrictiva 1.49e-04%, reinicios, menos opciones 0.015%] (Knuth: ~123 días) | máximo colocado 54 de 64 | hilos 8 de 12
    ... 179.7 s | grupo 1/1 | 189684282 nodos | revisado 3.53e-03%, faltan ~58 días [menos opciones 3.53e-03%, menos opciones + pieza menos restrictiva 1.50e-04%, reinicios, menos opciones 0.015%] (Knuth: ~123 días) | máximo colocado 54 de 64 | hilos 8 de 12
    ... 181.7 s | grupo 1/1 | 191827136 nodos | revisado 3.55e-03%, faltan ~58 días [menos opciones 3.55e-03%, menos opciones + pieza menos restrictiva 1.51e-04%, reinicios, menos opciones 0.015%] (Knuth: ~123 días) | máximo colocado 54 de 64 | hilos 8 de 12
    ... 183.7 s | grupo 1/1 | 193951277 nodos | revisado 3.63e-03%, faltan ~58 días [menos opciones 3.63e-03%, menos opciones + pieza menos restrictiva 1.52e-04%, reinicios, menos opciones 0.015%] (Knuth: ~123 días) | máximo colocado 54 de 64 | hilos 8 de 12
    ... 185.7 s | grupo 1/1 | 196113435 nodos | revisado 3.68e-03%, faltan ~57 días [menos opciones 3.68e-03%, menos opciones + pieza menos restrictiva 1.54e-04%, reinicios, menos opciones 0.015%] (Knuth: ~123 días) | máximo colocado 54 de 64 | hilos 8 de 12
    ... 187.7 s | grupo 1/1 | 198260676 nodos | revisado 3.77e-03%, faltan ~57 días [menos opciones 3.77e-03%, menos opciones + pieza menos restrictiva 1.55e-04%, reinicios, menos opciones 0.015%] (Knuth: ~123 días) | máximo colocado 54 de 64 | hilos 8 de 12
    ... 189.7 s | grupo 1/1 | 200410149 nodos | revisado 3.82e-03%, faltan ~57 días [menos opciones 3.82e-03%, menos opciones + pieza menos restrictiva 1.56e-04%, reinicios, menos opciones 0.015%] (Knuth: ~123 días) | máximo colocado 54 de 64 | hilos 8 de 12
    ... 191.8 s | grupo 1/1 | 202558315 nodos | revisado 3.85e-03%, faltan ~57 días [menos opciones 3.85e-03%, menos opciones + pieza menos restrictiva 1.59e-04%, reinicios, menos opciones 0.015%] (Knuth: ~123 días) | máximo colocado 54 de 64 | hilos 8 de 12
    ... 193.8 s | grupo 1/1 | 204696081 nodos | revisado 3.88e-03%, faltan ~57 días [menos opciones 3.88e-03%, menos opciones + pieza menos restrictiva 1.66e-04%, reinicios, menos opciones 0.015%] (Knuth: ~123 días) | máximo colocado 54 de 64 | hilos 8 de 12
    ... 195.8 s | grupo 1/1 | 206834016 nodos | revisado 3.91e-03%, faltan ~57 días [menos opciones 3.91e-03%, menos opciones + pieza menos restrictiva 1.68e-04%, reinicios, menos opciones 0.015%] (Knuth: ~123 días) | máximo colocado 54 de 64 | hilos 8 de 12
    ... 197.8 s | grupo 1/1 | 209000923 nodos | revisado 3.95e-03%, faltan ~57 días [menos opciones 3.95e-03%, menos opciones + pieza menos restrictiva 1.69e-04%, reinicios, menos opciones 0.015%] (Knuth: ~123 días) | máximo colocado 54 de 64 | hilos 8 de 12
    ... 199.8 s | grupo 1/1 | 211176508 nodos | revisado 3.99e-03%, faltan ~57 días [menos opciones 3.99e-03%, menos opciones + pieza menos restrictiva 1.73e-04%, reinicios, menos opciones 0.015%] (Knuth: ~123 días) | máximo colocado 54 de 64 | hilos 8 de 12
    ... 201.8 s | grupo 1/1 | 213357542 nodos | revisado 4.04e-03%, faltan ~57 días [menos opciones 4.04e-03%, menos opciones + pieza menos restrictiva 1.75e-04%, reinicios, menos opciones 0.015%] (Knuth: ~123 días) | máximo colocado 54 de 64 | hilos 8 de 12
    ... 203.8 s | grupo 1/1 | 215549319 nodos | revisado 4.09e-03%, faltan ~57 días [menos opciones 4.09e-03%, menos opciones + pieza menos restrictiva 1.76e-04%, reinicios, menos opciones 0.015%] (Knuth: ~123 días) | máximo colocado 54 de 64 | hilos 8 de 12
    ... 205.8 s | grupo 1/1 | 217774807 nodos | revisado 4.14e-03%, faltan ~57 días [menos opciones 4.14e-03%, menos opciones + pieza menos restrictiva 1.77e-04%, reinicios, menos opciones 0.015%] (Knuth: ~123 días) | máximo colocado 54 de 64 | hilos 8 de 12
    ... 207.8 s | grupo 1/1 | 219964931 nodos | revisado 4.21e-03%, faltan ~56 días [menos opciones 4.21e-03%, menos opciones + pieza menos restrictiva 1.78e-04%, reinicios, menos opciones 0.015%] (Knuth: ~123 días) | máximo colocado 54 de 64 | hilos 8 de 12
    ... 209.8 s | grupo 1/1 | 222137992 nodos | revisado 4.24e-03%, faltan ~56 días [menos opciones 4.24e-03%, menos opciones + pieza menos restrictiva 1.79e-04%, reinicios, menos opciones 0.016%] (Knuth: ~123 días) | máximo colocado 54 de 64 | hilos 8 de 12
    ... 211.8 s | grupo 1/1 | 224319710 nodos | revisado 4.30e-03%, faltan ~56 días [menos opciones 4.30e-03%, menos opciones + pieza menos restrictiva 1.80e-04%, reinicios, menos opciones 0.016%] (Knuth: ~123 días) | máximo colocado 54 de 64 | hilos 8 de 12
    ... 213.8 s | grupo 1/1 | 226470505 nodos | revisado 4.32e-03%, faltan ~56 días [menos opciones 4.32e-03%, menos opciones + pieza menos restrictiva 1.85e-04%, reinicios, menos opciones 0.016%] (Knuth: ~123 días) | máximo colocado 54 de 64 | hilos 8 de 12
    ... 215.8 s | grupo 1/1 | 228613586 nodos | revisado 4.37e-03%, faltan ~56 días [menos opciones 4.37e-03%, menos opciones + pieza menos restrictiva 1.85e-04%, reinicios, menos opciones 0.016%] (Knuth: ~123 días) | máximo colocado 54 de 64 | hilos 8 de 12
    ... 217.8 s | grupo 1/1 | 230787748 nodos | revisado 4.39e-03%, faltan ~57 días [menos opciones 4.39e-03%, menos opciones + pieza menos restrictiva 1.86e-04%, reinicios, menos opciones 0.016%] (Knuth: ~123 días) | máximo colocado 54 de 64 | hilos 8 de 12
    ... 219.9 s | grupo 1/1 | 232950793 nodos | revisado 4.46e-03%, faltan ~56 días [menos opciones 4.46e-03%, menos opciones + pieza menos restrictiva 1.87e-04%, reinicios, menos opciones 0.016%] (Knuth: ~123 días) | máximo colocado 54 de 64 | hilos 8 de 12
    ... 221.9 s | grupo 1/1 | 235118517 nodos | revisado 4.47e-03%, faltan ~57 días [menos opciones 4.47e-03%, menos opciones + pieza menos restrictiva 1.88e-04%, reinicios, menos opciones 0.016%] (Knuth: ~123 días) | máximo colocado 54 de 64 | hilos 8 de 12
    ... 223.9 s | grupo 1/1 | 237295036 nodos | revisado 4.54e-03%, faltan ~56 días [menos opciones 4.54e-03%, menos opciones + pieza menos restrictiva 1.91e-04%, reinicios, menos opciones 0.016%] (Knuth: ~123 días) | máximo colocado 54 de 64 | hilos 8 de 12
    ... 225.9 s | grupo 1/1 | 239442432 nodos | revisado 4.57e-03%, faltan ~56 días [menos opciones 4.57e-03%, menos opciones + pieza menos restrictiva 1.93e-04%, reinicios, menos opciones 0.016%] (Knuth: ~123 días) | máximo colocado 54 de 64 | hilos 8 de 12
    ... 227.9 s | grupo 1/1 | 241581756 nodos | revisado 4.59e-03%, faltan ~57 días [menos opciones 4.59e-03%, menos opciones + pieza menos restrictiva 1.96e-04%, reinicios, menos opciones 0.017%] (Knuth: ~123 días) | máximo colocado 54 de 64 | hilos 8 de 12
    ... 229.9 s | grupo 1/1 | 243751067 nodos | revisado 4.64e-03%, faltan ~57 días [menos opciones 4.64e-03%, menos opciones + pieza menos restrictiva 1.99e-04%, reinicios, menos opciones 0.017%] (Knuth: ~123 días) | máximo colocado 54 de 64 | hilos 8 de 12
    ... 231.9 s | grupo 1/1 | 245906964 nodos | revisado 4.68e-03%, faltan ~57 días [menos opciones 4.68e-03%, menos opciones + pieza menos restrictiva 2.02e-04%, reinicios, menos opciones 0.017%] (Knuth: ~123 días) | máximo colocado 54 de 64 | hilos 8 de 12
    ... 233.9 s | grupo 1/1 | 248048584 nodos | revisado 4.73e-03%, faltan ~56 días [menos opciones 4.73e-03%, menos opciones + pieza menos restrictiva 2.02e-04%, reinicios, menos opciones 0.017%] (Knuth: ~123 días) | máximo colocado 54 de 64 | hilos 8 de 12
    ... 235.9 s | grupo 1/1 | 250206061 nodos | revisado 4.76e-03%, faltan ~57 días [menos opciones 4.76e-03%, menos opciones + pieza menos restrictiva 2.03e-04%, reinicios, menos opciones 0.017%] (Knuth: ~123 días) | máximo colocado 54 de 64 | hilos 8 de 12
    ... 237.9 s | grupo 1/1 | 252351448 nodos | revisado 4.78e-03%, faltan ~57 días [menos opciones 4.78e-03%, menos opciones + pieza menos restrictiva 2.04e-04%, reinicios, menos opciones 0.017%] (Knuth: ~123 días) | máximo colocado 54 de 64 | hilos 8 de 12
    ... 239.9 s | grupo 1/1 | 254487085 nodos | revisado 4.80e-03%, faltan ~57 días [menos opciones 4.80e-03%, menos opciones + pieza menos restrictiva 2.06e-04%, reinicios, menos opciones 0.018%] (Knuth: ~123 días) | máximo colocado 54 de 64 | hilos 8 de 12
    ... 242.0 s | grupo 1/1 | 256635653 nodos | revisado 4.84e-03%, faltan ~57 días [menos opciones 4.84e-03%, menos opciones + pieza menos restrictiva 2.09e-04%, reinicios, menos opciones 0.018%] (Knuth: ~123 días) | máximo colocado 54 de 64 | hilos 8 de 12
    ... 244.0 s | grupo 1/1 | 258779771 nodos | revisado 4.88e-03%, faltan ~57 días [menos opciones 4.88e-03%, menos opciones + pieza menos restrictiva 2.11e-04%, reinicios, menos opciones 0.018%] (Knuth: ~123 días) | máximo colocado 54 de 64 | hilos 8 de 12
    ... 246.0 s | grupo 1/1 | 260895301 nodos | revisado 4.92e-03%, faltan ~57 días [menos opciones 4.92e-03%, menos opciones + pieza menos restrictiva 2.16e-04%, reinicios, menos opciones 0.018%] (Knuth: ~123 días) | máximo colocado 54 de 64 | hilos 8 de 12
    ... 248.0 s | grupo 1/1 | 263015260 nodos | revisado 4.94e-03%, faltan ~57 días [menos opciones 4.94e-03%, menos opciones + pieza menos restrictiva 2.16e-04%, reinicios, menos opciones 0.018%] (Knuth: ~123 días) | máximo colocado 54 de 64 | hilos 8 de 12
    ... 250.0 s | grupo 1/1 | 265160051 nodos | revisado 4.97e-03%, faltan ~57 días [menos opciones 4.97e-03%, menos opciones + pieza menos restrictiva 2.17e-04%, reinicios, menos opciones 0.018%] (Knuth: ~123 días) | máximo colocado 54 de 64 | hilos 8 de 12
    ... 252.0 s | grupo 1/1 | 267302598 nodos | revisado 4.98e-03%, faltan ~58 días [menos opciones 4.98e-03%, menos opciones + pieza menos restrictiva 2.17e-04%, reinicios, menos opciones 0.019%] (Knuth: ~123 días) | máximo colocado 54 de 64 | hilos 8 de 12
    ... 254.0 s | grupo 1/1 | 269473280 nodos | revisado 5.00e-03%, faltan ~58 días [menos opciones 5.00e-03%, menos opciones + pieza menos restrictiva 2.17e-04%, reinicios, menos opciones 0.019%] (Knuth: ~123 días) | máximo colocado 54 de 64 | hilos 8 de 12
    ... 256.0 s | grupo 1/1 | 271648639 nodos | revisado 5.01e-03%, faltan ~58 días [menos opciones 5.01e-03%, menos opciones + pieza menos restrictiva 2.18e-04%, reinicios, menos opciones 0.019%] (Knuth: ~123 días) | máximo colocado 54 de 64 | hilos 8 de 12
    ... 258.0 s | grupo 1/1 | 273830528 nodos | revisado 5.03e-03%, faltan ~59 días [menos opciones 5.03e-03%, menos opciones + pieza menos restrictiva 2.18e-04%, reinicios, menos opciones 0.019%] (Knuth: ~123 días) | máximo colocado 54 de 64 | hilos 8 de 12
    ... 260.0 s | grupo 1/1 | 276009206 nodos | revisado 5.04e-03%, faltan ~59 días [menos opciones 5.04e-03%, menos opciones + pieza menos restrictiva 2.19e-04%, reinicios, menos opciones 0.019%] (Knuth: ~123 días) | máximo colocado 54 de 64 | hilos 8 de 12
    ... 262.0 s | grupo 1/1 | 278197186 nodos | revisado 5.05e-03%, faltan ~59 días [menos opciones 5.05e-03%, menos opciones + pieza menos restrictiva 2.20e-04%, reinicios, menos opciones 0.019%] (Knuth: ~123 días) | máximo colocado 54 de 64 | hilos 8 de 12
    ... 264.1 s | grupo 1/1 | 280370872 nodos | revisado 5.05e-03%, faltan ~60 días [menos opciones 5.05e-03%, menos opciones + pieza menos restrictiva 2.21e-04%, reinicios, menos opciones 0.019%] (Knuth: ~123 días) | máximo colocado 54 de 64 | hilos 8 de 12
    ... 266.1 s | grupo 1/1 | 282583841 nodos | revisado 5.07e-03%, faltan ~60 días [menos opciones 5.07e-03%, menos opciones + pieza menos restrictiva 2.22e-04%, reinicios, menos opciones 0.019%] (Knuth: ~123 días) | máximo colocado 54 de 64 | hilos 8 de 12
    ... 268.1 s | grupo 1/1 | 284776032 nodos | revisado 5.08e-03%, faltan ~60 días [menos opciones 5.08e-03%, menos opciones + pieza menos restrictiva 2.23e-04%, reinicios, menos opciones 0.020%] (Knuth: ~123 días) | máximo colocado 54 de 64 | hilos 8 de 12
    ... 270.1 s | grupo 1/1 | 286909984 nodos | revisado 5.10e-03%, faltan ~61 días [menos opciones 5.10e-03%, menos opciones + pieza menos restrictiva 2.23e-04%, reinicios, menos opciones 0.021%] (Knuth: ~123 días) | máximo colocado 54 de 64 | hilos 8 de 12
    ... 272.1 s | grupo 1/1 | 289062401 nodos | revisado 5.19e-03%, faltan ~60 días [menos opciones 5.19e-03%, menos opciones + pieza menos restrictiva 2.24e-04%, reinicios, menos opciones 0.021%] (Knuth: ~123 días) | máximo colocado 54 de 64 | hilos 8 de 12
    ... 274.1 s | grupo 1/1 | 291189659 nodos | revisado 5.22e-03%, faltan ~60 días [menos opciones 5.22e-03%, menos opciones + pieza menos restrictiva 2.25e-04%, reinicios, menos opciones 0.021%] (Knuth: ~123 días) | máximo colocado 54 de 64 | hilos 8 de 12
    ... 276.1 s | grupo 1/1 | 293349018 nodos | revisado 5.27e-03%, faltan ~60 días [menos opciones 5.27e-03%, menos opciones + pieza menos restrictiva 2.26e-04%, reinicios, menos opciones 0.021%] (Knuth: ~123 días) | máximo colocado 54 de 64 | hilos 8 de 12
    ... 278.1 s | grupo 1/1 | 295533539 nodos | revisado 5.33e-03%, faltan ~60 días [menos opciones 5.33e-03%, menos opciones + pieza menos restrictiva 2.26e-04%, reinicios, menos opciones 0.022%] (Knuth: ~123 días) | máximo colocado 54 de 64 | hilos 8 de 12
    ... 280.1 s | grupo 1/1 | 297683090 nodos | revisado 5.36e-03%, faltan ~60 días [menos opciones 5.36e-03%, menos opciones + pieza menos restrictiva 2.27e-04%, reinicios, menos opciones 0.022%] (Knuth: ~123 días) | máximo colocado 54 de 64 | hilos 8 de 12
    ... 282.1 s | grupo 1/1 | 299838762 nodos | revisado 5.38e-03%, faltan ~60 días [menos opciones 5.38e-03%, menos opciones + pieza menos restrictiva 2.28e-04%, reinicios, menos opciones 0.022%] (Knuth: ~123 días) | máximo colocado 54 de 64 | hilos 8 de 12
    ... 284.1 s | grupo 1/1 | 301967443 nodos | revisado 5.43e-03%, faltan ~60 días [menos opciones 5.43e-03%, menos opciones + pieza menos restrictiva 2.30e-04%, reinicios, menos opciones 0.022%] (Knuth: ~123 días) | máximo colocado 54 de 64 | hilos 8 de 12
    ... 286.1 s | grupo 1/1 | 304108214 nodos | revisado 5.46e-03%, faltan ~60 días [menos opciones 5.46e-03%, menos opciones + pieza menos restrictiva 2.33e-04%, reinicios, menos opciones 0.022%] (Knuth: ~123 días) | máximo colocado 54 de 64 | hilos 8 de 12
    ... 288.2 s | grupo 1/1 | 306243631 nodos | revisado 5.49e-03%, faltan ~60 días [menos opciones 5.49e-03%, menos opciones + pieza menos restrictiva 2.35e-04%, reinicios, menos opciones 0.023%] (Knuth: ~123 días) | máximo colocado 54 de 64 | hilos 8 de 12
    ... 290.2 s | grupo 1/1 | 308413248 nodos | revisado 5.50e-03%, faltan ~60 días [menos opciones 5.50e-03%, menos opciones + pieza menos restrictiva 2.36e-04%, reinicios, menos opciones 0.023%] (Knuth: ~123 días) | máximo colocado 54 de 64 | hilos 8 de 12
    ... 292.2 s | grupo 1/1 | 310564115 nodos | revisado 5.53e-03%, faltan ~61 días [menos opciones 5.53e-03%, menos opciones + pieza menos restrictiva 2.38e-04%, reinicios, menos opciones 0.023%] (Knuth: ~123 días) | máximo colocado 54 de 64 | hilos 8 de 12
    ... 294.2 s | grupo 1/1 | 312662952 nodos | revisado 5.59e-03%, faltan ~60 días [menos opciones 5.59e-03%, menos opciones + pieza menos restrictiva 2.40e-04%, reinicios, menos opciones 0.023%] (Knuth: ~123 días) | máximo colocado 54 de 64 | hilos 8 de 12
    ... 296.2 s | grupo 1/1 | 314764989 nodos | revisado 5.67e-03%, faltan ~60 días [menos opciones 5.67e-03%, menos opciones + pieza menos restrictiva 2.41e-04%, reinicios, menos opciones 0.023%] (Knuth: ~123 días) | máximo colocado 54 de 64 | hilos 8 de 12
    ... 298.2 s | grupo 1/1 | 316874862 nodos | revisado 5.72e-03%, faltan ~60 días [menos opciones 5.72e-03%, menos opciones + pieza menos restrictiva 2.42e-04%, reinicios, menos opciones 0.023%] (Knuth: ~123 días) | máximo colocado 54 de 64 | hilos 8 de 12
[4] Grupo 1: cortado por límite de tiempo
[5] Tiempo total: 5 min
RESULTADO resuelto=0 ms=300018.2 marcos=0 nodos=318737408 grupos=1/1 hilos=12 t_marcos=0.000 t_interior=297.007 lados=0 unificado=1 max_colocadas=54 motivo=limite
