[0] Tablero 8x8, 10 colores, 12 hilos
[1] Esquinas juntas: las esquinas son parte de la búsqueda; un solo recorrido para todos los grupos
    grupo 1, orden menos opciones: estimado 6.75e+12 nodos
    grupo 1, orden interior primero: estimado 6.23e+10 nodos
[1] Estimado de Knuth por grupo (nodos): 6.23e+10(i)   (i) = interior primero
[2] Grupo 1/1: ruta unificada (mapas por lado), orden: interior primero; grupo grande: 3 estrategias a la vez (normal, pieza menos restrictiva, reinicios)
    ... 5.0 s | grupo 1/1 | 2252929 nodos | revisado 6.81e-04%, faltan ~3 días [interior primero 6.81e-04%, interior primero + pieza menos restrictiva 3.90e-05%, reinicios, interior primero 7.91e-03%] (Knuth: ~15.5 h) | máximo colocado 48 de 64 | hilos 8 de 12
    ... 7.0 s | grupo 1/1 | 4486155 nodos | revisado 1.57e-03%, faltan ~3 días [interior primero 1.57e-03%, interior primero + pieza menos restrictiva 9.62e-05%, reinicios, interior primero 0.015%] (Knuth: ~15.5 h) | máximo colocado 49 de 64 | hilos 8 de 12
    ... 9.0 s | grupo 1/1 | 6703978 nodos | revisado 2.44e-03%, faltan ~3 días [interior primero 2.44e-03%, interior primero + pieza menos restrictiva 2.19e-04%, reinicios, interior primero 0.018%] (Knuth: ~15.6 h) | máximo colocado 50 de 64 | hilos 8 de 12
    ... 11.1 s | grupo 1/1 | 8953760 nodos | revisado 3.88e-03%, faltan ~2 días [interior primero 3.88e-03%, interior primero + pieza menos restrictiva 4.63e-04%, reinicios, interior primero 0.021%] (Knuth: ~15.5 h) | máximo colocado 50 de 64 | hilos 8 de 12
    ... 13.1 s | grupo 1/1 | 11191646 nodos | revisado 5.55e-03%, faltan ~2 días [interior primero 5.55e-03%, interior primero + pieza menos restrictiva 6.34e-04%, reinicios, interior primero 0.025%] (Knuth: ~15.5 h) | máximo colocado 50 de 64 | hilos 8 de 12
    ... 15.1 s | grupo 1/1 | 13398774 nodos | revisado 6.98e-03%, faltan ~47.9 h [interior primero 6.98e-03%, interior primero + pieza menos restrictiva 7.08e-04%, reinicios, interior primero 0.035%] (Knuth: ~15.6 h) | máximo colocado 50 de 64 | hilos 8 de 12
    ... 17.1 s | grupo 1/1 | 15640677 nodos | revisado 8.34e-03%, faltan ~46.8 h [interior primero 8.34e-03%, interior primero + pieza menos restrictiva 7.84e-04%, reinicios, interior primero 0.037%] (Knuth: ~15.6 h) | máximo colocado 51 de 64 | hilos 8 de 12
    ... 19.1 s | grupo 1/1 | 17897476 nodos | revisado 9.40e-03%, faltan ~47.5 h [interior primero 9.40e-03%, interior primero + pieza menos restrictiva 9.25e-04%, reinicios, interior primero 0.039%] (Knuth: ~15.5 h) | máximo colocado 51 de 64 | hilos 8 de 12
    ... 21.1 s | grupo 1/1 | 20147091 nodos | revisado 0.011%, faltan ~46.9 h [interior primero 0.011%, interior primero + pieza menos restrictiva 1.06e-03%, reinicios, interior primero 0.049%] (Knuth: ~15.5 h) | máximo colocado 51 de 64 | hilos 8 de 12
    ... 23.1 s | grupo 1/1 | 22382853 nodos | revisado 0.013%, faltan ~43.5 h [interior primero 0.013%, interior primero + pieza menos restrictiva 1.27e-03%, reinicios, interior primero 0.055%] (Knuth: ~15.5 h) | máximo colocado 51 de 64 | hilos 8 de 12
    ... 25.1 s | grupo 1/1 | 24613851 nodos | revisado 0.015%, faltan ~40.5 h [interior primero 0.015%, interior primero + pieza menos restrictiva 1.54e-03%, reinicios, interior primero 0.059%] (Knuth: ~15.5 h) | máximo colocado 51 de 64 | hilos 8 de 12
    ... 27.1 s | grupo 1/1 | 26833660 nodos | revisado 0.017%, faltan ~39.2 h [interior primero 0.017%, interior primero + pieza menos restrictiva 1.65e-03%, reinicios, interior primero 0.065%] (Knuth: ~15.5 h) | máximo colocado 51 de 64 | hilos 8 de 12
    ... 29.2 s | grupo 1/1 | 29040469 nodos | revisado 0.019%, faltan ~39.0 h [interior primero 0.019%, interior primero + pieza menos restrictiva 2.06e-03%, reinicios, interior primero 0.080%] (Knuth: ~15.6 h) | máximo colocado 51 de 64 | hilos 8 de 12
    ... 31.2 s | grupo 1/1 | 31217905 nodos | revisado 0.020%, faltan ~39.8 h [interior primero 0.020%, interior primero + pieza menos restrictiva 2.16e-03%, reinicios, interior primero 0.090%] (Knuth: ~15.6 h) | máximo colocado 51 de 64 | hilos 8 de 12
    ... 33.2 s | grupo 1/1 | 33433719 nodos | revisado 0.021%, faltan ~39.3 h [interior primero 0.021%, interior primero + pieza menos restrictiva 2.50e-03%, reinicios, interior primero 0.097%] (Knuth: ~15.6 h) | máximo colocado 51 de 64 | hilos 8 de 12
    ... 35.2 s | grupo 1/1 | 35623995 nodos | revisado 0.022%, faltan ~40.9 h [interior primero 0.022%, interior primero + pieza menos restrictiva 2.62e-03%, reinicios, interior primero 0.101%] (Knuth: ~15.6 h) | máximo colocado 51 de 64 | hilos 8 de 12
    ... 37.2 s | grupo 1/1 | 37818404 nodos | revisado 0.022%, faltan ~42.4 h [interior primero 0.022%, interior primero + pieza menos restrictiva 2.80e-03%, reinicios, interior primero 0.104%] (Knuth: ~15.6 h) | máximo colocado 51 de 64 | hilos 8 de 12
    ... 39.2 s | grupo 1/1 | 40049661 nodos | revisado 0.024%, faltan ~42.6 h [interior primero 0.024%, interior primero + pieza menos restrictiva 3.05e-03%, reinicios, interior primero 0.123%] (Knuth: ~15.6 h) | máximo colocado 51 de 64 | hilos 8 de 12
    ... 41.2 s | grupo 1/1 | 42315545 nodos | revisado 0.025%, faltan ~42.3 h [interior primero 0.025%, interior primero + pieza menos restrictiva 3.66e-03%, reinicios, interior primero 0.140%] (Knuth: ~15.6 h) | máximo colocado 51 de 64 | hilos 8 de 12
    ... 43.2 s | grupo 1/1 | 44523562 nodos | revisado 0.028%, faltan ~40.4 h [interior primero 0.028%, interior primero + pieza menos restrictiva 3.82e-03%, reinicios, interior primero 0.144%] (Knuth: ~15.6 h) | máximo colocado 51 de 64 | hilos 8 de 12
    ... 45.3 s | grupo 1/1 | 46742550 nodos | revisado 0.028%, faltan ~41.6 h [interior primero 0.028%, interior primero + pieza menos restrictiva 4.08e-03%, reinicios, interior primero 0.149%] (Knuth: ~15.6 h) | máximo colocado 51 de 64 | hilos 8 de 12
    ... 47.3 s | grupo 1/1 | 48986976 nodos | revisado 0.029%, faltan ~43.0 h [interior primero 0.029%, interior primero + pieza menos restrictiva 4.26e-03%, reinicios, interior primero 0.153%] (Knuth: ~15.6 h) | máximo colocado 51 de 64 | hilos 8 de 12
    ... 49.3 s | grupo 1/1 | 51201526 nodos | revisado 0.029%, faltan ~44.3 h [interior primero 0.029%, interior primero + pieza menos restrictiva 4.69e-03%, reinicios, interior primero 0.157%] (Knuth: ~15.6 h) | máximo colocado 51 de 64 | hilos 8 de 12
    ... 51.3 s | grupo 1/1 | 53382307 nodos | revisado 0.030%, faltan ~45.2 h [interior primero 0.030%, interior primero + pieza menos restrictiva 5.04e-03%, reinicios, interior primero 0.194%] (Knuth: ~15.6 h) | máximo colocado 51 de 64 | hilos 8 de 12
    ... 53.3 s | grupo 1/1 | 55606392 nodos | revisado 0.030%, faltan ~46.2 h [interior primero 0.030%, interior primero + pieza menos restrictiva 5.44e-03%, reinicios, interior primero 0.198%] (Knuth: ~15.6 h) | máximo colocado 51 de 64 | hilos 8 de 12
    ... 55.3 s | grupo 1/1 | 57781499 nodos | revisado 0.031%, faltan ~47.1 h [interior primero 0.031%, interior primero + pieza menos restrictiva 6.06e-03%, reinicios, interior primero 0.206%] (Knuth: ~15.6 h) | máximo colocado 51 de 64 | hilos 8 de 12
    ... 57.3 s | grupo 1/1 | 59948506 nodos | revisado 0.031%, faltan ~2 días [interior primero 0.031%, interior primero + pieza menos restrictiva 6.44e-03%, reinicios, interior primero 0.212%] (Knuth: ~15.6 h) | máximo colocado 51 de 64 | hilos 8 de 12
    ... 59.3 s | grupo 1/1 | 62151533 nodos | revisado 0.032%, faltan ~2 días [interior primero 0.032%, interior primero + pieza menos restrictiva 7.02e-03%, reinicios, interior primero 0.216%] (Knuth: ~15.7 h) | máximo colocado 51 de 64 | hilos 8 de 12
    ... 61.3 s | grupo 1/1 | 64372375 nodos | revisado 0.032%, faltan ~2 días [interior primero 0.032%, interior primero + pieza menos restrictiva 7.39e-03%, reinicios, interior primero 0.218%] (Knuth: ~15.6 h) | máximo colocado 51 de 64 | hilos 8 de 12
    ... 63.3 s | grupo 1/1 | 66594920 nodos | revisado 0.032%, faltan ~2 días [interior primero 0.032%, interior primero + pieza menos restrictiva 7.92e-03%, reinicios, interior primero 0.220%] (Knuth: ~15.6 h) | máximo colocado 51 de 64 | hilos 8 de 12
    ... 65.4 s | grupo 1/1 | 68835725 nodos | revisado 0.033%, faltan ~2 días [interior primero 0.033%, interior primero + pieza menos restrictiva 8.66e-03%, reinicios, interior primero 0.234%] (Knuth: ~15.6 h) | máximo colocado 51 de 64 | hilos 8 de 12
    ... 67.4 s | grupo 1/1 | 71056665 nodos | revisado 0.033%, faltan ~2 días [interior primero 0.033%, interior primero + pieza menos restrictiva 8.96e-03%, reinicios, interior primero 0.242%] (Knuth: ~15.6 h) | máximo colocado 51 de 64 | hilos 8 de 12
    ... 69.4 s | grupo 1/1 | 73302464 nodos | revisado 0.034%, faltan ~2 días [interior primero 0.034%, interior primero + pieza menos restrictiva 9.13e-03%, reinicios, interior primero 0.246%] (Knuth: ~15.6 h) | máximo colocado 51 de 64 | hilos 8 de 12
    ... 71.4 s | grupo 1/1 | 75536671 nodos | revisado 0.036%, faltan ~2 días [interior primero 0.036%, interior primero + pieza menos restrictiva 9.71e-03%, reinicios, interior primero 0.256%] (Knuth: ~15.6 h) | máximo colocado 51 de 64 | hilos 8 de 12
    ... 73.4 s | grupo 1/1 | 77760925 nodos | revisado 0.037%, faltan ~2 días [interior primero 0.037%, interior primero + pieza menos restrictiva 0.010%, reinicios, interior primero 0.259%] (Knuth: ~15.6 h) | máximo colocado 51 de 64 | hilos 8 de 12
    ... 75.4 s | grupo 1/1 | 79977042 nodos | revisado 0.037%, faltan ~2 días [interior primero 0.037%, interior primero + pieza menos restrictiva 0.011%, reinicios, interior primero 0.263%] (Knuth: ~15.6 h) | máximo colocado 51 de 64 | hilos 8 de 12
    ... 77.4 s | grupo 1/1 | 82220608 nodos | revisado 0.038%, faltan ~2 días [interior primero 0.038%, interior primero + pieza menos restrictiva 0.011%, reinicios, interior primero 0.265%] (Knuth: ~15.6 h) | máximo colocado 51 de 64 | hilos 8 de 12
    ... 79.4 s | grupo 1/1 | 84443555 nodos | revisado 0.039%, faltan ~2 días [interior primero 0.039%, interior primero + pieza menos restrictiva 0.013%, reinicios, interior primero 0.269%] (Knuth: ~15.6 h) | máximo colocado 51 de 64 | hilos 8 de 12
    ... 81.4 s | grupo 1/1 | 86678412 nodos | revisado 0.040%, faltan ~2 días [interior primero 0.040%, interior primero + pieza menos restrictiva 0.013%, reinicios, interior primero 0.272%] (Knuth: ~15.6 h) | máximo colocado 51 de 64 | hilos 8 de 12
    ... 83.4 s | grupo 1/1 | 88894407 nodos | revisado 0.042%, faltan ~2 días [interior primero 0.042%, interior primero + pieza menos restrictiva 0.013%, reinicios, interior primero 0.273%] (Knuth: ~15.6 h) | máximo colocado 51 de 64 | hilos 8 de 12
    ... 85.4 s | grupo 1/1 | 91084906 nodos | revisado 0.043%, faltan ~2 días [interior primero 0.043%, interior primero + pieza menos restrictiva 0.013%, reinicios, interior primero 0.276%] (Knuth: ~15.6 h) | máximo colocado 51 de 64 | hilos 8 de 12
    ... 87.4 s | grupo 1/1 | 93320799 nodos | revisado 0.044%, faltan ~2 días [interior primero 0.044%, interior primero + pieza menos restrictiva 0.013%, reinicios, interior primero 0.281%] (Knuth: ~15.6 h) | máximo colocado 51 de 64 | hilos 8 de 12
    ... 89.5 s | grupo 1/1 | 95555270 nodos | revisado 0.046%, faltan ~2 días [interior primero 0.046%, interior primero + pieza menos restrictiva 0.014%, reinicios, interior primero 0.289%] (Knuth: ~15.6 h) | máximo colocado 51 de 64 | hilos 8 de 12
    ... 91.5 s | grupo 1/1 | 97788344 nodos | revisado 0.047%, faltan ~2 días [interior primero 0.047%, interior primero + pieza menos restrictiva 0.014%, reinicios, interior primero 0.295%] (Knuth: ~15.6 h) | máximo colocado 51 de 64 | hilos 8 de 12
    ... 93.5 s | grupo 1/1 | 100037404 nodos | revisado 0.048%, faltan ~2 días [interior primero 0.048%, interior primero + pieza menos restrictiva 0.014%, reinicios, interior primero 0.304%] (Knuth: ~15.6 h) | máximo colocado 51 de 64 | hilos 8 de 12
    ... 95.5 s | grupo 1/1 | 102270278 nodos | revisado 0.050%, faltan ~2 días [interior primero 0.050%, interior primero + pieza menos restrictiva 0.014%, reinicios, interior primero 0.308%] (Knuth: ~15.6 h) | máximo colocado 51 de 64 | hilos 8 de 12
    ... 97.5 s | grupo 1/1 | 104492289 nodos | revisado 0.051%, faltan ~2 días [interior primero 0.051%, interior primero + pieza menos restrictiva 0.014%, reinicios, interior primero 0.310%] (Knuth: ~15.6 h) | máximo colocado 51 de 64 | hilos 8 de 12
    ... 99.5 s | grupo 1/1 | 106733058 nodos | revisado 0.052%, faltan ~2 días [interior primero 0.052%, interior primero + pieza menos restrictiva 0.015%, reinicios, interior primero 0.315%] (Knuth: ~15.6 h) | máximo colocado 51 de 64 | hilos 8 de 12
    ... 101.5 s | grupo 1/1 | 108967079 nodos | revisado 0.053%, faltan ~2 días [interior primero 0.053%, interior primero + pieza menos restrictiva 0.015%, reinicios, interior primero 0.322%] (Knuth: ~15.6 h) | máximo colocado 51 de 64 | hilos 8 de 12
    ... 103.5 s | grupo 1/1 | 111220127 nodos | revisado 0.054%, faltan ~2 días [interior primero 0.054%, interior primero + pieza menos restrictiva 0.015%, reinicios, interior primero 0.324%] (Knuth: ~15.6 h) | máximo colocado 51 de 64 | hilos 8 de 12
    ... 105.5 s | grupo 1/1 | 113436873 nodos | revisado 0.056%, faltan ~2 días [interior primero 0.056%, interior primero + pieza menos restrictiva 0.015%, reinicios, interior primero 0.340%] (Knuth: ~15.6 h) | máximo colocado 51 de 64 | hilos 8 de 12
    ... 107.5 s | grupo 1/1 | 115663403 nodos | revisado 0.058%, faltan ~2 días [interior primero 0.058%, interior primero + pieza menos restrictiva 0.015%, reinicios, interior primero 0.348%] (Knuth: ~15.6 h) | máximo colocado 51 de 64 | hilos 8 de 12
    ... 109.5 s | grupo 1/1 | 117871306 nodos | revisado 0.058%, faltan ~2 días [interior primero 0.058%, interior primero + pieza menos restrictiva 0.016%, reinicios, interior primero 0.359%] (Knuth: ~15.6 h) | máximo colocado 51 de 64 | hilos 8 de 12
    ... 111.5 s | grupo 1/1 | 120105397 nodos | revisado 0.059%, faltan ~2 días [interior primero 0.059%, interior primero + pieza menos restrictiva 0.016%, reinicios, interior primero 0.364%] (Knuth: ~15.6 h) | máximo colocado 51 de 64 | hilos 8 de 12
    ... 113.5 s | grupo 1/1 | 122345932 nodos | revisado 0.061%, faltan ~2 días [interior primero 0.061%, interior primero + pieza menos restrictiva 0.016%, reinicios, interior primero 0.368%] (Knuth: ~15.6 h) | máximo colocado 51 de 64 | hilos 8 de 12
    ... 115.6 s | grupo 1/1 | 124579410 nodos | revisado 0.063%, faltan ~2 días [interior primero 0.063%, interior primero + pieza menos restrictiva 0.017%, reinicios, interior primero 0.370%] (Knuth: ~15.6 h) | máximo colocado 51 de 64 | hilos 8 de 12
    ... 117.6 s | grupo 1/1 | 126815249 nodos | revisado 0.065%, faltan ~2 días [interior primero 0.065%, interior primero + pieza menos restrictiva 0.017%, reinicios, interior primero 0.376%] (Knuth: ~15.6 h) | máximo colocado 51 de 64 | hilos 8 de 12
    ... 119.6 s | grupo 1/1 | 129037040 nodos | revisado 0.067%, faltan ~2 días [interior primero 0.067%, interior primero + pieza menos restrictiva 0.018%, reinicios, interior primero 0.382%] (Knuth: ~15.6 h) | máximo colocado 51 de 64 | hilos 8 de 12
    ... 121.6 s | grupo 1/1 | 131268301 nodos | revisado 0.067%, faltan ~2 días [interior primero 0.067%, interior primero + pieza menos restrictiva 0.018%, reinicios, interior primero 0.388%] (Knuth: ~15.6 h) | máximo colocado 51 de 64 | hilos 8 de 12
    ... 123.6 s | grupo 1/1 | 133520015 nodos | revisado 0.069%, faltan ~2 días [interior primero 0.069%, interior primero + pieza menos restrictiva 0.019%, reinicios, interior primero 0.393%] (Knuth: ~15.6 h) | máximo colocado 51 de 64 | hilos 8 de 12
    ... 125.6 s | grupo 1/1 | 135740854 nodos | revisado 0.070%, faltan ~2 días [interior primero 0.070%, interior primero + pieza menos restrictiva 0.019%, reinicios, interior primero 0.399%] (Knuth: ~15.6 h) | máximo colocado 51 de 64 | hilos 8 de 12
    ... 127.6 s | grupo 1/1 | 137961952 nodos | revisado 0.073%, faltan ~47.2 h [interior primero 0.073%, interior primero + pieza menos restrictiva 0.020%, reinicios, interior primero 0.402%] (Knuth: ~15.6 h) | máximo colocado 51 de 64 | hilos 8 de 12
    ... 129.6 s | grupo 1/1 | 140230730 nodos | revisado 0.076%, faltan ~46.1 h [interior primero 0.076%, interior primero + pieza menos restrictiva 0.020%, reinicios, interior primero 0.406%] (Knuth: ~15.6 h) | máximo colocado 51 de 64 | hilos 8 de 12
    ... 131.6 s | grupo 1/1 | 142509508 nodos | revisado 0.077%, faltan ~46.6 h [interior primero 0.077%, interior primero + pieza menos restrictiva 0.020%, reinicios, interior primero 0.412%] (Knuth: ~15.6 h) | máximo colocado 51 de 64 | hilos 8 de 12
    ... 133.6 s | grupo 1/1 | 144775376 nodos | revisado 0.077%, faltan ~47.2 h [interior primero 0.077%, interior primero + pieza menos restrictiva 0.020%, reinicios, interior primero 0.416%] (Knuth: ~15.6 h) | máximo colocado 51 de 64 | hilos 8 de 12
    ... 135.7 s | grupo 1/1 | 147006593 nodos | revisado 0.077%, faltan ~47.5 h [interior primero 0.077%, interior primero + pieza menos restrictiva 0.021%, reinicios, interior primero 0.427%] (Knuth: ~15.6 h) | máximo colocado 51 de 64 | hilos 8 de 12
    ... 137.7 s | grupo 1/1 | 149272099 nodos | revisado 0.079%, faltan ~47.5 h [interior primero 0.079%, interior primero + pieza menos restrictiva 0.021%, reinicios, interior primero 0.434%] (Knuth: ~15.6 h) | máximo colocado 51 de 64 | hilos 8 de 12
    ... 139.7 s | grupo 1/1 | 151533708 nodos | revisado 0.079%, faltan ~48.0 h [interior primero 0.079%, interior primero + pieza menos restrictiva 0.021%, reinicios, interior primero 0.448%] (Knuth: ~15.6 h) | máximo colocado 51 de 64 | hilos 8 de 12
    ... 141.7 s | grupo 1/1 | 153793186 nodos | revisado 0.080%, faltan ~47.9 h [interior primero 0.080%, interior primero + pieza menos restrictiva 0.021%, reinicios, interior primero 0.452%] (Knuth: ~15.6 h) | máximo colocado 51 de 64 | hilos 8 de 12
    ... 143.7 s | grupo 1/1 | 156077497 nodos | revisado 0.081%, faltan ~2 días [interior primero 0.081%, interior primero + pieza menos restrictiva 0.022%, reinicios, interior primero 0.460%] (Knuth: ~15.5 h) | máximo colocado 51 de 64 | hilos 8 de 12
    ... 145.7 s | grupo 1/1 | 158341870 nodos | revisado 0.082%, faltan ~2 días [interior primero 0.082%, interior primero + pieza menos restrictiva 0.022%, reinicios, interior primero 0.470%] (Knuth: ~15.5 h) | máximo colocado 51 de 64 | hilos 8 de 12
    ... 147.7 s | grupo 1/1 | 160606342 nodos | revisado 0.082%, faltan ~2 días [interior primero 0.082%, interior primero + pieza menos restrictiva 0.023%, reinicios, interior primero 0.473%] (Knuth: ~15.5 h) | máximo colocado 51 de 64 | hilos 8 de 12
    ... 149.7 s | grupo 1/1 | 162894166 nodos | revisado 0.083%, faltan ~2 días [interior primero 0.083%, interior primero + pieza menos restrictiva 0.023%, reinicios, interior primero 0.477%] (Knuth: ~15.5 h) | máximo colocado 51 de 64 | hilos 8 de 12
    ... 151.7 s | grupo 1/1 | 165123425 nodos | revisado 0.084%, faltan ~2 días [interior primero 0.084%, interior primero + pieza menos restrictiva 0.023%, reinicios, interior primero 0.482%] (Knuth: ~15.5 h) | máximo colocado 51 de 64 | hilos 8 de 12
    ... 153.7 s | grupo 1/1 | 167384566 nodos | revisado 0.085%, faltan ~2 días [interior primero 0.085%, interior primero + pieza menos restrictiva 0.024%, reinicios, interior primero 0.484%] (Knuth: ~15.5 h) | máximo colocado 51 de 64 | hilos 8 de 12
    ... 155.7 s | grupo 1/1 | 169639551 nodos | revisado 0.087%, faltan ~2 días [interior primero 0.087%, interior primero + pieza menos restrictiva 0.024%, reinicios, interior primero 0.492%] (Knuth: ~15.5 h) | máximo colocado 51 de 64 | hilos 8 de 12
    ... 157.7 s | grupo 1/1 | 171877289 nodos | revisado 0.088%, faltan ~2 días [interior primero 0.088%, interior primero + pieza menos restrictiva 0.024%, reinicios, interior primero 0.499%] (Knuth: ~15.5 h) | máximo colocado 51 de 64 | hilos 8 de 12
    ... 159.7 s | grupo 1/1 | 174101517 nodos | revisado 0.091%, faltan ~48.0 h [interior primero 0.091%, interior primero + pieza menos restrictiva 0.024%, reinicios, interior primero 0.507%] (Knuth: ~15.5 h) | máximo colocado 51 de 64 | hilos 8 de 12
    ... 161.7 s | grupo 1/1 | 176326713 nodos | revisado 0.091%, faltan ~2 días [interior primero 0.091%, interior primero + pieza menos restrictiva 0.025%, reinicios, interior primero 0.519%] (Knuth: ~15.5 h) | máximo colocado 51 de 64 | hilos 8 de 12
    ... 163.8 s | grupo 1/1 | 178566715 nodos | revisado 0.092%, faltan ~2 días [interior primero 0.092%, interior primero + pieza menos restrictiva 0.025%, reinicios, interior primero 0.531%] (Knuth: ~15.5 h) | máximo colocado 51 de 64 | hilos 8 de 12
    ... 165.8 s | grupo 1/1 | 180787454 nodos | revisado 0.094%, faltan ~47.9 h [interior primero 0.094%, interior primero + pieza menos restrictiva 0.025%, reinicios, interior primero 0.537%] (Knuth: ~15.5 h) | máximo colocado 51 de 64 | hilos 8 de 12
    ... 167.8 s | grupo 1/1 | 183007985 nodos | revisado 0.095%, faltan ~2 días [interior primero 0.095%, interior primero + pieza menos restrictiva 0.025%, reinicios, interior primero 0.543%] (Knuth: ~15.5 h) | máximo colocado 51 de 64 | hilos 8 de 12
    ... 169.8 s | grupo 1/1 | 185228146 nodos | revisado 0.095%, faltan ~2 días [interior primero 0.095%, interior primero + pieza menos restrictiva 0.026%, reinicios, interior primero 0.546%] (Knuth: ~15.5 h) | máximo colocado 51 de 64 | hilos 8 de 12
    ... 171.8 s | grupo 1/1 | 187431292 nodos | revisado 0.096%, faltan ~2 días [interior primero 0.096%, interior primero + pieza menos restrictiva 0.026%, reinicios, interior primero 0.550%] (Knuth: ~15.5 h) | máximo colocado 51 de 64 | hilos 8 de 12
    ... 173.8 s | grupo 1/1 | 189647921 nodos | revisado 0.098%, faltan ~2 días [interior primero 0.098%, interior primero + pieza menos restrictiva 0.026%, reinicios, interior primero 0.558%] (Knuth: ~15.5 h) | máximo colocado 51 de 64 | hilos 8 de 12
    ... 175.8 s | grupo 1/1 | 191851206 nodos | revisado 0.098%, faltan ~2 días [interior primero 0.098%, interior primero + pieza menos restrictiva 0.027%, reinicios, interior primero 0.561%] (Knuth: ~15.5 h) | máximo colocado 51 de 64 | hilos 8 de 12
    ... 177.8 s | grupo 1/1 | 194023103 nodos | revisado 0.100%, faltan ~2 días [interior primero 0.100%, interior primero + pieza menos restrictiva 0.027%, reinicios, interior primero 0.565%] (Knuth: ~15.5 h) | máximo colocado 51 de 64 | hilos 8 de 12
    ... 179.8 s | grupo 1/1 | 196247402 nodos | revisado 0.100%, faltan ~2 días [interior primero 0.100%, interior primero + pieza menos restrictiva 0.027%, reinicios, interior primero 0.569%] (Knuth: ~15.5 h) | máximo colocado 51 de 64 | hilos 8 de 12
    ... 181.8 s | grupo 1/1 | 198476620 nodos | revisado 0.101%, faltan ~2 días [interior primero 0.101%, interior primero + pieza menos restrictiva 0.028%, reinicios, interior primero 0.571%] (Knuth: ~15.5 h) | máximo colocado 51 de 64 | hilos 8 de 12
    ... 183.8 s | grupo 1/1 | 200738190 nodos | revisado 0.101%, faltan ~2 días [interior primero 0.101%, interior primero + pieza menos restrictiva 0.028%, reinicios, interior primero 0.575%] (Knuth: ~15.5 h) | máximo colocado 51 de 64 | hilos 8 de 12
    ... 185.9 s | grupo 1/1 | 203000566 nodos | revisado 0.102%, faltan ~2 días [interior primero 0.102%, interior primero + pieza menos restrictiva 0.028%, reinicios, interior primero 0.583%] (Knuth: ~15.5 h) | máximo colocado 51 de 64 | hilos 8 de 12
    ... 187.9 s | grupo 1/1 | 205232598 nodos | revisado 0.102%, faltan ~2 días [interior primero 0.102%, interior primero + pieza menos restrictiva 0.028%, reinicios, interior primero 0.596%] (Knuth: ~15.5 h) | máximo colocado 51 de 64 | hilos 8 de 12
    ... 189.9 s | grupo 1/1 | 207483031 nodos | revisado 0.103%, faltan ~2 días [interior primero 0.103%, interior primero + pieza menos restrictiva 0.029%, reinicios, interior primero 0.609%] (Knuth: ~15.5 h) | máximo colocado 51 de 64 | hilos 8 de 12
    ... 191.9 s | grupo 1/1 | 209742153 nodos | revisado 0.103%, faltan ~2 días [interior primero 0.103%, interior primero + pieza menos restrictiva 0.029%, reinicios, interior primero 0.628%] (Knuth: ~15.5 h) | máximo colocado 51 de 64 | hilos 8 de 12
    ... 193.9 s | grupo 1/1 | 211987424 nodos | revisado 0.103%, faltan ~2 días [interior primero 0.103%, interior primero + pieza menos restrictiva 0.030%, reinicios, interior primero 0.642%] (Knuth: ~15.5 h) | máximo colocado 51 de 64 | hilos 8 de 12
    ... 195.9 s | grupo 1/1 | 214195255 nodos | revisado 0.104%, faltan ~2 días [interior primero 0.104%, interior primero + pieza menos restrictiva 0.030%, reinicios, interior primero 0.650%] (Knuth: ~15.5 h) | máximo colocado 51 de 64 | hilos 8 de 12
    ... 197.9 s | grupo 1/1 | 216406048 nodos | revisado 0.104%, faltan ~2 días [interior primero 0.104%, interior primero + pieza menos restrictiva 0.030%, reinicios, interior primero 0.657%] (Knuth: ~15.5 h) | máximo colocado 51 de 64 | hilos 8 de 12
    portafolio: encontró la solución el equipo "interior primero + pieza menos restrictiva" (nodos: interior primero 78310400, interior primero + pieza menos restrictiva 60508426, reinicios, interior primero 78700544)
[4] Grupo 1: SOLUCIÓN. Verificación: OK
[5] Tiempo total: 3 min
RESULTADO resuelto=1 ms=198933.7 marcos=0 nodos=217519370 grupos=1/1 hilos=12 t_marcos=0.000 t_interior=195.919 lados=0 unificado=1 max_colocadas=64
