[0] Tablero 8x8, 10 colores, 12 hilos
[1] Esquinas juntas: las esquinas son parte de la búsqueda; un solo recorrido para todos los grupos
    grupo 1, orden menos opciones: estimado 2.51e+13 nodos
    grupo 1, orden interior primero: estimado 2.37e+11 nodos
[1] Estimado de Knuth por grupo (nodos): 2.37e+11(i)   (i) = interior primero
[2] Grupo 1/1: ruta unificada (mapas por lado), orden: interior primero; grupo grande: 3 estrategias a la vez (normal, pieza menos restrictiva, reinicios)
    ... 5.0 s | grupo 1/1 | 2070936 nodos | revisado 1.04e-03%, faltan ~2 días [interior primero 1.04e-03%, interior primero + pieza menos restrictiva 4.37e-06%, reinicios, interior primero 1.0%] (Knuth: ~3 días) | máximo colocado 47 de 64 | hilos 8 de 12
    ... 7.0 s | grupo 1/1 | 4168903 nodos | revisado 2.38e-03%, faltan ~46.9 h [interior primero 2.38e-03%, interior primero + pieza menos restrictiva 1.14e-05%, reinicios, interior primero 1.0%] (Knuth: ~3 días) | máximo colocado 49 de 64 | hilos 8 de 12
    ... 9.0 s | grupo 1/1 | 6256566 nodos | revisado 3.01e-03%, faltan ~2 días [interior primero 3.01e-03%, interior primero + pieza menos restrictiva 1.97e-05%, reinicios, interior primero 1.0%] (Knuth: ~3 días) | máximo colocado 49 de 64 | hilos 8 de 12
    ... 11.1 s | grupo 1/1 | 8393020 nodos | revisado 3.43e-03%, faltan ~3 días [interior primero 3.43e-03%, interior primero + pieza menos restrictiva 2.91e-05%, reinicios, interior primero 1.0%] (Knuth: ~3 días) | máximo colocado 49 de 64 | hilos 8 de 12
    ... 13.1 s | grupo 1/1 | 10489895 nodos | revisado 4.07e-03%, faltan ~3 días [interior primero 4.07e-03%, interior primero + pieza menos restrictiva 3.92e-05%, reinicios, interior primero 1.0%] (Knuth: ~3 días) | máximo colocado 49 de 64 | hilos 8 de 12
    ... 15.1 s | grupo 1/1 | 12600401 nodos | revisado 5.18e-03%, faltan ~3 días [interior primero 5.18e-03%, interior primero + pieza menos restrictiva 5.20e-05%, reinicios, interior primero 2.0%] (Knuth: ~3 días) | máximo colocado 49 de 64 | hilos 8 de 12
    ... 17.1 s | grupo 1/1 | 14685683 nodos | revisado 5.45e-03%, faltan ~3 días [interior primero 5.45e-03%, interior primero + pieza menos restrictiva 6.05e-05%, reinicios, interior primero 2.0%] (Knuth: ~3 días) | máximo colocado 49 de 64 | hilos 8 de 12
    ... 19.1 s | grupo 1/1 | 16786730 nodos | revisado 5.78e-03%, faltan ~3 días [interior primero 5.78e-03%, interior primero + pieza menos restrictiva 6.80e-05%, reinicios, interior primero 4.1%] (Knuth: ~3 días) | máximo colocado 49 de 64 | hilos 8 de 12
    ... 21.1 s | grupo 1/1 | 18914301 nodos | revisado 5.90e-03%, faltan ~4 días [interior primero 5.90e-03%, interior primero + pieza menos restrictiva 7.71e-05%, reinicios, interior primero 4.1%] (Knuth: ~3 días) | máximo colocado 49 de 64 | hilos 8 de 12
    ... 23.1 s | grupo 1/1 | 21016131 nodos | revisado 6.11e-03%, faltan ~4 días [interior primero 6.11e-03%, interior primero + pieza menos restrictiva 8.64e-05%, reinicios, interior primero 4.1%] (Knuth: ~3 días) | máximo colocado 49 de 64 | hilos 8 de 12
    ... 25.1 s | grupo 1/1 | 23102980 nodos | revisado 6.39e-03%, faltan ~4 días [interior primero 6.39e-03%, interior primero + pieza menos restrictiva 9.65e-05%, reinicios, interior primero 4.1%] (Knuth: ~3 días) | máximo colocado 49 de 64 | hilos 8 de 12
    ... 27.1 s | grupo 1/1 | 25193162 nodos | revisado 8.07e-03%, faltan ~3 días [interior primero 8.07e-03%, interior primero + pieza menos restrictiva 1.13e-04%, reinicios, interior primero 4.1%] (Knuth: ~3 días) | máximo colocado 49 de 64 | hilos 8 de 12
    ... 29.1 s | grupo 1/1 | 27299657 nodos | revisado 9.33e-03%, faltan ~3 días [interior primero 9.33e-03%, interior primero + pieza menos restrictiva 1.35e-04%, reinicios, interior primero 5.1%] (Knuth: ~3 días) | máximo colocado 49 de 64 | hilos 8 de 12
    ... 31.1 s | grupo 1/1 | 29398129 nodos | revisado 0.011%, faltan ~3 días [interior primero 0.011%, interior primero + pieza menos restrictiva 1.44e-04%, reinicios, interior primero 5.1%] (Knuth: ~3 días) | máximo colocado 49 de 64 | hilos 8 de 12
    ... 33.1 s | grupo 1/1 | 31469725 nodos | revisado 0.011%, faltan ~3 días [interior primero 0.011%, interior primero + pieza menos restrictiva 1.57e-04%, reinicios, interior primero 6.1%] (Knuth: ~3 días) | máximo colocado 49 de 64 | hilos 8 de 12
    ... 35.1 s | grupo 1/1 | 33562711 nodos | revisado 0.012%, faltan ~3 días [interior primero 0.012%, interior primero + pieza menos restrictiva 1.84e-04%, reinicios, interior primero 7.1%] (Knuth: ~3 días) | máximo colocado 49 de 64 | hilos 8 de 12
    ... 37.1 s | grupo 1/1 | 35647959 nodos | revisado 0.012%, faltan ~3 días [interior primero 0.012%, interior primero + pieza menos restrictiva 1.99e-04%, reinicios, interior primero 7.1%] (Knuth: ~3 días) | máximo colocado 49 de 64 | hilos 8 de 12
    ... 39.1 s | grupo 1/1 | 37736862 nodos | revisado 0.013%, faltan ~3 días [interior primero 0.013%, interior primero + pieza menos restrictiva 2.11e-04%, reinicios, interior primero 7.1%] (Knuth: ~3 días) | máximo colocado 49 de 64 | hilos 8 de 12
    ... 41.1 s | grupo 1/1 | 39845666 nodos | revisado 0.013%, faltan ~3 días [interior primero 0.013%, interior primero + pieza menos restrictiva 2.27e-04%, reinicios, interior primero 7.1%] (Knuth: ~3 días) | máximo colocado 49 de 64 | hilos 8 de 12
    ... 43.2 s | grupo 1/1 | 41937685 nodos | revisado 0.013%, faltan ~4 días [interior primero 0.013%, interior primero + pieza menos restrictiva 2.43e-04%, reinicios, interior primero 7.1%] (Knuth: ~3 días) | máximo colocado 49 de 64 | hilos 8 de 12
    ... 45.2 s | grupo 1/1 | 44026896 nodos | revisado 0.013%, faltan ~4 días [interior primero 0.013%, interior primero + pieza menos restrictiva 2.73e-04%, reinicios, interior primero 7.1%] (Knuth: ~3 días) | máximo colocado 49 de 64 | hilos 8 de 12
    ... 47.2 s | grupo 1/1 | 46118624 nodos | revisado 0.014%, faltan ~4 días [interior primero 0.014%, interior primero + pieza menos restrictiva 2.86e-04%, reinicios, interior primero 7.1%] (Knuth: ~3 días) | máximo colocado 49 de 64 | hilos 8 de 12
    ... 49.2 s | grupo 1/1 | 48214264 nodos | revisado 0.014%, faltan ~4 días [interior primero 0.014%, interior primero + pieza menos restrictiva 3.02e-04%, reinicios, interior primero 9.1%] (Knuth: ~3 días) | máximo colocado 49 de 64 | hilos 8 de 12
    ... 51.2 s | grupo 1/1 | 50318195 nodos | revisado 0.015%, faltan ~4 días [interior primero 0.015%, interior primero + pieza menos restrictiva 3.28e-04%, reinicios, interior primero 9.1%] (Knuth: ~3 días) | máximo colocado 49 de 64 | hilos 8 de 12
    ... 53.2 s | grupo 1/1 | 52408443 nodos | revisado 0.016%, faltan ~4 días [interior primero 0.016%, interior primero + pieza menos restrictiva 3.69e-04%, reinicios, interior primero 9.1%] (Knuth: ~3 días) | máximo colocado 49 de 64 | hilos 8 de 12
    ... 55.2 s | grupo 1/1 | 54492109 nodos | revisado 0.016%, faltan ~4 días [interior primero 0.016%, interior primero + pieza menos restrictiva 3.86e-04%, reinicios, interior primero 12.2%] (Knuth: ~3 días) | máximo colocado 49 de 64 | hilos 8 de 12
    ... 57.2 s | grupo 1/1 | 56569580 nodos | revisado 0.017%, faltan ~4 días [interior primero 0.017%, interior primero + pieza menos restrictiva 4.07e-04%, reinicios, interior primero 12.2%] (Knuth: ~3 días) | máximo colocado 49 de 64 | hilos 8 de 12
    ... 59.2 s | grupo 1/1 | 58675958 nodos | revisado 0.017%, faltan ~4 días [interior primero 0.017%, interior primero + pieza menos restrictiva 4.22e-04%, reinicios, interior primero 12.2%] (Knuth: ~3 días) | máximo colocado 49 de 64 | hilos 8 de 12
    ... 61.2 s | grupo 1/1 | 60797619 nodos | revisado 0.017%, faltan ~4 días [interior primero 0.017%, interior primero + pieza menos restrictiva 4.51e-04%, reinicios, interior primero 13.2%] (Knuth: ~3 días) | máximo colocado 49 de 64 | hilos 8 de 12
    ... 63.2 s | grupo 1/1 | 62898734 nodos | revisado 0.017%, faltan ~4 días [interior primero 0.017%, interior primero + pieza menos restrictiva 4.68e-04%, reinicios, interior primero 14.2%] (Knuth: ~3 días) | máximo colocado 49 de 64 | hilos 8 de 12
    ... 65.3 s | grupo 1/1 | 65012445 nodos | revisado 0.018%, faltan ~4 días [interior primero 0.018%, interior primero + pieza menos restrictiva 4.82e-04%, reinicios, interior primero 15.2%] (Knuth: ~3 días) | máximo colocado 49 de 64 | hilos 8 de 12
    ... 67.3 s | grupo 1/1 | 67145422 nodos | revisado 0.018%, faltan ~4 días [interior primero 0.018%, interior primero + pieza menos restrictiva 5.04e-04%, reinicios, interior primero 15.2%] (Knuth: ~3 días) | máximo colocado 49 de 64 | hilos 8 de 12
    ... 69.3 s | grupo 1/1 | 69253523 nodos | revisado 0.018%, faltan ~4 días [interior primero 0.018%, interior primero + pieza menos restrictiva 5.21e-04%, reinicios, interior primero 15.2%] (Knuth: ~3 días) | máximo colocado 49 de 64 | hilos 8 de 12
    ... 71.3 s | grupo 1/1 | 71383677 nodos | revisado 0.019%, faltan ~4 días [interior primero 0.019%, interior primero + pieza menos restrictiva 5.48e-04%, reinicios, interior primero 15.2%] (Knuth: ~3 días) | máximo colocado 49 de 64 | hilos 8 de 12
    ... 73.3 s | grupo 1/1 | 73484030 nodos | revisado 0.019%, faltan ~4 días [interior primero 0.019%, interior primero + pieza menos restrictiva 5.68e-04%, reinicios, interior primero 15.2%] (Knuth: ~3 días) | máximo colocado 49 de 64 | hilos 8 de 12
    ... 75.3 s | grupo 1/1 | 75618136 nodos | revisado 0.020%, faltan ~4 días [interior primero 0.020%, interior primero + pieza menos restrictiva 5.88e-04%, reinicios, interior primero 15.2%] (Knuth: ~3 días) | máximo colocado 49 de 64 | hilos 8 de 12
    ... 77.3 s | grupo 1/1 | 77574793 nodos | revisado 0.021%, faltan ~4 días [interior primero 0.021%, interior primero + pieza menos restrictiva 6.10e-04%, reinicios, interior primero 15.2%] (Knuth: ~3 días) | máximo colocado 49 de 64 | hilos 8 de 12
    ... 79.3 s | grupo 1/1 | 79685604 nodos | revisado 0.021%, faltan ~4 días [interior primero 0.021%, interior primero + pieza menos restrictiva 6.35e-04%, reinicios, interior primero 16.2%] (Knuth: ~3 días) | máximo colocado 49 de 64 | hilos 8 de 12
    portafolio: encontró la solución el equipo "interior primero + pieza menos restrictiva" (nodos: interior primero 30200832, interior primero + pieza menos restrictiva 21012552, reinicios, interior primero 28899328)
[4] Grupo 1: SOLUCIÓN. Verificación: OK
[5] Tiempo total: 80 s
RESULTADO resuelto=1 ms=79768.1 marcos=0 nodos=80112712 grupos=1/1 hilos=12 t_marcos=0.000 t_interior=76.756 lados=0 unificado=1 max_colocadas=64
