[0] Tablero 8x8, 11 colores, 12 hilos
[1] Esquinas juntas: las esquinas son parte de la búsqueda; un solo recorrido para todos los grupos
    grupo 1, orden menos opciones: estimado 4.1e+11 nodos
    grupo 1, orden interior primero: estimado 5.65e+11 nodos
[1] Estimado de Knuth por grupo (nodos): 4.1e+11   (i) = interior primero
[2] Grupo 1/1: ruta unificada (mapas por lado), orden: menos opciones; grupo grande: 3 estrategias a la vez (normal, pieza menos restrictiva, reinicios)
    ... 5.0 s | grupo 1/1 | 2133935 nodos | revisado 5.63e-05%, faltan ~41 días [menos opciones 5.63e-05%, menos opciones + pieza menos restrictiva 1.42e-05%, reinicios, menos opciones 3.10e-03%] (Knuth: ~4 días) | máximo colocado 53 de 64 | hilos 8 de 12
    ... 7.0 s | grupo 1/1 | 4253618 nodos | revisado 1.66e-04%, faltan ~28 días [menos opciones 1.66e-04%, menos opciones + pieza menos restrictiva 5.38e-05%, reinicios, menos opciones 5.86e-03%] (Knuth: ~4 días) | máximo colocado 53 de 64 | hilos 8 de 12
    ... 9.0 s | grupo 1/1 | 6367501 nodos | revisado 2.64e-04%, faltan ~26 días [menos opciones 2.64e-04%, menos opciones + pieza menos restrictiva 1.24e-04%, reinicios, menos opciones 7.03e-03%] (Knuth: ~4 días) | máximo colocado 53 de 64 | hilos 8 de 12
    ... 11.0 s | grupo 1/1 | 8480097 nodos | revisado 5.76e-04%, faltan ~16 días [menos opciones 5.76e-04%, menos opciones + pieza menos restrictiva 2.20e-04%, reinicios, menos opciones 8.73e-03%] (Knuth: ~4 días) | máximo colocado 53 de 64 | hilos 8 de 12
    ... 13.1 s | grupo 1/1 | 10620691 nodos | revisado 7.31e-04%, faltan ~16 días [menos opciones 7.31e-04%, menos opciones + pieza menos restrictiva 2.62e-04%, reinicios, menos opciones 0.010%] (Knuth: ~4 días) | máximo colocado 53 de 64 | hilos 8 de 12
    ... 15.1 s | grupo 1/1 | 12768025 nodos | revisado 8.48e-04%, faltan ~16 días [menos opciones 8.48e-04%, menos opciones + pieza menos restrictiva 3.05e-04%, reinicios, menos opciones 0.012%] (Knuth: ~4 días) | máximo colocado 53 de 64 | hilos 8 de 12
    ... 17.1 s | grupo 1/1 | 14918660 nodos | revisado 9.82e-04%, faltan ~17 días [menos opciones 9.82e-04%, menos opciones + pieza menos restrictiva 3.51e-04%, reinicios, menos opciones 0.013%] (Knuth: ~4 días) | máximo colocado 53 de 64 | hilos 8 de 12
    ... 19.1 s | grupo 1/1 | 17008636 nodos | revisado 1.19e-03%, faltan ~16 días [menos opciones 1.19e-03%, menos opciones + pieza menos restrictiva 4.08e-04%, reinicios, menos opciones 0.013%] (Knuth: ~4 días) | máximo colocado 53 de 64 | hilos 8 de 12
    ... 21.1 s | grupo 1/1 | 19121359 nodos | revisado 1.32e-03%, faltan ~16 días [menos opciones 1.32e-03%, menos opciones + pieza menos restrictiva 4.83e-04%, reinicios, menos opciones 0.014%] (Knuth: ~4 días) | máximo colocado 53 de 64 | hilos 8 de 12
    ... 23.1 s | grupo 1/1 | 21228939 nodos | revisado 1.41e-03%, faltan ~16 días [menos opciones 1.41e-03%, menos opciones + pieza menos restrictiva 5.65e-04%, reinicios, menos opciones 0.016%] (Knuth: ~4 días) | máximo colocado 53 de 64 | hilos 8 de 12
    ... 25.1 s | grupo 1/1 | 23329034 nodos | revisado 1.46e-03%, faltan ~18 días [menos opciones 1.46e-03%, menos opciones + pieza menos restrictiva 6.63e-04%, reinicios, menos opciones 0.019%] (Knuth: ~4 días) | máximo colocado 53 de 64 | hilos 8 de 12
    ... 27.1 s | grupo 1/1 | 25435555 nodos | revisado 1.55e-03%, faltan ~18 días [menos opciones 1.55e-03%, menos opciones + pieza menos restrictiva 7.55e-04%, reinicios, menos opciones 0.020%] (Knuth: ~4 días) | máximo colocado 53 de 64 | hilos 8 de 12
    ... 29.1 s | grupo 1/1 | 27547003 nodos | revisado 1.60e-03%, faltan ~19 días [menos opciones 1.60e-03%, menos opciones + pieza menos restrictiva 8.39e-04%, reinicios, menos opciones 0.021%] (Knuth: ~4 días) | máximo colocado 54 de 64 | hilos 8 de 12
    ... 31.1 s | grupo 1/1 | 29654477 nodos | revisado 1.63e-03%, faltan ~20 días [menos opciones 1.63e-03%, menos opciones + pieza menos restrictiva 8.60e-04%, reinicios, menos opciones 0.023%] (Knuth: ~4 días) | máximo colocado 54 de 64 | hilos 8 de 12
    ... 33.1 s | grupo 1/1 | 31792046 nodos | revisado 1.69e-03%, faltan ~21 días [menos opciones 1.69e-03%, menos opciones + pieza menos restrictiva 9.06e-04%, reinicios, menos opciones 0.025%] (Knuth: ~4 días) | máximo colocado 54 de 64 | hilos 8 de 12
    ... 35.1 s | grupo 1/1 | 33915814 nodos | revisado 1.79e-03%, faltan ~21 días [menos opciones 1.79e-03%, menos opciones + pieza menos restrictiva 9.55e-04%, reinicios, menos opciones 0.027%] (Knuth: ~4 días) | máximo colocado 54 de 64 | hilos 8 de 12
    ... 37.1 s | grupo 1/1 | 36036912 nodos | revisado 1.84e-03%, faltan ~21 días [menos opciones 1.84e-03%, menos opciones + pieza menos restrictiva 1.00e-03%, reinicios, menos opciones 0.028%] (Knuth: ~4 días) | máximo colocado 54 de 64 | hilos 8 de 12
    ... 39.1 s | grupo 1/1 | 38194421 nodos | revisado 1.91e-03%, faltan ~22 días [menos opciones 1.91e-03%, menos opciones + pieza menos restrictiva 1.05e-03%, reinicios, menos opciones 0.029%] (Knuth: ~4 días) | máximo colocado 54 de 64 | hilos 8 de 12
    ... 41.2 s | grupo 1/1 | 40383212 nodos | revisado 2.18e-03%, faltan ~20 días [menos opciones 2.18e-03%, menos opciones + pieza menos restrictiva 1.08e-03%, reinicios, menos opciones 0.030%] (Knuth: ~4 días) | máximo colocado 54 de 64 | hilos 8 de 12
    ... 43.2 s | grupo 1/1 | 42551763 nodos | revisado 2.27e-03%, faltan ~20 días [menos opciones 2.27e-03%, menos opciones + pieza menos restrictiva 1.11e-03%, reinicios, menos opciones 0.032%] (Knuth: ~4 días) | máximo colocado 56 de 64 | hilos 8 de 12
    ... 45.2 s | grupo 1/1 | 44728378 nodos | revisado 2.36e-03%, faltan ~21 días [menos opciones 2.36e-03%, menos opciones + pieza menos restrictiva 1.15e-03%, reinicios, menos opciones 0.034%] (Knuth: ~4 días) | máximo colocado 56 de 64 | hilos 8 de 12
    ... 47.2 s | grupo 1/1 | 46877976 nodos | revisado 2.42e-03%, faltan ~21 días [menos opciones 2.42e-03%, menos opciones + pieza menos restrictiva 1.18e-03%, reinicios, menos opciones 0.035%] (Knuth: ~4 días) | máximo colocado 56 de 64 | hilos 8 de 12
    ... 49.2 s | grupo 1/1 | 49027376 nodos | revisado 2.57e-03%, faltan ~21 días [menos opciones 2.57e-03%, menos opciones + pieza menos restrictiva 1.19e-03%, reinicios, menos opciones 0.038%] (Knuth: ~4 días) | máximo colocado 56 de 64 | hilos 8 de 12
    ... 51.2 s | grupo 1/1 | 51197277 nodos | revisado 2.77e-03%, faltan ~20 días [menos opciones 2.77e-03%, menos opciones + pieza menos restrictiva 1.22e-03%, reinicios, menos opciones 0.039%] (Knuth: ~4 días) | máximo colocado 56 de 64 | hilos 8 de 12
    ... 53.2 s | grupo 1/1 | 53319686 nodos | revisado 2.85e-03%, faltan ~20 días [menos opciones 2.85e-03%, menos opciones + pieza menos restrictiva 1.24e-03%, reinicios, menos opciones 0.041%] (Knuth: ~4 días) | máximo colocado 56 de 64 | hilos 8 de 12
    ... 55.2 s | grupo 1/1 | 55454062 nodos | revisado 2.91e-03%, faltan ~21 días [menos opciones 2.91e-03%, menos opciones + pieza menos restrictiva 1.26e-03%, reinicios, menos opciones 0.044%] (Knuth: ~4 días) | máximo colocado 56 de 64 | hilos 8 de 12
    ... 57.2 s | grupo 1/1 | 57646150 nodos | revisado 3.06e-03%, faltan ~21 días [menos opciones 3.06e-03%, menos opciones + pieza menos restrictiva 1.30e-03%, reinicios, menos opciones 0.047%] (Knuth: ~4 días) | máximo colocado 56 de 64 | hilos 8 de 12
    ... 59.2 s | grupo 1/1 | 59822111 nodos | revisado 3.12e-03%, faltan ~21 días [menos opciones 3.12e-03%, menos opciones + pieza menos restrictiva 1.33e-03%, reinicios, menos opciones 0.048%] (Knuth: ~4 días) | máximo colocado 56 de 64 | hilos 8 de 12
    ... 61.2 s | grupo 1/1 | 61975040 nodos | revisado 3.21e-03%, faltan ~21 días [menos opciones 3.21e-03%, menos opciones + pieza menos restrictiva 1.37e-03%, reinicios, menos opciones 0.049%] (Knuth: ~4 días) | máximo colocado 56 de 64 | hilos 8 de 12
    ... 63.2 s | grupo 1/1 | 64157033 nodos | revisado 3.40e-03%, faltan ~20 días [menos opciones 3.40e-03%, menos opciones + pieza menos restrictiva 1.45e-03%, reinicios, menos opciones 0.051%] (Knuth: ~4 días) | máximo colocado 56 de 64 | hilos 8 de 12
    ... 65.3 s | grupo 1/1 | 66339897 nodos | revisado 3.48e-03%, faltan ~21 días [menos opciones 3.48e-03%, menos opciones + pieza menos restrictiva 1.58e-03%, reinicios, menos opciones 0.052%] (Knuth: ~4 días) | máximo colocado 56 de 64 | hilos 8 de 12
    ... 67.3 s | grupo 1/1 | 68450283 nodos | revisado 3.76e-03%, faltan ~20 días [menos opciones 3.76e-03%, menos opciones + pieza menos restrictiva 1.67e-03%, reinicios, menos opciones 0.053%] (Knuth: ~4 días) | máximo colocado 56 de 64 | hilos 8 de 12
    ... 69.3 s | grupo 1/1 | 70566132 nodos | revisado 3.79e-03%, faltan ~20 días [menos opciones 3.79e-03%, menos opciones + pieza menos restrictiva 1.76e-03%, reinicios, menos opciones 0.054%] (Knuth: ~4 días) | máximo colocado 56 de 64 | hilos 8 de 12
    ... 71.3 s | grupo 1/1 | 72671956 nodos | revisado 3.84e-03%, faltan ~21 días [menos opciones 3.84e-03%, menos opciones + pieza menos restrictiva 1.90e-03%, reinicios, menos opciones 0.060%] (Knuth: ~4 días) | máximo colocado 56 de 64 | hilos 8 de 12
    ... 73.3 s | grupo 1/1 | 74811143 nodos | revisado 3.92e-03%, faltan ~21 días [menos opciones 3.92e-03%, menos opciones + pieza menos restrictiva 2.02e-03%, reinicios, menos opciones 0.062%] (Knuth: ~4 días) | máximo colocado 56 de 64 | hilos 8 de 12
    ... 75.3 s | grupo 1/1 | 76936978 nodos | revisado 4.06e-03%, faltan ~21 días [menos opciones 4.06e-03%, menos opciones + pieza menos restrictiva 2.15e-03%, reinicios, menos opciones 0.062%] (Knuth: ~4 días) | máximo colocado 56 de 64 | hilos 8 de 12
    ... 77.3 s | grupo 1/1 | 79098995 nodos | revisado 4.28e-03%, faltan ~20 días [menos opciones 4.28e-03%, menos opciones + pieza menos restrictiva 2.28e-03%, reinicios, menos opciones 0.063%] (Knuth: ~4 días) | máximo colocado 56 de 64 | hilos 8 de 12
    ... 79.3 s | grupo 1/1 | 81243341 nodos | revisado 4.35e-03%, faltan ~20 días [menos opciones 4.35e-03%, menos opciones + pieza menos restrictiva 2.37e-03%, reinicios, menos opciones 0.064%] (Knuth: ~4 días) | máximo colocado 56 de 64 | hilos 8 de 12
    ... 81.3 s | grupo 1/1 | 83399606 nodos | revisado 4.51e-03%, faltan ~20 días [menos opciones 4.51e-03%, menos opciones + pieza menos restrictiva 2.48e-03%, reinicios, menos opciones 0.065%] (Knuth: ~4 días) | máximo colocado 56 de 64 | hilos 8 de 12
    ... 83.3 s | grupo 1/1 | 85562488 nodos | revisado 4.62e-03%, faltan ~20 días [menos opciones 4.62e-03%, menos opciones + pieza menos restrictiva 2.55e-03%, reinicios, menos opciones 0.065%] (Knuth: ~4 días) | máximo colocado 56 de 64 | hilos 8 de 12
    ... 85.3 s | grupo 1/1 | 87715864 nodos | revisado 4.71e-03%, faltan ~20 días [menos opciones 4.71e-03%, menos opciones + pieza menos restrictiva 2.66e-03%, reinicios, menos opciones 0.065%] (Knuth: ~4 días) | máximo colocado 56 de 64 | hilos 8 de 12
    ... 87.3 s | grupo 1/1 | 89846549 nodos | revisado 4.77e-03%, faltan ~20 días [menos opciones 4.77e-03%, menos opciones + pieza menos restrictiva 2.78e-03%, reinicios, menos opciones 0.066%] (Knuth: ~4 días) | máximo colocado 56 de 64 | hilos 8 de 12
    ... 89.3 s | grupo 1/1 | 91937059 nodos | revisado 4.83e-03%, faltan ~21 días [menos opciones 4.83e-03%, menos opciones + pieza menos restrictiva 2.85e-03%, reinicios, menos opciones 0.066%] (Knuth: ~4 días) | máximo colocado 56 de 64 | hilos 8 de 12
    ... 91.3 s | grupo 1/1 | 94073497 nodos | revisado 4.98e-03%, faltan ~21 días [menos opciones 4.98e-03%, menos opciones + pieza menos restrictiva 2.93e-03%, reinicios, menos opciones 0.067%] (Knuth: ~4 días) | máximo colocado 56 de 64 | hilos 8 de 12
    ... 93.4 s | grupo 1/1 | 96219002 nodos | revisado 5.04e-03%, faltan ~21 días [menos opciones 5.04e-03%, menos opciones + pieza menos restrictiva 2.97e-03%, reinicios, menos opciones 0.068%] (Knuth: ~4 días) | máximo colocado 56 de 64 | hilos 8 de 12
    ... 95.4 s | grupo 1/1 | 98330875 nodos | revisado 5.08e-03%, faltan ~21 días [menos opciones 5.08e-03%, menos opciones + pieza menos restrictiva 3.05e-03%, reinicios, menos opciones 0.069%] (Knuth: ~4 días) | máximo colocado 56 de 64 | hilos 8 de 12
    ... 97.4 s | grupo 1/1 | 100442981 nodos | revisado 5.13e-03%, faltan ~21 días [menos opciones 5.13e-03%, menos opciones + pieza menos restrictiva 3.14e-03%, reinicios, menos opciones 0.071%] (Knuth: ~4 días) | máximo colocado 56 de 64 | hilos 8 de 12
    ... 99.4 s | grupo 1/1 | 102566601 nodos | revisado 5.21e-03%, faltan ~21 días [menos opciones 5.21e-03%, menos opciones + pieza menos restrictiva 3.26e-03%, reinicios, menos opciones 0.071%] (Knuth: ~4 días) | máximo colocado 56 de 64 | hilos 8 de 12
    ... 101.4 s | grupo 1/1 | 104672463 nodos | revisado 5.28e-03%, faltan ~22 días [menos opciones 5.28e-03%, menos opciones + pieza menos restrictiva 3.34e-03%, reinicios, menos opciones 0.072%] (Knuth: ~4 días) | máximo colocado 56 de 64 | hilos 8 de 12
    ... 103.4 s | grupo 1/1 | 106809399 nodos | revisado 5.36e-03%, faltan ~22 días [menos opciones 5.36e-03%, menos opciones + pieza menos restrictiva 3.41e-03%, reinicios, menos opciones 0.073%] (Knuth: ~4 días) | máximo colocado 56 de 64 | hilos 8 de 12
    ... 105.4 s | grupo 1/1 | 108942884 nodos | revisado 5.50e-03%, faltan ~22 días [menos opciones 5.50e-03%, menos opciones + pieza menos restrictiva 3.49e-03%, reinicios, menos opciones 0.075%] (Knuth: ~4 días) | máximo colocado 56 de 64 | hilos 8 de 12
    ... 107.4 s | grupo 1/1 | 111056947 nodos | revisado 5.56e-03%, faltan ~22 días [menos opciones 5.56e-03%, menos opciones + pieza menos restrictiva 3.60e-03%, reinicios, menos opciones 0.077%] (Knuth: ~4 días) | máximo colocado 56 de 64 | hilos 8 de 12
    ... 109.4 s | grupo 1/1 | 113149501 nodos | revisado 5.78e-03%, faltan ~21 días [menos opciones 5.78e-03%, menos opciones + pieza menos restrictiva 3.68e-03%, reinicios, menos opciones 0.081%] (Knuth: ~4 días) | máximo colocado 56 de 64 | hilos 8 de 12
    ... 111.4 s | grupo 1/1 | 115284408 nodos | revisado 5.87e-03%, faltan ~21 días [menos opciones 5.87e-03%, menos opciones + pieza menos restrictiva 3.72e-03%, reinicios, menos opciones 0.088%] (Knuth: ~4 días) | máximo colocado 56 de 64 | hilos 8 de 12
    ... 113.4 s | grupo 1/1 | 117416010 nodos | revisado 5.97e-03%, faltan ~21 días [menos opciones 5.97e-03%, menos opciones + pieza menos restrictiva 3.79e-03%, reinicios, menos opciones 0.089%] (Knuth: ~4 días) | máximo colocado 56 de 64 | hilos 8 de 12
    ... 115.4 s | grupo 1/1 | 119529781 nodos | revisado 6.22e-03%, faltan ~21 días [menos opciones 6.22e-03%, menos opciones + pieza menos restrictiva 3.83e-03%, reinicios, menos opciones 0.091%] (Knuth: ~4 días) | máximo colocado 56 de 64 | hilos 8 de 12
    ... 117.4 s | grupo 1/1 | 121637710 nodos | revisado 6.50e-03%, faltan ~20 días [menos opciones 6.50e-03%, menos opciones + pieza menos restrictiva 3.86e-03%, reinicios, menos opciones 0.094%] (Knuth: ~4 días) | máximo colocado 56 de 64 | hilos 8 de 12
    ... 119.4 s | grupo 1/1 | 123766333 nodos | revisado 6.64e-03%, faltan ~20 días [menos opciones 6.64e-03%, menos opciones + pieza menos restrictiva 3.91e-03%, reinicios, menos opciones 0.098%] (Knuth: ~4 días) | máximo colocado 56 de 64 | hilos 8 de 12
    ... 121.4 s | grupo 1/1 | 125897211 nodos | revisado 6.67e-03%, faltan ~21 días [menos opciones 6.67e-03%, menos opciones + pieza menos restrictiva 3.96e-03%, reinicios, menos opciones 0.099%] (Knuth: ~4 días) | máximo colocado 56 de 64 | hilos 8 de 12
    ... 123.5 s | grupo 1/1 | 128074623 nodos | revisado 6.72e-03%, faltan ~21 días [menos opciones 6.72e-03%, menos opciones + pieza menos restrictiva 4.02e-03%, reinicios, menos opciones 0.101%] (Knuth: ~4 días) | máximo colocado 56 de 64 | hilos 8 de 12
    ... 125.5 s | grupo 1/1 | 130193030 nodos | revisado 6.86e-03%, faltan ~21 días [menos opciones 6.86e-03%, menos opciones + pieza menos restrictiva 4.05e-03%, reinicios, menos opciones 0.102%] (Knuth: ~4 días) | máximo colocado 56 de 64 | hilos 8 de 12
    ... 127.5 s | grupo 1/1 | 132315641 nodos | revisado 6.92e-03%, faltan ~21 días [menos opciones 6.92e-03%, menos opciones + pieza menos restrictiva 4.11e-03%, reinicios, menos opciones 0.103%] (Knuth: ~4 días) | máximo colocado 56 de 64 | hilos 8 de 12
    ... 129.5 s | grupo 1/1 | 134445345 nodos | revisado 7.02e-03%, faltan ~21 días [menos opciones 7.02e-03%, menos opciones + pieza menos restrictiva 4.17e-03%, reinicios, menos opciones 0.104%] (Knuth: ~4 días) | máximo colocado 56 de 64 | hilos 8 de 12
    ... 131.5 s | grupo 1/1 | 136557227 nodos | revisado 7.07e-03%, faltan ~21 días [menos opciones 7.07e-03%, menos opciones + pieza menos restrictiva 4.20e-03%, reinicios, menos opciones 0.105%] (Knuth: ~4 días) | máximo colocado 56 de 64 | hilos 8 de 12
    ... 133.5 s | grupo 1/1 | 138685888 nodos | revisado 7.15e-03%, faltan ~21 días [menos opciones 7.15e-03%, menos opciones + pieza menos restrictiva 4.25e-03%, reinicios, menos opciones 0.105%] (Knuth: ~4 días) | máximo colocado 56 de 64 | hilos 8 de 12
    ... 135.5 s | grupo 1/1 | 140785600 nodos | revisado 7.20e-03%, faltan ~21 días [menos opciones 7.20e-03%, menos opciones + pieza menos restrictiva 4.33e-03%, reinicios, menos opciones 0.106%] (Knuth: ~4 días) | máximo colocado 56 de 64 | hilos 8 de 12
    ... 137.5 s | grupo 1/1 | 142928252 nodos | revisado 7.27e-03%, faltan ~21 días [menos opciones 7.27e-03%, menos opciones + pieza menos restrictiva 4.45e-03%, reinicios, menos opciones 0.107%] (Knuth: ~4 días) | máximo colocado 56 de 64 | hilos 8 de 12
    ... 139.5 s | grupo 1/1 | 145087561 nodos | revisado 7.33e-03%, faltan ~22 días [menos opciones 7.33e-03%, menos opciones + pieza menos restrictiva 4.56e-03%, reinicios, menos opciones 0.108%] (Knuth: ~4 días) | máximo colocado 56 de 64 | hilos 8 de 12
    ... 141.5 s | grupo 1/1 | 147261172 nodos | revisado 7.45e-03%, faltan ~22 días [menos opciones 7.45e-03%, menos opciones + pieza menos restrictiva 4.61e-03%, reinicios, menos opciones 0.111%] (Knuth: ~4 días) | máximo colocado 56 de 64 | hilos 8 de 12
    ... 143.5 s | grupo 1/1 | 149438542 nodos | revisado 7.53e-03%, faltan ~22 días [menos opciones 7.53e-03%, menos opciones + pieza menos restrictiva 4.66e-03%, reinicios, menos opciones 0.112%] (Knuth: ~4 días) | máximo colocado 56 de 64 | hilos 8 de 12
    ... 145.5 s | grupo 1/1 | 151583900 nodos | revisado 7.89e-03%, faltan ~21 días [menos opciones 7.89e-03%, menos opciones + pieza menos restrictiva 4.76e-03%, reinicios, menos opciones 0.112%] (Knuth: ~4 días) | máximo colocado 56 de 64 | hilos 8 de 12
    ... 147.5 s | grupo 1/1 | 153729664 nodos | revisado 8.06e-03%, faltan ~21 días [menos opciones 8.06e-03%, menos opciones + pieza menos restrictiva 4.85e-03%, reinicios, menos opciones 0.113%] (Knuth: ~4 días) | máximo colocado 56 de 64 | hilos 8 de 12
    ... 149.6 s | grupo 1/1 | 155863158 nodos | revisado 8.11e-03%, faltan ~21 días [menos opciones 8.11e-03%, menos opciones + pieza menos restrictiva 4.88e-03%, reinicios, menos opciones 0.115%] (Knuth: ~4 días) | máximo colocado 56 de 64 | hilos 8 de 12
    ... 151.6 s | grupo 1/1 | 157997497 nodos | revisado 8.18e-03%, faltan ~21 días [menos opciones 8.18e-03%, menos opciones + pieza menos restrictiva 4.93e-03%, reinicios, menos opciones 0.117%] (Knuth: ~4 días) | máximo colocado 56 de 64 | hilos 8 de 12
    ... 153.6 s | grupo 1/1 | 160132134 nodos | revisado 8.24e-03%, faltan ~21 días [menos opciones 8.24e-03%, menos opciones + pieza menos restrictiva 4.96e-03%, reinicios, menos opciones 0.122%] (Knuth: ~4 días) | máximo colocado 56 de 64 | hilos 8 de 12
    ... 155.6 s | grupo 1/1 | 162233046 nodos | revisado 8.31e-03%, faltan ~21 días [menos opciones 8.31e-03%, menos opciones + pieza menos restrictiva 5.05e-03%, reinicios, menos opciones 0.123%] (Knuth: ~4 días) | máximo colocado 56 de 64 | hilos 8 de 12
    ... 157.6 s | grupo 1/1 | 164384025 nodos | revisado 8.37e-03%, faltan ~21 días [menos opciones 8.37e-03%, menos opciones + pieza menos restrictiva 5.11e-03%, reinicios, menos opciones 0.124%] (Knuth: ~4 días) | máximo colocado 56 de 64 | hilos 8 de 12
    ... 159.6 s | grupo 1/1 | 166547932 nodos | revisado 8.44e-03%, faltan ~21 días [menos opciones 8.44e-03%, menos opciones + pieza menos restrictiva 5.16e-03%, reinicios, menos opciones 0.125%] (Knuth: ~4 días) | máximo colocado 56 de 64 | hilos 8 de 12
    ... 161.6 s | grupo 1/1 | 168673452 nodos | revisado 8.53e-03%, faltan ~22 días [menos opciones 8.53e-03%, menos opciones + pieza menos restrictiva 5.19e-03%, reinicios, menos opciones 0.126%] (Knuth: ~4 días) | máximo colocado 56 de 64 | hilos 8 de 12
    ... 163.6 s | grupo 1/1 | 170739806 nodos | revisado 8.60e-03%, faltan ~22 días [menos opciones 8.60e-03%, menos opciones + pieza menos restrictiva 5.24e-03%, reinicios, menos opciones 0.127%] (Knuth: ~4 días) | máximo colocado 56 de 64 | hilos 8 de 12
    ... 165.6 s | grupo 1/1 | 172846920 nodos | revisado 8.63e-03%, faltan ~22 días [menos opciones 8.63e-03%, menos opciones + pieza menos restrictiva 5.28e-03%, reinicios, menos opciones 0.129%] (Knuth: ~4 días) | máximo colocado 56 de 64 | hilos 8 de 12
    ... 167.6 s | grupo 1/1 | 174975035 nodos | revisado 8.78e-03%, faltan ~22 días [menos opciones 8.78e-03%, menos opciones + pieza menos restrictiva 5.32e-03%, reinicios, menos opciones 0.130%] (Knuth: ~4 días) | máximo colocado 56 de 64 | hilos 8 de 12
    ... 169.7 s | grupo 1/1 | 177118583 nodos | revisado 8.88e-03%, faltan ~22 días [menos opciones 8.88e-03%, menos opciones + pieza menos restrictiva 5.40e-03%, reinicios, menos opciones 0.130%] (Knuth: ~4 días) | máximo colocado 56 de 64 | hilos 8 de 12
    ... 171.7 s | grupo 1/1 | 179273186 nodos | revisado 9.04e-03%, faltan ~22 días [menos opciones 9.04e-03%, menos opciones + pieza menos restrictiva 5.45e-03%, reinicios, menos opciones 0.131%] (Knuth: ~4 días) | máximo colocado 56 de 64 | hilos 8 de 12
    ... 173.7 s | grupo 1/1 | 181399999 nodos | revisado 9.13e-03%, faltan ~22 días [menos opciones 9.13e-03%, menos opciones + pieza menos restrictiva 5.50e-03%, reinicios, menos opciones 0.133%] (Knuth: ~4 días) | máximo colocado 56 de 64 | hilos 8 de 12
    ... 175.7 s | grupo 1/1 | 183519267 nodos | revisado 9.32e-03%, faltan ~21 días [menos opciones 9.32e-03%, menos opciones + pieza menos restrictiva 5.54e-03%, reinicios, menos opciones 0.134%] (Knuth: ~4 días) | máximo colocado 56 de 64 | hilos 8 de 12
    ... 177.7 s | grupo 1/1 | 185635752 nodos | revisado 9.60e-03%, faltan ~21 días [menos opciones 9.60e-03%, menos opciones + pieza menos restrictiva 5.60e-03%, reinicios, menos opciones 0.135%] (Knuth: ~4 días) | máximo colocado 56 de 64 | hilos 8 de 12
    ... 179.7 s | grupo 1/1 | 187750306 nodos | revisado 9.66e-03%, faltan ~21 días [menos opciones 9.66e-03%, menos opciones + pieza menos restrictiva 5.64e-03%, reinicios, menos opciones 0.136%] (Knuth: ~4 días) | máximo colocado 56 de 64 | hilos 8 de 12
    ... 181.7 s | grupo 1/1 | 189860487 nodos | revisado 9.67e-03%, faltan ~21 días [menos opciones 9.67e-03%, menos opciones + pieza menos restrictiva 5.77e-03%, reinicios, menos opciones 0.137%] (Knuth: ~4 días) | máximo colocado 56 de 64 | hilos 8 de 12
    ... 183.7 s | grupo 1/1 | 191951467 nodos | revisado 9.69e-03%, faltan ~22 días [menos opciones 9.69e-03%, menos opciones + pieza menos restrictiva 5.92e-03%, reinicios, menos opciones 0.138%] (Knuth: ~4 días) | máximo colocado 56 de 64 | hilos 8 de 12
    ... 185.7 s | grupo 1/1 | 194028912 nodos | revisado 9.72e-03%, faltan ~22 días [menos opciones 9.72e-03%, menos opciones + pieza menos restrictiva 5.95e-03%, reinicios, menos opciones 0.144%] (Knuth: ~4 días) | máximo colocado 56 de 64 | hilos 8 de 12
    ... 187.7 s | grupo 1/1 | 196113479 nodos | revisado 9.75e-03%, faltan ~22 días [menos opciones 9.75e-03%, menos opciones + pieza menos restrictiva 6.00e-03%, reinicios, menos opciones 0.145%] (Knuth: ~4 días) | máximo colocado 56 de 64 | hilos 8 de 12
    ... 189.7 s | grupo 1/1 | 198237332 nodos | revisado 9.80e-03%, faltan ~22 días [menos opciones 9.80e-03%, menos opciones + pieza menos restrictiva 6.06e-03%, reinicios, menos opciones 0.146%] (Knuth: ~4 días) | máximo colocado 56 de 64 | hilos 8 de 12
    ... 191.7 s | grupo 1/1 | 200376607 nodos | revisado 9.83e-03%, faltan ~22 días [menos opciones 9.83e-03%, menos opciones + pieza menos restrictiva 6.12e-03%, reinicios, menos opciones 0.147%] (Knuth: ~4 días) | máximo colocado 56 de 64 | hilos 8 de 12
    ... 193.7 s | grupo 1/1 | 202493930 nodos | revisado 9.85e-03%, faltan ~22 días [menos opciones 9.85e-03%, menos opciones + pieza menos restrictiva 6.20e-03%, reinicios, menos opciones 0.148%] (Knuth: ~4 días) | máximo colocado 56 de 64 | hilos 8 de 12
    ... 195.8 s | grupo 1/1 | 204635158 nodos | revisado 9.89e-03%, faltan ~23 días [menos opciones 9.89e-03%, menos opciones + pieza menos restrictiva 6.26e-03%, reinicios, menos opciones 0.149%] (Knuth: ~4 días) | máximo colocado 56 de 64 | hilos 8 de 12
    ... 197.8 s | grupo 1/1 | 206744435 nodos | revisado 9.93e-03%, faltan ~23 días [menos opciones 9.93e-03%, menos opciones + pieza menos restrictiva 6.30e-03%, reinicios, menos opciones 0.150%] (Knuth: ~4 días) | máximo colocado 56 de 64 | hilos 8 de 12
    ... 199.8 s | grupo 1/1 | 208860888 nodos | revisado 9.99e-03%, faltan ~23 días [menos opciones 9.99e-03%, menos opciones + pieza menos restrictiva 6.33e-03%, reinicios, menos opciones 0.152%] (Knuth: ~4 días) | máximo colocado 56 de 64 | hilos 8 de 12
    ... 201.8 s | grupo 1/1 | 210997684 nodos | revisado 0.010%, faltan ~23 días [menos opciones 0.010%, menos opciones + pieza menos restrictiva 6.37e-03%, reinicios, menos opciones 0.153%] (Knuth: ~4 días) | máximo colocado 56 de 64 | hilos 8 de 12
    ... 203.8 s | grupo 1/1 | 213104665 nodos | revisado 0.010%, faltan ~23 días [menos opciones 0.010%, menos opciones + pieza menos restrictiva 6.42e-03%, reinicios, menos opciones 0.154%] (Knuth: ~4 días) | máximo colocado 56 de 64 | hilos 8 de 12
    ... 205.8 s | grupo 1/1 | 215220758 nodos | revisado 0.010%, faltan ~23 días [menos opciones 0.010%, menos opciones + pieza menos restrictiva 6.46e-03%, reinicios, menos opciones 0.154%] (Knuth: ~4 días) | máximo colocado 56 de 64 | hilos 8 de 12
    ... 207.8 s | grupo 1/1 | 217358898 nodos | revisado 0.010%, faltan ~23 días [menos opciones 0.010%, menos opciones + pieza menos restrictiva 6.49e-03%, reinicios, menos opciones 0.157%] (Knuth: ~4 días) | máximo colocado 56 de 64 | hilos 8 de 12
    ... 209.8 s | grupo 1/1 | 219493589 nodos | revisado 0.010%, faltan ~23 días [menos opciones 0.010%, menos opciones + pieza menos restrictiva 6.55e-03%, reinicios, menos opciones 0.158%] (Knuth: ~4 días) | máximo colocado 56 de 64 | hilos 8 de 12
    ... 211.8 s | grupo 1/1 | 221661029 nodos | revisado 0.010%, faltan ~23 días [menos opciones 0.010%, menos opciones + pieza menos restrictiva 6.60e-03%, reinicios, menos opciones 0.160%] (Knuth: ~4 días) | máximo colocado 56 de 64 | hilos 8 de 12
    ... 213.8 s | grupo 1/1 | 223818696 nodos | revisado 0.010%, faltan ~23 días [menos opciones 0.010%, menos opciones + pieza menos restrictiva 6.64e-03%, reinicios, menos opciones 0.161%] (Knuth: ~4 días) | máximo colocado 56 de 64 | hilos 8 de 12
    ... 215.8 s | grupo 1/1 | 225941217 nodos | revisado 0.010%, faltan ~23 días [menos opciones 0.010%, menos opciones + pieza menos restrictiva 6.73e-03%, reinicios, menos opciones 0.163%] (Knuth: ~4 días) | máximo colocado 56 de 64 | hilos 8 de 12
    ... 217.8 s | grupo 1/1 | 228028767 nodos | revisado 0.011%, faltan ~24 días [menos opciones 0.011%, menos opciones + pieza menos restrictiva 6.77e-03%, reinicios, menos opciones 0.165%] (Knuth: ~4 días) | máximo colocado 56 de 64 | hilos 8 de 12
    ... 219.8 s | grupo 1/1 | 230132679 nodos | revisado 0.011%, faltan ~24 días [menos opciones 0.011%, menos opciones + pieza menos restrictiva 6.82e-03%, reinicios, menos opciones 0.167%] (Knuth: ~4 días) | máximo colocado 56 de 64 | hilos 8 de 12
    ... 221.8 s | grupo 1/1 | 232265891 nodos | revisado 0.011%, faltan ~24 días [menos opciones 0.011%, menos opciones + pieza menos restrictiva 6.87e-03%, reinicios, menos opciones 0.168%] (Knuth: ~4 días) | máximo colocado 56 de 64 | hilos 8 de 12
    ... 223.8 s | grupo 1/1 | 234401753 nodos | revisado 0.011%, faltan ~24 días [menos opciones 0.011%, menos opciones + pieza menos restrictiva 6.92e-03%, reinicios, menos opciones 0.171%] (Knuth: ~4 días) | máximo colocado 56 de 64 | hilos 8 de 12
    portafolio: encontró la solución el equipo "menos opciones" (nodos: menos opciones 86470216, menos opciones + pieza menos restrictiva 61787136, reinicios, menos opciones 87428096)
[4] Grupo 1: SOLUCIÓN. Verificación: OK
[5] Tiempo total: 4 min
RESULTADO resuelto=1 ms=225065.4 marcos=0 nodos=235685448 grupos=1/1 hilos=12 t_marcos=0.000 t_interior=222.055 lados=0 unificado=1 max_colocadas=64
