[0] Tablero 8x8, 11 colores, 12 hilos
[1] Esquinas juntas: las esquinas son parte de la búsqueda; un solo recorrido para todos los grupos
    grupo 1, orden menos opciones: estimado 1.66e+12 nodos
    grupo 1, orden interior primero: estimado 2.48e+11 nodos
[1] Estimado de Knuth por grupo (nodos): 2.48e+11(i)   (i) = interior primero
[2] Grupo 1/1: ruta unificada (mapas por lado), orden: interior primero; grupo grande: 3 estrategias a la vez (normal, pieza menos restrictiva, reinicios)
    ... 5.0 s | grupo 1/1 | 2007222 nodos | revisado 1.00e-04%, faltan ~23 días [interior primero 1.00e-04%, interior primero + pieza menos restrictiva 6.84e-06%, reinicios, interior primero 3.29e-03%] (Knuth: ~3 días) | máximo colocado 47 de 64 | hilos 8 de 12
    ... 7.0 s | grupo 1/1 | 4012001 nodos | revisado 2.12e-04%, faltan ~22 días [interior primero 2.12e-04%, interior primero + pieza menos restrictiva 1.37e-05%, reinicios, interior primero 4.36e-03%] (Knuth: ~3 días) | máximo colocado 47 de 64 | hilos 8 de 12
    ... 9.0 s | grupo 1/1 | 6013839 nodos | revisado 5.37e-04%, faltan ~13 días [interior primero 5.37e-04%, interior primero + pieza menos restrictiva 2.23e-05%, reinicios, interior primero 4.78e-03%] (Knuth: ~3 días) | máximo colocado 47 de 64 | hilos 8 de 12
    ... 11.1 s | grupo 1/1 | 8047841 nodos | revisado 7.39e-04%, faltan ~13 días [interior primero 7.39e-04%, interior primero + pieza menos restrictiva 2.98e-05%, reinicios, interior primero 6.57e-03%] (Knuth: ~3 días) | máximo colocado 47 de 64 | hilos 8 de 12
    ... 13.1 s | grupo 1/1 | 10046639 nodos | revisado 9.09e-04%, faltan ~13 días [interior primero 9.09e-04%, interior primero + pieza menos restrictiva 3.57e-05%, reinicios, interior primero 8.86e-03%] (Knuth: ~3 días) | máximo colocado 50 de 64 | hilos 8 de 12
    ... 15.1 s | grupo 1/1 | 12065988 nodos | revisado 1.19e-03%, faltan ~12 días [interior primero 1.19e-03%, interior primero + pieza menos restrictiva 4.15e-05%, reinicios, interior primero 9.77e-03%] (Knuth: ~3 días) | máximo colocado 50 de 64 | hilos 8 de 12
    ... 17.1 s | grupo 1/1 | 14059952 nodos | revisado 1.57e-03%, faltan ~10 días [interior primero 1.57e-03%, interior primero + pieza menos restrictiva 5.03e-05%, reinicios, interior primero 0.011%] (Knuth: ~3 días) | máximo colocado 50 de 64 | hilos 8 de 12
    ... 19.1 s | grupo 1/1 | 16045430 nodos | revisado 1.76e-03%, faltan ~11 días [interior primero 1.76e-03%, interior primero + pieza menos restrictiva 5.74e-05%, reinicios, interior primero 0.012%] (Knuth: ~3 días) | máximo colocado 50 de 64 | hilos 8 de 12
    ... 21.1 s | grupo 1/1 | 18040844 nodos | revisado 2.02e-03%, faltan ~10 días [interior primero 2.02e-03%, interior primero + pieza menos restrictiva 6.17e-05%, reinicios, interior primero 0.013%] (Knuth: ~3 días) | máximo colocado 50 de 64 | hilos 8 de 12
    ... 23.1 s | grupo 1/1 | 20013257 nodos | revisado 2.37e-03%, faltan ~10 días [interior primero 2.37e-03%, interior primero + pieza menos restrictiva 6.61e-05%, reinicios, interior primero 0.015%] (Knuth: ~3 días) | máximo colocado 50 de 64 | hilos 8 de 12
    ... 25.1 s | grupo 1/1 | 22000456 nodos | revisado 2.64e-03%, faltan ~10 días [interior primero 2.64e-03%, interior primero + pieza menos restrictiva 7.12e-05%, reinicios, interior primero 0.017%] (Knuth: ~3 días) | máximo colocado 50 de 64 | hilos 8 de 12
    ... 27.1 s | grupo 1/1 | 24022308 nodos | revisado 2.76e-03%, faltan ~10 días [interior primero 2.76e-03%, interior primero + pieza menos restrictiva 7.74e-05%, reinicios, interior primero 0.018%] (Knuth: ~3 días) | máximo colocado 50 de 64 | hilos 8 de 12
    ... 29.1 s | grupo 1/1 | 26030023 nodos | revisado 2.83e-03%, faltan ~11 días [interior primero 2.83e-03%, interior primero + pieza menos restrictiva 8.20e-05%, reinicios, interior primero 0.020%] (Knuth: ~3 días) | máximo colocado 50 de 64 | hilos 8 de 12
    ... 31.1 s | grupo 1/1 | 28053735 nodos | revisado 3.05e-03%, faltan ~11 días [interior primero 3.05e-03%, interior primero + pieza menos restrictiva 8.81e-05%, reinicios, interior primero 0.023%] (Knuth: ~3 días) | máximo colocado 50 de 64 | hilos 8 de 12
    ... 33.1 s | grupo 1/1 | 30051819 nodos | revisado 3.54e-03%, faltan ~10 días [interior primero 3.54e-03%, interior primero + pieza menos restrictiva 9.64e-05%, reinicios, interior primero 0.024%] (Knuth: ~3 días) | máximo colocado 50 de 64 | hilos 8 de 12
    ... 35.1 s | grupo 1/1 | 32023918 nodos | revisado 3.70e-03%, faltan ~10 días [interior primero 3.70e-03%, interior primero + pieza menos restrictiva 1.08e-04%, reinicios, interior primero 0.024%] (Knuth: ~3 días) | máximo colocado 50 de 64 | hilos 8 de 12
    ... 37.1 s | grupo 1/1 | 33993199 nodos | revisado 3.80e-03%, faltan ~10 días [interior primero 3.80e-03%, interior primero + pieza menos restrictiva 1.30e-04%, reinicios, interior primero 0.025%] (Knuth: ~3 días) | máximo colocado 50 de 64 | hilos 8 de 12
    ... 39.1 s | grupo 1/1 | 35977397 nodos | revisado 3.92e-03%, faltan ~11 días [interior primero 3.92e-03%, interior primero + pieza menos restrictiva 1.37e-04%, reinicios, interior primero 0.025%] (Knuth: ~3 días) | máximo colocado 50 de 64 | hilos 8 de 12
    ... 41.2 s | grupo 1/1 | 37959647 nodos | revisado 4.04e-03%, faltan ~11 días [interior primero 4.04e-03%, interior primero + pieza menos restrictiva 1.50e-04%, reinicios, interior primero 0.026%] (Knuth: ~3 días) | máximo colocado 50 de 64 | hilos 8 de 12
    ... 43.2 s | grupo 1/1 | 39950185 nodos | revisado 4.18e-03%, faltan ~11 días [interior primero 4.18e-03%, interior primero + pieza menos restrictiva 1.66e-04%, reinicios, interior primero 0.026%] (Knuth: ~3 días) | máximo colocado 50 de 64 | hilos 8 de 12
    ... 45.2 s | grupo 1/1 | 41958046 nodos | revisado 4.32e-03%, faltan ~11 días [interior primero 4.32e-03%, interior primero + pieza menos restrictiva 1.86e-04%, reinicios, interior primero 0.029%] (Knuth: ~3 días) | máximo colocado 50 de 64 | hilos 8 de 12
    ... 47.2 s | grupo 1/1 | 43927591 nodos | revisado 4.41e-03%, faltan ~12 días [interior primero 4.41e-03%, interior primero + pieza menos restrictiva 1.95e-04%, reinicios, interior primero 0.030%] (Knuth: ~3 días) | máximo colocado 50 de 64 | hilos 8 de 12
    ... 49.2 s | grupo 1/1 | 45930142 nodos | revisado 4.48e-03%, faltan ~12 días [interior primero 4.48e-03%, interior primero + pieza menos restrictiva 2.04e-04%, reinicios, interior primero 0.032%] (Knuth: ~3 días) | máximo colocado 50 de 64 | hilos 8 de 12
    ... 51.2 s | grupo 1/1 | 47930500 nodos | revisado 4.62e-03%, faltan ~12 días [interior primero 4.62e-03%, interior primero + pieza menos restrictiva 2.12e-04%, reinicios, interior primero 0.033%] (Knuth: ~3 días) | máximo colocado 50 de 64 | hilos 8 de 12
    ... 53.2 s | grupo 1/1 | 49917928 nodos | revisado 4.76e-03%, faltan ~12 días [interior primero 4.76e-03%, interior primero + pieza menos restrictiva 2.24e-04%, reinicios, interior primero 0.035%] (Knuth: ~3 días) | máximo colocado 50 de 64 | hilos 8 de 12
    ... 55.2 s | grupo 1/1 | 51918638 nodos | revisado 4.84e-03%, faltan ~12 días [interior primero 4.84e-03%, interior primero + pieza menos restrictiva 2.35e-04%, reinicios, interior primero 0.037%] (Knuth: ~3 días) | máximo colocado 50 de 64 | hilos 8 de 12
    ... 57.2 s | grupo 1/1 | 53916998 nodos | revisado 4.97e-03%, faltan ~13 días [interior primero 4.97e-03%, interior primero + pieza menos restrictiva 2.61e-04%, reinicios, interior primero 0.038%] (Knuth: ~3 días) | máximo colocado 50 de 64 | hilos 8 de 12
    ... 59.2 s | grupo 1/1 | 55935316 nodos | revisado 5.10e-03%, faltan ~13 días [interior primero 5.10e-03%, interior primero + pieza menos restrictiva 3.00e-04%, reinicios, interior primero 0.038%] (Knuth: ~3 días) | máximo colocado 50 de 64 | hilos 8 de 12
    ... 61.2 s | grupo 1/1 | 57908326 nodos | revisado 5.17e-03%, faltan ~13 días [interior primero 5.17e-03%, interior primero + pieza menos restrictiva 3.31e-04%, reinicios, interior primero 0.038%] (Knuth: ~3 días) | máximo colocado 50 de 64 | hilos 8 de 12
    ... 63.2 s | grupo 1/1 | 59913899 nodos | revisado 5.28e-03%, faltan ~13 días [interior primero 5.28e-03%, interior primero + pieza menos restrictiva 3.57e-04%, reinicios, interior primero 0.039%] (Knuth: ~3 días) | máximo colocado 50 de 64 | hilos 8 de 12
    ... 65.2 s | grupo 1/1 | 61898626 nodos | revisado 5.36e-03%, faltan ~13 días [interior primero 5.36e-03%, interior primero + pieza menos restrictiva 3.80e-04%, reinicios, interior primero 0.045%] (Knuth: ~3 días) | máximo colocado 50 de 64 | hilos 8 de 12
    ... 67.2 s | grupo 1/1 | 63889784 nodos | revisado 5.46e-03%, faltan ~14 días [interior primero 5.46e-03%, interior primero + pieza menos restrictiva 3.94e-04%, reinicios, interior primero 0.048%] (Knuth: ~3 días) | máximo colocado 50 de 64 | hilos 8 de 12
    ... 69.3 s | grupo 1/1 | 65869259 nodos | revisado 6.18e-03%, faltan ~12 días [interior primero 6.18e-03%, interior primero + pieza menos restrictiva 4.09e-04%, reinicios, interior primero 0.051%] (Knuth: ~3 días) | máximo colocado 50 de 64 | hilos 8 de 12
    ... 71.3 s | grupo 1/1 | 67873893 nodos | revisado 6.44e-03%, faltan ~12 días [interior primero 6.44e-03%, interior primero + pieza menos restrictiva 4.19e-04%, reinicios, interior primero 0.054%] (Knuth: ~3 días) | máximo colocado 50 de 64 | hilos 8 de 12
    ... 73.3 s | grupo 1/1 | 69858061 nodos | revisado 6.81e-03%, faltan ~12 días [interior primero 6.81e-03%, interior primero + pieza menos restrictiva 4.27e-04%, reinicios, interior primero 0.055%] (Knuth: ~3 días) | máximo colocado 50 de 64 | hilos 8 de 12
    ... 75.3 s | grupo 1/1 | 71878183 nodos | revisado 6.90e-03%, faltan ~12 días [interior primero 6.90e-03%, interior primero + pieza menos restrictiva 4.45e-04%, reinicios, interior primero 0.055%] (Knuth: ~3 días) | máximo colocado 50 de 64 | hilos 8 de 12
    ... 77.3 s | grupo 1/1 | 73848191 nodos | revisado 6.95e-03%, faltan ~12 días [interior primero 6.95e-03%, interior primero + pieza menos restrictiva 4.59e-04%, reinicios, interior primero 0.056%] (Knuth: ~3 días) | máximo colocado 50 de 64 | hilos 8 de 12
    ... 79.3 s | grupo 1/1 | 75852197 nodos | revisado 7.00e-03%, faltan ~13 días [interior primero 7.00e-03%, interior primero + pieza menos restrictiva 4.67e-04%, reinicios, interior primero 0.056%] (Knuth: ~3 días) | máximo colocado 50 de 64 | hilos 8 de 12
    ... 81.3 s | grupo 1/1 | 77858607 nodos | revisado 7.13e-03%, faltan ~13 días [interior primero 7.13e-03%, interior primero + pieza menos restrictiva 4.78e-04%, reinicios, interior primero 0.057%] (Knuth: ~3 días) | máximo colocado 50 de 64 | hilos 8 de 12
    ... 83.3 s | grupo 1/1 | 79864440 nodos | revisado 7.22e-03%, faltan ~13 días [interior primero 7.22e-03%, interior primero + pieza menos restrictiva 4.95e-04%, reinicios, interior primero 0.058%] (Knuth: ~3 días) | máximo colocado 50 de 64 | hilos 8 de 12
    ... 85.3 s | grupo 1/1 | 81869564 nodos | revisado 7.33e-03%, faltan ~13 días [interior primero 7.33e-03%, interior primero + pieza menos restrictiva 5.11e-04%, reinicios, interior primero 0.062%] (Knuth: ~3 días) | máximo colocado 50 de 64 | hilos 8 de 12
    ... 87.3 s | grupo 1/1 | 83905498 nodos | revisado 7.46e-03%, faltan ~13 días [interior primero 7.46e-03%, interior primero + pieza menos restrictiva 5.34e-04%, reinicios, interior primero 0.063%] (Knuth: ~3 días) | máximo colocado 50 de 64 | hilos 8 de 12
    ... 89.3 s | grupo 1/1 | 85948346 nodos | revisado 7.58e-03%, faltan ~13 días [interior primero 7.58e-03%, interior primero + pieza menos restrictiva 5.47e-04%, reinicios, interior primero 0.065%] (Knuth: ~3 días) | máximo colocado 50 de 64 | hilos 8 de 12
    ... 91.4 s | grupo 1/1 | 88007518 nodos | revisado 7.69e-03%, faltan ~13 días [interior primero 7.69e-03%, interior primero + pieza menos restrictiva 5.59e-04%, reinicios, interior primero 0.066%] (Knuth: ~3 días) | máximo colocado 50 de 64 | hilos 8 de 12
    portafolio: encontró la solución el equipo "interior primero" (nodos: interior primero 31722244, interior primero + pieza menos restrictiva 23062528, reinicios, interior primero 33730560)
[4] Grupo 1: SOLUCIÓN. Verificación: OK
[5] Tiempo total: 92 s
RESULTADO resuelto=1 ms=91852.8 marcos=0 nodos=88515332 grupos=1/1 hilos=12 t_marcos=0.000 t_interior=88.842 lados=0 unificado=1 max_colocadas=64
