[0] Tablero 8x8, 11 colores, 12 hilos
[1] Esquinas juntas: las esquinas son parte de la búsqueda; un solo recorrido para todos los grupos
    grupo 1, orden menos opciones: estimado 3.5e+12 nodos
    grupo 1, orden interior primero: estimado 1.11e+12 nodos
[1] Estimado de Knuth por grupo (nodos): 1.11e+12(i)   (i) = interior primero
[2] Grupo 1/1: ruta unificada (mapas por lado), orden: interior primero; grupo grande: 3 estrategias a la vez (normal, pieza menos restrictiva, reinicios)
    ... 5.0 s | grupo 1/1 | 2299807 nodos | revisado 2.17e-04%, faltan ~11 días [interior primero 2.17e-04%, interior primero + pieza menos restrictiva 2.20e-06%, reinicios, interior primero 1.15e-03%] (Knuth: ~11 días) | máximo colocado 49 de 64 | hilos 8 de 12
    ... 7.0 s | grupo 1/1 | 4615307 nodos | revisado 3.57e-04%, faltan ~13 días [interior primero 3.57e-04%, interior primero + pieza menos restrictiva 5.06e-06%, reinicios, interior primero 2.26e-03%] (Knuth: ~11 días) | máximo colocado 49 de 64 | hilos 8 de 12
    ... 9.0 s | grupo 1/1 | 6955627 nodos | revisado 4.98e-04%, faltan ~14 días [interior primero 4.98e-04%, interior primero + pieza menos restrictiva 9.75e-06%, reinicios, interior primero 3.52e-03%] (Knuth: ~11 días) | máximo colocado 49 de 64 | hilos 8 de 12
    ... 11.1 s | grupo 1/1 | 9269043 nodos | revisado 5.63e-04%, faltan ~17 días [interior primero 5.63e-04%, interior primero + pieza menos restrictiva 2.52e-05%, reinicios, interior primero 4.73e-03%] (Knuth: ~11 días) | máximo colocado 50 de 64 | hilos 8 de 12
    ... 13.1 s | grupo 1/1 | 11566903 nodos | revisado 6.18e-04%, faltan ~19 días [interior primero 6.18e-04%, interior primero + pieza menos restrictiva 4.32e-05%, reinicios, interior primero 7.20e-03%] (Knuth: ~11 días) | máximo colocado 50 de 64 | hilos 8 de 12
    ... 15.1 s | grupo 1/1 | 13837502 nodos | revisado 7.62e-04%, faltan ~18 días [interior primero 7.62e-04%, interior primero + pieza menos restrictiva 4.50e-05%, reinicios, interior primero 9.17e-03%] (Knuth: ~11 días) | máximo colocado 50 de 64 | hilos 8 de 12
    ... 17.1 s | grupo 1/1 | 16117055 nodos | revisado 8.42e-04%, faltan ~19 días [interior primero 8.42e-04%, interior primero + pieza menos restrictiva 4.67e-05%, reinicios, interior primero 0.010%] (Knuth: ~11 días) | máximo colocado 50 de 64 | hilos 8 de 12
    ... 19.1 s | grupo 1/1 | 18443354 nodos | revisado 9.53e-04%, faltan ~20 días [interior primero 9.53e-04%, interior primero + pieza menos restrictiva 4.92e-05%, reinicios, interior primero 0.011%] (Knuth: ~11 días) | máximo colocado 50 de 64 | hilos 8 de 12
    ... 21.1 s | grupo 1/1 | 20742921 nodos | revisado 1.08e-03%, faltan ~19 días [interior primero 1.08e-03%, interior primero + pieza menos restrictiva 5.22e-05%, reinicios, interior primero 0.013%] (Knuth: ~11 días) | máximo colocado 50 de 64 | hilos 8 de 12
    ... 23.1 s | grupo 1/1 | 23046631 nodos | revisado 1.20e-03%, faltan ~19 días [interior primero 1.20e-03%, interior primero + pieza menos restrictiva 5.51e-05%, reinicios, interior primero 0.015%] (Knuth: ~11 días) | máximo colocado 50 de 64 | hilos 8 de 12
    ... 25.1 s | grupo 1/1 | 25336051 nodos | revisado 1.25e-03%, faltan ~20 días [interior primero 1.25e-03%, interior primero + pieza menos restrictiva 5.65e-05%, reinicios, interior primero 0.016%] (Knuth: ~11 días) | máximo colocado 50 de 64 | hilos 8 de 12
    ... 27.1 s | grupo 1/1 | 27609042 nodos | revisado 1.34e-03%, faltan ~21 días [interior primero 1.34e-03%, interior primero + pieza menos restrictiva 5.87e-05%, reinicios, interior primero 0.016%] (Knuth: ~11 días) | máximo colocado 50 de 64 | hilos 8 de 12
    ... 29.1 s | grupo 1/1 | 29876771 nodos | revisado 1.43e-03%, faltan ~21 días [interior primero 1.43e-03%, interior primero + pieza menos restrictiva 6.07e-05%, reinicios, interior primero 0.017%] (Knuth: ~11 días) | máximo colocado 50 de 64 | hilos 8 de 12
    ... 31.1 s | grupo 1/1 | 32149863 nodos | revisado 1.49e-03%, faltan ~22 días [interior primero 1.49e-03%, interior primero + pieza menos restrictiva 6.43e-05%, reinicios, interior primero 0.018%] (Knuth: ~11 días) | máximo colocado 50 de 64 | hilos 8 de 12
    ... 33.1 s | grupo 1/1 | 34450067 nodos | revisado 1.56e-03%, faltan ~22 días [interior primero 1.56e-03%, interior primero + pieza menos restrictiva 6.90e-05%, reinicios, interior primero 0.018%] (Knuth: ~11 días) | máximo colocado 50 de 64 | hilos 8 de 12
    ... 35.1 s | grupo 1/1 | 36756572 nodos | revisado 1.63e-03%, faltan ~23 días [interior primero 1.63e-03%, interior primero + pieza menos restrictiva 7.39e-05%, reinicios, interior primero 0.018%] (Knuth: ~11 días) | máximo colocado 51 de 64 | hilos 8 de 12
    ... 37.1 s | grupo 1/1 | 39056682 nodos | revisado 1.70e-03%, faltan ~23 días [interior primero 1.70e-03%, interior primero + pieza menos restrictiva 7.90e-05%, reinicios, interior primero 0.018%] (Knuth: ~11 días) | máximo colocado 51 de 64 | hilos 8 de 12
    ... 39.1 s | grupo 1/1 | 41337874 nodos | revisado 1.84e-03%, faltan ~23 días [interior primero 1.84e-03%, interior primero + pieza menos restrictiva 8.43e-05%, reinicios, interior primero 0.021%] (Knuth: ~11 días) | máximo colocado 51 de 64 | hilos 8 de 12
    ... 41.1 s | grupo 1/1 | 43624931 nodos | revisado 1.96e-03%, faltan ~22 días [interior primero 1.96e-03%, interior primero + pieza menos restrictiva 9.20e-05%, reinicios, interior primero 0.022%] (Knuth: ~11 días) | máximo colocado 51 de 64 | hilos 8 de 12
    ... 43.2 s | grupo 1/1 | 45909656 nodos | revisado 2.03e-03%, faltan ~23 días [interior primero 2.03e-03%, interior primero + pieza menos restrictiva 9.48e-05%, reinicios, interior primero 0.022%] (Knuth: ~11 días) | máximo colocado 52 de 64 | hilos 8 de 12
    ... 45.2 s | grupo 1/1 | 48179081 nodos | revisado 2.12e-03%, faltan ~23 días [interior primero 2.12e-03%, interior primero + pieza menos restrictiva 9.73e-05%, reinicios, interior primero 0.023%] (Knuth: ~11 días) | máximo colocado 52 de 64 | hilos 8 de 12
    ... 47.2 s | grupo 1/1 | 50421854 nodos | revisado 2.21e-03%, faltan ~23 días [interior primero 2.21e-03%, interior primero + pieza menos restrictiva 9.96e-05%, reinicios, interior primero 0.025%] (Knuth: ~11 días) | máximo colocado 52 de 64 | hilos 8 de 12
    ... 49.2 s | grupo 1/1 | 52751377 nodos | revisado 2.28e-03%, faltan ~23 días [interior primero 2.28e-03%, interior primero + pieza menos restrictiva 1.04e-04%, reinicios, interior primero 0.025%] (Knuth: ~11 días) | máximo colocado 52 de 64 | hilos 8 de 12
    ... 51.2 s | grupo 1/1 | 55075889 nodos | revisado 2.34e-03%, faltan ~24 días [interior primero 2.34e-03%, interior primero + pieza menos restrictiva 1.09e-04%, reinicios, interior primero 0.027%] (Knuth: ~11 días) | máximo colocado 52 de 64 | hilos 8 de 12
    ... 53.2 s | grupo 1/1 | 57387154 nodos | revisado 2.43e-03%, faltan ~24 días [interior primero 2.43e-03%, interior primero + pieza menos restrictiva 1.12e-04%, reinicios, interior primero 0.027%] (Knuth: ~11 días) | máximo colocado 52 de 64 | hilos 8 de 12
    ... 55.2 s | grupo 1/1 | 59697870 nodos | revisado 2.52e-03%, faltan ~24 días [interior primero 2.52e-03%, interior primero + pieza menos restrictiva 1.14e-04%, reinicios, interior primero 0.029%] (Knuth: ~11 días) | máximo colocado 52 de 64 | hilos 8 de 12
    ... 57.2 s | grupo 1/1 | 61963971 nodos | revisado 2.56e-03%, faltan ~24 días [interior primero 2.56e-03%, interior primero + pieza menos restrictiva 1.17e-04%, reinicios, interior primero 0.030%] (Knuth: ~11 días) | máximo colocado 52 de 64 | hilos 8 de 12
    ... 59.2 s | grupo 1/1 | 64253413 nodos | revisado 2.58e-03%, faltan ~25 días [interior primero 2.58e-03%, interior primero + pieza menos restrictiva 1.21e-04%, reinicios, interior primero 0.035%] (Knuth: ~11 días) | máximo colocado 52 de 64 | hilos 8 de 12
    ... 61.2 s | grupo 1/1 | 66542441 nodos | revisado 2.60e-03%, faltan ~26 días [interior primero 2.60e-03%, interior primero + pieza menos restrictiva 1.26e-04%, reinicios, interior primero 0.036%] (Knuth: ~11 días) | máximo colocado 52 de 64 | hilos 8 de 12
    ... 63.2 s | grupo 1/1 | 68841816 nodos | revisado 2.63e-03%, faltan ~26 días [interior primero 2.63e-03%, interior primero + pieza menos restrictiva 1.30e-04%, reinicios, interior primero 0.037%] (Knuth: ~11 días) | máximo colocado 52 de 64 | hilos 8 de 12
    ... 65.2 s | grupo 1/1 | 71153982 nodos | revisado 2.65e-03%, faltan ~27 días [interior primero 2.65e-03%, interior primero + pieza menos restrictiva 1.34e-04%, reinicios, interior primero 0.039%] (Knuth: ~11 días) | máximo colocado 52 de 64 | hilos 8 de 12
    ... 67.2 s | grupo 1/1 | 73483332 nodos | revisado 2.70e-03%, faltan ~28 días [interior primero 2.70e-03%, interior primero + pieza menos restrictiva 1.39e-04%, reinicios, interior primero 0.041%] (Knuth: ~11 días) | máximo colocado 52 de 64 | hilos 8 de 12
    ... 69.2 s | grupo 1/1 | 75813904 nodos | revisado 2.76e-03%, faltan ~28 días [interior primero 2.76e-03%, interior primero + pieza menos restrictiva 1.46e-04%, reinicios, interior primero 0.043%] (Knuth: ~11 días) | máximo colocado 52 de 64 | hilos 8 de 12
    ... 71.2 s | grupo 1/1 | 78126868 nodos | revisado 2.80e-03%, faltan ~28 días [interior primero 2.80e-03%, interior primero + pieza menos restrictiva 1.47e-04%, reinicios, interior primero 0.043%] (Knuth: ~11 días) | máximo colocado 55 de 64 | hilos 8 de 12
    ... 73.2 s | grupo 1/1 | 80449811 nodos | revisado 2.88e-03%, faltan ~28 días [interior primero 2.88e-03%, interior primero + pieza menos restrictiva 1.49e-04%, reinicios, interior primero 0.044%] (Knuth: ~11 días) | máximo colocado 55 de 64 | hilos 8 de 12
    ... 75.3 s | grupo 1/1 | 82753170 nodos | revisado 2.91e-03%, faltan ~29 días [interior primero 2.91e-03%, interior primero + pieza menos restrictiva 1.50e-04%, reinicios, interior primero 0.044%] (Knuth: ~11 días) | máximo colocado 55 de 64 | hilos 8 de 12
    ... 77.3 s | grupo 1/1 | 85073845 nodos | revisado 2.95e-03%, faltan ~29 días [interior primero 2.95e-03%, interior primero + pieza menos restrictiva 1.52e-04%, reinicios, interior primero 0.045%] (Knuth: ~11 días) | máximo colocado 55 de 64 | hilos 8 de 12
    ... 79.3 s | grupo 1/1 | 87448314 nodos | revisado 2.98e-03%, faltan ~30 días [interior primero 2.98e-03%, interior primero + pieza menos restrictiva 1.55e-04%, reinicios, interior primero 0.048%] (Knuth: ~11 días) | máximo colocado 55 de 64 | hilos 8 de 12
    ... 81.3 s | grupo 1/1 | 89786540 nodos | revisado 3.01e-03%, faltan ~30 días [interior primero 3.01e-03%, interior primero + pieza menos restrictiva 1.57e-04%, reinicios, interior primero 0.049%] (Knuth: ~11 días) | máximo colocado 55 de 64 | hilos 8 de 12
    ... 83.3 s | grupo 1/1 | 92142898 nodos | revisado 3.16e-03%, faltan ~29 días [interior primero 3.16e-03%, interior primero + pieza menos restrictiva 1.58e-04%, reinicios, interior primero 0.049%] (Knuth: ~11 días) | máximo colocado 55 de 64 | hilos 8 de 12
    ... 85.3 s | grupo 1/1 | 94495825 nodos | revisado 3.21e-03%, faltan ~30 días [interior primero 3.21e-03%, interior primero + pieza menos restrictiva 1.63e-04%, reinicios, interior primero 0.051%] (Knuth: ~11 días) | máximo colocado 55 de 64 | hilos 8 de 12
    ... 87.3 s | grupo 1/1 | 96805506 nodos | revisado 3.27e-03%, faltan ~30 días [interior primero 3.27e-03%, interior primero + pieza menos restrictiva 1.65e-04%, reinicios, interior primero 0.052%] (Knuth: ~11 días) | máximo colocado 55 de 64 | hilos 8 de 12
    ... 89.3 s | grupo 1/1 | 99137182 nodos | revisado 3.38e-03%, faltan ~30 días [interior primero 3.38e-03%, interior primero + pieza menos restrictiva 1.67e-04%, reinicios, interior primero 0.055%] (Knuth: ~11 días) | máximo colocado 55 de 64 | hilos 8 de 12
    ... 91.3 s | grupo 1/1 | 101453268 nodos | revisado 3.44e-03%, faltan ~30 días [interior primero 3.44e-03%, interior primero + pieza menos restrictiva 1.69e-04%, reinicios, interior primero 0.056%] (Knuth: ~11 días) | máximo colocado 55 de 64 | hilos 8 de 12
    ... 93.3 s | grupo 1/1 | 103783093 nodos | revisado 3.48e-03%, faltan ~30 días [interior primero 3.48e-03%, interior primero + pieza menos restrictiva 1.72e-04%, reinicios, interior primero 0.059%] (Knuth: ~11 días) | máximo colocado 55 de 64 | hilos 8 de 12
    portafolio: encontró la solución el equipo "interior primero + pieza menos restrictiva" (nodos: interior primero 36913152, interior primero + pieza menos restrictiva 26972504, reinicios, interior primero 40298496)
[4] Grupo 1: SOLUCIÓN. Verificación: OK
[5] Tiempo total: 94 s
RESULTADO resuelto=1 ms=93682.2 marcos=0 nodos=104184152 grupos=1/1 hilos=12 t_marcos=0.000 t_interior=90.670 lados=0 unificado=1 max_colocadas=64
